loaded 1 photon.
loaded 1 scintillator.
please define run loop num
run loop defined 100000
front: 1.12484, 0.507314, 2.5
side: 0.799349, 0, 0
front side
photon_ene: 661.6 photon_theta: 2.68309 photon_phi: 3.56529
traject_len: 2.57164
pe_len: 14.2715 cs_len: 2.63221
---
else
front: 0, 0, 2.5
side: 0, 0, 0
front only
else
else
else
else
else
else
else
else
front: 0.0403138, 0, 2.5
back: 0.120942, 0, 7.5
front back
photon_ene: 661.6 photon_theta: 2.89988 photon_phi: 1.63625
traject_len: 5.00065
pe_len: 19.6259 cs_len: 0.163773
---
else
else
else
else
else
else
front: 0, 1.4796, 2.5
side: 0, 0, 0
front only
else
front: 1.05314, 2.1512, 2.5
side: 0, 0, 0
front only
front: 0.194013, 1.84496, 2.5
side: 0, 0, 0
front only
else
else
else
else
else
front: 0.771213, 0.156964, 2.5
back: 2.31364, 0.470891, 7.5
front back
photon_ene: 661.6 photon_theta: 2.8366 photon_phi: 3.34238
traject_len: 5.24191
pe_len: 3.04896 cs_len: 4.63598
---
front: 0.0369883, 0, 2.5
back: 0.110965, 0, 7.5
front back
photon_ene: 661.6 photon_theta: 2.82456 photon_phi: 1.61591
traject_len: 5.00055
pe_len: 121.476 cs_len: 0.661484
---
front: 1.51481, 0, 2.5
side: 0, 0, 0
front only
else
else
else
else
front: 0.996531, 0, 2.5
side: 0, 0, 0
front only
else
else
else
else
else
front: 1.64601, 1.40618, 2.5
side: 0, 0, 0
front only
else
else
else
else
else
else
front: 0, 0, 2.5
side: 0, 0, 0
front only
else
else
else
front: 0, 1.80262, 2.5
side: 0, 0, 0
front only
else
else
front: 1.14674, 0, 2.5
side: 0, 0, 0
front only
else
else
else
else
else
front: 0.492949, 0, 2.5
back: 1.47885, 0, 7.5
front back
photon_ene: 661.6 photon_theta: 2.92364 photon_phi: 2.66883
traject_len: 5.09627
pe_len: 93.0477 cs_len: 3.75826
---
else
else
else
front: 0, 0.574667, 2.5
back: 0, 1.724, 7.5
front back
photon_ene: 661.6 photon_theta: 0.259999 photon_phi: 2.09825
traject_len: 5.1304
pe_len: 22.056 cs_len: 4.15642
---
else
else
else
front: 0.67913, 0, 2.5
back: 2.03739, 0, 7.5
front back
photon_ene: 661.6 photon_theta: 2.8239 photon_phi: 2.54297
traject_len: 5.1812
pe_len: 63.2732 cs_len: 2.23965
---
else
else
else
front: 0.550813, 2.32243, 2.5
side: 0, 0, 0
front only
else
front: 0, 0, 2.5
back: 0, 0, 7.5
front back
photon_ene: 661.6 photon_theta: 0.26358 photon_phi: 3.20875
traject_len: 5
pe_len: 25.9969 cs_len: 1.13284
---
else
else
front: 1.0598, 0, 2.5
side: 0, 0, 0
front only
else
else
else
front: 1.97363, 0, 2.5
side: 0, 0, 0
front only
else
front: 0, 0.429257, 2.5
back: 0, 1.28777, 7.5
front back
photon_ene: 661.6 photon_theta: 2.94599 photon_phi: 5.23487
traject_len: 5.07317
pe_len: 57.366 cs_len: 6.61866
---
else
else
front: 0, 0, 2.5
back: 0, 0, 7.5
front back
photon_ene: 661.6 photon_theta: 0.271626 photon_phi: 4.19295
traject_len: 5
pe_len: 4.38307 cs_len: 1.74575
---
else
front: 0, 0, 2.5
side: 0, 0, 0
front only
else
else
front: 0.0222395, 1.19344, 2.5
side: 0, 0, 0
front only
else
else
front: 0.388656, 0, 2.5
side: 0, 0, 0
front only
else
front: 0, 0.30711, 2.5
side: 0, 0, 0
front only
else
else
else
front: 1.43277, 0, 2.5
side: 0, 0, 0
front only
else
else
front: 0, 0, 2.5
back: 0, 0, 7.5
front back
photon_ene: 661.6 photon_theta: 2.83109 photon_phi: 1.46221
traject_len: 5
pe_len: 93.2061 cs_len: 2.32029
---
front: 0, 0, 2.5
side: 0, 0, 0
front only
front: 0, 0, 2.5
side: 0, 0, 0
front only
front: 0, 0, 2.5
side: 0, 0, 0
front only
else
front: 0, 0, 2.5
side: 0, 0, 0
front only
else
else
else
else
else
front: 0, 0.566554, 2.5
side: 0, 0, 0
front only
front: 0.979627, 0, 2.5
side: 0, 0, 0
front only
else
else
front: 1.63629, 0, 2.5
side: 0, 0, 0
front only
front: 0, 0.887727, 2.5
side: 0, 0, 0
front only
else
else
front: 0.183989, 1.8604, 2.5
side: 0, 0, 0
front only
front: 0, 0.255867, 2.5
back: 0, 0.767602, 7.5
front back
photon_ene: 661.6 photon_theta: 0.223104 photon_phi: 2.67359
traject_len: 5.02612
pe_len: 6.38506 cs_len: 11.1973
---
else
else
else
front: 0.166091, 1.65979, 2.5
side: 0, 0, 0
front only
front: 0, 1.30033, 2.5
side: 0, 0, 0
front only
else
else
front: 0.318949, 0, 2.5
back: 0.956848, 0, 7.5
front back
photon_ene: 661.6 photon_theta: 3.01038 photon_phi: 2.883
traject_len: 5.04053
pe_len: 32.6901 cs_len: 3.57187
---
else
front: 0, 0.11043, 2.5
side: 0, 0, 0
front only
front: 1.40106, 0, 2.5
side: 0, 0, 0
front only
else
else
else
else
else
else
else
else
else
else
else
else
else
else
else
front: 0.843891, 1.33146, 2.5
side: 0, 0, 0
front only
front: 1.53159, 0.0736065, 2.5
side: 0, 0, 0
front only
else
else
else
else
else
else
else
else
else
front: 0.710142, 0.513435, 2.5
side: 0, 0, 0
front only
front: 2.44904, 0.0169455, 2.5
side: 0, 0, 0
front only
front: 0, 0, 2.5
side: 0, 0, 0
front only
front: 1.2577, 0, 2.5
side: 0, 0, 0
front only
else
else
front: 0, 0, 2.5
side: 0, 0, 0
front only
else
else
else
else
else
else
else
front: 0, 1.15169, 2.5
side: 0, 0, 0
front only
front: 0, 1.21795, 2.5
side: 0, 0, 0
front only
else
else
else
front: 0, 1.54965, 2.5
side: 0, 0, 0
front only
front: 0, 1.00537, 2.5
side: 0, 0, 0
front only
else
front: 1.85999, 0.904865, 2.5
side: 0, 0, 0
front only
front: 0.469298, 0, 2.5
side: 0, 0, 0
front only
else
else
else
else
else
else
else
else
front: 1.14694, 1.38904, 2.5
side: 0, 0, 0
front only
else
else
front: 2.26078, 0, 2.5
side: 0, 0, 0
front only
else
front: 0, 0, 2.5
back: 0, 0, 7.5
front back
photon_ene: 661.6 photon_theta: 0.0911033 photon_phi: 3.25838
traject_len: 5
pe_len: 6.12223 cs_len: 0.0351255
---
else
front: 0, 0, 2.5
side: 0, 0, 0
front only
front: 0.223991, 0.94906, 2.5
side: 0, 0, 0
front only
else
else
else
front: 0, 0.258636, 2.5
side: 0, 0, 0
front only
else
else
else
else
else
else
front: 0, 0, 2.5
side: 0, 0, 0
front only
else
front: 1.7964, 0, 2.5
side: 0, 0, 0
front only
else
else
front: 0.650366, 0.735487, 2.5
side: 0, 0, 0
front only
else
front: 0.486053, 0, 2.5
side: 0, 0, 0
front only
else
else
front: 1.29976, 0, 2.5
side: 0, 0, 0
front only
front: 1.45054, 0, 2.5
side: 0, 0, 0
front only
else
front: 0, 0, 2.5
side: 0, 0, 0
front only
else
else
front: 0, 0, 2.5
back: 0, 0, 7.5
front back
photon_ene: 661.6 photon_theta: 2.87905 photon_phi: 0.161277
traject_len: 5
pe_len: 66.47 cs_len: 9.51525
---
else
front: 0, 0, 2.5
side: 0, 0, 0
front only
else
front: 1.55409, 1.15353, 2.5
side: 0, 0, 0
front only
else
else
else
else
else
else
else
else
front: 1.10559, 1.34133, 2.5
side: 0, 0, 0
front only
front: 0, 0.219729, 2.5
side: 0, 0, 0
front only
else
else
else
else
else
else
front: 0, 0.971721, 2.5
side: 0, 0, 0
front only
else
else
else
else
else
else
else
front: 0, 0, 2.5
side: 0, 0, 0
front only
else
else
else
else
else
else
front: 0, 0.84547, 2.5
side: 0, 0, 0
front only
else
else
else
front: 0.121905, 0, 2.5
side: 0, 0, 0
front only
front: 0.377021, 0, 2.5
side: 0, 0, 0
front only
front: 0, 0, 2.5
side: 0, 0, 0
front only
else
front: 0, 0, 2.5
side: 0, 0, 0
front only
front: 0, 0, 2.5
side: 0, 0, 0
front only
front: 0, 0, 2.5
side: 0, 0, 0
front only
else
else
front: 0, 0.614881, 2.5
back: 0, 1.84464, 7.5
front back
photon_ene: 661.6 photon_theta: 2.89303 photon_phi: 4.96181
traject_len: 5.14901
pe_len: 5.43768 cs_len: 1.02709
---
else
front: 0, 1.01907, 2.5
side: 0, 0, 0
front only
else
else
else
else
else
else
front: 0, 0, 2.5
side: 0, 0, 0
front only
else
else
else
else
else
else
else
else
else
else
else
else
front: 0, 0, 2.5
side: 0, 0, 0
front only
front: 0, 1.10473, 2.5
side: 0, 0, 0
front only
else
else
else
else
front: 0, 0.346489, 2.5
back: 0, 1.03947, 7.5
front back
photon_ene: 661.6 photon_theta: 0.189905 photon_phi: 2.33632
traject_len: 5.04779
pe_len: 50.7774 cs_len: 2.21329
---
else
front: 0, 0.044632, 2.5
back: 0, 0.133896, 7.5
front back
photon_ene: 661.6 photon_theta: 2.89307 photon_phi: 6.21278
traject_len: 5.0008
pe_len: 76.3569 cs_len: 1.18803
---
front: 0.407658, 0.607995, 2.5
back: 1.22297, 1.82399, 7.5
front back
photon_ene: 661.6 photon_theta: 0.284843 photon_phi: 0.980147
traject_len: 5.20993
pe_len: 12.2393 cs_len: 9.98286
---
else
else
front: 0, 0.681659, 2.5
back: 0, 2.04498, 7.5
front back
photon_ene: 661.6 photon_theta: 2.84352 photon_phi: 5.19129
traject_len: 5.18253
pe_len: 2.68424 cs_len: 5.29256
---
front: 0.105166, 0.67433, 2.5
back: 0.315498, 2.02299, 7.5
front back
photon_ene: 661.6 photon_theta: 2.87509 photon_phi: 4.55768
traject_len: 5.18296
pe_len: 52.622 cs_len: 0.6712
---
front: 1.22565, 0.204981, 2.5
side: 0, 0, 0
front only
front: 0, 0, 2.5
side: 0, 0, 0
front only
else
else
else
else
else
else
front: 0, 0, 2.5
side: 0, 0, 0
front only
else
else
front: 0, 0, 2.5
side: 0, 0, 0
front only
else
else
else
else
front: 0.764435, 0, 2.5
side: 0, 0, 0
front only
else
else
front: 0.480874, 1.16524, 2.5
side: 0, 0, 0
front only
else
else
else
front: 0, 0, 2.5
side: 0, 0, 0
front only
else
front: 0.527772, 0.18, 2.5
back: 1.58332, 0.54, 7.5
front back
photon_ene: 661.6 photon_theta: 0.219457 photon_phi: 0.328685
traject_len: 5.12287
pe_len: 5.12063 cs_len: 3.70306
---
front: 0, 0.664309, 2.5
side: 0, 0, 0
front only
front: 1.89642, 0, 2.5
side: 0, 0, 0
front only
else
else
else
else
else
else
else
else
front: 2.01387, 0, 2.5
side: 0, 0, 0
front only
else
else
else
else
else
front: 0.240206, 0, 2.5
back: 0.720617, 0, 7.5
front back
photon_ene: 661.6 photon_theta: 0.165953 photon_phi: 5.32334
traject_len: 5.02303
pe_len: 39.5046 cs_len: 0.704694
---
front: 0.414904, 0, 2.5
side: 0, 0, 0
front only
else
else
else
else
else
front: 0.78797, 0.493766, 2.5
side: 0, 0, 0
front only
else
else
else
else
else
front: 0, 0.146681, 2.5
side: 0, 0, 0
front only
else
front: 0, 0, 2.5
side: 0, 0, 0
front only
else
else
else
else
front: 0, 0, 2.5
side: 0, 0, 0
front only
front: 0, 0, 2.5
side: 0, 0, 0
front only
else
front: 0, 0, 2.5
side: 0, 0, 0
front only
else
else
front: 1.46905, 0, 2.5
side: 0, 0, 0
front only
else
front: 1.48457, 0, 2.5
side: 0, 0, 0
front only
front: 0.029348, 0, 2.5
side: 0, 0, 0
front only
else
else
front: 0.507566, 0, 2.5
side: 0, 0, 0
front only
else
front: 0, 1.75502, 2.5
side: 0, 0, 0
front only
else
else
else
front: 0, 0, 2.5
back: 0, 0, 7.5
front back
photon_ene: 661.6 photon_theta: 0.282924 photon_phi: 3.92565
traject_len: 5
pe_len: 5.7644 cs_len: 2.16783
---
else
else
else
else
front: 0.874238, 0.488437, 2.5
side: 0, 0, 0
front only
front: 0, 0, 2.5
side: 0, 0, 0
front only
front: 0, 0.553798, 2.5
side: 0, 0, 0
front only
else
front: 0, 0, 2.5
side: 0, 0, 0
front only
else
front: 0, 0, 2.5
side: 0, 0, 0
front only
else
front: 0, 0.393164, 2.5
back: 0, 1.17949, 7.5
front back
photon_ene: 661.6 photon_theta: 2.94053 photon_phi: 5.40182
traject_len: 5.06145
pe_len: 43.883 cs_len: 9.41394
---
front: 1.56386, 0, 2.5
side: 0, 0, 0
front only
else
front: 0, 0.421661, 2.5
back: 0, 1.26498, 7.5
front back
photon_ene: 661.6 photon_theta: 0.206735 photon_phi: 2.20727
traject_len: 5.07062
pe_len: 0.685892 cs_len: 2.37124
---
else
else
else
else
else
else
front: 0.920041, 0, 2.5
side: 0, 0, 0
front only
else
else
else
front: 0.903252, 0.375609, 2.5
side: 0, 0, 0
front only
else
front: 1.90109, 0, 2.5
side: 0, 0, 0
front only
else
else
else
else
else
else
else
else
else
else
else
front: 1.46167, 0.747114, 2.5
side: 0, 0, 0
front only
else
else
else
else
else
else
else
else
else
else
else
front: 0, 0, 2.5
side: 0, 0, 0
front only
else
else
else
else
else
front: 0.273701, 0, 2.5
back: 0.821104, 0, 7.5
front back
photon_ene: 661.6 photon_theta: 0.298377 photon_phi: 5.07634
traject_len: 5.02988
pe_len: 66.6127 cs_len: 2.24317
---
else
front: 2.11263, 0, 2.5
side: 0, 0, 0
front only
else
else
else
front: 0, 0, 2.5
side: 0, 0, 0
front only
front: 0, 0, 2.5
side: 0, 0, 0
front only
else
else
front: 0.543161, 0.0136413, 2.5
back: 1.62948, 0.0409238, 7.5
front back
photon_ene: 661.6 photon_theta: 0.214005 photon_phi: 0.0251094
traject_len: 5.11672
pe_len: 33.3662 cs_len: 6.18228
---
else
else
else
else
front: 0.92216, 1.73275, 2.5
side: 0, 0, 0
front only
front: 0, 2.21249, 2.5
side: 0, 0, 0
front only
else
else
else
else
else
front: 0, 1.51765, 2.5
side: 0, 0, 0
front only
else
else
else
else
else
else
else
else
else
else
front: 0, 0, 2.5
side: 0, 0, 0
front only
front: 0.241636, 0.604053, 2.5
back: 0.724908, 1.81216, 7.5
front back
photon_ene: 661.6 photon_theta: 0.254589 photon_phi: 1.19027
traject_len: 5.16653
pe_len: 6.56448 cs_len: 18.8636
---
else
front: 0.125532, 1.08665, 2.5
side: 0, 0, 0
front only
else
front: 0, 1.12033, 2.5
side: 0, 0, 0
front only
else
else
else
else
else
front: 0, 0.30001, 2.5
back: 0, 0.900029, 7.5
front back
photon_ene: 661.6 photon_theta: 0.242352 photon_phi: 2.63474
traject_len: 5.03587
pe_len: 37.0946 cs_len: 3.72372
---
else
else
else
front: 0.0311137, 0, 2.5
back: 0.093341, 0, 7.5
front back
photon_ene: 661.6 photon_theta: 0.267756 photon_phi: 4.75777
traject_len: 5.00039
pe_len: 127.517 cs_len: 0.639619
---
else
else
else
front: 0, 0, 2.5
side: 0, 0, 0
front only
else
else
else
front: 0.259744, 0.445531, 2.5
back: 0.779233, 1.33659, 7.5
front back
photon_ene: 661.6 photon_theta: 2.93816 photon_phi: 4.18456
traject_len: 5.10528
pe_len: 0.392704 cs_len: 2.16658
---
else
else
else
else
else
else
front: 0.652627, 0, 2.5
back: 1.95788, 0, 7.5
front back
photon_ene: 661.6 photon_theta: 0.280803 photon_phi: 5.84399
traject_len: 5.16756
pe_len: 5.94839 cs_len: 1.95657
---
else
else
else
else
front: 0, 0, 2.5
side: 0, 0, 0
front only
else
else
else
else
else
else
front: 0, 0, 2.5
side: 0, 0, 0
front only
else
else
else
else
else
front: 0.768293, 0, 2.5
side: 0, 0, 0
front only
front: 1.35562, 1.98353, 2.5
side: 0, 0, 0
front only
else
else
front: 0.497044, 0, 2.5
back: 1.49113, 0, 7.5
front back
photon_ene: 661.6 photon_theta: 2.90229 photon_phi: 2.52335
traject_len: 5.09786
pe_len: 104.331 cs_len: 7.58612
---
else
else
else
else
else
front: 0, 1.3144, 2.5
side: 0, 0, 0
front only
front: 0, 0, 2.5
back: 0, 0, 7.5
front back
photon_ene: 661.6 photon_theta: 3.12112 photon_phi: 0.719904
traject_len: 5
pe_len: 53.5952 cs_len: 5.48989
---
else
else
front: 0, 0, 2.5
side: 0, 0, 0
front only
else
else
front: 1.04197, 0.14037, 2.5
side: 0, 0, 0
front only
front: 1.51271, 1.7818, 2.5
side: 0, 0, 0
front only
else
else
else
else
else
else
else
front: 0.0290967, 0, 2.5
side: 0, 0, 0
front only
else
else
else
else
else
else
else
else
else
else
else
else
else
else
front: 0.899773, 0, 2.5
side: 0, 0, 0
front only
else
else
front: 0, 0, 2.5
side: 0, 0, 0
front only
front: 1.26225, 0.919706, 2.5
side: 0, 0, 0
front only
front: 0, 0.25952, 2.5
back: 0, 0.778559, 7.5
front back
photon_ene: 661.6 photon_theta: 0.104826 photon_phi: 1.73436
traject_len: 5.02687
pe_len: 41.2399 cs_len: 6.87234
---
front: 0, 0.506027, 2.5
side: 0, 0, 0
front only
else
else
else
else
front: 0.929243, 0.755692, 2.5
side: 0, 0, 0
front only
front: 2.05905, 0, 2.5
side: 0, 0, 0
front only
else
front: 0, 0, 2.5
back: 0, 0, 7.5
front back
photon_ene: 661.6 photon_theta: 0.247337 photon_phi: 3.70834
traject_len: 5
pe_len: 111.964 cs_len: 3.71154
---
else
else
else
else
else
front: 0.698398, 1.02617, 2.5
side: 0, 0, 0
front only
front: 0, 0, 2.5
side: 0, 0, 0
front only
else
else
else
front: 0.503668, 0.103603, 2.5
back: 1.51101, 0.310809, 7.5
front back
photon_ene: 661.6 photon_theta: 0.202856 photon_phi: 0.202867
traject_len: 5.10467
pe_len: 77.895 cs_len: 7.87963
---
front: 1.70909, 0, 2.5
side: 0, 0, 0
front only
front: 0.165733, 1.94858, 2.5
side: 0, 0, 0
front only
else
front: 0, 0, 2.5
side: 0, 0, 0
front only
else
else
else
front: 0.80592, 0.400046, 2.5
side: 0, 0, 0
front only
else
else
front: 1.90356, 0.331331, 2.5
side: 0, 0, 0
front only
else
front: 0, 2.18544, 2.5
side: 0, 0, 0
front only
else
else
front: 0, 0, 2.5
side: 0, 0, 0
front only
else
else
front: 0, 0.380655, 2.5
back: 0, 1.14196, 7.5
front back
photon_ene: 661.6 photon_theta: 0.291274 photon_phi: 2.60887
traject_len: 5.05763
pe_len: 135.06 cs_len: 12.5298
---
else
else
else
else
else
front: 0, 0.39715, 2.5
side: 0, 0, 0
front only
else
else
else
else
else
else
front: 0, 0, 2.5
side: 0, 0, 0
front only
else
front: 0.32492, 2.09553, 2.5
side: 0, 0, 0
front only
front: 0.808025, 0, 2.5
side: 0, 0, 0
front only
else
else
else
front: 0.655555, 0.726443, 2.5
side: 0, 0, 0
front only
else
else
else
else
else
else
else
else
else
else
front: 0, 0, 2.5
side: 0, 0, 0
front only
else
else
else
front: 1.12202, 0.850719, 2.5
side: 0, 0, 0
front only
else
front: 0.402339, 1.92302, 2.5
side: 0, 0, 0
front only
else
else
front: 0.314509, 0.565022, 2.5
back: 0.943528, 1.69507, 7.5
front back
photon_ene: 661.6 photon_theta: 2.88848 photon_phi: 4.20447
traject_len: 5.16456
pe_len: 20.0878 cs_len: 0.341838
---
else
front: 0, 0.180222, 2.5
side: 0, 0, 0
front only
else
else
else
front: 0.77118, 1.26648, 2.5
side: 0, 0, 0
front only
else
else
else
else
else
else
else
front: 0.176748, 0, 2.5
side: 0, 0, 0
front only
front: 0.15618, 1.73115, 2.5
side: 0, 0, 0
front only
front: 0.863377, 1.94431, 2.5
side: 0, 0, 0
front only
else
front: 1.86403, 0.0355915, 2.5
side: 0, 0, 0
front only
else
else
else
else
front: 0, 1.35702, 2.5
side: 0, 0, 0
front only
front: 0.664017, 0, 2.5
side: 0, 0, 0
front only
else
front: 0.98717, 0, 2.5
side: 0, 0, 0
front only
else
else
else
else
else
front: 1.21192, 0, 2.5
side: 0, 0, 0
front only
else
else
else
front: 0.152079, 1.28848, 2.5
side: 0, 0, 0
front only
else
else
else
front: 1.64682, 0, 2.5
side: 0, 0, 0
front only
else
else
else
front: 1.13046, 0.809639, 2.5
side: 0, 0, 0
front only
else
else
front: 0, 1.16697, 2.5
side: 0, 0, 0
front only
else
else
else
front: 2.4026, 0.395479, 2.5
side: 0, 0, 0
front only
else
front: 0, 1.78743, 2.5
side: 0, 0, 0
front only
else
else
else
else
front: 0, 0, 2.5
side: 0, 0, 0
front only
else
else
front: 0.990028, 1.28648, 2.5
side: 0, 0, 0
front only
else
front: 0, 0.105574, 2.5
back: 0, 0.316723, 7.5
front back
photon_ene: 661.6 photon_theta: 3.00431 photon_phi: 5.97252
traject_len: 5.00446
pe_len: 17.8689 cs_len: 3.15157
---
front: 0, 0.374898, 2.5
back: 0, 1.12469, 7.5
front back
photon_ene: 661.6 photon_theta: 2.99256 photon_phi: 4.76225
traject_len: 5.05591
pe_len: 16.0097 cs_len: 3.97093
---
else
else
else
else
else
else
else
else
else
else
else
else
else
else
else
else
else
else
front: 0.298214, 2.20345, 2.5
side: 0, 0, 0
front only
else
front: 0.207976, 0.280168, 2.5
back: 0.623928, 0.840503, 7.5
front back
photon_ene: 661.6 photon_theta: 0.138674 photon_phi: 0.932224
traject_len: 5.04846
pe_len: 9.83687 cs_len: 10.5782
---
else
front: 0.283532, 0, 2.5
back: 0.850597, 0, 7.5
front back
photon_ene: 661.6 photon_theta: 3.0127 photon_phi: 2.63627
traject_len: 5.03205
pe_len: 168.001 cs_len: 0.245381
---
front: 1.63525, 1.06314, 2.5
side: 0, 0, 0
front only
front: 0.556959, 0.558897, 2.5
back: 1.67088, 1.67669, 7.5
front back
photon_ene: 661.6 photon_theta: 0.305718 photon_phi: 0.787134
traject_len: 5.24312
pe_len: 4.29507 cs_len: 3.92894
---
else
else
else
front: 0, 0, 2.5
side: 0, 0, 0
front only
front: 2.30047, 0, 2.5
side: 0, 0, 0
front only
front: 1.17578, 0, 2.5
side: 0, 0, 0
front only
else
else
else
else
front: 0.00936336, 2.18161, 2.5
side: 0, 0, 0
front only
else
front: 0, 0, 2.5
side: 0, 0, 0
front only
else
front: 0.213969, 0, 2.5
side: 0, 0, 0
front only
else
front: 0.224431, 2.25944, 2.5
side: 0, 0, 0
front only
else
else
else
front: 0, 0.597628, 2.5
side: 0, 0, 0
front only
front: 1.98813, 1.04111, 2.5
side: 0, 0, 0
front only
else
else
else
else
else
else
else
else
else
else
else
else
front: 0, 0, 2.5
side: 0, 0, 0
front only
else
else
front: 1.20695, 0, 2.5
side: 0, 0, 0
front only
else
else
else
else
else
else
front: 0, 0, 2.5
side: 0, 0, 0
front only
else
else
else
else
else
front: 1.26669, 0, 2.5
side: 0, 0, 0
front only
else
else
else
else
else
else
else
front: 0, 1.57771, 2.5
side: 0, 0, 0
front only
front: 0, 0, 2.5
side: 0, 0, 0
front only
else
else
else
front: 0.891216, 1.2674, 2.5
side: 0, 0, 0
front only
front: 0.45176, 0, 2.5
back: 1.35528, 0, 7.5
front back
photon_ene: 661.6 photon_theta: 0.213721 photon_phi: 5.69618
traject_len: 5.08098
pe_len: 47.9441 cs_len: 1.78317
---
else
else
else
else
else
else
else
front: 1.6046, 0.199869, 2.5
side: 0, 0, 0
front only
else
else
front: 0, 0, 2.5
side: 0, 0, 0
front only
else
front: 0.749815, 0.940006, 2.5
side: 0, 0, 0
front only
front: 0, 0, 2.5
back: 0, 0, 7.5
front back
photon_ene: 661.6 photon_theta: 3.01147 photon_phi: 1.30439
traject_len: 5
pe_len: 13.3666 cs_len: 0.555899
---
else
front: 1.47312, 0.835874, 2.5
side: 0, 0, 0
front only
front: 0.394643, 0.105842, 2.5
back: 1.18393, 0.317526, 7.5
front back
photon_ene: 661.6 photon_theta: 0.162004 photon_phi: 0.26203
traject_len: 5.06634
pe_len: 9.93778 cs_len: 0.195172
---
else
front: 0, 0.696794, 2.5
side: 0, 0, 0
front only
else
else
else
else
else
front: 0, 0.71319, 2.5
side: 0, 0, 0
front only
else
front: 1.62052, 0.705093, 2.5
side: 0, 0, 0
front only
else
front: 0.731765, 0, 2.5
side: 0, 0, 0
front only
else
else
else
else
front: 0, 0.128732, 2.5
side: 0, 0, 0
front only
else
else
else
else
else
else
else
else
else
else
front: 0.80658, 0, 2.5
side: 0, 0, 0
front only
else
else
front: 0.739143, 0, 2.5
back: 2.21743, 0, 7.5
front back
photon_ene: 661.6 photon_theta: 2.82467 photon_phi: 2.6939
traject_len: 5.21396
pe_len: 15.7969 cs_len: 1.42652
---
else
else
else
else
else
else
else
else
else
else
else
else
else
else
else
front: 0, 0, 2.5
side: 0, 0, 0
front only
else
else
else
front: 0, 0.41058, 2.5
back: 0, 1.23174, 7.5
front back
photon_ene: 661.6 photon_theta: 2.89063 photon_phi: 5.5879
traject_len: 5.06698
pe_len: 20.0833 cs_len: 7.98705
---
else
else
else
else
front: 0, 0, 2.5
side: 0, 0, 0
front only
else
front: 0.085502, 1.32556, 2.5
side: 0, 0, 0
front only
else
else
else
else
else
else
else
else
else
else
else
else
else
front: 0.582993, 2.23332, 2.5
side: 0, 0, 0
front only
else
else
else
else
front: 1.18251, 1.17595, 2.5
side: 0, 0, 0
front only
else
else
else
else
else
else
else
front: 0, 0, 2.5
back: 0, 0, 7.5
front back
photon_ene: 661.6 photon_theta: 2.83297 photon_phi: 0.779863
traject_len: 5
pe_len: 8.51543 cs_len: 2.23157
---
else
else
front: 0, 0, 2.5
side: 0, 0, 0
front only
else
else
else
front: 2.27849, 0, 2.5
side: 0, 0, 0
front only
else
else
else
front: 0, 0.812342, 2.5
back: 0, 2.43703, 7.5
front back
photon_ene: 661.6 photon_theta: 2.82184 photon_phi: 4.9058
traject_len: 5.25734
pe_len: 17.9858 cs_len: 0.219762
---
front: 0.266876, 0, 2.5
back: 0.800628, 0, 7.5
front back
photon_ene: 661.6 photon_theta: 0.123787 photon_phi: 5.74369
traject_len: 5.02841
pe_len: 5.31151 cs_len: 6.1661
---
else
else
else
front: 0.350612, 0, 2.5
back: 1.05184, 0, 7.5
front back
photon_ene: 661.6 photon_theta: 2.99842 photon_phi: 2.90818
traject_len: 5.04893
pe_len: 1.72894 cs_len: 7.04099
---
front: 0, 1.26683, 2.5
side: 0, 0, 0
front only
else
else
front: 0, 1.51533, 2.5
side: 0, 0, 0
front only
else
front: 0.058737, 1.6468, 2.5
side: 0, 0, 0
front only
else
else
else
front: 0, 0, 2.5
side: 0, 0, 0
front only
else
else
else
else
front: 1.99746, 0, 2.5
side: 0, 0, 0
front only
else
else
front: 0, 0.674366, 2.5
back: 0, 2.0231, 7.5
front back
photon_ene: 661.6 photon_theta: 2.84903 photon_phi: 5.1735
traject_len: 5.17871
pe_len: 75.4035 cs_len: 3.28944
---
else
else
else
else
front: 0, 0.455152, 2.5
side: 0, 0, 0
front only
front: 0, 1.38031, 2.5
side: 0, 0, 0
front only
else
else
else
else
else
else
else
front: 0.631453, 0.354126, 2.5
back: 1.89436, 1.06238, 7.5
front back
photon_ene: 661.6 photon_theta: 2.85971 photon_phi: 3.6527
traject_len: 5.20543
pe_len: 3.40848 cs_len: 0.956987
---
front: 0, 0, 2.5
side: 0, 0, 0
front only
else
front: 0.23104, 0.466692, 2.5
back: 0.693121, 1.40008, 7.5
front back
photon_ene: 661.6 photon_theta: 0.205364 photon_phi: 1.11111
traject_len: 5.10732
pe_len: 16.3919 cs_len: 18.8802
---
else
else
front: 0, 1.29107, 2.5
side: 0, 0, 0
front only
else
else
front: 0, 0.528382, 2.5
back: 0, 1.58515, 7.5
front back
photon_ene: 661.6 photon_theta: 2.86704 photon_phi: 5.43455
traject_len: 5.11045
pe_len: 102.376 cs_len: 0.900752
---
front: 0, 0.598737, 2.5
side: 0, 0, 0
front only
else
else
else
else
else
else
else
else
else
front: 0, 0.810087, 2.5
side: 0, 0, 0
front only
front: 0.26716, 2.05726, 2.5
side: 0, 0, 0
front only
else
else
front: 0, 0, 2.5
side: 0, 0, 0
front only
front: 0.450278, 2.29187, 2.5
side: 0, 0, 0
front only
else
front: 0, 0.885442, 2.5
side: 0, 0, 0
front only
else
else
else
else
else
else
else
else
else
front: 0, 0, 2.5
side: 0, 0, 0
front only
front: 0.835883, 0, 2.5
side: 0, 0, 0
front only
else
front: 1.38778, 0, 2.5
side: 0, 0, 0
front only
else
else
else
else
else
front: 0, 1.68441, 2.5
side: 0, 0, 0
front only
else
front: 0.0145699, 0.705061, 2.5
back: 0.0437097, 2.11518, 7.5
front back
photon_ene: 661.6 photon_theta: 2.86665 photon_phi: 4.69173
traject_len: 5.19512
pe_len: 50.3953 cs_len: 10.0589
---
else
else
else
else
else
front: 1.90178, 0, 2.5
side: 0, 0, 0
front only
else
else
front: 0, 2.06592, 2.5
side: 0, 0, 0
front only
else
else
else
else
else
else
front: 1.27768, 0, 2.5
side: 0, 0, 0
front only
else
front: 1.17491, 0.794121, 2.5
side: 0, 0, 0
front only
else
front: 1.31643, 0.490306, 2.5
side: 0, 0, 0
front only
else
front: 0, 0, 2.5
side: 0, 0, 0
front only
front: 0, 0.282652, 2.5
side: 0, 0, 0
front only
else
else
else
front: 0, 0, 2.5
side: 0, 0, 0
front only
else
else
else
else
else
else
else
else
front: 0, 0, 2.5
side: 0, 0, 0
front only
else
front: 0, 1.51983, 2.5
side: 0, 0, 0
front only
front: 0, 0, 2.5
side: 0, 0, 0
front only
else
else
front: 2.46702, 0, 2.5
side: 0, 0, 0
front only
else
front: 0.913303, 0, 2.5
side: 0, 0, 0
front only
else
front: 0.112659, 0.536022, 2.5
back: 0.337976, 1.60807, 7.5
front back
photon_ene: 661.6 photon_theta: 2.92591 photon_phi: 4.50523
traject_len: 5.1186
pe_len: 5.47249 cs_len: 2.0816
---
else
else
else
front: 0.965825, 0, 2.5
side: 0, 0, 0
front only
else
else
else
front: 1.38515, 0.0217231, 2.5
side: 0, 0, 0
front only
front: 0.134886, 0, 2.5
back: 0.404658, 0, 7.5
front back
photon_ene: 661.6 photon_theta: 2.98397 photon_phi: 1.91714
traject_len: 5.00727
pe_len: 8.99394 cs_len: 6.47073
---
else
front: 0.182479, 0.45423, 2.5
back: 0.547436, 1.36269, 7.5
front back
photon_ene: 661.6 photon_theta: 0.193359 photon_phi: 1.1888
traject_len: 5.09495
pe_len: 13.071 cs_len: 3.50142
---
else
front: 0, 0.794115, 2.5
side: 0, 0, 0
front only
else
front: 0, 0.588868, 2.5
side: 0, 0, 0
front only
else
else
front: 0, 0.35994, 2.5
side: 0, 0, 0
front only
else
else
front: 0.579074, 0, 2.5
side: 0, 0, 0
front only
front: 0, 0.275881, 2.5
side: 0, 0, 0
front only
else
else
front: 0, 0, 2.5
side: 0, 0, 0
front only
else
else
else
front: 1.67289, 1.77858, 2.5
side: 0, 0, 0
front only
else
else
else
else
else
front: 1.70645, 0.29464, 2.5
side: 0, 0, 0
front only
front: 2.36334, 0.348002, 2.5
side: 0, 0, 0
front only
front: 0, 0, 2.5
side: 0, 0, 0
front only
else
front: 1.07114, 0, 2.5
side: 0, 0, 0
front only
else
else
else
else
else
else
else
front: 2.16011, 0.68387, 2.5
side: 0, 0, 0
front only
else
front: 1.12878, 0.446659, 2.5
side: 0, 0, 0
front only
else
else
front: 0.131732, 0.913762, 2.5
side: 0, 0, 0
front only
else
else
front: 0, 0, 2.5
side: 0, 0, 0
front only
else
else
else
else
else
else
else
front: 0, 0.594258, 2.5
back: 0, 1.78277, 7.5
front back
photon_ene: 661.6 photon_theta: 0.233625 photon_phi: 1.61821
traject_len: 5.13932
pe_len: 4.2565 cs_len: 1.07919
---
else
else
else
else
front: 0, 0.599884, 2.5
side: 0, 0, 0
front only
else
else
front: 0, 0, 2.5
side: 0, 0, 0
front only
front: 0.243047, 0, 2.5
side: 0, 0, 0
front only
else
front: 0.487367, 1.95265, 2.5
side: 0, 0, 0
front only
front: 1.86122, 0, 2.5
side: 0, 0, 0
front only
else
front: 0, 0, 2.5
side: 0, 0, 0
front only
else
else
else
front: 0, 0, 2.5
side: 0, 0, 0
front only
else
else
else
front: 2.27464, 0, 2.5
side: 0, 0, 0
front only
front: 1.63707, 0.508708, 2.5
side: 0, 0, 0
front only
front: 0, 1.64633, 2.5
side: 0, 0, 0
front only
front: 0, 0, 2.5
side: 0, 0, 0
front only
else
front: 1.00054, 0.165549, 2.5
side: 0, 0, 0
front only
else
front: 0, 0.575208, 2.5
back: 0, 1.72562, 7.5
front back
photon_ene: 661.6 photon_theta: 2.88823 photon_phi: 5.18887
traject_len: 5.13064
pe_len: 7.28317 cs_len: 1.31253
---
else
else
else
else
else
front: 0, 1.36604, 2.5
side: 0, 0, 0
front only
front: 0, 0, 2.5
side: 0, 0, 0
front only
else
else
else
front: 0, 0.0501864, 2.5
back: 0, 0.150559, 7.5
front back
photon_ene: 661.6 photon_theta: 2.94926 photon_phi: 6.17992
traject_len: 5.00101
pe_len: 78.8399 cs_len: 2.63755
---
front: 0, 0, 2.5
side: 0, 0, 0
front only
front: 1.44389, 0.31388, 2.5
side: 0, 0, 0
front only
else
else
else
else
front: 0, 0, 2.5
side: 0, 0, 0
front only
else
else
front: 0, 0.908531, 2.5
side: 0, 0, 0
front only
else
else
front: 0.0319738, 0, 2.5
side: 0, 0, 0
front only
else
else
else
else
else
else
else
front: 0, 1.31207, 2.5
side: 0, 0, 0
front only
front: 1.92971, 0.63561, 2.5
side: 0, 0, 0
front only
else
front: 1.15763, 0, 2.5
side: 0, 0, 0
front only
else
else
else
else
else
else
else
else
else
else
front: 0, 1.46498, 2.5
side: 0, 0, 0
front only
else
front: 1.55474, 0.808925, 2.5
side: 0, 0, 0
front only
front: 0, 0.132418, 2.5
back: 0, 0.397254, 7.5
front back
photon_ene: 661.6 photon_theta: 0.309209 photon_phi: 2.97502
traject_len: 5.00701
pe_len: 17.1355 cs_len: 4.1319
---
else
front: 0.260242, 0, 2.5
side: 0, 0, 0
front only
else
front: 1.657, 1.44304, 2.5
side: 0, 0, 0
front only
else
front: 0.911091, 1.70289, 2.5
side: 0, 0, 0
front only
else
front: 0, 0, 2.5
side: 0, 0, 0
front only
front: 0, 1.86578, 2.5
side: 0, 0, 0
front only
else
else
else
else
else
else
else
front: 0, 2.14155, 2.5
side: 0, 0, 0
front only
else
front: 2.1982, 0.77513, 2.5
side: 0, 0, 0
front only
else
else
front: 1.49571, 0.0614, 2.5
side: 0, 0, 0
front only
else
front: 0, 0, 2.5
side: 0, 0, 0
front only
front: 0, 1.28484, 2.5
side: 0, 0, 0
front only
else
front: 0.185076, 0, 2.5
side: 0, 0, 0
front only
else
else
else
else
else
else
front: 0, 1.21367, 2.5
side: 0, 0, 0
front only
else
else
else
else
front: 0, 0, 2.5
back: 0, 0, 7.5
front back
photon_ene: 661.6 photon_theta: 2.98754 photon_phi: 0.601825
traject_len: 5
pe_len: 8.69772 cs_len: 3.75117
---
else
else
else
else
else
else
else
else
else
else
front: 0.218378, 0.739016, 2.5
back: 0.655135, 2.21705, 7.5
front back
photon_ene: 661.6 photon_theta: 0.299001 photon_phi: 1.28347
traject_len: 5.23214
pe_len: 6.55133 cs_len: 11.5335
---
front: 1.93161, 0.797717, 2.5
side: 0, 0, 0
front only
else
else
front: 1.10836, 0, 2.5
side: 0, 0, 0
front only
front: 1.54831, 0, 2.5
side: 0, 0, 0
front only
else
else
else
front: 0, 1.5489, 2.5
side: 0, 0, 0
front only
else
else
else
else
else
else
front: 0, 0.716247, 2.5
side: 0, 0, 0
front only
front: 1.16979, 0, 2.5
side: 0, 0, 0
front only
else
front: 0, 1.70928, 2.5
side: 0, 0, 0
front only
else
else
else
else
else
else
else
else
else
else
else
else
else
else
else
else
front: 0, 0.917585, 2.5
side: 0, 0, 0
front only
else
else
else
front: 1.28915, 0, 2.5
side: 0, 0, 0
front only
else
else
else
else
else
else
else
front: 1.15316, 0, 2.5
side: 0, 0, 0
front only
else
else
front: 0, 1.86135, 2.5
side: 0, 0, 0
front only
front: 0.510777, 0.378125, 2.5
back: 1.53233, 1.13437, 7.5
front back
photon_ene: 661.6 photon_theta: 0.248931 photon_phi: 0.63726
traject_len: 5.15902
pe_len: 7.66733 cs_len: 0.125048
---
else
front: 0, 2.13392, 2.5
side: 0, 0, 0
front only
front: 0.169638, 1.32088, 2.5
side: 0, 0, 0
front only
front: 0, 0.44779, 2.5
side: 0, 0, 0
front only
front: 0, 0, 2.5
side: 0, 0, 0
front only
front: 0, 0, 2.5
side: 0, 0, 0
front only
else
else
front: 1.70557, 0.636856, 2.5
side: 0, 0, 0
front only
front: 0, 1.18564, 2.5
side: 0, 0, 0
front only
else
else
front: 0.225275, 1.44767, 2.5
side: 0, 0, 0
front only
front: 0.178404, 1.88007, 2.5
side: 0, 0, 0
front only
else
front: 0, 0.454716, 2.5
back: 0, 1.36415, 7.5
front back
photon_ene: 661.6 photon_theta: 2.94665 photon_phi: 5.11215
traject_len: 5.08203
pe_len: 70.3222 cs_len: 7.3892
---
else
else
else
front: 0.246352, 0.546414, 2.5
back: 0.739057, 1.63924, 7.5
front back
photon_ene: 661.6 photon_theta: 0.235311 photon_phi: 1.14723
traject_len: 5.1417
pe_len: 40.8346 cs_len: 1.91189
---
front: 0, 0, 2.5
side: 0, 0, 0
front only
else
front: 0, 0, 2.5
side: 0, 0, 0
front only
else
front: 0.508913, 0, 2.5
back: 1.52674, 0, 7.5
front back
photon_ene: 661.6 photon_theta: 0.256185 photon_phi: 5.6025
traject_len: 5.10255
pe_len: 1.4881 cs_len: 3.68874
---
else
else
front: 0, 0, 2.5
back: 0, 0, 7.5
front back
photon_ene: 661.6 photon_theta: 0.276842 photon_phi: 3.43844
traject_len: 5
pe_len: 16.7826 cs_len: 3.40512
---
else
else
else
else
front: 0.590982, 0, 2.5
back: 1.77295, 0, 7.5
front back
photon_ene: 661.6 photon_theta: 0.237293 photon_phi: 6.07036
traject_len: 5.1378
pe_len: 36.0733 cs_len: 8.77426
---
front: 0, 0, 2.5
back: 0, 0, 7.5
front back
photon_ene: 661.6 photon_theta: 0.11765 photon_phi: 3.45977
traject_len: 5
pe_len: 1.52802 cs_len: 2.79614
---
else
else
front: 0, 0.365004, 2.5
side: 0, 0, 0
front only
front: 0, 1.54931, 2.5
side: 0, 0, 0
front only
else
else
else
front: 0, 0, 2.5
side: 0, 0, 0
front only
else
else
else
else
else
else
else
front: 0, 0, 2.5
side: 0, 0, 0
front only
else
else
else
else
else
front: 0, 0.445192, 2.5
side: 0, 0, 0
front only
front: 0, 0.698259, 2.5
side: 0, 0, 0
front only
front: 0, 1.98162, 2.5
side: 0, 0, 0
front only
else
else
else
else
else
else
front: 0.118445, 1.19073, 2.5
side: 0, 0, 0
front only
else
front: 0, 0, 2.5
side: 0, 0, 0
front only
else
front: 2.16847, 0, 2.5
side: 0, 0, 0
front only
else
else
else
else
else
front: 0.317871, 0, 2.5
side: 0, 0, 0
front only
front: 0, 0, 2.5
side: 0, 0, 0
front only
else
else
else
front: 1.34426, 0, 2.5
side: 0, 0, 0
front only
else
front: 0, 0, 2.5
side: 0, 0, 0
front only
front: 0.55213, 0.0676001, 2.5
back: 1.65639, 0.2028, 7.5
front back
photon_ene: 661.6 photon_theta: 0.218935 photon_phi: 0.121829
traject_len: 5.12227
pe_len: 4.46266 cs_len: 1.23253
---
else
front: 0.0636812, 2.41321, 2.5
side: 0, 0, 0
front only
else
front: 0.0960842, 0, 2.5
side: 0, 0, 0
front only
front: 0, 0.85901, 2.5
side: 0, 0, 0
front only
else
else
else
else
else
else
front: 0.900496, 0, 2.5
side: 0, 0, 0
front only
else
front: 2.12873, 0.98831, 2.5
side: 0, 0, 0
front only
else
front: 1.18293, 0, 2.5
side: 0, 0, 0
front only
else
else
else
front: 1.02045, 0.0377962, 2.5
side: 0, 0, 0
front only
else
else
else
front: 0, 0, 2.5
side: 0, 0, 0
front only
front: 0, 0, 2.5
side: 0, 0, 0
front only
else
else
else
front: 0.284332, 0.261583, 2.5
back: 0.852996, 0.78475, 7.5
front back
photon_ene: 661.6 photon_theta: 0.153329 photon_phi: 0.743752
traject_len: 5.05936
pe_len: 1.30837 cs_len: 4.97954
---
else
else
else
else
else
else
else
front: 0, 0, 2.5
side: 0, 0, 0
front only
else
else
front: 0.147813, 0.235268, 2.5
back: 0.44344, 0.705803, 7.5
front back
photon_ene: 661.6 photon_theta: 0.110685 photon_phi: 1.00984
traject_len: 5.03079
pe_len: 50.1352 cs_len: 0.681969
---
else
else
else
else
front: 0, 0.919774, 2.5
side: 0, 0, 0
front only
else
else
front: 0, 0.728184, 2.5
side: 0, 0, 0
front only
front: 0.726772, 1.29758, 2.5
side: 0, 0, 0
front only
else
else
else
else
else
front: 0, 0, 2.5
side: 0, 0, 0
front only
else
front: 0.260225, 1.06582, 2.5
side: 0, 0, 0
front only
else
else
else
else
else
else
front: 0, 0, 2.5
side: 0, 0, 0
front only
else
else
else
else
else
else
front: 0.192659, 0, 2.5
side: 0, 0, 0
front only
else
else
front: 0, 0, 2.5
side: 0, 0, 0
front only
else
front: 0, 0, 2.5
side: 0, 0, 0
front only
else
else
front: 0, 0, 2.5
back: 0, 0, 7.5
front back
photon_ene: 661.6 photon_theta: 2.9773 photon_phi: 1.2756
traject_len: 5
pe_len: 17.7785 cs_len: 1.85195
---
else
else
else
else
else
else
else
else
else
front: 0.938061, 0, 2.5
side: 0, 0, 0
front only
else
front: 0.243538, 0, 2.5
back: 0.730613, 0, 7.5
front back
photon_ene: 661.6 photon_theta: 2.9608 photon_phi: 2.13287
traject_len: 5.02367
pe_len: 32.957 cs_len: 1.74094
---
else
else
else
else
else
front: 0, 0, 2.5
side: 0, 0, 0
front only
else
front: 1.71787, 0.250115, 2.5
side: 0, 0, 0
front only
front: 0.0144317, 0, 2.5
back: 0.043295, 0, 7.5
front back
photon_ene: 661.6 photon_theta: 2.98824 photon_phi: 1.60815
traject_len: 5.00008
pe_len: 18.7426 cs_len: 2.65937
---
front: 0.401107, 0, 2.5
back: 1.20332, 0, 7.5
front back
photon_ene: 661.6 photon_theta: 2.92752 photon_phi: 2.40089
traject_len: 5.06395
pe_len: 10.868 cs_len: 6.10114
---
else
else
else
front: 0, 0.146772, 2.5
back: 0, 0.440315, 7.5
front back
photon_ene: 661.6 photon_theta: 0.130159 photon_phi: 2.6765
traject_len: 5.00861
pe_len: 7.17801 cs_len: 1.94284
---
front: 1.59973, 0, 2.5
side: 0, 0, 0
front only
front: 0, 0, 2.5
side: 0, 0, 0
front only
else
else
else
else
front: 0, 1.21811, 2.5
side: 0, 0, 0
front only
front: 0.154643, 0, 2.5
back: 0.463929, 0, 7.5
front back
photon_ene: 661.6 photon_theta: 2.98888 photon_phi: 1.98438
traject_len: 5.00956
pe_len: 59.0507 cs_len: 5.67545
---
front: 0.581934, 2.25134, 2.5
side: 0, 0, 0
front only
else
else
else
else
front: 2.15693, 0.874639, 2.5
side: 0, 0, 0
front only
else
front: 0.747451, 1.4288, 2.5
side: 0, 0, 0
front only
else
else
front: 0.937408, 1.59101, 2.5
side: 0, 0, 0
front only
else
else
else
else
else
else
else
else
else
else
front: 0, 0, 2.5
side: 0, 0, 0
front only
else
else
else
else
else
else
front: 0.236944, 0.875346, 2.5
side: 0, 0, 0
front only
else
else
else
front: 0, 0.362605, 2.5
back: 0, 1.08782, 7.5
front back
photon_ene: 661.6 photon_theta: 2.94184 photon_phi: 5.48451
traject_len: 5.05232
pe_len: 14.3958 cs_len: 1.56604
---
front: 0, 1.93218, 2.5
side: 0, 0, 0
front only
front: 0, 0.206996, 2.5
side: 0, 0, 0
front only
else
else
front: 0.341273, 0, 2.5
side: 0, 0, 0
front only
else
else
front: 0.537191, 0, 2.5
back: 1.61157, 0, 7.5
front back
photon_ene: 661.6 photon_theta: 0.216796 photon_phi: 6.06168
traject_len: 5.11413
pe_len: 55.3265 cs_len: 8.75259
---
front: 0, 0, 2.5
side: 0, 0, 0
front only
else
else
else
front: 0, 0, 2.5
side: 0, 0, 0
front only
else
front: 0.453346, 0.158395, 2.5
back: 1.36004, 0.475185, 7.5
front back
photon_ene: 661.6 photon_theta: 0.189777 photon_phi: 0.336132
traject_len: 5.09141
pe_len: 108.611 cs_len: 8.60308
---
else
else
else
else
front: 0.842124, 0, 2.5
side: 0, 0, 0
front only
front: 0.649934, 0, 2.5
back: 1.9498, 0, 7.5
front back
photon_ene: 661.6 photon_theta: 0.261504 photon_phi: 6.04338
traject_len: 5.1662
pe_len: 6.8587 cs_len: 1.22486
---
front: 1.15031, 0.00143246, 2.5
side: 0, 0, 0
front only
else
else
front: 0.572641, 1.00364, 2.5
side: 0, 0, 0
front only
front: 1.31099, 0, 2.5
side: 0, 0, 0
front only
else
else
else
else
else
else
else
else
else
else
front: 0, 0, 2.5
side: 0, 0, 0
front only
front: 0.854981, 0, 2.5
side: 0, 0, 0
front only
else
else
else
front: 0, 1.21147, 2.5
side: 0, 0, 0
front only
else
else
else
else
front: 0, 0, 2.5
side: 0, 0, 0
front only
else
front: 0, 0, 2.5
side: 0, 0, 0
front only
else
front: 1.27466, 0.574043, 2.5
side: 0, 0, 0
front only
else
else
front: 0, 0, 2.5
back: 0, 0, 7.5
front back
photon_ene: 661.6 photon_theta: 2.88141 photon_phi: 0.160411
traject_len: 5
pe_len: 33.154 cs_len: 4.29578
---
else
else
front: 0.286194, 1.77533, 2.5
side: 0, 0, 0
front only
else
front: 0, 2.10309, 2.5
side: 0, 0, 0
front only
front: 0.0417939, 0, 2.5
side: 0, 0, 0
front only
else
front: 1.42193, 0, 2.5
side: 0, 0, 0
front only
front: 0, 0, 2.5
back: 0, 0, 7.5
front back
photon_ene: 661.6 photon_theta: 2.87892 photon_phi: 0.365956
traject_len: 5
pe_len: 61.6643 cs_len: 0.678696
---
front: 0, 0.24976, 2.5
side: 0, 0, 0
front only
front: 0, 0, 2.5
back: 0, 0, 7.5
front back
photon_ene: 661.6 photon_theta: 0.0396985 photon_phi: 3.5024
traject_len: 5
pe_len: 20.391 cs_len: 2.25783
---
else
else
else
front: 0.351114, 0.134107, 2.5
back: 1.05334, 0.40232, 7.5
front back
photon_ene: 661.6 photon_theta: 2.99237 photon_phi: 3.50644
traject_len: 5.05619
pe_len: 56.3727 cs_len: 4.63807
---
else
else
front: 0, 0.489951, 2.5
side: 0, 0, 0
front only
front: 0.19346, 1.58676, 2.5
side: 0, 0, 0
front only
front: 1.15738, 0.888898, 2.5
side: 0, 0, 0
front only
else
else
front: 0, 1.00307, 2.5
side: 0, 0, 0
front only
else
else
else
else
else
else
else
front: 0, 0.623051, 2.5
back: 0, 1.86915, 7.5
front back
photon_ene: 661.6 photon_theta: 2.8955 photon_phi: 4.83764
traject_len: 5.15294
pe_len: 1.85945 cs_len: 0.361325
---
else
else
else
else
else
else
front: 0, 1.03857, 2.5
side: 0, 0, 0
front only
else
else
else
front: 0, 1.53432, 2.5
side: 0, 0, 0
front only
else
else
else
front: 0, 1.69896, 2.5
side: 0, 0, 0
front only
front: 0.943898, 0.663159, 2.5
side: 0, 0, 0
front only
else
else
else
front: 0, 0, 2.5
side: 0, 0, 0
front only
else
else
front: 0, 0.993856, 2.5
side: 0, 0, 0
front only
else
else
front: 0.866805, 0, 2.5
side: 0, 0, 0
front only
else
else
else
else
else
else
else
else
front: 0, 0, 2.5
back: 0, 0, 7.5
front back
photon_ene: 661.6 photon_theta: 0.320865 photon_phi: 3.89122
traject_len: 5
pe_len: 8.64691 cs_len: 2.13991
---
front: 2.12425, 0.234324, 2.5
side: 0, 0, 0
front only
else
else
front: 0, 0.767072, 2.5
side: 0, 0, 0
front only
front: 0.0806147, 0, 2.5
side: 0, 0, 0
front only
else
else
else
else
else
front: 0, 0.709488, 2.5
side: 0, 0, 0
front only
else
else
front: 0.120477, 0, 2.5
back: 0.36143, 0, 7.5
front back
photon_ene: 661.6 photon_theta: 0.254778 photon_phi: 4.8985
traject_len: 5.0058
pe_len: 22.1196 cs_len: 0.871361
---
else
else
else
front: 0.792658, 1.30738, 2.5
side: 0, 0, 0
front only
else
else
else
front: 0.672042, 0.156638, 2.5
back: 2.01612, 0.469914, 7.5
front back
photon_ene: 661.6 photon_theta: 2.87228 photon_phi: 3.37058
traject_len: 5.18697
pe_len: 41.8962 cs_len: 12.1662
---
else
else
else
else
front: 1.06334, 0.674397, 2.5
side: 0, 0, 0
front only
else
else
front: 0, 1.71385, 2.5
side: 0, 0, 0
front only
else
else
front: 0, 0, 2.5
side: 0, 0, 0
front only
else
else
else
else
else
else
else
else
else
front: 1.66718, 0, 2.5
side: 0, 0, 0
front only
front: 0.303306, 0.667865, 2.5
back: 0.909917, 2.0036, 7.5
front back
photon_ene: 661.6 photon_theta: 0.285395 photon_phi: 1.1445
traject_len: 5.21077
pe_len: 32.7627 cs_len: 5.0773
---
front: 0, 1.10757, 2.5
side: 0, 0, 0
front only
front: 0, 0.328215, 2.5
side: 0, 0, 0
front only
else
else
else
else
front: 0, 0, 2.5
back: 0, 0, 7.5
front back
photon_ene: 661.6 photon_theta: 0.0300491 photon_phi: 4.09637
traject_len: 5
pe_len: 17.6745 cs_len: 0.544346
---
front: 1.12125, 0.254541, 2.5
side: 0, 0, 0
front only
front: 0, 0, 2.5
side: 0, 0, 0
front only
front: 0, 0, 2.5
side: 0, 0, 0
front only
else
else
else
else
else
else
front: 1.70176, 0, 2.5
side: 0, 0, 0
front only
else
front: 0, 0.767388, 2.5
side: 0, 0, 0
front only
front: 0, 0, 2.5
side: 0, 0, 0
front only
else
else
else
else
else
else
front: 0, 0.0736481, 2.5
back: 0, 0.220944, 7.5
front back
photon_ene: 661.6 photon_theta: 3.07654 photon_phi: 5.81392
traject_len: 5.00217
pe_len: 57.8538 cs_len: 2.83554
---
front: 0, 0, 2.5
back: 0, 0, 7.5
front back
photon_ene: 661.6 photon_theta: 0.226708 photon_phi: 3.70603
traject_len: 5
pe_len: 92.0562 cs_len: 0.862721
---
else
else
front: 1.67115, 0.754977, 2.5
side: 0, 0, 0
front only
else
else
else
else
else
else
else
front: 0, 0, 2.5
side: 0, 0, 0
front only
else
front: 1.16872, 0, 2.5
side: 0, 0, 0
front only
front: 1.2997, 0, 2.5
side: 0, 0, 0
front only
else
else
else
else
else
else
front: 2.05274, 0, 2.5
side: 0, 0, 0
front only
front: 0, 0.413285, 2.5
back: 0, 1.23986, 7.5
front back
photon_ene: 661.6 photon_theta: 0.235226 photon_phi: 2.38041
traject_len: 5.06786
pe_len: 24.8164 cs_len: 7.33831
---
else
else
else
else
else
front: 0, 0, 2.5
side: 0, 0, 0
front only
else
front: 1.20376, 1.02041, 2.5
side: 0, 0, 0
front only
else
else
front: 0.0208457, 0.0956491, 2.5
back: 0.0625372, 0.286947, 7.5
front back
photon_ene: 661.6 photon_theta: 0.0391377 photon_phi: 1.35621
traject_len: 5.00383
pe_len: 9.33219 cs_len: 12.3969
---
front: 0, 0.747253, 2.5
back: 0, 2.24176, 7.5
front back
photon_ene: 661.6 photon_theta: 2.84591 photon_phi: 4.90625
traject_len: 5.21858
pe_len: 1.66886 cs_len: 2.30431
---
else
else
front: 0.225712, 0, 2.5
back: 0.677135, 0, 7.5
front back
photon_ene: 661.6 photon_theta: 2.96764 photon_phi: 2.11038
traject_len: 5.02034
pe_len: 29.3626 cs_len: 5.74297
---
else
front: 0, 0, 2.5
side: 0, 0, 0
front only
front: 0, 2.10668, 2.5
side: 0, 0, 0
front only
front: 0, 0, 2.5
back: 0, 0, 7.5
front back
photon_ene: 661.6 photon_theta: 2.99 photon_phi: 0.964553
traject_len: 5
pe_len: 6.97699 cs_len: 4.32757
---
else
front: 0, 0, 2.5
side: 0, 0, 0
front only
else
else
front: 0.323158, 0, 2.5
side: 0, 0, 0
front only
else
front: 1.09307, 0.725152, 2.5
side: 0, 0, 0
front only
else
front: 0, 1.22041, 2.5
side: 0, 0, 0
front only
front: 0, 0, 2.5
side: 0, 0, 0
front only
else
front: 1.90932, 0.843223, 2.5
side: 0, 0, 0
front only
else
else
else
front: 0, 0, 2.5
side: 0, 0, 0
front only
else
front: 1.97279, 0.748742, 2.5
side: 0, 0, 0
front only
else
else
else
else
else
else
else
else
else
else
else
else
else
else
else
front: 0, 1.43483, 2.5
side: 0, 0, 0
front only
front: 0, 1.57604, 2.5
side: 0, 0, 0
front only
else
else
front: 1.64925, 0, 2.5
side: 0, 0, 0
front only
else
else
else
else
else
else
else
else
else
else
else
else
else
front: 1.71386, 1.4862, 2.5
side: 0, 0, 0
front only
else
else
front: 1.06246, 0.618628, 2.5
side: 0, 0, 0
front only
else
front: 0, 0.364523, 2.5
side: 0, 0, 0
front only
else
else
else
front: 0.692053, 0.516429, 2.5
side: 0, 0, 0
front only
front: 0, 1.63991, 2.5
side: 0, 0, 0
front only
else
else
front: 0, 0, 2.5
side: 0, 0, 0
front only
else
else
else
else
front: 0, 0, 2.5
side: 0, 0, 0
front only
else
front: 1.69419, 0.820837, 2.5
side: 0, 0, 0
front only
else
front: 0, 0, 2.5
side: 0, 0, 0
front only
else
else
else
else
else
else
front: 0.199919, 0.553768, 2.5
back: 0.599756, 1.6613, 7.5
front back
photon_ene: 661.6 photon_theta: 2.91031 photon_phi: 4.36593
traject_len: 5.13678
pe_len: 9.31153 cs_len: 3.01161
---
else
front: 1.17393, 0, 2.5
side: 0, 0, 0
front only
else
front: 0, 0, 2.5
side: 0, 0, 0
front only
front: 0.196209, 0, 2.5
back: 0.588626, 0, 7.5
front back
photon_ene: 661.6 photon_theta: 0.22323 photon_phi: 5.0654
traject_len: 5.01538
pe_len: 3.37649 cs_len: 6.30681
---
front: 0, 1.11965, 2.5
side: 0, 0, 0
front only
else
else
else
else
else
else
else
front: 1.16473, 0, 2.5
side: 0, 0, 0
front only
else
else
front: 0, 0, 2.5
side: 0, 0, 0
front only
front: 0, 0, 2.5
back: 0, 0, 7.5
front back
photon_ene: 661.6 photon_theta: 0.252694 photon_phi: 4.32085
traject_len: 5
pe_len: 13.1838 cs_len: 0.78873
---
else
else
else
else
else
else
else
else
front: 0, 0.618639, 2.5
back: 0, 1.85592, 7.5
front back
photon_ene: 661.6 photon_theta: 0.280349 photon_phi: 2.10745
traject_len: 5.15081
pe_len: 61.2597 cs_len: 2.44055
---
else
front: 0.378955, 0, 2.5
side: 0, 0, 0
front only
else
else
else
else
else
else
else
else
front: 0, 0, 2.5
side: 0, 0, 0
front only
else
else
front: 2.01069, 0, 2.5
side: 0, 0, 0
front only
else
else
else
else
else
else
else
front: 0.438728, 0, 2.5
side: 0, 0, 0
front only
else
else
front: 0.895957, 0, 2.5
side: 0, 0, 0
front only
else
front: 0, 0.400277, 2.5
side: 0, 0, 0
front only
else
front: 0, 0.301264, 2.5
side: 0, 0, 0
front only
else
else
else
else
front: 0.46184, 0.821828, 2.5
side: 0, 0, 0
front only
else
front: 0, 0, 2.5
side: 0, 0, 0
front only
front: 1.04669, 0, 2.5
side: 0, 0, 0
front only
front: 1.18794, 0, 2.5
side: 0, 0, 0
front only
else
front: 0, 0, 2.5
side: 0, 0, 0
front only
else
else
else
front: 0.115884, 0, 2.5
side: 0, 0, 0
front only
else
else
else
else
else
front: 0, 0.564558, 2.5
back: 0, 1.69367, 7.5
front back
photon_ene: 661.6 photon_theta: 0.229579 photon_phi: 1.83115
traject_len: 5.12591
pe_len: 4.30843 cs_len: 3.89787
---
else
else
else
front: 0.135375, 0, 2.5
side: 0, 0, 0
front only
else
front: 0, 0, 2.5
side: 0, 0, 0
front only
front: 0, 0, 2.5
side: 0, 0, 0
front only
front: 0, 2.46485, 2.5
side: 0, 0, 0
front only
front: 0, 0, 2.5
back: 0, 0, 7.5
front back
photon_ene: 661.6 photon_theta: 2.97873 photon_phi: 0.561487
traject_len: 5
pe_len: 24.9008 cs_len: 5.9117
---
else
else
else
front: 1.28285, 0, 2.5
side: 0, 0, 0
front only
front: 0, 0.564045, 2.5
side: 0, 0, 0
front only
else
else
else
else
front: 0.896258, 2.02228, 2.5
side: 0, 0, 0
front only
else
else
front: 0, 0.893627, 2.5
side: 0, 0, 0
front only
front: 0.122452, 1.52763, 2.5
side: 0, 0, 0
front only
else
else
front: 0, 2.07002, 2.5
side: 0, 0, 0
front only
else
front: 0, 0.276604, 2.5
side: 0, 0, 0
front only
else
front: 1.05833, 0, 2.5
side: 0, 0, 0
front only
else
else
front: 0, 0, 2.5
side: 0, 0, 0
front only
else
else
else
else
else
else
else
else
else
else
else
else
front: 0.232111, 0, 2.5
back: 0.696333, 0, 7.5
front back
photon_ene: 661.6 photon_theta: 2.82474 photon_phi: 1.85787
traject_len: 5.0215
pe_len: 9.30234 cs_len: 1.14224
---
else
else
else
else
else
else
else
else
else
front: 1.27833, 1.02447, 2.5
side: 0, 0, 0
front only
front: 0, 0.0303134, 2.5
side: 0, 0, 0
front only
front: 0, 0, 2.5
side: 0, 0, 0
front only
else
else
else
else
front: 0.413805, 1.15703, 2.5
side: 0, 0, 0
front only
else
else
else
else
else
else
else
else
else
front: 0, 0.257063, 2.5
side: 0, 0, 0
front only
else
front: 0, 0.104496, 2.5
side: 0, 0, 0
front only
front: 0, 0.441173, 2.5
back: 0, 1.32352, 7.5
front back
photon_ene: 661.6 photon_theta: 2.96344 photon_phi: 4.91247
traject_len: 5.07726
pe_len: 2.72608 cs_len: 1.32502
---
front: 0, 1.4552, 2.5
side: 0, 0, 0
front only
else
else
else
else
else
else
else
else
else
else
else
else
else
else
front: 0.74003, 0.324208, 2.5
back: 2.22009, 0.972623, 7.5
front back
photon_ene: 661.6 photon_theta: 2.82901 photon_phi: 3.55451
traject_len: 5.25462
pe_len: 47.6701 cs_len: 9.09156
---
front: 1.48277, 1.52104, 2.5
side: 0, 0, 0
front only
else
else
else
front: 0, 1.07284, 2.5
side: 0, 0, 0
front only
front: 0.976222, 1.53944, 2.5
side: 0, 0, 0
front only
else
else
front: 0, 0, 2.5
side: 0, 0, 0
front only
else
else
else
front: 0.809094, 0.458694, 2.5
side: 0, 0, 0
front only
else
else
else
else
else
else
else
else
front: 1.13369, 0.896036, 2.5
side: 0, 0, 0
front only
else
else
else
else
front: 0.844164, 0, 2.5
side: 0, 0, 0
front only
front: 0.119325, 0, 2.5
side: 0, 0, 0
front only
front: 0, 0, 2.5
side: 0, 0, 0
front only
else
else
else
else
else
else
front: 1.12987, 0, 2.5
side: 0, 0, 0
front only
else
front: 0, 0, 2.5
side: 0, 0, 0
front only
else
else
front: 0, 0.141774, 2.5
side: 0, 0, 0
front only
front: 0.100996, 1.15783, 2.5
side: 0, 0, 0
front only
else
else
else
else
else
else
else
front: 0, 0.850161, 2.5
side: 0, 0, 0
front only
else
front: 0, 0.375182, 2.5
side: 0, 0, 0
front only
front: 0, 1.17673, 2.5
side: 0, 0, 0
front only
else
else
front: 0, 0, 2.5
side: 0, 0, 0
front only
else
else
else
else
else
else
else
front: 0, 1.58417, 2.5
side: 0, 0, 0
front only
else
else
else
else
front: 1.30797, 0.725996, 2.5
side: 0, 0, 0
front only
front: 0, 0, 2.5
back: 0, 0, 7.5
front back
photon_ene: 661.6 photon_theta: 0.272887 photon_phi: 3.6224
traject_len: 5
pe_len: 13.2454 cs_len: 0.780331
---
else
else
front: 0, 0, 2.5
side: 0, 0, 0
front only
else
else
else
else
front: 1.08045, 1.27044, 2.5
side: 0, 0, 0
front only
else
else
else
else
else
else
else
front: 0.866487, 0, 2.5
side: 0, 0, 0
front only
front: 0.898078, 0, 2.5
side: 0, 0, 0
front only
front: 0.389848, 1.57623, 2.5
side: 0, 0, 0
front only
else
else
front: 0, 1.59301, 2.5
side: 0, 0, 0
front only
else
else
front: 1.0356, 1.73194, 2.5
side: 0, 0, 0
front only
else
else
else
else
front: 1.9013, 1.08316, 2.5
side: 0, 0, 0
front only
else
front: 1.13372, 0, 2.5
side: 0, 0, 0
front only
front: 1.06907, 0.271089, 2.5
side: 0, 0, 0
front only
front: 1.34384, 0, 2.5
side: 0, 0, 0
front only
else
else
else
else
else
else
else
else
else
front: 0, 0.523749, 2.5
side: 0, 0, 0
front only
else
else
else
else
else
front: 0, 0, 2.5
side: 0, 0, 0
front only
else
front: 0.935831, 1.67375, 2.5
side: 0, 0, 0
front only
else
else
front: 0.31705, 1.14626, 2.5
side: 0, 0, 0
front only
else
else
front: 0, 1.91737, 2.5
side: 0, 0, 0
front only
else
else
else
front: 0, 0.0161154, 2.5
side: 0, 0, 0
front only
else
else
front: 0.841171, 1.01761, 2.5
side: 0, 0, 0
front only
else
else
else
else
else
else
else
else
else
else
else
else
else
front: 0, 1.67237, 2.5
side: 0, 0, 0
front only
else
else
front: 0, 1.1508, 2.5
side: 0, 0, 0
front only
else
else
front: 0, 0, 2.5
side: 0, 0, 0
front only
else
else
else
else
front: 0.0974015, 0, 2.5
side: 0, 0, 0
front only
else
else
else
else
front: 0.818582, 0, 2.5
side: 0, 0, 0
front only
else
front: 0, 0, 2.5
side: 0, 0, 0
front only
front: 1.74271, 0.697971, 2.5
side: 0, 0, 0
front only
front: 0.643548, 0, 2.5
side: 0, 0, 0
front only
else
front: 0, 0, 2.5
side: 0, 0, 0
front only
front: 0, 0.17214, 2.5
side: 0, 0, 0
front only
front: 1.41247, 0, 2.5
side: 0, 0, 0
front only
else
front: 0, 0.119193, 2.5
back: 0, 0.35758, 7.5
front back
photon_ene: 661.6 photon_theta: 3.00693 photon_phi: 5.92358
traject_len: 5.00568
pe_len: 42.3344 cs_len: 3.49568
---
else
else
else
front: 0, 0, 2.5
back: 0, 0, 7.5
front back
photon_ene: 661.6 photon_theta: 3.0009 photon_phi: 0.0735239
traject_len: 5
pe_len: 1.30177 cs_len: 0.549256
---
else
else
front: 0, 0.830435, 2.5
side: 0, 0, 0
front only
front: 0.452134, 0, 2.5
side: 0, 0, 0
front only
front: 0, 0, 2.5
side: 0, 0, 0
front only
else
else
front: 0, 0, 2.5
side: 0, 0, 0
front only
else
front: 0.882383, 0, 2.5
side: 0, 0, 0
front only
else
else
else
else
else
else
front: 0, 0, 2.5
side: 0, 0, 0
front only
else
else
else
front: 0.923651, 2.15906, 2.5
side: 0, 0, 0
front only
front: 0, 0, 2.5
side: 0, 0, 0
front only
else
else
front: 0, 0.999837, 2.5
side: 0, 0, 0
front only
else
else
else
else
else
else
else
else
front: 0.351423, 0.0117729, 2.5
back: 1.05427, 0.0353186, 7.5
front back
photon_ene: 661.6 photon_theta: 0.139732 photon_phi: 0.033488
traject_len: 5.04921
pe_len: 41.5015 cs_len: 3.79186
---
else
else
else
else
else
else
else
else
else
else
else
else
else
else
else
else
else
front: 0, 0.543424, 2.5
back: 0, 1.63027, 7.5
front back
photon_ene: 661.6 photon_theta: 0.217655 photon_phi: 1.75617
traject_len: 5.11676
pe_len: 15.8794 cs_len: 1.2822
---
else
front: 1.3484, 0.210937, 2.5
side: 0, 0, 0
front only
else
front: 0.831525, 0, 2.5
side: 0, 0, 0
front only
else
else
else
else
else
front: 0, 0, 2.5
side: 0, 0, 0
front only
else
front: 0, 1.16141, 2.5
side: 0, 0, 0
front only
else
else
else
else
else
else
else
else
else
else
else
else
else
else
else
front: 0.643369, 0.559949, 2.5
side: 0, 0, 0
front only
else
else
else
else
front: 0, 0.00133274, 2.5
back: 0, 0.00399823, 7.5
front back
photon_ene: 661.6 photon_theta: 3.06278 photon_phi: 6.27643
traject_len: 5
pe_len: 31.3465 cs_len: 4.21763
---
else
front: 0, 0, 2.5
back: 0, 0, 7.5
front back
photon_ene: 661.6 photon_theta: 2.84974 photon_phi: 0.263949
traject_len: 5
pe_len: 0.640748 cs_len: 0.325452
---
else
else
else
else
else
else
else
else
else
else
else
else
front: 0.866393, 1.27081, 2.5
side: 0, 0, 0
front only
else
front: 1.59503, 0, 2.5
side: 0, 0, 0
front only
else
else
front: 0.233344, 1.08445, 2.5
side: 0, 0, 0
front only
front: 0.598912, 2.26414, 2.5
side: 0, 0, 0
front only
else
else
else
else
else
else
else
else
else
else
else
else
front: 0, 0.548479, 2.5
side: 0, 0, 0
front only
else
front: 0, 0, 2.5
side: 0, 0, 0
front only
else
front: 0, 0.336326, 2.5
side: 0, 0, 0
front only
else
else
else
front: 0.63556, 0.182835, 2.5
back: 1.90668, 0.548505, 7.5
front back
photon_ene: 661.6 photon_theta: 2.88298 photon_phi: 3.4217
traject_len: 5.17199
pe_len: 6.41354 cs_len: 0.924604
---
else
else
else
else
else
else
else
else
front: 0, 0, 2.5
side: 0, 0, 0
front only
front: 1.47983, 0.763864, 2.5
side: 0, 0, 0
front only
front: 0.928932, 0.338115, 2.5
side: 0, 0, 0
front only
front: 0.547875, 0.825654, 2.5
side: 0, 0, 0
front only
else
else
else
else
else
front: 0.0825982, 0, 2.5
back: 0.247795, 0, 7.5
front back
photon_ene: 661.6 photon_theta: 2.92856 photon_phi: 1.72413
traject_len: 5.00273
pe_len: 21.7645 cs_len: 2.61776
---
front: 0.996436, 0, 2.5
side: 0, 0, 0
front only
else
else
else
else
front: 0.29074, 0, 2.5
back: 0.872219, 0, 7.5
front back
photon_ene: 661.6 photon_theta: 2.83173 photon_phi: 1.94253
traject_len: 5.0337
pe_len: 61.1146 cs_len: 8.09306
---
else
front: 0, 0, 2.5
side: 0, 0, 0
front only
else
else
else
else
else
else
front: 1.0019, 0, 2.5
side: 0, 0, 0
front only
else
else
else
else
front: 0, 0, 2.5
side: 0, 0, 0
front only
front: 0.447651, 0, 2.5
side: 0, 0, 0
front only
else
else
front: 0, 0, 2.5
side: 0, 0, 0
front only
front: 1.91335, 1.27197, 2.5
side: 0, 0, 0
front only
front: 0.558776, 0.741361, 2.5
side: 0, 0, 0
front only
else
else
else
front: 0, 0, 2.5
side: 0, 0, 0
front only
front: 0, 0, 2.5
side: 0, 0, 0
front only
front: 0, 0, 2.5
side: 0, 0, 0
front only
else
front: 0.444587, 1.75609, 2.5
side: 0, 0, 0
front only
front: 0, 0, 2.5
side: 0, 0, 0
front only
else
else
front: 1.89558, 0, 2.5
side: 0, 0, 0
front only
front: 0.0867756, 0, 2.5
side: 0, 0, 0
front only
else
front: 0, 0, 2.5
side: 0, 0, 0
front only
front: 0, 0.590128, 2.5
back: 0, 1.77038, 7.5
front back
photon_ene: 661.6 photon_theta: 2.87322 photon_phi: 5.25115
traject_len: 5.13741
pe_len: 48.8482 cs_len: 0.610453
---
else
else
else
front: 2.18796, 1.20243, 2.5
side: 0, 0, 0
front only
front: 0, 0.800517, 2.5
side: 0, 0, 0
front only
front: 1.08348, 0, 2.5
side: 0, 0, 0
front only
front: 1.26489, 0.561418, 2.5
side: 0, 0, 0
front only
else
else
front: 0, 0, 2.5
side: 0, 0, 0
front only
else
else
else
front: 1.14145, 0.126756, 2.5
side: 0, 0, 0
front only
else
else
else
else
else
else
front: 0, 1.88828, 2.5
side: 0, 0, 0
front only
front: 0, 1.79317, 2.5
side: 0, 0, 0
front only
front: 0.396511, 0, 2.5
side: 0, 0, 0
front only
else
front: 0.220251, 0, 2.5
side: 0, 0, 0
front only
else
else
else
else
else
front: 0.0362923, 1.31131, 2.5
side: 0, 0, 0
front only
else
front: 0, 0.348782, 2.5
back: 0, 1.04635, 7.5
front back
photon_ene: 661.6 photon_theta: 0.283613 photon_phi: 2.64247
traject_len: 5.04843
pe_len: 1.30037 cs_len: 7.41636
---
else
else
else
else
else
else
else
else
else
else
front: 0, 1.16357, 2.5
side: 0, 0, 0
front only
else
else
front: 0, 0, 2.5
side: 0, 0, 0
front only
else
else
else
else
else
else
front: 0, 1.57407, 2.5
side: 0, 0, 0
front only
front: 0, 1.20154, 2.5
side: 0, 0, 0
front only
front: 1.78176, 0.308547, 2.5
side: 0, 0, 0
front only
else
else
else
else
else
front: 0, 0, 2.5
side: 0, 0, 0
front only
else
front: 0, 0, 2.5
side: 0, 0, 0
front only
front: 0, 0, 2.5
back: 0, 0, 7.5
front back
photon_ene: 661.6 photon_theta: 0.227117 photon_phi: 3.24495
traject_len: 5
pe_len: 29.4512 cs_len: 4.72612
---
else
else
else
else
front: 0.454257, 0, 2.5
back: 1.36277, 0, 7.5
front back
photon_ene: 661.6 photon_theta: 0.180742 photon_phi: 6.17679
traject_len: 5.08187
pe_len: 42.6013 cs_len: 19.7593
---
else
else
else
else
else
else
else
front: 0, 0.0946378, 2.5
back: 0, 0.283913, 7.5
front back
photon_ene: 661.6 photon_theta: 0.145524 photon_phi: 2.88034
traject_len: 5.00358
pe_len: 34.6366 cs_len: 12.7076
---
else
else
else
else
front: 0.966095, 1.74224, 2.5
side: 0, 0, 0
front only
else
front: 2.06868, 0.508693, 2.5
side: 0, 0, 0
front only
else
else
else
front: 0, 0, 2.5
back: 0, 0, 7.5
front back
photon_ene: 661.6 photon_theta: 0.140874 photon_phi: 4.23977
traject_len: 5
pe_len: 74.5617 cs_len: 0.491039
---
else
else
else
front: 0.886594, 0.65369, 2.5
side: 0, 0, 0
front only
else
else
front: 0, 0.067188, 2.5
back: 0, 0.201564, 7.5
front back
photon_ene: 661.6 photon_theta: 0.317487 photon_phi: 3.05971
traject_len: 5.00181
pe_len: 12.2913 cs_len: 1.20801
---
front: 1.68208, 0, 2.5
side: 0, 0, 0
front only
front: 0.69494, 0.519831, 2.5
side: 0, 0, 0
front only
else
else
front: 1.70921, 1.47264, 2.5
side: 0, 0, 0
front only
front: 1.48055, 0, 2.5
side: 0, 0, 0
front only
else
front: 0, 0, 2.5
side: 0, 0, 0
front only
else
else
else
else
front: 0, 1.92766, 2.5
side: 0, 0, 0
front only
else
else
else
else
front: 0.362459, 0.55376, 2.5
back: 1.08738, 1.66128, 7.5
front back
photon_ene: 661.6 photon_theta: 2.8828 photon_phi: 4.13283
traject_len: 5.17224
pe_len: 10.1675 cs_len: 9.41226
---
else
front: 0, 0, 2.5
side: 0, 0, 0
front only
else
front: 0.0886236, 2.22248, 2.5
side: 0, 0, 0
front only
front: 2.00298, 0.430434, 2.5
side: 0, 0, 0
front only
else
front: 0.621786, 0.793645, 2.5
side: 0, 0, 0
front only
front: 0, 0, 2.5
side: 0, 0, 0
front only
else
else
else
else
else
else
else
else
else
else
front: 0, 0, 2.5
back: 0, 0, 7.5
front back
photon_ene: 661.6 photon_theta: 0.263852 photon_phi: 3.64824
traject_len: 5
pe_len: 20.8609 cs_len: 1.64395
---
else
else
else
else
front: 0.347329, 2.25625, 2.5
side: 0, 0, 0
front only
front: 0, 0.929384, 2.5
side: 0, 0, 0
front only
else
front: 0, 0, 2.5
side: 0, 0, 0
front only
else
else
else
else
else
else
else
else
else
else
else
else
front: 0, 0, 2.5
side: 0, 0, 0
front only
front: 0.942752, 0, 2.5
side: 0, 0, 0
front only
front: 1.72235, 0.80053, 2.5
side: 0, 0, 0
front only
else
else
else
front: 0.339267, 0, 2.5
back: 1.0178, 0, 7.5
front back
photon_ene: 661.6 photon_theta: 0.278507 photon_phi: 5.2069
traject_len: 5.04583
pe_len: 3.91782 cs_len: 0.790141
---
else
front: 0.453662, 0, 2.5
side: 0, 0, 0
front only
front: 0, 0, 2.5
back: 0, 0, 7.5
front back
photon_ene: 661.6 photon_theta: 0.16584 photon_phi: 3.72788
traject_len: 5
pe_len: 147.357 cs_len: 3.23733
---
front: 0.802049, 0, 2.5
back: 2.40615, 0, 7.5
front back
photon_ene: 661.6 photon_theta: 0.310447 photon_phi: 6.28155
traject_len: 5.25101
pe_len: 137.7 cs_len: 6.63262
---
front: 1.27599, 0, 2.5
side: 0, 0, 0
front only
else
else
front: 0, 0.87366, 2.5
side: 0, 0, 0
front only
else
else
else
else
front: 0, 0, 2.5
side: 0, 0, 0
front only
front: 0, 0, 2.5
side: 0, 0, 0
front only
else
else
else
front: 1.7848, 0, 2.5
side: 0, 0, 0
front only
front: 0, 0.421264, 2.5
back: 0, 1.26379, 7.5
front back
photon_ene: 661.6 photon_theta: 0.309134 photon_phi: 2.5858
traject_len: 5.07049
pe_len: 16.6149 cs_len: 8.57438
---
else
else
front: 0, 0.188133, 2.5
back: 0, 0.5644, 7.5
front back
photon_ene: 661.6 photon_theta: 0.173496 photon_phi: 2.69778
traject_len: 5.01414
pe_len: 32.6957 cs_len: 0.0692735
---
front: 0.816836, 1.13112, 2.5
side: 0, 0, 0
front only
else
else
else
front: 1.53095, 0, 2.5
side: 0, 0, 0
front only
else
else
else
else
front: 2.4938, 0.0516056, 2.5
side: 0, 0, 0
front only
front: 0, 0, 2.5
side: 0, 0, 0
front only
front: 0, 0, 2.5
side: 0, 0, 0
front only
else
front: 0, 0, 2.5
side: 0, 0, 0
front only
front: 0, 0, 2.5
side: 0, 0, 0
front only
else
front: 0.558356, 0, 2.5
side: 0, 0, 0
front only
else
else
else
else
front: 1.2092, 1.19475, 2.5
side: 0, 0, 0
front only
else
front: 0, 1.05837, 2.5
side: 0, 0, 0
front only
front: 0, 0, 2.5
side: 0, 0, 0
front only
else
else
else
front: 0, 0, 2.5
side: 0, 0, 0
front only
else
else
front: 0, 1.5937, 2.5
side: 0, 0, 0
front only
else
else
front: 0.453739, 0.621555, 2.5
back: 1.36122, 1.86466, 7.5
front back
photon_ene: 661.6 photon_theta: 0.298616 photon_phi: 0.940214
traject_len: 5.23152
pe_len: 98.2011 cs_len: 0.704343
---
else
front: 0.263539, 0.862333, 2.5
side: 0, 0, 0
front only
else
else
else
else
front: 0, 0.582207, 2.5
back: 0, 1.74662, 7.5
front back
photon_ene: 661.6 photon_theta: 0.263467 photon_phi: 2.09969
traject_len: 5.1338
pe_len: 44.6421 cs_len: 22.1195
---
else
else
front: 1.21563, 0, 2.5
side: 0, 0, 0
front only
else
else
else
else
front: 1.13363, 0, 2.5
side: 0, 0, 0
front only
else
front: 0, 0, 2.5
side: 0, 0, 0
front only
else
else
else
front: 1.0946, 1.62304, 2.5
side: 0, 0, 0
front only
else
else
else
else
front: 1.35841, 0.711756, 2.5
side: 0, 0, 0
front only
front: 0, 0, 2.5
back: 0, 0, 7.5
front back
photon_ene: 661.6 photon_theta: 0.315238 photon_phi: 3.5044
traject_len: 5
pe_len: 90.0146 cs_len: 5.5238
---
front: 0, 0, 2.5
back: 0, 0, 7.5
front back
photon_ene: 661.6 photon_theta: 0.165355 photon_phi: 3.84716
traject_len: 5
pe_len: 11.1364 cs_len: 9.97881
---
else
front: 0, 0, 2.5
side: 0, 0, 0
front only
else
else
else
front: 0, 0.211935, 2.5
side: 0, 0, 0
front only
else
else
front: 0, 0.342145, 2.5
side: 0, 0, 0
front only
else
else
else
else
front: 0, 0.595094, 2.5
side: 0, 0, 0
front only
front: 1.17412, 0, 2.5
side: 0, 0, 0
front only
else
front: 0.375075, 0, 2.5
side: 0, 0, 0
front only
else
front: 0, 1.90473, 2.5
side: 0, 0, 0
front only
else
front: 1.92078, 0, 2.5
side: 0, 0, 0
front only
else
else
else
front: 0, 2.45058, 2.5
side: 0, 0, 0
front only
else
else
else
else
else
front: 0.678481, 1.00762, 2.5
side: 0, 0, 0
front only
else
front: 0, 0, 2.5
back: 0, 0, 7.5
front back
photon_ene: 661.6 photon_theta: 2.8271 photon_phi: 0.907153
traject_len: 5
pe_len: 11.5701 cs_len: 0.871665
---
else
else
else
else
else
else
else
else
front: 0.878688, 0.0684125, 2.5
side: 0, 0, 0
front only
else
else
else
else
front: 0, 0, 2.5
side: 0, 0, 0
front only
else
else
else
front: 0, 0, 2.5
side: 0, 0, 0
front only
else
else
else
else
else
else
front: 0.839853, 1.0813, 2.5
side: 0, 0, 0
front only
else
else
else
else
else
else
else
front: 0, 0, 2.5
side: 0, 0, 0
front only
else
front: 1.41668, 0, 2.5
side: 0, 0, 0
front only
front: 0.0213306, 0.563448, 2.5
back: 0.0639919, 1.69034, 7.5
front back
photon_ene: 661.6 photon_theta: 2.91976 photon_phi: 4.67455
traject_len: 5.12559
pe_len: 175.321 cs_len: 5.24743
---
else
else
else
else
else
front: 0, 0, 2.5
back: 0, 0, 7.5
front back
photon_ene: 661.6 photon_theta: 2.94668 photon_phi: 1.14271
traject_len: 5
pe_len: 59.283 cs_len: 15.5638
---
front: 1.14389, 0, 2.5
side: 0, 0, 0
front only
else
else
else
else
front: 0, 0, 2.5
side: 0, 0, 0
front only
else
front: 1.66954, 0, 2.5
side: 0, 0, 0
front only
front: 0.916208, 1.06458, 2.5
side: 0, 0, 0
front only
else
front: 0, 0, 2.5
back: 0, 0, 7.5
front back
photon_ene: 661.6 photon_theta: 2.92771 photon_phi: 0.857204
traject_len: 5
pe_len: 166.365 cs_len: 14.0631
---
front: 1.25775, 1.31533, 2.5
side: 0, 0, 0
front only
else
else
else
else
front: 0, 0, 2.5
side: 0, 0, 0
front only
else
else
front: 0, 0, 2.5
side: 0, 0, 0
front only
else
else
front: 0.525405, 0, 2.5
side: 0, 0, 0
front only
else
else
front: 0, 1.6596, 2.5
side: 0, 0, 0
front only
front: 0, 2.1053, 2.5
side: 0, 0, 0
front only
else
else
else
else
front: 0, 0.385819, 2.5
back: 0, 1.15746, 7.5
front back
photon_ene: 661.6 photon_theta: 2.94027 photon_phi: 5.42573
traject_len: 5.05919
pe_len: 69.9985 cs_len: 4.67587
---
else
else
front: 0.867897, 0, 2.5
side: 0, 0, 0
front only
front: 0, 0, 2.5
side: 0, 0, 0
front only
front: 0, 0, 2.5
side: 0, 0, 0
front only
front: 1.25578, 0, 2.5
side: 0, 0, 0
front only
else
front: 0.689954, 1.43558, 2.5
side: 0, 0, 0
front only
front: 0.785831, 0, 2.5
side: 0, 0, 0
front only
front: 0, 0, 2.5
side: 0, 0, 0
front only
front: 0, 0.781882, 2.5
back: 0, 2.34565, 7.5
front back
photon_ene: 661.6 photon_theta: 0.305376 photon_phi: 1.69641
traject_len: 5.23883
pe_len: 34.9923 cs_len: 0.122193
---
else
else
else
else
front: 1.73196, 1.08025, 2.5
side: 0, 0, 0
front only
else
else
front: 0, 0, 2.5
side: 0, 0, 0
front only
else
front: 0.260959, 0, 2.5
back: 0.782877, 0, 7.5
front back
photon_ene: 661.6 photon_theta: 0.118408 photon_phi: 5.78288
traject_len: 5.02717
pe_len: 6.47854 cs_len: 2.5799
---
else
else
front: 0, 0.479665, 2.5
side: 0, 0, 0
front only
else
else
front: 0, 0.559332, 2.5
side: 0, 0, 0
front only
else
else
else
front: 0.703507, 0, 2.5
side: 0, 0, 0
front only
else
else
else
else
else
else
else
else
front: 2.09188, 0, 2.5
side: 0, 0, 0
front only
front: 0, 1.3173, 2.5
side: 0, 0, 0
front only
else
else
front: 1.42719, 1.77883, 2.5
side: 0, 0, 0
front only
else
else
else
else
else
else
front: 0, 0, 2.5
back: 0, 0, 7.5
front back
photon_ene: 661.6 photon_theta: 0.228695 photon_phi: 3.7192
traject_len: 5
pe_len: 45.8492 cs_len: 0.346705
---
else
else
else
else
else
else
else
else
else
else
else
front: 0.717804, 0.986706, 2.5
side: 0, 0, 0
front only
front: 0, 1.7892, 2.5
side: 0, 0, 0
front only
front: 0, 0.337408, 2.5
side: 0, 0, 0
front only
else
else
front: 0, 0, 2.5
back: 0, 0, 7.5
front back
photon_ene: 661.6 photon_theta: 0.12746 photon_phi: 3.71938
traject_len: 5
pe_len: 92.6554 cs_len: 1.36238
---
front: 1.28923, 0.401801, 2.5
side: 0, 0, 0
front only
else
else
else
else
else
else
else
else
front: 0, 1.17623, 2.5
side: 0, 0, 0
front only
front: 0.925088, 1.76015, 2.5
side: 0, 0, 0
front only
else
front: 0, 0.287422, 2.5
back: 0, 0.862266, 7.5
front back
photon_ene: 661.6 photon_theta: 2.98376 photon_phi: 5.47595
traject_len: 5.03294
pe_len: 10.8622 cs_len: 1.11719
---
else
else
front: 1.41277, 0, 2.5
side: 0, 0, 0
front only
else
else
front: 1.64719, 0, 2.5
side: 0, 0, 0
front only
else
else
else
else
else
front: 0.830667, 0, 2.5
side: 0, 0, 0
front only
else
else
front: 1.30394, 0, 2.5
side: 0, 0, 0
front only
else
else
else
else
front: 0, 0, 2.5
side: 0, 0, 0
front only
front: 1.19913, 0, 2.5
side: 0, 0, 0
front only
else
else
else
else
else
else
else
else
else
else
else
else
else
else
else
front: 0.483604, 0, 2.5
back: 1.45081, 0, 7.5
front back
photon_ene: 661.6 photon_theta: 0.26329 photon_phi: 5.51281
traject_len: 5.09269
pe_len: 12.1294 cs_len: 8.97602
---
else
else
front: 0, 1.79948, 2.5
side: 0, 0, 0
front only
front: 1.3032, 0, 2.5
side: 0, 0, 0
front only
else
front: 0, 0, 2.5
side: 0, 0, 0
front only
else
else
else
front: 0, 1.93091, 2.5
side: 0, 0, 0
front only
else
else
else
else
else
front: 0.831644, 0, 2.5
side: 0, 0, 0
front only
else
else
front: 1.09086, 1.62207, 2.5
side: 0, 0, 0
front only
else
else
else
else
front: 0.801948, 0, 2.5
side: 0, 0, 0
front only
front: 0, 1.40004, 2.5
side: 0, 0, 0
front only
else
else
else
else
front: 0, 0.466612, 2.5
side: 0, 0, 0
front only
front: 0.314045, 0, 2.5
back: 0.942134, 0, 7.5
front back
photon_ene: 661.6 photon_theta: 3.00557 photon_phi: 2.7333
traject_len: 5.0393
pe_len: 34.7859 cs_len: 3.71365
---
else
else
front: 0, 1.99101, 2.5
side: 0, 0, 0
front only
else
front: 0, 0.042399, 2.5
back: 0, 0.127197, 7.5
front back
photon_ene: 661.6 photon_theta: 0.0749247 photon_phi: 2.91369
traject_len: 5.00072
pe_len: 77.0633 cs_len: 3.10878
---
else
else
front: 1.7922, 0.639662, 2.5
side: 0, 0, 0
front only
else
else
else
else
else
else
else
front: 0, 0, 2.5
side: 0, 0, 0
front only
else
else
else
else
front: 1.53577, 0.195707, 2.5
side: 0, 0, 0
front only
else
else
else
else
else
front: 0.000495538, 0, 2.5
side: 0, 0, 0
front only
front: 0, 1.65855, 2.5
side: 0, 0, 0
front only
else
front: 0, 0, 2.5
side: 0, 0, 0
front only
else
else
front: 0, 0, 2.5
side: 0, 0, 0
front only
else
else
front: 0, 0, 2.5
side: 0, 0, 0
front only
else
else
else
else
else
else
front: 0.0261328, 1.04772, 2.5
side: 0, 0, 0
front only
front: 0, 0.539523, 2.5
back: 0, 1.61857, 7.5
front back
photon_ene: 661.6 photon_theta: 2.8854 photon_phi: 5.31499
traject_len: 5.11511
pe_len: 8.67298 cs_len: 2.22565
---
else
else
else
else
else
front: 1.75865, 0, 2.5
side: 0, 0, 0
front only
front: 0, 0.436865, 2.5
back: 0, 1.3106, 7.5
front back
photon_ene: 661.6 photon_theta: 2.91116 photon_phi: 5.44285
traject_len: 5.07577
pe_len: 34.5042 cs_len: 1.2476
---
front: 0.0242962, 0, 2.5
side: 0, 0, 0
front only
else
else
else
else
else
else
else
front: 0, 0, 2.5
back: 0, 0, 7.5
front back
photon_ene: 661.6 photon_theta: 2.83244 photon_phi: 1.40577
traject_len: 5
pe_len: 8.92421 cs_len: 5.67661
---
else
else
else
front: 0, 0, 2.5
side: 0, 0, 0
front only
else
else
else
front: 0.276177, 0.823425, 2.5
side: 0, 0, 0
front only
else
else
else
else
front: 0.159806, 0.503245, 2.5
back: 0.479417, 1.50973, 7.5
front back
photon_ene: 661.6 photon_theta: 0.208145 photon_phi: 1.26332
traject_len: 5.1103
pe_len: 72.9845 cs_len: 2.99749
---
else
else
else
else
else
else
else
front: 0, 0.157637, 2.5
back: 0, 0.472911, 7.5
front back
photon_ene: 661.6 photon_theta: 3.07775 photon_phi: 4.87775
traject_len: 5.00993
pe_len: 32.0237 cs_len: 2.08575
---
else
else
front: 1.4522, 0, 2.5
side: 0, 0, 0
front only
else
else
else
front: 1.18254, 0, 2.5
side: 0, 0, 0
front only
else
else
else
else
else
else
else
front: 0, 0, 2.5
side: 0, 0, 0
front only
else
else
else
else
front: 0.147564, 0.398579, 2.5
back: 0.442692, 1.19574, 7.5
front back
photon_ene: 661.6 photon_theta: 2.9732 photon_phi: 4.35781
traject_len: 5.07174
pe_len: 9.13082 cs_len: 9.53357
---
front: 0, 0.386279, 2.5
side: 0, 0, 0
front only
else
else
front: 0, 0.444573, 2.5
side: 0, 0, 0
front only
else
else
else
else
else
else
else
else
else
front: 2.319, 0.0634063, 2.5
side: 0, 0, 0
front only
front: 0, 0, 2.5
side: 0, 0, 0
front only
front: 0.994389, 1.34322, 2.5
side: 0, 0, 0
front only
front: 0.147009, 0, 2.5
side: 0, 0, 0
front only
else
else
else
else
else
front: 0, 0.37279, 2.5
back: 0, 1.11837, 7.5
front back
photon_ene: 661.6 photon_theta: 2.86848 photon_phi: 5.72183
traject_len: 5.05528
pe_len: 37.8011 cs_len: 1.21938
---
else
else
else
else
front: 0.455553, 2.33244, 2.5
side: 0, 0, 0
front only
front: 2.08264, 0, 2.5
side: 0, 0, 0
front only
else
else
else
else
else
else
else
else
front: 0, 0, 2.5
side: 0, 0, 0
front only
else
else
front: 0, 0, 2.5
side: 0, 0, 0
front only
else
else
else
else
front: 0.159406, 0, 2.5
back: 0.478219, 0, 7.5
front back
photon_ene: 661.6 photon_theta: 3.01572 photon_phi: 2.09888
traject_len: 5.01015
pe_len: 12.7154 cs_len: 12.9642
---
else
else
else
else
else
else
front: 0.146147, 0, 2.5
back: 0.43844, 0, 7.5
front back
photon_ene: 661.6 photon_theta: 0.242067 photon_phi: 4.95142
traject_len: 5.00854
pe_len: 2.78908 cs_len: 0.260979
---
else
else
else
else
else
else
else
else
front: 0, 0, 2.5
side: 0, 0, 0
front only
else
front: 0, 1.00313, 2.5
side: 0, 0, 0
front only
else
else
front: 1.52508, 0, 2.5
side: 0, 0, 0
front only
front: 0, 0, 2.5
side: 0, 0, 0
front only
front: 0.170102, 0, 2.5
back: 0.510305, 0, 7.5
front back
photon_ene: 661.6 photon_theta: 2.93568 photon_phi: 1.9026
traject_len: 5.01156
pe_len: 17.4527 cs_len: 8.76425
---
front: 0, 0, 2.5
side: 0, 0, 0
front only
else
else
else
else
front: 0.770986, 0, 2.5
side: 0, 0, 0
front only
else
front: 0.0589744, 0.323954, 2.5
back: 0.176923, 0.971861, 7.5
front back
photon_ene: 661.6 photon_theta: 0.130957 photon_phi: 1.39072
traject_len: 5.04318
pe_len: 35.2744 cs_len: 0.792677
---
else
else
else
else
front: 1.18274, 1.29631, 2.5
side: 0, 0, 0
front only
front: 0, 0, 2.5
side: 0, 0, 0
front only
else
else
else
else
else
else
else
front: 0, 0.0217965, 2.5
back: 0, 0.0653896, 7.5
front back
photon_ene: 661.6 photon_theta: 0.0419225 photon_phi: 2.93222
traject_len: 5.00019
pe_len: 9.64216 cs_len: 3.90746
---
else
else
else
else
else
else
else
else
front: 1.06363, 1.17465, 2.5
side: 0, 0, 0
front only
front: 0, 2.20234, 2.5
side: 0, 0, 0
front only
else
else
else
else
else
else
front: 1.18397, 0, 2.5
side: 0, 0, 0
front only
else
else
front: 0, 0.190686, 2.5
back: 0, 0.572057, 7.5
front back
photon_ene: 661.6 photon_theta: 2.87116 photon_phi: 6.00445
traject_len: 5.01452
pe_len: 16.2255 cs_len: 7.0153
---
else
else
front: 1.61757, 0, 2.5
side: 0, 0, 0
front only
else
else
front: 0, 0, 2.5
back: 0, 0, 7.5
front back
photon_ene: 661.6 photon_theta: 0.204981 photon_phi: 3.98407
traject_len: 5
pe_len: 89.6908 cs_len: 0.773484
---
else
front: 0.270774, 1.13606, 2.5
side: 0, 0, 0
front only
else
else
front: 0, 1.28979, 2.5
side: 0, 0, 0
front only
else
else
front: 0, 1.46332, 2.5
side: 0, 0, 0
front only
front: 0, 0, 2.5
side: 0, 0, 0
front only
front: 0, 1.15457, 2.5
side: 0, 0, 0
front only
else
else
front: 2.02358, 0, 2.5
side: 0, 0, 0
front only
else
else
else
else
else
front: 1.6401, 1.61714, 2.5
side: 0, 0, 0
front only
front: 0, 0, 2.5
side: 0, 0, 0
front only
else
else
front: 0.0470613, 0, 2.5
back: 0.141184, 0, 7.5
front back
photon_ene: 661.6 photon_theta: 0.0768979 photon_phi: 4.9592
traject_len: 5.00089
pe_len: 106.739 cs_len: 5.78171
---
else
else
front: 0, 0.270441, 2.5
back: 0, 0.811322, 7.5
front back
photon_ene: 661.6 photon_theta: 2.98549 photon_phi: 5.52536
traject_len: 5.02917
pe_len: 1.96918 cs_len: 1.90887
---
else
else
else
front: 1.66565, 0, 2.5
side: 0, 0, 0
front only
front: 0.750813, 0, 2.5
side: 0, 0, 0
front only
else
else
front: 0, 0, 2.5
side: 0, 0, 0
front only
front: 0, 0, 2.5
side: 0, 0, 0
front only
else
else
else
front: 0, 0, 2.5
side: 0, 0, 0
front only
else
else
else
front: 0, 0, 2.5
side: 0, 0, 0
front only
front: 0, 0, 2.5
side: 0, 0, 0
front only
else
front: 0.405079, 2.12307, 2.5
side: 0, 0, 0
front only
else
else
else
else
else
front: 0.0692887, 0, 2.5
side: 0, 0, 0
front only
else
front: 0, 0, 2.5
side: 0, 0, 0
front only
else
else
else
front: 0.494047, 0, 2.5
back: 1.48214, 0, 7.5
front back
photon_ene: 661.6 photon_theta: 2.94593 photon_phi: 3.06482
traject_len: 5.0967
pe_len: 69.2764 cs_len: 1.68022
---
else
else
else
else
else
else
else
else
front: 1.98517, 1.03861, 2.5
side: 0, 0, 0
front only
front: 0, 0.706313, 2.5
side: 0, 0, 0
front only
front: 1.6955, 0, 2.5
side: 0, 0, 0
front only
front: 0, 0, 2.5
side: 0, 0, 0
front only
front: 0, 1.81347, 2.5
side: 0, 0, 0
front only
front: 1.44435, 0, 2.5
side: 0, 0, 0
front only
else
else
else
front: 0.900299, 0.0274001, 2.5
side: 0, 0, 0
front only
else
else
else
else
else
front: 0.235112, 0.874067, 2.5
side: 0, 0, 0
front only
front: 0, 0, 2.5
side: 0, 0, 0
front only
else
else
else
else
front: 0, 0.754453, 2.5
side: 0, 0, 0
front only
else
else
else
front: 0, 0, 2.5
back: 0, 0, 7.5
front back
photon_ene: 661.6 photon_theta: 0.261031 photon_phi: 4.61183
traject_len: 5
pe_len: 2.0283 cs_len: 3.12394
---
else
else
front: 0, 0, 2.5
side: 0, 0, 0
front only
front: 1.32196, 0, 2.5
side: 0, 0, 0
front only
front: 2.4058, 0, 2.5
side: 0, 0, 0
front only
else
else
else
else
else
else
front: 2.31816, 0, 2.5
side: 0, 0, 0
front only
else
else
else
else
front: 0.404012, 0, 2.5
side: 0, 0, 0
front only
else
else
else
front: 0, 0, 2.5
back: 0, 0, 7.5
front back
photon_ene: 661.6 photon_theta: 2.83975 photon_phi: 0.99537
traject_len: 5
pe_len: 69.0195 cs_len: 5.12373
---
else
else
else
else
else
else
else
else
else
else
else
else
else
front: 0, 1.67553, 2.5
side: 0, 0, 0
front only
else
else
front: 0, 0.302369, 2.5
side: 0, 0, 0
front only
front: 0.266341, 0, 2.5
side: 0, 0, 0
front only
else
else
front: 1.85559, 0, 2.5
side: 0, 0, 0
front only
else
else
else
else
else
else
front: 1.56408, 0, 2.5
side: 0, 0, 0
front only
else
else
else
front: 0, 1.06686, 2.5
side: 0, 0, 0
front only
front: 0.464168, 0.925106, 2.5
side: 0, 0, 0
front only
else
else
else
else
else
else
else
else
else
else
else
else
else
else
front: 0.07055, 0, 2.5
back: 0.21165, 0, 7.5
front back
photon_ene: 661.6 photon_theta: 0.0648679 photon_phi: 5.16179
traject_len: 5.00199
pe_len: 12.2466 cs_len: 2.9322
---
front: 0.575998, 2.00054, 2.5
side: 0, 0, 0
front only
else
else
front: 0, 1.19067, 2.5
side: 0, 0, 0
front only
else
else
front: 0, 1.66965, 2.5
side: 0, 0, 0
front only
else
else
front: 0, 0, 2.5
side: 0, 0, 0
front only
else
front: 0, 0, 2.5
side: 0, 0, 0
front only
front: 2.47663, 0.290062, 2.5
side: 0, 0, 0
front only
else
else
else
else
else
else
else
else
front: 0.469094, 0, 2.5
back: 1.40728, 0, 7.5
front back
photon_ene: 661.6 photon_theta: 2.90885 photon_phi: 2.48422
traject_len: 5.08726
pe_len: 63.6749 cs_len: 1.41269
---
else
else
else
else
else
else
else
else
else
front: 0.732226, 0, 2.5
side: 0, 0, 0
front only
else
front: 0.313344, 0, 2.5
back: 0.940033, 0, 7.5
front back
photon_ene: 661.6 photon_theta: 0.125045 photon_phi: 6.20716
traject_len: 5.03912
pe_len: 8.38777 cs_len: 1.3948
---
front: 0, 0, 2.5
side: 0, 0, 0
front only
else
front: 0, 0.0392693, 2.5
side: 0, 0, 0
front only
else
else
front: 0, 1.23897, 2.5
side: 0, 0, 0
front only
front: 2.04987, 1.08321, 2.5
side: 0, 0, 0
front only
front: 0, 0, 2.5
back: 0, 0, 7.5
front back
photon_ene: 661.6 photon_theta: 3.09472 photon_phi: 0.549729
traject_len: 5
pe_len: 22.2048 cs_len: 9.35669
---
else
else
front: 0, 1.94963, 2.5
side: 0, 0, 0
front only
else
else
else
else
else
front: 0, 0.623828, 2.5
side: 0, 0, 0
front only
front: 0, 0.786764, 2.5
side: 0, 0, 0
front only
else
front: 0, 0, 2.5
side: 0, 0, 0
front only
else
front: 2.31705, 0.434974, 2.5
side: 0, 0, 0
front only
else
front: 1.30814, 0.82743, 2.5
side: 0, 0, 0
front only
front: 0, 0, 2.5
side: 0, 0, 0
front only
else
else
else
else
else
else
front: 0, 1.31074, 2.5
side: 0, 0, 0
front only
else
front: 1.22928, 0.243746, 2.5
side: 0, 0, 0
front only
front: 0.298318, 0, 2.5
side: 0, 0, 0
front only
else
else
else
else
else
else
else
else
else
else
front: 0.417569, 0, 2.5
side: 0, 0, 0
front only
else
else
else
else
else
else
else
else
front: 0, 0, 2.5
side: 0, 0, 0
front only
front: 2.04727, 0.364712, 2.5
side: 0, 0, 0
front only
else
else
else
else
front: 0.362529, 0, 2.5
back: 1.08759, 0, 7.5
front back
photon_ene: 661.6 photon_theta: 2.92171 photon_phi: 2.27686
traject_len: 5.0523
pe_len: 89.0786 cs_len: 0.019643
---
else
front: 0, 0.415081, 2.5
back: 0, 1.24524, 7.5
front back
photon_ene: 661.6 photon_theta: 0.292095 photon_phi: 2.55664
traject_len: 5.06845
pe_len: 16.9268 cs_len: 2.5356
---
else
else
else
else
else
front: 0, 0, 2.5
side: 0, 0, 0
front only
front: 0, 1.76468, 2.5
side: 0, 0, 0
front only
front: 0.513049, 0, 2.5
side: 0, 0, 0
front only
front: 0, 0.263835, 2.5
side: 0, 0, 0
front only
front: 0, 0, 2.5
side: 0, 0, 0
front only
front: 0, 0, 2.5
back: 0, 0, 7.5
front back
photon_ene: 661.6 photon_theta: 2.8755 photon_phi: 1.0495
traject_len: 5
pe_len: 1.61151 cs_len: 1.22184
---
else
else
else
front: 0.475153, 1.53911, 2.5
side: 0, 0, 0
front only
else
else
else
else
front: 0, 0, 2.5
side: 0, 0, 0
front only
front: 0, 0.180629, 2.5
side: 0, 0, 0
front only
front: 0.234201, 1.44108, 2.5
side: 0, 0, 0
front only
front: 0.363837, 0, 2.5
side: 0, 0, 0
front only
else
front: 0, 0, 2.5
side: 0, 0, 0
front only
front: 0.213224, 1.80968, 2.5
side: 0, 0, 0
front only
else
else
front: 0.711458, 0.476575, 2.5
side: 0, 0, 0
front only
front: 0, 1.56812, 2.5
side: 0, 0, 0
front only
else
else
else
else
else
front: 0, 2.03092, 2.5
side: 0, 0, 0
front only
else
else
else
else
else
else
else
else
else
front: 0.3286, 1.29211, 2.5
side: 0, 0, 0
front only
else
else
else
front: 1.43386, 0.518391, 2.5
side: 0, 0, 0
front only
else
else
front: 0, 0.481736, 2.5
side: 0, 0, 0
front only
else
else
else
else
else
else
front: 0, 0, 2.5
side: 0, 0, 0
front only
else
front: 0.725889, 0.947642, 2.5
side: 0, 0, 0
front only
front: 1.55358, 0.645384, 2.5
side: 0, 0, 0
front only
else
else
else
else
else
else
else
else
front: 0, 0, 2.5
side: 0, 0, 0
front only
front: 0, 1.89969, 2.5
side: 0, 0, 0
front only
else
else
else
else
else
else
else
front: 1.4975, 0, 2.5
side: 0, 0, 0
front only
else
else
else
else
else
front: 0, 0, 2.5
side: 0, 0, 0
front only
else
front: 0.703568, 0, 2.5
side: 0, 0, 0
front only
else
front: 0.997527, 1.14833, 2.5
side: 0, 0, 0
front only
front: 0.977482, 1.27383, 2.5
side: 0, 0, 0
front only
else
else
else
else
else
else
else
else
else
else
else
else
else
front: 0, 0.979004, 2.5
side: 0, 0, 0
front only
else
else
front: 0.384306, 1.83217, 2.5
side: 0, 0, 0
front only
else
front: 0.22466, 0, 2.5
back: 0.67398, 0, 7.5
front back
photon_ene: 661.6 photon_theta: 2.95701 photon_phi: 2.07293
traject_len: 5.02015
pe_len: 0.733357 cs_len: 0.212124
---
else
else
else
else
else
else
else
else
else
else
else
else
front: 0, 0.521791, 2.5
side: 0, 0, 0
front only
else
else
front: 0, 1.52291, 2.5
side: 0, 0, 0
front only
else
else
else
front: 0.115395, 0.0924579, 2.5
back: 0.346184, 0.277374, 7.5
front back
photon_ene: 661.6 photon_theta: 0.0590776 photon_phi: 0.675492
traject_len: 5.00874
pe_len: 2.67416 cs_len: 2.38839
---
else
front: 0, 0.106556, 2.5
side: 0, 0, 0
front only
front: 0, 0.96421, 2.5
side: 0, 0, 0
front only
front: 0, 0, 2.5
side: 0, 0, 0
front only
else
else
else
front: 0, 0.396134, 2.5
side: 0, 0, 0
front only
else
front: 1.32167, 0, 2.5
side: 0, 0, 0
front only
else
else
else
else
else
front: 0, 0, 2.5
side: 0, 0, 0
front only
else
else
front: 0, 0.400701, 2.5
side: 0, 0, 0
front only
front: 0, 0, 2.5
back: 0, 0, 7.5
front back
photon_ene: 661.6 photon_theta: 2.8999 photon_phi: 0.997206
traject_len: 5
pe_len: 10.0182 cs_len: 0.424013
---
front: 0.558346, 0.427023, 2.5
back: 1.67504, 1.28107, 7.5
front back
photon_ene: 661.6 photon_theta: 0.274092 photon_phi: 0.652906
traject_len: 5.19388
pe_len: 8.2114 cs_len: 0.571805
---
else
else
front: 1.43858, 0, 2.5
side: 0, 0, 0
front only
else
else
else
else
front: 0, 0.196092, 2.5
side: 0, 0, 0
front only
front: 0.415128, 0.172565, 2.5
back: 1.24538, 0.517694, 7.5
front back
photon_ene: 661.6 photon_theta: 0.177925 photon_phi: 0.393959
traject_len: 5.0802
pe_len: 5.26462 cs_len: 6.75429
---
else
else
else
else
else
else
front: 0, 2.1327, 2.5
side: 0, 0, 0
front only
front: 0, 0, 2.5
side: 0, 0, 0
front only
else
else
else
front: 0, 0.319231, 2.5
side: 0, 0, 0
front only
front: 1.60809, 0, 2.5
side: 0, 0, 0
front only
else
front: 1.05578, 1.31802, 2.5
side: 0, 0, 0
front only
else
else
else
else
else
front: 0, 0.821607, 2.5
side: 0, 0, 0
front only
else
else
else
else
else
front: 0.793518, 0.318191, 2.5
side: 0, 0, 0
front only
else
front: 0, 0, 2.5
side: 0, 0, 0
front only
else
front: 0, 0.613381, 2.5
side: 0, 0, 0
front only
front: 0, 0.462751, 2.5
back: 0, 1.38825, 7.5
front back
photon_ene: 661.6 photon_theta: 2.92957 photon_phi: 5.24814
traject_len: 5.08493
pe_len: 6.37923 cs_len: 4.72856
---
else
else
else
front: 0, 0, 2.5
side: 0, 0, 0
front only
front: 0.594051, 0, 2.5
back: 1.78215, 0, 7.5
front back
photon_ene: 661.6 photon_theta: 2.84306 photon_phi: 2.45306
traject_len: 5.13922
pe_len: 20.9808 cs_len: 2.46572
---
else
front: 1.50276, 0.197855, 2.5
side: 0, 0, 0
front only
else
else
front: 0, 0, 2.5
side: 0, 0, 0
front only
else
else
front: 0, 0.726303, 2.5
back: 0, 2.17891, 7.5
front back
photon_ene: 661.6 photon_theta: 0.288635 photon_phi: 1.77888
traject_len: 5.20673
pe_len: 12.2448 cs_len: 3.76708
---
front: 1.27788, 0.269853, 2.5
side: 0, 0, 0
front only
else
else
else
else
front: 1.4453, 2.03895, 2.5
side: 0, 0, 0
front only
else
front: 0, 0, 2.5
side: 0, 0, 0
front only
else
front: 0.810607, 0.297086, 2.5
side: 0, 0, 0
front only
else
front: 0, 0.263722, 2.5
side: 0, 0, 0
front only
front: 0.694608, 0.472267, 2.5
side: 0, 0, 0
front only
else
else
front: 0.753485, 0.38697, 2.5
side: 0, 0, 0
front only
front: 1.5828, 0, 2.5
side: 0, 0, 0
front only
else
else
else
else
front: 0.277067, 0.773537, 2.5
back: 0.831202, 2.32061, 7.5
front back
photon_ene: 661.6 photon_theta: 0.317543 photon_phi: 1.22685
traject_len: 5.26313
pe_len: 16.4793 cs_len: 4.73765
---
front: 0, 0.451621, 2.5
side: 0, 0, 0
front only
front: 0.256672, 0.310205, 2.5
back: 0.770015, 0.930614, 7.5
front back
photon_ene: 661.6 photon_theta: 2.98191 photon_phi: 4.02115
traject_len: 5.06443
pe_len: 20.6425 cs_len: 5.48061
---
else
else
else
front: 0.674045, 0.122154, 2.5
back: 2.02214, 0.366463, 7.5
front back
photon_ene: 661.6 photon_theta: 0.267445 photon_phi: 0.17928
traject_len: 5.18431
pe_len: 52.8909 cs_len: 0.573311
---
else
else
else
front: 1.22401, 0, 2.5
side: 0, 0, 0
front only
else
else
else
front: 0, 1.33184, 2.5
side: 0, 0, 0
front only
else
else
else
else
front: 0, 0.862231, 2.5
side: 0, 0, 0
front only
else
else
front: 1.56975, 1.25921, 2.5
side: 0, 0, 0
front only
front: 0.0932614, 0.303451, 2.5
back: 0.279784, 0.910352, 7.5
front back
photon_ene: 661.6 photon_theta: 3.01529 photon_phi: 4.41422
traject_len: 5.04015
pe_len: 51.4321 cs_len: 0.369428
---
else
front: 0, 1.75199, 2.5
side: 0, 0, 0
front only
else
else
front: 0.375544, 0.763205, 2.5
side: 0, 0, 0
front only
else
else
else
front: 1.43445, 0, 2.5
side: 0, 0, 0
front only
else
else
front: 0.0534956, 0, 2.5
back: 0.160487, 0, 7.5
front back
photon_ene: 661.6 photon_theta: 3.08144 photon_phi: 1.93401
traject_len: 5.00114
pe_len: 7.1741 cs_len: 0.683739
---
else
else
else
front: 0.994329, 0.231849, 2.5
side: 0, 0, 0
front only
else
else
front: 0, 0.0440948, 2.5
back: 0, 0.132284, 7.5
front back
photon_ene: 661.6 photon_theta: 2.84674 photon_phi: 6.22508
traject_len: 5.00078
pe_len: 51.6195 cs_len: 10.5653
---
front: 1.06018, 0, 2.5
side: 0, 0, 0
front only
else
else
else
else
front: 0, 0, 2.5
side: 0, 0, 0
front only
else
front: 0, 0, 2.5
side: 0, 0, 0
front only
else
else
else
else
else
else
else
else
else
else
else
else
else
front: 2.16419, 0, 2.5
side: 0, 0, 0
front only
else
else
else
else
else
front: 0.662752, 1.01578, 2.5
side: 0, 0, 0
front only
else
else
front: 0, 0, 2.5
side: 0, 0, 0
front only
else
front: 0.345161, 0, 2.5
back: 1.03548, 0, 7.5
front back
photon_ene: 661.6 photon_theta: 0.137846 photon_phi: 6.18546
traject_len: 5.04743
pe_len: 12.8264 cs_len: 1.73983
---
else
front: 0, 1.65147, 2.5
side: 0, 0, 0
front only
front: 0, 0, 2.5
back: 0, 0, 7.5
front back
photon_ene: 661.6 photon_theta: 3.06822 photon_phi: 0.983087
traject_len: 5
pe_len: 2.96576 cs_len: 0.566455
---
else
front: 0, 0.849918, 2.5
side: 0, 0, 0
front only
else
else
front: 0, 1.17488, 2.5
side: 0, 0, 0
front only
else
front: 0.975649, 0.774962, 2.5
side: 0, 0, 0
front only
else
front: 0, 0, 2.5
back: 0, 0, 7.5
front back
photon_ene: 661.6 photon_theta: 0.161638 photon_phi: 4.07932
traject_len: 5
pe_len: 20.2744 cs_len: 1.14443
---
front: 0.901193, 0, 2.5
side: 0, 0, 0
front only
front: 1.26026, 0, 2.5
side: 0, 0, 0
front only
front: 1.98496, 0.0892864, 2.5
side: 0, 0, 0
front only
else
front: 0, 0.817002, 2.5
side: 0, 0, 0
front only
front: 0.228643, 2.15167, 2.5
side: 0, 0, 0
front only
else
else
else
else
else
else
else
front: 0, 0.483625, 2.5
side: 0, 0, 0
front only
else
else
else
front: 1.1172, 1.86014, 2.5
side: 0, 0, 0
front only
else
else
else
else
front: 0.630136, 0, 2.5
side: 0, 0, 0
front only
else
else
else
else
else
else
front: 1.5051, 0, 2.5
side: 0, 0, 0
front only
front: 0, 0, 2.5
side: 0, 0, 0
front only
else
else
front: 1.04457, 0, 2.5
side: 0, 0, 0
front only
else
front: 0, 0, 2.5
side: 0, 0, 0
front only
else
else
else
else
else
else
else
else
else
else
else
else
else
front: 0.10933, 0.608494, 2.5
back: 0.327989, 1.82548, 7.5
front back
photon_ene: 661.6 photon_theta: 2.89916 photon_phi: 4.53461
traject_len: 5.15062
pe_len: 4.52916 cs_len: 3.36271
---
else
else
else
else
front: 0.0862111, 1.00274, 2.5
side: 0, 0, 0
front only
else
else
else
else
front: 0, 1.06511, 2.5
side: 0, 0, 0
front only
else
else
else
front: 0, 0, 2.5
side: 0, 0, 0
front only
else
else
else
else
front: 0.143845, 1.7003, 2.5
side: 0, 0, 0
front only
else
else
else
else
else
else
front: 1.66343, 0, 2.5
side: 0, 0, 0
front only
else
else
else
else
front: 1.44447, 0, 2.5
side: 0, 0, 0
front only
front: 0, 0.942506, 2.5
side: 0, 0, 0
front only
else
else
else
else
else
else
else
front: 0.444887, 0.360896, 2.5
back: 1.33466, 1.08269, 7.5
front back
photon_ene: 661.6 photon_theta: 2.91634 photon_phi: 3.82313
traject_len: 5.12959
pe_len: 6.0246 cs_len: 1.77925
---
else
front: 1.15942, 1.75458, 2.5
side: 0, 0, 0
front only
else
else
else
else
front: 1.1208, 0, 2.5
side: 0, 0, 0
front only
else
else
else
else
front: 1.09465, 0.347108, 2.5
side: 0, 0, 0
front only
front: 0.53289, 2.07589, 2.5
side: 0, 0, 0
front only
else
else
else
front: 0, 0, 2.5
back: 0, 0, 7.5
front back
photon_ene: 661.6 photon_theta: 0.0309377 photon_phi: 3.8983
traject_len: 5
pe_len: 22.2472 cs_len: 4.24045
---
else
else
else
else
else
front: 0, 0, 2.5
side: 0, 0, 0
front only
front: 1.32697, 0, 2.5
side: 0, 0, 0
front only
else
else
front: 0, 2.17421, 2.5
side: 0, 0, 0
front only
else
else
else
front: 0.385, 0.756171, 2.5
side: 0, 0, 0
front only
else
else
front: 0.778307, 0, 2.5
side: 0, 0, 0
front only
else
else
else
else
front: 0, 0, 2.5
side: 0, 0, 0
front only
else
else
else
else
front: 0.948179, 1.77864, 2.5
side: 0, 0, 0
front only
front: 0, 0, 2.5
back: 0, 0, 7.5
front back
photon_ene: 661.6 photon_theta: 2.91263 photon_phi: 1.11325
traject_len: 5
pe_len: 39.0964 cs_len: 9.16108
---
else
else
else
else
else
else
else
else
else
else
else
front: 0.093177, 0.520069, 2.5
back: 0.279531, 1.56021, 7.5
front back
photon_ene: 661.6 photon_theta: 0.208275 photon_phi: 1.39351
traject_len: 5.11044
pe_len: 53.3093 cs_len: 2.2096
---
else
front: 0.739754, 1.00307, 2.5
side: 0, 0, 0
front only
else
else
else
front: 1.49357, 1.08473, 2.5
side: 0, 0, 0
front only
else
else
else
else
else
front: 0.0731669, 2.06375, 2.5
side: 0, 0, 0
front only
else
else
else
front: 0.296294, 0, 2.5
back: 0.888881, 0, 7.5
front back
photon_ene: 661.6 photon_theta: 0.178514 photon_phi: 5.42902
traject_len: 5.03499
pe_len: 23.2591 cs_len: 13.1897
---
else
else
else
else
else
else
else
else
front: 1.1972, 0, 2.5
side: 0, 0, 0
front only
else
else
else
else
front: 1.06481, 0, 2.5
side: 0, 0, 0
front only
front: 0.449522, 0.0895959, 2.5
back: 1.34857, 0.268788, 7.5
front back
photon_ene: 661.6 photon_theta: 2.96026 photon_phi: 3.33833
traject_len: 5.08334
pe_len: 82.5926 cs_len: 2.10356
---
else
else
else
else
front: 0.0300494, 0, 2.5
back: 0.0901481, 0, 7.5
front back
photon_ene: 661.6 photon_theta: 0.114398 photon_phi: 4.81719
traject_len: 5.00036
pe_len: 25.9145 cs_len: 18.1645
---
else
else
front: 0, 0, 2.5
side: 0, 0, 0
front only
front: 0, 2.15313, 2.5
side: 0, 0, 0
front only
else
else
else
else
else
front: 0, 0.102301, 2.5
back: 0, 0.306902, 7.5
front back
photon_ene: 661.6 photon_theta: 0.237703 photon_phi: 2.97188
traject_len: 5.00418
pe_len: 8.37507 cs_len: 2.12607
---
front: 1.46229, 0, 2.5
side: 0, 0, 0
front only
else
else
else
else
front: 0, 0, 2.5
side: 0, 0, 0
front only
front: 0.674513, 0.454826, 2.5
back: 2.02354, 1.36448, 7.5
front back
photon_ene: 661.6 photon_theta: 0.314605 photon_phi: 0.59327
traject_len: 5.25807
pe_len: 33.7384 cs_len: 0.435067
---
else
else
else
else
else
else
else
else
front: 0, 0, 2.5
side: 0, 0, 0
front only
else
else
else
front: 0, 1.48572, 2.5
side: 0, 0, 0
front only
else
else
else
else
else
else
else
else
front: 0.671248, 0, 2.5
side: 0, 0, 0
front only
front: 0, 1.27278, 2.5
side: 0, 0, 0
front only
front: 2.11403, 1.12283, 2.5
side: 0, 0, 0
front only
else
else
else
else
front: 0, 0, 2.5
side: 0, 0, 0
front only
front: 0, 0.227349, 2.5
side: 0, 0, 0
front only
else
else
else
front: 0.418669, 0, 2.5
side: 0, 0, 0
front only
else
else
else
front: 1.16511, 0, 2.5
side: 0, 0, 0
front only
front: 0, 0.905194, 2.5
side: 0, 0, 0
front only
else
else
else
front: 0.433136, 1.92943, 2.5
side: 0, 0, 0
front only
else
else
else
else
else
else
else
front: 0, 0, 2.5
back: 0, 0, 7.5
front back
photon_ene: 661.6 photon_theta: 3.02293 photon_phi: 0.0187438
traject_len: 5
pe_len: 69.7213 cs_len: 15.3911
---
front: 0, 0.128834, 2.5
side: 0, 0, 0
front only
else
front: 0, 2.38044, 2.5
side: 0, 0, 0
front only
else
front: 0.255911, 0, 2.5
back: 0.767734, 0, 7.5
front back
photon_ene: 661.6 photon_theta: 2.94073 photon_phi: 2.09758
traject_len: 5.02613
pe_len: 9.28059 cs_len: 6.54481
---
else
else
else
else
else
else
else
else
else
else
else
front: 0, 0, 2.5
side: 0, 0, 0
front only
else
else
else
else
else
else
else
front: 0, 0, 2.5
back: 0, 0, 7.5
front back
photon_ene: 661.6 photon_theta: 0.0325931 photon_phi: 4.04801
traject_len: 5
pe_len: 21.7781 cs_len: 1.0077
---
else
front: 0.525043, 0, 2.5
side: 0, 0, 0
front only
else
front: 0, 2.05224, 2.5
side: 0, 0, 0
front only
else
front: 0, 1.74275, 2.5
side: 0, 0, 0
front only
else
else
else
front: 2.05597, 1.21441, 2.5
side: 0, 0, 0
front only
front: 0, 0, 2.5
side: 0, 0, 0
front only
else
else
else
else
else
front: 0.846424, 0, 2.5
side: 0, 0, 0
front only
else
else
else
front: 0, 0.870266, 2.5
side: 0, 0, 0
front only
else
else
else
else
front: 0, 1.79092, 2.5
side: 0, 0, 0
front only
front: 0, 0, 2.5
side: 0, 0, 0
front only
else
else
else
else
front: 0.27746, 0.256916, 2.5
back: 0.832381, 0.770748, 7.5
front back
photon_ene: 661.6 photon_theta: 0.150118 photon_phi: 0.746972
traject_len: 5.05687
pe_len: 31.993 cs_len: 3.445
---
else
else
front: 0.895563, 1.01296, 2.5
side: 0, 0, 0
front only
else
front: 0, 0.501457, 2.5
back: 0, 1.50437, 7.5
front back
photon_ene: 661.6 photon_theta: 2.82987 photon_phi: 5.61127
traject_len: 5.09959
pe_len: 7.45672 cs_len: 0.566764
---
else
else
else
else
else
front: 1.7146, 0.383031, 2.5
side: 0, 0, 0
front only
else
else
front: 0, 0, 2.5
side: 0, 0, 0
front only
else
front: 0, 0.0268399, 2.5
side: 0, 0, 0
front only
front: 0.451558, 0, 2.5
back: 1.35468, 0, 7.5
front back
photon_ene: 661.6 photon_theta: 0.253107 photon_phi: 5.48544
traject_len: 5.08091
pe_len: 30.1885 cs_len: 0.599463
---
else
front: 0.539221, 0, 2.5
side: 0, 0, 0
front only
else
else
front: 0, 0, 2.5
back: 0, 0, 7.5
front back
photon_ene: 661.6 photon_theta: 2.89191 photon_phi: 0.733168
traject_len: 5
pe_len: 13.7377 cs_len: 3.57499
---
front: 0.824972, 0.165946, 2.5
side: 0, 0, 0
front only
else
else
else
front: 0.157414, 0.963652, 2.5
side: 0, 0, 0
front only
front: 0, 0.655305, 2.5
back: 0, 1.96591, 7.5
front back
photon_ene: 661.6 photon_theta: 2.85282 photon_phi: 5.20236
traject_len: 5.16892
pe_len: 32.4149 cs_len: 6.79809
---
front: 0, 0.146572, 2.5
back: 0, 0.439717, 7.5
front back
photon_ene: 661.6 photon_theta: 2.8787 photon_phi: 6.06357
traject_len: 5.00859
pe_len: 27.4455 cs_len: 0.0851268
---
else
else
else
front: 0.517396, 0.571515, 2.5
back: 1.55219, 1.71455, 7.5
front back
photon_ene: 661.6 photon_theta: 0.299119 photon_phi: 0.835057
traject_len: 5.23233
pe_len: 40.9295 cs_len: 12.9349
---
else
else
else
else
else
front: 0, 1.02821, 2.5
side: 0, 0, 0
front only
front: 2.39177, 0.321846, 2.5
side: 0, 0, 0
front only
else
front: 1.06071, 1.11081, 2.5
side: 0, 0, 0
front only
else
else
front: 0, 2.32848, 2.5
side: 0, 0, 0
front only
front: 0, 1.26798, 2.5
side: 0, 0, 0
front only
front: 0.650105, 0, 2.5
side: 0, 0, 0
front only
else
else
else
front: 0, 0, 2.5
side: 0, 0, 0
front only
else
else
else
else
front: 0, 0, 2.5
side: 0, 0, 0
front only
front: 0, 0, 2.5
side: 0, 0, 0
front only
else
front: 0.747132, 1.93788, 2.5
side: 0, 0, 0
front only
else
front: 1.61529, 0, 2.5
side: 0, 0, 0
front only
else
front: 2.04213, 0, 2.5
side: 0, 0, 0
front only
front: 0.803526, 0, 2.5
side: 0, 0, 0
front only
front: 0, 0, 2.5
side: 0, 0, 0
front only
front: 0.128839, 0, 2.5
back: 0.386516, 0, 7.5
front back
photon_ene: 661.6 photon_theta: 0.101763 photon_phi: 5.2414
traject_len: 5.00664
pe_len: 5.91225 cs_len: 6.43504
---
else
else
else
else
else
else
else
else
else
else
else
else
front: 0, 1.52492, 2.5
side: 0, 0, 0
front only
else
else
else
else
else
else
else
else
else
else
else
front: 0.254375, 0, 2.5
side: 0, 0, 0
front only
else
else
else
else
else
else
front: 0, 0.807651, 2.5
side: 0, 0, 0
front only
else
front: 0, 0, 2.5
side: 0, 0, 0
front only
else
else
else
front: 0, 0.661031, 2.5
side: 0, 0, 0
front only
else
else
else
else
else
front: 0, 0, 2.5
side: 0, 0, 0
front only
else
front: 1.20006, 0, 2.5
side: 0, 0, 0
front only
else
else
front: 0.592052, 0, 2.5
side: 0, 0, 0
front only
else
else
else
front: 0.0913628, 0, 2.5
side: 0, 0, 0
front only
else
front: 0.153454, 0, 2.5
side: 0, 0, 0
front only
else
else
front: 1.11463, 1.79975, 2.5
side: 0, 0, 0
front only
else
else
front: 0, 0, 2.5
side: 0, 0, 0
front only
else
front: 0.194323, 0.717981, 2.5
back: 0.58297, 2.15394, 7.5
front back
photon_ene: 661.6 photon_theta: 0.289185 photon_phi: 1.30648
traject_len: 5.21661
pe_len: 82.7289 cs_len: 1.47994
---
else
else
else
else
front: 0, 0, 2.5
side: 0, 0, 0
front only
else
else
else
else
front: 0, 1.57734, 2.5
side: 0, 0, 0
front only
else
else
else
front: 1.25398, 0, 2.5
side: 0, 0, 0
front only
else
else
else
else
front: 0, 0, 2.5
side: 0, 0, 0
front only
else
else
front: 2.24867, 0, 2.5
side: 0, 0, 0
front only
else
else
else
front: 0.535718, 0.407319, 2.5
back: 1.60716, 1.22196, 7.5
front back
photon_ene: 661.6 photon_theta: 0.262959 photon_phi: 0.650075
traject_len: 5.17799
pe_len: 16.2949 cs_len: 5.33213
---
else
else
else
else
else
else
front: 0.289084, 0, 2.5
back: 0.867251, 0, 7.5
front back
photon_ene: 661.6 photon_theta: 2.83422 photon_phi: 1.94365
traject_len: 5.03332
pe_len: 13.3614 cs_len: 0.00122309
---
else
else
front: 0.186909, 0, 2.5
side: 0, 0, 0
front only
else
else
else
else
front: 0, 0, 2.5
side: 0, 0, 0
front only
else
else
else
else
front: 0, 1.72352, 2.5
side: 0, 0, 0
front only
else
else
else
else
else
front: 0, 0.445373, 2.5
back: 0, 1.33612, 7.5
front back
photon_ene: 661.6 photon_theta: 0.191316 photon_phi: 1.97404
traject_len: 5.07872
pe_len: 15.3517 cs_len: 2.74451
---
else
else
else
else
else
front: 0.255856, 1.65228, 2.5
side: 0, 0, 0
front only
front: 0.791944, 1.77448, 2.5
side: 0, 0, 0
front only
else
else
front: 1.75588, 1.12472, 2.5
side: 0, 0, 0
front only
else
else
else
front: 0, 0.437327, 2.5
back: 0, 1.31198, 7.5
front back
photon_ene: 661.6 photon_theta: 0.221052 photon_phi: 2.24944
traject_len: 5.07593
pe_len: 27.773 cs_len: 4.88139
---
else
else
front: 0, 1.59898, 2.5
side: 0, 0, 0
front only
front: 0.284203, 1.23272, 2.5
side: 0, 0, 0
front only
else
else
front: 0, 0.589468, 2.5
back: 0, 1.7684, 7.5
front back
photon_ene: 661.6 photon_theta: 2.90982 photon_phi: 4.75663
traject_len: 5.13711
pe_len: 7.1139 cs_len: 2.09774
---
else
else
else
else
front: 0, 0, 2.5
side: 0, 0, 0
front only
else
front: 1.9155, 1.28492, 2.5
side: 0, 0, 0
front only
else
else
front: 0, 0.540784, 2.5
side: 0, 0, 0
front only
else
else
front: 1.21934, 0, 2.5
side: 0, 0, 0
front only
front: 0, 0, 2.5
side: 0, 0, 0
front only
front: 0, 0, 2.5
side: 0, 0, 0
front only
front: 1.00777, 0, 2.5
side: 0, 0, 0
front only
else
else
else
front: 1.0492, 0, 2.5
side: 0, 0, 0
front only
else
front: 0, 1.90649, 2.5
side: 0, 0, 0
front only
else
front: 2.21328, 0.632576, 2.5
side: 0, 0, 0
front only
else
else
else
else
else
else
else
else
else
front: 0, 0, 2.5
side: 0, 0, 0
front only
else
else
front: 0, 0.629304, 2.5
side: 0, 0, 0
front only
front: 0.198473, 0.287075, 2.5
back: 0.595418, 0.861225, 7.5
front back
photon_ene: 661.6 photon_theta: 3.00289 photon_phi: 4.10748
traject_len: 5.04849
pe_len: 21.324 cs_len: 6.78846
---
else
front: 1.06609, 0, 2.5
side: 0, 0, 0
front only
else
else
else
else
front: 0, 1.02163, 2.5
side: 0, 0, 0
front only
else
else
else
front: 0, 0, 2.5
back: 0, 0, 7.5
front back
photon_ene: 661.6 photon_theta: 0.16834 photon_phi: 4.45747
traject_len: 5
pe_len: 33.647 cs_len: 6.37571
---
else
else
front: 0, 1.10266, 2.5
side: 0, 0, 0
front only
front: 0, 0, 2.5
side: 0, 0, 0
front only
else
else
front: 0, 0.0907253, 2.5
back: 0, 0.272176, 7.5
front back
photon_ene: 661.6 photon_theta: 0.309158 photon_phi: 3.02773
traject_len: 5.00329
pe_len: 115.771 cs_len: 0.60226
---
else
else
else
front: 0, 1.11635, 2.5
side: 0, 0, 0
front only
front: 0, 0, 2.5
side: 0, 0, 0
front only
front: 0, 1.23026, 2.5
side: 0, 0, 0
front only
front: 0, 0, 2.5
back: 0, 0, 7.5
front back
photon_ene: 661.6 photon_theta: 2.91624 photon_phi: 0.881767
traject_len: 5
pe_len: 40.5199 cs_len: 0.326137
---
else
else
else
else
else
else
else
front: 1.73474, 0.0166779, 2.5
side: 0, 0, 0
front only
front: 0, 0, 2.5
side: 0, 0, 0
front only
else
else
else
else
else
else
else
else
else
else
else
else
else
else
else
front: 0, 0, 2.5
side: 0, 0, 0
front only
else
else
else
else
else
else
else
front: 0, 0, 2.5
side: 0, 0, 0
front only
else
else
else
else
front: 0.407867, 1.72912, 2.5
side: 0, 0, 0
front only
else
front: 0, 0, 2.5
side: 0, 0, 0
front only
front: 0.216701, 0, 2.5
side: 0, 0, 0
front only
front: 0, 1.96883, 2.5
side: 0, 0, 0
front only
else
else
front: 0, 0.953748, 2.5
side: 0, 0, 0
front only
else
front: 1.97148, 0, 2.5
side: 0, 0, 0
front only
else
front: 1.68467, 1.01742, 2.5
side: 0, 0, 0
front only
else
front: 0.812894, 1.13737, 2.5
side: 0, 0, 0
front only
front: 1.06149, 1.19015, 2.5
side: 0, 0, 0
front only
front: 0.500573, 2.33356, 2.5
side: 0, 0, 0
front only
else
else
front: 0, 0, 2.5
side: 0, 0, 0
front only
else
else
front: 0.945297, 2.29925, 2.5
side: 0, 0, 0
front only
else
else
else
else
else
else
else
else
else
else
else
else
front: 0, 0, 2.5
side: 0, 0, 0
front only
else
else
front: 0, 0.281897, 2.5
back: 0, 0.84569, 7.5
front back
photon_ene: 661.6 photon_theta: 0.219323 photon_phi: 2.61122
traject_len: 5.03169
pe_len: 122.589 cs_len: 2.9698
---
else
front: 0.320723, 2.13383, 2.5
side: 0, 0, 0
front only
else
front: 0, 0, 2.5
back: 0, 0, 7.5
front back
photon_ene: 661.6 photon_theta: 2.97858 photon_phi: 0.685601
traject_len: 5
pe_len: 62.443 cs_len: 11.0585
---
else
front: 0, 1.4924, 2.5
side: 0, 0, 0
front only
else
else
front: 0, 0, 2.5
side: 0, 0, 0
front only
front: 0, 0, 2.5
side: 0, 0, 0
front only
else
else
else
front: 0, 0, 2.5
side: 0, 0, 0
front only
else
else
else
else
else
else
else
else
else
else
else
front: 1.17731, 0, 2.5
side: 0, 0, 0
front only
front: 1.67203, 0, 2.5
side: 0, 0, 0
front only
else
front: 0.08835, 0, 2.5
back: 0.26505, 0, 7.5
front back
photon_ene: 661.6 photon_theta: 3.0382 photon_phi: 1.91832
traject_len: 5.00312
pe_len: 6.58129 cs_len: 6.95656
---
else
front: 0.567679, 0, 2.5
side: 0, 0, 0
front only
else
else
else
else
front: 0.746201, 0, 2.5
side: 0, 0, 0
front only
front: 1.22011, 0, 2.5
side: 0, 0, 0
front only
else
else
else
else
else
front: 1.16674, 0.630566, 2.5
side: 0, 0, 0
front only
else
else
front: 0.312782, 0, 2.5
back: 0.938346, 0, 7.5
front back
photon_ene: 661.6 photon_theta: 3.00739 photon_phi: 2.75631
traject_len: 5.03898
pe_len: 56.2818 cs_len: 13.2384
---
else
front: 0, 0.63679, 2.5
side: 0, 0, 0
front only
else
front: 0.196742, 0, 2.5
back: 0.590227, 0, 7.5
front back
photon_ene: 661.6 photon_theta: 3.00648 photon_phi: 2.1882
traject_len: 5.01546
pe_len: 29.4939 cs_len: 4.15642
---
else
else
else
front: 0, 0, 2.5
side: 0, 0, 0
front only
else
else
front: 0, 0, 2.5
side: 0, 0, 0
front only
else
else
front: 0, 0.618825, 2.5
side: 0, 0, 0
front only
else
else
front: 0, 0.229643, 2.5
side: 0, 0, 0
front only
else
else
else
else
else
else
else
else
front: 0, 0.167368, 2.5
back: 0, 0.502104, 7.5
front back
photon_ene: 661.6 photon_theta: 0.173459 photon_phi: 2.74955
traject_len: 5.01119
pe_len: 90.5912 cs_len: 3.98461
---
else
front: 0, 0, 2.5
side: 0, 0, 0
front only
else
else
else
else
else
else
else
else
else
front: 0, 0, 2.5
side: 0, 0, 0
front only
else
front: 0, 0, 2.5
side: 0, 0, 0
front only
else
front: 0, 0, 2.5
side: 0, 0, 0
front only
else
else
else
else
else
else
else
front: 0, 0, 2.5
side: 0, 0, 0
front only
front: 1.17709, 0, 2.5
side: 0, 0, 0
front only
else
else
else
else
else
front: 0, 0, 2.5
side: 0, 0, 0
front only
else
else
front: 0, 0.545177, 2.5
side: 0, 0, 0
front only
else
else
front: 0.567397, 0, 2.5
side: 0, 0, 0
front only
else
front: 0, 0.271858, 2.5
side: 0, 0, 0
front only
else
else
else
front: 1.94299, 1.48144, 2.5
side: 0, 0, 0
front only
front: 2.23411, 0.019972, 2.5
side: 0, 0, 0
front only
else
else
front: 0, 0, 2.5
side: 0, 0, 0
front only
else
front: 0, 0.611206, 2.5
side: 0, 0, 0
front only
front: 1.01231, 0, 2.5
side: 0, 0, 0
front only
front: 1.0001, 0.726138, 2.5
side: 0, 0, 0
front only
else
else
else
front: 0, 0, 2.5
side: 0, 0, 0
front only
front: 2.15313, 0.505124, 2.5
side: 0, 0, 0
front only
else
else
else
else
else
front: 0, 0, 2.5
side: 0, 0, 0
front only
else
else
else
else
front: 0.510622, 0, 2.5
side: 0, 0, 0
front only
else
front: 0, 0, 2.5
back: 0, 0, 7.5
front back
photon_ene: 661.6 photon_theta: 3.08585 photon_phi: 1.05364
traject_len: 5
pe_len: 23.5722 cs_len: 2.30189
---
front: 0.482556, 1.68367, 2.5
side: 0, 0, 0
front only
front: 0.133614, 0.334349, 2.5
back: 0.400843, 1.00305, 7.5
front back
photon_ene: 661.6 photon_theta: 0.14304 photon_phi: 1.19061
traject_len: 5.05159
pe_len: 18.3186 cs_len: 4.91781
---
else
else
else
else
else
front: 0.638788, 0.40296, 2.5
back: 1.91636, 1.20888, 7.5
front back
photon_ene: 661.6 photon_theta: 2.8482 photon_phi: 3.70437
traject_len: 5.22319
pe_len: 14.4289 cs_len: 5.19558
---
else
else
else
else
front: 1.94387, 0.723939, 2.5
side: 0, 0, 0
front only
else
front: 0, 0, 2.5
side: 0, 0, 0
front only
else
else
else
else
else
else
front: 0, 0, 2.5
side: 0, 0, 0
front only
else
else
front: 0, 1.81467, 2.5
side: 0, 0, 0
front only
else
else
else
else
else
else
else
front: 0.773535, 0, 2.5
side: 0, 0, 0
front only
else
else
else
else
else
else
front: 2.43801, 0.50098, 2.5
side: 0, 0, 0
front only
else
else
else
else
else
else
else
else
else
else
else
else
else
else
else
else
else
else
else
else
else
else
front: 0, 1.45668, 2.5
side: 0, 0, 0
front only
front: 0, 2.26144, 2.5
side: 0, 0, 0
front only
else
else
front: 0, 1.39246, 2.5
side: 0, 0, 0
front only
front: 0, 1.83846, 2.5
side: 0, 0, 0
front only
else
else
else
else
else
else
front: 0.654925, 0, 2.5
side: 0, 0, 0
front only
else
front: 0, 0.273353, 2.5
back: 0, 0.820058, 7.5
front back
photon_ene: 661.6 photon_theta: 3.01443 photon_phi: 5.25718
traject_len: 5.0298
pe_len: 63.5407 cs_len: 4.3119
---
else
else
else
front: 0, 1.91359, 2.5
side: 0, 0, 0
front only
else
else
front: 0, 0, 2.5
side: 0, 0, 0
front only
else
else
front: 0, 0, 2.5
side: 0, 0, 0
front only
front: 0, 0, 2.5
side: 0, 0, 0
front only
front: 0.906382, 0.314824, 2.5
side: 0, 0, 0
front only
else
front: 1.14225, 1.5474, 2.5
side: 0, 0, 0
front only
else
else
else
front: 1.02103, 0, 2.5
side: 0, 0, 0
front only
front: 1.86478, 1.01677, 2.5
side: 0, 0, 0
front only
else
else
front: 0.711103, 0, 2.5
side: 0, 0, 0
front only
else
else
else
front: 0, 0.605073, 2.5
side: 0, 0, 0
front only
else
front: 1.06758, 0.796994, 2.5
side: 0, 0, 0
front only
front: 0, 0, 2.5
side: 0, 0, 0
front only
else
front: 0, 0.0814747, 2.5
back: 0, 0.244424, 7.5
front back
photon_ene: 661.6 photon_theta: 3.07438 photon_phi: 5.77781
traject_len: 5.00265
pe_len: 4.28732 cs_len: 4.67844
---
else
else
else
else
else
else
else
else
else
front: 0, 0, 2.5
side: 0, 0, 0
front only
else
else
else
else
front: 0, 0.82428, 2.5
side: 0, 0, 0
front only
else
front: 0.398832, 0.351765, 2.5
back: 1.1965, 1.0553, 7.5
front back
photon_ene: 661.6 photon_theta: 0.209594 photon_phi: 0.722775
traject_len: 5.11187
pe_len: 9.47866 cs_len: 6.13728
---
else
front: 0.574835, 0.957705, 2.5
side: 0, 0, 0
front only
else
else
front: 0, 0.932627, 2.5
side: 0, 0, 0
front only
front: 0.197566, 1.36785, 2.5
side: 0, 0, 0
front only
front: 0.165751, 0, 2.5
back: 0.497253, 0, 7.5
front back
photon_ene: 661.6 photon_theta: 3.07535 photon_phi: 3.10603
traject_len: 5.01098
pe_len: 0.919435 cs_len: 0.126719
---
front: 0.00164639, 0, 2.5
side: 0, 0, 0
front only
front: 0, 0.164805, 2.5
back: 0, 0.494415, 7.5
front back
photon_ene: 661.6 photon_theta: 2.98208 photon_phi: 5.861
traject_len: 5.01085
pe_len: 34.0371 cs_len: 0.267306
---
else
else
else
else
else
else
else
else
else
else
else
else
else
else
else
front: 0.333905, 0, 2.5
back: 1.00171, 0, 7.5
front back
photon_ene: 661.6 photon_theta: 0.132789 photon_phi: 6.26919
traject_len: 5.0444
pe_len: 47.6516 cs_len: 4.28672
---
else
else
else
front: 0.903721, 1.73925, 2.5
side: 0, 0, 0
front only
else
else
else
else
else
else
front: 0.333904, 0, 2.5
back: 1.00171, 0, 7.5
front back
photon_ene: 661.6 photon_theta: 3.00166 photon_phi: 2.81838
traject_len: 5.0444
pe_len: 125.628 cs_len: 0.576521
---
front: 0.46695, 1.01377, 2.5
side: 0, 0, 0
front only
else
front: 0.734611, 0, 2.5
side: 0, 0, 0
front only
front: 0, 0, 2.5
side: 0, 0, 0
front only
else
front: 0.293956, 0.169178, 2.5
back: 0.881869, 0.507535, 7.5
front back
photon_ene: 661.6 photon_theta: 3.00675 photon_phi: 3.66382
traject_len: 5.0458
pe_len: 48.4394 cs_len: 3.14411
---
else
else
front: 0, 1.96654, 2.5
side: 0, 0, 0
front only
else
else
front: 0.0476528, 0, 2.5
side: 0, 0, 0
front only
else
else
else
else
else
else
front: 1.2302, 0.525875, 2.5
side: 0, 0, 0
front only
else
else
else
else
else
else
front: 0, 0, 2.5
side: 0, 0, 0
front only
else
else
else
front: 1.80532, 0, 2.5
side: 0, 0, 0
front only
front: 0, 1.38723, 2.5
side: 0, 0, 0
front only
else
else
front: 0, 1.08133, 2.5
side: 0, 0, 0
front only
else
else
front: 0, 0, 2.5
side: 0, 0, 0
front only
else
front: 1.19973, 0.261301, 2.5
side: 0, 0, 0
front only
else
else
else
else
else
front: 1.33084, 0, 2.5
side: 0, 0, 0
front only
else
else
else
else
front: 1.41037, 0, 2.5
side: 0, 0, 0
front only
front: 0, 0, 2.5
side: 0, 0, 0
front only
front: 0, 1.40868, 2.5
side: 0, 0, 0
front only
front: 1.02374, 1.39013, 2.5
side: 0, 0, 0
front only
else
front: 0.64934, 0, 2.5
side: 0, 0, 0
front only
else
else
else
else
front: 0, 0, 2.5
side: 0, 0, 0
front only
else
else
else
else
front: 0, 0, 2.5
side: 0, 0, 0
front only
else
front: 0.0104252, 1.91483, 2.5
side: 0, 0, 0
front only
else
front: 0.138758, 0, 2.5
back: 0.416275, 0, 7.5
front back
photon_ene: 661.6 photon_theta: 3.07493 photon_phi: 2.55235
traject_len: 5.0077
pe_len: 4.89446 cs_len: 0.372287
---
else
front: 0.395329, 2.36407, 2.5
side: 0, 0, 0
front only
front: 1.85906, 0.646936, 2.5
side: 0, 0, 0
front only
else
else
else
else
else
front: 0, 0, 2.5
back: 0, 0, 7.5
front back
photon_ene: 661.6 photon_theta: 2.93788 photon_phi: 0.713991
traject_len: 5
pe_len: 27.2101 cs_len: 1.46904
---
front: 1.07754, 0.440981, 2.5
side: 0, 0, 0
front only
else
front: 0, 0, 2.5
side: 0, 0, 0
front only
else
front: 1.34202, 0.655526, 2.5
side: 0, 0, 0
front only
else
else
else
front: 0, 0, 2.5
side: 0, 0, 0
front only
else
front: 1.2402, 0.145684, 2.5
side: 0, 0, 0
front only
else
else
else
else
front: 0, 0, 2.5
side: 0, 0, 0
front only
else
front: 0.508328, 0, 2.5
side: 0, 0, 0
front only
else
else
else
else
else
else
else
else
else
front: 0, 0, 2.5
side: 0, 0, 0
front only
front: 0, 0.233096, 2.5
side: 0, 0, 0
front only
else
front: 0.924058, 0, 2.5
side: 0, 0, 0
front only
else
else
else
else
else
front: 0, 1.20918, 2.5
side: 0, 0, 0
front only
else
else
else
else
front: 0, 2.09212, 2.5
side: 0, 0, 0
front only
else
else
else
else
else
else
front: 0.297038, 0.563783, 2.5
back: 0.891115, 1.69135, 7.5
front back
photon_ene: 661.6 photon_theta: 2.89201 photon_phi: 4.22748
traject_len: 5.15988
pe_len: 24.4686 cs_len: 3.6646
---
front: 0.699962, 0, 2.5
side: 0, 0, 0
front only
else
else
else
else
else
front: 0, 0, 2.5
side: 0, 0, 0
front only
front: 0, 0.90399, 2.5
side: 0, 0, 0
front only
front: 0.292506, 0, 2.5
back: 0.877517, 0, 7.5
front back
photon_ene: 661.6 photon_theta: 2.97765 photon_phi: 2.35643
traject_len: 5.03411
pe_len: 27.614 cs_len: 2.04413
---
else
else
front: 0, 0, 2.5
side: 0, 0, 0
front only
front: 0.294109, 0.531002, 2.5
back: 0.882327, 1.593, 7.5
front back
photon_ene: 661.6 photon_theta: 2.9034 photon_phi: 4.20658
traject_len: 5.14527
pe_len: 61.6787 cs_len: 2.53972
---
else
else
front: 0, 0.842093, 2.5
side: 0, 0, 0
front only
else
else
else
front: 0.598074, 0, 2.5
back: 1.79422, 0, 7.5
front back
photon_ene: 661.6 photon_theta: 0.30113 photon_phi: 5.59167
traject_len: 5.14109
pe_len: 28.56 cs_len: 2.01439
---
else
else
else
else
else
else
else
front: 0, 0.995204, 2.5
side: 0, 0, 0
front only
else
else
front: 0.0891097, 0, 2.5
back: 0.267329, 0, 7.5
front back
photon_ene: 661.6 photon_theta: 2.85035 photon_phi: 1.68999
traject_len: 5.00318
pe_len: 0.480873 cs_len: 5.59152
---
else
else
else
else
front: 0, 0.568364, 2.5
back: 0, 1.70509, 7.5
front back
photon_ene: 661.6 photon_theta: 0.262689 photon_phi: 2.13417
traject_len: 5.12759
pe_len: 67.968 cs_len: 0.448596
---
front: 0, 1.76139, 2.5
side: 0, 0, 0
front only
else
else
else
else
else
front: 0.0680266, 0, 2.5
back: 0.20408, 0, 7.5
front back
photon_ene: 661.6 photon_theta: 0.119328 photon_phi: 4.94133
traject_len: 5.00185
pe_len: 45.995 cs_len: 2.65457
---
else
front: 1.92775, 0, 2.5
side: 0, 0, 0
front only
else
else
else
front: 0, 0.312002, 2.5
back: 0, 0.936006, 7.5
front back
photon_ene: 661.6 photon_theta: 0.171946 photon_phi: 2.33974
traject_len: 5.03879
pe_len: 3.93148 cs_len: 5.26336
---
else
else
else
front: 0.441459, 0.155994, 2.5
back: 1.32438, 0.467981, 7.5
front back
photon_ene: 661.6 photon_theta: 2.95645 photon_phi: 3.48126
traject_len: 5.08693
pe_len: 4.26448 cs_len: 4.99549
---
else
else
front: 0, 0, 2.5
back: 0, 0, 7.5
front back
photon_ene: 661.6 photon_theta: 2.95304 photon_phi: 0.27116
traject_len: 5
pe_len: 148.483 cs_len: 0.286304
---
else
front: 0, 0, 2.5
side: 0, 0, 0
front only
front: 0, 0, 2.5
back: 0, 0, 7.5
front back
photon_ene: 661.6 photon_theta: 2.8755 photon_phi: 0.488195
traject_len: 5
pe_len: 10.1072 cs_len: 4.23445
---
front: 0, 0, 2.5
side: 0, 0, 0
front only
front: 0, 0, 2.5
side: 0, 0, 0
front only
else
else
else
else
front: 0, 0.983408, 2.5
side: 0, 0, 0
front only
else
else
else
else
front: 0, 0.268886, 2.5
side: 0, 0, 0
front only
front: 0.31096, 0.922521, 2.5
side: 0, 0, 0
front only
else
front: 0, 0, 2.5
side: 0, 0, 0
front only
front: 0, 0, 2.5
side: 0, 0, 0
front only
front: 0, 1.86204, 2.5
side: 0, 0, 0
front only
else
else
front: 0, 1.05793, 2.5
side: 0, 0, 0
front only
front: 0.067615, 0.7726, 2.5
back: 0.202845, 2.3178, 7.5
front back
photon_ene: 661.6 photon_theta: 0.300808 photon_phi: 1.4835
traject_len: 5.23507
pe_len: 17.019 cs_len: 6.70784
---
else
front: 0, 0, 2.5
side: 0, 0, 0
front only
front: 0, 1.79852, 2.5
side: 0, 0, 0
front only
else
else
front: 0.797582, 0.790147, 2.5
side: 0, 0, 0
front only
else
else
else
else
front: 1.1945, 0, 2.5
side: 0, 0, 0
front only
front: 0, 0, 2.5
side: 0, 0, 0
front only
else
front: 0, 0.422569, 2.5
back: 0, 1.26771, 7.5
front back
photon_ene: 661.6 photon_theta: 0.176065 photon_phi: 1.88808
traject_len: 5.07092
pe_len: 8.07841 cs_len: 4.53925
---
else
else
else
front: 0.71337, 0, 2.5
side: 0, 0, 0
front only
else
else
front: 0.823488, 1.71024, 2.5
side: 0, 0, 0
front only
front: 0, 0, 2.5
side: 0, 0, 0
front only
front: 0, 0.0965745, 2.5
back: 0, 0.289723, 7.5
front back
photon_ene: 661.6 photon_theta: 2.83972 photon_phi: 6.15881
traject_len: 5.00373
pe_len: 10.8465 cs_len: 9.76503
---
else
else
else
front: 0.361613, 0, 2.5
back: 1.08484, 0, 7.5
front back
photon_ene: 661.6 photon_theta: 2.99153 photon_phi: 2.84603
traject_len: 5.05203
pe_len: 17.6155 cs_len: 9.6116
---
else
else
else
else
front: 0, 1.79625, 2.5
side: 0, 0, 0
front only
else
front: 0, 0, 2.5
side: 0, 0, 0
front only
else
else
else
else
else
else
else
else
else
front: 0.437589, 1.70985, 2.5
side: 0, 0, 0
front only
else
else
front: 0.478244, 0, 2.5
side: 0, 0, 0
front only
else
else
front: 0, 0, 2.5
side: 0, 0, 0
front only
else
else
else
else
else
else
front: 0, 1.35949, 2.5
side: 0, 0, 0
front only
else
else
else
else
else
else
front: 0, 0, 2.5
side: 0, 0, 0
front only
else
else
else
front: 0, 0, 2.5
side: 0, 0, 0
front only
else
else
else
front: 0.356441, 0.884357, 2.5
side: 0, 0, 0
front only
else
else
else
else
else
else
else
front: 1.27766, 0, 2.5
side: 0, 0, 0
front only
else
else
else
else
else
else
else
else
else
front: 0, 1.45559, 2.5
side: 0, 0, 0
front only
front: 0.259666, 0, 2.5
back: 0.778999, 0, 7.5
front back
photon_ene: 661.6 photon_theta: 2.94684 photon_phi: 2.12535
traject_len: 5.0269
pe_len: 43.9563 cs_len: 0.699343
---
front: 0.0598036, 1.08087, 2.5
side: 0, 0, 0
front only
else
else
else
front: 0, 0, 2.5
side: 0, 0, 0
front only
else
front: 0.617015, 0, 2.5
side: 0, 0, 0
front only
else
else
front: 1.97388, 0, 2.5
side: 0, 0, 0
front only
else
front: 0, 0.30015, 2.5
back: 0, 0.900449, 7.5
front back
photon_ene: 661.6 photon_theta: 3.00557 photon_phi: 5.21324
traject_len: 5.03591
pe_len: 48.7493 cs_len: 0.760098
---
front: 0.0240668, 0, 2.5
side: 0, 0, 0
front only
else
else
front: 0.80652, 0.719378, 2.5
side: 0, 0, 0
front only
else
else
else
else
front: 2.01916, 0, 2.5
side: 0, 0, 0
front only
else
else
else
else
else
else
else
else
else
else
else
else
else
else
else
else
front: 0.77143, 0.200534, 2.5
back: 2.31429, 0.601601, 7.5
front back
photon_ene: 661.6 photon_theta: 0.308639 photon_phi: 0.254322
traject_len: 5.24798
pe_len: 24.241 cs_len: 0.608934
---
else
else
else
else
else
front: 0, 0.993702, 2.5
side: 0, 0, 0
front only
else
front: 0, 1.66305, 2.5
side: 0, 0, 0
front only
front: 0.0937185, 0, 2.5
back: 0.281155, 0, 7.5
front back
photon_ene: 661.6 photon_theta: 2.8522 photon_phi: 1.69703
traject_len: 5.00351
pe_len: 81.6271 cs_len: 1.06178
---
else
else
front: 0, 0.182204, 2.5
back: 0, 0.546611, 7.5
front back
photon_ene: 661.6 photon_theta: 3.06457 photon_phi: 5.04736
traject_len: 5.01326
pe_len: 120.978 cs_len: 1.55231
---
front: 0.167906, 0, 2.5
side: 0, 0, 0
front only
front: 0.398107, 0, 2.5
side: 0, 0, 0
front only
else
front: 0, 0.225284, 2.5
back: 0, 0.675851, 7.5
front back
photon_ene: 661.6 photon_theta: 2.88154 photon_phi: 5.93768
traject_len: 5.02026
pe_len: 11.7008 cs_len: 2.40409
---
front: 0, 1.4037, 2.5
side: 0, 0, 0
front only
front: 0, 0, 2.5
side: 0, 0, 0
front only
else
front: 0.633927, 0, 2.5
back: 1.90178, 0, 7.5
front back
photon_ene: 661.6 photon_theta: 2.89324 photon_phi: 3.12996
traject_len: 5.15824
pe_len: 13.2913 cs_len: 6.69142
---
else
else
else
else
else
else
else
else
front: 0, 0.22442, 2.5
back: 0, 0.67326, 7.5
front back
photon_ene: 661.6 photon_theta: 3.00569 photon_phi: 5.56709
traject_len: 5.02011
pe_len: 25.7804 cs_len: 5.86574
---
else
front: 0.515171, 0.441894, 2.5
back: 1.54551, 1.32568, 7.5
front back
photon_ene: 661.6 photon_theta: 2.87649 photon_phi: 3.85058
traject_len: 5.18099
pe_len: 38.1081 cs_len: 2.87171
---
else
front: 0.926825, 0, 2.5
side: 0, 0, 0
front only
front: 0, 1.65333, 2.5
side: 0, 0, 0
front only
else
else
else
else
else
else
front: 0, 0.360146, 2.5
back: 0, 1.08044, 7.5
front back
photon_ene: 661.6 photon_theta: 0.303695 photon_phi: 2.66396
traject_len: 5.05162
pe_len: 10.6075 cs_len: 3.16088
---
front: 1.58066, 0, 2.5
side: 0, 0, 0
front only
else
else
front: 0, 0, 2.5
side: 0, 0, 0
front only
else
else
else
front: 0, 0.898457, 2.5
side: 0, 0, 0
front only
front: 0.247677, 0, 2.5
back: 0.743031, 0, 7.5
front back
photon_ene: 661.6 photon_theta: 0.127178 photon_phi: 5.59877
traject_len: 5.02448
pe_len: 12.4257 cs_len: 1.82473
---
else
else
front: 0, 0, 2.5
back: 0, 0, 7.5
front back
photon_ene: 661.6 photon_theta: 0.122732 photon_phi: 4.31733
traject_len: 5
pe_len: 104.903 cs_len: 12.4365
---
front: 1.98565, 0, 2.5
side: 0, 0, 0
front only
else
else
else
front: 0, 0.199409, 2.5
side: 0, 0, 0
front only
else
else
else
else
front: 0.99296, 0, 2.5
side: 0, 0, 0
front only
front: 0, 1.16917, 2.5
side: 0, 0, 0
front only
else
else
front: 0, 0, 2.5
back: 0, 0, 7.5
front back
photon_ene: 661.6 photon_theta: 0.317993 photon_phi: 3.67358
traject_len: 5
pe_len: 9.01901 cs_len: 3.81634
---
front: 0, 0.444752, 2.5
side: 0, 0, 0
front only
else
else
else
front: 0, 0.0510026, 2.5
back: 0, 0.153008, 7.5
front back
photon_ene: 661.6 photon_theta: 0.2879 photon_phi: 3.07265
traject_len: 5.00104
pe_len: 126.83 cs_len: 0.450469
---
front: 1.88894, 0.910604, 2.5
side: 0, 0, 0
front only
front: 2.27797, 0.426705, 2.5
side: 0, 0, 0
front only
else
front: 1.51077, 0, 2.5
side: 0, 0, 0
front only
else
else
else
front: 0.699, 0, 2.5
side: 0, 0, 0
front only
else
front: 0, 1.24771, 2.5
side: 0, 0, 0
front only
else
front: 0, 0.273286, 2.5
back: 0, 0.819859, 7.5
front back
photon_ene: 661.6 photon_theta: 0.212807 photon_phi: 2.61117
traject_len: 5.02979
pe_len: 64.95 cs_len: 1.36584
---
front: 0.838467, 0, 2.5
side: 0, 0, 0
front only
front: 0, 1.95412, 2.5
side: 0, 0, 0
front only
else
else
else
front: 0.437058, 1.08751, 2.5
side: 0, 0, 0
front only
else
else
front: 0.285549, 0.845909, 2.5
side: 0, 0, 0
front only
front: 0.111673, 1.44427, 2.5
side: 0, 0, 0
front only
else
else
front: 0, 1.39134, 2.5
side: 0, 0, 0
front only
else
else
front: 1.25191, 0, 2.5
side: 0, 0, 0
front only
else
else
front: 0.156637, 0, 2.5
side: 0, 0, 0
front only
else
else
front: 0.397114, 0.0631151, 2.5
back: 1.19134, 0.189345, 7.5
front back
photon_ene: 661.6 photon_theta: 2.98212 photon_phi: 3.29921
traject_len: 5.06426
pe_len: 33.1831 cs_len: 9.32708
---
else
else
else
else
else
else
else
else
else
else
else
else
else
else
front: 2.05752, 0.70763, 2.5
side: 0, 0, 0
front only
else
else
else
else
front: 0, 0, 2.5
side: 0, 0, 0
front only
front: 0, 0.291967, 2.5
back: 0, 0.8759, 7.5
front back
photon_ene: 661.6 photon_theta: 0.280167 photon_phi: 2.72365
traject_len: 5.03398
pe_len: 12.0442 cs_len: 2.50241
---
front: 0, 0, 2.5
side: 0, 0, 0
front only
front: 0, 1.14755, 2.5
side: 0, 0, 0
front only
front: 1.11147, 2.093, 2.5
side: 0, 0, 0
front only
else
else
front: 0, 0.763616, 2.5
side: 0, 0, 0
front only
front: 0.241177, 0, 2.5
side: 0, 0, 0
front only
else
else
front: 0.0856567, 0, 2.5
side: 0, 0, 0
front only
else
front: 0, 0, 2.5
back: 0, 0, 7.5
front back
photon_ene: 661.6 photon_theta: 0.29457 photon_phi: 3.81131
traject_len: 5
pe_len: 50.7875 cs_len: 1.95547
---
else
front: 1.89213, 0, 2.5
side: 0, 0, 0
front only
else
else
else
else
else
else
else
else
else
else
front: 0, 1.41957, 2.5
side: 0, 0, 0
front only
front: 0.663152, 1.79802, 2.5
side: 0, 0, 0
front only
front: 0, 0, 2.5
side: 0, 0, 0
front only
else
else
else
else
else
else
front: 0, 0, 2.5
side: 0, 0, 0
front only
front: 0.922535, 0, 2.5
side: 0, 0, 0
front only
else
else
else
else
else
else
else
else
else
else
front: 0, 0, 2.5
side: 0, 0, 0
front only
else
else
else
else
else
else
else
else
else
else
else
else
else
front: 1.64537, 1.44144, 2.5
side: 0, 0, 0
front only
else
else
else
front: 1.1732, 0, 2.5
side: 0, 0, 0
front only
else
front: 0.219864, 0, 2.5
side: 0, 0, 0
front only
front: 0, 0, 2.5
side: 0, 0, 0
front only
else
front: 0, 0, 2.5
side: 0, 0, 0
front only
else
else
else
front: 0.576854, 2.03445, 2.5
side: 0, 0, 0
front only
else
front: 0.163618, 0.952206, 2.5
side: 0, 0, 0
front only
front: 0, 0, 2.5
side: 0, 0, 0
front only
front: 0.742326, 1.10861, 2.5
side: 0, 0, 0
front only
else
else
else
front: 2.20307, 0.119867, 2.5
side: 0, 0, 0
front only
else
front: 0, 0.928131, 2.5
side: 0, 0, 0
front only
front: 0.557733, 0, 2.5
back: 1.6732, 0, 7.5
front back
photon_ene: 661.6 photon_theta: 2.92071 photon_phi: 3.0277
traject_len: 5.12292
pe_len: 8.91299 cs_len: 1.7544
---
else
else
else
else
else
else
else
front: 1.51446, 0.95587, 2.5
side: 0, 0, 0
front only
else
else
front: 1.92436, 0.0637839, 2.5
side: 0, 0, 0
front only
else
else
else
front: 0, 0, 2.5
back: 0, 0, 7.5
front back
photon_ene: 661.6 photon_theta: 2.91105 photon_phi: 0.837951
traject_len: 5
pe_len: 18.4489 cs_len: 2.10296
---
else
else
else
else
front: 0, 0.517206, 2.5
side: 0, 0, 0
front only
else
else
else
else
else
else
else
else
front: 0.635325, 0.0232238, 2.5
back: 1.90597, 0.0696715, 7.5
front back
photon_ene: 661.6 photon_theta: 2.89257 photon_phi: 3.17813
traject_len: 5.15914
pe_len: 31.3977 cs_len: 0.0969055
---
else
else
else
front: 0, 0, 2.5
side: 0, 0, 0
front only
else
else
else
else
else
else
else
else
else
else
else
else
else
else
else
else
else
else
else
else
else
else
front: 0.91744, 0, 2.5
side: 0, 0, 0
front only
else
front: 0.36826, 0.613489, 2.5
back: 1.10478, 1.84047, 7.5
front back
photon_ene: 661.6 photon_theta: 2.86283 photon_phi: 4.17177
traject_len: 5.20076
pe_len: 17.4994 cs_len: 1.5233
---
else
else
else
else
else
front: 0.896348, 0.106551, 2.5
side: 0, 0, 0
front only
else
front: 1.33641, 0, 2.5
side: 0, 0, 0
front only
front: 2.31418, 0, 2.5
side: 0, 0, 0
front only
front: 2.04286, 0, 2.5
side: 0, 0, 0
front only
front: 0, 0, 2.5
side: 0, 0, 0
front only
else
else
else
else
else
else
else
else
else
else
else
front: 0, 0.295043, 2.5
side: 0, 0, 0
front only
else
else
else
else
else
else
else
else
else
else
else
else
front: 0.376966, 0, 2.5
side: 0, 0, 0
front only
else
else
front: 0, 0.310023, 2.5
back: 0, 0.930069, 7.5
front back
photon_ene: 661.6 photon_theta: 3.01337 photon_phi: 4.98947
traject_len: 5.0383
pe_len: 32.9932 cs_len: 1.36309
---
else
front: 1.78782, 0, 2.5
side: 0, 0, 0
front only
front: 0, 0, 2.5
side: 0, 0, 0
front only
front: 0, 0, 2.5
back: 0, 0, 7.5
front back
photon_ene: 661.6 photon_theta: 2.84776 photon_phi: 0.870969
traject_len: 5
pe_len: 1.88777 cs_len: 5.02912
---
front: 0.530463, 1.92813, 2.5
side: 0, 0, 0
front only
else
else
else
else
front: 0.386079, 0.662248, 2.5
back: 1.15824, 1.98674, 7.5
front back
photon_ene: 661.6 photon_theta: 2.84407 photon_phi: 4.18458
traject_len: 5.22977
pe_len: 147.411 cs_len: 1.16392
---
else
else
front: 0.053857, 0, 2.5
side: 0, 0, 0
front only
else
front: 0, 0, 2.5
side: 0, 0, 0
front only
else
else
else
else
front: 0, 0.13324, 2.5
back: 0, 0.399719, 7.5
front back
photon_ene: 661.6 photon_theta: 0.0598099 photon_phi: 2.04419
traject_len: 5.0071
pe_len: 29.8136 cs_len: 2.55352
---
else
else
else
front: 1.32841, 0, 2.5
side: 0, 0, 0
front only
else
else
else
else
front: 0.660454, 0, 2.5
side: 0, 0, 0
front only
else
front: 0, 0.654567, 2.5
side: 0, 0, 0
front only
else
front: 0, 0.0449956, 2.5
side: 0, 0, 0
front only
else
else
else
else
front: 0.92638, 0, 2.5
side: 0, 0, 0
front only
else
front: 0, 2.09994, 2.5
side: 0, 0, 0
front only
front: 0, 0, 2.5
side: 0, 0, 0
front only
else
else
front: 0.264047, 0, 2.5
back: 0.79214, 0, 7.5
front back
photon_ene: 661.6 photon_theta: 2.91694 photon_phi: 2.05127
traject_len: 5.02781
pe_len: 20.8745 cs_len: 0.797931
---
else
else
else
else
else
else
front: 0.913308, 0.842807, 2.5
side: 0, 0, 0
front only
else
front: 0.910913, 1.92235, 2.5
side: 0, 0, 0
front only
front: 0.285255, 2.23945, 2.5
side: 0, 0, 0
front only
front: 0.539252, 0.721674, 2.5
side: 0, 0, 0
front only
front: 0, 0.817599, 2.5
back: 0, 2.4528, 7.5
front back
photon_ene: 661.6 photon_theta: 2.82049 photon_phi: 4.89579
traject_len: 5.2606
pe_len: 65.3506 cs_len: 2.44694
---
else
else
else
front: 1.40342, 1.06265, 2.5
side: 0, 0, 0
front only
else
else
else
else
front: 0, 0, 2.5
side: 0, 0, 0
front only
else
else
front: 0, 0.545355, 2.5
back: 0, 1.63607, 7.5
front back
photon_ene: 661.6 photon_theta: 2.88865 photon_phi: 5.27858
traject_len: 5.11758
pe_len: 40.4541 cs_len: 0.296659
---
else
front: 0.865155, 1.90034, 2.5
side: 0, 0, 0
front only
else
else
else
else
else
else
else
else
else
else
else
else
else
front: 0.687036, 0, 2.5
side: 0, 0, 0
front only
else
else
front: 0.0307272, 0.915125, 2.5
side: 0, 0, 0
front only
front: 0, 0, 2.5
side: 0, 0, 0
front only
else
front: 0, 0, 2.5
side: 0, 0, 0
front only
else
front: 0, 0.590827, 2.5
side: 0, 0, 0
front only
front: 0.847583, 0, 2.5
side: 0, 0, 0
front only
front: 0, 0, 2.5
side: 0, 0, 0
front only
else
else
else
else
else
else
else
else
else
else
else
front: 0.279349, 0, 2.5
side: 0, 0, 0
front only
front: 0.339739, 1.6572, 2.5
side: 0, 0, 0
front only
front: 0, 0, 2.5
side: 0, 0, 0
front only
else
else
front: 0, 0, 2.5
side: 0, 0, 0
front only
else
else
front: 0, 0.674387, 2.5
side: 0, 0, 0
front only
front: 0, 0.610636, 2.5
side: 0, 0, 0
front only
else
else
else
else
front: 0, 1.48367, 2.5
side: 0, 0, 0
front only
else
else
else
else
else
else
else
front: 0.696076, 2.19781, 2.5
side: 0, 0, 0
front only
else
else
front: 0, 0.33031, 2.5
back: 0, 0.990929, 7.5
front back
photon_ene: 661.6 photon_theta: 3.0087 photon_phi: 4.86499
traject_len: 5.04345
pe_len: 34.5433 cs_len: 11.3601
---
front: 0.615451, 1.41119, 2.5
side: 0, 0, 0
front only
else
else
else
front: 0, 0, 2.5
side: 0, 0, 0
front only
else
else
else
front: 0.323643, 0, 2.5
back: 0.97093, 0, 7.5
front back
photon_ene: 661.6 photon_theta: 2.98878 photon_phi: 2.5691
traject_len: 5.04172
pe_len: 102.095 cs_len: 1.31456
---
else
else
else
else
else
else
else
else
front: 0, 0, 2.5
side: 0, 0, 0
front only
else
else
else
else
else
else
else
front: 0.907934, 0.68464, 2.5
side: 0, 0, 0
front only
else
front: 0.567247, 0.00622997, 2.5
back: 1.70174, 0.0186899, 7.5
front back
photon_ene: 661.6 photon_theta: 0.223134 photon_phi: 0.0109824
traject_len: 5.12711
pe_len: 105.53 cs_len: 1.73357
---
front: 2.05241, 0, 2.5
side: 0, 0, 0
front only
front: 0.568484, 2.14165, 2.5
side: 0, 0, 0
front only
front: 0, 1.89862, 2.5
side: 0, 0, 0
front only
else
front: 0.323637, 0, 2.5
back: 0.970912, 0, 7.5
front back
photon_ene: 661.6 photon_theta: 0.177681 photon_phi: 5.51748
traject_len: 5.04172
pe_len: 22.6204 cs_len: 1.65857
---
else
else
else
else
else
front: 0, 0, 2.5
side: 0, 0, 0
front only
else
else
front: 0, 0, 2.5
side: 0, 0, 0
front only
else
else
else
front: 0, 0, 2.5
side: 0, 0, 0
front only
else
else
front: 0.241538, 0, 2.5
side: 0, 0, 0
front only
front: 0.369334, 2.37651, 2.5
side: 0, 0, 0
front only
else
front: 0.816175, 0, 2.5
back: 2.44853, 0, 7.5
front back
photon_ene: 661.6 photon_theta: 0.317668 photon_phi: 6.16398
traject_len: 5.25971
pe_len: 18.303 cs_len: 17.3381
---
else
else
else
else
else
front: 0.0479141, 0, 2.5
side: 0, 0, 0
front only
else
front: 0, 0, 2.5
side: 0, 0, 0
front only
front: 0.516647, 0, 2.5
side: 0, 0, 0
front only
front: 0.490021, 0.0155758, 2.5
back: 1.47006, 0.0467273, 7.5
front back
photon_ene: 661.6 photon_theta: 2.94794 photon_phi: 3.17337
traject_len: 5.09524
pe_len: 51.6152 cs_len: 3.36511
---
front: 0, 0.705785, 2.5
side: 0, 0, 0
front only
else
else
front: 0.129927, 1.82143, 2.5
side: 0, 0, 0
front only
else
else
front: 0.974991, 2.19902, 2.5
side: 0, 0, 0
front only
front: 0.699256, 0, 2.5
back: 2.09777, 0, 7.5
front back
photon_ene: 661.6 photon_theta: 0.297868 photon_phi: 5.85828
traject_len: 5.1919
pe_len: 12.5745 cs_len: 1.91372
---
front: 0.0177835, 0.0666998, 2.5
back: 0.0533505, 0.2001, 7.5
front back
photon_ene: 661.6 photon_theta: 0.0276049 photon_phi: 1.31024
traject_len: 5.00191
pe_len: 108.556 cs_len: 1.46503
---
else
else
else
else
else
else
else
else
front: 0.855661, 0.497775, 2.5
side: 0, 0, 0
front only
else
front: 0.0974868, 0, 2.5
side: 0, 0, 0
front only
else
else
front: 0, 0, 2.5
side: 0, 0, 0
front only
else
front: 0.304775, 0.17953, 2.5
back: 0.914324, 0.53859, 7.5
front back
photon_ene: 661.6 photon_theta: 3.00104 photon_phi: 3.67393
traject_len: 5.0498
pe_len: 49.3413 cs_len: 0.321159
---
else
else
else
else
front: 0.100769, 0, 2.5
back: 0.302307, 0, 7.5
front back
photon_ene: 661.6 photon_theta: 0.0524564 photon_phi: 5.58763
traject_len: 5.00406
pe_len: 29.8552 cs_len: 10.9678
---
else
else
else
else
front: 0, 1.86527, 2.5
side: 0, 0, 0
front only
else
else
else
else
front: 0, 0, 2.5
side: 0, 0, 0
front only
else
else
else
else
front: 1.80989, 1.69942, 2.5
side: 0, 0, 0
front only
front: 0, 0, 2.5
back: 0, 0, 7.5
front back
photon_ene: 661.6 photon_theta: 0.305653 photon_phi: 3.34919
traject_len: 5
pe_len: 6.55293 cs_len: 4.77875
---
else
else
else
front: 0, 1.10986, 2.5
side: 0, 0, 0
front only
else
else
front: 0, 0, 2.5
side: 0, 0, 0
front only
else
else
front: 0, 0.0440247, 2.5
side: 0, 0, 0
front only
front: 0.16501, 2.41419, 2.5
side: 0, 0, 0
front only
else
front: 0.230578, 0, 2.5
back: 0.691733, 0, 7.5
front back
photon_ene: 661.6 photon_theta: 0.238651 photon_phi: 5.10122
traject_len: 5.02122
pe_len: 37.2537 cs_len: 1.19611
---
front: 0.975617, 0, 2.5
side: 0, 0, 0
front only
else
front: 0, 0.331363, 2.5
side: 0, 0, 0
front only
else
else
front: 1.12258, 1.08426, 2.5
side: 0, 0, 0
front only
front: 1.30983, 0, 2.5
side: 0, 0, 0
front only
else
else
else
else
else
else
else
else
front: 0, 0, 2.5
back: 0, 0, 7.5
front back
photon_ene: 661.6 photon_theta: 0.289343 photon_phi: 4.49556
traject_len: 5
pe_len: 35.0591 cs_len: 2.15567
---
front: 0, 0, 2.5
side: 0, 0, 0
front only
else
front: 0, 0.999021, 2.5
side: 0, 0, 0
front only
else
front: 0, 0.289098, 2.5
side: 0, 0, 0
front only
else
else
else
front: 0, 0, 2.5
side: 0, 0, 0
front only
front: 0.383007, 0.535248, 2.5
back: 1.14902, 1.60574, 7.5
front back
photon_ene: 661.6 photon_theta: 2.88417 photon_phi: 4.09129
traject_len: 5.17037
pe_len: 28.4612 cs_len: 0.860964
---
else
else
front: 1.8104, 1.48771, 2.5
side: 0, 0, 0
front only
else
else
else
else
front: 0.0991546, 1.09135, 2.5
side: 0, 0, 0
front only
else
front: 0, 0.446342, 2.5
back: 0, 1.33903, 7.5
front back
photon_ene: 661.6 photon_theta: 2.90579 photon_phi: 5.44557
traject_len: 5.07906
pe_len: 2.87006 cs_len: 2.08735
---
else
else
else
else
front: 0, 0, 2.5
side: 0, 0, 0
front only
else
front: 0, 0.186911, 2.5
side: 0, 0, 0
front only
front: 0.0836952, 0.932236, 2.5
side: 0, 0, 0
front only
else
front: 0, 0, 2.5
back: 0, 0, 7.5
front back
photon_ene: 661.6 photon_theta: 2.95935 photon_phi: 1.43222
traject_len: 5
pe_len: 9.69931 cs_len: 3.17896
---
else
front: 0, 0, 2.5
back: 0, 0, 7.5
front back
photon_ene: 661.6 photon_theta: 0.132329 photon_phi: 3.95879
traject_len: 5
pe_len: 36.3877 cs_len: 3.02974
---
front: 1.16785, 0.553333, 2.5
side: 0, 0, 0
front only
front: 0.909773, 0.93252, 2.5
side: 0, 0, 0
front only
else
else
else
else
else
else
else
front: 0, 0, 2.5
side: 0, 0, 0
front only
else
else
else
else
else
front: 2.04676, 1.18775, 2.5
side: 0, 0, 0
front only
else
else
else
else
else
front: 0, 0, 2.5
side: 0, 0, 0
front only
else
else
else
else
else
front: 0.987761, 0, 2.5
side: 0, 0, 0
front only
else
front: 0, 0, 2.5
side: 0, 0, 0
front only
else
else
else
else
front: 0.940654, 0, 2.5
side: 0, 0, 0
front only
else
else
else
front: 1.52272, 1.94134, 2.5
side: 0, 0, 0
front only
front: 2.0751, 0, 2.5
side: 0, 0, 0
front only
front: 0, 0.741641, 2.5
back: 0, 2.22492, 7.5
front back
photon_ene: 661.6 photon_theta: 2.82885 photon_phi: 5.12161
traject_len: 5.21537
pe_len: 28.302 cs_len: 0.0647698
---
else
else
front: 0, 1.0276, 2.5
side: 0, 0, 0
front only
else
front: 0.954929, 1.21098, 2.5
side: 0, 0, 0
front only
else
else
front: 0, 0, 2.5
side: 0, 0, 0
front only
else
else
front: 0, 0, 2.5
side: 0, 0, 0
front only
front: 0, 0.154027, 2.5
side: 0, 0, 0
front only
else
else
front: 0.138113, 0, 2.5
side: 0, 0, 0
front only
else
else
else
else
else
else
else
front: 2.34913, 0, 2.5
side: 0, 0, 0
front only
else
else
front: 0, 0, 2.5
back: 0, 0, 7.5
front back
photon_ene: 661.6 photon_theta: 0.21896 photon_phi: 4.50137
traject_len: 5
pe_len: 76.8874 cs_len: 3.34639
---
front: 1.82204, 0.511553, 2.5
side: 0, 0, 0
front only
else
else
else
front: 0, 0, 2.5
side: 0, 0, 0
front only
front: 0, 0, 2.5
side: 0, 0, 0
front only
else
front: 0, 1.03029, 2.5
side: 0, 0, 0
front only
front: 0, 0, 2.5
back: 0, 0, 7.5
front back
photon_ene: 661.6 photon_theta: 2.84666 photon_phi: 1.21763
traject_len: 5
pe_len: 17.2855 cs_len: 5.81947
---
else
else
else
else
front: 0, 0.756107, 2.5
side: 0, 0, 0
front only
else
else
else
else
front: 1.65232, 0.595696, 2.5
side: 0, 0, 0
front only
else
front: 0.290338, 0.581179, 2.5
back: 0.871013, 1.74354, 7.5
front back
photon_ene: 661.6 photon_theta: 0.254243 photon_phi: 1.1075
traject_len: 5.16607
pe_len: 4.78319 cs_len: 10.2043
---
else
else
else
else
else
else
else
else
else
else
else
front: 0, 0.596066, 2.5
side: 0, 0, 0
front only
front: 1.57897, 0, 2.5
side: 0, 0, 0
front only
else
else
front: 0, 0, 2.5
side: 0, 0, 0
front only
else
front: 0.0238811, 0.726173, 2.5
back: 0.0716434, 2.17852, 7.5
front back
photon_ene: 661.6 photon_theta: 0.282835 photon_phi: 1.53792
traject_len: 5.20688
pe_len: 89.5004 cs_len: 2.28472
---
else
front: 1.74451, 0, 2.5
side: 0, 0, 0
front only
else
else
else
else
front: 0.357561, 0, 2.5
side: 0, 0, 0
front only
else
front: 0, 0, 2.5
side: 0, 0, 0
front only
else
else
front: 0, 1.19049, 2.5
side: 0, 0, 0
front only
else
else
front: 2.02057, 0, 2.5
side: 0, 0, 0
front only
else
else
front: 1.02105, 0.903278, 2.5
side: 0, 0, 0
front only
else
else
else
else
else
else
else
else
else
front: 0.401168, 0, 2.5
side: 0, 0, 0
front only
else
else
front: 0.997053, 0, 2.5
side: 0, 0, 0
front only
front: 0, 0, 2.5
side: 0, 0, 0
front only
else
else
else
else
else
else
front: 0.687449, 0, 2.5
back: 2.06235, 0, 7.5
front back
photon_ene: 661.6 photon_theta: 0.313925 photon_phi: 5.72266
traject_len: 5.18559
pe_len: 33.6329 cs_len: 1.13353
---
front: 1.26547, 0, 2.5
side: 0, 0, 0
front only
else
else
else
front: 0, 2.25209, 2.5
side: 0, 0, 0
front only
else
else
front: 0, 0, 2.5
side: 0, 0, 0
front only
else
else
else
else
front: 0, 0, 2.5
side: 0, 0, 0
front only
front: 0, 0.409638, 2.5
side: 0, 0, 0
front only
else
else
front: 0, 0.485125, 2.5
side: 0, 0, 0
front only
else
else
else
else
front: 1.70225, 0, 2.5
side: 0, 0, 0
front only
else
front: 1.49388, 0, 2.5
side: 0, 0, 0
front only
else
front: 0, 0.681259, 2.5
side: 0, 0, 0
front only
else
else
else
else
front: 0, 1.76612, 2.5
side: 0, 0, 0
front only
front: 0, 0, 2.5
side: 0, 0, 0
front only
else
else
else
else
else
else
else
else
else
else
else
else
else
front: 0.324464, 0.145545, 2.5
back: 0.973393, 0.436634, 7.5
front back
photon_ene: 661.6 photon_theta: 0.141297 photon_phi: 0.421664
traject_len: 5.05033
pe_len: 17.2476 cs_len: 0.0185833
---
else
front: 0.786344, 0, 2.5
side: 0, 0, 0
front only
else
else
else
else
else
else
else
else
else
front: 1.8367, 0, 2.5
side: 0, 0, 0
front only
else
else
else
front: 1.77915, 0.952145, 2.5
side: 0, 0, 0
front only
else
else
else
else
front: 0, 0, 2.5
side: 0, 0, 0
front only
else
else
else
else
else
else
else
else
else
else
front: 2.23974, 0.907415, 2.5
side: 0, 0, 0
front only
else
else
else
else
else
else
else
else
front: 0, 1.11036, 2.5
side: 0, 0, 0
front only
else
else
else
else
else
front: 1.16495, 1.61392, 2.5
side: 0, 0, 0
front only
else
else
else
front: 0.865567, 0, 2.5
side: 0, 0, 0
front only
front: 1.13809, 0, 2.5
side: 0, 0, 0
front only
front: 0, 0.964367, 2.5
side: 0, 0, 0
front only
front: 1.21479, 0, 2.5
side: 0, 0, 0
front only
front: 0, 1.09118, 2.5
side: 0, 0, 0
front only
front: 1.68429, 0.315328, 2.5
side: 0, 0, 0
front only
front: 0, 0, 2.5
side: 0, 0, 0
front only
front: 0.129875, 2.25338, 2.5
side: 0, 0, 0
front only
front: 1.06343, 1.65869, 2.5
side: 0, 0, 0
front only
else
else
front: 0, 0, 2.5
back: 0, 0, 7.5
front back
photon_ene: 661.6 photon_theta: 0.135654 photon_phi: 3.45937
traject_len: 5
pe_len: 87.8304 cs_len: 3.89198
---
front: 1.8232, 0.312416, 2.5
side: 0, 0, 0
front only
else
else
else
else
else
else
else
else
front: 2.24642, 0.938875, 2.5
side: 0, 0, 0
front only
else
else
else
front: 0, 0, 2.5
side: 0, 0, 0
front only
else
else
front: 0, 0.784665, 2.5
side: 0, 0, 0
front only
front: 0, 2.19098, 2.5
side: 0, 0, 0
front only
else
front: 0, 2.01705, 2.5
side: 0, 0, 0
front only
else
else
else
else
else
front: 0, 0, 2.5
side: 0, 0, 0
front only
front: 0, 0, 2.5
side: 0, 0, 0
front only
else
else
else
else
else
front: 0, 0, 2.5
side: 0, 0, 0
front only
else
else
front: 0, 0, 2.5
side: 0, 0, 0
front only
else
front: 0, 0.869458, 2.5
side: 0, 0, 0
front only
else
else
else
front: 0, 0, 2.5
side: 0, 0, 0
front only
front: 0, 0, 2.5
side: 0, 0, 0
front only
else
else
front: 0, 1.45679, 2.5
side: 0, 0, 0
front only
else
else
else
else
else
else
else
front: 1.27438, 1.23145, 2.5
side: 0, 0, 0
front only
else
else
else
front: 0, 0, 2.5
side: 0, 0, 0
front only
front: 0, 0.765531, 2.5
side: 0, 0, 0
front only
else
else
front: 1.30491, 0.00725731, 2.5
side: 0, 0, 0
front only
else
else
else
else
front: 0, 0, 2.5
side: 0, 0, 0
front only
else
front: 0, 0.102008, 2.5
back: 0, 0.306024, 7.5
front back
photon_ene: 661.6 photon_theta: 0.0647991 photon_phi: 2.46157
traject_len: 5.00416
pe_len: 21.7756 cs_len: 0.245742
---
else
else
else
else
front: 0.401017, 0, 2.5
side: 0, 0, 0
front only
front: 0, 1.3038, 2.5
side: 0, 0, 0
front only
else
front: 0, 0, 2.5
back: 0, 0, 7.5
front back
photon_ene: 661.6 photon_theta: 0.225274 photon_phi: 3.92697
traject_len: 5
pe_len: 54.3536 cs_len: 1.91985
---
front: 0, 0, 2.5
back: 0, 0, 7.5
front back
photon_ene: 661.6 photon_theta: 0.275227 photon_phi: 3.24383
traject_len: 5
pe_len: 59.9156 cs_len: 1.8616
---
else
front: 0, 0.109334, 2.5
back: 0, 0.328003, 7.5
front back
photon_ene: 661.6 photon_theta: 2.90785 photon_phi: 6.09845
traject_len: 5.00478
pe_len: 13.8808 cs_len: 3.56644
---
else
else
else
else
else
else
else
else
else
front: 2.0584, 1.19087, 2.5
side: 0, 0, 0
front only
front: 0.700662, 0, 2.5
back: 2.10199, 0, 7.5
front back
photon_ene: 661.6 photon_theta: 2.82333 photon_phi: 2.58805
traject_len: 5.19266
pe_len: 73.0797 cs_len: 0.415495
---
else
else
else
else
else
else
front: 1.67677, 0, 2.5
side: 0, 0, 0
front only
else
front: 0.378051, 1.42991, 2.5
side: 0, 0, 0
front only
else
else
else
else
front: 0, 0, 2.5
side: 0, 0, 0
front only
else
else
else
front: 1.0739, 0, 2.5
side: 0, 0, 0
front only
front: 0, 0, 2.5
back: 0, 0, 7.5
front back
photon_ene: 661.6 photon_theta: 0.193567 photon_phi: 4.61402
traject_len: 5
pe_len: 24.5363 cs_len: 0.476225
---
front: 0, 0, 2.5
side: 0, 0, 0
front only
else
else
front: 0.922821, 0, 2.5
side: 0, 0, 0
front only
else
else
else
else
front: 0, 0, 2.5
side: 0, 0, 0
front only
front: 0.304174, 0.789638, 2.5
side: 0, 0, 0
front only
else
else
else
else
else
front: 0.785266, 2.30675, 2.5
side: 0, 0, 0
front only
else
else
front: 0, 0, 2.5
side: 0, 0, 0
front only
else
else
front: 0.231995, 0, 2.5
side: 0, 0, 0
front only
front: 0.827346, 0, 2.5
side: 0, 0, 0
front only
else
front: 0, 1.19089, 2.5
side: 0, 0, 0
front only
else
front: 1.18422, 1.03588, 2.5
side: 0, 0, 0
front only
else
front: 1.71846, 0.470146, 2.5
side: 0, 0, 0
front only
front: 0, 0.176353, 2.5
side: 0, 0, 0
front only
else
front: 0, 0, 2.5
back: 0, 0, 7.5
front back
photon_ene: 661.6 photon_theta: 2.87336 photon_phi: 0.919207
traject_len: 5
pe_len: 0.354646 cs_len: 2.04017
---
else
front: 1.29389, 0.498196, 2.5
side: 0, 0, 0
front only
else
front: 0, 0, 2.5
side: 0, 0, 0
front only
else
front: 0.829815, 0.678256, 2.5
side: 0, 0, 0
front only
else
else
front: 1.44378, 0, 2.5
side: 0, 0, 0
front only
else
else
front: 0, 0, 2.5
back: 0, 0, 7.5
front back
photon_ene: 661.6 photon_theta: 0.2336 photon_phi: 4.34445
traject_len: 5
pe_len: 55.3368 cs_len: 0.597714
---
else
front: 0, 0, 2.5
back: 0, 0, 7.5
front back
photon_ene: 661.6 photon_theta: 3.03894 photon_phi: 0.703455
traject_len: 5
pe_len: 6.65139 cs_len: 1.34603
---
else
else
else
else
else
else
else
else
front: 1.25048, 0, 2.5
side: 0, 0, 0
front only
else
else
front: 1.51882, 0.438943, 2.5
side: 0, 0, 0
front only
else
front: 0, 1.10226, 2.5
side: 0, 0, 0
front only
front: 0.193473, 0, 2.5
side: 0, 0, 0
front only
else
front: 1.70234, 0, 2.5
side: 0, 0, 0
front only
else
front: 0, 0.723068, 2.5
back: 0, 2.1692, 7.5
front back
photon_ene: 661.6 photon_theta: 0.301467 photon_phi: 1.94675
traject_len: 5.20493
pe_len: 67.3398 cs_len: 3.08078
---
else
else
else
else
else
else
else
else
else
front: 0.0719151, 2.08168, 2.5
side: 0, 0, 0
front only
else
else
else
else
else
front: 1.34391, 0.651046, 2.5
side: 0, 0, 0
front only
else
front: 2.36061, 0.419915, 2.5
side: 0, 0, 0
front only
front: 0.49536, 0, 2.5
back: 1.48608, 0, 7.5
front back
photon_ene: 661.6 photon_theta: 0.225424 photon_phi: 5.75564
traject_len: 5.09721
pe_len: 7.82933 cs_len: 1.35335
---
else
else
front: 0.12736, 0, 2.5
side: 0, 0, 0
front only
else
else
else
else
else
else
else
else
front: 0, 1.96424, 2.5
side: 0, 0, 0
front only
front: 0.185141, 0, 2.5
side: 0, 0, 0
front only
front: 0, 0, 2.5
back: 0, 0, 7.5
front back
photon_ene: 661.6 photon_theta: 2.86061 photon_phi: 0.848429
traject_len: 5
pe_len: 10.8016 cs_len: 1.86001
---
else
else
else
else
else
else
else
else
else
else
else
else
else
else
else
else
front: 0, 1.06549, 2.5
side: 0, 0, 0
front only
front: 0, 0, 2.5
side: 0, 0, 0
front only
front: 1.21085, 0.906447, 2.5
side: 0, 0, 0
front only
else
else
front: 0, 0.275643, 2.5
back: 0, 0.826929, 7.5
front back
photon_ene: 661.6 photon_theta: 0.163843 photon_phi: 2.41153
traject_len: 5.0303
pe_len: 12.8539 cs_len: 15.8404
---
front: 2.4429, 0.0950341, 2.5
side: 0, 0, 0
front only
front: 0, 0.196569, 2.5
side: 0, 0, 0
front only
else
else
else
else
else
else
else
else
else
front: 0, 0, 2.5
side: 0, 0, 0
front only
else
else
else
else
else
else
else
else
front: 0.0472223, 0, 2.5
back: 0.141667, 0, 7.5
front back
photon_ene: 661.6 photon_theta: 0.257219 photon_phi: 4.78426
traject_len: 5.00089
pe_len: 41.8574 cs_len: 0.545351
---
else
else
else
front: 0.180166, 0, 2.5
side: 0, 0, 0
front only
else
else
front: 0, 0.527767, 2.5
side: 0, 0, 0
front only
else
else
else
else
front: 0, 1.66114, 2.5
side: 0, 0, 0
front only
front: 0.973609, 0, 2.5
side: 0, 0, 0
front only
else
front: 0.440165, 0, 2.5
side: 0, 0, 0
front only
else
else
else
else
front: 0, 0.283295, 2.5
side: 0, 0, 0
front only
else
else
else
else
else
else
else
else
front: 0, 0.694372, 2.5
side: 0, 0, 0
front only
front: 0, 0, 2.5
side: 0, 0, 0
front only
front: 0, 2.24707, 2.5
side: 0, 0, 0
front only
else
else
else
else
else
else
else
else
else
else
front: 0.877317, 0.668338, 2.5
side: 0, 0, 0
front only
else
else
front: 1.42768, 0, 2.5
side: 0, 0, 0
front only
front: 0, 0, 2.5
side: 0, 0, 0
front only
else
else
else
front: 0.00516126, 0, 2.5
back: 0.0154838, 0, 7.5
front back
photon_ene: 661.6 photon_theta: 0.278483 photon_phi: 4.71961
traject_len: 5.00001
pe_len: 71.7824 cs_len: 0.749411
---
else
else
else
front: 0, 0, 2.5
side: 0, 0, 0
front only
else
front: 0, 0, 2.5
side: 0, 0, 0
front only
else
else
else
else
front: 0.166201, 2.06376, 2.5
side: 0, 0, 0
front only
else
front: 1.40929, 0, 2.5
side: 0, 0, 0
front only
else
else
else
else
else
else
else
else
else
else
else
else
else
front: 0.194361, 0, 2.5
back: 0.583082, 0, 7.5
front back
photon_ene: 661.6 photon_theta: 3.04232 photon_phi: 2.46636
traject_len: 5.01509
pe_len: 3.47228 cs_len: 2.63819
---
else
front: 0, 0.672842, 2.5
side: 0, 0, 0
front only
else
front: 0, 1.31509, 2.5
side: 0, 0, 0
front only
else
front: 0.690598, 0, 2.5
side: 0, 0, 0
front only
front: 0.0824585, 0.591952, 2.5
back: 0.247376, 1.77586, 7.5
front back
photon_ene: 661.6 photon_theta: 2.90693 photon_phi: 4.57398
traject_len: 5.1409
pe_len: 4.23488 cs_len: 3.84815
---
front: 1.12921, 0, 2.5
side: 0, 0, 0
front only
else
front: 1.38185, 0, 2.5
side: 0, 0, 0
front only
else
else
else
else
else
else
front: 0, 0, 2.5
side: 0, 0, 0
front only
else
else
else
front: 1.95978, 0, 2.5
side: 0, 0, 0
front only
else
front: 1.06288, 0, 2.5
side: 0, 0, 0
front only
front: 0, 2.23878, 2.5
side: 0, 0, 0
front only
front: 0, 0, 2.5
side: 0, 0, 0
front only
else
front: 0.249935, 2.42034, 2.5
side: 0, 0, 0
front only
else
else
else
else
else
else
else
else
else
else
front: 1.93146, 1.51083, 2.5
side: 0, 0, 0
front only
else
else
else
else
else
else
else
front: 0.562792, 0.671301, 2.5
side: 0, 0, 0
front only
else
front: 0.53297, 0, 2.5
side: 0, 0, 0
front only
else
else
else
else
else
else
else
else
else
else
else
front: 0, 0, 2.5
side: 0, 0, 0
front only
else
else
else
else
else
else
else
else
else
else
else
else
else
else
else
else
else
else
else
front: 0, 0, 2.5
side: 0, 0, 0
front only
front: 0, 1.08018, 2.5
side: 0, 0, 0
front only
front: 0, 0, 2.5
side: 0, 0, 0
front only
front: 0.080887, 0, 2.5
side: 0, 0, 0
front only
front: 0, 0, 2.5
side: 0, 0, 0
front only
else
else
else
front: 2.01322, 0, 2.5
side: 0, 0, 0
front only
front: 0, 0.930824, 2.5
side: 0, 0, 0
front only
else
else
front: 0.901934, 0.106834, 2.5
side: 0, 0, 0
front only
else
else
front: 1.16884, 0.62657, 2.5
side: 0, 0, 0
front only
else
else
else
else
front: 0.472385, 0, 2.5
back: 1.41716, 0, 7.5
front back
photon_ene: 661.6 photon_theta: 0.221531 photon_phi: 5.70774
traject_len: 5.08848
pe_len: 125.037 cs_len: 2.28417
---
else
else
else
else
front: 0, 0, 2.5
side: 0, 0, 0
front only
front: 1.6147, 0, 2.5
side: 0, 0, 0
front only
else
else
front: 0, 0.690483, 2.5
back: 0, 2.07145, 7.5
front back
photon_ene: 661.6 photon_theta: 0.284404 photon_phi: 1.90459
traject_len: 5.1872
pe_len: 36.7963 cs_len: 1.34066
---
else
front: 0.77417, 0.811016, 2.5
side: 0, 0, 0
front only
else
front: 0, 0, 2.5
side: 0, 0, 0
front only
else
else
else
front: 0.39162, 0, 2.5
side: 0, 0, 0
front only
else
else
front: 0, 0, 2.5
side: 0, 0, 0
front only
else
else
else
else
front: 2.23631, 0.491888, 2.5
side: 0, 0, 0
front only
else
else
front: 0.713109, 0, 2.5
back: 2.13933, 0, 7.5
front back
photon_ene: 661.6 photon_theta: 0.312358 photon_phi: 5.79524
traject_len: 5.19943
pe_len: 10.2326 cs_len: 2.81674
---
else
else
else
front: 0, 0, 2.5
back: 0, 0, 7.5
front back
photon_ene: 661.6 photon_theta: 0.27495 photon_phi: 4.55906
traject_len: 5
pe_len: 27.5711 cs_len: 1.95193
---
front: 0.353689, 0.642786, 2.5
back: 1.06107, 1.92836, 7.5
front back
photon_ene: 661.6 photon_theta: 2.85614 photon_phi: 4.20936
traject_len: 5.21086
pe_len: 20.1154 cs_len: 1.29158
---
else
else
else
else
else
else
front: 0, 0, 2.5
side: 0, 0, 0
front only
else
else
else
else
front: 0, 0, 2.5
side: 0, 0, 0
front only
front: 0, 0, 2.5
side: 0, 0, 0
front only
front: 1.19073, 0.0251055, 2.5
side: 0, 0, 0
front only
else
else
else
else
else
front: 2.4246, 0.245679, 2.5
side: 0, 0, 0
front only
else
else
else
else
else
else
front: 0, 0, 2.5
side: 0, 0, 0
front only
front: 0, 1.01847, 2.5
side: 0, 0, 0
front only
else
else
else
else
else
else
else
else
else
else
front: 0, 0, 2.5
side: 0, 0, 0
front only
else
else
front: 1.80666, 0, 2.5
side: 0, 0, 0
front only
else
else
front: 0.192692, 0.000872866, 2.5
back: 0.578077, 0.0026186, 7.5
front back
photon_ene: 661.6 photon_theta: 0.0769257 photon_phi: 0.00452981
traject_len: 5.01483
pe_len: 28.5142 cs_len: 2.49302
---
front: 0, 1.63402, 2.5
side: 0, 0, 0
front only
front: 0.399562, 0.326724, 2.5
back: 1.19869, 0.980173, 7.5
front back
photon_ene: 661.6 photon_theta: 2.938 photon_phi: 3.82704
traject_len: 5.10545
pe_len: 20.3893 cs_len: 1.98144
---
else
front: 0, 0.12845, 2.5
back: 0, 0.385351, 7.5
front back
photon_ene: 661.6 photon_theta: 3.05076 photon_phi: 5.6838
traject_len: 5.0066
pe_len: 38.9245 cs_len: 6.92184
---
else
front: 0, 1.93344, 2.5
side: 0, 0, 0
front only
else
else
else
front: 1.64194, 0.307717, 2.5
side: 0, 0, 0
front only
else
else
else
front: 1.36583, 0, 2.5
side: 0, 0, 0
front only
front: 0, 0, 2.5
side: 0, 0, 0
front only
front: 1.01905, 0, 2.5
side: 0, 0, 0
front only
else
else
else
else
else
else
else
front: 0, 0.216044, 2.5
back: 0, 0.648132, 7.5
front back
photon_ene: 661.6 photon_theta: 0.086232 photon_phi: 1.59662
traject_len: 5.01864
pe_len: 9.16779 cs_len: 0.967611
---
front: 0.593625, 0, 2.5
side: 0, 0, 0
front only
front: 1.61659, 0, 2.5
side: 0, 0, 0
front only
else
else
front: 0.579591, 0, 2.5
side: 0, 0, 0
front only
else
else
else
else
front: 0, 0, 2.5
side: 0, 0, 0
front only
front: 0, 0, 2.5
side: 0, 0, 0
front only
front: 0, 0.694847, 2.5
side: 0, 0, 0
front only
else
else
front: 0, 0, 2.5
side: 0, 0, 0
front only
else
front: 0.379708, 0.307785, 2.5
back: 1.13912, 0.923354, 7.5
front back
photon_ene: 661.6 photon_theta: 2.94851 photon_phi: 3.82275
traject_len: 5.09467
pe_len: 184.558 cs_len: 2.01685
---
front: 1.13003, 0.886583, 2.5
side: 0, 0, 0
front only
else
front: 0, 1.48102, 2.5
side: 0, 0, 0
front only
front: 0, 0, 2.5
side: 0, 0, 0
front only
else
front: 0, 0.927773, 2.5
side: 0, 0, 0
front only
else
front: 0, 0, 2.5
side: 0, 0, 0
front only
else
else
else
else
else
else
else
front: 0, 0.930108, 2.5
side: 0, 0, 0
front only
else
front: 1.7959, 1.06218, 2.5
side: 0, 0, 0
front only
else
else
else
else
else
else
else
else
front: 0, 0, 2.5
side: 0, 0, 0
front only
else
front: 1.06701, 0, 2.5
side: 0, 0, 0
front only
else
else
front: 0, 0, 2.5
back: 0, 0, 7.5
front back
photon_ene: 661.6 photon_theta: 2.86307 photon_phi: 0.831177
traject_len: 5
pe_len: 13.824 cs_len: 2.68674
---
else
front: 0.930267, 1.11713, 2.5
side: 0, 0, 0
front only
else
else
else
else
else
front: 0, 0, 2.5
side: 0, 0, 0
front only
else
front: 0.101412, 0.933015, 2.5
side: 0, 0, 0
front only
else
else
front: 0, 0.262889, 2.5
back: 0, 0.788668, 7.5
front back
photon_ene: 661.6 photon_theta: 2.89649 photon_phi: 5.84929
traject_len: 5.02757
pe_len: 41.9447 cs_len: 0.635881
---
else
else
front: 0, 1.39075, 2.5
side: 0, 0, 0
front only
front: 1.64898, 0.272612, 2.5
side: 0, 0, 0
front only
front: 0, 0, 2.5
side: 0, 0, 0
front only
front: 0.602287, 0, 2.5
side: 0, 0, 0
front only
else
else
else
else
else
else
else
else
else
front: 1.24139, 0.0665369, 2.5
side: 0, 0, 0
front only
else
else
front: 0, 0.674995, 2.5
side: 0, 0, 0
front only
else
else
else
else
else
else
else
else
else
front: 1.65745, 0, 2.5
side: 0, 0, 0
front only
else
front: 0.533304, 0.194413, 2.5
back: 1.59991, 0.583239, 7.5
front back
photon_ene: 661.6 photon_theta: 2.91832 photon_phi: 3.49117
traject_len: 5.12726
pe_len: 54.2565 cs_len: 10.5844
---
else
front: 0, 0.736883, 2.5
back: 0, 2.21065, 7.5
front back
photon_ene: 661.6 photon_theta: 0.308236 photon_phi: 1.9585
traject_len: 5.21268
pe_len: 20.5013 cs_len: 13.3035
---
else
else
else
front: 0, 2.0388, 2.5
side: 0, 0, 0
front only
front: 0.150151, 0, 2.5
back: 0.450454, 0, 7.5
front back
photon_ene: 661.6 photon_theta: 3.0572 photon_phi: 2.36032
traject_len: 5.00901
pe_len: 7.35259 cs_len: 2.23056
---
front: 0, 0.835277, 2.5
side: 0, 0, 0
front only
else
else
else
else
else
else
front: 0, 0, 2.5
back: 0, 0, 7.5
front back
photon_ene: 661.6 photon_theta: 0.302079 photon_phi: 4.64192
traject_len: 5
pe_len: 97.259 cs_len: 8.04632
---
else
front: 0, 0, 2.5
side: 0, 0, 0
front only
else
else
else
front: 0.251999, 0, 2.5
side: 0, 0, 0
front only
else
else
else
else
else
else
else
else
else
else
else
else
front: 0, 0.0705619, 2.5
side: 0, 0, 0
front only
else
front: 0, 0, 2.5
side: 0, 0, 0
front only
front: 1.37083, 0, 2.5
side: 0, 0, 0
front only
front: 1.53136, 0, 2.5
side: 0, 0, 0
front only
else
else
front: 0, 0, 2.5
back: 0, 0, 7.5
front back
photon_ene: 661.6 photon_theta: 0.0704129 photon_phi: 4.42734
traject_len: 5
pe_len: 45.1266 cs_len: 1.83779
---
else
else
front: 0.273867, 0, 2.5
side: 0, 0, 0
front only
else
else
else
else
else
else
else
else
else
else
front: 0, 1.05962, 2.5
side: 0, 0, 0
front only
else
front: 0, 0.766084, 2.5
side: 0, 0, 0
front only
else
front: 0.105274, 1.65618, 2.5
side: 0, 0, 0
front only
front: 0, 0.117653, 2.5
side: 0, 0, 0
front only
else
front: 0, 2.22875, 2.5
side: 0, 0, 0
front only
else
else
else
else
else
else
else
front: 0, 1.7019, 2.5
side: 0, 0, 0
front only
else
else
front: 1.44791, 0, 2.5
side: 0, 0, 0
front only
front: 0.830778, 0, 2.5
side: 0, 0, 0
front only
else
front: 0, 0, 2.5
side: 0, 0, 0
front only
else
else
front: 0, 0, 2.5
side: 0, 0, 0
front only
front: 0.52689, 1.14678, 2.5
side: 0, 0, 0
front only
front: 0, 0.771812, 2.5
side: 0, 0, 0
front only
front: 0, 0, 2.5
side: 0, 0, 0
front only
front: 2.23823, 0, 2.5
side: 0, 0, 0
front only
else
else
else
else
else
front: 1.44894, 0, 2.5
side: 0, 0, 0
front only
else
front: 0.811567, 1.69175, 2.5
side: 0, 0, 0
front only
else
else
else
front: 1.25683, 0, 2.5
side: 0, 0, 0
front only
front: 0.807292, 0, 2.5
back: 2.42188, 0, 7.5
front back
photon_ene: 661.6 photon_theta: 0.312364 photon_phi: 6.27244
traject_len: 5.25423
pe_len: 22.0902 cs_len: 4.88052
---
else
else
else
else
else
else
else
else
front: 1.13186, 0.874375, 2.5
side: 0, 0, 0
front only
else
else
front: 0, 0, 2.5
side: 0, 0, 0
front only
else
else
else
else
front: 0, 0.203414, 2.5
side: 0, 0, 0
front only
front: 0, 0, 2.5
back: 0, 0, 7.5
front back
photon_ene: 661.6 photon_theta: 2.92525 photon_phi: 0.695315
traject_len: 5
pe_len: 52.384 cs_len: 6.61933
---
else
else
front: 0.857001, 0.134398, 2.5
side: 0, 0, 0
front only
else
else
else
else
front: 0, 1.7621, 2.5
side: 0, 0, 0
front only
else
else
else
else
else
else
else
else
else
else
else
else
front: 1.345, 1.89727, 2.5
side: 0, 0, 0
front only
else
else
front: 0, 0.875333, 2.5
side: 0, 0, 0
front only
else
else
else
else
else
front: 0, 0, 2.5
side: 0, 0, 0
front only
front: 0, 0, 2.5
side: 0, 0, 0
front only
else
else
else
else
else
front: 0, 0.212176, 2.5
back: 0, 0.636527, 7.5
front back
photon_ene: 661.6 photon_theta: 0.215688 photon_phi: 2.74382
traject_len: 5.01798
pe_len: 92.4949 cs_len: 0.661877
---
else
else
else
else
else
else
front: 1.11161, 0, 2.5
side: 0, 0, 0
front only
front: 0.0382463, 0.517899, 2.5
back: 0.114739, 1.5537, 7.5
front back
photon_ene: 661.6 photon_theta: 2.93678 photon_phi: 4.63867
traject_len: 5.10673
pe_len: 2.57623 cs_len: 0.352759
---
else
else
else
else
else
front: 1.799, 0, 2.5
side: 0, 0, 0
front only
else
else
else
else
else
else
front: 2.07024, 0, 2.5
side: 0, 0, 0
front only
else
front: 0, 1.14882, 2.5
side: 0, 0, 0
front only
front: 0, 0.866758, 2.5
side: 0, 0, 0
front only
else
else
else
else
front: 0, 0, 2.5
side: 0, 0, 0
front only
front: 0, 0, 2.5
side: 0, 0, 0
front only
else
front: 0, 0, 2.5
side: 0, 0, 0
front only
front: 0, 1.92648, 2.5
side: 0, 0, 0
front only
else
front: 0, 0, 2.5
back: 0, 0, 7.5
front back
photon_ene: 661.6 photon_theta: 2.98224 photon_phi: 1.10695
traject_len: 5
pe_len: 0.742134 cs_len: 6.29991
---
else
else
else
else
else
else
front: 0.869652, 0.838384, 2.5
side: 0, 0, 0
front only
front: 0.999983, 0, 2.5
side: 0, 0, 0
front only
else
else
front: 0, 0, 2.5
side: 0, 0, 0
front only
else
else
else
front: 0, 1.78186, 2.5
side: 0, 0, 0
front only
front: 0.130157, 0, 2.5
side: 0, 0, 0
front only
front: 0.554162, 0, 2.5
back: 1.66249, 0, 7.5
front back
photon_ene: 661.6 photon_theta: 0.223176 photon_phi: 6.06681
traject_len: 5.12137
pe_len: 27.4976 cs_len: 4.07676
---
front: 0, 0.208388, 2.5
side: 0, 0, 0
front only
else
else
else
front: 0, 1.92539, 2.5
side: 0, 0, 0
front only
front: 0.0966031, 0, 2.5
back: 0.289809, 0, 7.5
front back
photon_ene: 661.6 photon_theta: 2.91145 photon_phi: 1.73648
traject_len: 5.00373
pe_len: 0.00797974 cs_len: 3.35937
---
else
else
else
else
else
else
front: 0, 0.245692, 2.5
side: 0, 0, 0
front only
front: 0, 0, 2.5
side: 0, 0, 0
front only
else
else
front: 0.423026, 2.46332, 2.5
side: 0, 0, 0
front only
front: 0, 2.40402, 2.5
side: 0, 0, 0
front only
else
front: 0, 0, 2.5
back: 0, 0, 7.5
front back
photon_ene: 661.6 photon_theta: 3.04823 photon_phi: 0.999139
traject_len: 5
pe_len: 28.1519 cs_len: 2.55889
---
else
front: 1.65995, 0, 2.5
side: 0, 0, 0
front only
else
else
else
else
front: 0, 0, 2.5
side: 0, 0, 0
front only
front: 0, 0.122628, 2.5
back: 0, 0.367883, 7.5
front back
photon_ene: 661.6 photon_theta: 2.94408 photon_phi: 6.03555
traject_len: 5.00601
pe_len: 48.8198 cs_len: 0.369943
---
front: 1.65192, 0, 2.5
side: 0, 0, 0
front only
else
front: 1.49501, 1.15614, 2.5
side: 0, 0, 0
front only
front: 0, 0, 2.5
side: 0, 0, 0
front only
else
else
else
else
else
else
front: 0, 0, 2.5
side: 0, 0, 0
front only
else
else
else
else
else
front: 0.414994, 0, 2.5
side: 0, 0, 0
front only
else
else
else
else
else
front: 1.62056, 0.697134, 2.5
side: 0, 0, 0
front only
else
else
else
front: 0.946741, 0, 2.5
side: 0, 0, 0
front only
else
else
else
front: 0.447753, 1.63006, 2.5
side: 0, 0, 0
front only
front: 0, 1.26178, 2.5
side: 0, 0, 0
front only
front: 0, 0, 2.5
side: 0, 0, 0
front only
else
front: 0, 0, 2.5
side: 0, 0, 0
front only
else
else
front: 2.02428, 0, 2.5
side: 0, 0, 0
front only
front: 1.79777, 0, 2.5
side: 0, 0, 0
front only
else
front: 0, 0, 2.5
side: 0, 0, 0
front only
else
else
front: 0, 0, 2.5
side: 0, 0, 0
front only
else
else
else
front: 0.115732, 0.431121, 2.5
back: 0.347195, 1.29336, 7.5
front back
photon_ene: 661.6 photon_theta: 2.9649 photon_phi: 4.45013
traject_len: 5.07908
pe_len: 26.3901 cs_len: 3.65525
---
else
else
else
else
else
front: 0.900371, 0, 2.5
side: 0, 0, 0
front only
else
else
else
else
front: 0, 0, 2.5
side: 0, 0, 0
front only
else
else
else
else
else
else
front: 0, 0, 2.5
side: 0, 0, 0
front only
else
else
else
else
else
else
front: 0, 0.839922, 2.5
side: 0, 0, 0
front only
else
else
front: 1.01381, 1.404, 2.5
side: 0, 0, 0
front only
else
else
front: 2.38075, 0.201705, 2.5
side: 0, 0, 0
front only
front: 0.750556, 1.00914, 2.5
side: 0, 0, 0
front only
front: 0, 0, 2.5
side: 0, 0, 0
front only
else
front: 0.180081, 1.06468, 2.5
side: 0, 0, 0
front only
else
front: 2.27856, 0.557524, 2.5
side: 0, 0, 0
front only
front: 0, 0, 2.5
side: 0, 0, 0
front only
else
else
else
front: 0, 1.32556, 2.5
side: 0, 0, 0
front only
front: 0.987709, 0, 2.5
side: 0, 0, 0
front only
else
else
else
else
else
front: 0, 0.859229, 2.5
side: 0, 0, 0
front only
else
else
else
else
else
else
else
else
else
else
else
front: 0.845571, 0.752774, 2.5
side: 0, 0, 0
front only
else
front: 1.06975, 0, 2.5
side: 0, 0, 0
front only
front: 0.0141209, 1.61574, 2.5
side: 0, 0, 0
front only
else
else
else
front: 0.410227, 0, 2.5
side: 0, 0, 0
front only
front: 0, 0, 2.5
side: 0, 0, 0
front only
front: 0, 0, 2.5
side: 0, 0, 0
front only
front: 1.33902, 0.711175, 2.5
side: 0, 0, 0
front only
else
else
else
front: 0, 0.40592, 2.5
back: 0, 1.21776, 7.5
front back
photon_ene: 661.6 photon_theta: 2.9142 photon_phi: 5.50539
traject_len: 5.06548
pe_len: 82.5958 cs_len: 6.68754
---
else
else
else
else
else
front: 0, 0.876108, 2.5
side: 0, 0, 0
front only
else
else
front: 0.165619, 0.116821, 2.5
back: 0.496857, 0.350463, 7.5
front back
photon_ene: 661.6 photon_theta: 0.0808927 photon_phi: 0.614314
traject_len: 5.0164
pe_len: 37.9397 cs_len: 0.883809
---
front: 1.20609, 0, 2.5
side: 0, 0, 0
front only
else
else
front: 0, 0.489704, 2.5
side: 0, 0, 0
front only
else
front: 2.03612, 0, 2.5
side: 0, 0, 0
front only
front: 0.922288, 0, 2.5
side: 0, 0, 0
front only
else
else
else
front: 0, 0.295575, 2.5
side: 0, 0, 0
front only
else
else
else
else
else
else
else
else
front: 0, 1.53349, 2.5
side: 0, 0, 0
front only
front: 1.0327, 0, 2.5
side: 0, 0, 0
front only
else
front: 0.113132, 0, 2.5
back: 0.339396, 0, 7.5
front back
photon_ene: 661.6 photon_theta: 2.82075 photon_phi: 1.70739
traject_len: 5.00512
pe_len: 7.79406 cs_len: 2.02868
---
else
else
else
else
else
front: 0, 0, 2.5
side: 0, 0, 0
front only
else
else
else
else
else
else
else
else
front: 1.3003, 0.285488, 2.5
side: 0, 0, 0
front only
else
else
else
else
else
front: 0.538693, 0, 2.5
side: 0, 0, 0
front only
else
front: 0, 0, 2.5
side: 0, 0, 0
front only
else
else
else
else
else
front: 0.910351, 0, 2.5
side: 0, 0, 0
front only
else
front: 0, 0, 2.5
side: 0, 0, 0
front only
else
else
else
else
else
else
else
else
front: 2.15574, 0, 2.5
side: 0, 0, 0
front only
else
else
else
else
front: 0.310399, 0, 2.5
back: 0.931198, 0, 7.5
front back
photon_ene: 661.6 photon_theta: 0.123728 photon_phi: 6.22595
traject_len: 5.03839
pe_len: 13.152 cs_len: 10.5649
---
front: 0, 0, 2.5
side: 0, 0, 0
front only
else
front: 0, 1.65876, 2.5
side: 0, 0, 0
front only
else
else
front: 0.484041, 0, 2.5
side: 0, 0, 0
front only
front: 0.29322, 0.138149, 2.5
back: 0.879661, 0.414446, 7.5
front back
photon_ene: 661.6 photon_theta: 0.128935 photon_phi: 0.440297
traject_len: 5.04185
pe_len: 91.6618 cs_len: 12.7883
---
else
else
else
else
else
else
else
front: 0, 0.611633, 2.5
side: 0, 0, 0
front only
else
else
else
else
else
front: 0.680685, 0, 2.5
side: 0, 0, 0
front only
else
else
front: 0.800497, 1.69915, 2.5
side: 0, 0, 0
front only
front: 0.121628, 1.62308, 2.5
side: 0, 0, 0
front only
front: 0, 1.43281, 2.5
side: 0, 0, 0
front only
else
else
front: 0, 0, 2.5
side: 0, 0, 0
front only
front: 0, 0, 2.5
side: 0, 0, 0
front only
else
else
else
else
else
front: 1.70255, 0.559222, 2.5
side: 0, 0, 0
front only
else
else
else
else
else
front: 1.42835, 0, 2.5
side: 0, 0, 0
front only
front: 1.26449, 0, 2.5
side: 0, 0, 0
front only
else
front: 0, 1.20452, 2.5
side: 0, 0, 0
front only
else
else
front: 0, 1.26121, 2.5
side: 0, 0, 0
front only
else
front: 0, 0.127542, 2.5
back: 0, 0.382626, 7.5
front back
photon_ene: 661.6 photon_theta: 3.0808 photon_phi: 5.28921
traject_len: 5.0065
pe_len: 9.73045 cs_len: 0.693176
---
else
else
else
else
else
else
else
else
front: 0.892593, 0, 2.5
side: 0, 0, 0
front only
else
else
else
front: 1.2879, 1.85088, 2.5
side: 0, 0, 0
front only
else
else
else
else
front: 2.05846, 1.31524, 2.5
side: 0, 0, 0
front only
else
else
else
else
else
else
else
else
else
else
else
else
else
else
else
else
else
else
front: 0, 0.312288, 2.5
back: 0, 0.936864, 7.5
front back
photon_ene: 661.6 photon_theta: 0.158462 photon_phi: 2.24423
traject_len: 5.03886
pe_len: 11.5028 cs_len: 7.77948
---
else
else
else
else
front: 0, 0.82914, 2.5
side: 0, 0, 0
front only
else
else
else
else
front: 0.162992, 0, 2.5
back: 0.488977, 0, 7.5
front back
photon_ene: 661.6 photon_theta: 0.16075 photon_phi: 5.12618
traject_len: 5.01062
pe_len: 18.9207 cs_len: 0.300143
---
front: 0.829417, 0, 2.5
side: 0, 0, 0
front only
else
else
front: 0.823937, 0.73889, 2.5
side: 0, 0, 0
front only
front: 1.63441, 1.74436, 2.5
side: 0, 0, 0
front only
else
else
else
else
else
else
front: 0.838212, 1.1192, 2.5
side: 0, 0, 0
front only
front: 0, 0.00402427, 2.5
back: 0, 0.0120728, 7.5
front back
photon_ene: 661.6 photon_theta: 0.235907 photon_phi: 3.1349
traject_len: 5.00001
pe_len: 12.8191 cs_len: 3.53126
---
else
else
else
else
else
front: 0.512497, 0.9585, 2.5
side: 0, 0, 0
front only
else
front: 0, 1.80098, 2.5
side: 0, 0, 0
front only
else
else
else
else
else
front: 0, 0.661219, 2.5
side: 0, 0, 0
front only
else
else
else
else
front: 0, 0, 2.5
back: 0, 0, 7.5
front back
photon_ene: 661.6 photon_theta: 2.97563 photon_phi: 0.0273154
traject_len: 5
pe_len: 33.1128 cs_len: 6.56671
---
else
else
else
front: 0.186483, 0.982742, 2.5
side: 0, 0, 0
front only
else
else
front: 0, 0, 2.5
side: 0, 0, 0
front only
front: 0, 1.32529, 2.5
side: 0, 0, 0
front only
else
else
else
else
else
else
else
else
else
front: 0.585561, 0.150316, 2.5
back: 1.75668, 0.450949, 7.5
front back
photon_ene: 661.6 photon_theta: 0.237264 photon_phi: 0.251279
traject_len: 5.14411
pe_len: 53.7479 cs_len: 2.63093
---
front: 0.0366691, 0, 2.5
side: 0, 0, 0
front only
else
else
else
front: 0, 0, 2.5
side: 0, 0, 0
front only
else
else
else
else
else
else
else
else
else
else
front: 0.469619, 0, 2.5
side: 0, 0, 0
front only
front: 1.45769, 0.986682, 2.5
side: 0, 0, 0
front only
front: 1.09094, 0, 2.5
side: 0, 0, 0
front only
else
else
else
else
else
else
front: 0.59314, 2.14706, 2.5
side: 0, 0, 0
front only
else
else
else
front: 0, 1.70237, 2.5
side: 0, 0, 0
front only
else
else
front: 1.82061, 0, 2.5
side: 0, 0, 0
front only
else
else
else
else
else
else
else
else
else
else
else
else
front: 0, 0, 2.5
side: 0, 0, 0
front only
front: 0, 0, 2.5
side: 0, 0, 0
front only
else
front: 0, 0, 2.5
side: 0, 0, 0
front only
else
else
front: 0.551092, 0.266632, 2.5
back: 1.65328, 0.799895, 7.5
front back
photon_ene: 661.6 photon_theta: 2.90144 photon_phi: 3.59222
traject_len: 5.14774
pe_len: 25.9454 cs_len: 11.9532
---
front: 0, 1.61083, 2.5
side: 0, 0, 0
front only
else
front: 0, 0.24235, 2.5
side: 0, 0, 0
front only
front: 0, 0.0556214, 2.5
side: 0, 0, 0
front only
else
else
else
else
else
else
else
front: 0, 0.410445, 2.5
side: 0, 0, 0
front only
front: 0, 1.3857, 2.5
side: 0, 0, 0
front only
else
else
else
front: 1.00192, 0, 2.5
side: 0, 0, 0
front only
else
else
else
else
front: 0, 0, 2.5
back: 0, 0, 7.5
front back
photon_ene: 661.6 photon_theta: 0.196101 photon_phi: 3.24746
traject_len: 5
pe_len: 31.22 cs_len: 3.81926
---
else
else
else
else
else
else
front: 0.654563, 0, 2.5
side: 0, 0, 0
front only
else
else
else
else
else
else
front: 0, 1.74797, 2.5
side: 0, 0, 0
front only
front: 0.926609, 0, 2.5
side: 0, 0, 0
front only
else
else
else
else
else
front: 0, 0, 2.5
side: 0, 0, 0
front only
else
front: 1.6208, 0, 2.5
side: 0, 0, 0
front only
front: 0.10744, 0, 2.5
back: 0.322321, 0, 7.5
front back
photon_ene: 661.6 photon_theta: 2.97849 photon_phi: 1.835
traject_len: 5.00462
pe_len: 34.2847 cs_len: 5.68632
---
else
front: 0, 0, 2.5
back: 0, 0, 7.5
front back
photon_ene: 661.6 photon_theta: 2.86895 photon_phi: 1.22866
traject_len: 5
pe_len: 0.185949 cs_len: 1.46147
---
else
else
front: 0.348287, 0.504086, 2.5
back: 1.04486, 1.51226, 7.5
front back
photon_ene: 661.6 photon_theta: 2.90125 photon_phi: 4.10778
traject_len: 5.14797
pe_len: 17.403 cs_len: 5.51172
---
else
front: 0.898751, 0, 2.5
side: 0, 0, 0
front only
front: 0.960469, 0, 2.5
side: 0, 0, 0
front only
else
else
else
else
else
else
else
else
else
else
else
else
else
front: 1.33388, 0, 2.5
side: 0, 0, 0
front only
else
else
front: 0.451736, 0, 2.5
side: 0, 0, 0
front only
else
else
else
front: 0, 1.56993, 2.5
side: 0, 0, 0
front only
else
else
else
else
else
else
else
else
else
else
else
else
else
front: 0, 0.660581, 2.5
side: 0, 0, 0
front only
else
else
front: 0.336266, 0.314359, 2.5
back: 1.0088, 0.943076, 7.5
front back
photon_ene: 661.6 photon_theta: 2.9595 photon_phi: 3.89333
traject_len: 5.08405
pe_len: 30.9136 cs_len: 0.935438
---
else
else
else
front: 0.380169, 1.42923, 2.5
side: 0, 0, 0
front only
front: 0, 0.988226, 2.5
side: 0, 0, 0
front only
else
else
else
else
else
else
else
front: 0.978607, 0, 2.5
side: 0, 0, 0
front only
else
front: 0, 1.0372, 2.5
side: 0, 0, 0
front only
else
else
front: 0, 0, 2.5
side: 0, 0, 0
front only
else
else
front: 0, 0.744149, 2.5
side: 0, 0, 0
front only
front: 0, 0, 2.5
side: 0, 0, 0
front only
front: 1.41157, 0.5612, 2.5
side: 0, 0, 0
front only
else
else
else
else
else
else
else
front: 0.92586, 2.07743, 2.5
side: 0, 0, 0
front only
front: 0, 0, 2.5
side: 0, 0, 0
front only
else
else
front: 1.0783, 1.05323, 2.5
side: 0, 0, 0
front only
else
front: 0, 0, 2.5
side: 0, 0, 0
front only
else
else
front: 2.25017, 0, 2.5
side: 0, 0, 0
front only
front: 0.269895, 0, 2.5
back: 0.809686, 0, 7.5
front back
photon_ene: 661.6 photon_theta: 0.164074 photon_phi: 5.4227
traject_len: 5.02905
pe_len: 53.6692 cs_len: 2.86519
---
else
else
front: 0.339803, 2.14107, 2.5
side: 0, 0, 0
front only
else
else
else
else
front: 0.0652169, 0, 2.5
side: 0, 0, 0
front only
else
front: 0.966004, 0, 2.5
side: 0, 0, 0
front only
else
else
front: 0, 0, 2.5
side: 0, 0, 0
front only
else
front: 1.25956, 0, 2.5
side: 0, 0, 0
front only
front: 0, 1.27488, 2.5
side: 0, 0, 0
front only
else
else
else
front: 1.64159, 0.469338, 2.5
side: 0, 0, 0
front only
front: 0, 0, 2.5
side: 0, 0, 0
front only
else
else
front: 0, 0, 2.5
side: 0, 0, 0
front only
else
front: 0, 0, 2.5
side: 0, 0, 0
front only
front: 0, 0, 2.5
side: 0, 0, 0
front only
else
front: 0, 0, 2.5
side: 0, 0, 0
front only
else
else
else
else
else
front: 1.07444, 0, 2.5
side: 0, 0, 0
front only
else
else
front: 0.824871, 0, 2.5
side: 0, 0, 0
front only
else
else
else
front: 0, 0.39714, 2.5
side: 0, 0, 0
front only
front: 0.386588, 1.37039, 2.5
side: 0, 0, 0
front only
else
else
else
front: 0.0862532, 0, 2.5
side: 0, 0, 0
front only
front: 0.363454, 0, 2.5
back: 1.09036, 0, 7.5
front back
photon_ene: 661.6 photon_theta: 0.173607 photon_phi: 5.68968
traject_len: 5.05256
pe_len: 8.55848 cs_len: 1.25465
---
else
else
front: 0, 0, 2.5
side: 0, 0, 0
front only
front: 0.431642, 0, 2.5
side: 0, 0, 0
front only
else
else
else
else
else
else
front: 0.38711, 0, 2.5
side: 0, 0, 0
front only
else
front: 0, 0.390949, 2.5
side: 0, 0, 0
front only
front: 0.923751, 0.639839, 2.5
side: 0, 0, 0
front only
front: 1.56202, 0.102416, 2.5
side: 0, 0, 0
front only
else
else
else
front: 0, 2.37836, 2.5
side: 0, 0, 0
front only
front: 1.15503, 0, 2.5
side: 0, 0, 0
front only
else
else
front: 0, 0, 2.5
side: 0, 0, 0
front only
else
else
front: 0, 0.0409022, 2.5
back: 0, 0.122707, 7.5
front back
photon_ene: 661.6 photon_theta: 0.0777696 photon_phi: 2.93007
traject_len: 5.00067
pe_len: 0.645053 cs_len: 0.856304
---
else
else
front: 0.897488, 1.26212, 2.5
side: 0, 0, 0
front only
front: 0, 0.523408, 2.5
side: 0, 0, 0
front only
else
front: 0, 0.719, 2.5
side: 0, 0, 0
front only
else
front: 0, 0.616665, 2.5
back: 0, 1.84999, 7.5
front back
photon_ene: 661.6 photon_theta: 2.82375 photon_phi: 5.43551
traject_len: 5.14986
pe_len: 75.2378 cs_len: 0.44086
---
else
else
else
else
else
else
front: 0.541211, 1.65835, 2.5
side: 0, 0, 0
front only
else
front: 1.23879, 0, 2.5
side: 0, 0, 0
front only
front: 0, 0, 2.5
side: 0, 0, 0
front only
else
else
front: 0.816529, 0, 2.5
side: 0, 0, 0
front only
else
else
else
else
else
front: 0, 0, 2.5
side: 0, 0, 0
front only
else
front: 0.0871204, 0.573307, 2.5
back: 0.261361, 1.71992, 7.5
front back
photon_ene: 661.6 photon_theta: 2.91367 photon_phi: 4.56158
traject_len: 5.13275
pe_len: 56.6828 cs_len: 7.09683
---
front: 0, 0.738132, 2.5
side: 0, 0, 0
front only
front: 0, 0.225461, 2.5
side: 0, 0, 0
front only
else
else
front: 0.181696, 0, 2.5
side: 0, 0, 0
front only
else
else
front: 1.49966, 0, 2.5
side: 0, 0, 0
front only
else
else
else
else
else
else
front: 0.654135, 0, 2.5
side: 0, 0, 0
front only
else
front: 0, 0, 2.5
side: 0, 0, 0
front only
else
else
front: 1.03776, 0, 2.5
side: 0, 0, 0
front only
else
front: 0.382839, 0, 2.5
side: 0, 0, 0
front only
else
front: 0, 1.82355, 2.5
side: 0, 0, 0
front only
else
else
front: 0, 0.678285, 2.5
side: 0, 0, 0
front only
else
else
else
else
front: 0, 0.56859, 2.5
side: 0, 0, 0
front only
front: 0.614083, 0.799301, 2.5
side: 0, 0, 0
front only
else
else
front: 0, 0.901402, 2.5
side: 0, 0, 0
front only
else
front: 0, 0, 2.5
side: 0, 0, 0
front only
else
else
front: 0, 0, 2.5
side: 0, 0, 0
front only
else
else
else
front: 0, 0.214776, 2.5
back: 0, 0.644329, 7.5
front back
photon_ene: 661.6 photon_theta: 2.879 photon_phi: 5.95786
traject_len: 5.01842
pe_len: 26.2274 cs_len: 23.0101
---
else
else
front: 0, 1.49608, 2.5
side: 0, 0, 0
front only
front: 0, 0, 2.5
side: 0, 0, 0
front only
else
front: 1.10698, 0.678269, 2.5
side: 0, 0, 0
front only
else
else
else
else
front: 0, 0, 2.5
side: 0, 0, 0
front only
else
else
else
else
front: 0, 1.07959, 2.5
side: 0, 0, 0
front only
else
else
else
else
else
else
front: 0, 0.519535, 2.5
back: 0, 1.55861, 7.5
front back
photon_ene: 661.6 photon_theta: 0.272154 photon_phi: 2.30159
traject_len: 5.10683
pe_len: 12.4187 cs_len: 0.549223
---
else
front: 0.981573, 0, 2.5
side: 0, 0, 0
front only
else
else
else
else
front: 1.77571, 0, 2.5
side: 0, 0, 0
front only
front: 1.45222, 0, 2.5
side: 0, 0, 0
front only
else
front: 0.0412838, 0, 2.5
back: 0.123851, 0, 7.5
front back
photon_ene: 661.6 photon_theta: 0.123646 photon_phi: 4.84566
traject_len: 5.00068
pe_len: 3.65802 cs_len: 0.29886
---
else
else
else
else
else
else
else
else
else
else
else
front: 1.59305, 0, 2.5
side: 0, 0, 0
front only
else
else
else
else
else
else
else
front: 0, 0, 2.5
side: 0, 0, 0
front only
front: 0, 0, 2.5
side: 0, 0, 0
front only
else
else
else
else
else
else
front: 0.453341, 0.670155, 2.5
back: 1.36002, 2.01046, 7.5
front back
photon_ene: 661.6 photon_theta: 0.312997 photon_phi: 0.976036
traject_len: 5.25533
pe_len: 10.2027 cs_len: 1.95647
---
front: 0, 1.68276, 2.5
side: 0, 0, 0
front only
else
else
else
front: 0, 0.129728, 2.5
back: 0, 0.389183, 7.5
front back
photon_ene: 661.6 photon_theta: 2.83038 photon_phi: 6.12115
traject_len: 5.00673
pe_len: 9.60226 cs_len: 3.78147
---
else
else
else
front: 0, 0, 2.5
side: 0, 0, 0
front only
else
else
else
front: 1.67221, 0, 2.5
side: 0, 0, 0
front only
front: 0, 0.884905, 2.5
side: 0, 0, 0
front only
else
front: 2.12158, 0, 2.5
side: 0, 0, 0
front only
front: 0.558146, 0, 2.5
side: 0, 0, 0
front only
front: 0.902045, 1.98063, 2.5
side: 0, 0, 0
front only
else
else
else
else
front: 0, 0.406472, 2.5
back: 0, 1.21942, 7.5
front back
photon_ene: 661.6 photon_theta: 0.309883 photon_phi: 2.60899
traject_len: 5.06566
pe_len: 6.98244 cs_len: 2.69749
---
front: 0, 1.23979, 2.5
side: 0, 0, 0
front only
else
else
else
else
else
front: 0, 0, 2.5
side: 0, 0, 0
front only
else
front: 0.150768, 0, 2.5
side: 0, 0, 0
front only
else
else
else
else
else
front: 0, 0, 2.5
side: 0, 0, 0
front only
else
else
else
else
else
else
front: 1.88309, 0, 2.5
side: 0, 0, 0
front only
else
else
else
else
else
else
else
else
else
else
else
front: 0, 0, 2.5
side: 0, 0, 0
front only
else
else
else
else
else
else
else
front: 0, 1.66565, 2.5
side: 0, 0, 0
front only
front: 0, 1.37692, 2.5
side: 0, 0, 0
front only
else
else
else
else
else
else
else
else
front: 0, 0, 2.5
back: 0, 0, 7.5
front back
photon_ene: 661.6 photon_theta: 0.239302 photon_phi: 3.85926
traject_len: 5
pe_len: 2.26603 cs_len: 2.34979
---
else
else
else
else
else
else
else
else
else
else
else
else
front: 2.22085, 0, 2.5
side: 0, 0, 0
front only
else
else
front: 0.630467, 0, 2.5
side: 0, 0, 0
front only
else
else
else
else
else
front: 0, 0, 2.5
back: 0, 0, 7.5
front back
photon_ene: 661.6 photon_theta: 0.109112 photon_phi: 4.49966
traject_len: 5
pe_len: 41.3812 cs_len: 8.53635
---
front: 1.72085, 0, 2.5
side: 0, 0, 0
front only
else
else
front: 0.94371, 2.12588, 2.5
side: 0, 0, 0
front only
else
front: 0.944094, 0, 2.5
side: 0, 0, 0
front only
else
else
front: 0, 1.44806, 2.5
side: 0, 0, 0
front only
else
else
front: 0, 0.0493028, 2.5
side: 0, 0, 0
front only
else
else
else
else
front: 0.350011, 0.0677124, 2.5
back: 1.05003, 0.203137, 7.5
front back
photon_ene: 661.6 photon_theta: 2.99995 photon_phi: 3.33269
traject_len: 5.05058
pe_len: 3.80243 cs_len: 14.6857
---
else
else
front: 0.523522, 0, 2.5
back: 1.57057, 0, 7.5
front back
photon_ene: 661.6 photon_theta: 2.84062 photon_phi: 2.31128
traject_len: 5.10845
pe_len: 7.0055 cs_len: 2.37653
---
front: 1.64368, 0.0637022, 2.5
side: 0, 0, 0
front only
else
else
else
else
front: 0, 0, 2.5
side: 0, 0, 0
front only
else
else
else
else
front: 1.46334, 1.33193, 2.5
side: 0, 0, 0
front only
else
front: 1.36773, 0, 2.5
side: 0, 0, 0
front only
front: 1.08783, 0, 2.5
side: 0, 0, 0
front only
else
front: 0.40001, 0, 2.5
side: 0, 0, 0
front only
else
else
else
front: 1.08842, 0, 2.5
side: 0, 0, 0
front only
else
else
else
front: 0, 1.09751, 2.5
side: 0, 0, 0
front only
else
front: 0, 0.753654, 2.5
side: 0, 0, 0
front only
else
else
front: 0, 0, 2.5
side: 0, 0, 0
front only
front: 0, 0, 2.5
side: 0, 0, 0
front only
front: 0, 0.265098, 2.5
back: 0, 0.795295, 7.5
front back
photon_ene: 661.6 photon_theta: 0.110165 photon_phi: 1.85937
traject_len: 5.02803
pe_len: 153.522 cs_len: 2.0418
---
else
front: 0, 0, 2.5
side: 0, 0, 0
front only
front: 0.427966, 0.567536, 2.5
back: 1.2839, 1.70261, 7.5
front back
photon_ene: 661.6 photon_theta: 0.277014 photon_phi: 0.924691
traject_len: 5.19817
pe_len: 6.5237 cs_len: 0.421909
---
front: 1.14855, 2.06748, 2.5
side: 0, 0, 0
front only
front: 1.81861, 0, 2.5
side: 0, 0, 0
front only
else
front: 0, 0, 2.5
side: 0, 0, 0
front only
else
else
else
front: 0, 0.683558, 2.5
side: 0, 0, 0
front only
front: 0, 1.08804, 2.5
side: 0, 0, 0
front only
front: 0.56484, 1.19389, 2.5
side: 0, 0, 0
front only
else
else
else
else
else
else
else
else
else
else
front: 0.163965, 0, 2.5
back: 0.491895, 0, 7.5
front back
photon_ene: 661.6 photon_theta: 2.85022 photon_phi: 1.79127
traject_len: 5.01074
pe_len: 1.11722 cs_len: 4.51151
---
else
else
front: 0, 0.448036, 2.5
back: 0, 1.34411, 7.5
front back
photon_ene: 661.6 photon_theta: 2.9573 photon_phi: 4.99119
traject_len: 5.07966
pe_len: 17.7534 cs_len: 3.81006
---
front: 0, 1.78389, 2.5
side: 0, 0, 0
front only
else
front: 0, 0.801221, 2.5
back: 0, 2.40366, 7.5
front back
photon_ene: 661.6 photon_theta: 0.32063 photon_phi: 1.83589
traject_len: 5.25051
pe_len: 52.1024 cs_len: 5.50114
---
else
front: 0, 0.239277, 2.5
back: 0, 0.717832, 7.5
front back
photon_ene: 661.6 photon_theta: 0.28359 photon_phi: 2.80698
traject_len: 5.02285
pe_len: 2.36357 cs_len: 1.05141
---
else
else
else
front: 0, 1.21533, 2.5
side: 0, 0, 0
front only
else
front: 0.528016, 0, 2.5
side: 0, 0, 0
front only
front: 0, 0.630774, 2.5
side: 0, 0, 0
front only
front: 1.47957, 0, 2.5
side: 0, 0, 0
front only
else
else
else
else
front: 1.64714, 0, 2.5
side: 0, 0, 0
front only
else
else
else
else
else
else
else
else
else
else
else
else
front: 0, 1.06689, 2.5
side: 0, 0, 0
front only
else
else
else
else
front: 0.588803, 1.2435, 2.5
side: 0, 0, 0
front only
else
else
else
else
front: 0.342697, 0, 2.5
side: 0, 0, 0
front only
else
front: 0, 0, 2.5
side: 0, 0, 0
front only
else
else
else
front: 1.17905, 0.191306, 2.5
side: 0, 0, 0
front only
else
else
front: 0, 0, 2.5
side: 0, 0, 0
front only
else
else
front: 0, 0.960768, 2.5
side: 0, 0, 0
front only
else
front: 0, 0.324125, 2.5
side: 0, 0, 0
front only
else
else
else
front: 0, 0.677488, 2.5
side: 0, 0, 0
front only
else
else
front: 0.132328, 0, 2.5
side: 0, 0, 0
front only
else
else
else
front: 0.727483, 0.796547, 2.5
side: 0, 0, 0
front only
else
else
front: 1.09016, 0, 2.5
side: 0, 0, 0
front only
else
front: 0.412831, 0.723136, 2.5
back: 1.23849, 2.16941, 7.5
front back
photon_ene: 661.6 photon_theta: 0.321515 photon_phi: 1.05206
traject_len: 5.27005
pe_len: 11.8533 cs_len: 2.13823
---
else
front: 0.308546, 0, 2.5
side: 0, 0, 0
front only
else
front: 0, 1.37522, 2.5
side: 0, 0, 0
front only
else
else
else
front: 0.45821, 1.89479, 2.5
side: 0, 0, 0
front only
else
else
else
else
front: 0.89397, 1.37653, 2.5
side: 0, 0, 0
front only
else
front: 1.88242, 0, 2.5
side: 0, 0, 0
front only
front: 0, 0, 2.5
side: 0, 0, 0
front only
front: 0, 0, 2.5
side: 0, 0, 0
front only
else
front: 0, 0, 2.5
side: 0, 0, 0
front only
else
front: 0.0881084, 0.315237, 2.5
back: 0.264325, 0.94571, 7.5
front back
photon_ene: 661.6 photon_theta: 0.130187 photon_phi: 1.29825
traject_len: 5.04267
pe_len: 45.9422 cs_len: 2.40709
---
front: 1.63221, 0, 2.5
side: 0, 0, 0
front only
else
else
front: 1.31913, 0.953192, 2.5
side: 0, 0, 0
front only
front: 1.06348, 0, 2.5
side: 0, 0, 0
front only
else
else
else
else
front: 0.185028, 0.993023, 2.5
side: 0, 0, 0
front only
else
front: 0, 0.62425, 2.5
back: 0, 1.87275, 7.5
front back
photon_ene: 661.6 photon_theta: 2.88764 photon_phi: 4.98889
traject_len: 5.15352
pe_len: 26.5433 cs_len: 1.11885
---
else
else
front: 0.359782, 1.4334, 2.5
side: 0, 0, 0
front only
else
else
front: 0, 0.101922, 2.5
side: 0, 0, 0
front only
else
else
else
else
else
else
else
else
else
else
front: 0.256865, 2.26826, 2.5
side: 0, 0, 0
front only
front: 0, 0, 2.5
side: 0, 0, 0
front only
else
else
else
else
else
else
front: 0, 0, 2.5
side: 0, 0, 0
front only
front: 0, 1.20209, 2.5
side: 0, 0, 0
front only
else
else
front: 0, 0.870179, 2.5
side: 0, 0, 0
front only
else
else
else
front: 0.17727, 0, 2.5
side: 0, 0, 0
front only
else
front: 0, 0.580214, 2.5
back: 0, 1.74064, 7.5
front back
photon_ene: 661.6 photon_theta: 0.315175 photon_phi: 2.3495
traject_len: 5.13289
pe_len: 3.76609 cs_len: 10.1097
---
else
else
else
front: 0, 0, 2.5
side: 0, 0, 0
front only
else
else
else
else
else
front: 0.107633, 0, 2.5
back: 0.322899, 0, 7.5
front back
photon_ene: 661.6 photon_theta: 0.103708 photon_phi: 5.13885
traject_len: 5.00463
pe_len: 3.37109 cs_len: 2.36194
---
else
else
front: 1.36914, 0.112023, 2.5
side: 0, 0, 0
front only
else
front: 1.00048, 0, 2.5
side: 0, 0, 0
front only
front: 0, 0, 2.5
side: 0, 0, 0
front only
else
front: 0, 0.217346, 2.5
back: 0, 0.652039, 7.5
front back
photon_ene: 661.6 photon_theta: 2.9842 photon_phi: 5.70345
traject_len: 5.01886
pe_len: 29.2006 cs_len: 2.88297
---
else
front: 0, 1.12484, 2.5
side: 0, 0, 0
front only
else
else
else
front: 0, 0, 2.5
side: 0, 0, 0
front only
else
else
else
front: 0, 0, 2.5
side: 0, 0, 0
front only
else
else
else
else
else
else
front: 0, 0.494678, 2.5
side: 0, 0, 0
front only
front: 0, 1.29124, 2.5
side: 0, 0, 0
front only
else
else
front: 0.627056, 1.32507, 2.5
side: 0, 0, 0
front only
else
else
else
else
else
front: 0, 0, 2.5
side: 0, 0, 0
front only
front: 0, 1.8728, 2.5
side: 0, 0, 0
front only
front: 0, 0, 2.5
side: 0, 0, 0
front only
else
front: 0, 1.3721, 2.5
side: 0, 0, 0
front only
else
front: 0.798921, 0, 2.5
side: 0, 0, 0
front only
else
else
else
else
front: 0.75257, 2.29415, 2.5
side: 0, 0, 0
front only
front: 0.00333045, 2.00555, 2.5
side: 0, 0, 0
front only
front: 0, 0.492359, 2.5
back: 0, 1.47708, 7.5
front back
photon_ene: 661.6 photon_theta: 2.94692 photon_phi: 4.75989
traject_len: 5.09604
pe_len: 45.0336 cs_len: 3.81748
---
front: 0, 1.51609, 2.5
side: 0, 0, 0
front only
else
else
else
else
front: 0, 0, 2.5
side: 0, 0, 0
front only
else
else
front: 0, 0, 2.5
side: 0, 0, 0
front only
else
else
front: 0, 1.63386, 2.5
side: 0, 0, 0
front only
else
else
else
else
else
else
else
else
else
front: 0.166848, 0, 2.5
back: 0.500543, 0, 7.5
front back
photon_ene: 661.6 photon_theta: 0.257447 photon_phi: 4.96867
traject_len: 5.01112
pe_len: 36.6947 cs_len: 0.606563
---
else
else
else
else
else
else
else
front: 1.02582, 0.738052, 2.5
side: 0, 0, 0
front only
else
else
else
else
else
else
else
else
front: 0.143243, 1.69805, 2.5
side: 0, 0, 0
front only
else
else
else
else
front: 0.0655304, 2.37404, 2.5
side: 0, 0, 0
front only
else
else
else
else
front: 0, 0.547961, 2.5
side: 0, 0, 0
front only
else
else
front: 0, 0, 2.5
side: 0, 0, 0
front only
else
else
else
front: 1.02295, 1.47063, 2.5
side: 0, 0, 0
front only
else
front: 0.260429, 0, 2.5
back: 0.781287, 0, 7.5
front back
photon_ene: 661.6 photon_theta: 0.213052 photon_phi: 5.21479
traject_len: 5.02706
pe_len: 13.0599 cs_len: 12.0458
---
else
else
else
else
front: 0, 0, 2.5
side: 0, 0, 0
front only
else
else
else
else
front: 1.62398, 0, 2.5
side: 0, 0, 0
front only
else
else
else
front: 0.0212798, 0, 2.5
side: 0, 0, 0
front only
else
front: 0, 1.52661, 2.5
side: 0, 0, 0
front only
else
else
else
else
else
else
else
else
else
front: 0, 0, 2.5
side: 0, 0, 0
front only
else
else
else
else
front: 0.655034, 2.21519, 2.5
side: 0, 0, 0
front only
front: 0, 0, 2.5
side: 0, 0, 0
front only
front: 0.923983, 0.148714, 2.5
side: 0, 0, 0
front only
else
else
else
else
else
front: 0.16393, 0, 2.5
back: 0.49179, 0, 7.5
front back
photon_ene: 661.6 photon_theta: 2.99149 photon_phi: 2.01923
traject_len: 5.01074
pe_len: 55.129 cs_len: 4.3087
---
front: 0, 0.834364, 2.5
side: 0, 0, 0
front only
else
else
else
else
else
front: 0, 0, 2.5
side: 0, 0, 0
front only
else
else
else
else
front: 0.906417, 0, 2.5
side: 0, 0, 0
front only
front: 0.665364, 0, 2.5
side: 0, 0, 0
front only
front: 0, 0, 2.5
side: 0, 0, 0
front only
front: 0, 0.362706, 2.5
side: 0, 0, 0
front only
else
front: 0.699108, 0, 2.5
back: 2.09732, 0, 7.5
front back
photon_ene: 661.6 photon_theta: 2.86564 photon_phi: 2.98354
traject_len: 5.19182
pe_len: 18.2478 cs_len: 0.972867
---
front: 0, 0, 2.5
side: 0, 0, 0
front only
else
else
else
else
else
else
else
else
else
front: 0.0862272, 0, 2.5
side: 0, 0, 0
front only
front: 0, 0.292465, 2.5
side: 0, 0, 0
front only
else
else
else
else
front: 2.30221, 0.644115, 2.5
side: 0, 0, 0
front only
else
else
else
else
else
else
else
else
front: 0, 1.49982, 2.5
side: 0, 0, 0
front only
else
else
else
else
else
front: 0, 0.304434, 2.5
back: 0, 0.913301, 7.5
front back
photon_ene: 661.6 photon_theta: 3.00336 photon_phi: 5.21714
traject_len: 5.03694
pe_len: 68.7502 cs_len: 9.94227
---
front: 0, 0, 2.5
side: 0, 0, 0
front only
else
front: 0, 1.10847, 2.5
side: 0, 0, 0
front only
else
else
else
front: 0, 0, 2.5
side: 0, 0, 0
front only
else
else
front: 0.373848, 1.28007, 2.5
side: 0, 0, 0
front only
else
else
front: 1.43007, 1.58529, 2.5
side: 0, 0, 0
front only
else
else
else
else
else
else
else
else
else
else
front: 0, 1.18584, 2.5
side: 0, 0, 0
front only
else
else
else
front: 1.72316, 0.963098, 2.5
side: 0, 0, 0
front only
front: 0, 0, 2.5
side: 0, 0, 0
front only
else
else
else
else
else
front: 0, 0, 2.5
side: 0, 0, 0
front only
else
front: 0.709782, 0, 2.5
side: 0, 0, 0
front only
else
else
front: 0.50788, 1.90582, 2.5
side: 0, 0, 0
front only
else
else
front: 0.135844, 0, 2.5
side: 0, 0, 0
front only
else
else
front: 0, 0.815212, 2.5
side: 0, 0, 0
front only
else
front: 0, 0.0132431, 2.5
side: 0, 0, 0
front only
else
front: 0.115699, 0, 2.5
back: 0.347097, 0, 7.5
front back
photon_ene: 661.6 photon_theta: 2.85348 photon_phi: 1.7276
traject_len: 5.00535
pe_len: 35.3925 cs_len: 3.16932
---
else
else
else
else
front: 0, 0, 2.5
side: 0, 0, 0
front only
else
front: 1.10151, 0, 2.5
side: 0, 0, 0
front only
else
else
else
else
else
front: 0, 2.22459, 2.5
side: 0, 0, 0
front only
else
else
else
else
else
else
front: 0, 0.962698, 2.5
side: 0, 0, 0
front only
else
else
front: 0, 0, 2.5
side: 0, 0, 0
front only
else
else
front: 0.386388, 1.18335, 2.5
side: 0, 0, 0
front only
front: 0, 0, 2.5
back: 0, 0, 7.5
front back
photon_ene: 661.6 photon_theta: 0.148027 photon_phi: 4.45816
traject_len: 5
pe_len: 16.3277 cs_len: 2.26662
---
else
front: 1.21611, 0, 2.5
side: 0, 0, 0
front only
front: 2.08414, 0.861784, 2.5
side: 0, 0, 0
front only
else
else
else
else
else
else
else
front: 0, 0, 2.5
side: 0, 0, 0
front only
front: 0.864725, 0, 2.5
side: 0, 0, 0
front only
front: 1.26896, 0.393974, 2.5
side: 0, 0, 0
front only
else
front: 0.33421, 1.21023, 2.5
side: 0, 0, 0
front only
else
else
front: 0, 0, 2.5
back: 0, 0, 7.5
front back
photon_ene: 661.6 photon_theta: 0.112834 photon_phi: 3.56627
traject_len: 5
pe_len: 116.439 cs_len: 3.30204
---
else
else
else
front: 0.715528, 0.625862, 2.5
side: 0, 0, 0
front only
else
else
else
else
front: 0.905592, 0, 2.5
side: 0, 0, 0
front only
else
else
else
else
front: 1.57281, 1.81501, 2.5
side: 0, 0, 0
front only
else
else
front: 0, 0, 2.5
side: 0, 0, 0
front only
else
else
else
front: 1.89097, 0.572601, 2.5
side: 0, 0, 0
front only
else
else
front: 0, 0, 2.5
back: 0, 0, 7.5
front back
photon_ene: 661.6 photon_theta: 0.30257 photon_phi: 4.00188
traject_len: 5
pe_len: 4.5623 cs_len: 14.7241
---
front: 0, 1.22295, 2.5
side: 0, 0, 0
front only
front: 0.674747, 0, 2.5
side: 0, 0, 0
front only
else
front: 0, 0, 2.5
side: 0, 0, 0
front only
else
else
else
else
else
else
else
else
else
front: 1.38967, 0, 2.5
side: 0, 0, 0
front only
front: 0, 0, 2.5
side: 0, 0, 0
front only
else
else
else
else
else
else
else
else
front: 0.503825, 0.407847, 2.5
back: 1.51147, 1.22354, 7.5
front back
photon_ene: 661.6 photon_theta: 2.88789 photon_phi: 3.8221
traject_len: 5.16534
pe_len: 16.9844 cs_len: 1.89915
---
front: 2.22499, 0.301096, 2.5
side: 0, 0, 0
front only
else
front: 0.341459, 0.691365, 2.5
back: 1.02438, 2.0741, 7.5
front back
photon_ene: 661.6 photon_theta: 2.84241 photon_phi: 4.25364
traject_len: 5.23243
pe_len: 4.72115 cs_len: 0.700578
---
front: 0.50341, 1.71643, 2.5
side: 0, 0, 0
front only
else
else
else
else
else
front: 1.06495, 2.2596, 2.5
side: 0, 0, 0
front only
else
else
else
else
front: 0, 0.741602, 2.5
back: 0, 2.22481, 7.5
front back
photon_ene: 661.6 photon_theta: 0.312905 photon_phi: 1.98141
traject_len: 5.21535
pe_len: 115.36 cs_len: 12.6524
---
else
else
front: 0.781618, 0, 2.5
side: 0, 0, 0
front only
else
front: 0, 0.0593012, 2.5
side: 0, 0, 0
front only
else
front: 1.68535, 0, 2.5
side: 0, 0, 0
front only
else
front: 0.657591, 0.0987466, 2.5
back: 1.97277, 0.29624, 7.5
front back
photon_ene: 661.6 photon_theta: 2.88163 photon_phi: 3.29064
traject_len: 5.17385
pe_len: 103.043 cs_len: 3.53598
---
front: 1.53228, 0, 2.5
side: 0, 0, 0
front only
else
else
front: 0.0744736, 0.75786, 2.5
back: 0.223421, 2.27358, 7.5
front back
photon_ene: 661.6 photon_theta: 2.84592 photon_phi: 4.61444
traject_len: 5.22681
pe_len: 89.2508 cs_len: 2.03177
---
else
else
else
else
front: 1.5093, 0, 2.5
side: 0, 0, 0
front only
else
front: 2.34402, 0, 2.5
side: 0, 0, 0
front only
front: 0, 0.159295, 2.5
back: 0, 0.477885, 7.5
front back
photon_ene: 661.6 photon_theta: 0.319757 photon_phi: 2.94795
traject_len: 5.01014
pe_len: 0.426976 cs_len: 10.6627
---
else
else
else
front: 0, 0, 2.5
side: 0, 0, 0
front only
else
front: 2.32935, 0.697733, 2.5
side: 0, 0, 0
front only
else
else
else
else
else
else
else
else
front: 1.49095, 0.545166, 2.5
side: 0, 0, 0
front only
else
else
else
else
else
else
else
front: 0.2267, 0.82376, 2.5
side: 0, 0, 0
front only
else
front: 0.723906, 0, 2.5
side: 0, 0, 0
front only
else
else
front: 0, 0, 2.5
back: 0, 0, 7.5
front back
photon_ene: 661.6 photon_theta: 0.310952 photon_phi: 3.90118
traject_len: 5
pe_len: 23.4935 cs_len: 14.0525
---
else
else
front: 0, 1.16954, 2.5
side: 0, 0, 0
front only
else
else
else
else
else
front: 0, 0, 2.5
back: 0, 0, 7.5
front back
photon_ene: 661.6 photon_theta: 2.96168 photon_phi: 0.234645
traject_len: 5
pe_len: 86.4761 cs_len: 2.22446
---
else
front: 0, 0.0914296, 2.5
back: 0, 0.274289, 7.5
front back
photon_ene: 661.6 photon_theta: 0.291909 photon_phi: 3.01958
traject_len: 5.00334
pe_len: 9.34112 cs_len: 5.90762
---
else
else
else
else
else
else
front: 1.50569, 0.37691, 2.5
side: 0, 0, 0
front only
else
else
else
else
else
else
front: 1.75946, 0.845938, 2.5
side: 0, 0, 0
front only
front: 0, 1.19957, 2.5
side: 0, 0, 0
front only
else
else
else
else
else
front: 1.94014, 0, 2.5
side: 0, 0, 0
front only
else
else
front: 1.10527, 0.182889, 2.5
side: 0, 0, 0
front only
else
front: 0, 0, 2.5
back: 0, 0, 7.5
front back
photon_ene: 661.6 photon_theta: 0.261192 photon_phi: 4.32112
traject_len: 5
pe_len: 61.4601 cs_len: 1.46289
---
else
else
else
else
else
front: 0, 0, 2.5
side: 0, 0, 0
front only
else
else
front: 1.52702, 0.110583, 2.5
side: 0, 0, 0
front only
else
else
else
else
else
else
else
else
else
front: 0.656175, 2.26338, 2.5
side: 0, 0, 0
front only
front: 0, 2.43876, 2.5
side: 0, 0, 0
front only
else
else
else
else
else
else
else
front: 0.0655628, 0, 2.5
back: 0.196688, 0, 7.5
front back
photon_ene: 661.6 photon_theta: 2.97754 photon_phi: 1.72989
traject_len: 5.00172
pe_len: 112.53 cs_len: 0.931879
---
front: 0, 1.11641, 2.5
side: 0, 0, 0
front only
else
else
else
else
else
front: 0.335452, 0.27085, 2.5
back: 1.00636, 0.812549, 7.5
front back
photon_ene: 661.6 photon_theta: 0.170779 photon_phi: 0.679246
traject_len: 5.07381
pe_len: 5.1051 cs_len: 2.51027
---
front: 2.28036, 0, 2.5
side: 0, 0, 0
front only
front: 0, 0, 2.5
side: 0, 0, 0
front only
front: 0.655187, 2.18407, 2.5
side: 0, 0, 0
front only
else
else
else
else
else
else
front: 2.02473, 0, 2.5
side: 0, 0, 0
front only
else
front: 1.67128, 0, 2.5
side: 0, 0, 0
front only
front: 0, 0, 2.5
side: 0, 0, 0
front only
front: 0, 0.512684, 2.5
side: 0, 0, 0
front only
else
front: 1.07645, 0, 2.5
side: 0, 0, 0
front only
front: 0.983375, 1.03656, 2.5
side: 0, 0, 0
front only
else
else
else
else
else
front: 0, 1.96581, 2.5
side: 0, 0, 0
front only
else
else
else
else
else
else
else
else
else
else
front: 0.649449, 0, 2.5
side: 0, 0, 0
front only
front: 1.93986, 1.51916, 2.5
side: 0, 0, 0
front only
front: 0.555773, 0, 2.5
back: 1.66732, 0, 7.5
front back
photon_ene: 661.6 photon_theta: 0.284519 photon_phi: 5.57594
traject_len: 5.12206
pe_len: 4.61924 cs_len: 3.31812
---
else
else
front: 1.60982, 0.835356, 2.5
side: 0, 0, 0
front only
else
else
else
else
else
else
front: 0.736067, 1.13202, 2.5
side: 0, 0, 0
front only
else
else
else
else
front: 0, 2.10891, 2.5
side: 0, 0, 0
front only
front: 0, 0.72313, 2.5
side: 0, 0, 0
front only
front: 1.5232, 1.54126, 2.5
side: 0, 0, 0
front only
front: 0, 0, 2.5
side: 0, 0, 0
front only
front: 0, 0.868257, 2.5
side: 0, 0, 0
front only
else
else
else
else
front: 0, 0.734305, 2.5
side: 0, 0, 0
front only
else
front: 0, 0, 2.5
side: 0, 0, 0
front only
else
else
else
front: 2.11995, 0, 2.5
side: 0, 0, 0
front only
front: 0.421515, 0, 2.5
back: 1.26454, 0, 7.5
front back
photon_ene: 661.6 photon_theta: 2.9062 photon_phi: 2.35042
traject_len: 5.07057
pe_len: 40.2316 cs_len: 5.56984
---
else
else
else
else
front: 0, 1.01798, 2.5
side: 0, 0, 0
front only
front: 0, 1.2418, 2.5
side: 0, 0, 0
front only
front: 0, 0.687535, 2.5
side: 0, 0, 0
front only
front: 0.408591, 1.49292, 2.5
side: 0, 0, 0
front only
else
front: 0, 1.33461, 2.5
side: 0, 0, 0
front only
front: 0.765372, 1.02036, 2.5
side: 0, 0, 0
front only
else
front: 0, 0.659034, 2.5
side: 0, 0, 0
front only
else
else
else
front: 0.596573, 0.152143, 2.5
back: 1.78972, 0.456428, 7.5
front back
photon_ene: 661.6 photon_theta: 0.241462 photon_phi: 0.249705
traject_len: 5.14939
pe_len: 18.3906 cs_len: 3.46258
---
else
else
else
else
else
else
else
front: 0, 0.314923, 2.5
side: 0, 0, 0
front only
else
else
else
else
else
else
front: 1.47865, 0, 2.5
side: 0, 0, 0
front only
else
else
front: 1.3234, 0, 2.5
side: 0, 0, 0
front only
else
else
else
front: 0, 1.08647, 2.5
side: 0, 0, 0
front only
else
else
else
else
else
else
else
else
front: 0, 0, 2.5
back: 0, 0, 7.5
front back
photon_ene: 661.6 photon_theta: 0.139371 photon_phi: 3.64369
traject_len: 5
pe_len: 51.5661 cs_len: 12.9346
---
else
else
else
else
else
else
front: 0, 0.61305, 2.5
side: 0, 0, 0
front only
else
front: 1.94718, 0, 2.5
side: 0, 0, 0
front only
else
else
front: 0, 0, 2.5
back: 0, 0, 7.5
front back
photon_ene: 661.6 photon_theta: 0.305145 photon_phi: 4.25129
traject_len: 5
pe_len: 95.5309 cs_len: 0.472647
---
front: 0, 0, 2.5
side: 0, 0, 0
front only
else
front: 0, 0.275762, 2.5
side: 0, 0, 0
front only
else
else
else
else
else
else
else
else
front: 0, 0, 2.5
back: 0, 0, 7.5
front back
photon_ene: 661.6 photon_theta: 2.96148 photon_phi: 1.14754
traject_len: 5
pe_len: 37.8118 cs_len: 0.837764
---
else
else
front: 0, 0, 2.5
side: 0, 0, 0
front only
front: 0.0209738, 0.802831, 2.5
back: 0.0629215, 2.40849, 7.5
front back
photon_ene: 661.6 photon_theta: 0.310829 photon_phi: 1.54468
traject_len: 5.25166
pe_len: 10.7364 cs_len: 1.93954
---
front: 0, 0.180484, 2.5
back: 0, 0.541451, 7.5
front back
photon_ene: 661.6 photon_theta: 0.083163 photon_phi: 2.09426
traject_len: 5.01301
pe_len: 100.079 cs_len: 0.352838
---
else
else
front: 0, 0.0457787, 2.5
back: 0, 0.137336, 7.5
front back
photon_ene: 661.6 photon_theta: 0.119927 photon_phi: 2.98905
traject_len: 5.00084
pe_len: 25.3182 cs_len: 3.90545
---
front: 0, 0, 2.5
side: 0, 0, 0
front only
else
front: 0.39373, 0.843925, 2.5
side: 0, 0, 0
front only
else
front: 0, 0, 2.5
side: 0, 0, 0
front only
else
front: 0, 0, 2.5
side: 0, 0, 0
front only
front: 0.678468, 0.967391, 2.5
side: 0, 0, 0
front only
else
else
else
else
else
else
front: 0, 0.194812, 2.5
side: 0, 0, 0
front only
else
front: 1.92287, 0.747626, 2.5
side: 0, 0, 0
front only
else
else
front: 0, 0, 2.5
side: 0, 0, 0
front only
else
front: 0.964956, 1.03698, 2.5
side: 0, 0, 0
front only
front: 0, 0, 2.5
side: 0, 0, 0
front only
front: 0.502159, 1.23964, 2.5
side: 0, 0, 0
front only
front: 0, 0, 2.5
side: 0, 0, 0
front only
else
front: 1.44581, 0, 2.5
side: 0, 0, 0
front only
front: 0, 0, 2.5
side: 0, 0, 0
front only
else
else
else
front: 0, 2.33115, 2.5
side: 0, 0, 0
front only
else
else
else
else
else
else
else
else
front: 0, 0, 2.5
back: 0, 0, 7.5
front back
photon_ene: 661.6 photon_theta: 2.87782 photon_phi: 0.488653
traject_len: 5
pe_len: 39.9878 cs_len: 0.956711
---
front: 0, 0, 2.5
back: 0, 0, 7.5
front back
photon_ene: 661.6 photon_theta: 2.9251 photon_phi: 1.56206
traject_len: 5
pe_len: 59.3019 cs_len: 5.41242
---
front: 0.252988, 0, 2.5
back: 0.758963, 0, 7.5
front back
photon_ene: 661.6 photon_theta: 0.28868 photon_phi: 5.06011
traject_len: 5.02554
pe_len: 16.8544 cs_len: 1.39088
---
else
else
else
else
front: 0, 0, 2.5
side: 0, 0, 0
front only
else
else
else
else
else
front: 0, 0.482573, 2.5
side: 0, 0, 0
front only
else
else
else
front: 0, 0.887119, 2.5
side: 0, 0, 0
front only
else
front: 0, 0, 2.5
side: 0, 0, 0
front only
else
else
front: 2.29985, 0, 2.5
side: 0, 0, 0
front only
else
front: 0, 0, 2.5
side: 0, 0, 0
front only
else
else
else
else
else
else
else
else
front: 1.64367, 0, 2.5
side: 0, 0, 0
front only
else
front: 0.770957, 0.282302, 2.5
back: 2.31287, 0.846906, 7.5
front back
photon_ene: 661.6 photon_theta: 2.82428 photon_phi: 3.4926
traject_len: 5.26273
pe_len: 15.1802 cs_len: 6.41554
---
else
front: 1.33004, 1.10155, 2.5
side: 0, 0, 0
front only
front: 0, 1.05451, 2.5
side: 0, 0, 0
front only
else
else
else
front: 0, 0, 2.5
side: 0, 0, 0
front only
else
front: 0, 2.05569, 2.5
side: 0, 0, 0
front only
else
front: 0, 0, 2.5
side: 0, 0, 0
front only
else
else
else
else
else
front: 0, 0, 2.5
side: 0, 0, 0
front only
else
else
else
else
else
front: 1.22668, 1.60943, 2.5
side: 0, 0, 0
front only
else
else
else
front: 1.73973, 0.208816, 2.5
side: 0, 0, 0
front only
else
front: 0.146089, 0, 2.5
back: 0.438267, 0, 7.5
front back
photon_ene: 661.6 photon_theta: 0.257594 photon_phi: 4.93606
traject_len: 5.00853
pe_len: 69.761 cs_len: 6.30046
---
else
else
front: 1.16288, 0, 2.5
side: 0, 0, 0
front only
front: 0, 2.37988, 2.5
side: 0, 0, 0
front only
else
else
else
front: 0.729858, 0.649505, 2.5
side: 0, 0, 0
front only
else
front: 0, 1.22419, 2.5
side: 0, 0, 0
front only
front: 0, 0.815443, 2.5
back: 0, 2.44633, 7.5
front back
photon_ene: 661.6 photon_theta: 0.319101 photon_phi: 1.7307
traject_len: 5.25926
pe_len: 123.247 cs_len: 7.06607
---
else
else
else
else
else
else
else
else
else
front: 0.557135, 2.06993, 2.5
side: 0, 0, 0
front only
else
else
front: 0.32566, 0, 2.5
side: 0, 0, 0
front only
else
else
else
else
else
front: 0, 0, 2.5
side: 0, 0, 0
front only
else
front: 0, 0, 2.5
side: 0, 0, 0
front only
front: 0, 0, 2.5
side: 0, 0, 0
front only
else
front: 0, 0.936525, 2.5
side: 0, 0, 0
front only
else
else
else
else
else
else
else
else
else
else
else
else
front: 1.76997, 0.213353, 2.5
side: 0, 0, 0
front only
front: 0.361457, 1.41437, 2.5
side: 0, 0, 0
front only
else
front: 0, 0.571283, 2.5
back: 0, 1.71385, 7.5
front back
photon_ene: 661.6 photon_theta: 0.2254 photon_phi: 1.65348
traject_len: 5.12888
pe_len: 37.4562 cs_len: 1.27964
---
else
else
else
front: 0, 1.70258, 2.5
side: 0, 0, 0
front only
front: 0, 0, 2.5
side: 0, 0, 0
front only
else
front: 0, 0.668951, 2.5
side: 0, 0, 0
front only
else
else
else
else
else
else
else
front: 0, 1.69495, 2.5
side: 0, 0, 0
front only
else
else
else
else
front: 0.487388, 0, 2.5
back: 1.46217, 0, 7.5
front back
photon_ene: 661.6 photon_theta: 2.82949 photon_phi: 2.2196
traject_len: 5.09413
pe_len: 19.1295 cs_len: 2.62302
---
else
else
front: 0, 0, 2.5
side: 0, 0, 0
front only
else
front: 0.794313, 0.328536, 2.5
side: 0, 0, 0
front only
front: 0, 0, 2.5
side: 0, 0, 0
front only
front: 0, 0, 2.5
side: 0, 0, 0
front only
else
front: 0, 1.22523, 2.5
side: 0, 0, 0
front only
else
front: 0, 0.397311, 2.5
side: 0, 0, 0
front only
front: 0, 0, 2.5
side: 0, 0, 0
front only
else
else
else
front: 0.597251, 0, 2.5
side: 0, 0, 0
front only
else
front: 1.344, 0, 2.5
side: 0, 0, 0
front only
else
front: 0, 0.978213, 2.5
side: 0, 0, 0
front only
front: 0, 1.00781, 2.5
side: 0, 0, 0
front only
front: 0, 1.105, 2.5
side: 0, 0, 0
front only
else
else
front: 0, 1.00335, 2.5
side: 0, 0, 0
front only
front: 1.44733, 0.234958, 2.5
side: 0, 0, 0
front only
else
else
else
else
else
front: 0, 0, 2.5
side: 0, 0, 0
front only
else
else
else
else
front: 0, 0.557208, 2.5
side: 0, 0, 0
front only
front: 0.472021, 0, 2.5
side: 0, 0, 0
front only
front: 1.44819, 1.82781, 2.5
side: 0, 0, 0
front only
else
else
else
front: 0, 0, 2.5
side: 0, 0, 0
front only
else
front: 1.00326, 0, 2.5
side: 0, 0, 0
front only
else
front: 0.73579, 0.82458, 2.5
side: 0, 0, 0
front only
else
else
else
else
else
front: 0, 0, 2.5
side: 0, 0, 0
front only
else
else
else
front: 0, 0, 2.5
side: 0, 0, 0
front only
front: 0, 1.20007, 2.5
side: 0, 0, 0
front only
else
front: 1.47886, 1.25424, 2.5
side: 0, 0, 0
front only
else
else
else
front: 1.08933, 0.274574, 2.5
side: 0, 0, 0
front only
front: 0, 0.537583, 2.5
side: 0, 0, 0
front only
front: 0, 0, 2.5
side: 0, 0, 0
front only
else
front: 1.0847, 0, 2.5
side: 0, 0, 0
front only
else
else
else
front: 0.0952587, 0.663624, 2.5
back: 0.285776, 1.99087, 7.5
front back
photon_ene: 661.6 photon_theta: 0.262006 photon_phi: 1.42823
traject_len: 5.17667
pe_len: 49.803 cs_len: 3.67857
---
front: 0, 0, 2.5
side: 0, 0, 0
front only
else
front: 0, 0, 2.5
side: 0, 0, 0
front only
else
else
else
else
front: 0.924388, 2.25415, 2.5
side: 0, 0, 0
front only
else
else
front: 0, 0.359411, 2.5
side: 0, 0, 0
front only
front: 2.32569, 0, 2.5
side: 0, 0, 0
front only
else
else
else
else
else
else
else
else
else
front: 0.351823, 0, 2.5
back: 1.05547, 0, 7.5
front back
photon_ene: 661.6 photon_theta: 0.281755 photon_phi: 5.22011
traject_len: 5.04927
pe_len: 9.12832 cs_len: 1.22255
---
else
else
else
else
else
else
else
else
else
front: 1.34941, 0, 2.5
side: 0, 0, 0
front only
else
else
front: 1.10899, 0.0913543, 2.5
side: 0, 0, 0
front only
else
else
else
else
else
else
front: 0, 0.670698, 2.5
side: 0, 0, 0
front only
else
else
else
else
front: 2.02569, 0, 2.5
side: 0, 0, 0
front only
else
else
front: 0, 0.741751, 2.5
side: 0, 0, 0
front only
front: 1.27377, 0, 2.5
side: 0, 0, 0
front only
front: 1.6734, 0, 2.5
side: 0, 0, 0
front only
front: 1.10539, 0, 2.5
side: 0, 0, 0
front only
front: 1.73932, 1.27244, 2.5
side: 0, 0, 0
front only
else
else
else
front: 0.154461, 0.862646, 2.5
side: 0, 0, 0
front only
else
else
else
else
else
front: 0.250202, 0, 2.5
back: 0.750605, 0, 7.5
front back
photon_ene: 661.6 photon_theta: 0.199761 photon_phi: 5.22944
traject_len: 5.02498
pe_len: 76.8216 cs_len: 3.63121
---
else
front: 1.5171, 0.650406, 2.5
side: 0, 0, 0
front only
else
front: 0.389792, 1.36328, 2.5
side: 0, 0, 0
front only
else
else
else
else
front: 0, 0, 2.5
side: 0, 0, 0
front only
else
else
else
else
front: 0.589375, 0.714604, 2.5
side: 0, 0, 0
front only
front: 0, 0, 2.5
side: 0, 0, 0
front only
front: 0, 0, 2.5
side: 0, 0, 0
front only
else
else
else
front: 0, 2.01841, 2.5
side: 0, 0, 0
front only
else
else
else
else
front: 0, 0, 2.5
side: 0, 0, 0
front only
else
else
front: 0, 0, 2.5
side: 0, 0, 0
front only
front: 1.15075, 0, 2.5
side: 0, 0, 0
front only
front: 0, 0, 2.5
back: 0, 0, 7.5
front back
photon_ene: 661.6 photon_theta: 0.154214 photon_phi: 3.69053
traject_len: 5
pe_len: 34.1261 cs_len: 0.670606
---
else
else
else
else
front: 1.65949, 1.77172, 2.5
side: 0, 0, 0
front only
front: 1.49603, 1.95395, 2.5
side: 0, 0, 0
front only
else
else
else
else
else
else
else
front: 1.47713, 0, 2.5
side: 0, 0, 0
front only
else
else
front: 0.547357, 0, 2.5
side: 0, 0, 0
front only
else
else
front: 0, 0, 2.5
side: 0, 0, 0
front only
front: 1.20901, 0, 2.5
side: 0, 0, 0
front only
else
else
else
front: 0, 0, 2.5
back: 0, 0, 7.5
front back
photon_ene: 661.6 photon_theta: 2.89744 photon_phi: 0.781136
traject_len: 5
pe_len: 9.29866 cs_len: 2.74221
---
else
else
else
else
else
front: 1.1861, 0, 2.5
side: 0, 0, 0
front only
front: 0, 1.06934, 2.5
side: 0, 0, 0
front only
else
else
front: 1.65751, 1.64867, 2.5
side: 0, 0, 0
front only
front: 0, 0.448509, 2.5
side: 0, 0, 0
front only
else
else
else
else
else
front: 0, 1.06093, 2.5
side: 0, 0, 0
front only
else
else
else
else
else
front: 0, 0, 2.5
side: 0, 0, 0
front only
else
else
else
else
front: 0, 1.59385, 2.5
side: 0, 0, 0
front only
front: 0, 0.40597, 2.5
side: 0, 0, 0
front only
else
else
else
else
else
front: 0, 0, 2.5
back: 0, 0, 7.5
front back
photon_ene: 661.6 photon_theta: 2.85925 photon_phi: 0.815967
traject_len: 5
pe_len: 16.1948 cs_len: 1.5789
---
else
front: 0, 0, 2.5
side: 0, 0, 0
front only
else
front: 0.636264, 0, 2.5
back: 1.90879, 0, 7.5
front back
photon_ene: 661.6 photon_theta: 2.85682 photon_phi: 2.6248
traject_len: 5.15939
pe_len: 26.9763 cs_len: 0.240862
---
else
else
else
front: 1.61747, 0, 2.5
side: 0, 0, 0
front only
else
else
else
else
front: 0, 1.46827, 2.5
side: 0, 0, 0
front only
front: 0, 0, 2.5
side: 0, 0, 0
front only
else
front: 0, 0, 2.5
side: 0, 0, 0
front only
else
else
else
front: 0.784522, 1.36129, 2.5
side: 0, 0, 0
front only
else
front: 0.49499, 1.35789, 2.5
side: 0, 0, 0
front only
front: 0, 1.09716, 2.5
side: 0, 0, 0
front only
else
else
else
front: 1.67877, 0, 2.5
side: 0, 0, 0
front only
else
front: 0.632498, 0, 2.5
side: 0, 0, 0
front only
else
else
else
else
else
else
else
else
else
else
else
else
else
else
else
else
front: 0, 0.888821, 2.5
side: 0, 0, 0
front only
else
front: 0, 0, 2.5
side: 0, 0, 0
front only
front: 2.02878, 1.38845, 2.5
side: 0, 0, 0
front only
else
else
else
front: 0.530904, 0, 2.5
side: 0, 0, 0
front only
front: 0, 1.20157, 2.5
side: 0, 0, 0
front only
front: 0, 0.101338, 2.5
back: 0, 0.304014, 7.5
front back
photon_ene: 661.6 photon_theta: 0.207474 photon_phi: 2.94782
traject_len: 5.00411
pe_len: 18.9995 cs_len: 4.23381
---
front: 0, 1.49542, 2.5
side: 0, 0, 0
front only
front: 0.112889, 0, 2.5
back: 0.338668, 0, 7.5
front back
photon_ene: 661.6 photon_theta: 3.02023 photon_phi: 1.95006
traject_len: 5.0051
pe_len: 22.7026 cs_len: 1.61874
---
front: 0, 0.998495, 2.5
side: 0, 0, 0
front only
else
else
else
else
else
else
else
front: 0.220868, 0.05112, 2.5
back: 0.662603, 0.15336, 7.5
front back
photon_ene: 661.6 photon_theta: 3.05116 photon_phi: 3.36904
traject_len: 5.02052
pe_len: 9.05479 cs_len: 0.428017
---
else
else
else
front: 0.738768, 1.28711, 2.5
side: 0, 0, 0
front only
else
else
else
else
else
else
else
else
front: 1.71498, 0.824754, 2.5
side: 0, 0, 0
front only
else
front: 0.805464, 0, 2.5
side: 0, 0, 0
front only
else
else
else
front: 0.65321, 1.99454, 2.5
side: 0, 0, 0
front only
else
else
else
else
else
else
else
else
else
else
else
else
else
front: 0.884879, 0.352382, 2.5
side: 0, 0, 0
front only
front: 0, 0.512606, 2.5
side: 0, 0, 0
front only
else
else
front: 0, 0, 2.5
side: 0, 0, 0
front only
front: 0, 0, 2.5
side: 0, 0, 0
front only
else
else
front: 0, 0, 2.5
back: 0, 0, 7.5
front back
photon_ene: 661.6 photon_theta: 2.82513 photon_phi: 1.06044
traject_len: 5
pe_len: 78.327 cs_len: 0.907502
---
else
front: 0, 1.00515, 2.5
side: 0, 0, 0
front only
else
else
else
else
front: 0.170139, 0, 2.5
back: 0.510418, 0, 7.5
front back
photon_ene: 661.6 photon_theta: 0.252427 photon_phi: 4.97941
traject_len: 5.01157
pe_len: 12.0801 cs_len: 0.129434
---
else
else
else
else
else
else
front: 0, 0, 2.5
side: 0, 0, 0
front only
else
front: 1.56999, 0, 2.5
side: 0, 0, 0
front only
else
else
else
front: 0.909519, 1.0569, 2.5
side: 0, 0, 0
front only
else
else
else
else
else
else
else
front: 2.09633, 0, 2.5
side: 0, 0, 0
front only
else
else
else
front: 0, 0, 2.5
side: 0, 0, 0
front only
front: 0, 0, 2.5
side: 0, 0, 0
front only
else
front: 0.765401, 0.826915, 2.5
side: 0, 0, 0
front only
else
else
else
else
else
else
else
else
else
else
else
else
else
front: 0, 0, 2.5
back: 0, 0, 7.5
front back
photon_ene: 661.6 photon_theta: 3.05636 photon_phi: 1.07222
traject_len: 5
pe_len: 133.77 cs_len: 0.956051
---
front: 0, 0.678611, 2.5
back: 0, 2.03583, 7.5
front back
photon_ene: 661.6 photon_theta: 0.29749 photon_phi: 2.0543
traject_len: 5.18093
pe_len: 21.7218 cs_len: 6.05957
---
else
else
front: 1.54893, 0.858884, 2.5
side: 0, 0, 0
front only
else
else
else
front: 0.0761653, 1.72484, 2.5
side: 0, 0, 0
front only
else
else
front: 0.531749, 0, 2.5
side: 0, 0, 0
front only
front: 0.58397, 1.0068, 2.5
side: 0, 0, 0
front only
else
else
else
else
else
front: 2.02825, 0.111599, 2.5
side: 0, 0, 0
front only
else
front: 0.098827, 0, 2.5
back: 0.296481, 0, 7.5
front back
photon_ene: 661.6 photon_theta: 3.03037 photon_phi: 1.93258
traject_len: 5.00391
pe_len: 3.90275 cs_len: 5.66569
---
else
else
else
else
else
front: 0.156417, 0, 2.5
side: 0, 0, 0
front only
front: 0, 0.806304, 2.5
side: 0, 0, 0
front only
front: 0, 0, 2.5
side: 0, 0, 0
front only
else
else
else
front: 0, 0, 2.5
side: 0, 0, 0
front only
else
else
else
else
else
front: 0, 1.64547, 2.5
side: 0, 0, 0
front only
else
else
else
else
else
front: 0, 0, 2.5
back: 0, 0, 7.5
front back
photon_ene: 661.6 photon_theta: 0.0875761 photon_phi: 3.668
traject_len: 5
pe_len: 14.6213 cs_len: 5.68362
---
else
else
front: 0, 1.54774, 2.5
side: 0, 0, 0
front only
else
else
else
front: 0.627374, 0, 2.5
side: 0, 0, 0
front only
else
front: 0, 0, 2.5
side: 0, 0, 0
front only
else
else
front: 0, 0.387676, 2.5
back: 0, 1.16303, 7.5
front back
photon_ene: 661.6 photon_theta: 2.98566 photon_phi: 4.87755
traject_len: 5.05976
pe_len: 57.4915 cs_len: 2.72091
---
front: 0.589404, 0.50562, 2.5
back: 1.76821, 1.51686, 7.5
front back
photon_ene: 661.6 photon_theta: 2.84042 photon_phi: 3.85063
traject_len: 5.23567
pe_len: 115.644 cs_len: 0.850183
---
front: 0.902128, 0.808931, 2.5
side: 0, 0, 0
front only
else
front: 0, 0.762106, 2.5
back: 0, 2.28632, 7.5
front back
photon_ene: 661.6 photon_theta: 2.83104 photon_phi: 5.0304
traject_len: 5.22716
pe_len: 0.118147 cs_len: 3.9313
---
front: 1.41414, 0, 2.5
side: 0, 0, 0
front only
else
else
else
front: 0.746001, 0, 2.5
side: 0, 0, 0
front only
else
front: 0.266784, 0, 2.5
back: 0.800351, 0, 7.5
front back
photon_ene: 661.6 photon_theta: 2.82678 photon_phi: 1.90467
traject_len: 5.02839
pe_len: 5.95352 cs_len: 5.80774
---
front: 0.743462, 0, 2.5
back: 2.23039, 0, 7.5
front back
photon_ene: 661.6 photon_theta: 2.83392 photon_phi: 2.78154
traject_len: 5.21641
pe_len: 42.1892 cs_len: 1.51459
---
else
front: 0, 0, 2.5
side: 0, 0, 0
front only
else
else
else
else
else
else
else
front: 1.25158, 0, 2.5
side: 0, 0, 0
front only
else
else
else
else
front: 1.68467, 0.603526, 2.5
side: 0, 0, 0
front only
front: 0, 0, 2.5
side: 0, 0, 0
front only
front: 0, 0, 2.5
side: 0, 0, 0
front only
else
else
else
else
front: 1.93484, 0, 2.5
side: 0, 0, 0
front only
front: 1.99089, 0.457298, 2.5
side: 0, 0, 0
front only
else
else
front: 0.999024, 0, 2.5
side: 0, 0, 0
front only
else
else
front: 0.109201, 0, 2.5
side: 0, 0, 0
front only
else
else
else
front: 0, 0.184353, 2.5
back: 0, 0.55306, 7.5
front back
photon_ene: 661.6 photon_theta: 0.271637 photon_phi: 2.87364
traject_len: 5.01358
pe_len: 35.7406 cs_len: 3.44406
---
else
else
else
else
front: 1.33271, 0, 2.5
side: 0, 0, 0
front only
else
front: 0.997098, 1.96776, 2.5
side: 0, 0, 0
front only
front: 0, 0, 2.5
back: 0, 0, 7.5
front back
photon_ene: 661.6 photon_theta: 2.86685 photon_phi: 0.240237
traject_len: 5
pe_len: 9.9344 cs_len: 3.46888
---
else
front: 0.909712, 0.0876756, 2.5
side: 0, 0, 0
front only
else
else
else
else
else
else
front: 0, 0, 2.5
side: 0, 0, 0
front only
else
else
else
else
else
front: 0, 0, 2.5
side: 0, 0, 0
front only
else
else
else
else
else
else
else
else
else
front: 0.686109, 0, 2.5
back: 2.05833, 0, 7.5
front back
photon_ene: 661.6 photon_theta: 2.8588 photon_phi: 2.8068
traject_len: 5.18488
pe_len: 25.5507 cs_len: 3.58317
---
else
else
else
else
else
else
else
else
else
else
else
front: 1.04423, 1.05251, 2.5
side: 0, 0, 0
front only
else
else
front: 0, 0.02124, 2.5
side: 0, 0, 0
front only
else
else
else
front: 0, 1.28452, 2.5
side: 0, 0, 0
front only
else
else
else
else
else
else
else
else
front: 0, 0, 2.5
side: 0, 0, 0
front only
else
else
else
else
else
else
else
else
else
else
else
front: 0, 0, 2.5
back: 0, 0, 7.5
front back
photon_ene: 661.6 photon_theta: 2.98024 photon_phi: 0.235543
traject_len: 5
pe_len: 37.7909 cs_len: 1.13044
---
else
front: 0.786171, 0, 2.5
back: 2.35851, 0, 7.5
front back
photon_ene: 661.6 photon_theta: 0.309472 photon_phi: 6.10125
traject_len: 5.2414
pe_len: 1.68721 cs_len: 2.2296
---
else
else
else
front: 1.37616, 0, 2.5
side: 0, 0, 0
front only
else
else
else
else
else
else
front: 0.157497, 0, 2.5
back: 0.472492, 0, 7.5
front back
photon_ene: 661.6 photon_theta: 0.321437 photon_phi: 4.90273
traject_len: 5.00991
pe_len: 16.4897 cs_len: 1.33247
---
else
else
else
else
else
else
else
front: 1.67521, 0, 2.5
side: 0, 0, 0
front only
front: 0, 0, 2.5
side: 0, 0, 0
front only
front: 0, 0, 2.5
side: 0, 0, 0
front only
else
else
else
else
front: 0, 0, 2.5
side: 0, 0, 0
front only
else
front: 0, 0, 2.5
side: 0, 0, 0
front only
else
else
front: 0, 0.0766689, 2.5
back: 0, 0.230007, 7.5
front back
photon_ene: 661.6 photon_theta: 3.02813 photon_phi: 6.0107
traject_len: 5.00235
pe_len: 80.9152 cs_len: 8.3923
---
front: 0, 0, 2.5
side: 0, 0, 0
front only
else
else
else
front: 0, 1.73801, 2.5
side: 0, 0, 0
front only
front: 0, 0.167446, 2.5
back: 0, 0.502339, 7.5
front back
photon_ene: 661.6 photon_theta: 0.142552 photon_phi: 2.65608
traject_len: 5.0112
pe_len: 27.7832 cs_len: 0.238997
---
else
else
else
else
front: 0.191382, 0.535117, 2.5
back: 0.574147, 1.60535, 7.5
front back
photon_ene: 661.6 photon_theta: 0.223526 photon_phi: 1.22733
traject_len: 5.12756
pe_len: 1.83981 cs_len: 12.3946
---
else
else
else
front: 0.269752, 0, 2.5
side: 0, 0, 0
front only
else
front: 0.309054, 0, 2.5
side: 0, 0, 0
front only
else
else
else
front: 0.0558964, 0, 2.5
back: 0.167689, 0, 7.5
front back
photon_ene: 661.6 photon_theta: 0.047893 photon_phi: 5.1977
traject_len: 5.00125
pe_len: 50.2154 cs_len: 5.52813
---
front: 0, 1.49682, 2.5
side: 0, 0, 0
front only
front: 1.33341, 0.276377, 2.5
side: 0, 0, 0
front only
else
else
else
front: 1.77738, 0.199332, 2.5
side: 0, 0, 0
front only
front: 0, 0.42761, 2.5
side: 0, 0, 0
front only
front: 0, 0, 2.5
side: 0, 0, 0
front only
front: 0, 0, 2.5
side: 0, 0, 0
front only
else
front: 0.302017, 0.721222, 2.5
back: 0.906051, 2.16367, 7.5
front back
photon_ene: 661.6 photon_theta: 2.83847 photon_phi: 4.31582
traject_len: 5.23885
pe_len: 74.7481 cs_len: 4.42354
---
else
else
else
else
else
else
else
else
else
else
front: 0, 0, 2.5
back: 0, 0, 7.5
front back
photon_ene: 661.6 photon_theta: 2.85454 photon_phi: 1.30895
traject_len: 5
pe_len: 63.061 cs_len: 0.822119
---
else
else
front: 0, 1.75141, 2.5
side: 0, 0, 0
front only
else
else
else
else
front: 1.34094, 0, 2.5
side: 0, 0, 0
front only
else
else
else
else
else
else
else
else
else
else
front: 0.849576, 0.28969, 2.5
side: 0, 0, 0
front only
front: 0, 0.718848, 2.5
back: 0, 2.15654, 7.5
front back
photon_ene: 661.6 photon_theta: 0.28353 photon_phi: 1.73335
traject_len: 5.20259
pe_len: 30.1383 cs_len: 6.1711
---
else
front: 0.65451, 0, 2.5
side: 0, 0, 0
front only
else
front: 0, 1.43144, 2.5
side: 0, 0, 0
front only
else
else
front: 0, 0, 2.5
side: 0, 0, 0
front only
else
else
else
front: 0, 0.642852, 2.5
back: 0, 1.92856, 7.5
front back
photon_ene: 661.6 photon_theta: 2.84963 photon_phi: 5.25657
traject_len: 5.16266
pe_len: 115.75 cs_len: 7.48132
---
else
front: 0.77411, 2.09989, 2.5
side: 0, 0, 0
front only
else
front: 0, 0.261125, 2.5
back: 0, 0.783374, 7.5
front back
photon_ene: 661.6 photon_theta: 2.90147 photon_phi: 5.84246
traject_len: 5.0272
pe_len: 11.4377 cs_len: 2.66322
---
else
else
else
else
front: 0, 1.02446, 2.5
side: 0, 0, 0
front only
front: 0, 0.263707, 2.5
side: 0, 0, 0
front only
else
else
front: 1.50465, 0, 2.5
side: 0, 0, 0
front only
front: 0, 0.320936, 2.5
back: 0, 0.962808, 7.5
front back
photon_ene: 661.6 photon_theta: 2.90681 photon_phi: 5.71667
traject_len: 5.04103
pe_len: 31.7303 cs_len: 3.65634
---
else
else
front: 0, 1.25032, 2.5
side: 0, 0, 0
front only
else
else
else
else
front: 0, 0, 2.5
side: 0, 0, 0
front only
front: 0, 0, 2.5
back: 0, 0, 7.5
front back
photon_ene: 661.6 photon_theta: 0.107164 photon_phi: 4.49862
traject_len: 5
pe_len: 27.7559 cs_len: 24.0664
---
else
else
else
else
else
front: 0, 0, 2.5
side: 0, 0, 0
front only
else
else
else
front: 0, 0, 2.5
side: 0, 0, 0
front only
front: 0, 0, 2.5
back: 0, 0, 7.5
front back
photon_ene: 661.6 photon_theta: 2.95405 photon_phi: 1.37224
traject_len: 5
pe_len: 27.3393 cs_len: 0.709782
---
else
else
front: 0, 0, 2.5
side: 0, 0, 0
front only
front: 0.00866496, 0, 2.5
back: 0.0259949, 0, 7.5
front back
photon_ene: 661.6 photon_theta: 0.010204 photon_phi: 5.05894
traject_len: 5.00003
pe_len: 0.34792 cs_len: 1.85801
---
else
else
else
front: 0, 0.207331, 2.5
side: 0, 0, 0
front only
front: 0.239558, 0, 2.5
back: 0.718675, 0, 7.5
front back
photon_ene: 661.6 photon_theta: 0.0985299 photon_phi: 6.03509
traject_len: 5.0229
pe_len: 41.6375 cs_len: 8.49836
---
else
front: 2.00317, 0, 2.5
side: 0, 0, 0
front only
front: 0.729034, 0.758948, 2.5
side: 0, 0, 0
front only
else
else
front: 0, 0.924643, 2.5
side: 0, 0, 0
front only
else
front: 0.190555, 0.979386, 2.5
side: 0, 0, 0
front only
else
else
else
front: 0, 0.334118, 2.5
side: 0, 0, 0
front only
else
else
front: 0, 0.39037, 2.5
side: 0, 0, 0
front only
front: 0.338053, 0, 2.5
side: 0, 0, 0
front only
else
else
else
front: 0.296769, 0.534634, 2.5
back: 0.890308, 1.6039, 7.5
front back
photon_ene: 661.6 photon_theta: 0.239882 photon_phi: 1.06405
traject_len: 5.14739
pe_len: 37.9616 cs_len: 3.93141
---
else
front: 0, 0, 2.5
back: 0, 0, 7.5
front back
photon_ene: 661.6 photon_theta: 2.93633 photon_phi: 0.513284
traject_len: 5
pe_len: 59.5149 cs_len: 2.42919
---
else
else
front: 1.88996, 1.50038, 2.5
side: 0, 0, 0
front only
else
else
else
front: 0, 0, 2.5
side: 0, 0, 0
front only
front: 0, 0.600356, 2.5
side: 0, 0, 0
front only
else
else
else
front: 0, 0, 2.5
back: 0, 0, 7.5
front back
photon_ene: 661.6 photon_theta: 2.90295 photon_phi: 1.07974
traject_len: 5
pe_len: 137.123 cs_len: 13.3654
---
front: 0, 0.286116, 2.5
back: 0, 0.858348, 7.5
front back
photon_ene: 661.6 photon_theta: 0.135713 photon_phi: 2.14778
traject_len: 5.03264
pe_len: 37.2336 cs_len: 3.62376
---
else
else
front: 0, 0, 2.5
back: 0, 0, 7.5
front back
photon_ene: 661.6 photon_theta: 0.193268 photon_phi: 3.2431
traject_len: 5
pe_len: 117.44 cs_len: 11.4088
---
else
else
front: 1.05771, 0, 2.5
side: 0, 0, 0
front only
else
else
else
else
else
front: 0, 0, 2.5
side: 0, 0, 0
front only
else
else
else
front: 0, 0.118663, 2.5
back: 0, 0.35599, 7.5
front back
photon_ene: 661.6 photon_theta: 0.150156 photon_phi: 2.82248
traject_len: 5.00563
pe_len: 31.6015 cs_len: 2.77549
---
front: 0.61816, 0.399359, 2.5
back: 1.85448, 1.19808, 7.5
front back
photon_ene: 661.6 photon_theta: 0.28629 photon_phi: 0.57359
traject_len: 5.21214
pe_len: 7.5215 cs_len: 3.70755
---
front: 0, 0, 2.5
side: 0, 0, 0
front only
else
front: 1.15448, 1.16736, 2.5
side: 0, 0, 0
front only
else
front: 1.26874, 0, 2.5
side: 0, 0, 0
front only
else
front: 0, 0.0168301, 2.5
side: 0, 0, 0
front only
else
else
else
front: 1.40664, 0.649174, 2.5
side: 0, 0, 0
front only
else
else
else
front: 0.0538708, 0, 2.5
side: 0, 0, 0
front only
else
else
else
else
else
else
front: 1.92748, 0, 2.5
side: 0, 0, 0
front only
else
front: 0.752897, 0, 2.5
side: 0, 0, 0
front only
front: 0, 0.338273, 2.5
back: 0, 1.01482, 7.5
front back
photon_ene: 661.6 photon_theta: 0.148485 photon_phi: 2.01125
traject_len: 5.04556
pe_len: 7.99776 cs_len: 4.41435
---
else
else
else
else
else
else
front: 0.683166, 1.34013, 2.5
side: 0, 0, 0
front only
front: 0, 0, 2.5
side: 0, 0, 0
front only
else
front: 0, 0, 2.5
side: 0, 0, 0
front only
else
else
else
else
else
else
front: 0, 0, 2.5
side: 0, 0, 0
front only
else
else
else
else
else
else
front: 0.621377, 0, 2.5
side: 0, 0, 0
front only
front: 0, 0, 2.5
side: 0, 0, 0
front only
else
front: 0, 0, 2.5
side: 0, 0, 0
front only
front: 0.0608897, 0.382515, 2.5
back: 0.182669, 1.14754, 7.5
front back
photon_ene: 661.6 photon_theta: 0.15371 photon_phi: 1.41294
traject_len: 5.05965
pe_len: 8.94571 cs_len: 1.6883
---
front: 1.588, 0, 2.5
side: 0, 0, 0
front only
else
else
front: 0.476072, 0, 2.5
side: 0, 0, 0
front only
else
else
else
else
else
front: 0, 0.283203, 2.5
side: 0, 0, 0
front only
else
else
else
front: 0.0127924, 0, 2.5
side: 0, 0, 0
front only
front: 1.35064, 0, 2.5
side: 0, 0, 0
front only
else
else
else
else
else
else
else
else
else
else
else
else
else
front: 0, 1.67182, 2.5
side: 0, 0, 0
front only
front: 0, 0, 2.5
side: 0, 0, 0
front only
else
else
else
else
front: 0, 0, 2.5
side: 0, 0, 0
front only
else
else
else
else
front: 0, 0, 2.5
side: 0, 0, 0
front only
else
else
else
else
else
else
else
else
else
front: 0, 0, 2.5
side: 0, 0, 0
front only
else
else
front: 0, 0.41273, 2.5
side: 0, 0, 0
front only
front: 1.15012, 0.812337, 2.5
side: 0, 0, 0
front only
front: 0, 0.616725, 2.5
back: 0, 1.85018, 7.5
front back
photon_ene: 661.6 photon_theta: 2.82026 photon_phi: 5.44848
traject_len: 5.14989
pe_len: 22.1893 cs_len: 0.0565464
---
else
else
front: 1.63402, 0.331051, 2.5
side: 0, 0, 0
front only
else
else
front: 0.801457, 1.75539, 2.5
side: 0, 0, 0
front only
else
else
front: 0, 2.08991, 2.5
side: 0, 0, 0
front only
else
front: 0, 0, 2.5
back: 0, 0, 7.5
front back
photon_ene: 661.6 photon_theta: 2.82449 photon_phi: 1.52992
traject_len: 5
pe_len: 93.8028 cs_len: 3.16788
---
else
else
else
else
else
else
else
else
front: 0.515531, 0.467963, 2.5
back: 1.54659, 1.40389, 7.5
front back
photon_ene: 661.6 photon_theta: 2.86998 photon_phi: 3.87866
traject_len: 5.19028
pe_len: 74.8563 cs_len: 4.01189
---
front: 1.29565, 0, 2.5
side: 0, 0, 0
front only
front: 0, 1.06553, 2.5
side: 0, 0, 0
front only
else
else
else
front: 1.22281, 0.266056, 2.5
side: 0, 0, 0
front only
else
else
else
else
else
else
else
else
else
else
else
else
else
front: 0, 0.805963, 2.5
side: 0, 0, 0
front only
front: 1.12763, 0, 2.5
side: 0, 0, 0
front only
else
else
else
else
else
front: 0.460367, 0, 2.5
side: 0, 0, 0
front only
else
else
else
else
front: 0, 0, 2.5
back: 0, 0, 7.5
front back
photon_ene: 661.6 photon_theta: 0.220024 photon_phi: 3.92299
traject_len: 5
pe_len: 43.3955 cs_len: 0.53173
---
front: 1.51439, 0, 2.5
side: 0, 0, 0
front only
else
else
else
front: 0, 1.54466, 2.5
side: 0, 0, 0
front only
else
front: 0.77198, 1.24871, 2.5
side: 0, 0, 0
front only
else
else
else
else
else
else
front: 2.0044, 0, 2.5
side: 0, 0, 0
front only
else
else
front: 0, 0, 2.5
side: 0, 0, 0
front only
else
front: 0, 0.314452, 2.5
side: 0, 0, 0
front only
else
else
else
else
front: 0, 0.328921, 2.5
side: 0, 0, 0
front only
front: 0, 1.2918, 2.5
side: 0, 0, 0
front only
front: 0, 1.31234, 2.5
side: 0, 0, 0
front only
front: 0, 0, 2.5
back: 0, 0, 7.5
front back
photon_ene: 661.6 photon_theta: 0.313988 photon_phi: 3.21155
traject_len: 5
pe_len: 8.28926 cs_len: 5.44323
---
else
front: 0.911369, 1.67488, 2.5
side: 0, 0, 0
front only
else
else
front: 0.512599, 1.92557, 2.5
side: 0, 0, 0
front only
else
front: 0, 0, 2.5
side: 0, 0, 0
front only
else
else
else
front: 0.351326, 0, 2.5
side: 0, 0, 0
front only
else
else
else
front: 0, 0, 2.5
side: 0, 0, 0
front only
else
front: 0, 0.327908, 2.5
side: 0, 0, 0
front only
else
else
else
else
else
else
front: 0, 0.987313, 2.5
side: 0, 0, 0
front only
else
else
front: 0, 1.43957, 2.5
side: 0, 0, 0
front only
else
else
front: 0.559281, 0, 2.5
side: 0, 0, 0
front only
else
else
else
else
else
front: 1.22306, 0, 2.5
side: 0, 0, 0
front only
else
else
else
front: 1.90902, 0, 2.5
side: 0, 0, 0
front only
else
front: 0, 0, 2.5
side: 0, 0, 0
front only
else
else
else
else
front: 2.0522, 0.798398, 2.5
side: 0, 0, 0
front only
else
else
front: 0, 0, 2.5
back: 0, 0, 7.5
front back
photon_ene: 661.6 photon_theta: 0.199109 photon_phi: 4.6816
traject_len: 5
pe_len: 58.5555 cs_len: 22.6424
---
else
else
else
else
else
else
else
front: 0.13826, 0, 2.5
back: 0.414781, 0, 7.5
front back
photon_ene: 661.6 photon_theta: 0.0760954 photon_phi: 5.52396
traject_len: 5.00764
pe_len: 4.23539 cs_len: 1.64892
---
else
else
else
else
else
else
else
front: 0.169958, 2.2366, 2.5
side: 0, 0, 0
front only
else
else
front: 0.628788, 1.24603, 2.5
side: 0, 0, 0
front only
else
else
else
front: 1.79122, 0, 2.5
side: 0, 0, 0
front only
front: 0.306429, 0, 2.5
back: 0.919286, 0, 7.5
front back
photon_ene: 661.6 photon_theta: 0.19121 photon_phi: 5.39807
traject_len: 5.03742
pe_len: 49.4987 cs_len: 7.19267
---
else
else
else
else
else
else
else
else
else
else
else
else
else
else
else
front: 1.4618, 0.273021, 2.5
side: 0, 0, 0
front only
front: 0, 0.270539, 2.5
back: 0, 0.811618, 7.5
front back
photon_ene: 661.6 photon_theta: 0.309191 photon_phi: 2.79598
traject_len: 5.02919
pe_len: 10.8785 cs_len: 1.07533
---
else
else
else
else
else
else
else
front: 0.631311, 1.43341, 2.5
side: 0, 0, 0
front only
else
else
else
else
else
else
else
else
else
else
front: 1.46045, 0.358151, 2.5
side: 0, 0, 0
front only
else
front: 0, 0.967522, 2.5
side: 0, 0, 0
front only
front: 1.56072, 0, 2.5
side: 0, 0, 0
front only
else
else
front: 0, 0, 2.5
side: 0, 0, 0
front only
front: 0, 0.0624494, 2.5
side: 0, 0, 0
front only
else
front: 2.02346, 0, 2.5
side: 0, 0, 0
front only
else
front: 0, 1.01774, 2.5
side: 0, 0, 0
front only
else
front: 0, 0, 2.5
side: 0, 0, 0
front only
else
else
else
else
else
front: 0, 0, 2.5
side: 0, 0, 0
front only
front: 0, 0.0702841, 2.5
side: 0, 0, 0
front only
else
else
else
else
else
front: 1.49711, 0, 2.5
side: 0, 0, 0
front only
else
front: 0, 0.196244, 2.5
side: 0, 0, 0
front only
front: 0.780301, 1.8806, 2.5
side: 0, 0, 0
front only
else
front: 0, 1.07866, 2.5
side: 0, 0, 0
front only
front: 1.00565, 0, 2.5
side: 0, 0, 0
front only
else
else
else
front: 0, 0.699031, 2.5
side: 0, 0, 0
front only
else
front: 1.36102, 0, 2.5
side: 0, 0, 0
front only
else
else
else
else
else
else
else
else
front: 0.657985, 0, 2.5
side: 0, 0, 0
front only
else
front: 0.366372, 0, 2.5
side: 0, 0, 0
front only
else
front: 0.529592, 0, 2.5
side: 0, 0, 0
front only
else
front: 0.995945, 0, 2.5
side: 0, 0, 0
front only
else
else
front: 1.56715, 1.70495, 2.5
side: 0, 0, 0
front only
else
else
front: 0.785117, 0, 2.5
side: 0, 0, 0
front only
front: 0, 1.98899, 2.5
side: 0, 0, 0
front only
front: 0.639314, 0, 2.5
side: 0, 0, 0
front only
else
front: 0, 0, 2.5
back: 0, 0, 7.5
front back
photon_ene: 661.6 photon_theta: 0.223392 photon_phi: 4.01374
traject_len: 5
pe_len: 55.4412 cs_len: 0.631631
---
front: 1.18532, 0.260961, 2.5
side: 0, 0, 0
front only
front: 0.874341, 2.15796, 2.5
side: 0, 0, 0
front only
else
else
front: 0.777948, 0.473274, 2.5
side: 0, 0, 0
front only
else
front: 1.36573, 1.14188, 2.5
side: 0, 0, 0
front only
else
front: 0, 0.202473, 2.5
side: 0, 0, 0
front only
front: 0, 0, 2.5
side: 0, 0, 0
front only
else
else
else
else
else
else
else
else
else
front: 0, 0.141152, 2.5
back: 0, 0.423455, 7.5
front back
photon_ene: 661.6 photon_theta: 0.0566958 photon_phi: 1.67297
traject_len: 5.00796
pe_len: 33.0795 cs_len: 13.1637
---
else
else
front: 1.64501, 0.693184, 2.5
side: 0, 0, 0
front only
front: 0, 0, 2.5
back: 0, 0, 7.5
front back
photon_ene: 661.6 photon_theta: 3.10195 photon_phi: 1.21534
traject_len: 5
pe_len: 92.8039 cs_len: 1.04392
---
else
else
front: 1.22883, 0.761671, 2.5
side: 0, 0, 0
front only
front: 2.03667, 1.37488, 2.5
side: 0, 0, 0
front only
front: 0, 0, 2.5
side: 0, 0, 0
front only
front: 0, 0, 2.5
side: 0, 0, 0
front only
else
front: 0.000254132, 0.882998, 2.5
side: 0, 0, 0
front only
else
else
else
else
else
front: 0.477816, 0.568071, 2.5
back: 1.43345, 1.70421, 7.5
front back
photon_ene: 661.6 photon_theta: 2.85296 photon_phi: 4.01307
traject_len: 5.21575
pe_len: 46.5885 cs_len: 0.922837
---
else
front: 0.362678, 0.179216, 2.5
back: 1.08803, 0.537647, 7.5
front back
photon_ene: 661.6 photon_theta: 2.98117 photon_phi: 3.60055
traject_len: 5.06504
pe_len: 48.9767 cs_len: 2.89853
---
else
front: 0, 1.79185, 2.5
side: 0, 0, 0
front only
front: 0.260307, 2.05093, 2.5
side: 0, 0, 0
front only
front: 1.70697, 1.12374, 2.5
side: 0, 0, 0
front only
else
else
else
else
else
else
front: 0, 0, 2.5
back: 0, 0, 7.5
front back
photon_ene: 661.6 photon_theta: 0.111615 photon_phi: 4.50449
traject_len: 5
pe_len: 9.41723 cs_len: 2.40166
---
front: 0, 1.04874, 2.5
side: 0, 0, 0
front only
front: 0, 0, 2.5
side: 0, 0, 0
front only
else
front: 0, 0, 2.5
side: 0, 0, 0
front only
else
front: 1.63097, 0, 2.5
side: 0, 0, 0
front only
else
front: 0, 1.13219, 2.5
side: 0, 0, 0
front only
front: 0.740504, 0, 2.5
side: 0, 0, 0
front only
else
front: 0, 0.799371, 2.5
side: 0, 0, 0
front only
else
front: 0, 1.9949, 2.5
side: 0, 0, 0
front only
front: 0, 0.500148, 2.5
back: 0, 1.50044, 7.5
front back
photon_ene: 661.6 photon_theta: 2.91657 photon_phi: 5.21979
traject_len: 5.09908
pe_len: 20.0273 cs_len: 0.959776
---
else
else
else
else
else
else
else
else
else
front: 0, 1.56775, 2.5
side: 0, 0, 0
front only
else
else
else
front: 0, 0, 2.5
side: 0, 0, 0
front only
front: 0, 0, 2.5
side: 0, 0, 0
front only
else
else
front: 0, 0, 2.5
side: 0, 0, 0
front only
else
else
front: 0, 0, 2.5
side: 0, 0, 0
front only
else
else
else
else
else
front: 0, 0, 2.5
back: 0, 0, 7.5
front back
photon_ene: 661.6 photon_theta: 2.86499 photon_phi: 1.01827
traject_len: 5
pe_len: 4.52632 cs_len: 5.21144
---
else
else
else
else
front: 0, 0, 2.5
side: 0, 0, 0
front only
else
else
else
else
front: 0, 1.18464, 2.5
side: 0, 0, 0
front only
else
else
else
else
else
else
front: 0, 0, 2.5
side: 0, 0, 0
front only
front: 0, 0, 2.5
side: 0, 0, 0
front only
else
else
else
else
else
else
else
else
else
front: 1.11689, 0, 2.5
side: 0, 0, 0
front only
front: 1.21769, 2.10711, 2.5
side: 0, 0, 0
front only
else
front: 0.0782451, 0.0685822, 2.5
back: 0.234735, 0.205747, 7.5
front back
photon_ene: 661.6 photon_theta: 3.1 photon_phi: 3.86127
traject_len: 5.00433
pe_len: 107.886 cs_len: 4.23776
---
front: 0.886018, 0.174033, 2.5
side: 0, 0, 0
front only
front: 0, 0.366333, 2.5
side: 0, 0, 0
front only
else
else
else
else
else
else
else
else
else
else
else
front: 0, 0.435077, 2.5
side: 0, 0, 0
front only
else
else
else
else
else
else
else
front: 1.07773, 0, 2.5
side: 0, 0, 0
front only
else
else
else
front: 1.94164, 1.34353, 2.5
side: 0, 0, 0
front only
else
else
front: 2.12396, 0, 2.5
side: 0, 0, 0
front only
else
else
else
else
else
else
front: 0, 0, 2.5
side: 0, 0, 0
front only
else
else
front: 0.756951, 0, 2.5
side: 0, 0, 0
front only
else
else
else
else
else
front: 1.6762, 0.331615, 2.5
side: 0, 0, 0
front only
else
else
else
else
front: 0, 0, 2.5
side: 0, 0, 0
front only
else
else
front: 1.02366, 1.98858, 2.5
side: 0, 0, 0
front only
else
front: 0, 2.34814, 2.5
side: 0, 0, 0
front only
front: 0, 1.76446, 2.5
side: 0, 0, 0
front only
front: 0, 0.953658, 2.5
side: 0, 0, 0
front only
else
else
else
else
else
front: 0, 1.64736, 2.5
side: 0, 0, 0
front only
front: 0, 0.151404, 2.5
side: 0, 0, 0
front only
front: 1.52071, 0, 2.5
side: 0, 0, 0
front only
else
else
else
else
else
else
else
else
else
front: 1.4281, 1.27008, 2.5
side: 0, 0, 0
front only
else
else
else
else
front: 1.68325, 0, 2.5
side: 0, 0, 0
front only
else
else
front: 2.09551, 0, 2.5
side: 0, 0, 0
front only
else
front: 0, 0, 2.5
back: 0, 0, 7.5
front back
photon_ene: 661.6 photon_theta: 0.270552 photon_phi: 4.41741
traject_len: 5
pe_len: 165.176 cs_len: 3.96866
---
else
front: 0, 0, 2.5
side: 0, 0, 0
front only
front: 0, 0.339418, 2.5
side: 0, 0, 0
front only
else
else
else
front: 0, 0, 2.5
side: 0, 0, 0
front only
else
else
else
else
else
else
front: 0.392201, 2.41054, 2.5
side: 0, 0, 0
front only
else
front: 0.0256483, 0, 2.5
side: 0, 0, 0
front only
else
else
else
front: 0, 0, 2.5
side: 0, 0, 0
front only
else
else
else
else
else
else
else
else
else
front: 0, 0, 2.5
side: 0, 0, 0
front only
else
front: 0, 1.926, 2.5
side: 0, 0, 0
front only
else
else
front: 0, 0, 2.5
side: 0, 0, 0
front only
else
else
else
front: 0.390556, 0.914496, 2.5
side: 0, 0, 0
front only
front: 1.91199, 0, 2.5
side: 0, 0, 0
front only
else
front: 0, 1.673, 2.5
side: 0, 0, 0
front only
else
front: 0.859081, 0, 2.5
side: 0, 0, 0
front only
front: 0, 0, 2.5
side: 0, 0, 0
front only
else
else
else
else
else
else
else
else
else
else
front: 0, 0, 2.5
side: 0, 0, 0
front only
else
else
front: 1.69412, 1.1936, 2.5
side: 0, 0, 0
front only
front: 1.47524, 0, 2.5
side: 0, 0, 0
front only
else
front: 1.34934, 1.73126, 2.5
side: 0, 0, 0
front only
front: 0.94187, 0.494377, 2.5
side: 0, 0, 0
front only
front: 0, 0.801391, 2.5
side: 0, 0, 0
front only
else
else
front: 0, 0.599483, 2.5
back: 0, 1.79845, 7.5
front back
photon_ene: 661.6 photon_theta: 0.235382 photon_phi: 1.58777
traject_len: 5.14174
pe_len: 40.4151 cs_len: 0.236847
---
else
else
else
else
else
front: 0, 1.48298, 2.5
side: 0, 0, 0
front only
else
else
else
else
else
else
else
front: 0, 1.24692, 2.5
side: 0, 0, 0
front only
front: 0, 0.0968087, 2.5
side: 0, 0, 0
front only
else
else
else
else
else
front: 0.387627, 0, 2.5
side: 0, 0, 0
front only
else
else
else
else
else
else
else
else
else
front: 0.145579, 0, 2.5
side: 0, 0, 0
front only
else
else
else
front: 2.03694, 0, 2.5
side: 0, 0, 0
front only
else
else
else
else
else
else
else
else
front: 0, 0.612391, 2.5
side: 0, 0, 0
front only
front: 0, 0.972222, 2.5
side: 0, 0, 0
front only
else
front: 0, 0, 2.5
side: 0, 0, 0
front only
else
front: 0, 0, 2.5
side: 0, 0, 0
front only
front: 0.856602, 0.0860769, 2.5
side: 0, 0, 0
front only
front: 0, 0, 2.5
side: 0, 0, 0
front only
else
else
else
front: 1.12515, 0, 2.5
side: 0, 0, 0
front only
front: 0.669463, 0.319368, 2.5
back: 2.00839, 0.958103, 7.5
front back
photon_ene: 661.6 photon_theta: 2.85317 photon_phi: 3.58671
traject_len: 5.21543
pe_len: 41.6054 cs_len: 4.0226
---
else
else
else
else
else
front: 1.15115, 0, 2.5
side: 0, 0, 0
front only
front: 1.65682, 0.601752, 2.5
side: 0, 0, 0
front only
front: 1.58411, 0, 2.5
side: 0, 0, 0
front only
front: 0.397585, 0, 2.5
back: 1.19276, 0, 7.5
front back
photon_ene: 661.6 photon_theta: 2.93538 photon_phi: 2.43452
traject_len: 5.06283
pe_len: 62.1117 cs_len: 0.549054
---
else
else
else
else
else
else
front: 2.20691, 0.611531, 2.5
side: 0, 0, 0
front only
else
front: 0, 0, 2.5
side: 0, 0, 0
front only
else
front: 2.1129, 0, 2.5
side: 0, 0, 0
front only
else
else
else
else
else
else
else
else
else
else
front: 0.518392, 0, 2.5
side: 0, 0, 0
front only
else
front: 0, 2.21085, 2.5
side: 0, 0, 0
front only
else
front: 0, 0, 2.5
side: 0, 0, 0
front only
front: 0.151657, 0, 2.5
side: 0, 0, 0
front only
else
else
front: 0.748678, 0, 2.5
side: 0, 0, 0
front only
front: 0, 0, 2.5
side: 0, 0, 0
front only
front: 1.1562, 0, 2.5
side: 0, 0, 0
front only
else
front: 0.272126, 1.84422, 2.5
side: 0, 0, 0
front only
else
else
else
front: 0.563234, 1.0683, 2.5
side: 0, 0, 0
front only
else
else
else
else
else
else
front: 1.75106, 0, 2.5
side: 0, 0, 0
front only
else
front: 0, 0.556846, 2.5
back: 0, 1.67054, 7.5
front back
photon_ene: 661.6 photon_theta: 0.229314 photon_phi: 1.87449
traject_len: 5.12253
pe_len: 8.82499 cs_len: 4.18871
---
else
front: 0, 0, 2.5
side: 0, 0, 0
front only
else
front: 0.426673, 0, 2.5
back: 1.28002, 0, 7.5
front back
photon_ene: 661.6 photon_theta: 2.96143 photon_phi: 2.7848
traject_len: 5.0723
pe_len: 8.17809 cs_len: 1.64373
---
else
else
front: 0.288372, 1.55244, 2.5
side: 0, 0, 0
front only
else
else
front: 0, 0, 2.5
back: 0, 0, 7.5
front back
photon_ene: 661.6 photon_theta: 0.160784 photon_phi: 3.79412
traject_len: 5
pe_len: 39.3967 cs_len: 12.2417
---
front: 0.882075, 2.15262, 2.5
side: 0, 0, 0
front only
front: 0, 0.539529, 2.5
back: 0, 1.61859, 7.5
front back
photon_ene: 661.6 photon_theta: 2.90952 photon_phi: 5.13213
traject_len: 5.11511
pe_len: 22.0364 cs_len: 2.10837
---
else
else
else
front: 0, 0.328694, 2.5
side: 0, 0, 0
front only
else
else
else
else
else
else
front: 0, 0.294518, 2.5
side: 0, 0, 0
front only
else
else
else
else
front: 0.477378, 0, 2.5
side: 0, 0, 0
front only
else
else
else
else
front: 0, 0.00650973, 2.5
back: 0, 0.0195292, 7.5
front back
photon_ene: 661.6 photon_theta: 0.254453 photon_phi: 3.13158
traject_len: 5.00002
pe_len: 40.9776 cs_len: 0.124336
---
else
else
else
else
else
front: 0, 0.796589, 2.5
side: 0, 0, 0
front only
else
front: 0, 2.1417, 2.5
side: 0, 0, 0
front only
else
front: 0.854208, 0, 2.5
side: 0, 0, 0
front only
else
else
else
else
front: 2.06157, 0.568992, 2.5
side: 0, 0, 0
front only
else
else
else
else
else
else
else
else
front: 0.454816, 0, 2.5
back: 1.36445, 0, 7.5
front back
photon_ene: 661.6 photon_theta: 0.280907 photon_phi: 5.3946
traject_len: 5.08207
pe_len: 32.4828 cs_len: 2.88687
---
else
else
front: 0, 0, 2.5
side: 0, 0, 0
front only
else
else
else
front: 1.41568, 0.792349, 2.5
side: 0, 0, 0
front only
else
front: 0.08743, 1.79195, 2.5
side: 0, 0, 0
front only
else
front: 0, 0, 2.5
side: 0, 0, 0
front only
else
front: 0.544456, 0.206162, 2.5
back: 1.63337, 0.618486, 7.5
front back
photon_ene: 661.6 photon_theta: 0.228795 photon_phi: 0.361973
traject_len: 5.13378
pe_len: 48.5702 cs_len: 1.32009
---
front: 0.334418, 0, 2.5
side: 0, 0, 0
front only
else
else
else
else
else
else
front: 0, 2.17833, 2.5
side: 0, 0, 0
front only
else
front: 0, 1.80291, 2.5
side: 0, 0, 0
front only
else
else
front: 0, 1.44004, 2.5
side: 0, 0, 0
front only
else
else
else
front: 0.461067, 0, 2.5
back: 1.3832, 0, 7.5
front back
photon_ene: 661.6 photon_theta: 0.268295 photon_phi: 5.44772
traject_len: 5.08432
pe_len: 4.48283 cs_len: 0.600474
---
else
else
front: 0, 0, 2.5
side: 0, 0, 0
front only
else
front: 0, 0.798124, 2.5
side: 0, 0, 0
front only
else
else
front: 0, 1.20134, 2.5
side: 0, 0, 0
front only
front: 0.477151, 0, 2.5
side: 0, 0, 0
front only
else
front: 1.26722, 0, 2.5
side: 0, 0, 0
front only
else
else
else
front: 0, 0, 2.5
back: 0, 0, 7.5
front back
photon_ene: 661.6 photon_theta: 2.99401 photon_phi: 1.36401
traject_len: 5
pe_len: 2.53727 cs_len: 12.1812
---
else
else
front: 0, 1.19738, 2.5
side: 0, 0, 0
front only
else
else
front: 2.14923, 0, 2.5
side: 0, 0, 0
front only
front: 0, 0, 2.5
back: 0, 0, 7.5
front back
photon_ene: 661.6 photon_theta: 0.194079 photon_phi: 4.38002
traject_len: 5
pe_len: 66.9522 cs_len: 22.9129
---
else
else
else
else
front: 0.190784, 0, 2.5
side: 0, 0, 0
front only
front: 0, 1.36226, 2.5
side: 0, 0, 0
front only
else
else
else
else
else
front: 0.23832, 0, 2.5
side: 0, 0, 0
front only
front: 1.6, 1.46327, 2.5
side: 0, 0, 0
front only
front: 0, 0, 2.5
side: 0, 0, 0
front only
else
front: 0, 0, 2.5
side: 0, 0, 0
front only
front: 0.741202, 0.418712, 2.5
side: 0, 0, 0
front only
else
else
else
else
front: 1.1663, 0, 2.5
side: 0, 0, 0
front only
front: 1.42806, 0, 2.5
side: 0, 0, 0
front only
else
else
else
front: 0, 0, 2.5
back: 0, 0, 7.5
front back
photon_ene: 661.6 photon_theta: 0.120266 photon_phi: 4.076
traject_len: 5
pe_len: 145.452 cs_len: 7.92845
---
else
front: 1.37157, 0, 2.5
side: 0, 0, 0
front only
else
front: 0.670384, 0.0701747, 2.5
back: 2.01115, 0.210524, 7.5
front back
photon_ene: 661.6 photon_theta: 0.263356 photon_phi: 0.104299
traject_len: 5.17855
pe_len: 106.942 cs_len: 5.51907
---
else
front: 0, 1.33166, 2.5
side: 0, 0, 0
front only
else
else
front: 0, 0.542695, 2.5
side: 0, 0, 0
front only
front: 0, 0, 2.5
side: 0, 0, 0
front only
front: 0.233895, 0, 2.5
side: 0, 0, 0
front only
else
front: 2.02494, 0, 2.5
side: 0, 0, 0
front only
else
front: 0, 0.88558, 2.5
side: 0, 0, 0
front only
else
else
front: 0, 1.30764, 2.5
side: 0, 0, 0
front only
else
else
front: 1.05331, 0, 2.5
side: 0, 0, 0
front only
else
else
else
front: 0, 0.337772, 2.5
side: 0, 0, 0
front only
front: 0, 1.92629, 2.5
side: 0, 0, 0
front only
else
else
else
front: 0, 0, 2.5
side: 0, 0, 0
front only
else
else
else
else
front: 1.10224, 0, 2.5
side: 0, 0, 0
front only
else
front: 1.22507, 0, 2.5
side: 0, 0, 0
front only
else
else
front: 0, 0.19181, 2.5
side: 0, 0, 0
front only
else
else
front: 0.353672, 0.407917, 2.5
back: 1.06102, 1.22375, 7.5
front back
photon_ene: 661.6 photon_theta: 0.212689 photon_phi: 0.856504
traject_len: 5.11526
pe_len: 1.62849 cs_len: 0.712981
---
else
front: 2.4572, 0, 2.5
side: 0, 0, 0
front only
front: 0, 0, 2.5
side: 0, 0, 0
front only
front: 0, 0.0101154, 2.5
side: 0, 0, 0
front only
else
else
front: 0.0425994, 2.11392, 2.5
side: 0, 0, 0
front only
else
front: 1.6266, 0, 2.5
side: 0, 0, 0
front only
else
else
else
else
front: 0.390488, 0.765511, 2.5
side: 0, 0, 0
front only
front: 0, 0, 2.5
back: 0, 0, 7.5
front back
photon_ene: 661.6 photon_theta: 2.85904 photon_phi: 0.744971
traject_len: 5
pe_len: 49.1238 cs_len: 3.78281
---
else
else
else
else
front: 0, 0, 2.5
side: 0, 0, 0
front only
else
else
else
else
front: 0, 0.373358, 2.5
side: 0, 0, 0
front only
front: 0, 0.0892047, 2.5
back: 0, 0.267614, 7.5
front back
photon_ene: 661.6 photon_theta: 0.283247 photon_phi: 3.0187
traject_len: 5.00318
pe_len: 8.12204 cs_len: 3.40034
---
else
else
else
else
else
else
else
front: 0.125661, 0, 2.5
back: 0.376982, 0, 7.5
front back
photon_ene: 661.6 photon_theta: 0.287823 photon_phi: 4.883
traject_len: 5.00631
pe_len: 14.4016 cs_len: 3.69745
---
else
front: 0.912493, 0.501144, 2.5
side: 0, 0, 0
front only
else
else
else
else
front: 0, 0, 2.5
side: 0, 0, 0
front only
else
else
else
front: 1.24416, 0, 2.5
side: 0, 0, 0
front only
front: 1.19582, 0, 2.5
side: 0, 0, 0
front only
else
else
front: 0.646129, 1.70588, 2.5
side: 0, 0, 0
front only
else
else
front: 0, 0.916174, 2.5
side: 0, 0, 0
front only
front: 0.0119899, 0, 2.5
back: 0.0359698, 0, 7.5
front back
photon_ene: 661.6 photon_theta: 0.227316 photon_phi: 4.73312
traject_len: 5.00006
pe_len: 66.4178 cs_len: 1.23428
---
else
else
else
else
front: 1.95845, 1.39732, 2.5
side: 0, 0, 0
front only
else
else
else
else
else
else
else
else
else
else
else
else
else
else
else
else
else
front: 0, 0, 2.5
side: 0, 0, 0
front only
front: 1.85003, 0, 2.5
side: 0, 0, 0
front only
else
else
else
else
front: 0.952385, 0, 2.5
side: 0, 0, 0
front only
front: 1.03436, 0, 2.5
side: 0, 0, 0
front only
else
else
else
else
front: 0, 2.19813, 2.5
side: 0, 0, 0
front only
front: 0, 0.124351, 2.5
back: 0, 0.373054, 7.5
front back
photon_ene: 661.6 photon_theta: 3.09068 photon_phi: 4.93127
traject_len: 5.00618
pe_len: 10.2704 cs_len: 2.44471
---
front: 0, 1.64617, 2.5
side: 0, 0, 0
front only
front: 0, 0, 2.5
side: 0, 0, 0
front only
else
else
else
else
else
else
else
else
else
else
front: 0, 0.190258, 2.5
side: 0, 0, 0
front only
else
else
else
front: 1.49968, 0.293841, 2.5
side: 0, 0, 0
front only
else
front: 0, 2.42464, 2.5
side: 0, 0, 0
front only
else
front: 0.537789, 0.68776, 2.5
side: 0, 0, 0
front only
front: 0, 0.700129, 2.5
back: 0, 2.10039, 7.5
front back
photon_ene: 661.6 photon_theta: 2.84844 photon_phi: 5.09471
traject_len: 5.19237
pe_len: 14.4309 cs_len: 2.82083
---
else
else
else
else
else
else
front: 0.202274, 1.86532, 2.5
side: 0, 0, 0
front only
front: 0, 0.450766, 2.5
side: 0, 0, 0
front only
front: 0.618849, 0, 2.5
side: 0, 0, 0
front only
front: 0.495833, 1.22611, 2.5
side: 0, 0, 0
front only
else
front: 0, 0.823906, 2.5
side: 0, 0, 0
front only
else
else
else
else
front: 0, 1.40244, 2.5
side: 0, 0, 0
front only
else
else
else
else
front: 0, 0.044989, 2.5
back: 0, 0.134967, 7.5
front back
photon_ene: 661.6 photon_theta: 0.0912172 photon_phi: 2.94357
traject_len: 5.00081
pe_len: 33.4171 cs_len: 6.82175
---
front: 1.60259, 0, 2.5
side: 0, 0, 0
front only
else
else
else
else
front: 0, 0, 2.5
side: 0, 0, 0
front only
else
else
else
else
else
else
else
front: 0.141507, 1.72879, 2.5
side: 0, 0, 0
front only
else
else
else
else
else
else
front: 0, 0, 2.5
side: 0, 0, 0
front only
else
else
else
else
else
else
front: 0, 0, 2.5
side: 0, 0, 0
front only
else
else
front: 1.0373, 0, 2.5
side: 0, 0, 0
front only
else
else
else
front: 0, 0, 2.5
back: 0, 0, 7.5
front back
photon_ene: 661.6 photon_theta: 0.207737 photon_phi: 3.23611
traject_len: 5
pe_len: 1.43499 cs_len: 6.45239
---
front: 1.03982, 1.9032, 2.5
side: 0, 0, 0
front only
front: 0.205738, 0.890137, 2.5
side: 0, 0, 0
front only
else
else
else
else
else
else
else
else
else
else
else
front: 0.621509, 0, 2.5
side: 0, 0, 0
front only
else
else
front: 0, 1.1769, 2.5
side: 0, 0, 0
front only
front: 0, 0, 2.5
side: 0, 0, 0
front only
else
else
front: 1.39307, 2.03424, 2.5
side: 0, 0, 0
front only
else
else
else
front: 1.5846, 0, 2.5
side: 0, 0, 0
front only
else
else
else
else
else
else
else
else
front: 0.644433, 0.745811, 2.5
side: 0, 0, 0
front only
else
else
else
else
else
else
else
else
else
else
else
else
else
else
front: 0, 0, 2.5
back: 0, 0, 7.5
front back
photon_ene: 661.6 photon_theta: 0.207773 photon_phi: 4.31665
traject_len: 5
pe_len: 41.005 cs_len: 1.45673
---
front: 0, 1.41118, 2.5
side: 0, 0, 0
front only
else
else
else
else
else
else
else
else
front: 0, 0.409714, 2.5
side: 0, 0, 0
front only
front: 0.0548048, 1.75941, 2.5
side: 0, 0, 0
front only
else
front: 2.13523, 0.589254, 2.5
side: 0, 0, 0
front only
front: 0, 1.27823, 2.5
side: 0, 0, 0
front only
else
else
else
else
front: 0, 0, 2.5
side: 0, 0, 0
front only
else
else
front: 0, 0.720881, 2.5
side: 0, 0, 0
front only
else
front: 0, 0, 2.5
side: 0, 0, 0
front only
front: 0, 1.51838, 2.5
side: 0, 0, 0
front only
else
front: 0, 0, 2.5
side: 0, 0, 0
front only
else
else
front: 0, 0, 2.5
side: 0, 0, 0
front only
else
else
else
else
else
else
front: 0, 0.825066, 2.5
side: 0, 0, 0
front only
else
else
else
front: 0, 0, 2.5
side: 0, 0, 0
front only
else
else
else
else
front: 0, 0.57889, 2.5
side: 0, 0, 0
front only
front: 2.2527, 0.166996, 2.5
side: 0, 0, 0
front only
else
else
front: 0.0830174, 0, 2.5
side: 0, 0, 0
front only
front: 0, 0.364675, 2.5
side: 0, 0, 0
front only
else
front: 2.04154, 0.00453078, 2.5
side: 0, 0, 0
front only
front: 0, 0, 2.5
side: 0, 0, 0
front only
front: 0.426026, 0, 2.5
back: 1.27808, 0, 7.5
front back
photon_ene: 661.6 photon_theta: 2.96376 photon_phi: 2.8182
traject_len: 5.07208
pe_len: 20.9666 cs_len: 4.42343
---
else
else
else
else
else
else
else
front: 0.782429, 0.999374, 2.5
side: 0, 0, 0
front only
front: 0, 0.390052, 2.5
side: 0, 0, 0
front only
else
else
front: 0.11431, 0, 2.5
back: 0.342931, 0, 7.5
front back
photon_ene: 661.6 photon_theta: 3.03083 photon_phi: 1.99449
traject_len: 5.00522
pe_len: 19.7867 cs_len: 8.36461
---
else
else
else
else
else
else
front: 0.415723, 1.23278, 2.5
side: 0, 0, 0
front only
front: 0, 0.103579, 2.5
side: 0, 0, 0
front only
else
else
else
else
front: 0, 0.638521, 2.5
back: 0, 1.91556, 7.5
front back
photon_ene: 661.6 photon_theta: 2.82553 photon_phi: 5.38689
traject_len: 5.16051
pe_len: 54.812 cs_len: 1.52577
---
else
else
else
front: 1.64808, 0, 2.5
side: 0, 0, 0
front only
else
front: 1.87032, 0.590825, 2.5
side: 0, 0, 0
front only
else
else
else
front: 0, 1.71553, 2.5
side: 0, 0, 0
front only
else
else
front: 0, 1.35401, 2.5
side: 0, 0, 0
front only
else
else
else
front: 0.0574166, 0.481224, 2.5
back: 0.17225, 1.44367, 7.5
front back
photon_ene: 661.6 photon_theta: 0.19148 photon_phi: 1.45204
traject_len: 5.09308
pe_len: 9.85983 cs_len: 3.70327
---
else
else
else
front: 0, 1.00232, 2.5
side: 0, 0, 0
front only
else
else
else
front: 0, 0, 2.5
side: 0, 0, 0
front only
front: 0.970346, 0, 2.5
side: 0, 0, 0
front only
front: 0.211385, 2.46007, 2.5
side: 0, 0, 0
front only
else
front: 0, 2.0123, 2.5
side: 0, 0, 0
front only
front: 1.30033, 0, 2.5
side: 0, 0, 0
front only
front: 1.723, 0.354913, 2.5
side: 0, 0, 0
front only
else
else
front: 0.434663, 1.95239, 2.5
side: 0, 0, 0
front only
else
front: 0, 1.61373, 2.5
side: 0, 0, 0
front only
else
else
else
else
front: 0, 1.52278, 2.5
side: 0, 0, 0
front only
else
else
else
else
else
front: 0.221756, 0, 2.5
back: 0.665269, 0, 7.5
front back
photon_ene: 661.6 photon_theta: 3.05288 photon_phi: 3.06717
traject_len: 5.01963
pe_len: 129.247 cs_len: 7.26534
---
else
else
else
front: 0, 0, 2.5
back: 0, 0, 7.5
front back
photon_ene: 661.6 photon_theta: 2.89335 photon_phi: 1.55157
traject_len: 5
pe_len: 13.7751 cs_len: 2.68185
---
front: 0, 0, 2.5
back: 0, 0, 7.5
front back
photon_ene: 661.6 photon_theta: 2.92105 photon_phi: 0.0183211
traject_len: 5
pe_len: 10.9453 cs_len: 4.17935
---
front: 0, 2.20938, 2.5
side: 0, 0, 0
front only
else
else
else
else
else
else
else
else
else
front: 0, 0, 2.5
side: 0, 0, 0
front only
front: 0, 0.148059, 2.5
side: 0, 0, 0
front only
else
front: 1.01867, 0, 2.5
side: 0, 0, 0
front only
else
front: 1.02065, 0, 2.5
side: 0, 0, 0
front only
else
else
else
else
else
else
else
else
else
else
front: 0.570257, 0, 2.5
side: 0, 0, 0
front only
front: 0, 0.0440453, 2.5
side: 0, 0, 0
front only
else
else
else
else
else
else
front: 0, 1.37797, 2.5
side: 0, 0, 0
front only
else
else
else
front: 0.706091, 0, 2.5
side: 0, 0, 0
front only
else
front: 0.416092, 1.50403, 2.5
side: 0, 0, 0
front only
else
else
else
else
front: 0, 0.181214, 2.5
back: 0, 0.543641, 7.5
front back
photon_ene: 661.6 photon_theta: 3.0159 photon_phi: 5.67222
traject_len: 5.01312
pe_len: 2.67674 cs_len: 6.27338
---
front: 1.37423, 0, 2.5
side: 0, 0, 0
front only
else
else
front: 1.78033, 0, 2.5
side: 0, 0, 0
front only
front: 0.436565, 0, 2.5
side: 0, 0, 0
front only
front: 0, 0.229859, 2.5
side: 0, 0, 0
front only
else
else
else
front: 0, 0, 2.5
side: 0, 0, 0
front only
else
else
else
front: 0.75629, 0, 2.5
side: 0, 0, 0
front only
else
else
else
else
else
else
else
else
else
front: 0, 1.04103, 2.5
side: 0, 0, 0
front only
else
front: 0.314748, 1.42429, 2.5
side: 0, 0, 0
front only
else
else
else
else
else
else
else
else
else
else
front: 0, 0, 2.5
side: 0, 0, 0
front only
else
else
else
else
front: 0, 1.51727, 2.5
side: 0, 0, 0
front only
else
front: 1.11416, 2.14487, 2.5
side: 0, 0, 0
front only
else
else
else
else
else
else
else
else
else
front: 0.132381, 0.0169163, 2.5
back: 0.397143, 0.050749, 7.5
front back
photon_ene: 661.6 photon_theta: 0.0533323 photon_phi: 0.127096
traject_len: 5.00712
pe_len: 22.4325 cs_len: 0.581637
---
else
front: 0, 0.0699019, 2.5
back: 0, 0.209706, 7.5
front back
photon_ene: 661.6 photon_theta: 2.87222 photon_phi: 6.18173
traject_len: 5.00195
pe_len: 26.0664 cs_len: 2.68959
---
else
else
else
front: 0.242774, 0.721105, 2.5
back: 0.728321, 2.16332, 7.5
front back
photon_ene: 661.6 photon_theta: 0.295443 photon_phi: 1.24605
traject_len: 5.22645
pe_len: 1.79945 cs_len: 0.0984289
---
else
else
front: 0, 0, 2.5
side: 0, 0, 0
front only
front: 0, 0, 2.5
side: 0, 0, 0
front only
front: 0.127293, 1.25024, 2.5
side: 0, 0, 0
front only
else
else
else
else
else
else
else
else
else
else
else
else
else
else
front: 0, 0, 2.5
side: 0, 0, 0
front only
else
front: 1.33894, 0, 2.5
side: 0, 0, 0
front only
else
else
else
front: 1.81845, 0, 2.5
side: 0, 0, 0
front only
else
front: 2.11474, 0.150573, 2.5
side: 0, 0, 0
front only
front: 0.999637, 0.795424, 2.5
side: 0, 0, 0
front only
front: 0, 0, 2.5
side: 0, 0, 0
front only
front: 1.4652, 0.980511, 2.5
side: 0, 0, 0
front only
front: 0.548026, 0.989526, 2.5
side: 0, 0, 0
front only
else
front: 0, 1.89632, 2.5
side: 0, 0, 0
front only
else
else
else
front: 0.964028, 0.606984, 2.5
side: 0, 0, 0
front only
front: 0.0125804, 0, 2.5
side: 0, 0, 0
front only
else
else
else
else
else
else
else
else
front: 1.46001, 0.368214, 2.5
side: 0, 0, 0
front only
else
else
else
front: 0.815537, 1.27073, 2.5
side: 0, 0, 0
front only
front: 0, 1.46563, 2.5
side: 0, 0, 0
front only
else
else
front: 0, 0, 2.5
side: 0, 0, 0
front only
front: 0, 0.495637, 2.5
side: 0, 0, 0
front only
else
else
else
front: 0, 0.322756, 2.5
side: 0, 0, 0
front only
else
else
front: 0.692447, 0, 2.5
back: 2.07734, 0, 7.5
front back
photon_ene: 661.6 photon_theta: 2.84866 photon_phi: 2.73461
traject_len: 5.18825
pe_len: 31.3297 cs_len: 0.519855
---
else
else
else
else
else
else
else
front: 0.317923, 0, 2.5
back: 0.953769, 0, 7.5
front back
photon_ene: 661.6 photon_theta: 0.13257 photon_phi: 5.97749
traject_len: 5.04027
pe_len: 15.8021 cs_len: 2.34676
---
else
else
front: 0.261075, 1.48858, 2.5
side: 0, 0, 0
front only
front: 1.26402, 0, 2.5
side: 0, 0, 0
front only
else
else
else
else
front: 1.63828, 1.71765, 2.5
side: 0, 0, 0
front only
else
front: 0, 1.6238, 2.5
side: 0, 0, 0
front only
else
front: 0.703116, 1.07143, 2.5
side: 0, 0, 0
front only
else
else
else
front: 0, 2.44102, 2.5
side: 0, 0, 0
front only
else
front: 0, 0.143006, 2.5
back: 0, 0.429018, 7.5
front back
photon_ene: 661.6 photon_theta: 0.255402 photon_phi: 2.92072
traject_len: 5.00817
pe_len: 31.1572 cs_len: 4.54934
---
else
else
else
else
front: 2.18236, 0.437603, 2.5
side: 0, 0, 0
front only
else
else
else
else
else
else
else
else
front: 0.766527, 0.960644, 2.5
side: 0, 0, 0
front only
else
else
else
else
else
else
front: 0.310418, 0, 2.5
side: 0, 0, 0
front only
front: 0, 0, 2.5
side: 0, 0, 0
front only
else
else
else
else
front: 0, 0.509345, 2.5
back: 0, 1.52803, 7.5
front back
photon_ene: 661.6 photon_theta: 2.84905 photon_phi: 5.54025
traject_len: 5.10272
pe_len: 16.6235 cs_len: 0.716344
---
else
front: 0, 1.89832, 2.5
side: 0, 0, 0
front only
else
else
else
else
else
else
else
else
else
else
else
front: 0, 0, 2.5
back: 0, 0, 7.5
front back
photon_ene: 661.6 photon_theta: 2.92452 photon_phi: 0.365842
traject_len: 5
pe_len: 0.902757 cs_len: 2.67002
---
else
else
else
else
else
else
else
front: 1.15939, 0.0559098, 2.5
side: 0, 0, 0
front only
front: 2.14649, 0.854466, 2.5
side: 0, 0, 0
front only
else
else
else
front: 0.0728655, 1.73262, 2.5
side: 0, 0, 0
front only
else
else
front: 1.3974, 0, 2.5
side: 0, 0, 0
front only
else
else
else
else
else
else
else
else
front: 0, 0, 2.5
back: 0, 0, 7.5
front back
photon_ene: 661.6 photon_theta: 0.180484 photon_phi: 3.8108
traject_len: 5
pe_len: 56.5571 cs_len: 2.09236
---
else
else
else
else
else
else
else
front: 0, 1.20791, 2.5
side: 0, 0, 0
front only
front: 0.805151, 0, 2.5
back: 2.41545, 0, 7.5
front back
photon_ene: 661.6 photon_theta: 2.82866 photon_phi: 3.04502
traject_len: 5.25291
pe_len: 10.0167 cs_len: 12.2628
---
else
else
else
else
else
else
else
front: 0, 1.67351, 2.5
side: 0, 0, 0
front only
else
else
else
else
else
front: 0.846857, 0, 2.5
side: 0, 0, 0
front only
else
else
front: 1.08059, 0.280502, 2.5
side: 0, 0, 0
front only
else
else
else
else
else
front: 0, 0, 2.5
side: 0, 0, 0
front only
front: 0, 0.409267, 2.5
side: 0, 0, 0
front only
else
else
front: 0.134583, 1.1126, 2.5
side: 0, 0, 0
front only
else
else
else
else
else
front: 0.884869, 0.422428, 2.5
side: 0, 0, 0
front only
else
front: 0, 0.948676, 2.5
side: 0, 0, 0
front only
else
else
else
front: 1.42995, 1.64054, 2.5
side: 0, 0, 0
front only
front: 0, 0, 2.5
side: 0, 0, 0
front only
else
else
else
front: 0, 1.48769, 2.5
side: 0, 0, 0
front only
else
front: 0, 0.0868129, 2.5
back: 0, 0.260439, 7.5
front back
photon_ene: 661.6 photon_theta: 0.183276 photon_phi: 2.95314
traject_len: 5.00301
pe_len: 72.7924 cs_len: 6.90713
---
else
front: 0, 1.01934, 2.5
side: 0, 0, 0
front only
else
else
else
else
else
front: 0.153343, 0, 2.5
side: 0, 0, 0
front only
else
else
front: 0, 1.10051, 2.5
side: 0, 0, 0
front only
front: 0, 0, 2.5
side: 0, 0, 0
front only
else
front: 1.29277, 0, 2.5
side: 0, 0, 0
front only
else
else
else
else
else
else
else
front: 0.510317, 2.00128, 2.5
side: 0, 0, 0
front only
else
else
else
front: 0, 1.65803, 2.5
side: 0, 0, 0
front only
else
else
else
else
front: 1.27063, 0, 2.5
side: 0, 0, 0
front only
else
else
else
front: 0, 0.512034, 2.5
back: 0, 1.5361, 7.5
front back
photon_ene: 661.6 photon_theta: 0.2309 photon_phi: 2.08395
traject_len: 5.10379
pe_len: 74.6761 cs_len: 0.785958
---
else
front: 0.215652, 0, 2.5
side: 0, 0, 0
front only
front: 0, 1.00963, 2.5
side: 0, 0, 0
front only
front: 1.31804, 0, 2.5
side: 0, 0, 0
front only
front: 0.350856, 1.15908, 2.5
side: 0, 0, 0
front only
front: 0, 0.880529, 2.5
side: 0, 0, 0
front only
else
else
else
front: 2.23324, 0, 2.5
side: 0, 0, 0
front only
else
else
front: 1.55907, 0.466436, 2.5
side: 0, 0, 0
front only
else
else
else
front: 0, 0, 2.5
side: 0, 0, 0
front only
front: 0, 0.174914, 2.5
back: 0, 0.524741, 7.5
front back
photon_ene: 661.6 photon_theta: 0.280428 photon_phi: 2.89622
traject_len: 5.01222
pe_len: 59.5344 cs_len: 5.68228
---
else
else
front: 0, 0, 2.5
side: 0, 0, 0
front only
else
front: 0, 0, 2.5
side: 0, 0, 0
front only
else
else
front: 0.0583801, 0, 2.5
side: 0, 0, 0
front only
else
front: 0.436298, 1.05255, 2.5
side: 0, 0, 0
front only
else
front: 0.873567, 1.04512, 2.5
side: 0, 0, 0
front only
front: 0, 0, 2.5
side: 0, 0, 0
front only
else
else
else
front: 0.413543, 1.51536, 2.5
side: 0, 0, 0
front only
else
else
else
else
else
else
else
else
front: 0, 0, 2.5
back: 0, 0, 7.5
front back
photon_ene: 661.6 photon_theta: 0.301373 photon_phi: 4.18612
traject_len: 5
pe_len: 62.4418 cs_len: 2.17058
---
else
front: 0.226711, 0, 2.5
side: 0, 0, 0
front only
else
else
else
front: 0, 0, 2.5
side: 0, 0, 0
front only
front: 0, 0, 2.5
side: 0, 0, 0
front only
front: 1.36644, 0, 2.5
side: 0, 0, 0
front only
else
front: 0.528688, 0, 2.5
side: 0, 0, 0
front only
else
else
else
else
else
else
else
else
else
else
front: 0.565912, 0, 2.5
side: 0, 0, 0
front only
front: 0, 0, 2.5
back: 0, 0, 7.5
front back
photon_ene: 661.6 photon_theta: 2.85139 photon_phi: 0.135247
traject_len: 5
pe_len: 47.5435 cs_len: 4.18193
---
else
else
front: 0.606997, 0, 2.5
back: 1.82099, 0, 7.5
front back
photon_ene: 661.6 photon_theta: 2.88483 photon_phi: 2.75118
traject_len: 5.14527
pe_len: 18.0525 cs_len: 6.70186
---
front: 0, 0.915072, 2.5
side: 0, 0, 0
front only
else
else
front: 0.404017, 0.915054, 2.5
side: 0, 0, 0
front only
else
else
else
else
else
else
front: 0.00533056, 0, 2.5
back: 0.0159917, 0, 7.5
front back
photon_ene: 661.6 photon_theta: 2.85404 photon_phi: 1.57801
traject_len: 5.00001
pe_len: 34.735 cs_len: 1.89455
---
else
else
else
else
front: 0.571995, 0, 2.5
side: 0, 0, 0
front only
front: 0.110112, 0.301352, 2.5
back: 0.330335, 0.904056, 7.5
front back
photon_ene: 661.6 photon_theta: 3.01395 photon_phi: 4.36207
traject_len: 5.04101
pe_len: 8.25045 cs_len: 0.984258
---
else
else
else
front: 1.77279, 0.790861, 2.5
side: 0, 0, 0
front only
else
else
else
else
else
else
else
else
else
front: 0, 0.245418, 2.5
back: 0, 0.736254, 7.5
front back
photon_ene: 661.6 photon_theta: 0.102521 photon_phi: 1.87471
traject_len: 5.02403
pe_len: 14.3842 cs_len: 0.282054
---
front: 0, 2.11509, 2.5
side: 0, 0, 0
front only
else
front: 0, 1.27153, 2.5
side: 0, 0, 0
front only
else
front: 0.357091, 0, 2.5
side: 0, 0, 0
front only
else
front: 1.11778, 0, 2.5
side: 0, 0, 0
front only
front: 0.48529, 1.38414, 2.5
side: 0, 0, 0
front only
else
else
else
front: 0.769694, 0.288064, 2.5
back: 2.30908, 0.864192, 7.5
front back
photon_ene: 661.6 photon_theta: 2.82399 photon_phi: 3.49971
traject_len: 5.26323
pe_len: 87.0162 cs_len: 2.47751
---
else
front: 0, 0, 2.5
side: 0, 0, 0
front only
else
else
else
else
front: 0, 0, 2.5
side: 0, 0, 0
front only
else
else
front: 0, 1.2624, 2.5
side: 0, 0, 0
front only
else
else
front: 0, 0.377983, 2.5
back: 0, 1.13395, 7.5
front back
photon_ene: 661.6 photon_theta: 0.191216 photon_phi: 2.24528
traject_len: 5.05683
pe_len: 14.3049 cs_len: 0.958862
---
front: 0, 0, 2.5
side: 0, 0, 0
front only
else
front: 0.46878, 0.0944115, 2.5
back: 1.40634, 0.283235, 7.5
front back
photon_ene: 661.6 photon_theta: 2.9526 photon_phi: 3.34033
traject_len: 5.09065
pe_len: 8.94043 cs_len: 0.258625
---
else
else
else
front: 0, 0, 2.5
back: 0, 0, 7.5
front back
photon_ene: 661.6 photon_theta: 3.03879 photon_phi: 0.724407
traject_len: 5
pe_len: 35.3578 cs_len: 16.7935
---
else
else
front: 1.51897, 1.25077, 2.5
side: 0, 0, 0
front only
front: 0, 0.285308, 2.5
side: 0, 0, 0
front only
front: 0, 1.04846, 2.5
side: 0, 0, 0
front only
else
else
front: 1.39435, 1.24314, 2.5
side: 0, 0, 0
front only
front: 0.825583, 0, 2.5
back: 2.47675, 0, 7.5
front back
photon_ene: 661.6 photon_theta: 0.321611 photon_phi: 6.15012
traject_len: 5.26558
pe_len: 50.1281 cs_len: 3.10882
---
front: 0, 0, 2.5
side: 0, 0, 0
front only
front: 0, 1.02266, 2.5
side: 0, 0, 0
front only
front: 1.59762, 0, 2.5
side: 0, 0, 0
front only
front: 0, 0.969058, 2.5
side: 0, 0, 0
front only
else
else
else
else
front: 0.0427134, 0, 2.5
side: 0, 0, 0
front only
front: 0, 0, 2.5
side: 0, 0, 0
front only
else
else
else
else
else
else
front: 0, 0, 2.5
side: 0, 0, 0
front only
else
else
else
else
else
else
else
else
front: 0.615097, 0.122774, 2.5
back: 1.84529, 0.368321, 7.5
front back
photon_ene: 661.6 photon_theta: 0.245818 photon_phi: 0.197012
traject_len: 5.15497
pe_len: 1.9593 cs_len: 0.921136
---
front: 0.999761, 0, 2.5
side: 0, 0, 0
front only
else
else
front: 1.47355, 1.5791, 2.5
side: 0, 0, 0
front only
else
else
front: 0, 0.262926, 2.5
side: 0, 0, 0
front only
else
front: 0.123499, 0.931354, 2.5
side: 0, 0, 0
front only
else
else
else
front: 0.898333, 0.459895, 2.5
side: 0, 0, 0
front only
else
else
else
else
front: 1.30753, 0, 2.5
side: 0, 0, 0
front only
else
else
else
front: 0, 0, 2.5
side: 0, 0, 0
front only
else
else
else
else
front: 0.861109, 1.20913, 2.5
side: 0, 0, 0
front only
else
else
else
else
else
else
else
else
else
else
else
else
front: 0, 0, 2.5
side: 0, 0, 0
front only
else
front: 0.310464, 0, 2.5
side: 0, 0, 0
front only
front: 0, 0, 2.5
side: 0, 0, 0
front only
else
front: 0.953996, 0, 2.5
side: 0, 0, 0
front only
front: 0, 1.44971, 2.5
side: 0, 0, 0
front only
else
else
else
else
else
else
else
else
else
front: 0.921661, 0, 2.5
side: 0, 0, 0
front only
else
else
front: 0.851621, 0, 2.5
side: 0, 0, 0
front only
else
else
else
else
else
else
else
else
else
front: 0.950857, 1.29557, 2.5
side: 0, 0, 0
front only
else
else
else
else
front: 0.590545, 0, 2.5
back: 1.77164, 0, 7.5
front back
photon_ene: 661.6 photon_theta: 0.242061 photon_phi: 5.98792
traject_len: 5.1376
pe_len: 21.824 cs_len: 3.20726
---
else
front: 0, 1.74676, 2.5
side: 0, 0, 0
front only
front: 0, 1.17943, 2.5
side: 0, 0, 0
front only
front: 0, 0.553299, 2.5
side: 0, 0, 0
front only
else
else
else
else
front: 1.50705, 0.394523, 2.5
side: 0, 0, 0
front only
else
else
front: 0, 0, 2.5
side: 0, 0, 0
front only
front: 0.756093, 0, 2.5
side: 0, 0, 0
front only
else
else
else
front: 0.352211, 0, 2.5
side: 0, 0, 0
front only
front: 0.90069, 0, 2.5
side: 0, 0, 0
front only
front: 0, 0.301196, 2.5
side: 0, 0, 0
front only
else
else
else
else
else
else
else
else
else
else
front: 0, 0, 2.5
side: 0, 0, 0
front only
else
else
else
else
else
front: 0.391499, 1.36632, 2.5
side: 0, 0, 0
front only
front: 0, 2.13372, 2.5
side: 0, 0, 0
front only
else
else
front: 0, 0.270089, 2.5
back: 0, 0.810266, 7.5
front back
photon_ene: 661.6 photon_theta: 0.313038 photon_phi: 2.80129
traject_len: 5.02909
pe_len: 50.8941 cs_len: 0.270128
---
else
else
else
else
else
front: 0, 0, 2.5
side: 0, 0, 0
front only
else
front: 0, 0, 2.5
side: 0, 0, 0
front only
else
front: 0, 0.46431, 2.5
back: 0, 1.39293, 7.5
front back
photon_ene: 661.6 photon_theta: 2.83693 photon_phi: 5.65135
traject_len: 5.0855
pe_len: 31.5485 cs_len: 3.00283
---
front: 2.13578, 1.2908, 2.5
side: 0, 0, 0
front only
else
front: 0, 1.62323, 2.5
side: 0, 0, 0
front only
else
front: 1.86897, 0, 2.5
side: 0, 0, 0
front only
front: 1.65865, 0, 2.5
side: 0, 0, 0
front only
else
front: 1.09828, 0, 2.5
side: 0, 0, 0
front only
else
front: 0.318931, 0, 2.5
side: 0, 0, 0
front only
else
else
else
else
else
else
else
else
front: 1.36789, 1.66639, 2.5
side: 0, 0, 0
front only
else
front: 0, 0, 2.5
side: 0, 0, 0
front only
else
front: 0, 0.932143, 2.5
side: 0, 0, 0
front only
front: 0, 0, 2.5
side: 0, 0, 0
front only
front: 0, 0, 2.5
back: 0, 0, 7.5
front back
photon_ene: 661.6 photon_theta: 0.227934 photon_phi: 3.36353
traject_len: 5
pe_len: 51.7047 cs_len: 1.03635
---
else
else
else
else
else
else
else
else
else
front: 1.26351, 0.244267, 2.5
side: 0, 0, 0
front only
else
else
else
else
front: 0.405928, 0, 2.5
back: 1.21778, 0, 7.5
front back
photon_ene: 661.6 photon_theta: 0.192881 photon_phi: 5.69393
traject_len: 5.06548
pe_len: 45.1432 cs_len: 11.8609
---
else
else
else
front: 0, 1.07619, 2.5
side: 0, 0, 0
front only
else
else
else
else
front: 0, 0.903716, 2.5
side: 0, 0, 0
front only
front: 0, 1.64709, 2.5
side: 0, 0, 0
front only
else
else
front: 1.28679, 0, 2.5
side: 0, 0, 0
front only
else
front: 0, 1.97681, 2.5
side: 0, 0, 0
front only
else
else
else
front: 0, 0, 2.5
side: 0, 0, 0
front only
else
else
else
else
front: 0, 0, 2.5
side: 0, 0, 0
front only
else
front: 0, 0.462073, 2.5
side: 0, 0, 0
front only
front: 0, 0.952505, 2.5
side: 0, 0, 0
front only
else
front: 0, 0.695897, 2.5
side: 0, 0, 0
front only
else
front: 0, 0, 2.5
side: 0, 0, 0
front only
else
else
else
front: 0, 0.782578, 2.5
back: 0, 2.34773, 7.5
front back
photon_ene: 661.6 photon_theta: 0.303805 photon_phi: 1.6261
traject_len: 5.23925
pe_len: 57.3522 cs_len: 6.97275
---
front: 0, 0, 2.5
side: 0, 0, 0
front only
front: 0, 0, 2.5
side: 0, 0, 0
front only
else
else
else
else
front: 0, 1.67419, 2.5
side: 0, 0, 0
front only
else
front: 0.225203, 0, 2.5
side: 0, 0, 0
front only
else
else
else
else
else
else
else
else
front: 1.48109, 0.387485, 2.5
side: 0, 0, 0
front only
front: 0, 0, 2.5
side: 0, 0, 0
front only
else
front: 0, 0.376289, 2.5
side: 0, 0, 0
front only
else
else
front: 0, 0, 2.5
side: 0, 0, 0
front only
else
front: 0, 0, 2.5
back: 0, 0, 7.5
front back
photon_ene: 661.6 photon_theta: 0.274334 photon_phi: 4.32798
traject_len: 5
pe_len: 20.1942 cs_len: 0.619626
---
else
front: 0.246572, 1.2143, 2.5
side: 0, 0, 0
front only
else
else
else
front: 0, 0.076955, 2.5
back: 0, 0.230865, 7.5
front back
photon_ene: 661.6 photon_theta: 2.87253 photon_phi: 6.17132
traject_len: 5.00237
pe_len: 5.92495 cs_len: 4.17447
---
else
front: 0, 0, 2.5
side: 0, 0, 0
front only
else
else
front: 0.0632873, 2.43212, 2.5
side: 0, 0, 0
front only
front: 0.818539, 1.26124, 2.5
side: 0, 0, 0
front only
else
else
else
else
else
front: 0, 0.473679, 2.5
side: 0, 0, 0
front only
else
else
front: 0, 0.852168, 2.5
side: 0, 0, 0
front only
else
else
else
else
else
else
front: 0, 0, 2.5
side: 0, 0, 0
front only
else
else
front: 0, 0, 2.5
side: 0, 0, 0
front only
front: 0, 0.370477, 2.5
side: 0, 0, 0
front only
front: 1.11991, 0, 2.5
side: 0, 0, 0
front only
else
else
front: 0, 0, 2.5
back: 0, 0, 7.5
front back
photon_ene: 661.6 photon_theta: 0.313422 photon_phi: 3.52627
traject_len: 5
pe_len: 41.6627 cs_len: 1.47855
---
else
front: 1.52374, 0, 2.5
side: 0, 0, 0
front only
else
else
front: 0, 0, 2.5
side: 0, 0, 0
front only
front: 0.428517, 0.443638, 2.5
back: 1.28555, 1.33091, 7.5
front back
photon_ene: 661.6 photon_theta: 0.241889 photon_phi: 0.802734
traject_len: 5.14993
pe_len: 32.5094 cs_len: 5.57789
---
else
else
else
front: 0, 2.30216, 2.5
side: 0, 0, 0
front only
front: 1.05041, 1.90939, 2.5
side: 0, 0, 0
front only
front: 0.994346, 0, 2.5
side: 0, 0, 0
front only
front: 0.0878986, 1.24115, 2.5
side: 0, 0, 0
front only
else
else
else
else
else
else
else
front: 0.569851, 0, 2.5
back: 1.70955, 0, 7.5
front back
photon_ene: 661.6 photon_theta: 0.235185 photon_phi: 5.96968
traject_len: 5.12825
pe_len: 21.7667 cs_len: 3.83138
---
front: 0.619306, 0, 2.5
side: 0, 0, 0
front only
front: 1.26399, 2.14595, 2.5
side: 0, 0, 0
front only
else
else
else
else
else
else
else
else
else
else
else
else
else
front: 0, 1.0837, 2.5
side: 0, 0, 0
front only
front: 0, 0, 2.5
side: 0, 0, 0
front only
else
else
else
else
else
else
else
else
front: 1.31331, 0.576216, 2.5
side: 0, 0, 0
front only
else
front: 0, 0, 2.5
side: 0, 0, 0
front only
else
else
front: 0, 2.32241, 2.5
side: 0, 0, 0
front only
else
else
else
else
else
else
front: 0.50917, 0, 2.5
side: 0, 0, 0
front only
else
front: 0.633667, 2.0758, 2.5
side: 0, 0, 0
front only
else
else
else
front: 0, 0, 2.5
side: 0, 0, 0
front only
front: 0.0550091, 0.104781, 2.5
back: 0.165027, 0.314344, 7.5
front back
photon_ene: 661.6 photon_theta: 3.09429 photon_phi: 4.22895
traject_len: 5.0056
pe_len: 13.4197 cs_len: 1.61059
---
else
else
else
else
else
else
else
else
else
else
else
else
else
else
else
else
else
else
else
else
else
else
else
else
else
front: 0, 0, 2.5
side: 0, 0, 0
front only
else
else
front: 0, 1.09229, 2.5
side: 0, 0, 0
front only
else
else
else
else
else
front: 0.482248, 0, 2.5
back: 1.44675, 0, 7.5
front back
photon_ene: 661.6 photon_theta: 2.93592 photon_phi: 2.75083
traject_len: 5.09218
pe_len: 4.10747 cs_len: 3.25679
---
else
else
else
else
else
else
else
front: 0.449492, 1.95137, 2.5
side: 0, 0, 0
front only
else
front: 1.11205, 0, 2.5
side: 0, 0, 0
front only
else
else
else
else
front: 0.310586, 0.571829, 2.5
back: 0.931759, 1.71549, 7.5
front back
photon_ene: 661.6 photon_theta: 0.254642 photon_phi: 1.07323
traject_len: 5.16661
pe_len: 88.966 cs_len: 10.8691
---
else
front: 0.425354, 0, 2.5
back: 1.27606, 0, 7.5
front back
photon_ene: 661.6 photon_theta: 2.83604 photon_phi: 2.14052
traject_len: 5.07185
pe_len: 5.7066 cs_len: 1.4435
---
else
else
front: 1.69184, 0.770528, 2.5
side: 0, 0, 0
front only
front: 0, 0, 2.5
side: 0, 0, 0
front only
else
front: 0, 0, 2.5
side: 0, 0, 0
front only
else
else
else
front: 0.690966, 0, 2.5
side: 0, 0, 0
front only
else
else
else
else
front: 0, 1.5495, 2.5
side: 0, 0, 0
front only
front: 0, 0, 2.5
side: 0, 0, 0
front only
front: 0, 2.00295, 2.5
side: 0, 0, 0
front only
front: 0, 0, 2.5
side: 0, 0, 0
front only
else
front: 0, 0, 2.5
back: 0, 0, 7.5
front back
photon_ene: 661.6 photon_theta: 2.87621 photon_phi: 0.522278
traject_len: 5
pe_len: 34.6472 cs_len: 1.61404
---
else
else
front: 2.02613, 0.819943, 2.5
side: 0, 0, 0
front only
else
else
front: 0, 0.638063, 2.5
side: 0, 0, 0
front only
else
else
else
else
front: 1.48565, 1.75985, 2.5
side: 0, 0, 0
front only
else
front: 1.32189, 0.341182, 2.5
side: 0, 0, 0
front only
else
front: 1.22799, 0, 2.5
side: 0, 0, 0
front only
else
else
else
else
front: 0, 1.44978, 2.5
side: 0, 0, 0
front only
front: 0, 0.186441, 2.5
side: 0, 0, 0
front only
else
else
else
else
else
else
else
else
else
front: 0.487597, 0, 2.5
back: 1.46279, 0, 7.5
front back
photon_ene: 661.6 photon_theta: 2.91172 photon_phi: 2.55613
traject_len: 5.09421
pe_len: 61.6078 cs_len: 0.952834
---
front: 0, 0, 2.5
side: 0, 0, 0
front only
else
else
front: 0.802017, 0.341313, 2.5
side: 0, 0, 0
front only
else
else
else
else
else
else
else
else
else
else
else
else
else
else
else
else
else
front: 0, 0, 2.5
back: 0, 0, 7.5
front back
photon_ene: 661.6 photon_theta: 3.00733 photon_phi: 0.0409251
traject_len: 5
pe_len: 36.31 cs_len: 5.13546
---
front: 0, 1.37334, 2.5
side: 0, 0, 0
front only
else
else
else
front: 0, 0.144035, 2.5
side: 0, 0, 0
front only
front: 0, 0, 2.5
side: 0, 0, 0
front only
else
else
else
else
else
else
else
front: 0, 0, 2.5
side: 0, 0, 0
front only
else
front: 0, 0.00846764, 2.5
back: 0, 0.0254029, 7.5
front back
photon_ene: 661.6 photon_theta: 3.13655 photon_phi: 5.54744
traject_len: 5.00003
pe_len: 33.5158 cs_len: 1.42383
---
else
else
else
else
else
else
front: 0, 0, 2.5
side: 0, 0, 0
front only
else
front: 1.39583, 1.61375, 2.5
side: 0, 0, 0
front only
else
front: 1.54139, 0, 2.5
side: 0, 0, 0
front only
else
front: 2.16993, 0.925353, 2.5
side: 0, 0, 0
front only
else
else
else
front: 0.857149, 0.966102, 2.5
side: 0, 0, 0
front only
else
else
front: 0, 0, 2.5
side: 0, 0, 0
front only
else
else
else
else
else
else
else
else
else
else
front: 0, 0.195478, 2.5
side: 0, 0, 0
front only
else
else
else
else
front: 0, 0, 2.5
side: 0, 0, 0
front only
else
else
else
else
else
else
front: 2.14361, 0, 2.5
side: 0, 0, 0
front only
front: 0.011755, 0.974369, 2.5
side: 0, 0, 0
front only
front: 0.792498, 0, 2.5
side: 0, 0, 0
front only
else
else
else
else
else
else
front: 0, 0.446577, 2.5
back: 0, 1.33973, 7.5
front back
photon_ene: 661.6 photon_theta: 0.19409 photon_phi: 2.00128
traject_len: 5.07915
pe_len: 24.1075 cs_len: 24.5474
---
front: 0, 0.870721, 2.5
side: 0, 0, 0
front only
front: 0.257328, 0, 2.5
side: 0, 0, 0
front only
front: 0, 0, 2.5
back: 0, 0, 7.5
front back
photon_ene: 661.6 photon_theta: 2.86129 photon_phi: 1.41406
traject_len: 5
pe_len: 38.7761 cs_len: 3.85545
---
else
else
front: 1.16791, 0, 2.5
side: 0, 0, 0
front only
else
front: 0, 0, 2.5
back: 0, 0, 7.5
front back
photon_ene: 661.6 photon_theta: 2.93636 photon_phi: 0.484321
traject_len: 5
pe_len: 26.161 cs_len: 3.48617
---
else
else
else
else
else
else
front: 1.67588, 0, 2.5
side: 0, 0, 0
front only
front: 0, 0, 2.5
side: 0, 0, 0
front only
else
front: 2.12835, 0, 2.5
side: 0, 0, 0
front only
else
else
else
front: 0, 0, 2.5
side: 0, 0, 0
front only
else
else
front: 0, 0.922794, 2.5
side: 0, 0, 0
front only
else
else
front: 0, 0.511874, 2.5
back: 0, 1.53562, 7.5
front back
photon_ene: 661.6 photon_theta: 2.85868 photon_phi: 5.50175
traject_len: 5.10373
pe_len: 26.6571 cs_len: 1.05152
---
else
else
else
front: 0.216604, 0, 2.5
side: 0, 0, 0
front only
else
front: 0, 0, 2.5
side: 0, 0, 0
front only
else
front: 0, 0, 2.5
side: 0, 0, 0
front only
else
else
else
front: 0, 1.73264, 2.5
side: 0, 0, 0
front only
front: 0, 0.271161, 2.5
side: 0, 0, 0
front only
front: 0.315997, 0.410333, 2.5
back: 0.94799, 1.231, 7.5
front back
photon_ene: 661.6 photon_theta: 2.93732 photon_phi: 4.05615
traject_len: 5.10616
pe_len: 66.5658 cs_len: 2.26717
---
else
else
else
else
else
front: 0.576095, 0, 2.5
back: 1.72828, 0, 7.5
front back
photon_ene: 661.6 photon_theta: 0.24766 photon_phi: 5.85897
traject_len: 5.13104
pe_len: 49.6192 cs_len: 2.16537
---
front: 0, 0, 2.5
back: 0, 0, 7.5
front back
photon_ene: 661.6 photon_theta: 3.02584 photon_phi: 1.20862
traject_len: 5
pe_len: 8.96672 cs_len: 9.44325
---
front: 1.21016, 1.58915, 2.5
side: 0, 0, 0
front only
else
front: 0, 0, 2.5
side: 0, 0, 0
front only
else
else
front: 0, 0, 2.5
back: 0, 0, 7.5
front back
photon_ene: 661.6 photon_theta: 0.281285 photon_phi: 4.35955
traject_len: 5
pe_len: 9.40448 cs_len: 17.7272
---
front: 0.181457, 0, 2.5
side: 0, 0, 0
front only
else
else
else
else
else
else
front: 0, 0, 2.5
back: 0, 0, 7.5
front back
photon_ene: 661.6 photon_theta: 0.277106 photon_phi: 4.24525
traject_len: 5
pe_len: 2.53072 cs_len: 0.862513
---
else
front: 1.48226, 0.904994, 2.5
side: 0, 0, 0
front only
else
else
else
else
else
else
else
else
front: 2.04283, 0, 2.5
side: 0, 0, 0
front only
front: 0.585885, 0, 2.5
side: 0, 0, 0
front only
else
else
else
front: 0.866013, 1.75669, 2.5
side: 0, 0, 0
front only
else
else
front: 0, 0.365391, 2.5
back: 0, 1.09617, 7.5
front back
photon_ene: 661.6 photon_theta: 2.87608 photon_phi: 5.71574
traject_len: 5.05312
pe_len: 78.4147 cs_len: 0.625195
---
else
else
front: 0.383069, 0.583157, 2.5
back: 1.14921, 1.74947, 7.5
front back
photon_ene: 661.6 photon_theta: 0.272163 photon_phi: 0.989594
traject_len: 5.19107
pe_len: 62.0252 cs_len: 4.54139
---
else
else
else
else
else
else
else
else
else
else
else
else
else
else
front: 0, 0.108577, 2.5
side: 0, 0, 0
front only
front: 0.622788, 0, 2.5
back: 1.86836, 0, 7.5
front back
photon_ene: 661.6 photon_theta: 0.260381 photon_phi: 5.92068
traject_len: 5.15281
pe_len: 20.6009 cs_len: 1.8277
---
front: 0.944809, 0, 2.5
side: 0, 0, 0
front only
else
else
front: 0.51415, 1.0099, 2.5
side: 0, 0, 0
front only
else
else
else
else
else
else
front: 0.598692, 0.305323, 2.5
back: 1.79608, 0.91597, 7.5
front back
photon_ene: 661.6 photon_theta: 2.87898 photon_phi: 3.6132
traject_len: 5.17751
pe_len: 10.054 cs_len: 3.4288
---
else
else
else
front: 0, 0.713569, 2.5
side: 0, 0, 0
front only
else
else
front: 0, 0.923296, 2.5
side: 0, 0, 0
front only
else
else
else
else
else
else
else
else
front: 0, 0, 2.5
side: 0, 0, 0
front only
else
else
else
else
front: 0.406486, 0.261193, 2.5
back: 1.21946, 0.78358, 7.5
front back
photon_ene: 661.6 photon_theta: 2.95068 photon_phi: 3.71272
traject_len: 5.09252
pe_len: 2.39159 cs_len: 4.54975
---
else
else
else
else
else
front: 0.959881, 0, 2.5
side: 0, 0, 0
front only
else
front: 0, 0, 2.5
side: 0, 0, 0
front only
front: 0, 0, 2.5
side: 0, 0, 0
front only
else
else
else
else
else
else
else
else
else
else
else
front: 0, 0.128928, 2.5
side: 0, 0, 0
front only
else
else
else
front: 0, 0, 2.5
back: 0, 0, 7.5
front back
photon_ene: 661.6 photon_theta: 2.99482 photon_phi: 0.617993
traject_len: 5
pe_len: 41.3726 cs_len: 3.14543
---
else
front: 1.4306, 0.440166, 2.5
side: 0, 0, 0
front only
front: 2.16633, 0.585275, 2.5
side: 0, 0, 0
front only
else
else
front: 0, 1.11777, 2.5
side: 0, 0, 0
front only
else
else
else
else
else
else
else
front: 0, 0, 2.5
side: 0, 0, 0
front only
front: 2.08775, 0, 2.5
side: 0, 0, 0
front only
else
front: 0.819603, 2.13382, 2.5
side: 0, 0, 0
front only
else
else
else
else
else
else
else
else
else
else
else
else
else
front: 0.319826, 1.06705, 2.5
side: 0, 0, 0
front only
front: 0, 0, 2.5
side: 0, 0, 0
front only
else
else
else
else
else
else
front: 0, 0, 2.5
back: 0, 0, 7.5
front back
photon_ene: 661.6 photon_theta: 2.84145 photon_phi: 0.99758
traject_len: 5
pe_len: 24.3015 cs_len: 6.0267
---
front: 0, 0, 2.5
side: 0, 0, 0
front only
else
else
else
else
else
front: 0, 0.08381, 2.5
back: 0, 0.25143, 7.5
front back
photon_ene: 661.6 photon_theta: 2.93445 photon_phi: 6.12298
traject_len: 5.00281
pe_len: 52.7993 cs_len: 0.203607
---
else
else
else
front: 0, 0.819556, 2.5
side: 0, 0, 0
front only
else
else
else
else
else
else
else
front: 1.48698, 0, 2.5
side: 0, 0, 0
front only
else
else
front: 0, 0.0923152, 2.5
side: 0, 0, 0
front only
else
front: 1.78507, 0.209921, 2.5
side: 0, 0, 0
front only
else
front: 0, 0, 2.5
side: 0, 0, 0
front only
else
front: 0, 0, 2.5
back: 0, 0, 7.5
front back
photon_ene: 661.6 photon_theta: 2.83327 photon_phi: 0.213832
traject_len: 5
pe_len: 3.90383 cs_len: 1.3454
---
else
else
front: 0, 0.657196, 2.5
back: 0, 1.97159, 7.5
front back
photon_ene: 661.6 photon_theta: 0.308099 photon_phi: 2.16952
traject_len: 5.16988
pe_len: 59.5293 cs_len: 0.337146
---
else
else
else
else
else
else
else
else
else
else
else
else
front: 0, 0, 2.5
side: 0, 0, 0
front only
else
else
else
front: 0, 0, 2.5
side: 0, 0, 0
front only
else
else
else
else
else
else
front: 0, 0.615489, 2.5
side: 0, 0, 0
front only
front: 1.26879, 0, 2.5
side: 0, 0, 0
front only
else
else
else
else
front: 1.78266, 0, 2.5
side: 0, 0, 0
front only
else
front: 2.2603, 0, 2.5
side: 0, 0, 0
front only
else
else
else
else
front: 0, 0.48044, 2.5
side: 0, 0, 0
front only
front: 0, 0, 2.5
side: 0, 0, 0
front only
else
else
front: 0.541851, 0, 2.5
side: 0, 0, 0
front only
else
else
front: 0, 0, 2.5
side: 0, 0, 0
front only
else
front: 0.588785, 0, 2.5
side: 0, 0, 0
front only
front: 0, 0.693907, 2.5
side: 0, 0, 0
front only
else
front: 0, 0.205517, 2.5
side: 0, 0, 0
front only
else
front: 1.16485, 0.865103, 2.5
side: 0, 0, 0
front only
front: 0, 0.483744, 2.5
back: 0, 1.45123, 7.5
front back
photon_ene: 661.6 photon_theta: 0.20974 photon_phi: 2.00073
traject_len: 5.09274
pe_len: 17.6453 cs_len: 8.44579
---
else
else
else
front: 0, 0, 2.5
back: 0, 0, 7.5
front back
photon_ene: 661.6 photon_theta: 0.177567 photon_phi: 3.25319
traject_len: 5
pe_len: 85.0711 cs_len: 11.2362
---
else
else
else
front: 0.881313, 0, 2.5
side: 0, 0, 0
front only
else
else
front: 0.412891, 1.24587, 2.5
side: 0, 0, 0
front only
front: 0.40672, 0, 2.5
side: 0, 0, 0
front only
else
else
else
front: 0.528362, 0, 2.5
side: 0, 0, 0
front only
else
front: 0, 0, 2.5
side: 0, 0, 0
front only
else
else
else
else
else
else
else
front: 0.326644, 0.620454, 2.5
back: 0.979932, 1.86136, 7.5
front back
photon_ene: 661.6 photon_theta: 0.273448 photon_phi: 1.08621
traject_len: 5.19294
pe_len: 146.267 cs_len: 2.19857
---
else
else
front: 1.20112, 0.77567, 2.5
side: 0, 0, 0
front only
else
front: 0.599827, 0, 2.5
side: 0, 0, 0
front only
else
else
front: 0, 1.57927, 2.5
side: 0, 0, 0
front only
else
front: 0, 1.97514, 2.5
side: 0, 0, 0
front only
else
else
else
else
else
else
front: 0, 2.25032, 2.5
side: 0, 0, 0
front only
front: 0, 0, 2.5
back: 0, 0, 7.5
front back
photon_ene: 661.6 photon_theta: 2.91393 photon_phi: 0.546332
traject_len: 5
pe_len: 15.7149 cs_len: 0.184653
---
else
else
else
else
else
else
else
else
else
else
front: 0.47317, 0, 2.5
side: 0, 0, 0
front only
else
else
front: 1.41565, 0.635884, 2.5
side: 0, 0, 0
front only
else
front: 0, 1.4716, 2.5
side: 0, 0, 0
front only
else
front: 0.482124, 0, 2.5
back: 1.44637, 0, 7.5
front back
photon_ene: 661.6 photon_theta: 0.194469 photon_phi: 6.07857
traject_len: 5.09213
pe_len: 7.63591 cs_len: 0.49855
---
front: 0, 0, 2.5
back: 0, 0, 7.5
front back
photon_ene: 661.6 photon_theta: 0.109891 photon_phi: 3.37292
traject_len: 5
pe_len: 27.6554 cs_len: 2.283
---
else
else
front: 0, 0, 2.5
side: 0, 0, 0
front only
front: 1.363, 1.6082, 2.5
side: 0, 0, 0
front only
else
else
else
else
front: 0, 0, 2.5
side: 0, 0, 0
front only
else
else
front: 0, 0.535216, 2.5
back: 0, 1.60565, 7.5
front back
photon_ene: 661.6 photon_theta: 2.85967 photon_phi: 5.45137
traject_len: 5.1133
pe_len: 20.625 cs_len: 0.469542
---
else
front: 0, 0, 2.5
back: 0, 0, 7.5
front back
photon_ene: 661.6 photon_theta: 0.110548 photon_phi: 3.69759
traject_len: 5
pe_len: 27.5131 cs_len: 6.48189
---
else
front: 1.67046, 0, 2.5
side: 0, 0, 0
front only
else
front: 0, 0.911344, 2.5
side: 0, 0, 0
front only
front: 1.69201, 0, 2.5
side: 0, 0, 0
front only
else
front: 0, 0, 2.5
side: 0, 0, 0
front only
front: 0.965923, 0.620731, 2.5
side: 0, 0, 0
front only
front: 0.0153947, 0, 2.5
side: 0, 0, 0
front only
front: 0, 1.02842, 2.5
side: 0, 0, 0
front only
else
else
else
front: 1.96409, 1.49629, 2.5
side: 0, 0, 0
front only
else
else
else
else
front: 0, 0.533519, 2.5
side: 0, 0, 0
front only
front: 1.34648, 0, 2.5
side: 0, 0, 0
front only
else
else
front: 0, 0, 2.5
side: 0, 0, 0
front only
front: 0, 1.49941, 2.5
side: 0, 0, 0
front only
else
else
front: 0.0154709, 0, 2.5
side: 0, 0, 0
front only
else
else
else
else
else
else
else
else
else
front: 0, 1.78389, 2.5
side: 0, 0, 0
front only
else
else
else
else
else
front: 2.34845, 0.715867, 2.5
side: 0, 0, 0
front only
front: 0, 0.300389, 2.5
side: 0, 0, 0
front only
else
else
else
front: 2.49065, 0.0168104, 2.5
side: 0, 0, 0
front only
else
else
front: 0, 0.49159, 2.5
back: 0, 1.47477, 7.5
front back
photon_ene: 661.6 photon_theta: 0.262939 photon_phi: 2.3225
traject_len: 5.09575
pe_len: 17.9294 cs_len: 4.60833
---
front: 0.864967, 0.883055, 2.5
side: 0, 0, 0
front only
else
else
else
front: 1.31171, 0.803643, 2.5
side: 0, 0, 0
front only
front: 0, 0.627241, 2.5
back: 0, 1.88172, 7.5
front back
photon_ene: 661.6 photon_theta: 0.305674 photon_phi: 2.22246
traject_len: 5.15497
pe_len: 44.4453 cs_len: 5.17415
---
else
else
else
front: 0, 0.722957, 2.5
side: 0, 0, 0
front only
else
front: 1.61925, 1.58062, 2.5
side: 0, 0, 0
front only
front: 0, 0, 2.5
side: 0, 0, 0
front only
front: 0, 0, 2.5
back: 0, 0, 7.5
front back
photon_ene: 661.6 photon_theta: 0.17165 photon_phi: 4.6504
traject_len: 5
pe_len: 14.434 cs_len: 4.03514
---
else
else
front: 0.417716, 0, 2.5
side: 0, 0, 0
front only
else
else
else
else
else
else
front: 1.6001, 0, 2.5
side: 0, 0, 0
front only
else
else
front: 0, 0.784947, 2.5
back: 0, 2.35484, 7.5
front back
photon_ene: 661.6 photon_theta: 2.83453 photon_phi: 4.85251
traject_len: 5.24066
pe_len: 0.576112 cs_len: 5.69407
---
else
else
else
else
else
front: 0.698613, 1.56656, 2.5
side: 0, 0, 0
front only
else
else
else
front: 1.02757, 0, 2.5
side: 0, 0, 0
front only
front: 0.413251, 0.492056, 2.5
back: 1.23975, 1.47617, 7.5
front back
photon_ene: 661.6 photon_theta: 2.89001 photon_phi: 4.01382
traject_len: 5.16252
pe_len: 11.9835 cs_len: 6.91848
---
else
front: 0, 0, 2.5
side: 0, 0, 0
front only
front: 0, 0.780767, 2.5
side: 0, 0, 0
front only
else
front: 2.13227, 1.08358, 2.5
side: 0, 0, 0
front only
front: 0.629755, 0.0688782, 2.5
back: 1.88927, 0.206635, 7.5
front back
photon_ene: 661.6 photon_theta: 2.89341 photon_phi: 3.25053
traject_len: 5.15804
pe_len: 51.4403 cs_len: 2.60195
---
front: 0.810939, 1.55368, 2.5
side: 0, 0, 0
front only
else
front: 0, 0, 2.5
side: 0, 0, 0
front only
else
front: 0, 1.27772, 2.5
side: 0, 0, 0
front only
else
else
else
front: 0.278886, 1.3202, 2.5
side: 0, 0, 0
front only
else
else
else
front: 0, 0.216064, 2.5
back: 0, 0.648193, 7.5
front back
photon_ene: 661.6 photon_theta: 0.258177 photon_phi: 2.80817
traject_len: 5.01864
pe_len: 51.2828 cs_len: 5.68309
---
else
else
else
else
front: 0, 0, 2.5
side: 0, 0, 0
front only
else
else
else
front: 0, 1.79355, 2.5
side: 0, 0, 0
front only
else
else
front: 0, 0, 2.5
back: 0, 0, 7.5
front back
photon_ene: 661.6 photon_theta: 3.011 photon_phi: 1.46754
traject_len: 5
pe_len: 15.9175 cs_len: 13.9491
---
front: 0, 0, 2.5
side: 0, 0, 0
front only
front: 0.524008, 0, 2.5
side: 0, 0, 0
front only
else
front: 0.751578, 0, 2.5
side: 0, 0, 0
front only
front: 0, 0, 2.5
side: 0, 0, 0
front only
front: 1.66339, 0, 2.5
side: 0, 0, 0
front only
front: 0, 1.42374, 2.5
side: 0, 0, 0
front only
else
else
else
front: 0.157376, 0, 2.5
back: 0.472128, 0, 7.5
front back
photon_ene: 661.6 photon_theta: 2.82276 photon_phi: 1.76267
traject_len: 5.0099
pe_len: 2.82452 cs_len: 3.52395
---
front: 0, 0, 2.5
side: 0, 0, 0
front only
front: 1.27348, 0, 2.5
side: 0, 0, 0
front only
else
front: 0.857483, 1.5258, 2.5
side: 0, 0, 0
front only
front: 1.12153, 0, 2.5
side: 0, 0, 0
front only
front: 0.226318, 1.0581, 2.5
side: 0, 0, 0
front only
else
else
else
front: 0, 0.227129, 2.5
back: 0, 0.681387, 7.5
front back
photon_ene: 661.6 photon_theta: 0.266296 photon_phi: 2.80204
traject_len: 5.02059
pe_len: 146.799 cs_len: 4.55832
---
else
else
front: 0, 0, 2.5
back: 0, 0, 7.5
front back
photon_ene: 661.6 photon_theta: 3.01831 photon_phi: 0.116044
traject_len: 5
pe_len: 18.258 cs_len: 0.737164
---
front: 0.459714, 0.251172, 2.5
back: 1.37914, 0.753517, 7.5
front back
photon_ene: 661.6 photon_theta: 2.93504 photon_phi: 3.64164
traject_len: 5.10859
pe_len: 19.5217 cs_len: 0.271452
---
else
else
front: 0.353612, 0, 2.5
side: 0, 0, 0
front only
else
else
else
front: 0, 0, 2.5
back: 0, 0, 7.5
front back
photon_ene: 661.6 photon_theta: 0.0789174 photon_phi: 4.35298
traject_len: 5
pe_len: 9.06823 cs_len: 1.3171
---
else
else
else
else
else
else
else
else
else
else
else
else
else
else
front: 2.22797, 0.0221484, 2.5
side: 0, 0, 0
front only
else
front: 0, 0.77341, 2.5
side: 0, 0, 0
front only
else
else
else
else
else
else
front: 0.572833, 1.45781, 2.5
side: 0, 0, 0
front only
else
else
else
front: 1.16084, 0, 2.5
side: 0, 0, 0
front only
else
else
else
else
front: 0.235326, 0, 2.5
back: 0.705978, 0, 7.5
front back
photon_ene: 661.6 photon_theta: 3.0292 photon_phi: 2.55703
traject_len: 5.0221
pe_len: 46.4818 cs_len: 1.96774
---
front: 0.117125, 1.35242, 2.5
side: 0, 0, 0
front only
else
front: 0, 0.8591, 2.5
side: 0, 0, 0
front only
else
front: 0.404537, 0.423926, 2.5
back: 1.21361, 1.27178, 7.5
front back
photon_ene: 661.6 photon_theta: 0.230233 photon_phi: 0.808798
traject_len: 5.13551
pe_len: 67.4677 cs_len: 10.9509
---
front: 0, 0.214749, 2.5
side: 0, 0, 0
front only
front: 1.40111, 0, 2.5
side: 0, 0, 0
front only
else
else
front: 0, 0.624014, 2.5
side: 0, 0, 0
front only
else
front: 0, 1.23306, 2.5
side: 0, 0, 0
front only
else
else
front: 1.19901, 1.46446, 2.5
side: 0, 0, 0
front only
else
else
front: 0, 0.405751, 2.5
back: 0, 1.21725, 7.5
front back
photon_ene: 661.6 photon_theta: 2.96483 photon_phi: 5.14331
traject_len: 5.06543
pe_len: 23.8699 cs_len: 5.01794
---
else
else
else
else
else
front: 0, 0, 2.5
side: 0, 0, 0
front only
else
else
else
else
front: 0, 0, 2.5
side: 0, 0, 0
front only
front: 0, 0, 2.5
side: 0, 0, 0
front only
front: 0, 0, 2.5
side: 0, 0, 0
front only
else
else
else
else
front: 0.704989, 0.461136, 2.5
side: 0, 0, 0
front only
else
else
else
else
front: 0, 0, 2.5
side: 0, 0, 0
front only
else
front: 0, 0, 2.5
side: 0, 0, 0
front only
else
else
front: 2.07881, 0, 2.5
side: 0, 0, 0
front only
else
else
else
front: 0, 0.0863783, 2.5
back: 0, 0.259135, 7.5
front back
photon_ene: 661.6 photon_theta: 0.110563 photon_phi: 2.82511
traject_len: 5.00298
pe_len: 52.0902 cs_len: 6.47355
---
else
else
front: 2.08688, 0.860794, 2.5
side: 0, 0, 0
front only
else
else
front: 1.03671, 0, 2.5
side: 0, 0, 0
front only
front: 0.647875, 0, 2.5
side: 0, 0, 0
front only
else
else
else
else
else
else
else
front: 0, 1.08539, 2.5
side: 0, 0, 0
front only
else
else
else
else
else
front: 0, 0, 2.5
side: 0, 0, 0
front only
else
else
else
else
else
else
front: 1.98787, 0, 2.5
side: 0, 0, 0
front only
else
front: 1.18957, 1.01411, 2.5
side: 0, 0, 0
front only
front: 0, 0.496889, 2.5
side: 0, 0, 0
front only
else
else
front: 0, 0, 2.5
side: 0, 0, 0
front only
else
else
else
else
else
else
else
front: 0, 1.59815, 2.5
side: 0, 0, 0
front only
front: 0, 0, 2.5
side: 0, 0, 0
front only
else
else
front: 2.10428, 0.850429, 2.5
side: 0, 0, 0
front only
else
front: 0.781055, 0, 2.5
side: 0, 0, 0
front only
front: 0, 0, 2.5
back: 0, 0, 7.5
front back
photon_ene: 661.6 photon_theta: 0.310612 photon_phi: 4.15843
traject_len: 5
pe_len: 40.0561 cs_len: 16.0898
---
else
else
front: 0.315244, 0, 2.5
back: 0.945732, 0, 7.5
front back
photon_ene: 661.6 photon_theta: 0.313401 photon_phi: 5.11203
traject_len: 5.03959
pe_len: 6.66819 cs_len: 2.6015
---
else
else
else
front: 0, 0.0640191, 2.5
back: 0, 0.192057, 7.5
front back
photon_ene: 661.6 photon_theta: 0.071717 photon_phi: 2.77712
traject_len: 5.00164
pe_len: 28.7793 cs_len: 4.23256
---
front: 0, 0.932905, 2.5
side: 0, 0, 0
front only
else
front: 0.96772, 0.670794, 2.5
side: 0, 0, 0
front only
front: 0, 0.298335, 2.5
back: 0, 0.895004, 7.5
front back
photon_ene: 661.6 photon_theta: 2.95418 photon_phi: 5.60257
traject_len: 5.03548
pe_len: 7.46816 cs_len: 0.259845
---
front: 0, 2.32907, 2.5
side: 0, 0, 0
front only
else
else
else
else
else
else
else
else
else
front: 0, 0, 2.5
side: 0, 0, 0
front only
front: 0.223792, 0.400214, 2.5
back: 0.671375, 1.20064, 7.5
front back
photon_ene: 661.6 photon_theta: 0.181398 photon_phi: 1.06093
traject_len: 5.08341
pe_len: 60.89 cs_len: 4.2541
---
front: 0, 1.74799, 2.5
side: 0, 0, 0
front only
else
front: 1.09352, 0, 2.5
side: 0, 0, 0
front only
else
else
else
front: 0, 1.10752, 2.5
side: 0, 0, 0
front only
front: 1.62466, 0.961947, 2.5
side: 0, 0, 0
front only
front: 0, 0, 2.5
side: 0, 0, 0
front only
front: 0, 0, 2.5
side: 0, 0, 0
front only
front: 0, 0, 2.5
side: 0, 0, 0
front only
front: 0.55655, 0, 2.5
side: 0, 0, 0
front only
front: 0, 0.249366, 2.5
side: 0, 0, 0
front only
else
else
else
front: 0, 1.00312, 2.5
side: 0, 0, 0
front only
else
else
else
front: 0, 0.885506, 2.5
side: 0, 0, 0
front only
else
else
else
else
front: 0, 0, 2.5
side: 0, 0, 0
front only
front: 0, 0.194501, 2.5
side: 0, 0, 0
front only
else
else
else
else
else
else
front: 0, 0.0173056, 2.5
side: 0, 0, 0
front only
else
else
else
else
else
else
else
front: 1.0873, 1.35032, 2.5
side: 0, 0, 0
front only
else
front: 0, 1.20102, 2.5
side: 0, 0, 0
front only
else
else
front: 0, 0, 2.5
back: 0, 0, 7.5
front back
photon_ene: 661.6 photon_theta: 0.243778 photon_phi: 4.04596
traject_len: 5
pe_len: 1.36723 cs_len: 2.24502
---
else
else
else
front: 1.76136, 0, 2.5
side: 0, 0, 0
front only
else
else
else
else
else
front: 0, 0.93153, 2.5
side: 0, 0, 0
front only
front: 0.819693, 0.548756, 2.5
side: 0, 0, 0
front only
front: 0, 0.78385, 2.5
side: 0, 0, 0
front only
else
else
front: 0, 1.18786, 2.5
side: 0, 0, 0
front only
front: 0, 0.148992, 2.5
back: 0, 0.446975, 7.5
front back
photon_ene: 661.6 photon_theta: 0.149733 photon_phi: 2.73548
traject_len: 5.00887
pe_len: 8.8417 cs_len: 2.58303
---
else
else
else
else
else
else
front: 1.95455, 0.770548, 2.5
side: 0, 0, 0
front only
else
else
else
else
front: 0, 1.43594, 2.5
side: 0, 0, 0
front only
else
else
front: 1.96753, 0.82912, 2.5
side: 0, 0, 0
front only
else
front: 0.02751, 2.12363, 2.5
side: 0, 0, 0
front only
else
else
else
front: 0, 0.986766, 2.5
side: 0, 0, 0
front only
else
else
else
else
else
else
else
front: 0, 0, 2.5
back: 0, 0, 7.5
front back
photon_ene: 661.6 photon_theta: 2.92066 photon_phi: 1.46176
traject_len: 5
pe_len: 6.75436 cs_len: 1.44222
---
else
front: 0, 0.878936, 2.5
side: 0, 0, 0
front only
else
front: 0.555812, 0, 2.5
side: 0, 0, 0
front only
front: 0, 0.412642, 2.5
back: 0, 1.23793, 7.5
front back
photon_ene: 661.6 photon_theta: 0.168641 photon_phi: 1.81861
traject_len: 5.06765
pe_len: 4.08406 cs_len: 2.15844
---
else
else
front: 0, 0, 2.5
side: 0, 0, 0
front only
else
else
else
front: 0, 2.4003, 2.5
side: 0, 0, 0
front only
else
else
front: 0.664952, 0, 2.5
side: 0, 0, 0
front only
else
else
front: 0, 0, 2.5
back: 0, 0, 7.5
front back
photon_ene: 661.6 photon_theta: 2.91458 photon_phi: 1.04295
traject_len: 5
pe_len: 42.8495 cs_len: 0.385478
---
front: 0.74113, 1.84446, 2.5
side: 0, 0, 0
front only
else
else
front: 0.344205, 0, 2.5
side: 0, 0, 0
front only
else
else
else
else
else
else
front: 1.84014, 1.2148, 2.5
side: 0, 0, 0
front only
else
else
else
else
else
else
front: 0, 0, 2.5
side: 0, 0, 0
front only
else
else
else
else
front: 0.798439, 0.234986, 2.5
back: 2.39532, 0.704959, 7.5
front back
photon_ene: 661.6 photon_theta: 2.82021 photon_phi: 3.42782
traject_len: 5.26981
pe_len: 38.6005 cs_len: 9.00184
---
front: 0.679722, 0, 2.5
back: 2.03916, 0, 7.5
front back
photon_ene: 661.6 photon_theta: 0.26569 photon_phi: 6.24161
traject_len: 5.18151
pe_len: 132.92 cs_len: 18.1436
---
front: 1.42193, 0, 2.5
side: 0, 0, 0
front only
else
else
else
else
else
else
else
else
else
else
else
front: 0, 0, 2.5
side: 0, 0, 0
front only
else
else
else
else
else
front: 0.159757, 0, 2.5
back: 0.47927, 0, 7.5
front back
photon_ene: 661.6 photon_theta: 2.85881 photon_phi: 1.79253
traject_len: 5.0102
pe_len: 26.1086 cs_len: 0.468919
---
else
front: 0, 0.819235, 2.5
side: 0, 0, 0
front only
else
else
else
else
else
front: 0, 1.17284, 2.5
side: 0, 0, 0
front only
else
else
else
else
else
front: 1.3685, 1.7689, 2.5
side: 0, 0, 0
front only
else
front: 1.24968, 0, 2.5
side: 0, 0, 0
front only
else
front: 1.13894, 1.47151, 2.5
side: 0, 0, 0
front only
else
front: 0.66154, 0, 2.5
side: 0, 0, 0
front only
front: 1.1548, 0, 2.5
side: 0, 0, 0
front only
else
front: 1.9735, 0, 2.5
side: 0, 0, 0
front only
else
front: 0, 2.13136, 2.5
side: 0, 0, 0
front only
else
else
front: 2.1498, 0, 2.5
side: 0, 0, 0
front only
else
else
front: 0, 0, 2.5
back: 0, 0, 7.5
front back
photon_ene: 661.6 photon_theta: 2.9274 photon_phi: 0.292277
traject_len: 5
pe_len: 27.2699 cs_len: 13.5184
---
front: 0.265223, 1.50149, 2.5
side: 0, 0, 0
front only
else
else
else
else
else
front: 0.544804, 0.91066, 2.5
side: 0, 0, 0
front only
else
else
else
else
front: 1.40363, 0, 2.5
side: 0, 0, 0
front only
front: 0, 0, 2.5
side: 0, 0, 0
front only
else
else
else
else
else
else
else
else
else
front: 0.676655, 0, 2.5
side: 0, 0, 0
front only
front: 0.0841825, 2.04042, 2.5
side: 0, 0, 0
front only
else
else
else
else
front: 0, 2.15968, 2.5
side: 0, 0, 0
front only
front: 0.451884, 0, 2.5
side: 0, 0, 0
front only
else
else
else
front: 0.0661806, 0, 2.5
side: 0, 0, 0
front only
else
else
else
else
front: 0, 1.02599, 2.5
side: 0, 0, 0
front only
else
else
else
else
front: 0, 0.870356, 2.5
side: 0, 0, 0
front only
else
else
front: 0, 0.926353, 2.5
side: 0, 0, 0
front only
else
else
else
else
else
else
else
else
else
else
front: 1.86757, 0, 2.5
side: 0, 0, 0
front only
else
else
front: 0, 2.15027, 2.5
side: 0, 0, 0
front only
else
else
front: 1.70749, 0.00917245, 2.5
side: 0, 0, 0
front only
else
else
front: 0, 0.11638, 2.5
back: 0, 0.34914, 7.5
front back
photon_ene: 661.6 photon_theta: 2.92537 photon_phi: 6.06963
traject_len: 5.00541
pe_len: 9.36961 cs_len: 7.86722
---
else
front: 1.44738, 0.121061, 2.5
side: 0, 0, 0
front only
front: 1.24215, 0, 2.5
side: 0, 0, 0
front only
else
else
else
else
else
front: 0, 0, 2.5
side: 0, 0, 0
front only
front: 0, 0, 2.5
side: 0, 0, 0
front only
front: 1.53988, 0, 2.5
side: 0, 0, 0
front only
else
front: 0.162408, 0.998921, 2.5
side: 0, 0, 0
front only
else
front: 1.7303, 1.62813, 2.5
side: 0, 0, 0
front only
else
else
front: 0.479365, 0, 2.5
side: 0, 0, 0
front only
else
else
else
else
else
front: 1.57901, 0, 2.5
side: 0, 0, 0
front only
else
front: 0, 1.06921, 2.5
side: 0, 0, 0
front only
front: 0, 0, 2.5
side: 0, 0, 0
front only
else
else
else
else
else
else
else
else
else
else
else
else
front: 0, 0.759417, 2.5
side: 0, 0, 0
front only
else
else
else
else
else
else
else
front: 0, 1.95616, 2.5
side: 0, 0, 0
front only
front: 0.526035, 0, 2.5
side: 0, 0, 0
front only
front: 0, 1.2018, 2.5
side: 0, 0, 0
front only
else
else
else
else
else
else
else
else
front: 0, 0, 2.5
side: 0, 0, 0
front only
else
else
else
else
front: 0, 0, 2.5
back: 0, 0, 7.5
front back
photon_ene: 661.6 photon_theta: 0.201669 photon_phi: 3.54446
traject_len: 5
pe_len: 66.9529 cs_len: 1.17885
---
else
else
front: 0, 0, 2.5
side: 0, 0, 0
front only
front: 0, 1.81275, 2.5
side: 0, 0, 0
front only
else
front: 0, 0, 2.5
side: 0, 0, 0
front only
else
front: 0, 1.30514, 2.5
side: 0, 0, 0
front only
front: 0.727401, 2.07064, 2.5
side: 0, 0, 0
front only
else
else
front: 0, 0.0426088, 2.5
side: 0, 0, 0
front only
else
else
else
else
else
else
else
front: 0, 1.43254, 2.5
side: 0, 0, 0
front only
else
else
else
else
front: 0, 0, 2.5
side: 0, 0, 0
front only
else
else
front: 0, 0.202934, 2.5
side: 0, 0, 0
front only
else
else
else
front: 0.204382, 0, 2.5
back: 0.613146, 0, 7.5
front back
photon_ene: 661.6 photon_theta: 2.99583 photon_phi: 2.16142
traject_len: 5.01668
pe_len: 37.1578 cs_len: 5.49718
---
front: 0.771538, 1.47756, 2.5
side: 0, 0, 0
front only
front: 0, 0.282574, 2.5
side: 0, 0, 0
front only
front: 0.03029, 0, 2.5
side: 0, 0, 0
front only
front: 0, 0, 2.5
side: 0, 0, 0
front only
front: 0, 0, 2.5
side: 0, 0, 0
front only
front: 2.48042, 0.228397, 2.5
side: 0, 0, 0
front only
else
else
else
else
else
else
else
else
else
else
else
else
else
front: 0, 0.788205, 2.5
side: 0, 0, 0
front only
else
else
else
front: 0, 1.74974, 2.5
side: 0, 0, 0
front only
front: 1.57396, 0.853308, 2.5
side: 0, 0, 0
front only
else
else
else
else
else
front: 1.75958, 0.987135, 2.5
side: 0, 0, 0
front only
else
else
else
else
else
front: 1.14039, 1.15911, 2.5
side: 0, 0, 0
front only
front: 0.323882, 1.71641, 2.5
side: 0, 0, 0
front only
else
else
else
else
else
else
else
front: 0, 0, 2.5
side: 0, 0, 0
front only
else
else
front: 0.305564, 0, 2.5
back: 0.916692, 0, 7.5
front back
photon_ene: 661.6 photon_theta: 0.316147 photon_phi: 5.09532
traject_len: 5.03721
pe_len: 6.53715 cs_len: 1.47389
---
front: 0, 1.33814, 2.5
side: 0, 0, 0
front only
else
front: 0, 0, 2.5
side: 0, 0, 0
front only
else
else
else
else
front: 0, 0, 2.5
side: 0, 0, 0
front only
front: 0, 0.958025, 2.5
side: 0, 0, 0
front only
else
else
front: 0, 1.04203, 2.5
side: 0, 0, 0
front only
else
else
front: 0, 0, 2.5
side: 0, 0, 0
front only
else
else
else
else
else
else
front: 0, 0.753087, 2.5
side: 0, 0, 0
front only
else
else
else
else
else
else
else
else
else
else
else
else
front: 1.89735, 0.191752, 2.5
side: 0, 0, 0
front only
else
else
else
else
else
else
else
else
else
else
front: 0.379457, 1.13737, 2.5
side: 0, 0, 0
front only
front: 1.39748, 0, 2.5
side: 0, 0, 0
front only
front: 1.60308, 0, 2.5
side: 0, 0, 0
front only
front: 0, 0, 2.5
side: 0, 0, 0
front only
else
else
else
else
else
else
else
else
else
else
else
front: 0.991693, 0, 2.5
side: 0, 0, 0
front only
else
front: 1.46151, 0.127709, 2.5
side: 0, 0, 0
front only
else
else
front: 1.16795, 0, 2.5
side: 0, 0, 0
front only
front: 0, 0, 2.5
side: 0, 0, 0
front only
front: 0.502341, 0.512167, 2.5
back: 1.50702, 1.5365, 7.5
front back
photon_ene: 661.6 photon_theta: 0.279451 photon_phi: 0.795084
traject_len: 5.20179
pe_len: 25.0989 cs_len: 9.642
---
else
front: 0.869507, 0, 2.5
side: 0, 0, 0
front only
else
front: 0, 1.33562, 2.5
side: 0, 0, 0
front only
else
else
front: 0, 0, 2.5
side: 0, 0, 0
front only
else
front: 1.67705, 0.645251, 2.5
side: 0, 0, 0
front only
else
else
else
else
else
else
front: 0, 0.689017, 2.5
back: 0, 2.06705, 7.5
front back
photon_ene: 661.6 photon_theta: 2.84164 photon_phi: 5.18339
traject_len: 5.18642
pe_len: 32.7461 cs_len: 0.567377
---
front: 0.331293, 0, 2.5
back: 0.99388, 0, 7.5
front back
photon_ene: 661.6 photon_theta: 0.196531 photon_phi: 5.44066
traject_len: 5.04371
pe_len: 14.5043 cs_len: 10.8586
---
else
else
front: 0, 0.686413, 2.5
side: 0, 0, 0
front only
else
front: 0.626816, 1.43432, 2.5
side: 0, 0, 0
front only
else
else
else
front: 0, 0.249271, 2.5
side: 0, 0, 0
front only
else
else
else
else
front: 0, 1.86209, 2.5
side: 0, 0, 0
front only
front: 0, 0, 2.5
side: 0, 0, 0
front only
else
else
else
front: 0.836793, 0, 2.5
side: 0, 0, 0
front only
else
else
front: 0.344548, 0, 2.5
side: 0, 0, 0
front only
else
front: 0.67513, 0, 2.5
side: 0, 0, 0
front only
else
else
front: 0, 0.326434, 2.5
side: 0, 0, 0
front only
front: 0, 0, 2.5
side: 0, 0, 0
front only
else
else
else
else
else
else
else
else
else
else
front: 2.00231, 0, 2.5
side: 0, 0, 0
front only
else
else
else
front: 0, 0, 2.5
side: 0, 0, 0
front only
else
else
else
else
front: 0, 0.118387, 2.5
back: 0, 0.35516, 7.5
front back
photon_ene: 661.6 photon_theta: 3.06571 photon_phi: 5.61079
traject_len: 5.0056
pe_len: 60.5663 cs_len: 0.844976
---
else
else
else
else
else
else
else
front: 0.908972, 0.833719, 2.5
side: 0, 0, 0
front only
else
front: 0.978827, 0, 2.5
side: 0, 0, 0
front only
front: 0.0645733, 0, 2.5
back: 0.19372, 0, 7.5
front back
photon_ene: 661.6 photon_theta: 0.0270145 photon_phi: 5.98508
traject_len: 5.00167
pe_len: 16.8394 cs_len: 4.54242
---
else
else
front: 0.267869, 2.38244, 2.5
side: 0, 0, 0
front only
front: 0, 0, 2.5
side: 0, 0, 0
front only
else
front: 0, 0.662109, 2.5
back: 0, 1.98633, 7.5
front back
photon_ene: 661.6 photon_theta: 0.259549 photon_phi: 1.64319
traject_len: 5.17238
pe_len: 2.13409 cs_len: 1.13341
---
else
front: 0, 0.585281, 2.5
side: 0, 0, 0
front only
else
front: 0.217156, 0.433998, 2.5
back: 0.651468, 1.302, 7.5
front back
photon_ene: 661.6 photon_theta: 2.94986 photon_phi: 4.24845
traject_len: 5.09333
pe_len: 5.18436 cs_len: 6.90054
---
front: 0.351268, 0, 2.5
back: 1.0538, 0, 7.5
front back
photon_ene: 661.6 photon_theta: 0.242191 photon_phi: 5.31739
traject_len: 5.04911
pe_len: 13.0408 cs_len: 1.63139
---
else
else
else
else
front: 0.976923, 0.335714, 2.5
side: 0, 0, 0
front only
front: 0.354956, 1.5746, 2.5
side: 0, 0, 0
front only
front: 0, 0, 2.5
back: 0, 0, 7.5
front back
photon_ene: 661.6 photon_theta: 2.92267 photon_phi: 0.521935
traject_len: 5
pe_len: 11.648 cs_len: 6.25282
---
front: 0, 0.746291, 2.5
side: 0, 0, 0
front only
front: 0, 1.45489, 2.5
side: 0, 0, 0
front only
else
front: 0, 1.12866, 2.5
side: 0, 0, 0
front only
else
else
else
else
else
else
else
else
else
else
front: 0.128753, 0.447194, 2.5
back: 0.38626, 1.34158, 7.5
front back
photon_ene: 661.6 photon_theta: 2.95756 photon_phi: 4.43206
traject_len: 5.08589
pe_len: 71.0938 cs_len: 0.661167
---
else
front: 0.63454, 0, 2.5
side: 0, 0, 0
front only
else
else
else
else
front: 0.218422, 0.708792, 2.5
back: 0.655266, 2.12638, 7.5
front back
photon_ene: 661.6 photon_theta: 0.288402 photon_phi: 1.27187
traject_len: 5.2154
pe_len: 9.98149 cs_len: 0.0832621
---
else
else
else
else
else
front: 0, 1.26848, 2.5
side: 0, 0, 0
front only
front: 0, 0, 2.5
side: 0, 0, 0
front only
else
else
front: 1.12548, 1.68729, 2.5
side: 0, 0, 0
front only
else
else
front: 0, 0.479006, 2.5
back: 0, 1.43702, 7.5
front back
photon_ene: 661.6 photon_theta: 2.87995 photon_phi: 5.48583
traject_len: 5.09095
pe_len: 80.1383 cs_len: 1.72942
---
else
else
else
else
front: 0.0225663, 0, 2.5
back: 0.0676988, 0, 7.5
front back
photon_ene: 661.6 photon_theta: 0.159989 photon_phi: 4.76836
traject_len: 5.0002
pe_len: 45.2917 cs_len: 2.00312
---
else
front: 1.44483, 2.02691, 2.5
side: 0, 0, 0
front only
front: 0, 0, 2.5
side: 0, 0, 0
front only
else
else
front: 0, 0.969969, 2.5
side: 0, 0, 0
front only
else
else
else
else
front: 0.36206, 0, 2.5
side: 0, 0, 0
front only
front: 1.0751, 0, 2.5
side: 0, 0, 0
front only
else
else
else
front: 0.575447, 0.0185155, 2.5
back: 1.72634, 0.0555464, 7.5
front back
photon_ene: 661.6 photon_theta: 2.91524 photon_phi: 3.17376
traject_len: 5.13088
pe_len: 2.15826 cs_len: 1.17366
---
else
else
front: 0, 1.32326, 2.5
side: 0, 0, 0
front only
else
else
else
else
else
else
else
else
else
else
front: 0, 0, 2.5
side: 0, 0, 0
front only
front: 1.03751, 1.57905, 2.5
side: 0, 0, 0
front only
front: 0.391379, 0, 2.5
side: 0, 0, 0
front only
front: 2.27598, 0, 2.5
side: 0, 0, 0
front only
front: 0.786926, 0, 2.5
side: 0, 0, 0
front only
else
else
else
else
front: 0, 1.08913, 2.5
side: 0, 0, 0
front only
front: 0.307476, 0, 2.5
back: 0.922428, 0, 7.5
front back
photon_ene: 661.6 photon_theta: 0.128852 photon_phi: 5.96314
traject_len: 5.03767
pe_len: 52.7891 cs_len: 1.80456
---
else
else
front: 1.85049, 1.38591, 2.5
side: 0, 0, 0
front only
else
else
else
else
front: 0.292174, 2.25178, 2.5
side: 0, 0, 0
front only
else
else
else
else
front: 0, 0, 2.5
side: 0, 0, 0
front only
else
front: 0, 0, 2.5
side: 0, 0, 0
front only
else
front: 0, 2.17422, 2.5
side: 0, 0, 0
front only
else
front: 0, 1.52214, 2.5
side: 0, 0, 0
front only
else
else
front: 0, 0, 2.5
side: 0, 0, 0
front only
else
front: 0.162703, 0.732673, 2.5
back: 0.488108, 2.19802, 7.5
front back
photon_ene: 661.6 photon_theta: 2.84994 photon_phi: 4.49387
traject_len: 5.22045
pe_len: 11.4074 cs_len: 0.189554
---
else
front: 0.391159, 0, 2.5
side: 0, 0, 0
front only
else
front: 0.256887, 0, 2.5
side: 0, 0, 0
front only
else
else
front: 1.15867, 0, 2.5
side: 0, 0, 0
front only
front: 0, 0.0583034, 2.5
back: 0, 0.17491, 7.5
front back
photon_ene: 661.6 photon_theta: 2.88347 photon_phi: 6.19474
traject_len: 5.00136
pe_len: 108.258 cs_len: 0.988126
---
else
else
front: 0, 0, 2.5
side: 0, 0, 0
front only
else
else
front: 0.891733, 0, 2.5
side: 0, 0, 0
front only
else
else
front: 0.947258, 0.032886, 2.5
side: 0, 0, 0
front only
else
front: 0.930662, 0.611859, 2.5
side: 0, 0, 0
front only
front: 0, 0.88091, 2.5
side: 0, 0, 0
front only
else
else
else
else
else
else
else
else
else
else
front: 0, 0, 2.5
side: 0, 0, 0
front only
else
else
front: 0, 0.197193, 2.5
side: 0, 0, 0
front only
front: 0.309754, 0.504567, 2.5
back: 0.929261, 1.5137, 7.5
front back
photon_ene: 661.6 photon_theta: 2.90905 photon_phi: 4.16181
traject_len: 5.1383
pe_len: 69.8469 cs_len: 0.142483
---
else
front: 0.572127, 2.05373, 2.5
side: 0, 0, 0
front only
else
else
else
else
front: 0, 1.20126, 2.5
side: 0, 0, 0
front only
else
else
else
front: 0, 2.07494, 2.5
side: 0, 0, 0
front only
front: 0.673388, 0, 2.5
side: 0, 0, 0
front only
else
else
else
else
else
else
else
front: 0, 0, 2.5
back: 0, 0, 7.5
front back
photon_ene: 661.6 photon_theta: 0.27853 photon_phi: 3.90313
traject_len: 5
pe_len: 2.46012 cs_len: 1.42976
---
else
front: 2.13647, 1.07585, 2.5
side: 0, 0, 0
front only
else
else
front: 0, 0, 2.5
side: 0, 0, 0
front only
else
front: 0.718534, 0, 2.5
side: 0, 0, 0
front only
else
else
else
front: 0, 0, 2.5
side: 0, 0, 0
front only
front: 1.51029, 0.968126, 2.5
side: 0, 0, 0
front only
else
else
front: 1.45739, 1.54167, 2.5
side: 0, 0, 0
front only
else
else
front: 0.841021, 1.76754, 2.5
side: 0, 0, 0
front only
else
else
else
else
else
else
else
else
else
front: 0.778125, 0, 2.5
back: 2.33437, 0, 7.5
front back
photon_ene: 661.6 photon_theta: 2.83558 photon_phi: 2.96918
traject_len: 5.23659
pe_len: 6.47363 cs_len: 1.64018
---
front: 0, 0.303005, 2.5
side: 0, 0, 0
front only
else
else
else
else
else
else
else
else
else
else
front: 0.496363, 0.0717098, 2.5
back: 1.48909, 0.215129, 7.5
front back
photon_ene: 661.6 photon_theta: 0.197979 photon_phi: 0.143478
traject_len: 5.09962
pe_len: 33.0094 cs_len: 3.40377
---
else
else
front: 0, 0, 2.5
side: 0, 0, 0
front only
else
else
else
else
front: 0, 0.452865, 2.5
side: 0, 0, 0
front only
else
else
front: 0, 1.36394, 2.5
side: 0, 0, 0
front only
front: 0.0709944, 0.15391, 2.5
back: 0.212983, 0.461729, 7.5
front back
photon_ene: 661.6 photon_theta: 0.0676942 photon_phi: 1.13861
traject_len: 5.01148
pe_len: 71.447 cs_len: 1.73843
---
else
else
else
else
else
front: 0, 0, 2.5
side: 0, 0, 0
front only
else
else
front: 0, 2.0153, 2.5
side: 0, 0, 0
front only
else
front: 1.75763, 0, 2.5
side: 0, 0, 0
front only
front: 0.633583, 2.27351, 2.5
side: 0, 0, 0
front only
else
else
else
else
front: 0, 0, 2.5
side: 0, 0, 0
front only
else
else
else
else
else
else
else
front: 0, 0, 2.5
back: 0, 0, 7.5
front back
photon_ene: 661.6 photon_theta: 2.85218 photon_phi: 0.771901
traject_len: 5
pe_len: 20.7445 cs_len: 0.954703
---
else
else
front: 0, 0.866587, 2.5
side: 0, 0, 0
front only
else
front: 0, 0.852508, 2.5
side: 0, 0, 0
front only
else
else
front: 0.748578, 0.271296, 2.5
back: 2.24573, 0.813887, 7.5
front back
photon_ene: 661.6 photon_theta: 0.308332 photon_phi: 0.347692
traject_len: 5.24746
pe_len: 19.9814 cs_len: 2.81435
---
front: 0, 0, 2.5
side: 0, 0, 0
front only
else
else
front: 0, 0, 2.5
side: 0, 0, 0
front only
else
front: 2.04517, 0, 2.5
side: 0, 0, 0
front only
else
front: 0, 0, 2.5
side: 0, 0, 0
front only
else
front: 0, 0, 2.5
side: 0, 0, 0
front only
else
front: 0, 1.95757, 2.5
side: 0, 0, 0
front only
else
else
front: 0, 0, 2.5
back: 0, 0, 7.5
front back
photon_ene: 661.6 photon_theta: 2.9722 photon_phi: 1.08941
traject_len: 5
pe_len: 26.1795 cs_len: 3.72595
---
else
else
else
else
else
else
else
else
else
else
front: 0, 2.17121, 2.5
side: 0, 0, 0
front only
else
front: 0.479735, 0, 2.5
back: 1.4392, 0, 7.5
front back
photon_ene: 661.6 photon_theta: 0.2042 photon_phi: 5.89775
traject_len: 5.09123
pe_len: 2.631 cs_len: 7.31442
---
front: 1.02431, 0, 2.5
side: 0, 0, 0
front only
front: 0, 1.02739, 2.5
side: 0, 0, 0
front only
else
else
else
front: 0, 2.42876, 2.5
side: 0, 0, 0
front only
else
else
else
else
else
front: 0.0491455, 1.03089, 2.5
side: 0, 0, 0
front only
front: 0, 0, 2.5
side: 0, 0, 0
front only
else
else
else
else
else
front: 0, 0, 2.5
back: 0, 0, 7.5
front back
photon_ene: 661.6 photon_theta: 2.82491 photon_phi: 1.26265
traject_len: 5
pe_len: 54.0482 cs_len: 0.840761
---
else
front: 0, 0, 2.5
side: 0, 0, 0
front only
else
else
front: 1.96388, 0.852289, 2.5
side: 0, 0, 0
front only
front: 1.51488, 0, 2.5
side: 0, 0, 0
front only
else
front: 0, 0.985243, 2.5
side: 0, 0, 0
front only
front: 1.01778, 0.559629, 2.5
side: 0, 0, 0
front only
front: 1.44629, 0.920323, 2.5
side: 0, 0, 0
front only
else
else
front: 0, 0.229923, 2.5
back: 0, 0.689769, 7.5
front back
photon_ene: 661.6 photon_theta: 2.97051 photon_phi: 5.72185
traject_len: 5.0211
pe_len: 4.44933 cs_len: 4.5133
---
else
else
else
else
else
else
else
else
front: 0, 0.62482, 2.5
side: 0, 0, 0
front only
front: 0, 1.38566, 2.5
side: 0, 0, 0
front only
else
else
else
else
else
else
else
else
else
else
else
else
else
else
front: 0, 0, 2.5
side: 0, 0, 0
front only
front: 0, 1.64194, 2.5
side: 0, 0, 0
front only
front: 0, 2.07717, 2.5
side: 0, 0, 0
front only
else
front: 1.25986, 0, 2.5
side: 0, 0, 0
front only
else
else
else
front: 0, 0.202569, 2.5
side: 0, 0, 0
front only
else
else
front: 2.42146, 0.324837, 2.5
side: 0, 0, 0
front only
else
front: 0.143049, 2.13698, 2.5
side: 0, 0, 0
front only
else
else
front: 0.226759, 0.535996, 2.5
back: 0.680278, 1.60799, 7.5
front back
photon_ene: 661.6 photon_theta: 2.91287 photon_phi: 4.31216
traject_len: 5.1337
pe_len: 54.0421 cs_len: 2.21809
---
else
front: 0, 1.97011, 2.5
side: 0, 0, 0
front only
else
else
front: 0.308878, 0.198342, 2.5
back: 0.926633, 0.595027, 7.5
front back
photon_ene: 661.6 photon_theta: 0.145789 photon_phi: 0.570829
traject_len: 5.05361
pe_len: 18.0829 cs_len: 1.74976
---
else
front: 0.937192, 0.49387, 2.5
side: 0, 0, 0
front only
else
else
else
front: 2.39127, 0.0798299, 2.5
side: 0, 0, 0
front only
front: 0.382505, 0.556204, 2.5
back: 1.14751, 1.66861, 7.5
front back
photon_ene: 661.6 photon_theta: 0.263725 photon_phi: 0.96837
traject_len: 5.17906
pe_len: 43.4136 cs_len: 0.38958
---
else
else
else
else
else
front: 0.495682, 0, 2.5
side: 0, 0, 0
front only
front: 1.33724, 0.544179, 2.5
side: 0, 0, 0
front only
else
else
else
else
else
else
else
else
else
else
else
else
front: 0, 0, 2.5
side: 0, 0, 0
front only
else
else
else
else
else
else
else
else
else
front: 0, 0, 2.5
side: 0, 0, 0
front only
else
front: 0, 1.62551, 2.5
side: 0, 0, 0
front only
else
else
front: 0.839937, 0, 2.5
side: 0, 0, 0
front only
else
front: 0.533489, 0, 2.5
side: 0, 0, 0
front only
front: 0, 2.23316, 2.5
side: 0, 0, 0
front only
else
front: 0, 0, 2.5
side: 0, 0, 0
front only
else
else
front: 1.22919, 0.808405, 2.5
side: 0, 0, 0
front only
else
else
else
else
else
else
front: 0, 0, 2.5
side: 0, 0, 0
front only
else
else
else
else
else
else
front: 0, 0, 2.5
side: 0, 0, 0
front only
else
front: 1.17366, 0.174141, 2.5
side: 0, 0, 0
front only
front: 0, 1.28742, 2.5
side: 0, 0, 0
front only
else
front: 1.10845, 2.19951, 2.5
side: 0, 0, 0
front only
front: 0.26193, 1.31491, 2.5
side: 0, 0, 0
front only
front: 0, 0, 2.5
back: 0, 0, 7.5
front back
photon_ene: 661.6 photon_theta: 0.236477 photon_phi: 4.33633
traject_len: 5
pe_len: 0.329328 cs_len: 0.730039
---
front: 0, 0, 2.5
side: 0, 0, 0
front only
else
front: 0.371386, 0, 2.5
side: 0, 0, 0
front only
else
front: 0.944776, 0, 2.5
side: 0, 0, 0
front only
else
else
else
front: 0.335252, 0.777218, 2.5
side: 0, 0, 0
front only
else
else
else
else
else
front: 0, 0, 2.5
side: 0, 0, 0
front only
else
else
else
front: 0.0691148, 1.68419, 2.5
side: 0, 0, 0
front only
else
front: 0, 0, 2.5
side: 0, 0, 0
front only
else
front: 0, 1.55707, 2.5
side: 0, 0, 0
front only
front: 0, 0, 2.5
back: 0, 0, 7.5
front back
photon_ene: 661.6 photon_theta: 0.107834 photon_phi: 3.37077
traject_len: 5
pe_len: 44.9013 cs_len: 1.81628
---
front: 0.169965, 0.217124, 2.5
back: 0.509894, 0.651373, 7.5
front back
photon_ene: 661.6 photon_theta: 3.03174 photon_phi: 4.04822
traject_len: 5.03032
pe_len: 70.7184 cs_len: 2.01214
---
front: 0.535788, 0, 2.5
side: 0, 0, 0
front only
else
else
else
else
else
else
else
front: 1.11608, 0, 2.5
side: 0, 0, 0
front only
else
front: 0, 0.188114, 2.5
side: 0, 0, 0
front only
else
else
else
front: 2.13995, 0, 2.5
side: 0, 0, 0
front only
else
else
front: 1.69299, 0, 2.5
side: 0, 0, 0
front only
front: 0, 0, 2.5
back: 0, 0, 7.5
front back
photon_ene: 661.6 photon_theta: 2.92801 photon_phi: 0.134819
traject_len: 5
pe_len: 20.8126 cs_len: 14.3099
---
else
else
front: 0, 1.85434, 2.5
side: 0, 0, 0
front only
else
front: 0.303677, 0, 2.5
back: 0.911031, 0, 7.5
front back
photon_ene: 661.6 photon_theta: 0.131209 photon_phi: 5.88165
traject_len: 5.03675
pe_len: 4.91985 cs_len: 2.96279
---
front: 0, 0, 2.5
side: 0, 0, 0
front only
else
front: 0, 0, 2.5
side: 0, 0, 0
front only
else
else
else
else
else
front: 0, 1.89839, 2.5
side: 0, 0, 0
front only
else
front: 0, 0, 2.5
side: 0, 0, 0
front only
else
front: 0.437267, 1.86506, 2.5
side: 0, 0, 0
front only
else
else
else
else
front: 0, 0, 2.5
side: 0, 0, 0
front only
else
else
else
front: 0, 0, 2.5
side: 0, 0, 0
front only
front: 0, 0, 2.5
side: 0, 0, 0
front only
front: 0, 0.795412, 2.5
side: 0, 0, 0
front only
front: 0, 0, 2.5
side: 0, 0, 0
front only
else
front: 0.27288, 0.575633, 2.5
back: 0.818641, 1.7269, 7.5
front back
photon_ene: 661.6 photon_theta: 2.89209 photon_phi: 4.26971
traject_len: 5.15977
pe_len: 138.044 cs_len: 10.3437
---
front: 0, 1.34534, 2.5
side: 0, 0, 0
front only
else
else
front: 1.88532, 0.89363, 2.5
side: 0, 0, 0
front only
else
front: 0, 1.83341, 2.5
side: 0, 0, 0
front only
front: 0.97597, 1.83297, 2.5
side: 0, 0, 0
front only
front: 0, 0.0692737, 2.5
back: 0, 0.207821, 7.5
front back
photon_ene: 661.6 photon_theta: 0.073847 photon_phi: 2.75769
traject_len: 5.00192
pe_len: 23.1432 cs_len: 5.49307
---
else
else
else
front: 1.04327, 0.378839, 2.5
side: 0, 0, 0
front only
front: 0, 0, 2.5
side: 0, 0, 0
front only
else
else
else
else
front: 0, 0, 2.5
side: 0, 0, 0
front only
front: 0, 0, 2.5
back: 0, 0, 7.5
front back
photon_ene: 661.6 photon_theta: 0.164236 photon_phi: 3.54157
traject_len: 5
pe_len: 0.0935843 cs_len: 0.965252
---
else
else
front: 0.306217, 0.853882, 2.5
side: 0, 0, 0
front only
front: 0, 0, 2.5
side: 0, 0, 0
front only
front: 0, 1.07392, 2.5
side: 0, 0, 0
front only
else
else
else
else
front: 0, 0, 2.5
side: 0, 0, 0
front only
else
else
else
front: 0, 2.078, 2.5
side: 0, 0, 0
front only
else
else
else
else
else
else
front: 0, 0, 2.5
side: 0, 0, 0
front only
front: 0.0465682, 0, 2.5
side: 0, 0, 0
front only
front: 0, 0.435656, 2.5
side: 0, 0, 0
front only
else
else
else
else
else
else
front: 0.960153, 0, 2.5
side: 0, 0, 0
front only
front: 0, 0.868286, 2.5
side: 0, 0, 0
front only
front: 1.36595, 1.50802, 2.5
side: 0, 0, 0
front only
else
else
else
front: 1.74993, 0.340834, 2.5
side: 0, 0, 0
front only
else
front: 0.00456379, 0, 2.5
side: 0, 0, 0
front only
else
else
front: 1.592, 0.0976183, 2.5
side: 0, 0, 0
front only
front: 0.675397, 1.91305, 2.5
side: 0, 0, 0
front only
else
else
else
else
front: 0, 1.3724, 2.5
side: 0, 0, 0
front only
else
front: 0, 0.734455, 2.5
side: 0, 0, 0
front only
else
front: 0, 0, 2.5
side: 0, 0, 0
front only
front: 0, 2.22964, 2.5
side: 0, 0, 0
front only
else
else
else
else
else
else
else
front: 0, 1.28405, 2.5
side: 0, 0, 0
front only
else
else
front: 0, 0.867999, 2.5
side: 0, 0, 0
front only
else
else
else
front: 0, 0.878021, 2.5
side: 0, 0, 0
front only
else
else
else
else
else
else
else
else
else
else
else
else
else
else
front: 1.23222, 1.36783, 2.5
side: 0, 0, 0
front only
else
else
else
else
else
else
front: 0, 0.633133, 2.5
side: 0, 0, 0
front only
else
else
else
else
else
else
front: 0, 0, 2.5
side: 0, 0, 0
front only
else
else
else
front: 0, 0.433067, 2.5
back: 0, 1.2992, 7.5
front back
photon_ene: 661.6 photon_theta: 0.305168 photon_phi: 2.55933
traject_len: 5.07446
pe_len: 25.0108 cs_len: 11.8345
---
else
else
front: 0.789953, 0, 2.5
side: 0, 0, 0
front only
front: 0, 0, 2.5
side: 0, 0, 0
front only
else
front: 0, 0, 2.5
side: 0, 0, 0
front only
else
else
else
front: 0, 1.81947, 2.5
side: 0, 0, 0
front only
else
else
front: 0, 0.678057, 2.5
side: 0, 0, 0
front only
else
else
front: 0, 1.18445, 2.5
side: 0, 0, 0
front only
front: 0, 0, 2.5
side: 0, 0, 0
front only
else
else
else
else
else
else
else
else
else
else
else
else
else
else
else
else
else
else
else
else
front: 0, 1.37903, 2.5
side: 0, 0, 0
front only
else
front: 0.775105, 0, 2.5
side: 0, 0, 0
front only
else
else
else
else
else
else
else
else
else
else
else
else
else
else
front: 0, 0.391233, 2.5
side: 0, 0, 0
front only
front: 0.964076, 0, 2.5
side: 0, 0, 0
front only
else
else
else
else
else
front: 0, 0.481631, 2.5
back: 0, 1.44489, 7.5
front back
photon_ene: 661.6 photon_theta: 0.298695 photon_phi: 2.46559
traject_len: 5.09194
pe_len: 0.77995 cs_len: 10.2186
---
else
else
else
else
front: 0, 0.11851, 2.5
side: 0, 0, 0
front only
else
else
else
else
else
front: 0, 0.710988, 2.5
side: 0, 0, 0
front only
front: 0, 0, 2.5
side: 0, 0, 0
front only
front: 1.95018, 0.324775, 2.5
side: 0, 0, 0
front only
else
front: 0.637163, 0, 2.5
side: 0, 0, 0
front only
else
else
front: 0, 1.4198, 2.5
side: 0, 0, 0
front only
else
else
else
else
else
front: 0, 0.0916067, 2.5
back: 0, 0.27482, 7.5
front back
photon_ene: 661.6 photon_theta: 0.102135 photon_phi: 2.77598
traject_len: 5.00336
pe_len: 4.94817 cs_len: 0.881003
---
front: 2.21671, 0.29293, 2.5
side: 0, 0, 0
front only
else
else
else
else
else
else
front: 0, 0, 2.5
side: 0, 0, 0
front only
else
else
else
else
else
else
else
else
else
else
else
else
else
else
else
else
else
front: 0, 0, 2.5
side: 0, 0, 0
front only
else
else
front: 0, 0, 2.5
side: 0, 0, 0
front only
else
front: 0, 0, 2.5
side: 0, 0, 0
front only
else
else
front: 0, 0, 2.5
back: 0, 0, 7.5
front back
photon_ene: 661.6 photon_theta: 0.108357 photon_phi: 4.17009
traject_len: 5
pe_len: 28.1342 cs_len: 20.8091
---
else
else
front: 1.60596, 0, 2.5
side: 0, 0, 0
front only
else
front: 2.13814, 0, 2.5
side: 0, 0, 0
front only
else
front: 0, 1.66773, 2.5
side: 0, 0, 0
front only
else
else
front: 0, 0, 2.5
side: 0, 0, 0
front only
else
else
else
else
front: 0, 0, 2.5
side: 0, 0, 0
front only
else
else
else
front: 2.16975, 0, 2.5
side: 0, 0, 0
front only
front: 0.40248, 1.01946, 2.5
side: 0, 0, 0
front only
else
else
else
front: 0.143564, 0, 2.5
back: 0.430692, 0, 7.5
front back
photon_ene: 661.6 photon_theta: 2.99277 photon_phi: 1.96384
traject_len: 5.00824
pe_len: 44.02 cs_len: 2.35686
---
else
front: 0, 0, 2.5
side: 0, 0, 0
front only
else
front: 0.210434, 1.48816, 2.5
side: 0, 0, 0
front only
front: 2.4925, 0, 2.5
side: 0, 0, 0
front only
else
front: 0.341377, 0.0539731, 2.5
back: 1.02413, 0.161919, 7.5
front back
photon_ene: 661.6 photon_theta: 0.137376 photon_phi: 0.156806
traject_len: 5.04755
pe_len: 42.8678 cs_len: 0.606077
---
else
else
else
front: 0.231436, 0, 2.5
side: 0, 0, 0
front only
else
else
else
else
front: 0.834464, 1.60277, 2.5
side: 0, 0, 0
front only
else
else
else
else
else
else
front: 0, 0.587788, 2.5
back: 0, 1.76336, 7.5
front back
photon_ene: 661.6 photon_theta: 2.847 photon_phi: 5.39668
traject_len: 5.13634
pe_len: 72.7946 cs_len: 4.64679
---
else
else
else
else
else
else
else
front: 0.750555, 1.55879, 2.5
side: 0, 0, 0
front only
else
else
else
else
else
else
front: 0.953077, 0.890095, 2.5
side: 0, 0, 0
front only
front: 0, 0.572182, 2.5
back: 0, 1.71654, 7.5
front back
photon_ene: 661.6 photon_theta: 0.239462 photon_phi: 1.92639
traject_len: 5.12929
pe_len: 9.97209 cs_len: 1.21102
---
front: 0.638212, 1.8775, 2.5
side: 0, 0, 0
front only
else
else
else
else
front: 0, 0, 2.5
side: 0, 0, 0
front only
else
else
front: 0, 0.4815, 2.5
back: 0, 1.4445, 7.5
front back
photon_ene: 661.6 photon_theta: 2.85827 photon_phi: 5.56038
traject_len: 5.09189
pe_len: 23.3389 cs_len: 0.675986
---
else
else
else
else
else
else
else
else
else
else
else
front: 0, 0, 2.5
back: 0, 0, 7.5
front back
photon_ene: 661.6 photon_theta: 2.88313 photon_phi: 0.108767
traject_len: 5
pe_len: 6.52353 cs_len: 1.63764
---
front: 0.538502, 0, 2.5
back: 1.61551, 0, 7.5
front back
photon_ene: 661.6 photon_theta: 2.83349 photon_phi: 2.31428
traject_len: 5.11468
pe_len: 13.9113 cs_len: 3.43984
---
else
else
else
else
front: 0, 0.0255628, 2.5
side: 0, 0, 0
front only
else
else
else
front: 0, 0.832798, 2.5
side: 0, 0, 0
front only
else
else
else
else
else
front: 0, 0.283914, 2.5
back: 0, 0.851741, 7.5
front back
photon_ene: 661.6 photon_theta: 0.134459 photon_phi: 2.1452
traject_len: 5.03214
pe_len: 28.7807 cs_len: 0.0103717
---
else
else
else
else
else
front: 0.778365, 0, 2.5
back: 2.33509, 0, 7.5
front back
photon_ene: 661.6 photon_theta: 2.83966 photon_phi: 3.11529
traject_len: 5.23674
pe_len: 36.7455 cs_len: 5.82753
---
else
front: 0.734853, 0, 2.5
side: 0, 0, 0
front only
else
else
front: 2.38155, 0, 2.5
side: 0, 0, 0
front only
else
else
front: 0, 2.18512, 2.5
side: 0, 0, 0
front only
else
front: 0, 0, 2.5
side: 0, 0, 0
front only
else
else
else
else
else
else
front: 0, 1.90796, 2.5
side: 0, 0, 0
front only
else
else
else
else
else
else
else
else
front: 0, 0, 2.5
side: 0, 0, 0
front only
else
else
front: 0, 0, 2.5
side: 0, 0, 0
front only
front: 2.20387, 0.617808, 2.5
side: 0, 0, 0
front only
else
else
else
else
front: 1.71698, 0.475393, 2.5
side: 0, 0, 0
front only
front: 0, 0.766967, 2.5
side: 0, 0, 0
front only
front: 1.06619, 1.22231, 2.5
side: 0, 0, 0
front only
else
front: 0, 0.833269, 2.5
side: 0, 0, 0
front only
else
else
else
else
else
else
else
front: 0, 0.901494, 2.5
side: 0, 0, 0
front only
else
else
else
else
front: 0, 0, 2.5
side: 0, 0, 0
front only
front: 0, 0.985839, 2.5
side: 0, 0, 0
front only
else
else
front: 0.737404, 0.428051, 2.5
side: 0, 0, 0
front only
else
else
else
front: 0, 1.06087, 2.5
side: 0, 0, 0
front only
else
else
else
else
front: 0, 0.775159, 2.5
back: 0, 2.32548, 7.5
front back
photon_ene: 661.6 photon_theta: 0.320622 photon_phi: 1.93698
traject_len: 5.23483
pe_len: 19.6994 cs_len: 0.180311
---
else
else
else
front: 2.32568, 0, 2.5
side: 0, 0, 0
front only
front: 0.415802, 0, 2.5
side: 0, 0, 0
front only
else
else
else
else
front: 0.368198, 0, 2.5
side: 0, 0, 0
front only
else
else
else
front: 0, 2.42014, 2.5
side: 0, 0, 0
front only
front: 1.25783, 0, 2.5
side: 0, 0, 0
front only
else
else
else
else
else
else
else
front: 0, 0.424417, 2.5
back: 0, 1.27325, 7.5
front back
photon_ene: 661.6 photon_theta: 2.94304 photon_phi: 5.27897
traject_len: 5.07154
pe_len: 54.098 cs_len: 14.7077
---
front: 0.12723, 1.04922, 2.5
side: 0, 0, 0
front only
else
else
front: 0, 0, 2.5
side: 0, 0, 0
front only
front: 0.362984, 0.0966662, 2.5
back: 1.08895, 0.289999, 7.5
front back
photon_ene: 661.6 photon_theta: 0.149139 photon_phi: 0.260269
traject_len: 5.05613
pe_len: 50.2555 cs_len: 0.39315
---
else
else
else
else
else
else
front: 0, 0.00236677, 2.5
back: 0, 0.0071003, 7.5
front back
photon_ene: 661.6 photon_theta: 0.102878 photon_phi: 3.13242
traject_len: 5
pe_len: 14.0316 cs_len: 1.74507
---
else
front: 0, 0.583491, 2.5
side: 0, 0, 0
front only
else
else
front: 0.229217, 1.31217, 2.5
side: 0, 0, 0
front only
else
else
else
else
front: 0, 0.0271483, 2.5
back: 0, 0.0814449, 7.5
front back
photon_ene: 661.6 photon_theta: 0.211955 photon_phi: 3.09111
traject_len: 5.00029
pe_len: 9.83706 cs_len: 1.78545
---
else
front: 1.30006, 0, 2.5
side: 0, 0, 0
front only
else
else
else
front: 0, 0, 2.5
side: 0, 0, 0
front only
front: 0, 0.629991, 2.5
side: 0, 0, 0
front only
front: 0, 1.92036, 2.5
side: 0, 0, 0
front only
else
else
else
else
else
front: 0.387747, 0.189554, 2.5
back: 1.16324, 0.568662, 7.5
front back
photon_ene: 661.6 photon_theta: 0.170955 photon_phi: 0.454696
traject_len: 5.07396
pe_len: 19.1006 cs_len: 3.80223
---
else
else
front: 1.57347, 0.752516, 2.5
side: 0, 0, 0
front only
else
else
else
else
front: 0, 1.36807, 2.5
side: 0, 0, 0
front only
else
front: 0.188962, 1.47744, 2.5
side: 0, 0, 0
front only
else
else
else
else
else
else
else
else
else
else
else
front: 0, 0, 2.5
side: 0, 0, 0
front only
front: 0.0804009, 0, 2.5
side: 0, 0, 0
front only
else
else
else
else
front: 0, 1.69561, 2.5
side: 0, 0, 0
front only
else
else
else
else
else
front: 0, 0.0135371, 2.5
side: 0, 0, 0
front only
else
else
else
front: 0.0391447, 1.50226, 2.5
side: 0, 0, 0
front only
else
else
else
front: 1.93837, 0, 2.5
side: 0, 0, 0
front only
front: 0, 0.396553, 2.5
back: 0, 1.18966, 7.5
front back
photon_ene: 661.6 photon_theta: 0.205981 photon_phi: 2.27958
traject_len: 5.06251
pe_len: 18.9093 cs_len: 1.85376
---
else
else
else
else
else
else
else
else
front: 0, 1.38992, 2.5
side: 0, 0, 0
front only
else
front: 0, 1.84008, 2.5
side: 0, 0, 0
front only
else
else
front: 0.902588, 0, 2.5
side: 0, 0, 0
front only
front: 0, 0, 2.5
back: 0, 0, 7.5
front back
photon_ene: 661.6 photon_theta: 0.245002 photon_phi: 4.57785
traject_len: 5
pe_len: 12.6304 cs_len: 1.05266
---
else
else
else
else
else
else
else
front: 0.11145, 0, 2.5
back: 0.33435, 0, 7.5
front back
photon_ene: 661.6 photon_theta: 2.93241 photon_phi: 1.78237
traject_len: 5.00497
pe_len: 27.7143 cs_len: 23.675
---
else
else
front: 0, 0, 2.5
side: 0, 0, 0
front only
else
else
else
front: 0, 0, 2.5
side: 0, 0, 0
front only
front: 0, 0.779632, 2.5
side: 0, 0, 0
front only
else
else
front: 0, 1.12195, 2.5
side: 0, 0, 0
front only
front: 0.899153, 0, 2.5
side: 0, 0, 0
front only
else
else
else
else
else
else
else
front: 0, 0.417053, 2.5
back: 0, 1.25116, 7.5
front back
photon_ene: 661.6 photon_theta: 0.187882 photon_phi: 2.07111
traject_len: 5.0691
pe_len: 20.3464 cs_len: 33.7283
---
front: 0.177594, 0, 2.5
side: 0, 0, 0
front only
else
front: 0, 0, 2.5
side: 0, 0, 0
front only
else
else
else
else
else
else
else
else
else
front: 0, 0, 2.5
back: 0, 0, 7.5
front back
photon_ene: 661.6 photon_theta: 0.269321 photon_phi: 4.51926
traject_len: 5
pe_len: 58.2447 cs_len: 8.28037
---
else
else
else
else
front: 0, 1.34468, 2.5
side: 0, 0, 0
front only
else
front: 0, 0, 2.5
side: 0, 0, 0
front only
front: 0, 0.751926, 2.5
side: 0, 0, 0
front only
front: 0, 0, 2.5
side: 0, 0, 0
front only
else
else
else
front: 0, 0.636408, 2.5
side: 0, 0, 0
front only
else
else
else
else
front: 0, 0, 2.5
side: 0, 0, 0
front only
else
front: 0, 0.486401, 2.5
side: 0, 0, 0
front only
else
else
front: 1.19841, 0, 2.5
side: 0, 0, 0
front only
else
else
else
else
else
front: 0.0294829, 0, 2.5
side: 0, 0, 0
front only
else
front: 0, 1.62641, 2.5
side: 0, 0, 0
front only
else
front: 1.15381, 0.759489, 2.5
side: 0, 0, 0
front only
front: 0.849941, 0, 2.5
side: 0, 0, 0
front only
else
else
else
else
else
else
else
else
else
front: 1.4251, 0.0969994, 2.5
side: 0, 0, 0
front only
else
else
else
else
else
else
front: 1.53013, 1.01207, 2.5
side: 0, 0, 0
front only
else
else
else
else
else
else
front: 0.426924, 0.688085, 2.5
back: 1.28077, 2.06425, 7.5
front back
photon_ene: 661.6 photon_theta: 2.82835 photon_phi: 4.15707
traject_len: 5.25575
pe_len: 70.4509 cs_len: 1.52386
---
else
else
else
front: 0.753142, 0.892285, 2.5
side: 0, 0, 0
front only
else
else
else
else
else
else
else
front: 0, 0.0521336, 2.5
side: 0, 0, 0
front only
front: 0, 2.18491, 2.5
side: 0, 0, 0
front only
else
else
else
else
else
else
front: 1.69685, 0, 2.5
side: 0, 0, 0
front only
front: 0, 1.52906, 2.5
side: 0, 0, 0
front only
front: 0.260248, 0.0329466, 2.5
back: 0.780743, 0.0988398, 7.5
front back
photon_ene: 661.6 photon_theta: 0.104547 photon_phi: 0.125927
traject_len: 5.02745
pe_len: 28.521 cs_len: 0.37679
---
else
else
else
front: 2.20253, 0, 2.5
side: 0, 0, 0
front only
else
front: 1.22179, 0.19782, 2.5
side: 0, 0, 0
front only
else
else
else
else
else
else
else
else
else
front: 1.211, 0, 2.5
side: 0, 0, 0
front only
else
front: 1.16205, 0.495373, 2.5
side: 0, 0, 0
front only
front: 0, 0.360587, 2.5
side: 0, 0, 0
front only
else
else
else
else
else
else
front: 0, 0.0124744, 2.5
back: 0, 0.0374232, 7.5
front back
photon_ene: 661.6 photon_theta: 3.07598 photon_phi: 6.20717
traject_len: 5.00006
pe_len: 52.3474 cs_len: 5.74526
---
front: 0.979348, 0, 2.5
side: 0, 0, 0
front only
front: 0, 0, 2.5
side: 0, 0, 0
front only
else
front: 0, 0, 2.5
side: 0, 0, 0
front only
front: 1.32261, 0, 2.5
side: 0, 0, 0
front only
else
else
else
else
front: 0, 0.916619, 2.5
side: 0, 0, 0
front only
else
else
front: 0.905338, 0, 2.5
side: 0, 0, 0
front only
else
else
front: 0, 0, 2.5
back: 0, 0, 7.5
front back
photon_ene: 661.6 photon_theta: 2.92358 photon_phi: 1.12279
traject_len: 5
pe_len: 16.1903 cs_len: 4.28538
---
else
else
else
else
front: 0.309172, 1.26577, 2.5
side: 0, 0, 0
front only
front: 0, 0, 2.5
side: 0, 0, 0
front only
front: 1.82927, 0.418375, 2.5
side: 0, 0, 0
front only
front: 0.293225, 0, 2.5
back: 0.879675, 0, 7.5
front back
photon_ene: 661.6 photon_theta: 2.99625 photon_phi: 2.5003
traject_len: 5.03427
pe_len: 10.3976 cs_len: 0.253635
---
else
front: 1.72223, 1.33956, 2.5
side: 0, 0, 0
front only
else
front: 0.343851, 1.67342, 2.5
side: 0, 0, 0
front only
else
else
else
front: 0.108085, 0.415304, 2.5
back: 0.324255, 1.24591, 7.5
front back
photon_ene: 661.6 photon_theta: 0.169999 photon_phi: 1.31619
traject_len: 5.07313
pe_len: 63.5047 cs_len: 1.37923
---
else
else
front: 0, 0, 2.5
side: 0, 0, 0
front only
else
else
else
else
else
else
else
else
else
else
else
else
else
else
else
front: 0, 0, 2.5
side: 0, 0, 0
front only
else
else
else
else
else
else
else
else
else
else
else
front: 0, 0.522467, 2.5
back: 0, 1.5674, 7.5
front back
photon_ene: 661.6 photon_theta: 0.21409 photon_phi: 1.85025
traject_len: 5.10802
pe_len: 27.5815 cs_len: 2.29073
---
else
else
else
else
else
front: 1.73807, 0, 2.5
side: 0, 0, 0
front only
else
else
else
else
else
front: 1.00152, 0, 2.5
side: 0, 0, 0
front only
else
else
else
else
else
else
else
front: 1.73056, 0, 2.5
side: 0, 0, 0
front only
else
else
else
else
front: 0.784999, 0.589006, 2.5
side: 0, 0, 0
front only
front: 0, 1.37199, 2.5
side: 0, 0, 0
front only
else
front: 0, 0, 2.5
side: 0, 0, 0
front only
front: 0.504831, 0, 2.5
side: 0, 0, 0
front only
else
else
front: 0.77922, 0, 2.5
side: 0, 0, 0
front only
else
else
front: 1.2701, 1.843, 2.5
side: 0, 0, 0
front only
else
front: 0, 1.12714, 2.5
side: 0, 0, 0
front only
else
else
else
front: 0, 0, 2.5
side: 0, 0, 0
front only
else
else
front: 0, 1.92452, 2.5
side: 0, 0, 0
front only
else
else
front: 0, 0, 2.5
back: 0, 0, 7.5
front back
photon_ene: 661.6 photon_theta: 2.84091 photon_phi: 0.512863
traject_len: 5
pe_len: 35.3713 cs_len: 8.24888
---
else
else
else
else
else
front: 1.29401, 0, 2.5
side: 0, 0, 0
front only
front: 0, 0, 2.5
side: 0, 0, 0
front only
else
else
else
else
front: 0, 0, 2.5
side: 0, 0, 0
front only
else
else
else
else
else
front: 1.34908, 0, 2.5
side: 0, 0, 0
front only
else
else
else
front: 0.740437, 0.545925, 2.5
side: 0, 0, 0
front only
else
else
else
else
else
else
else
else
front: 0.189772, 0.568568, 2.5
back: 0.569315, 1.7057, 7.5
front back
photon_ene: 661.6 photon_theta: 2.90627 photon_phi: 4.39024
traject_len: 5.1417
pe_len: 39.2732 cs_len: 3.62584
---
else
else
else
front: 0.0469404, 0.403288, 2.5
back: 0.140821, 1.20986, 7.5
front back
photon_ene: 661.6 photon_theta: 0.160999 photon_phi: 1.45492
traject_len: 5.06551
pe_len: 14.4959 cs_len: 7.29201
---
else
front: 0, 0, 2.5
side: 0, 0, 0
front only
else
else
front: 1.19621, 0, 2.5
side: 0, 0, 0
front only
else
front: 0, 2.44515, 2.5
side: 0, 0, 0
front only
else
else
else
else
front: 0.144637, 0, 2.5
back: 0.43391, 0, 7.5
front back
photon_ene: 661.6 photon_theta: 0.0615862 photon_phi: 5.92985
traject_len: 5.00836
pe_len: 4.14503 cs_len: 0.233759
---
else
else
else
else
front: 0, 0, 2.5
side: 0, 0, 0
front only
else
else
else
else
else
else
else
else
else
else
else
else
else
front: 0.74254, 0, 2.5
back: 2.22762, 0, 7.5
front back
photon_ene: 661.6 photon_theta: 0.288868 photon_phi: 6.24987
traject_len: 5.21589
pe_len: 43.8351 cs_len: 1.25563
---
front: 0.167496, 0, 2.5
back: 0.502488, 0, 7.5
front back
photon_ene: 661.6 photon_theta: 2.95398 photon_phi: 1.93147
traject_len: 5.01121
pe_len: 16.2847 cs_len: 8.44437
---
front: 0.648086, 0, 2.5
side: 0, 0, 0
front only
else
else
else
else
else
else
front: 1.09589, 1.73605, 2.5
side: 0, 0, 0
front only
else
else
else
front: 1.53663, 0, 2.5
side: 0, 0, 0
front only
else
front: 0, 1.44861, 2.5
side: 0, 0, 0
front only
else
else
else
else
else
else
else
else
front: 0, 0, 2.5
side: 0, 0, 0
front only
else
front: 0.529644, 0.800341, 2.5
side: 0, 0, 0
front only
else
else
else
front: 0.874796, 0, 2.5
side: 0, 0, 0
front only
front: 0, 1.63887, 2.5
side: 0, 0, 0
front only
else
else
else
else
else
else
front: 0, 1.77578, 2.5
side: 0, 0, 0
front only
else
else
front: 0, 0.916972, 2.5
side: 0, 0, 0
front only
else
front: 1.69274, 0, 2.5
side: 0, 0, 0
front only
else
else
front: 0.188603, 0, 2.5
side: 0, 0, 0
front only
else
else
else
else
else
else
front: 0.387559, 1.83464, 2.5
side: 0, 0, 0
front only
else
front: 0, 0, 2.5
side: 0, 0, 0
front only
else
else
else
front: 1.02327, 1.22972, 2.5
side: 0, 0, 0
front only
front: 0.0752693, 0.763161, 2.5
back: 0.225808, 2.28948, 7.5
front back
photon_ene: 661.6 photon_theta: 0.297634 photon_phi: 1.47249
traject_len: 5.22994
pe_len: 26.5667 cs_len: 7.43894
---
else
else
else
else
front: 0, 0, 2.5
side: 0, 0, 0
front only
else
else
else
else
front: 0.935465, 0, 2.5
side: 0, 0, 0
front only
front: 0.0674758, 0.756602, 2.5
back: 0.202427, 2.26981, 7.5
front back
photon_ene: 661.6 photon_theta: 2.84661 photon_phi: 4.62344
traject_len: 5.22571
pe_len: 22.4663 cs_len: 6.52007
---
else
else
front: 1.33227, 1.48184, 2.5
side: 0, 0, 0
front only
else
else
else
else
else
else
else
front: 0, 0.108861, 2.5
back: 0, 0.326582, 7.5
front back
photon_ene: 661.6 photon_theta: 0.262526 photon_phi: 2.97884
traject_len: 5.00474
pe_len: 79.1652 cs_len: 7.56623
---
else
else
front: 0, 0, 2.5
back: 0, 0, 7.5
front back
photon_ene: 661.6 photon_theta: 2.92344 photon_phi: 0.34258
traject_len: 5
pe_len: 35.094 cs_len: 3.84114
---
front: 0, 1.33291, 2.5
side: 0, 0, 0
front only
else
else
front: 0.748605, 0, 2.5
side: 0, 0, 0
front only
front: 0, 0.410163, 2.5
side: 0, 0, 0
front only
else
front: 0, 0.754392, 2.5
side: 0, 0, 0
front only
front: 0, 0.249157, 2.5
back: 0, 0.74747, 7.5
front back
photon_ene: 661.6 photon_theta: 2.87338 photon_phi: 5.9121
traject_len: 5.02477
pe_len: 15.9316 cs_len: 0.491709
---
front: 1.06199, 0.708888, 2.5
side: 0, 0, 0
front only
front: 0.85964, 0, 2.5
side: 0, 0, 0
front only
else
else
front: 0.782776, 1.99624, 2.5
side: 0, 0, 0
front only
front: 0.0905383, 0, 2.5
side: 0, 0, 0
front only
front: 0, 0, 2.5
side: 0, 0, 0
front only
else
else
front: 0, 0, 2.5
side: 0, 0, 0
front only
front: 0, 1.10865, 2.5
side: 0, 0, 0
front only
front: 0, 2.15857, 2.5
side: 0, 0, 0
front only
else
else
else
else
else
else
else
else
front: 0, 0.1787, 2.5
side: 0, 0, 0
front only
front: 0.295773, 1.28266, 2.5
side: 0, 0, 0
front only
else
else
else
else
else
else
front: 1.43426, 0, 2.5
side: 0, 0, 0
front only
else
else
else
else
else
else
else
front: 0, 0.78719, 2.5
side: 0, 0, 0
front only
else
else
front: 0, 0.450836, 2.5
side: 0, 0, 0
front only
front: 1.98084, 0, 2.5
side: 0, 0, 0
front only
else
else
else
else
else
front: 0.786114, 1.97418, 2.5
side: 0, 0, 0
front only
else
else
else
else
front: 0.193711, 2.24481, 2.5
side: 0, 0, 0
front only
else
front: 0, 0, 2.5
side: 0, 0, 0
front only
front: 0, 0, 2.5
side: 0, 0, 0
front only
else
else
front: 2.12706, 1.17511, 2.5
side: 0, 0, 0
front only
else
front: 0, 0.582137, 2.5
side: 0, 0, 0
front only
else
front: 0, 0, 2.5
back: 0, 0, 7.5
front back
photon_ene: 661.6 photon_theta: 2.96416 photon_phi: 0.0893624
traject_len: 5
pe_len: 80.5418 cs_len: 2.41153
---
else
else
front: 0.0520467, 0, 2.5
back: 0.15614, 0, 7.5
front back
photon_ene: 661.6 photon_theta: 0.0242753 photon_phi: 5.74266
traject_len: 5.00108
pe_len: 9.53935 cs_len: 6.75899
---
else
front: 0.136965, 1.62091, 2.5
side: 0, 0, 0
front only
else
else
else
else
front: 0.75527, 0.657424, 2.5
side: 0, 0, 0
front only
else
front: 0, 1.25786, 2.5
side: 0, 0, 0
front only
else
else
front: 0, 0, 2.5
side: 0, 0, 0
front only
else
else
front: 0.742356, 0, 2.5
back: 2.22707, 0, 7.5
front back
photon_ene: 661.6 photon_theta: 2.83086 photon_phi: 2.75099
traject_len: 5.21578
pe_len: 54.0594 cs_len: 0.713459
---
else
else
else
front: 0, 0, 2.5
side: 0, 0, 0
front only
else
else
else
else
else
else
else
else
else
front: 0, 0, 2.5
back: 0, 0, 7.5
front back
photon_ene: 661.6 photon_theta: 0.0430147 photon_phi: 4.09569
traject_len: 5
pe_len: 3.17142 cs_len: 0.530193
---
front: 0, 0.250965, 2.5
side: 0, 0, 0
front only
else
else
else
front: 0.602117, 0, 2.5
back: 1.80635, 0, 7.5
front back
photon_ene: 661.6 photon_theta: 0.308493 photon_phi: 5.56926
traject_len: 5.14297
pe_len: 55.1343 cs_len: 6.76158
---
front: 0.286204, 0.0080228, 2.5
back: 0.858613, 0.0240684, 7.5
front back
photon_ene: 661.6 photon_theta: 3.02756 photon_phi: 3.16962
traject_len: 5.03268
pe_len: 20.7799 cs_len: 6.33516
---
else
else
front: 0, 1.77896, 2.5
side: 0, 0, 0
front only
front: 0, 0, 2.5
back: 0, 0, 7.5
front back
photon_ene: 661.6 photon_theta: 2.88661 photon_phi: 0.254001
traject_len: 5
pe_len: 46.8582 cs_len: 4.90695
---
else
front: 0, 0, 2.5
side: 0, 0, 0
front only
else
else
front: 0.551192, 0, 2.5
back: 1.65358, 0, 7.5
front back
photon_ene: 661.6 photon_theta: 0.233608 photon_phi: 5.89754
traject_len: 5.12008
pe_len: 5.2416 cs_len: 1.66788
---
else
else
front: 0.370156, 0, 2.5
side: 0, 0, 0
front only
else
front: 0, 0, 2.5
side: 0, 0, 0
front only
else
else
else
else
else
else
else
front: 1.20443, 2.08185, 2.5
side: 0, 0, 0
front only
else
else
front: 0, 0, 2.5
side: 0, 0, 0
front only
else
front: 1.50173, 0, 2.5
side: 0, 0, 0
front only
else
else
front: 0, 0, 2.5
side: 0, 0, 0
front only
else
else
else
else
else
else
else
else
else
else
else
else
else
else
front: 0, 0.421953, 2.5
side: 0, 0, 0
front only
front: 0.769035, 0, 2.5
side: 0, 0, 0
front only
else
else
front: 0.274195, 0, 2.5
side: 0, 0, 0
front only
else
else
front: 0, 0.343491, 2.5
side: 0, 0, 0
front only
front: 1.91079, 1.5304, 2.5
side: 0, 0, 0
front only
front: 1.04011, 0.731966, 2.5
side: 0, 0, 0
front only
else
else
else
else
else
front: 0, 0, 2.5
side: 0, 0, 0
front only
front: 1.50154, 0, 2.5
side: 0, 0, 0
front only
else
else
else
front: 0, 0.467716, 2.5
side: 0, 0, 0
front only
else
else
else
else
else
else
else
front: 0, 0.972227, 2.5
side: 0, 0, 0
front only
front: 0.935607, 0, 2.5
side: 0, 0, 0
front only
else
front: 0, 0, 2.5
side: 0, 0, 0
front only
front: 1.53166, 1.30914, 2.5
side: 0, 0, 0
front only
front: 0, 0.826847, 2.5
side: 0, 0, 0
front only
front: 1.65054, 0.124585, 2.5
side: 0, 0, 0
front only
front: 0, 0, 2.5
side: 0, 0, 0
front only
else
front: 0, 0, 2.5
side: 0, 0, 0
front only
front: 0, 0.158509, 2.5
side: 0, 0, 0
front only
front: 0, 1.44493, 2.5
side: 0, 0, 0
front only
else
else
front: 0.463226, 0, 2.5
back: 1.38968, 0, 7.5
front back
photon_ene: 661.6 photon_theta: 0.24094 photon_phi: 5.56666
traject_len: 5.08511
pe_len: 37.4915 cs_len: 6.7078
---
front: 0, 0, 2.5
side: 0, 0, 0
front only
else
front: 0.986795, 0.635326, 2.5
side: 0, 0, 0
front only
else
front: 0, 0.24506, 2.5
side: 0, 0, 0
front only
else
front: 0.586001, 0, 2.5
side: 0, 0, 0
front only
front: 0, 0.320889, 2.5
side: 0, 0, 0
front only
front: 0, 0, 2.5
side: 0, 0, 0
front only
front: 0.522109, 0, 2.5
back: 1.56633, 0, 7.5
front back
photon_ene: 661.6 photon_theta: 2.91985 photon_phi: 2.75535
traject_len: 5.10788
pe_len: 14.5028 cs_len: 0.958054
---
else
front: 0, 0, 2.5
side: 0, 0, 0
front only
front: 1.98603, 0, 2.5
side: 0, 0, 0
front only
else
front: 0, 1.00828, 2.5
side: 0, 0, 0
front only
else
else
else
else
else
front: 0.228682, 0.908004, 2.5
side: 0, 0, 0
front only
else
front: 0, 0, 2.5
back: 0, 0, 7.5
front back
photon_ene: 661.6 photon_theta: 2.84693 photon_phi: 0.825585
traject_len: 5
pe_len: 46.5137 cs_len: 0.823032
---
front: 0, 0, 2.5
back: 0, 0, 7.5
front back
photon_ene: 661.6 photon_theta: 2.8308 photon_phi: 0.698442
traject_len: 5
pe_len: 5.39503 cs_len: 5.87747
---
else
else
else
front: 1.19966, 1.96476, 2.5
side: 0, 0, 0
front only
else
else
front: 0, 0.148376, 2.5
back: 0, 0.445129, 7.5
front back
photon_ene: 661.6 photon_theta: 2.94557 photon_phi: 5.97966
traject_len: 5.0088
pe_len: 35.8592 cs_len: 2.11696
---
else
else
else
else
else
else
front: 1.26715, 0.852663, 2.5
side: 0, 0, 0
front only
else
else
else
else
else
else
front: 0.0989743, 1.87682, 2.5
side: 0, 0, 0
front only
else
else
front: 1.72295, 0, 2.5
side: 0, 0, 0
front only
else
else
else
else
front: 0, 0, 2.5
side: 0, 0, 0
front only
else
else
front: 0.665062, 0, 2.5
back: 1.99519, 0, 7.5
front back
photon_ene: 661.6 photon_theta: 0.262467 photon_phi: 6.14289
traject_len: 5.1739
pe_len: 2.22439 cs_len: 4.27123
---
else
else
else
else
front: 0, 0, 2.5
side: 0, 0, 0
front only
else
else
else
else
else
front: 0.339114, 0, 2.5
side: 0, 0, 0
front only
front: 0, 0, 2.5
side: 0, 0, 0
front only
else
front: 0, 0.277402, 2.5
side: 0, 0, 0
front only
else
front: 0, 0, 2.5
side: 0, 0, 0
front only
else
else
else
else
else
else
else
front: 0, 0.0127155, 2.5
side: 0, 0, 0
front only
front: 0.507682, 0, 2.5
side: 0, 0, 0
front only
front: 0.334027, 0, 2.5
side: 0, 0, 0
front only
else
else
else
else
front: 0, 1.24139, 2.5
side: 0, 0, 0
front only
front: 0, 0, 2.5
side: 0, 0, 0
front only
front: 0.325799, 0.655093, 2.5
back: 0.977396, 1.96528, 7.5
front back
photon_ene: 661.6 photon_theta: 2.85689 photon_phi: 4.25088
traject_len: 5.20972
pe_len: 13.1263 cs_len: 5.05734
---
else
front: 0, 1.93815, 2.5
side: 0, 0, 0
front only
else
else
else
else
front: 0, 0, 2.5
side: 0, 0, 0
front only
else
else
front: 1.41639, 0, 2.5
side: 0, 0, 0
front only
else
else
else
front: 0, 0.287422, 2.5
side: 0, 0, 0
front only
else
else
else
else
else
else
front: 1.24134, 0.751246, 2.5
side: 0, 0, 0
front only
front: 0.521148, 0, 2.5
side: 0, 0, 0
front only
else
front: 0, 0.258399, 2.5
side: 0, 0, 0
front only
front: 1.79618, 1.31548, 2.5
side: 0, 0, 0
front only
else
else
else
front: 0.643435, 0, 2.5
side: 0, 0, 0
front only
else
else
else
else
front: 0.285144, 1.42558, 2.5
side: 0, 0, 0
front only
else
else
else
else
front: 0.675795, 0.366281, 2.5
back: 2.02739, 1.09884, 7.5
front back
photon_ene: 661.6 photon_theta: 2.8433 photon_phi: 3.63827
traject_len: 5.23101
pe_len: 16.2371 cs_len: 3.81095
---
else
else
else
front: 0.406448, 1.55707, 2.5
side: 0, 0, 0
front only
else
else
else
else
else
front: 1.10572, 0, 2.5
side: 0, 0, 0
front only
front: 0, 0, 2.5
side: 0, 0, 0
front only
else
else
else
else
else
front: 1.27472, 0.43006, 2.5
side: 0, 0, 0
front only
else
front: 0, 0.402059, 2.5
side: 0, 0, 0
front only
else
else
else
front: 0.480442, 2.03315, 2.5
side: 0, 0, 0
front only
else
front: 1.37484, 1.40114, 2.5
side: 0, 0, 0
front only
else
else
else
front: 0.153621, 0, 2.5
side: 0, 0, 0
front only
else
else
else
else
front: 0.183482, 0.308675, 2.5
back: 0.550446, 0.926026, 7.5
front back
photon_ene: 661.6 photon_theta: 2.99893 photon_phi: 4.17608
traject_len: 5.05132
pe_len: 17.4752 cs_len: 5.2925
---
else
front: 0, 0.945562, 2.5
side: 0, 0, 0
front only
else
else
front: 2.29922, 0, 2.5
side: 0, 0, 0
front only
front: 1.945, 1.0014, 2.5
side: 0, 0, 0
front only
else
else
else
front: 0, 0, 2.5
side: 0, 0, 0
front only
else
front: 1.11356, 0.316296, 2.5
side: 0, 0, 0
front only
front: 0.217446, 0.176739, 2.5
back: 0.652338, 0.530218, 7.5
front back
photon_ene: 661.6 photon_theta: 0.111619 photon_phi: 0.682495
traject_len: 5.03131
pe_len: 156.287 cs_len: 3.08413
---
else
else
front: 0, 0, 2.5
side: 0, 0, 0
front only
front: 0.245469, 1.64817, 2.5
side: 0, 0, 0
front only
front: 1.62871, 1.67585, 2.5
side: 0, 0, 0
front only
else
else
front: 0.124731, 0, 2.5
back: 0.374193, 0, 7.5
front back
photon_ene: 661.6 photon_theta: 3.03991 photon_phi: 2.08171
traject_len: 5.00622
pe_len: 17.3289 cs_len: 2.5289
---
else
front: 2.03985, 0.603091, 2.5
side: 0, 0, 0
front only
else
else
else
else
else
front: 0, 0, 2.5
side: 0, 0, 0
front only
front: 1.51283, 0.919226, 2.5
side: 0, 0, 0
front only
else
else
else
else
else
front: 0, 0.277223, 2.5
side: 0, 0, 0
front only
else
front: 0, 0.172611, 2.5
side: 0, 0, 0
front only
front: 1.17413, 1.56965, 2.5
side: 0, 0, 0
front only
else
else
else
else
else
front: 0, 1.80347, 2.5
side: 0, 0, 0
front only
else
else
else
else
else
else
else
else
else
else
else
else
else
else
else
front: 0, 0.16009, 2.5
side: 0, 0, 0
front only
else
else
else
else
else
else
else
front: 0, 0.188515, 2.5
back: 0, 0.565544, 7.5
front back
photon_ene: 661.6 photon_theta: 2.87612 photon_phi: 6.00217
traject_len: 5.01419
pe_len: 15.9957 cs_len: 5.19225
---
front: 1.5094, 0, 2.5
side: 0, 0, 0
front only
front: 0.13925, 0, 2.5
back: 0.417749, 0, 7.5
front back
photon_ene: 661.6 photon_theta: 2.88767 photon_phi: 1.7871
traject_len: 5.00775
pe_len: 61.7649 cs_len: 28.2242
---
else
else
else
else
else
else
else
else
else
front: 0, 0, 2.5
back: 0, 0, 7.5
front back
photon_ene: 661.6 photon_theta: 2.89462 photon_phi: 0.509337
traject_len: 5
pe_len: 4.19719 cs_len: 21.6232
---
else
front: 0, 0, 2.5
side: 0, 0, 0
front only
front: 0, 0.620159, 2.5
side: 0, 0, 0
front only
else
front: 2.09763, 0, 2.5
side: 0, 0, 0
front only
else
front: 0, 0, 2.5
side: 0, 0, 0
front only
else
front: 1.25048, 0.211856, 2.5
side: 0, 0, 0
front only
else
else
else
else
else
else
else
front: 0, 0.369097, 2.5
side: 0, 0, 0
front only
front: 0.0552313, 0, 2.5
back: 0.165694, 0, 7.5
front back
photon_ene: 661.6 photon_theta: 2.86219 photon_phi: 1.64787
traject_len: 5.00122
pe_len: 8.10917 cs_len: 7.88769
---
front: 0.268425, 2.39517, 2.5
side: 0, 0, 0
front only
else
else
front: 0, 0, 2.5
side: 0, 0, 0
front only
else
front: 0.795515, 0.670192, 2.5
side: 0, 0, 0
front only
else
else
else
else
front: 0, 0, 2.5
side: 0, 0, 0
front only
front: 0.492657, 0, 2.5
back: 1.47797, 0, 7.5
front back
photon_ene: 661.6 photon_theta: 2.88012 photon_phi: 2.39855
traject_len: 5.09616
pe_len: 11.3663 cs_len: 3.97175
---
else
front: 0, 0, 2.5
back: 0, 0, 7.5
front back
photon_ene: 661.6 photon_theta: 0.109861 photon_phi: 4.41769
traject_len: 5
pe_len: 1.90964 cs_len: 2.79632
---
front: 0.0162779, 1.04709, 2.5
side: 0, 0, 0
front only
else
else
else
else
else
else
else
else
front: 0, 0, 2.5
side: 0, 0, 0
front only
else
front: 1.42297, 1.20871, 2.5
side: 0, 0, 0
front only
else
else
else
else
else
else
else
else
else
else
front: 0, 0, 2.5
side: 0, 0, 0
front only
front: 0.80282, 2.20727, 2.5
side: 0, 0, 0
front only
else
front: 1.08143, 1.63914, 2.5
side: 0, 0, 0
front only
else
else
else
front: 0, 0, 2.5
side: 0, 0, 0
front only
front: 0.889653, 0, 2.5
side: 0, 0, 0
front only
else
front: 0, 0.523553, 2.5
side: 0, 0, 0
front only
front: 0, 0, 2.5
side: 0, 0, 0
front only
else
else
front: 0, 0.255539, 2.5
side: 0, 0, 0
front only
else
else
else
front: 0.794522, 0, 2.5
side: 0, 0, 0
front only
else
front: 0, 1.44937, 2.5
side: 0, 0, 0
front only
front: 0, 0, 2.5
back: 0, 0, 7.5
front back
photon_ene: 661.6 photon_theta: 0.283771 photon_phi: 4.19525
traject_len: 5
pe_len: 43.1315 cs_len: 16.0819
---
else
front: 0, 1.24126, 2.5
side: 0, 0, 0
front only
else
else
else
else
else
else
else
else
front: 0, 0.893384, 2.5
side: 0, 0, 0
front only
front: 0, 0, 2.5
side: 0, 0, 0
front only
else
front: 0, 0.108924, 2.5
back: 0, 0.326772, 7.5
front back
photon_ene: 661.6 photon_theta: 2.9712 photon_phi: 6.02718
traject_len: 5.00474
pe_len: 17.7062 cs_len: 1.47326
---
front: 0, 0, 2.5
back: 0, 0, 7.5
front back
photon_ene: 661.6 photon_theta: 0.232036 photon_phi: 4.1424
traject_len: 5
pe_len: 19.2422 cs_len: 1.00697
---
front: 0, 0, 2.5
side: 0, 0, 0
front only
else
front: 0, 0.696059, 2.5
side: 0, 0, 0
front only
else
else
else
front: 1.69696, 0, 2.5
side: 0, 0, 0
front only
else
else
else
else
front: 0, 0, 2.5
side: 0, 0, 0
front only
else
else
else
front: 0, 0, 2.5
side: 0, 0, 0
front only
else
else
else
front: 0, 0, 2.5
side: 0, 0, 0
front only
else
front: 0.212382, 0, 2.5
side: 0, 0, 0
front only
else
else
else
else
else
else
front: 0, 1.40926, 2.5
side: 0, 0, 0
front only
else
else
front: 0.309475, 0, 2.5
side: 0, 0, 0
front only
front: 0, 0, 2.5
side: 0, 0, 0
front only
front: 0, 1.17477, 2.5
side: 0, 0, 0
front only
front: 0.809059, 0, 2.5
side: 0, 0, 0
front only
else
front: 0, 0, 2.5
back: 0, 0, 7.5
front back
photon_ene: 661.6 photon_theta: 0.259461 photon_phi: 4.38012
traject_len: 5
pe_len: 22.7025 cs_len: 17.1789
---
else
else
front: 0.956264, 0, 2.5
side: 0, 0, 0
front only
else
front: 0, 0, 2.5
side: 0, 0, 0
front only
else
else
else
else
else
else
else
front: 0, 1.27529, 2.5
side: 0, 0, 0
front only
else
else
front: 1.88777, 0, 2.5
side: 0, 0, 0
front only
else
front: 1.2083, 0, 2.5
side: 0, 0, 0
front only
else
front: 0.659375, 0, 2.5
side: 0, 0, 0
front only
front: 0.645637, 0, 2.5
back: 1.93691, 0, 7.5
front back
photon_ene: 661.6 photon_theta: 2.86916 photon_phi: 2.75024
traject_len: 5.16405
pe_len: 27.3412 cs_len: 0.54053
---
front: 0, 0.160495, 2.5
side: 0, 0, 0
front only
else
else
else
else
front: 0.0711155, 0, 2.5
side: 0, 0, 0
front only
front: 0, 0.97497, 2.5
side: 0, 0, 0
front only
else
else
else
else
else
front: 0, 0, 2.5
side: 0, 0, 0
front only
else
else
else
else
else
else
else
else
front: 2.12136, 0, 2.5
side: 0, 0, 0
front only
else
front: 0.0837276, 0.332582, 2.5
back: 0.251183, 0.997746, 7.5
front back
photon_ene: 661.6 photon_theta: 3.00526 photon_phi: 4.46576
traject_len: 5.04683
pe_len: 22.6097 cs_len: 8.84634
---
front: 0, 0, 2.5
side: 0, 0, 0
front only
else
else
else
front: 0, 0, 2.5
side: 0, 0, 0
front only
front: 0.833955, 0, 2.5
side: 0, 0, 0
front only
else
else
else
else
else
else
else
else
else
front: 0.824543, 0.722197, 2.5
side: 0, 0, 0
front only
else
front: 0.109681, 1.50684, 2.5
side: 0, 0, 0
front only
front: 0, 0, 2.5
side: 0, 0, 0
front only
else
else
else
front: 0, 0.591384, 2.5
side: 0, 0, 0
front only
else
front: 2.2897, 0, 2.5
side: 0, 0, 0
front only
else
front: 0.0790932, 0.106998, 2.5
back: 0.23728, 0.320995, 7.5
front back
photon_ene: 661.6 photon_theta: 3.08842 photon_phi: 4.07583
traject_len: 5.00708
pe_len: 44.2792 cs_len: 4.09748
---
else
else
else
front: 0, 0.64123, 2.5
side: 0, 0, 0
front only
else
else
else
front: 0, 1.42998, 2.5
side: 0, 0, 0
front only
else
else
front: 0.37677, 0.62535, 2.5
back: 1.13031, 1.87605, 7.5
front back
photon_ene: 661.6 photon_theta: 0.284131 photon_phi: 1.02854
traject_len: 5.20885
pe_len: 14.2429 cs_len: 1.97881
---
else
else
else
else
front: 0, 0, 2.5
side: 0, 0, 0
front only
else
else
else
else
front: 0, 0, 2.5
side: 0, 0, 0
front only
else
else
front: 0, 0, 2.5
side: 0, 0, 0
front only
else
else
else
else
else
else
else
else
else
else
else
else
else
else
front: 0, 2.46493, 2.5
side: 0, 0, 0
front only
front: 0, 0, 2.5
side: 0, 0, 0
front only
front: 0, 0, 2.5
side: 0, 0, 0
front only
else
front: 0.283462, 0.860053, 2.5
side: 0, 0, 0
front only
else
else
else
else
front: 2.23424, 0, 2.5
side: 0, 0, 0
front only
else
else
else
else
front: 1.5259, 0, 2.5
side: 0, 0, 0
front only
else
else
front: 0.838614, 1.17541, 2.5
side: 0, 0, 0
front only
else
front: 1.07338, 0, 2.5
side: 0, 0, 0
front only
front: 0, 0, 2.5
side: 0, 0, 0
front only
else
else
front: 0, 0.636521, 2.5
back: 0, 1.90956, 7.5
front back
photon_ene: 661.6 photon_theta: 2.88504 photon_phi: 4.95573
traject_len: 5.15952
pe_len: 31.8783 cs_len: 1.46557
---
else
else
else
else
else
else
else
else
else
else
else
else
else
else
else
else
front: 0, 0.0843567, 2.5
back: 0, 0.25307, 7.5
front back
photon_ene: 661.6 photon_theta: 0.111611 photon_phi: 2.83578
traject_len: 5.00285
pe_len: 20.4336 cs_len: 5.45423
---
front: 2.21482, 0.482981, 2.5
side: 0, 0, 0
front only
front: 1.78825, 0, 2.5
side: 0, 0, 0
front only
else
else
else
front: 0.482949, 0.8847, 2.5
side: 0, 0, 0
front only
else
else
else
front: 0.0735117, 0, 2.5
back: 0.220535, 0, 7.5
front back
photon_ene: 661.6 photon_theta: 0.031396 photon_phi: 5.92424
traject_len: 5.00216
pe_len: 21.8978 cs_len: 33.6208
---
else
front: 1.20948, 0, 2.5
side: 0, 0, 0
front only
else
else
front: 0, 0, 2.5
side: 0, 0, 0
front only
else
else
else
else
front: 0.482456, 0, 2.5
side: 0, 0, 0
front only
else
else
else
front: 0.0987303, 0, 2.5
side: 0, 0, 0
front only
else
else
front: 0, 1.38721, 2.5
side: 0, 0, 0
front only
else
front: 0, 0.0145338, 2.5
back: 0, 0.0436015, 7.5
front back
photon_ene: 661.6 photon_theta: 2.83253 photon_phi: 6.26498
traject_len: 5.00008
pe_len: 96.0252 cs_len: 14.6938
---
else
else
else
else
else
else
else
else
else
front: 0, 0.813232, 2.5
side: 0, 0, 0
front only
else
else
front: 0.459475, 0.856575, 2.5
side: 0, 0, 0
front only
else
else
else
else
else
else
else
front: 0.450526, 0, 2.5
side: 0, 0, 0
front only
else
else
else
else
else
else
front: 0, 0.112464, 2.5
side: 0, 0, 0
front only
else
front: 0.986217, 0, 2.5
side: 0, 0, 0
front only
else
else
else
else
front: 0, 0, 2.5
side: 0, 0, 0
front only
front: 0.00891822, 1.06301, 2.5
side: 0, 0, 0
front only
else
front: 0, 0, 2.5
back: 0, 0, 7.5
front back
photon_ene: 661.6 photon_theta: 0.226744 photon_phi: 4.55171
traject_len: 5
pe_len: 30.1604 cs_len: 9.112
---
else
else
else
front: 2.07076, 0.0759436, 2.5
side: 0, 0, 0
front only
else
else
front: 0, 0, 2.5
side: 0, 0, 0
front only
else
else
else
front: 1.06583, 0, 2.5
side: 0, 0, 0
front only
else
else
else
else
front: 1.29399, 0, 2.5
side: 0, 0, 0
front only
else
else
else
front: 0, 1.28667, 2.5
side: 0, 0, 0
front only
front: 0, 0, 2.5
back: 0, 0, 7.5
front back
photon_ene: 661.6 photon_theta: 0.305599 photon_phi: 4.5687
traject_len: 5
pe_len: 7.47686 cs_len: 2.11118
---
else
else
else
else
else
front: 0, 1.95798, 2.5
side: 0, 0, 0
front only
front: 0.734098, 0, 2.5
side: 0, 0, 0
front only
else
else
else
else
else
front: 1.05885, 0, 2.5
side: 0, 0, 0
front only
else
else
else
else
else
front: 0.566253, 1.8798, 2.5
side: 0, 0, 0
front only
else
else
else
else
front: 0, 0, 2.5
side: 0, 0, 0
front only
else
else
else
else
else
else
front: 2.07879, 0.806178, 2.5
side: 0, 0, 0
front only
else
front: 0, 0.270306, 2.5
side: 0, 0, 0
front only
else
else
front: 0, 0, 2.5
side: 0, 0, 0
front only
else
else
else
front: 0.133802, 1.1561, 2.5
side: 0, 0, 0
front only
else
else
else
else
else
front: 0, 0.541869, 2.5
back: 0, 1.62561, 7.5
front back
photon_ene: 661.6 photon_theta: 2.90738 photon_phi: 5.1436
traject_len: 5.1161
pe_len: 24.5693 cs_len: 1.13346
---
else
front: 0, 0.40524, 2.5
back: 0, 1.21572, 7.5
front back
photon_ene: 661.6 photon_theta: 2.98081 photon_phi: 4.74549
traject_len: 5.06526
pe_len: 11.868 cs_len: 2.84429
---
else
front: 0.563289, 1.48076, 2.5
side: 0, 0, 0
front only
else
else
else
front: 0, 0.38809, 2.5
side: 0, 0, 0
front only
front: 0, 0.265414, 2.5
back: 0, 0.796242, 7.5
front back
photon_ene: 661.6 photon_theta: 0.287694 photon_phi: 2.77463
traject_len: 5.0281
pe_len: 50.9252 cs_len: 1.87098
---
front: 0, 1.21464, 2.5
side: 0, 0, 0
front only
else
else
front: 0, 1.28896, 2.5
side: 0, 0, 0
front only
front: 0.707066, 1.48696, 2.5
side: 0, 0, 0
front only
else
front: 1.339, 1.22745, 2.5
side: 0, 0, 0
front only
else
front: 0, 0, 2.5
side: 0, 0, 0
front only
else
else
else
front: 0, 0.1402, 2.5
side: 0, 0, 0
front only
else
else
else
front: 1.14567, 1.10715, 2.5
side: 0, 0, 0
front only
front: 0, 0.422917, 2.5
side: 0, 0, 0
front only
front: 0.731822, 0.578937, 2.5
side: 0, 0, 0
front only
else
else
else
else
front: 0.866071, 0.18562, 2.5
side: 0, 0, 0
front only
else
front: 0.856745, 1.29061, 2.5
side: 0, 0, 0
front only
front: 0, 0, 2.5
side: 0, 0, 0
front only
front: 0.168429, 0, 2.5
back: 0.505287, 0, 7.5
front back
photon_ene: 661.6 photon_theta: 0.144772 photon_phi: 5.19276
traject_len: 5.01133
pe_len: 3.7315 cs_len: 14.4101
---
else
else
front: 0, 0.81568, 2.5
side: 0, 0, 0
front only
else
else
else
front: 0.682918, 0, 2.5
side: 0, 0, 0
front only
front: 2.1107, 0.129288, 2.5
side: 0, 0, 0
front only
else
front: 0, 0, 2.5
side: 0, 0, 0
front only
front: 0, 0.310096, 2.5
side: 0, 0, 0
front only
front: 0.215649, 2.32788, 2.5
side: 0, 0, 0
front only
else
else
else
else
front: 0.671209, 0, 2.5
side: 0, 0, 0
front only
else
else
else
else
else
front: 0, 0, 2.5
side: 0, 0, 0
front only
front: 0, 0, 2.5
side: 0, 0, 0
front only
else
front: 0, 0.845511, 2.5
side: 0, 0, 0
front only
front: 1.38201, 0, 2.5
side: 0, 0, 0
front only
else
else
else
front: 0.963613, 2.23926, 2.5
side: 0, 0, 0
front only
front: 0.929626, 0.451154, 2.5
side: 0, 0, 0
front only
else
front: 1.27609, 0, 2.5
side: 0, 0, 0
front only
front: 2.14971, 0.272173, 2.5
side: 0, 0, 0
front only
front: 0, 0, 2.5
side: 0, 0, 0
front only
else
front: 0, 0, 2.5
side: 0, 0, 0
front only
else
else
front: 0, 1.53439, 2.5
side: 0, 0, 0
front only
front: 0, 1.65264, 2.5
side: 0, 0, 0
front only
front: 0.532936, 0, 2.5
side: 0, 0, 0
front only
front: 0, 0, 2.5
side: 0, 0, 0
front only
else
else
front: 2.21361, 0, 2.5
side: 0, 0, 0
front only
front: 0, 0, 2.5
side: 0, 0, 0
front only
front: 1.61337, 0, 2.5
side: 0, 0, 0
front only
else
front: 0, 0.632032, 2.5
side: 0, 0, 0
front only
front: 0.0574432, 1.80205, 2.5
side: 0, 0, 0
front only
front: 0.110022, 1.45139, 2.5
side: 0, 0, 0
front only
else
front: 0, 0, 2.5
side: 0, 0, 0
front only
front: 0.517626, 0, 2.5
side: 0, 0, 0
front only
else
else
else
front: 1.69209, 0, 2.5
side: 0, 0, 0
front only
else
front: 0.208815, 0, 2.5
side: 0, 0, 0
front only
else
else
front: 2.14032, 1.07059, 2.5
side: 0, 0, 0
front only
front: 1.37212, 0, 2.5
side: 0, 0, 0
front only
front: 0, 1.58595, 2.5
side: 0, 0, 0
front only
else
else
front: 0, 0.875663, 2.5
side: 0, 0, 0
front only
front: 0, 0, 2.5
side: 0, 0, 0
front only
else
else
else
else
else
else
front: 0.872889, 1.13818, 2.5
side: 0, 0, 0
front only
else
else
else
front: 1.95867, 0, 2.5
side: 0, 0, 0
front only
front: 0.335955, 2.21844, 2.5
side: 0, 0, 0
front only
else
front: 0, 0, 2.5
back: 0, 0, 7.5
front back
photon_ene: 661.6 photon_theta: 2.90287 photon_phi: 0.860958
traject_len: 5
pe_len: 20.0408 cs_len: 17.9981
---
else
else
else
else
front: 0, 0.0465504, 2.5
side: 0, 0, 0
front only
else
front: 1.26828, 0.653815, 2.5
side: 0, 0, 0
front only
front: 0.63836, 0, 2.5
side: 0, 0, 0
front only
else
else
else
else
else
front: 0.773259, 1.87942, 2.5
side: 0, 0, 0
front only
else
else
else
else
else
else
else
front: 1.79252, 0.542659, 2.5
side: 0, 0, 0
front only
front: 0, 0.0343357, 2.5
side: 0, 0, 0
front only
front: 0, 0.918219, 2.5
side: 0, 0, 0
front only
else
else
else
else
front: 0, 0, 2.5
side: 0, 0, 0
front only
else
else
else
else
else
else
else
else
else
else
front: 0, 0, 2.5
side: 0, 0, 0
front only
front: 0.0274048, 0.903575, 2.5
side: 0, 0, 0
front only
else
front: 0, 0.681573, 2.5
side: 0, 0, 0
front only
front: 0, 0.418728, 2.5
side: 0, 0, 0
front only
else
else
else
else
else
else
front: 0.247971, 0.247488, 2.5
back: 0.743912, 0.742464, 7.5
front back
photon_ene: 661.6 photon_theta: 3.00236 photon_phi: 3.92602
traject_len: 5.04886
pe_len: 38.1617 cs_len: 4.05651
---
else
else
else
front: 0, 0, 2.5
side: 0, 0, 0
front only
else
else
else
front: 0, 0.63198, 2.5
side: 0, 0, 0
front only
else
else
else
else
else
else
else
else
front: 0, 0, 2.5
side: 0, 0, 0
front only
front: 0, 0, 2.5
side: 0, 0, 0
front only
else
else
else
else
front: 1.28687, 1.87177, 2.5
side: 0, 0, 0
front only
else
else
else
front: 0, 0, 2.5
side: 0, 0, 0
front only
else
front: 0, 0, 2.5
side: 0, 0, 0
front only
else
else
else
else
front: 0.534255, 1.826, 2.5
side: 0, 0, 0
front only
else
else
else
front: 0, 1.9441, 2.5
side: 0, 0, 0
front only
front: 1.88748, 0.0683859, 2.5
side: 0, 0, 0
front only
else
else
front: 0, 0, 2.5
side: 0, 0, 0
front only
else
else
else
front: 1.21676, 0, 2.5
side: 0, 0, 0
front only
else
else
else
front: 0, 2.35416, 2.5
side: 0, 0, 0
front only
else
else
front: 0.771411, 0, 2.5
side: 0, 0, 0
front only
else
else
front: 0, 0, 2.5
back: 0, 0, 7.5
front back
photon_ene: 661.6 photon_theta: 0.307659 photon_phi: 3.54397
traject_len: 5
pe_len: 9.87991 cs_len: 10.9281
---
else
else
else
else
front: 0, 0, 2.5
back: 0, 0, 7.5
front back
photon_ene: 661.6 photon_theta: 0.196728 photon_phi: 3.59098
traject_len: 5
pe_len: 1.98433 cs_len: 0.928773
---
else
front: 0, 0.124339, 2.5
side: 0, 0, 0
front only
front: 0, 0, 2.5
side: 0, 0, 0
front only
else
front: 2.04739, 0, 2.5
side: 0, 0, 0
front only
else
else
front: 0, 0, 2.5
side: 0, 0, 0
front only
else
else
else
front: 0, 0.306389, 2.5
side: 0, 0, 0
front only
front: 0, 0, 2.5
side: 0, 0, 0
front only
else
else
else
else
else
else
else
else
front: 1.22708, 0.786831, 2.5
side: 0, 0, 0
front only
front: 0, 0.593255, 2.5
side: 0, 0, 0
front only
else
else
else
else
front: 0.424707, 0, 2.5
back: 1.27412, 0, 7.5
front back
photon_ene: 661.6 photon_theta: 0.176055 photon_phi: 5.98189
traject_len: 5.07164
pe_len: 40.7833 cs_len: 15.7209
---
front: 0.0841281, 0, 2.5
back: 0.252384, 0, 7.5
front back
photon_ene: 661.6 photon_theta: 3.02463 photon_phi: 1.86126
traject_len: 5.00283
pe_len: 17.2559 cs_len: 3.53575
---
front: 0.780079, 0.17675, 2.5
back: 2.34024, 0.530249, 7.5
front back
photon_ene: 661.6 photon_theta: 2.83194 photon_phi: 3.36441
traject_len: 5.24967
pe_len: 37.6749 cs_len: 6.48044
---
else
front: 0, 0, 2.5
side: 0, 0, 0
front only
front: 1.60729, 0.55964, 2.5
side: 0, 0, 0
front only
front: 0.517328, 0.780578, 2.5
side: 0, 0, 0
front only
else
else
else
else
else
else
front: 0, 1.59601, 2.5
side: 0, 0, 0
front only
front: 0, 0.508482, 2.5
side: 0, 0, 0
front only
else
else
else
else
else
front: 0, 0, 2.5
side: 0, 0, 0
front only
else
else
front: 0.833825, 0, 2.5
side: 0, 0, 0
front only
else
else
front: 2.22367, 0.749004, 2.5
side: 0, 0, 0
front only
else
else
else
front: 0.430945, 0.466256, 2.5
back: 1.29283, 1.39877, 7.5
front back
photon_ene: 661.6 photon_theta: 2.89289 photon_phi: 3.96633
traject_len: 5.15872
pe_len: 104.904 cs_len: 6.84167
---
else
front: 0.584894, 0, 2.5
side: 0, 0, 0
front only
front: 1.1347, 0, 2.5
side: 0, 0, 0
front only
front: 0, 2.01362, 2.5
side: 0, 0, 0
front only
else
front: 0.851034, 0.691786, 2.5
side: 0, 0, 0
front only
else
else
else
else
front: 1.56848, 0, 2.5
side: 0, 0, 0
front only
else
front: 0, 0.293335, 2.5
back: 0, 0.880004, 7.5
front back
photon_ene: 661.6 photon_theta: 2.82814 photon_phi: 5.91278
traject_len: 5.0343
pe_len: 34.9176 cs_len: 2.46532
---
else
else
else
front: 0, 0.0674045, 2.5
side: 0, 0, 0
front only
else
front: 0, 0.546553, 2.5
side: 0, 0, 0
front only
front: 1.37296, 0.837694, 2.5
side: 0, 0, 0
front only
else
else
else
else
else
else
else
front: 1.39338, 0, 2.5
side: 0, 0, 0
front only
else
else
else
else
front: 0, 1.81121, 2.5
side: 0, 0, 0
front only
else
else
front: 0, 2.05422, 2.5
side: 0, 0, 0
front only
else
else
else
else
else
front: 0, 1.86085, 2.5
side: 0, 0, 0
front only
else
else
front: 0.552639, 0.31932, 2.5
back: 1.65792, 0.957959, 7.5
front back
photon_ene: 661.6 photon_theta: 2.89163 photon_phi: 3.66554
traject_len: 5.16038
pe_len: 111.55 cs_len: 7.97757
---
else
else
front: 0.156575, 1.22307, 2.5
side: 0, 0, 0
front only
else
front: 0, 0, 2.5
back: 0, 0, 7.5
front back
photon_ene: 661.6 photon_theta: 0.184484 photon_phi: 4.43178
traject_len: 5
pe_len: 1.7562 cs_len: 0.402093
---
else
front: 0.339633, 0.241573, 2.5
back: 1.0189, 0.72472, 7.5
front back
photon_ene: 661.6 photon_theta: 2.9764 photon_phi: 3.75985
traject_len: 5.06901
pe_len: 9.19644 cs_len: 0.659663
---
else
front: 0.15788, 1.70513, 2.5
side: 0, 0, 0
front only
front: 0, 0.117454, 2.5
back: 0, 0.352363, 7.5
front back
photon_ene: 661.6 photon_theta: 0.0507384 photon_phi: 1.96012
traject_len: 5.00552
pe_len: 30.402 cs_len: 8.84927
---
else
front: 1.47262, 0, 2.5
side: 0, 0, 0
front only
else
else
front: 0, 0.363502, 2.5
side: 0, 0, 0
front only
else
else
front: 0, 0, 2.5
side: 0, 0, 0
front only
front: 0, 0, 2.5
side: 0, 0, 0
front only
front: 0.584224, 0, 2.5
side: 0, 0, 0
front only
else
else
else
else
else
front: 1.66503, 0, 2.5
side: 0, 0, 0
front only
else
else
front: 0, 1.83498, 2.5
side: 0, 0, 0
front only
else
front: 1.91437, 0, 2.5
side: 0, 0, 0
front only
else
front: 0, 0.55393, 2.5
back: 0, 1.66179, 7.5
front back
photon_ene: 661.6 photon_theta: 0.240271 photon_phi: 2.01171
traject_len: 5.12126
pe_len: 27.7544 cs_len: 7.67204
---
else
else
else
else
else
else
front: 0.770944, 0, 2.5
side: 0, 0, 0
front only
else
else
else
else
else
else
else
else
front: 0, 0.747947, 2.5
back: 0, 2.24384, 7.5
front back
photon_ene: 661.6 photon_theta: 0.29166 photon_phi: 1.65414
traject_len: 5.21898
pe_len: 36.5373 cs_len: 1.11324
---
else
else
front: 1.86907, 0, 2.5
side: 0, 0, 0
front only
else
else
else
else
front: 0, 0, 2.5
side: 0, 0, 0
front only
else
front: 0.00269304, 0, 2.5
side: 0, 0, 0
front only
front: 2.00914, 1.1063, 2.5
side: 0, 0, 0
front only
front: 0.139117, 0, 2.5
side: 0, 0, 0
front only
else
else
else
else
else
else
else
else
front: 0, 1.16977, 2.5
side: 0, 0, 0
front only
else
front: 0.806231, 1.01935, 2.5
side: 0, 0, 0
front only
else
else
else
else
else
front: 1.78694, 0, 2.5
side: 0, 0, 0
front only
else
else
front: 0.811293, 1.58984, 2.5
side: 0, 0, 0
front only
else
else
front: 0.157349, 1.86978, 2.5
side: 0, 0, 0
front only
else
else
else
front: 1.79437, 0, 2.5
side: 0, 0, 0
front only
else
else
front: 0.439247, 0, 2.5
back: 1.31774, 0, 7.5
front back
photon_ene: 661.6 photon_theta: 0.192294 photon_phi: 5.83771
traject_len: 5.07659
pe_len: 27.3056 cs_len: 2.60128
---
front: 0, 0, 2.5
side: 0, 0, 0
front only
else
else
front: 0, 0, 2.5
side: 0, 0, 0
front only
front: 1.02333, 0, 2.5
side: 0, 0, 0
front only
else
else
else
else
else
else
else
else
else
else
else
else
else
else
else
else
else
else
front: 0.845539, 0.228486, 2.5
side: 0, 0, 0
front only
else
front: 0, 1.42055, 2.5
side: 0, 0, 0
front only
front: 0, 1.59905, 2.5
side: 0, 0, 0
front only
else
else
else
front: 0, 0, 2.5
side: 0, 0, 0
front only
else
else
else
else
else
else
else
front: 1.45876, 0.0370214, 2.5
side: 0, 0, 0
front only
front: 1.41029, 1.10926, 2.5
side: 0, 0, 0
front only
front: 0.592923, 0, 2.5
side: 0, 0, 0
front only
else
else
front: 0, 0, 2.5
side: 0, 0, 0
front only
front: 0, 0, 2.5
side: 0, 0, 0
front only
else
else
front: 0, 0, 2.5
side: 0, 0, 0
front only
else
else
front: 0, 0.18965, 2.5
side: 0, 0, 0
front only
else
else
else
else
else
front: 0, 0.243483, 2.5
back: 0, 0.73045, 7.5
front back
photon_ene: 661.6 photon_theta: 0.209589 photon_phi: 2.666
traject_len: 5.02366
pe_len: 31.6744 cs_len: 4.96207
---
front: 2.10174, 0.426426, 2.5
side: 0, 0, 0
front only
front: 2.0287, 1.25945, 2.5
side: 0, 0, 0
front only
else
else
else
else
else
else
else
else
front: 0, 0, 2.5
side: 0, 0, 0
front only
else
else
else
front: 0.257284, 0.910745, 2.5
side: 0, 0, 0
front only
else
front: 0, 1.35716, 2.5
side: 0, 0, 0
front only
else
front: 0.927252, 0.125927, 2.5
side: 0, 0, 0
front only
else
else
front: 0, 0.0387287, 2.5
back: 0, 0.116186, 7.5
front back
photon_ene: 661.6 photon_theta: 2.88504 photon_phi: 6.2241
traject_len: 5.0006
pe_len: 22.4458 cs_len: 3.47805
---
else
else
else
else
else
else
front: 2.20799, 1.09567, 2.5
side: 0, 0, 0
front only
else
else
else
else
else
else
else
else
front: 2.06867, 0, 2.5
side: 0, 0, 0
front only
else
front: 0, 0.120403, 2.5
back: 0, 0.361209, 7.5
front back
photon_ene: 661.6 photon_theta: 0.0623871 photon_phi: 2.26123
traject_len: 5.0058
pe_len: 23.0436 cs_len: 2.99018
---
else
else
else
front: 0, 0.849745, 2.5
side: 0, 0, 0
front only
else
else
else
else
else
else
else
else
front: 0.583992, 0, 2.5
side: 0, 0, 0
front only
else
else
else
else
else
else
front: 0, 0, 2.5
side: 0, 0, 0
front only
else
front: 0.232265, 0, 2.5
back: 0.696795, 0, 7.5
front back
photon_ene: 661.6 photon_theta: 2.99488 photon_phi: 2.25069
traject_len: 5.02153
pe_len: 35.688 cs_len: 0.624648
---
else
else
else
front: 0.561863, 0, 2.5
side: 0, 0, 0
front only
else
else
else
else
else
else
else
else
front: 2.184, 0.351771, 2.5
side: 0, 0, 0
front only
else
else
front: 0.682257, 0, 2.5
back: 2.04677, 0, 7.5
front back
photon_ene: 661.6 photon_theta: 2.82795 photon_phi: 2.57064
traject_len: 5.18285
pe_len: 37.6125 cs_len: 7.12091
---
else
front: 1.08375, 0.681644, 2.5
side: 0, 0, 0
front only
else
front: 0.689237, 0, 2.5
side: 0, 0, 0
front only
else
front: 0, 0.122058, 2.5
back: 0, 0.366174, 7.5
front back
photon_ene: 661.6 photon_theta: 0.136838 photon_phi: 2.77914
traject_len: 5.00596
pe_len: 28.6683 cs_len: 1.80558
---
else
else
front: 0, 0, 2.5
side: 0, 0, 0
front only
front: 0, 0, 2.5
side: 0, 0, 0
front only
else
else
else
else
else
front: 0.316514, 2.14879, 2.5
side: 0, 0, 0
front only
front: 0, 0.357221, 2.5
back: 0, 1.07166, 7.5
front back
photon_ene: 661.6 photon_theta: 0.142046 photon_phi: 1.61198
traject_len: 5.05078
pe_len: 2.66619 cs_len: 1.02677
---
else
front: 0, 0.136529, 2.5
back: 0, 0.409588, 7.5
front back
photon_ene: 661.6 photon_theta: 3.07651 photon_phi: 5.28966
traject_len: 5.00745
pe_len: 13.8364 cs_len: 0.426233
---
front: 0, 0, 2.5
side: 0, 0, 0
front only
else
else
else
else
else
else
else
else
front: 2.41567, 0, 2.5
side: 0, 0, 0
front only
else
else
else
else
front: 0, 0, 2.5
side: 0, 0, 0
front only
else
front: 0, 1.13174, 2.5
side: 0, 0, 0
front only
else
front: 0, 0.601676, 2.5
side: 0, 0, 0
front only
else
else
front: 0, 1.72712, 2.5
side: 0, 0, 0
front only
front: 0.496901, 0, 2.5
side: 0, 0, 0
front only
front: 2.00498, 0, 2.5
side: 0, 0, 0
front only
else
else
front: 0, 0.666652, 2.5
side: 0, 0, 0
front only
else
else
else
front: 0, 0, 2.5
side: 0, 0, 0
front only
front: 0, 0.902011, 2.5
side: 0, 0, 0
front only
front: 0.250702, 2.4664, 2.5
side: 0, 0, 0
front only
else
else
front: 0, 0, 2.5
side: 0, 0, 0
front only
else
else
else
else
else
front: 0, 0, 2.5
side: 0, 0, 0
front only
else
front: 0.105551, 0, 2.5
side: 0, 0, 0
front only
front: 0, 0, 2.5
side: 0, 0, 0
front only
else
else
front: 1.13427, 0, 2.5
side: 0, 0, 0
front only
front: 0, 0.282993, 2.5
side: 0, 0, 0
front only
front: 0, 0, 2.5
side: 0, 0, 0
front only
else
else
else
else
front: 0, 0, 2.5
back: 0, 0, 7.5
front back
photon_ene: 661.6 photon_theta: 3.11975 photon_phi: 0.697284
traject_len: 5
pe_len: 13.8205 cs_len: 2.5977
---
else
front: 0.55491, 0, 2.5
back: 1.66473, 0, 7.5
front back
photon_ene: 661.6 photon_theta: 0.246334 photon_phi: 5.79412
traject_len: 5.12169
pe_len: 1.73457 cs_len: 3.94962
---
front: 0.0435201, 0, 2.5
back: 0.13056, 0, 7.5
front back
photon_ene: 661.6 photon_theta: 0.0762516 photon_phi: 4.94226
traject_len: 5.00076
pe_len: 33.5445 cs_len: 2.58936
---
else
else
front: 0, 0.971999, 2.5
side: 0, 0, 0
front only
front: 1.61864, 1.31994, 2.5
side: 0, 0, 0
front only
else
else
else
else
else
front: 1.00123, 0, 2.5
side: 0, 0, 0
front only
front: 0, 1.40578, 2.5
side: 0, 0, 0
front only
front: 0, 0, 2.5
side: 0, 0, 0
front only
front: 0, 1.34166, 2.5
side: 0, 0, 0
front only
else
front: 0, 0, 2.5
side: 0, 0, 0
front only
front: 0, 0.0401521, 2.5
back: 0, 0.120456, 7.5
front back
photon_ene: 661.6 photon_theta: 2.93063 photon_phi: 6.20812
traject_len: 5.00064
pe_len: 19.3263 cs_len: 0.224912
---
else
else
else
front: 0, 0, 2.5
side: 0, 0, 0
front only
front: 0.267785, 0.356699, 2.5
back: 0.803356, 1.0701, 7.5
front back
photon_ene: 661.6 photon_theta: 2.96504 photon_phi: 4.06842
traject_len: 5.07895
pe_len: 16.5635 cs_len: 2.58127
---
else
else
front: 0, 0, 2.5
side: 0, 0, 0
front only
front: 0.538516, 0, 2.5
back: 1.61555, 0, 7.5
front back
photon_ene: 661.6 photon_theta: 2.91615 photon_phi: 2.79122
traject_len: 5.11468
pe_len: 17.8179 cs_len: 1.58358
---
front: 0, 0.242193, 2.5
side: 0, 0, 0
front only
else
else
else
front: 0, 2.18352, 2.5
side: 0, 0, 0
front only
else
else
else
else
else
else
else
else
front: 0.0691145, 1.84715, 2.5
side: 0, 0, 0
front only
else
front: 1.44135, 0.20033, 2.5
side: 0, 0, 0
front only
else
else
front: 0.59068, 1.36673, 2.5
side: 0, 0, 0
front only
else
front: 0.629341, 0, 2.5
side: 0, 0, 0
front only
else
else
else
else
front: 1.15688, 1.37047, 2.5
side: 0, 0, 0
front only
front: 0.50285, 0.492892, 2.5
back: 1.50855, 1.47867, 7.5
front back
photon_ene: 661.6 photon_theta: 0.27454 photon_phi: 0.775398
traject_len: 5.19454
pe_len: 20.3723 cs_len: 1.66232
---
else
else
else
else
else
else
front: 0.709037, 0, 2.5
side: 0, 0, 0
front only
else
else
else
else
else
front: 0, 0, 2.5
back: 0, 0, 7.5
front back
photon_ene: 661.6 photon_theta: 2.89969 photon_phi: 0.779967
traject_len: 5
pe_len: 57.9557 cs_len: 1.85674
---
else
else
else
else
else
else
front: 0, 1.63045, 2.5
side: 0, 0, 0
front only
front: 0, 0, 2.5
side: 0, 0, 0
front only
else
else
front: 0, 1.71125, 2.5
side: 0, 0, 0
front only
front: 0, 0, 2.5
back: 0, 0, 7.5
front back
photon_ene: 661.6 photon_theta: 0.173299 photon_phi: 3.72435
traject_len: 5
pe_len: 30.5579 cs_len: 12.1672
---
front: 2.4186, 0, 2.5
side: 0, 0, 0
front only
else
else
else
else
else
else
else
else
else
front: 0, 0, 2.5
side: 0, 0, 0
front only
else
front: 0, 0, 2.5
side: 0, 0, 0
front only
else
front: 0, 0.518026, 2.5
back: 0, 1.55408, 7.5
front back
photon_ene: 661.6 photon_theta: 0.300943 photon_phi: 2.41058
traject_len: 5.10621
pe_len: 13.2628 cs_len: 2.77945
---
else
front: 1.2172, 1.88671, 2.5
side: 0, 0, 0
front only
front: 1.53112, 0, 2.5
side: 0, 0, 0
front only
else
else
else
else
else
else
front: 0, 0, 2.5
side: 0, 0, 0
front only
else
front: 0.343697, 0.0703631, 2.5
back: 1.03109, 0.211089, 7.5
front back
photon_ene: 661.6 photon_theta: 0.13942 photon_phi: 0.201934
traject_len: 5.04899
pe_len: 18.4848 cs_len: 0.190902
---
else
else
else
else
else
else
front: 0, 0, 2.5
side: 0, 0, 0
front only
else
else
else
front: 0, 0, 2.5
side: 0, 0, 0
front only
else
front: 0.993209, 0, 2.5
side: 0, 0, 0
front only
else
else
front: 1.92954, 0.480928, 2.5
side: 0, 0, 0
front only
else
front: 0, 0.334321, 2.5
side: 0, 0, 0
front only
front: 0.816151, 0, 2.5
side: 0, 0, 0
front only
front: 0.453847, 0, 2.5
back: 1.36154, 0, 7.5
front back
photon_ene: 661.6 photon_theta: 0.274805 photon_phi: 5.41197
traject_len: 5.08172
pe_len: 0.458442 cs_len: 0.0497061
---
front: 0, 0, 2.5
side: 0, 0, 0
front only
else
else
front: 0, 0.35417, 2.5
back: 0, 1.06251, 7.5
front back
photon_ene: 661.6 photon_theta: 2.98618 photon_phi: 5.15368
traject_len: 5.04993
pe_len: 46.3578 cs_len: 9.73251
---
else
else
else
else
front: 0, 0, 2.5
side: 0, 0, 0
front only
else
front: 0, 0.517917, 2.5
side: 0, 0, 0
front only
front: 0.158793, 2.05559, 2.5
side: 0, 0, 0
front only
else
front: 0.604275, 0, 2.5
side: 0, 0, 0
front only
front: 0.781738, 1.07707, 2.5
side: 0, 0, 0
front only
else
front: 0.162367, 0, 2.5
side: 0, 0, 0
front only
front: 1.09403, 0, 2.5
side: 0, 0, 0
front only
front: 0.263735, 1.18569, 2.5
side: 0, 0, 0
front only
front: 1.52365, 1.51135e-05, 2.5
side: 0, 0, 0
front only
front: 0, 0, 2.5
side: 0, 0, 0
front only
else
else
else
else
else
else
else
else
else
else
front: 0, 1.61938, 2.5
side: 0, 0, 0
front only
front: 1.90941, 0, 2.5
side: 0, 0, 0
front only
else
front: 0.353692, 1.20921, 2.5
side: 0, 0, 0
front only
else
else
else
else
else
front: 0, 0, 2.5
side: 0, 0, 0
front only
else
front: 0, 0.0535726, 2.5
back: 0, 0.160718, 7.5
front back
photon_ene: 661.6 photon_theta: 0.277263 photon_phi: 3.06622
traject_len: 5.00115
pe_len: 27.9948 cs_len: 2.32504
---
front: 0, 0, 2.5
side: 0, 0, 0
front only
else
else
else
else
else
front: 2.10612, 1.11085, 2.5
side: 0, 0, 0
front only
front: 0, 1.11326, 2.5
side: 0, 0, 0
front only
else
else
front: 0, 0, 2.5
side: 0, 0, 0
front only
else
else
front: 0.913049, 0, 2.5
side: 0, 0, 0
front only
else
else
else
else
else
front: 0, 0, 2.5
back: 0, 0, 7.5
front back
photon_ene: 661.6 photon_theta: 2.95572 photon_phi: 0.989345
traject_len: 5
pe_len: 84.4357 cs_len: 4.28271
---
front: 0.268829, 1.02134, 2.5
side: 0, 0, 0
front only
front: 0.428334, 1.6899, 2.5
side: 0, 0, 0
front only
front: 1.214, 0, 2.5
side: 0, 0, 0
front only
front: 1.40096, 1.24649, 2.5
side: 0, 0, 0
front only
front: 0, 1.14475, 2.5
side: 0, 0, 0
front only
else
else
else
else
else
front: 1.2059, 0.259968, 2.5
side: 0, 0, 0
front only
else
else
else
else
else
else
front: 0, 0.916896, 2.5
side: 0, 0, 0
front only
else
front: 0.839181, 2.22148, 2.5
side: 0, 0, 0
front only
else
else
front: 0, 0, 2.5
back: 0, 0, 7.5
front back
photon_ene: 661.6 photon_theta: 2.89763 photon_phi: 1.53127
traject_len: 5
pe_len: 11.8277 cs_len: 0.162077
---
else
else
else
front: 0, 0, 2.5
side: 0, 0, 0
front only
front: 0, 1.80467, 2.5
side: 0, 0, 0
front only
front: 0, 0.709001, 2.5
side: 0, 0, 0
front only
else
front: 0, 0, 2.5
side: 0, 0, 0
front only
else
front: 0.865011, 0, 2.5
side: 0, 0, 0
front only
front: 0, 0, 2.5
side: 0, 0, 0
front only
else
else
else
else
else
front: 0, 1.20856, 2.5
side: 0, 0, 0
front only
else
else
else
else
else
else
else
front: 1.14537, 0, 2.5
side: 0, 0, 0
front only
else
else
front: 1.70886, 0, 2.5
side: 0, 0, 0
front only
else
else
else
else
else
else
front: 1.27965, 0, 2.5
side: 0, 0, 0
front only
front: 0, 0.496636, 2.5
side: 0, 0, 0
front only
else
else
front: 0, 0.0151349, 2.5
back: 0, 0.0454047, 7.5
front back
photon_ene: 661.6 photon_theta: 0.0705291 photon_phi: 3.05579
traject_len: 5.00009
pe_len: 0.642836 cs_len: 3.40539
---
else
else
else
else
else
else
front: 0, 2.38903, 2.5
side: 0, 0, 0
front only
else
front: 0.339413, 1.07356, 2.5
side: 0, 0, 0
front only
else
front: 1.92411, 0.961095, 2.5
side: 0, 0, 0
front only
else
else
else
else
else
else
else
else
front: 0, 0.0653832, 2.5
back: 0, 0.196149, 7.5
front back
photon_ene: 661.6 photon_theta: 0.138075 photon_phi: 2.95225
traject_len: 5.00171
pe_len: 0.987042 cs_len: 1.92025
---
front: 0.295478, 0, 2.5
back: 0.886433, 0, 7.5
front back
photon_ene: 661.6 photon_theta: 2.94782 photon_phi: 2.21717
traject_len: 5.0348
pe_len: 5.62085 cs_len: 2.22312
---
else
else
else
front: 0, 0, 2.5
side: 0, 0, 0
front only
else
else
else
else
front: 0, 0, 2.5
side: 0, 0, 0
front only
front: 0, 0, 2.5
side: 0, 0, 0
front only
else
front: 0, 0.532276, 2.5
side: 0, 0, 0
front only
else
else
else
front: 0.300557, 0, 2.5
side: 0, 0, 0
front only
else
front: 0, 0.274619, 2.5
side: 0, 0, 0
front only
else
else
else
else
front: 0.466093, 0, 2.5
back: 1.39828, 0, 7.5
front back
photon_ene: 661.6 photon_theta: 0.248351 photon_phi: 5.53836
traject_len: 5.08615
pe_len: 21.3722 cs_len: 3.91628
---
else
front: 0.997476, 0, 2.5
side: 0, 0, 0
front only
else
else
front: 0.679469, 0, 2.5
side: 0, 0, 0
front only
else
front: 0, 1.14653, 2.5
side: 0, 0, 0
front only
else
else
front: 0, 0, 2.5
side: 0, 0, 0
front only
else
else
else
else
else
front: 0, 0, 2.5
side: 0, 0, 0
front only
front: 1.04888, 0, 2.5
side: 0, 0, 0
front only
else
else
front: 0, 1.44505, 2.5
side: 0, 0, 0
front only
else
else
front: 0, 0.636843, 2.5
back: 0, 1.91053, 7.5
front back
photon_ene: 661.6 photon_theta: 0.251816 photon_phi: 1.71144
traject_len: 5.15968
pe_len: 68.8724 cs_len: 0.677807
---
else
else
else
else
else
else
else
front: 0.935884, 2.15164, 2.5
side: 0, 0, 0
front only
else
front: 0, 0, 2.5
side: 0, 0, 0
front only
else
front: 0, 1.23423, 2.5
side: 0, 0, 0
front only
else
else
front: 2.04369, 1.27584, 2.5
side: 0, 0, 0
front only
else
else
else
else
else
else
else
front: 2.0258, 0.237432, 2.5
side: 0, 0, 0
front only
else
else
front: 0.832841, 0, 2.5
side: 0, 0, 0
front only
front: 0.542572, 0.459188, 2.5
back: 1.62772, 1.37756, 7.5
front back
photon_ene: 661.6 photon_theta: 0.27701 photon_phi: 0.702352
traject_len: 5.19817
pe_len: 34.8552 cs_len: 11.0447
---
else
front: 0, 1.52966, 2.5
side: 0, 0, 0
front only
else
front: 1.44271, 0, 2.5
side: 0, 0, 0
front only
else
else
else
else
else
front: 1.66852, 0.423282, 2.5
side: 0, 0, 0
front only
else
else
else
else
else
front: 0, 0, 2.5
back: 0, 0, 7.5
front back
photon_ene: 661.6 photon_theta: 2.9676 photon_phi: 0.627106
traject_len: 5
pe_len: 7.87938 cs_len: 1.8666
---
else
else
front: 1.53421, 0.445926, 2.5
side: 0, 0, 0
front only
else
else
else
else
front: 0, 0.700574, 2.5
side: 0, 0, 0
front only
front: 1.59058, 0, 2.5
side: 0, 0, 0
front only
else
else
front: 0.467327, 0, 2.5
back: 1.40198, 0, 7.5
front back
photon_ene: 661.6 photon_theta: 2.83481 photon_phi: 2.20196
traject_len: 5.08661
pe_len: 47.949 cs_len: 8.5895
---
front: 0, 0, 2.5
side: 0, 0, 0
front only
front: 2.16463, 0.221005, 2.5
side: 0, 0, 0
front only
else
else
else
front: 0.999109, 0, 2.5
side: 0, 0, 0
front only
else
else
else
else
else
front: 0, 1.01986, 2.5
side: 0, 0, 0
front only
else
else
else
else
else
else
else
else
else
else
else
else
front: 1.00636, 0.582881, 2.5
side: 0, 0, 0
front only
else
else
else
else
else
front: 0, 1.40497, 2.5
side: 0, 0, 0
front only
else
else
else
else
else
front: 0, 0.145345, 2.5
side: 0, 0, 0
front only
else
front: 0, 0, 2.5
back: 0, 0, 7.5
front back
photon_ene: 661.6 photon_theta: 2.93314 photon_phi: 0.74315
traject_len: 5
pe_len: 19.8966 cs_len: 2.26645
---
front: 0, 1.18643, 2.5
side: 0, 0, 0
front only
else
else
else
front: 0.590816, 0.520495, 2.5
back: 1.77245, 1.56148, 7.5
front back
photon_ene: 661.6 photon_theta: 2.83647 photon_phi: 3.8638
traject_len: 5.24213
pe_len: 15.8322 cs_len: 0.750207
---
else
front: 0, 0, 2.5
side: 0, 0, 0
front only
else
else
else
else
else
else
else
else
else
else
else
front: 0.638491, 0.462864, 2.5
back: 1.91547, 1.38859, 7.5
front back
photon_ene: 661.6 photon_theta: 2.83603 photon_phi: 3.76886
traject_len: 5.24287
pe_len: 35.4165 cs_len: 14.9535
---
front: 0.420809, 0, 2.5
side: 0, 0, 0
front only
else
else
else
else
front: 0.584301, 0, 2.5
side: 0, 0, 0
front only
front: 0, 0, 2.5
back: 0, 0, 7.5
front back
photon_ene: 661.6 photon_theta: 2.85344 photon_phi: 0.464191
traject_len: 5
pe_len: 81.6851 cs_len: 6.32023
---
else
else
else
else
else
front: 0, 0.79362, 2.5
side: 0, 0, 0
front only
else
else
else
else
else
else
front: 0.691874, 1.57044, 2.5
side: 0, 0, 0
front only
else
else
else
front: 0, 1.03819, 2.5
side: 0, 0, 0
front only
else
front: 0.387699, 0.357352, 2.5
back: 1.1631, 1.07206, 7.5
front back
photon_ene: 661.6 photon_theta: 2.93373 photon_phi: 3.88628
traject_len: 5.10999
pe_len: 28.9144 cs_len: 1.52073
---
else
front: 0, 0, 2.5
side: 0, 0, 0
front only
front: 0, 0.250109, 2.5
side: 0, 0, 0
front only
else
else
front: 2.05515, 0, 2.5
side: 0, 0, 0
front only
else
else
else
front: 0, 1.38411, 2.5
side: 0, 0, 0
front only
else
else
else
front: 0.837818, 0.381514, 2.5
side: 0, 0, 0
front only
front: 0, 0.56861, 2.5
side: 0, 0, 0
front only
front: 0, 0, 2.5
side: 0, 0, 0
front only
else
else
else
else
front: 0, 0, 2.5
side: 0, 0, 0
front only
else
front: 0.71782, 0, 2.5
side: 0, 0, 0
front only
else
else
front: 0.059015, 1.27023, 2.5
side: 0, 0, 0
front only
else
front: 0, 1.33919, 2.5
side: 0, 0, 0
front only
front: 0.404432, 0, 2.5
side: 0, 0, 0
front only
else
else
else
else
else
else
front: 1.44995, 0, 2.5
side: 0, 0, 0
front only
else
else
else
else
else
else
else
else
front: 0, 0, 2.5
side: 0, 0, 0
front only
front: 0, 0, 2.5
side: 0, 0, 0
front only
front: 1.05672, 0, 2.5
side: 0, 0, 0
front only
else
front: 0, 1.26137, 2.5
side: 0, 0, 0
front only
else
else
else
else
else
front: 1.61567, 0, 2.5
side: 0, 0, 0
front only
else
else
else
else
else
else
else
else
else
else
else
else
else
else
else
else
front: 0.684351, 0, 2.5
side: 0, 0, 0
front only
else
else
front: 1.00865, 0, 2.5
side: 0, 0, 0
front only
else
else
else
front: 0.0248365, 0.591868, 2.5
back: 0.0745094, 1.7756, 7.5
front back
photon_ene: 661.6 photon_theta: 0.232664 photon_phi: 1.52886
traject_len: 5.13845
pe_len: 1.81656 cs_len: 1.08583
---
else
front: 0.379264, 0.433175, 2.5
back: 1.13779, 1.29952, 7.5
front back
photon_ene: 661.6 photon_theta: 0.226351 photon_phi: 0.851658
traject_len: 5.13088
pe_len: 26.4498 cs_len: 0.306974
---
front: 0.245288, 0, 2.5
back: 0.735865, 0, 7.5
front back
photon_ene: 661.6 photon_theta: 0.228658 photon_phi: 5.14758
traject_len: 5.02401
pe_len: 56.4133 cs_len: 4.04467
---
else
else
front: 0.00291346, 1.27047, 2.5
side: 0, 0, 0
front only
front: 0.0681289, 0, 2.5
side: 0, 0, 0
front only
else
else
else
front: 0, 0.960334, 2.5
side: 0, 0, 0
front only
front: 1.11803, 0.716871, 2.5
side: 0, 0, 0
front only
front: 0, 0.867476, 2.5
side: 0, 0, 0
front only
else
else
else
else
else
else
else
else
else
else
else
else
else
else
else
else
front: 0, 0, 2.5
back: 0, 0, 7.5
front back
photon_ene: 661.6 photon_theta: 3.01213 photon_phi: 1.45775
traject_len: 5
pe_len: 55.5776 cs_len: 1.62201
---
front: 0, 1.20692, 2.5
side: 0, 0, 0
front only
else
else
else
else
else
else
else
else
else
front: 0, 0, 2.5
side: 0, 0, 0
front only
else
front: 0, 0, 2.5
side: 0, 0, 0
front only
else
else
front: 0.518546, 1.96568, 2.5
side: 0, 0, 0
front only
else
else
else
else
else
front: 0.600771, 0.540314, 2.5
back: 1.80231, 1.62094, 7.5
front back
photon_ene: 661.6 photon_theta: 0.312603 photon_phi: 0.732466
traject_len: 5.25466
pe_len: 53.7329 cs_len: 4.74725
---
front: 0, 0, 2.5
side: 0, 0, 0
front only
else
else
front: 0, 0, 2.5
side: 0, 0, 0
front only
front: 0, 0, 2.5
side: 0, 0, 0
front only
else
else
else
else
else
else
else
else
else
else
front: 1.06207, 0.0674593, 2.5
side: 0, 0, 0
front only
else
front: 0, 0, 2.5
side: 0, 0, 0
front only
else
else
front: 0, 0, 2.5
side: 0, 0, 0
front only
else
else
front: 2.01679, 1.17363, 2.5
side: 0, 0, 0
front only
else
else
else
else
else
else
front: 0, 0, 2.5
back: 0, 0, 7.5
front back
photon_ene: 661.6 photon_theta: 2.97537 photon_phi: 0.50858
traject_len: 5
pe_len: 115.421 cs_len: 2.07419
---
front: 0, 2.25872, 2.5
side: 0, 0, 0
front only
else
else
else
front: 0, 0, 2.5
side: 0, 0, 0
front only
else
front: 0.557309, 0.6245, 2.5
side: 0, 0, 0
front only
else
else
else
else
else
else
else
front: 0.0521501, 0.304768, 2.5
back: 0.15645, 0.914304, 7.5
front back
photon_ene: 661.6 photon_theta: 3.01854 photon_phi: 4.54292
traject_len: 5.0381
pe_len: 1.3067 cs_len: 0.0334435
---
else
else
else
else
else
front: 0, 0, 2.5
side: 0, 0, 0
front only
else
front: 0, 1.13522, 2.5
side: 0, 0, 0
front only
else
front: 0.633562, 0, 2.5
side: 0, 0, 0
front only
else
front: 1.29443, 2.02965, 2.5
side: 0, 0, 0
front only
else
front: 0, 0, 2.5
side: 0, 0, 0
front only
else
else
else
else
else
else
front: 0, 1.19461, 2.5
side: 0, 0, 0
front only
else
front: 0, 0, 2.5
side: 0, 0, 0
front only
else
front: 0, 0, 2.5
side: 0, 0, 0
front only
else
front: 0, 1.94381, 2.5
side: 0, 0, 0
front only
else
else
else
else
else
else
else
front: 0, 1.17122, 2.5
side: 0, 0, 0
front only
else
else
front: 0, 0, 2.5
side: 0, 0, 0
front only
else
else
else
else
else
else
front: 0, 0, 2.5
back: 0, 0, 7.5
front back
photon_ene: 661.6 photon_theta: 0.280569 photon_phi: 4.13796
traject_len: 5
pe_len: 34.0286 cs_len: 3.2947
---
front: 0, 1.29134, 2.5
side: 0, 0, 0
front only
else
else
front: 0, 0, 2.5
back: 0, 0, 7.5
front back
photon_ene: 661.6 photon_theta: 0.0601111 photon_phi: 4.19689
traject_len: 5
pe_len: 6.84511 cs_len: 1.34336
---
else
front: 0, 0, 2.5
side: 0, 0, 0
front only
else
front: 0, 0, 2.5
side: 0, 0, 0
front only
else
else
else
else
else
else
else
front: 0.486148, 0, 2.5
side: 0, 0, 0
front only
else
front: 0, 0, 2.5
back: 0, 0, 7.5
front back
photon_ene: 661.6 photon_theta: 3.01145 photon_phi: 0.80013
traject_len: 5
pe_len: 6.7304 cs_len: 1.85698
---
else
else
else
else
else
else
else
else
else
else
front: 0, 1.64795, 2.5
side: 0, 0, 0
front only
else
else
else
front: 0, 0.273412, 2.5
side: 0, 0, 0
front only
else
else
front: 0, 0.87103, 2.5
side: 0, 0, 0
front only
else
else
front: 0.00819615, 0, 2.5
side: 0, 0, 0
front only
else
front: 0.738322, 0, 2.5
side: 0, 0, 0
front only
else
front: 0, 0.369455, 2.5
back: 0, 1.10836, 7.5
front back
photon_ene: 661.6 photon_theta: 0.288974 photon_phi: 2.62136
traject_len: 5.0543
pe_len: 54.0578 cs_len: 2.15576
---
else
front: 0, 0.367339, 2.5
side: 0, 0, 0
front only
else
front: 0, 1.47011, 2.5
side: 0, 0, 0
front only
front: 0, 0, 2.5
side: 0, 0, 0
front only
else
front: 1.27259, 0.0508814, 2.5
side: 0, 0, 0
front only
else
front: 0.168216, 0.273846, 2.5
back: 0.504649, 0.821538, 7.5
front back
photon_ene: 661.6 photon_theta: 0.127853 photon_phi: 1.01995
traject_len: 5.04115
pe_len: 117.052 cs_len: 0.652231
---
front: 1.38945, 0.526143, 2.5
side: 0, 0, 0
front only
else
front: 0, 0.502057, 2.5
side: 0, 0, 0
front only
else
else
else
else
else
front: 0, 1.31423, 2.5
side: 0, 0, 0
front only
else
else
else
front: 0.25322, 0, 2.5
side: 0, 0, 0
front only
front: 1.29745, 0, 2.5
side: 0, 0, 0
front only
else
else
else
else
else
else
else
else
else
else
else
else
else
else
else
else
else
else
else
front: 1.60122, 0, 2.5
side: 0, 0, 0
front only
front: 0, 0, 2.5
back: 0, 0, 7.5
front back
photon_ene: 661.6 photon_theta: 3.00144 photon_phi: 1.57032
traject_len: 5
pe_len: 8.36098 cs_len: 17.6987
---
front: 0, 2.3866, 2.5
side: 0, 0, 0
front only
else
front: 0.25711, 1.63237, 2.5
side: 0, 0, 0
front only
else
else
front: 0, 2.34116, 2.5
side: 0, 0, 0
front only
front: 0, 1.31551, 2.5
side: 0, 0, 0
front only
else
else
front: 1.49504, 0, 2.5
side: 0, 0, 0
front only
front: 1.80632, 0.310094, 2.5
side: 0, 0, 0
front only
else
else
else
else
front: 0.787936, 0, 2.5
back: 2.36381, 0, 7.5
front back
photon_ene: 661.6 photon_theta: 0.306855 photon_phi: 6.1799
traject_len: 5.24246
pe_len: 12.2612 cs_len: 3.00625
---
front: 0, 0, 2.5
side: 0, 0, 0
front only
else
else
front: 0, 0, 2.5
side: 0, 0, 0
front only
front: 0, 0.94907, 2.5
side: 0, 0, 0
front only
else
front: 2.0698, 0.287019, 2.5
side: 0, 0, 0
front only
else
front: 0.589195, 0, 2.5
side: 0, 0, 0
front only
else
else
front: 0.737108, 0.375907, 2.5
back: 2.21132, 1.12772, 7.5
front back
photon_ene: 661.6 photon_theta: 2.82197 photon_phi: 3.61319
traject_len: 5.26674
pe_len: 3.0947 cs_len: 6.9813
---
else
front: 0.26652, 0.450337, 2.5
back: 0.799559, 1.35101, 7.5
front back
photon_ene: 661.6 photon_theta: 0.206338 photon_phi: 1.03641
traject_len: 5.10836
pe_len: 36.7572 cs_len: 5.57265
---
else
else
else
else
else
front: 0, 0.951286, 2.5
side: 0, 0, 0
front only
front: 0, 0.0862561, 2.5
back: 0, 0.258768, 7.5
front back
photon_ene: 661.6 photon_theta: 2.98443 photon_phi: 6.0637
traject_len: 5.00298
pe_len: 158.788 cs_len: 1.93732
---
else
else
else
front: 0.596137, 0, 2.5
side: 0, 0, 0
front only
front: 1.41904, 0.840706, 2.5
side: 0, 0, 0
front only
else
else
else
else
else
else
else
front: 0, 0, 2.5
side: 0, 0, 0
front only
front: 0, 0.824234, 2.5
side: 0, 0, 0
front only
else
else
front: 0, 0.0966666, 2.5
back: 0, 0.29, 7.5
front back
photon_ene: 661.6 photon_theta: 2.8983 photon_phi: 6.12677
traject_len: 5.00374
pe_len: 3.83711 cs_len: 0.338914
---
else
else
else
else
else
else
front: 0, 0, 2.5
side: 0, 0, 0
front only
else
else
else
front: 0, 0, 2.5
side: 0, 0, 0
front only
else
else
front: 0.65804, 0, 2.5
side: 0, 0, 0
front only
front: 0, 0, 2.5
side: 0, 0, 0
front only
else
else
else
front: 0, 1.55467, 2.5
side: 0, 0, 0
front only
else
else
front: 0, 1.1512, 2.5
side: 0, 0, 0
front only
else
else
else
front: 0, 2.24996, 2.5
side: 0, 0, 0
front only
else
front: 0, 1.62462, 2.5
side: 0, 0, 0
front only
else
else
else
else
else
else
else
else
front: 1.61056, 0, 2.5
side: 0, 0, 0
front only
else
else
else
front: 0, 0, 2.5
side: 0, 0, 0
front only
front: 0.793734, 0.266731, 2.5
side: 0, 0, 0
front only
else
front: 0, 0.687188, 2.5
side: 0, 0, 0
front only
front: 1.39429, 0, 2.5
side: 0, 0, 0
front only
else
front: 0, 0, 2.5
side: 0, 0, 0
front only
else
else
else
else
else
front: 0, 0, 2.5
side: 0, 0, 0
front only
front: 0, 0, 2.5
side: 0, 0, 0
front only
else
front: 0, 0, 2.5
back: 0, 0, 7.5
front back
photon_ene: 661.6 photon_theta: 2.84453 photon_phi: 1.52109
traject_len: 5
pe_len: 0.667815 cs_len: 0.747283
---
else
else
else
front: 0, 0, 2.5
side: 0, 0, 0
front only
front: 1.90344, 0, 2.5
side: 0, 0, 0
front only
else
else
else
else
else
else
else
front: 0, 0, 2.5
side: 0, 0, 0
front only
else
front: 0, 0, 2.5
side: 0, 0, 0
front only
else
front: 0, 1.24733, 2.5
side: 0, 0, 0
front only
front: 0, 1.00313, 2.5
side: 0, 0, 0
front only
else
else
front: 0.634846, 0, 2.5
side: 0, 0, 0
front only
else
front: 1.5422, 1.06102, 2.5
side: 0, 0, 0
front only
front: 0, 0, 2.5
back: 0, 0, 7.5
front back
photon_ene: 661.6 photon_theta: 0.310604 photon_phi: 4.04824
traject_len: 5
pe_len: 68.3156 cs_len: 2.23108
---
else
front: 0.676787, 0, 2.5
side: 0, 0, 0
front only
else
else
else
else
front: 0, 1.90068, 2.5
side: 0, 0, 0
front only
front: 2.108, 0.218683, 2.5
side: 0, 0, 0
front only
else
front: 0.213635, 0, 2.5
side: 0, 0, 0
front only
front: 1.53886, 0, 2.5
side: 0, 0, 0
front only
else
front: 0, 0, 2.5
side: 0, 0, 0
front only
else
front: 0.171994, 0, 2.5
side: 0, 0, 0
front only
else
front: 0, 0, 2.5
back: 0, 0, 7.5
front back
photon_ene: 661.6 photon_theta: 2.8853 photon_phi: 1.23527
traject_len: 5
pe_len: 60.8375 cs_len: 1.70538
---
else
else
else
else
front: 0.522926, 0.838802, 2.5
side: 0, 0, 0
front only
front: 0, 1.28303, 2.5
side: 0, 0, 0
front only
else
front: 0, 0.98805, 2.5
side: 0, 0, 0
front only
front: 0, 0, 2.5
side: 0, 0, 0
front only
else
front: 0, 0.873396, 2.5
side: 0, 0, 0
front only
front: 0.65904, 0, 2.5
side: 0, 0, 0
front only
else
front: 0, 1.82421, 2.5
side: 0, 0, 0
front only
front: 1.56955, 0, 2.5
side: 0, 0, 0
front only
front: 0, 0.415093, 2.5
back: 0, 1.24528, 7.5
front back
photon_ene: 661.6 photon_theta: 2.94171 photon_phi: 5.32252
traject_len: 5.06845
pe_len: 59.6733 cs_len: 3.04899
---
else
else
else
else
else
else
front: 0, 0, 2.5
side: 0, 0, 0
front only
front: 1.01225, 0, 2.5
side: 0, 0, 0
front only
else
else
else
else
front: 0, 1.70985, 2.5
side: 0, 0, 0
front only
else
front: 0, 0, 2.5
back: 0, 0, 7.5
front back
photon_ene: 661.6 photon_theta: 2.84225 photon_phi: 0.992099
traject_len: 5
pe_len: 64.8483 cs_len: 0.908023
---
else
else
else
front: 0.518969, 0, 2.5
back: 1.55691, 0, 7.5
front back
photon_ene: 661.6 photon_theta: 2.88098 photon_phi: 2.46294
traject_len: 5.1066
pe_len: 8.28346 cs_len: 0.655849
---
front: 1.93873, 0, 2.5
side: 0, 0, 0
front only
front: 0, 1.14492, 2.5
side: 0, 0, 0
front only
else
else
else
front: 0, 0.25206, 2.5
side: 0, 0, 0
front only
else
else
else
else
else
else
front: 1.11015, 0.265471, 2.5
side: 0, 0, 0
front only
else
front: 0, 0.185733, 2.5
side: 0, 0, 0
front only
else
front: 0, 0, 2.5
side: 0, 0, 0
front only
else
else
else
else
else
else
else
else
else
else
front: 1.50795, 1.60426, 2.5
side: 0, 0, 0
front only
else
else
else
else
front: 0, 1.28406, 2.5
side: 0, 0, 0
front only
else
else
front: 0, 1.32282, 2.5
side: 0, 0, 0
front only
else
front: 0, 0, 2.5
side: 0, 0, 0
front only
else
else
else
else
front: 0, 0.066808, 2.5
side: 0, 0, 0
front only
else
front: 0.993784, 0.25931, 2.5
side: 0, 0, 0
front only
else
front: 0, 1.68385, 2.5
side: 0, 0, 0
front only
else
else
front: 0, 0.324682, 2.5
back: 0, 0.974047, 7.5
front back
photon_ene: 661.6 photon_theta: 2.92786 photon_phi: 5.64174
traject_len: 5.04199
pe_len: 156.404 cs_len: 16.3391
---
front: 1.65451, 1.0033, 2.5
side: 0, 0, 0
front only
else
else
else
else
else
else
front: 0.856157, 1.90786, 2.5
side: 0, 0, 0
front only
else
front: 0.149137, 0.0414124, 2.5
back: 0.44741, 0.124237, 7.5
front back
photon_ene: 661.6 photon_theta: 3.07976 photon_phi: 3.41245
traject_len: 5.00957
pe_len: 56.3574 cs_len: 0.131752
---
front: 0, 0, 2.5
back: 0, 0, 7.5
front back
photon_ene: 661.6 photon_theta: 2.88789 photon_phi: 0.276462
traject_len: 5
pe_len: 27.5338 cs_len: 8.0901
---
else
else
front: 2.3066, 0.846087, 2.5
side: 0, 0, 0
front only
else
front: 0.734548, 0.400658, 2.5
side: 0, 0, 0
front only
else
else
else
else
else
front: 0, 0, 2.5
side: 0, 0, 0
front only
front: 0, 0.549337, 2.5
back: 0, 1.64801, 7.5
front back
photon_ene: 661.6 photon_theta: 2.9176 photon_phi: 4.97945
traject_len: 5.11929
pe_len: 182.763 cs_len: 4.62413
---
front: 0, 1.05078, 2.5
side: 0, 0, 0
front only
else
front: 0.784408, 0.30157, 2.5
side: 0, 0, 0
front only
else
else
else
else
else
else
else
front: 0, 0.082922, 2.5
side: 0, 0, 0
front only
front: 1.30847, 0, 2.5
side: 0, 0, 0
front only
else
else
else
else
else
else
else
front: 0, 0, 2.5
side: 0, 0, 0
front only
else
else
else
else
else
front: 0, 0, 2.5
side: 0, 0, 0
front only
else
else
else
else
else
else
front: 0, 0, 2.5
side: 0, 0, 0
front only
else
else
front: 1.08644, 0, 2.5
side: 0, 0, 0
front only
front: 0, 0, 2.5
side: 0, 0, 0
front only
front: 0.366942, 0, 2.5
side: 0, 0, 0
front only
else
front: 0, 0, 2.5
side: 0, 0, 0
front only
else
front: 0, 0.635133, 2.5
side: 0, 0, 0
front only
else
else
front: 1.94926, 0.318019, 2.5
side: 0, 0, 0
front only
front: 0.385173, 0, 2.5
back: 1.15552, 0, 7.5
front back
photon_ene: 661.6 photon_theta: 2.82231 photon_phi: 2.0556
traject_len: 5.059
pe_len: 52.5286 cs_len: 2.07955
---
else
else
else
else
else
front: 0.0527597, 0, 2.5
back: 0.158279, 0, 7.5
front back
photon_ene: 661.6 photon_theta: 3.04538 photon_phi: 1.79126
traject_len: 5.00111
pe_len: 11.3269 cs_len: 3.31574
---
front: 0, 0, 2.5
side: 0, 0, 0
front only
else
else
else
else
else
front: 0.551643, 0.438755, 2.5
back: 1.65493, 1.31627, 7.5
front back
photon_ene: 661.6 photon_theta: 2.86679 photon_phi: 3.8135
traject_len: 5.19493
pe_len: 8.88593 cs_len: 1.48533
---
else
else
else
else
else
else
front: 1.03985, 0, 2.5
side: 0, 0, 0
front only
else
else
else
front: 0, 0, 2.5
side: 0, 0, 0
front only
else
front: 0, 0.372663, 2.5
back: 0, 1.11799, 7.5
front back
photon_ene: 661.6 photon_theta: 2.98746 photon_phi: 4.99821
traject_len: 5.05525
pe_len: 30.1491 cs_len: 4.04817
---
else
else
else
front: 2.31005, 0.72709, 2.5
side: 0, 0, 0
front only
else
front: 0.946403, 0, 2.5
side: 0, 0, 0
front only
else
else
else
front: 0, 0.734279, 2.5
side: 0, 0, 0
front only
front: 0.525328, 0, 2.5
back: 1.57598, 0, 7.5
front back
photon_ene: 661.6 photon_theta: 2.93042 photon_phi: 2.94244
traject_len: 5.1092
pe_len: 11.4658 cs_len: 3.15787
---
else
else
front: 0, 0, 2.5
back: 0, 0, 7.5
front back
photon_ene: 661.6 photon_theta: 0.303743 photon_phi: 4.18256
traject_len: 5
pe_len: 25.8298 cs_len: 1.38296
---
else
else
front: 0.09281, 0.510763, 2.5
back: 0.27843, 1.53229, 7.5
front back
photon_ene: 661.6 photon_theta: 0.204741 photon_phi: 1.39105
traject_len: 5.10666
pe_len: 16.7608 cs_len: 1.89301
---
else
front: 0, 0, 2.5
side: 0, 0, 0
front only
else
else
else
else
front: 0.201309, 0.110898, 2.5
back: 0.603926, 0.332694, 7.5
front back
photon_ene: 661.6 photon_theta: 0.0916757 photon_phi: 0.503523
traject_len: 5.02108
pe_len: 12.3885 cs_len: 4.4304
---
else
else
else
else
else
else
else
else
else
else
else
front: 0, 1.87809, 2.5
side: 0, 0, 0
front only
else
else
front: 1.60086, 0, 2.5
side: 0, 0, 0
front only
front: 0.538068, 0, 2.5
back: 1.6142, 0, 7.5
front back
photon_ene: 661.6 photon_theta: 0.212124 photon_phi: 6.24753
traject_len: 5.1145
pe_len: 99.7118 cs_len: 3.06939
---
front: 0, 0.220942, 2.5
back: 0, 0.662825, 7.5
front back
photon_ene: 661.6 photon_theta: 0.197143 photon_phi: 2.68325
traject_len: 5.01949
pe_len: 9.13293 cs_len: 1.11914
---
else
front: 0, 1.26667, 2.5
side: 0, 0, 0
front only
else
else
else
else
else
front: 0.179264, 0.0602004, 2.5
back: 0.537793, 0.180601, 7.5
front back
photon_ene: 661.6 photon_theta: 0.0754972 photon_phi: 0.323986
traject_len: 5.01428
pe_len: 93.3813 cs_len: 2.14156
---
front: 1.25671, 0.214053, 2.5
side: 0, 0, 0
front only
else
front: 0.12298, 0.683884, 2.5
back: 0.368939, 2.05165, 7.5
front back
photon_ene: 661.6 photon_theta: 2.87049 photon_phi: 4.53447
traject_len: 5.18954
pe_len: 33.583 cs_len: 8.24616
---
else
else
else
front: 0, 0, 2.5
back: 0, 0, 7.5
front back
photon_ene: 661.6 photon_theta: 2.94288 photon_phi: 0.996407
traject_len: 5
pe_len: 25.4479 cs_len: 0.295485
---
else
else
else
else
else
else
else
else
front: 0, 0, 2.5
side: 0, 0, 0
front only
else
else
front: 0, 0.876707, 2.5
side: 0, 0, 0
front only
else
else
else
else
else
else
front: 0, 0.0340254, 2.5
back: 0, 0.102076, 7.5
front back
photon_ene: 661.6 photon_theta: 0.217344 photon_phi: 3.07992
traject_len: 5.00046
pe_len: 8.925 cs_len: 2.48446
---
else
else
else
else
else
else
front: 1.50754, 0, 2.5
side: 0, 0, 0
front only
else
else
else
else
else
else
else
front: 0, 0.612931, 2.5
side: 0, 0, 0
front only
else
else
else
else
front: 0, 1.05492, 2.5
side: 0, 0, 0
front only
front: 0, 0, 2.5
back: 0, 0, 7.5
front back
photon_ene: 661.6 photon_theta: 0.0560137 photon_phi: 3.82444
traject_len: 5
pe_len: 62.3566 cs_len: 4.46898
---
front: 0, 1.27843, 2.5
side: 0, 0, 0
front only
else
else
front: 0, 0, 2.5
side: 0, 0, 0
front only
else
front: 0, 0, 2.5
side: 0, 0, 0
front only
else
else
else
else
front: 0.187523, 0, 2.5
side: 0, 0, 0
front only
front: 0, 0.157864, 2.5
side: 0, 0, 0
front only
else
else
else
front: 0, 0, 2.5
back: 0, 0, 7.5
front back
photon_ene: 661.6 photon_theta: 2.90662 photon_phi: 1.18299
traject_len: 5
pe_len: 0.505641 cs_len: 3.80488
---
else
front: 1.71668, 0, 2.5
side: 0, 0, 0
front only
front: 0, 0, 2.5
side: 0, 0, 0
front only
front: 0, 0, 2.5
back: 0, 0, 7.5
front back
photon_ene: 661.6 photon_theta: 0.289057 photon_phi: 3.41452
traject_len: 5
pe_len: 24.7238 cs_len: 5.61358
---
front: 1.13708, 0, 2.5
side: 0, 0, 0
front only
else
else
else
else
else
front: 0, 0.0695982, 2.5
side: 0, 0, 0
front only
front: 1.33564, 0, 2.5
side: 0, 0, 0
front only
else
else
else
else
else
else
front: 0.785723, 0, 2.5
side: 0, 0, 0
front only
else
else
front: 0, 0, 2.5
side: 0, 0, 0
front only
else
else
else
else
front: 0, 0, 2.5
back: 0, 0, 7.5
front back
photon_ene: 661.6 photon_theta: 0.245996 photon_phi: 4.41695
traject_len: 5
pe_len: 8.24493 cs_len: 2.38958
---
front: 0, 0, 2.5
back: 0, 0, 7.5
front back
photon_ene: 661.6 photon_theta: 0.149755 photon_phi: 4.41687
traject_len: 5
pe_len: 14.5842 cs_len: 1.31565
---
front: 1.56288, 0, 2.5
side: 0, 0, 0
front only
else
else
front: 0, 0, 2.5
side: 0, 0, 0
front only
else
else
else
else
else
front: 0, 0.058762, 2.5
back: 0, 0.176286, 7.5
front back
photon_ene: 661.6 photon_theta: 0.188374 photon_phi: 3.01798
traject_len: 5.00138
pe_len: 25.6927 cs_len: 5.22611
---
else
else
else
else
else
else
front: 0, 1.47603, 2.5
side: 0, 0, 0
front only
else
else
else
else
else
else
else
else
else
front: 1.32288, 0.47153, 2.5
side: 0, 0, 0
front only
front: 1.25865, 1.31673, 2.5
side: 0, 0, 0
front only
else
else
else
else
else
else
else
else
front: 2.04278, 0, 2.5
side: 0, 0, 0
front only
front: 1.3903, 1.58691, 2.5
side: 0, 0, 0
front only
else
else
front: 0.912734, 1.549, 2.5
side: 0, 0, 0
front only
else
else
front: 0.23041, 0, 2.5
back: 0.691229, 0, 7.5
front back
photon_ene: 661.6 photon_theta: 2.93694 photon_phi: 2.0309
traject_len: 5.02119
pe_len: 18.4887 cs_len: 0.00505397
---
else
front: 1.25315, 0, 2.5
side: 0, 0, 0
front only
else
else
front: 1.80356, 0, 2.5
side: 0, 0, 0
front only
else
else
front: 0.933721, 0, 2.5
side: 0, 0, 0
front only
else
else
front: 0, 0, 2.5
side: 0, 0, 0
front only
else
front: 0, 0.0900209, 2.5
side: 0, 0, 0
front only
else
else
else
else
else
front: 0, 0, 2.5
side: 0, 0, 0
front only
else
else
else
else
else
front: 0, 0, 2.5
side: 0, 0, 0
front only
else
front: 0, 0, 2.5
side: 0, 0, 0
front only
else
else
else
front: 0.750504, 0, 2.5
side: 0, 0, 0
front only
else
else
else
else
front: 0, 0, 2.5
back: 0, 0, 7.5
front back
photon_ene: 661.6 photon_theta: 0.177168 photon_phi: 4.03811
traject_len: 5
pe_len: 26.6423 cs_len: 4.08749
---
else
else
front: 0, 0, 2.5
side: 0, 0, 0
front only
else
front: 1.61486, 0.228265, 2.5
side: 0, 0, 0
front only
else
else
else
front: 0, 0, 2.5
back: 0, 0, 7.5
front back
photon_ene: 661.6 photon_theta: 0.259866 photon_phi: 3.56329
traject_len: 5
pe_len: 32.1499 cs_len: 20.3771
---
else
else
else
else
else
else
front: 1.98018, 1.2345, 2.5
side: 0, 0, 0
front only
else
else
else
else
front: 0.999769, 0.773069, 2.5
side: 0, 0, 0
front only
else
else
else
front: 0, 1.38826, 2.5
side: 0, 0, 0
front only
else
else
else
else
else
else
else
front: 0, 0, 2.5
side: 0, 0, 0
front only
else
front: 0, 1.50582, 2.5
side: 0, 0, 0
front only
front: 0, 1.85202, 2.5
side: 0, 0, 0
front only
front: 0.393808, 0.660383, 2.5
back: 1.18143, 1.98115, 7.5
front back
photon_ene: 661.6 photon_theta: 0.298374 photon_phi: 1.03308
traject_len: 5.23113
pe_len: 56.041 cs_len: 0.0970155
---
front: 0.228674, 2.05738, 2.5
side: 0, 0, 0
front only
else
else
else
else
else
else
else
front: 0, 0, 2.5
back: 0, 0, 7.5
front back
photon_ene: 661.6 photon_theta: 0.223769 photon_phi: 4.19801
traject_len: 5
pe_len: 46.6604 cs_len: 3.85684
---
else
else
else
else
front: 0.640347, 0.465131, 2.5
back: 1.92104, 1.39539, 7.5
front back
photon_ene: 661.6 photon_theta: 0.306597 photon_phi: 0.628208
traject_len: 5.24457
pe_len: 48.448 cs_len: 0.904252
---
else
front: 0, 0, 2.5
side: 0, 0, 0
front only
else
front: 0, 0, 2.5
back: 0, 0, 7.5
front back
photon_ene: 661.6 photon_theta: 0.298334 photon_phi: 3.80362
traject_len: 5
pe_len: 33.1184 cs_len: 1.35628
---
front: 0, 0.566448, 2.5
side: 0, 0, 0
front only
else
front: 0.223958, 2.12383, 2.5
side: 0, 0, 0
front only
else
front: 0, 0.574826, 2.5
back: 0, 1.72448, 7.5
front back
photon_ene: 661.6 photon_theta: 0.25455 photon_phi: 2.05791
traject_len: 5.13047
pe_len: 24.7961 cs_len: 0.653381
---
front: 1.55729, 0.372664, 2.5
side: 0, 0, 0
front only
front: 0.362505, 0.74536, 2.5
back: 1.08751, 2.23608, 7.5
front back
photon_ene: 661.6 photon_theta: 2.82146 photon_phi: 4.25972
traject_len: 5.26763
pe_len: 52.726 cs_len: 0.203183
---
else
else
else
front: 1.75271, 0, 2.5
side: 0, 0, 0
front only
front: 2.27479, 0, 2.5
side: 0, 0, 0
front only
else
else
front: 0, 0.122995, 2.5
side: 0, 0, 0
front only
else
else
front: 0, 0, 2.5
side: 0, 0, 0
front only
else
else
front: 0, 0, 2.5
side: 0, 0, 0
front only
else
front: 0.243224, 0, 2.5
side: 0, 0, 0
front only
else
else
front: 0, 0, 2.5
side: 0, 0, 0
front only
else
front: 0.580524, 0.257975, 2.5
back: 1.74157, 0.773924, 7.5
front back
photon_ene: 661.6 photon_theta: 2.89275 photon_phi: 3.55977
traject_len: 5.1589
pe_len: 8.19117 cs_len: 3.04489
---
else
else
else
front: 0, 1.16256, 2.5
side: 0, 0, 0
front only
else
else
front: 0.756539, 0.775056, 2.5
side: 0, 0, 0
front only
else
else
else
else
else
else
else
front: 2.2889, 0.530736, 2.5
side: 0, 0, 0
front only
else
else
else
front: 0.896387, 0, 2.5
side: 0, 0, 0
front only
front: 1.50019, 0.595087, 2.5
side: 0, 0, 0
front only
else
front: 0, 0, 2.5
side: 0, 0, 0
front only
else
else
else
front: 0.888581, 0.611915, 2.5
side: 0, 0, 0
front only
front: 0.0191109, 1.52257, 2.5
side: 0, 0, 0
front only
front: 0, 0.147865, 2.5
side: 0, 0, 0
front only
else
else
else
else
front: 0, 1.00458, 2.5
side: 0, 0, 0
front only
else
else
else
else
else
else
else
front: 0, 0.753046, 2.5
side: 0, 0, 0
front only
else
else
front: 0, 0.785148, 2.5
side: 0, 0, 0
front only
else
front: 0, 1.90371, 2.5
side: 0, 0, 0
front only
else
front: 0, 0, 2.5
side: 0, 0, 0
front only
else
else
else
else
else
else
else
front: 0, 2.25796, 2.5
side: 0, 0, 0
front only
else
else
else
front: 0.479313, 0, 2.5
back: 1.43794, 0, 7.5
front back
photon_ene: 661.6 photon_theta: 0.280903 photon_phi: 5.43919
traject_len: 5.09107
pe_len: 26.6809 cs_len: 1.66377
---
else
front: 1.39377, 0, 2.5
side: 0, 0, 0
front only
else
else
front: 0.377648, 0, 2.5
back: 1.13294, 0, 7.5
front back
photon_ene: 661.6 photon_theta: 0.175008 photon_phi: 5.73664
traject_len: 5.05673
pe_len: 25.6943 cs_len: 3.88538
---
else
else
front: 1.11077, 0.454744, 2.5
side: 0, 0, 0
front only
else
front: 0.968513, 0, 2.5
side: 0, 0, 0
front only
else
else
else
else
else
else
else
front: 0, 1.50349, 2.5
side: 0, 0, 0
front only
else
front: 1.01742, 0, 2.5
side: 0, 0, 0
front only
else
else
else
front: 0.816902, 0.187676, 2.5
side: 0, 0, 0
front only
front: 0, 0, 2.5
side: 0, 0, 0
front only
else
else
else
else
front: 1.17365, 0, 2.5
side: 0, 0, 0
front only
else
else
else
else
else
else
front: 0, 0, 2.5
side: 0, 0, 0
front only
else
front: 0.401322, 0, 2.5
side: 0, 0, 0
front only
front: 1.1269, 0, 2.5
side: 0, 0, 0
front only
front: 0, 0.272283, 2.5
back: 0, 0.81685, 7.5
front back
photon_ene: 661.6 photon_theta: 2.99108 photon_phi: 5.48208
traject_len: 5.02957
pe_len: 64.3576 cs_len: 3.79279
---
else
else
else
front: 0, 0.539276, 2.5
side: 0, 0, 0
front only
else
front: 1.32649, 0, 2.5
side: 0, 0, 0
front only
front: 0, 1.72999, 2.5
side: 0, 0, 0
front only
front: 0.175711, 0, 2.5
back: 0.527133, 0, 7.5
front back
photon_ene: 661.6 photon_theta: 0.0912659 photon_phi: 5.58805
traject_len: 5.01233
pe_len: 94.2956 cs_len: 13.1399
---
else
else
else
else
else
else
front: 0, 0, 2.5
side: 0, 0, 0
front only
front: 0, 1.22158, 2.5
side: 0, 0, 0
front only
else
else
else
else
front: 0, 0, 2.5
side: 0, 0, 0
front only
else
front: 0, 0, 2.5
side: 0, 0, 0
front only
front: 1.92032, 0.805821, 2.5
side: 0, 0, 0
front only
else
else
else
else
else
else
else
else
else
else
else
else
else
else
else
else
else
else
else
else
else
front: 0, 0, 2.5
side: 0, 0, 0
front only
front: 0.0274004, 0, 2.5
back: 0.0822011, 0, 7.5
front back
photon_ene: 661.6 photon_theta: 0.287218 photon_phi: 4.7495
traject_len: 5.0003
pe_len: 19.4675 cs_len: 1.1137
---
else
front: 0, 1.07788, 2.5
side: 0, 0, 0
front only
front: 2.00708, 0.00237526, 2.5
side: 0, 0, 0
front only
else
front: 0.938906, 0, 2.5
side: 0, 0, 0
front only
else
front: 0, 0, 2.5
back: 0, 0, 7.5
front back
photon_ene: 661.6 photon_theta: 0.272054 photon_phi: 3.58871
traject_len: 5
pe_len: 76.7374 cs_len: 7.60868
---
else
else
else
else
else
front: 0.729697, 1.00781, 2.5
side: 0, 0, 0
front only
else
front: 0, 0, 2.5
side: 0, 0, 0
front only
else
else
front: 0, 0.330334, 2.5
back: 0, 0.991001, 7.5
front back
photon_ene: 661.6 photon_theta: 3.01022 photon_phi: 4.71474
traject_len: 5.04346
pe_len: 83.8087 cs_len: 3.20934
---
else
else
else
else
else
front: 0, 0.682766, 2.5
side: 0, 0, 0
front only
else
else
else
else
else
else
else
else
else
else
front: 1.53546, 0, 2.5
side: 0, 0, 0
front only
else
else
else
front: 0, 0.967295, 2.5
side: 0, 0, 0
front only
front: 0.108692, 1.48022, 2.5
side: 0, 0, 0
front only
else
else
else
else
else
else
front: 0, 0, 2.5
side: 0, 0, 0
front only
else
else
front: 0.919477, 0, 2.5
side: 0, 0, 0
front only
front: 0, 0, 2.5
side: 0, 0, 0
front only
else
else
front: 0.654204, 2.01292, 2.5
side: 0, 0, 0
front only
else
else
else
else
front: 1.72221, 0, 2.5
side: 0, 0, 0
front only
else
front: 0, 1.74684, 2.5
side: 0, 0, 0
front only
front: 1.04058, 0.88981, 2.5
side: 0, 0, 0
front only
else
else
else
else
front: 0, 1.17262, 2.5
side: 0, 0, 0
front only
else
else
else
front: 0.165673, 0, 2.5
side: 0, 0, 0
front only
else
front: 0, 1.25638, 2.5
side: 0, 0, 0
front only
else
front: 0.250764, 0.28212, 2.5
back: 0.752293, 0.846359, 7.5
front back
photon_ene: 661.6 photon_theta: 0.149851 photon_phi: 0.844171
traject_len: 5.05667
pe_len: 35.5711 cs_len: 0.217982
---
else
else
else
else
front: 0, 0, 2.5
side: 0, 0, 0
front only
else
else
front: 0, 1.26501, 2.5
side: 0, 0, 0
front only
else
else
else
front: 0.524119, 0.26303, 2.5
back: 1.57236, 0.789091, 7.5
front back
photon_ene: 661.6 photon_theta: 0.230402 photon_phi: 0.465128
traject_len: 5.13571
pe_len: 24.576 cs_len: 0.126109
---
else
front: 0.469989, 0, 2.5
back: 1.40997, 0, 7.5
front back
photon_ene: 661.6 photon_theta: 0.187489 photon_phi: 6.14836
traject_len: 5.08759
pe_len: 24.4246 cs_len: 0.475702
---
else
else
else
front: 0.53816, 0, 2.5
side: 0, 0, 0
front only
else
else
else
else
else
front: 0.185501, 0, 2.5
back: 0.556503, 0, 7.5
front back
photon_ene: 661.6 photon_theta: 0.109759 photon_phi: 5.45107
traject_len: 5.01375
pe_len: 32.4084 cs_len: 3.20323
---
else
front: 0, 1.34284, 2.5
side: 0, 0, 0
front only
else
else
else
else
else
else
else
front: 0, 1.28748, 2.5
side: 0, 0, 0
front only
else
front: 0.0629472, 0, 2.5
side: 0, 0, 0
front only
else
else
front: 0.20374, 0, 2.5
back: 0.611219, 0, 7.5
front back
photon_ene: 661.6 photon_theta: 0.152608 photon_phi: 5.27084
traject_len: 5.01658
pe_len: 11.3083 cs_len: 1.03364
---
front: 0.623139, 1.66219, 2.5
side: 0, 0, 0
front only
else
front: 0, 0.980831, 2.5
side: 0, 0, 0
front only
else
else
front: 0, 0, 2.5
back: 0, 0, 7.5
front back
photon_ene: 661.6 photon_theta: 0.311906 photon_phi: 3.22428
traject_len: 5
pe_len: 30.538 cs_len: 4.79157
---
else
else
else
else
front: 0, 0, 2.5
side: 0, 0, 0
front only
else
else
else
else
else
else
else
else
else
front: 0.406991, 0.331102, 2.5
back: 1.22097, 0.993305, 7.5
front back
photon_ene: 661.6 photon_theta: 0.206863 photon_phi: 0.682941
traject_len: 5.10892
pe_len: 22.657 cs_len: 9.45671
---
else
else
else
else
else
else
else
else
else
else
front: 1.52384, 0, 2.5
side: 0, 0, 0
front only
else
else
front: 2.39777, 0.173373, 2.5
side: 0, 0, 0
front only
else
front: 0, 1.36761, 2.5
side: 0, 0, 0
front only
else
front: 0.132862, 0, 2.5
back: 0.398587, 0, 7.5
front back
photon_ene: 661.6 photon_theta: 3.05997 photon_phi: 2.2779
traject_len: 5.00706
pe_len: 6.29612 cs_len: 5.18541
---
front: 1.35331, 0, 2.5
side: 0, 0, 0
front only
front: 0, 0, 2.5
side: 0, 0, 0
front only
else
front: 1.81618, 0, 2.5
side: 0, 0, 0
front only
else
else
front: 0, 0, 2.5
side: 0, 0, 0
front only
else
else
front: 0.411967, 1.47498, 2.5
side: 0, 0, 0
front only
else
else
else
else
else
else
front: 0, 0, 2.5
back: 0, 0, 7.5
front back
photon_ene: 661.6 photon_theta: 2.88449 photon_phi: 0.527522
traject_len: 5
pe_len: 22.444 cs_len: 8.53482
---
front: 0.00427278, 2.00001, 2.5
side: 0, 0, 0
front only
else
else
front: 2.07787, 1.2946, 2.5
side: 0, 0, 0
front only
else
else
front: 0, 1.34958, 2.5
side: 0, 0, 0
front only
else
front: 0, 0, 2.5
side: 0, 0, 0
front only
else
else
else
front: 1.94707, 0, 2.5
side: 0, 0, 0
front only
else
else
front: 0, 1.03232, 2.5
side: 0, 0, 0
front only
else
else
else
front: 0, 0, 2.5
side: 0, 0, 0
front only
else
front: 0, 0, 2.5
side: 0, 0, 0
front only
else
else
else
else
else
front: 0.873735, 1.31031, 2.5
side: 0, 0, 0
front only
front: 2.26367, 0.127296, 2.5
side: 0, 0, 0
front only
else
else
else
else
front: 1.58098, 0, 2.5
side: 0, 0, 0
front only
else
else
else
else
else
front: 0, 0, 2.5
side: 0, 0, 0
front only
else
front: 0.320348, 1.26395, 2.5
side: 0, 0, 0
front only
else
front: 0.181391, 0.260536, 2.5
back: 0.544174, 0.781607, 7.5
front back
photon_ene: 661.6 photon_theta: 0.126309 photon_phi: 0.962609
traject_len: 5.04015
pe_len: 45.0422 cs_len: 1.0104
---
else
front: 0, 0, 2.5
side: 0, 0, 0
front only
else
else
else
else
front: 0, 0.247488, 2.5
side: 0, 0, 0
front only
else
else
else
else
front: 0, 2.40019, 2.5
side: 0, 0, 0
front only
else
front: 0, 0.727014, 2.5
side: 0, 0, 0
front only
else
else
front: 0.465618, 0.806162, 2.5
side: 0, 0, 0
front only
else
else
else
else
else
else
front: 0, 0.554482, 2.5
back: 0, 1.66345, 7.5
front back
photon_ene: 661.6 photon_theta: 0.220718 photon_phi: 1.7226
traject_len: 5.1215
pe_len: 0.504098 cs_len: 1.79472
---
else
front: 1.87804, 1.259, 2.5
side: 0, 0, 0
front only
else
else
front: 0.77221, 1.76681, 2.5
side: 0, 0, 0
front only
front: 0.919968, 0, 2.5
side: 0, 0, 0
front only
else
else
else
else
else
front: 0, 0, 2.5
side: 0, 0, 0
front only
else
else
else
else
else
else
else
else
else
else
front: 0, 1.60815, 2.5
side: 0, 0, 0
front only
else
else
else
else
else
front: 0, 2.08731, 2.5
side: 0, 0, 0
front only
else
front: 0.690421, 0, 2.5
side: 0, 0, 0
front only
front: 1.19654, 1.53316, 2.5
side: 0, 0, 0
front only
else
else
else
front: 0, 1.24799, 2.5
side: 0, 0, 0
front only
front: 0, 0, 2.5
side: 0, 0, 0
front only
front: 0, 0, 2.5
back: 0, 0, 7.5
front back
photon_ene: 661.6 photon_theta: 2.99484 photon_phi: 0.289433
traject_len: 5
pe_len: 12.8969 cs_len: 1.08197
---
front: 0, 0, 2.5
side: 0, 0, 0
front only
else
else
else
front: 1.18151, 2.18749, 2.5
side: 0, 0, 0
front only
else
front: 0.189264, 0.522911, 2.5
back: 0.567792, 1.56873, 7.5
front back
photon_ene: 661.6 photon_theta: 2.92271 photon_phi: 4.36511
traject_len: 5.12221
pe_len: 83.1926 cs_len: 3.23618
---
else
else
else
else
else
else
else
front: 0, 1.51006, 2.5
side: 0, 0, 0
front only
else
else
else
else
else
else
front: 0, 0, 2.5
side: 0, 0, 0
front only
else
else
else
front: 0, 0, 2.5
side: 0, 0, 0
front only
else
else
else
else
front: 0.182126, 0.874687, 2.5
side: 0, 0, 0
front only
else
else
else
else
else
front: 0, 0, 2.5
side: 0, 0, 0
front only
else
else
else
else
front: 0.726998, 0, 2.5
back: 2.18099, 0, 7.5
front back
photon_ene: 661.6 photon_theta: 2.85666 photon_phi: 3.02172
traject_len: 5.20712
pe_len: 2.12686 cs_len: 5.43359
---
else
front: 0, 0, 2.5
side: 0, 0, 0
front only
else
front: 0.854705, 0.0199489, 2.5
side: 0, 0, 0
front only
front: 1.06101, 0, 2.5
side: 0, 0, 0
front only
else
else
front: 0.180511, 1.75156, 2.5
side: 0, 0, 0
front only
else
else
else
front: 0, 0, 2.5
back: 0, 0, 7.5
front back
photon_ene: 661.6 photon_theta: 0.255393 photon_phi: 4.55926
traject_len: 5
pe_len: 0.700374 cs_len: 3.78852
---
else
front: 0, 0.314207, 2.5
side: 0, 0, 0
front only
else
else
else
front: 1.325, 0.357384, 2.5
side: 0, 0, 0
front only
else
front: 0, 1.16039, 2.5
side: 0, 0, 0
front only
else
else
else
else
else
else
else
front: 0, 0.75677, 2.5
side: 0, 0, 0
front only
else
else
else
front: 0, 0, 2.5
side: 0, 0, 0
front only
front: 0.710589, 0, 2.5
back: 2.13177, 0, 7.5
front back
photon_ene: 661.6 photon_theta: 2.85382 photon_phi: 2.85886
traject_len: 5.19805
pe_len: 10.5563 cs_len: 2.58719
---
else
front: 0, 0.508251, 2.5
side: 0, 0, 0
front only
else
else
else
front: 0.955183, 0, 2.5
side: 0, 0, 0
front only
front: 1.72249, 0, 2.5
side: 0, 0, 0
front only
front: 0.406836, 1.54662, 2.5
side: 0, 0, 0
front only
else
else
else
else
else
else
front: 0, 0, 2.5
side: 0, 0, 0
front only
else
else
front: 0.894322, 0, 2.5
side: 0, 0, 0
front only
else
else
else
else
else
front: 0.180425, 0, 2.5
side: 0, 0, 0
front only
front: 1.13642, 0, 2.5
side: 0, 0, 0
front only
front: 1.58718, 0.646192, 2.5
side: 0, 0, 0
front only
else
front: 0, 0.51585, 2.5
side: 0, 0, 0
front only
else
else
else
else
front: 0, 0, 2.5
side: 0, 0, 0
front only
front: 1.7155, 0, 2.5
side: 0, 0, 0
front only
else
else
else
front: 0, 0, 2.5
side: 0, 0, 0
front only
else
else
front: 0, 0.592552, 2.5
side: 0, 0, 0
front only
else
else
else
else
else
else
else
else
front: 0, 0, 2.5
side: 0, 0, 0
front only
else
front: 0.98031, 0, 2.5
side: 0, 0, 0
front only
else
else
else
else
front: 0.158548, 0.886747, 2.5
side: 0, 0, 0
front only
else
front: 0, 0.562494, 2.5
side: 0, 0, 0
front only
front: 0.49954, 0, 2.5
back: 1.49862, 0, 7.5
front back
photon_ene: 661.6 photon_theta: 2.92826 photon_phi: 2.74501
traject_len: 5.09884
pe_len: 7.33593 cs_len: 10.8411
---
else
else
else
else
else
else
else
else
else
else
front: 1.75506, 0, 2.5
side: 0, 0, 0
front only
else
front: 0, 0.819523, 2.5
side: 0, 0, 0
front only
else
else
front: 0.876586, 0, 2.5
side: 0, 0, 0
front only
else
else
front: 0.329523, 0, 2.5
back: 0.98857, 0, 7.5
front back
photon_ene: 661.6 photon_theta: 2.88622 photon_phi: 2.10003
traject_len: 5.04325
pe_len: 17.7639 cs_len: 2.14756
---
front: 0, 0, 2.5
side: 0, 0, 0
front only
front: 0, 0.065189, 2.5
back: 0, 0.195567, 7.5
front back
photon_ene: 661.6 photon_theta: 3.11504 photon_phi: 4.90373
traject_len: 5.0017
pe_len: 0.0770193 cs_len: 10.4318
---
else
else
else
else
else
front: 1.57322, 0, 2.5
side: 0, 0, 0
front only
else
front: 0.376622, 1.23634, 2.5
side: 0, 0, 0
front only
else
else
else
else
front: 1.48548, 0, 2.5
side: 0, 0, 0
front only
front: 0.265764, 0, 2.5
back: 0.797293, 0, 7.5
front back
photon_ene: 661.6 photon_theta: 3.03507 photon_phi: 3.03368
traject_len: 5.02817
pe_len: 19.9182 cs_len: 1.94251
---
else
front: 1.146, 0.831063, 2.5
side: 0, 0, 0
front only
else
else
else
front: 0, 0, 2.5
side: 0, 0, 0
front only
else
else
else
else
front: 0, 0, 2.5
side: 0, 0, 0
front only
front: 0.346441, 0.460387, 2.5
back: 1.03932, 1.38116, 7.5
front back
photon_ene: 661.6 photon_theta: 2.91508 photon_phi: 4.06729
traject_len: 5.13107
pe_len: 91.6471 cs_len: 2.67691
---
else
else
front: 0.855117, 0, 2.5
side: 0, 0, 0
front only
front: 0.0476464, 0.28077, 2.5
back: 0.142939, 0.84231, 7.5
front back
photon_ene: 661.6 photon_theta: 0.113425 photon_phi: 1.4027
traject_len: 5.03234
pe_len: 79.9645 cs_len: 1.24351
---
else
else
else
else
else
else
else
else
else
else
else
else
else
else
else
else
front: 0, 2.23793, 2.5
side: 0, 0, 0
front only
else
else
else
else
else
else
else
else
front: 1.12398, 0.235009, 2.5
side: 0, 0, 0
front only
else
else
else
else
else
else
else
else
else
else
else
else
else
front: 0.109121, 0.475273, 2.5
back: 0.327363, 1.42582, 7.5
front back
photon_ene: 661.6 photon_theta: 0.192637 photon_phi: 1.34511
traject_len: 5.09423
pe_len: 44.1333 cs_len: 3.93217
---
front: 1.02859, 1.96459, 2.5
side: 0, 0, 0
front only
else
front: 0, 0, 2.5
side: 0, 0, 0
front only
else
else
else
else
front: 0.782149, 0.60598, 2.5
side: 0, 0, 0
front only
front: 0.0517256, 0, 2.5
back: 0.155177, 0, 7.5
front back
photon_ene: 661.6 photon_theta: 0.108578 photon_phi: 4.90335
traject_len: 5.00107
pe_len: 44.948 cs_len: 2.57171
---
else
front: 0.416888, 0, 2.5
side: 0, 0, 0
front only
else
else
else
else
front: 0.617673, 0.722964, 2.5
side: 0, 0, 0
front only
else
else
else
else
else
else
else
front: 0, 0, 2.5
side: 0, 0, 0
front only
front: 0.898942, 0, 2.5
side: 0, 0, 0
front only
front: 0, 0.516543, 2.5
back: 0, 1.54963, 7.5
front back
photon_ene: 661.6 photon_theta: 2.82706 photon_phi: 5.59504
traject_len: 5.10561
pe_len: 37.5521 cs_len: 3.21156
---
front: 0, 0, 2.5
side: 0, 0, 0
front only
else
front: 1.20146, 0, 2.5
side: 0, 0, 0
front only
else
else
front: 0, 0, 2.5
side: 0, 0, 0
front only
else
else
front: 0, 1.1174, 2.5
side: 0, 0, 0
front only
else
else
else
else
else
else
else
else
else
front: 0, 0.742324, 2.5
side: 0, 0, 0
front only
front: 0, 0.169609, 2.5
side: 0, 0, 0
front only
else
else
front: 1.80984, 0.78286, 2.5
side: 0, 0, 0
front only
else
else
front: 0.362868, 0, 2.5
side: 0, 0, 0
front only
else
else
front: 1.71042, 0, 2.5
side: 0, 0, 0
front only
else
else
front: 0, 0, 2.5
side: 0, 0, 0
front only
front: 0, 0, 2.5
back: 0, 0, 7.5
front back
photon_ene: 661.6 photon_theta: 0.141899 photon_phi: 4.05231
traject_len: 5
pe_len: 35.5458 cs_len: 1.3258
---
else
front: 1.09079, 0.807468, 2.5
side: 0, 0, 0
front only
front: 0, 0, 2.5
back: 0, 0, 7.5
front back
photon_ene: 661.6 photon_theta: 0.087368 photon_phi: 3.50396
traject_len: 5
pe_len: 53.172 cs_len: 15.135
---
front: 0, 0, 2.5
side: 0, 0, 0
front only
else
else
front: 1.70199, 0, 2.5
side: 0, 0, 0
front only
else
front: 1.29784, 0.323707, 2.5
side: 0, 0, 0
front only
front: 0, 0.881431, 2.5
side: 0, 0, 0
front only
else
else
else
else
else
front: 1.40913, 1.44481, 2.5
side: 0, 0, 0
front only
else
else
else
front: 0, 0.995996, 2.5
side: 0, 0, 0
front only
else
front: 0, 0, 2.5
side: 0, 0, 0
front only
front: 0, 0, 2.5
side: 0, 0, 0
front only
front: 2.31491, 0.739773, 2.5
side: 0, 0, 0
front only
else
front: 0, 0.788397, 2.5
side: 0, 0, 0
front only
else
else
else
front: 1.04086, 0, 2.5
side: 0, 0, 0
front only
else
else
front: 0.696298, 0, 2.5
side: 0, 0, 0
front only
else
front: 0, 0.14318, 2.5
back: 0, 0.429541, 7.5
front back
photon_ene: 661.6 photon_theta: 2.88945 photon_phi: 6.059
traject_len: 5.00819
pe_len: 6.8564 cs_len: 3.00198
---
else
else
front: 0.372828, 0, 2.5
side: 0, 0, 0
front only
else
else
front: 1.35068, 0.120045, 2.5
side: 0, 0, 0
front only
else
else
else
else
front: 0.409069, 0, 2.5
side: 0, 0, 0
front only
else
else
else
front: 0.310415, 0, 2.5
back: 0.931245, 0, 7.5
front back
photon_ene: 661.6 photon_theta: 0.132851 photon_phi: 5.90441
traject_len: 5.0384
pe_len: 36.0117 cs_len: 0.353663
---
else
else
else
front: 0.153939, 0, 2.5
side: 0, 0, 0
front only
front: 0, 0, 2.5
side: 0, 0, 0
front only
else
front: 0.747005, 0, 2.5
side: 0, 0, 0
front only
front: 0.137471, 0, 2.5
side: 0, 0, 0
front only
front: 1.80041, 0.472796, 2.5
side: 0, 0, 0
front only
front: 1.09187, 0.618392, 2.5
side: 0, 0, 0
front only
else
front: 0.785048, 0, 2.5
side: 0, 0, 0
front only
else
else
else
else
else
front: 0.608746, 0.682591, 2.5
side: 0, 0, 0
front only
else
else
front: 0, 0, 2.5
side: 0, 0, 0
front only
front: 0.074443, 0, 2.5
side: 0, 0, 0
front only
front: 0, 1.93448, 2.5
side: 0, 0, 0
front only
front: 0, 1.26334, 2.5
side: 0, 0, 0
front only
else
front: 1.5512, 1.43392, 2.5
side: 0, 0, 0
front only
else
else
else
front: 0, 2.15171, 2.5
side: 0, 0, 0
front only
else
else
else
else
else
else
else
else
else
else
else
else
else
else
else
else
else
else
else
else
else
else
else
else
front: 0.18078, 2.00498, 2.5
side: 0, 0, 0
front only
else
else
else
else
else
else
front: 0.622144, 0.0925521, 2.5
back: 1.86643, 0.277656, 7.5
front back
photon_ene: 661.6 photon_theta: 0.246481 photon_phi: 0.14768
traject_len: 5.15582
pe_len: 10.6726 cs_len: 0.00259906
---
else
else
else
front: 0.444825, 0, 2.5
side: 0, 0, 0
front only
front: 1.31391, 0, 2.5
side: 0, 0, 0
front only
front: 0.712252, 0.0327262, 2.5
back: 2.13675, 0.0981787, 7.5
front back
photon_ene: 661.6 photon_theta: 0.277825 photon_phi: 0.0459153
traject_len: 5.19937
pe_len: 33.7115 cs_len: 0.074919
---
else
else
else
else
else
else
else
else
else
else
else
else
else
else
front: 1.59818, 0, 2.5
side: 0, 0, 0
front only
front: 0, 0.28658, 2.5
side: 0, 0, 0
front only
else
front: 0, 0, 2.5
side: 0, 0, 0
front only
else
else
front: 0.487197, 0.855939, 2.5
side: 0, 0, 0
front only
front: 0.683995, 2.27807, 2.5
side: 0, 0, 0
front only
else
else
else
else
else
else
else
front: 0, 0, 2.5
side: 0, 0, 0
front only
else
else
else
else
front: 0, 0.133908, 2.5
back: 0, 0.401723, 7.5
front back
photon_ene: 661.6 photon_theta: 0.315083 photon_phi: 2.97651
traject_len: 5.00717
pe_len: 54.8012 cs_len: 1.10699
---
front: 0, 1.02651, 2.5
side: 0, 0, 0
front only
else
front: 0, 0, 2.5
side: 0, 0, 0
front only
else
front: 0.284216, 0, 2.5
side: 0, 0, 0
front only
front: 0.439398, 1.32451, 2.5
side: 0, 0, 0
front only
else
front: 0, 0, 2.5
side: 0, 0, 0
front only
front: 1.31079, 0, 2.5
side: 0, 0, 0
front only
front: 0.298387, 0, 2.5
side: 0, 0, 0
front only
front: 2.21804, 0, 2.5
side: 0, 0, 0
front only
else
front: 0.264279, 0, 2.5
side: 0, 0, 0
front only
front: 0, 0, 2.5
side: 0, 0, 0
front only
front: 0, 0, 2.5
back: 0, 0, 7.5
front back
photon_ene: 661.6 photon_theta: 0.290168 photon_phi: 4.54076
traject_len: 5
pe_len: 28.0635 cs_len: 4.79878
---
else
front: 0.477044, 0, 2.5
side: 0, 0, 0
front only
front: 0.972485, 0, 2.5
side: 0, 0, 0
front only
else
else
else
else
else
else
else
else
front: 0, 0.0152633, 2.5
side: 0, 0, 0
front only
else
front: 1.54099, 1.44325, 2.5
side: 0, 0, 0
front only
else
else
front: 0.336727, 0, 2.5
side: 0, 0, 0
front only
else
front: 0.566963, 0, 2.5
side: 0, 0, 0
front only
else
else
else
else
else
front: 0, 0.355315, 2.5
side: 0, 0, 0
front only
else
else
else
front: 0, 0, 2.5
side: 0, 0, 0
front only
else
front: 0, 0, 2.5
side: 0, 0, 0
front only
else
else
front: 0, 0, 2.5
side: 0, 0, 0
front only
front: 0.601109, 0, 2.5
side: 0, 0, 0
front only
else
else
front: 1.14421, 0, 2.5
side: 0, 0, 0
front only
else
else
else
else
else
else
else
else
front: 0, 0, 2.5
side: 0, 0, 0
front only
else
else
else
else
else
else
else
else
else
front: 0.0122261, 0.590547, 2.5
back: 0.0366782, 1.77164, 7.5
front back
photon_ene: 661.6 photon_theta: 0.232015 photon_phi: 1.5501
traject_len: 5.13766
pe_len: 8.99887 cs_len: 2.99143
---
else
front: 1.11643, 0.48212, 2.5
side: 0, 0, 0
front only
else
front: 0.968657, 0.211932, 2.5
side: 0, 0, 0
front only
else
front: 0.878582, 0, 2.5
side: 0, 0, 0
front only
front: 0.0335892, 0, 2.5
back: 0.100768, 0, 7.5
front back
photon_ene: 661.6 photon_theta: 0.126423 photon_phi: 4.8183
traject_len: 5.00045
pe_len: 36.5172 cs_len: 0.519943
---
else
else
else
else
else
else
front: 0, 0, 2.5
side: 0, 0, 0
front only
else
else
else
front: 0, 0.769638, 2.5
side: 0, 0, 0
front only
else
else
else
front: 0.112094, 0, 2.5
back: 0.336283, 0, 7.5
front back
photon_ene: 661.6 photon_theta: 2.92544 photon_phi: 1.77644
traject_len: 5.00502
pe_len: 10.9475 cs_len: 4.9557
---
front: 0, 0, 2.5
side: 0, 0, 0
front only
else
front: 2.48108, 0, 2.5
side: 0, 0, 0
front only
else
front: 0, 0, 2.5
side: 0, 0, 0
front only
else
front: 0.535022, 1.54945, 2.5
side: 0, 0, 0
front only
else
else
else
else
front: 0, 0.43005, 2.5
side: 0, 0, 0
front only
else
front: 0.93486, 1.58188, 2.5
side: 0, 0, 0
front only
else
else
else
front: 0, 2.23274, 2.5
side: 0, 0, 0
front only
else
else
else
else
else
else
front: 0.708594, 0.109711, 2.5
back: 2.12578, 0.329133, 7.5
front back
photon_ene: 661.6 photon_theta: 2.86228 photon_phi: 3.2952
traject_len: 5.20159
pe_len: 71.9966 cs_len: 1.69614
---
else
front: 0.0431228, 0.0884811, 2.5
back: 0.129368, 0.265443, 7.5
front back
photon_ene: 661.6 photon_theta: 0.0393517 photon_phi: 1.11731
traject_len: 5.00387
pe_len: 0.35136 cs_len: 4.17746
---
front: 0, 1.4851, 2.5
side: 0, 0, 0
front only
else
else
front: 1.00354, 0.427473, 2.5
side: 0, 0, 0
front only
else
else
front: 0, 1.42633, 2.5
side: 0, 0, 0
front only
front: 0, 0.69068, 2.5
side: 0, 0, 0
front only
else
else
else
else
else
else
else
front: 2.29014, 0.79861, 2.5
side: 0, 0, 0
front only
else
else
else
else
else
else
else
else
else
else
else
else
else
front: 0, 0, 2.5
side: 0, 0, 0
front only
front: 1.06541, 0.348294, 2.5
side: 0, 0, 0
front only
front: 0, 0, 2.5
side: 0, 0, 0
front only
front: 0, 0.472619, 2.5
side: 0, 0, 0
front only
else
else
front: 0, 1.41313, 2.5
side: 0, 0, 0
front only
front: 0, 0, 2.5
side: 0, 0, 0
front only
else
else
else
else
else
else
else
else
else
else
front: 0, 1.54335, 2.5
side: 0, 0, 0
front only
else
else
else
else
front: 0, 0, 2.5
side: 0, 0, 0
front only
else
else
else
else
else
front: 0, 1.22872, 2.5
side: 0, 0, 0
front only
front: 1.58056, 0, 2.5
side: 0, 0, 0
front only
else
front: 0, 0, 2.5
back: 0, 0, 7.5
front back
photon_ene: 661.6 photon_theta: 3.02498 photon_phi: 0.13121
traject_len: 5
pe_len: 29.4888 cs_len: 0.551592
---
else
front: 0.0388564, 2.34587, 2.5
side: 0, 0, 0
front only
front: 0, 0.0393237, 2.5
side: 0, 0, 0
front only
else
else
else
else
front: 1.51307, 0.556699, 2.5
side: 0, 0, 0
front only
front: 0, 0, 2.5
side: 0, 0, 0
front only
else
else
else
else
front: 0.125678, 1.60814, 2.5
side: 0, 0, 0
front only
else
front: 0, 0, 2.5
back: 0, 0, 7.5
front back
photon_ene: 661.6 photon_theta: 2.84985 photon_phi: 0.753103
traject_len: 5
pe_len: 47.8663 cs_len: 3.12772
---
else
else
else
else
else
else
else
else
front: 0.559613, 0.44367, 2.5
back: 1.67884, 1.33101, 7.5
front back
photon_ene: 661.6 photon_theta: 0.278249 photon_phi: 0.670346
traject_len: 5.2
pe_len: 42.4819 cs_len: 0.804141
---
front: 0, 0.508571, 2.5
back: 0, 1.52571, 7.5
front back
photon_ene: 661.6 photon_theta: 2.88863 photon_phi: 5.37732
traject_len: 5.10241
pe_len: 19.5738 cs_len: 1.07287
---
else
else
front: 0, 0.0115607, 2.5
side: 0, 0, 0
front only
else
else
else
front: 0.0301933, 0.0648064, 2.5
back: 0.0905798, 0.194419, 7.5
front back
photon_ene: 661.6 photon_theta: 0.0285901 photon_phi: 1.1348
traject_len: 5.00204
pe_len: 17.6127 cs_len: 11.822
---
else
else
else
else
else
front: 0, 0, 2.5
back: 0, 0, 7.5
front back
photon_ene: 661.6 photon_theta: 0.12531 photon_phi: 4.24935
traject_len: 5
pe_len: 5.69806 cs_len: 5.98405
---
else
else
else
else
else
front: 0, 0, 2.5
side: 0, 0, 0
front only
else
front: 0, 0, 2.5
back: 0, 0, 7.5
front back
photon_ene: 661.6 photon_theta: 0.158114 photon_phi: 4.05207
traject_len: 5
pe_len: 5.93263 cs_len: 0.0230533
---
front: 0, 1.04498, 2.5
side: 0, 0, 0
front only
else
else
front: 0.408681, 1.00019, 2.5
side: 0, 0, 0
front only
else
else
else
front: 0, 0.0856942, 2.5
side: 0, 0, 0
front only
else
else
else
else
else
front: 0.725842, 0, 2.5
side: 0, 0, 0
front only
else
front: 0.682906, 0, 2.5
side: 0, 0, 0
front only
else
else
else
else
front: 0, 0.93208, 2.5
side: 0, 0, 0
front only
else
else
else
else
else
else
else
front: 0, 0, 2.5
side: 0, 0, 0
front only
front: 1.99894, 0, 2.5
side: 0, 0, 0
front only
else
else
else
front: 1.65334, 1.78055, 2.5
side: 0, 0, 0
front only
else
else
else
front: 1.46082, 0.255827, 2.5
side: 0, 0, 0
front only
else
else
else
else
else
else
front: 0, 0.902891, 2.5
side: 0, 0, 0
front only
else
front: 0, 0, 2.5
back: 0, 0, 7.5
front back
photon_ene: 661.6 photon_theta: 0.229816 photon_phi: 4.57381
traject_len: 5
pe_len: 38.9546 cs_len: 2.56116
---
else
else
front: 0, 0.614819, 2.5
side: 0, 0, 0
front only
else
else
else
else
else
else
front: 0.866631, 1.15622, 2.5
side: 0, 0, 0
front only
else
front: 0, 2.02988, 2.5
side: 0, 0, 0
front only
else
front: 1.4104, 0.678542, 2.5
side: 0, 0, 0
front only
front: 0.874008, 0, 2.5
side: 0, 0, 0
front only
front: 1.76807, 0, 2.5
side: 0, 0, 0
front only
front: 0, 0, 2.5
side: 0, 0, 0
front only
else
else
else
front: 0, 0, 2.5
side: 0, 0, 0
front only
else
front: 0, 0, 2.5
back: 0, 0, 7.5
front back
photon_ene: 661.6 photon_theta: 0.278255 photon_phi: 4.68603
traject_len: 5
pe_len: 9.89341 cs_len: 4.98849
---
front: 0.0189044, 0, 2.5
back: 0.0567133, 0, 7.5
front back
photon_ene: 661.6 photon_theta: 2.98353 photon_phi: 1.61826
traject_len: 5.00014
pe_len: 151.942 cs_len: 7.61529
---
front: 2.12591, 0.148795, 2.5
side: 0, 0, 0
front only
else
else
else
front: 1.35292, 0.58712, 2.5
side: 0, 0, 0
front only
else
front: 0, 0, 2.5
side: 0, 0, 0
front only
front: 2.0672, 0.565722, 2.5
side: 0, 0, 0
front only
else
else
else
else
else
else
else
front: 0, 0, 2.5
side: 0, 0, 0
front only
front: 1.10909, 0, 2.5
side: 0, 0, 0
front only
else
front: 0, 0, 2.5
side: 0, 0, 0
front only
front: 0, 0.965871, 2.5
side: 0, 0, 0
front only
else
front: 1.09219, 0, 2.5
side: 0, 0, 0
front only
front: 0, 0, 2.5
back: 0, 0, 7.5
front back
photon_ene: 661.6 photon_theta: 2.83627 photon_phi: 1.0071
traject_len: 5
pe_len: 128.761 cs_len: 12.4527
---
front: 0.307686, 0, 2.5
side: 0, 0, 0
front only
front: 2.17368, 0, 2.5
side: 0, 0, 0
front only
else
else
else
front: 0, 0, 2.5
back: 0, 0, 7.5
front back
photon_ene: 661.6 photon_theta: 0.187427 photon_phi: 3.53378
traject_len: 5
pe_len: 39.0001 cs_len: 3.46224
---
else
else
else
else
front: 1.01119, 0.383144, 2.5
side: 0, 0, 0
front only
front: 0.621964, 0, 2.5
side: 0, 0, 0
front only
front: 1.84161, 0, 2.5
side: 0, 0, 0
front only
else
else
front: 0.71241, 1.74087, 2.5
side: 0, 0, 0
front only
front: 0, 0, 2.5
side: 0, 0, 0
front only
front: 2.17872, 0, 2.5
side: 0, 0, 0
front only
else
front: 1.83179, 1.39812, 2.5
side: 0, 0, 0
front only
front: 0, 1.44608, 2.5
side: 0, 0, 0
front only
else
else
else
front: 0.128582, 0, 2.5
side: 0, 0, 0
front only
front: 0, 0, 2.5
back: 0, 0, 7.5
front back
photon_ene: 661.6 photon_theta: 2.82135 photon_phi: 0.621598
traject_len: 5
pe_len: 20.8355 cs_len: 0.943655
---
else
front: 0.547957, 0.463346, 2.5
back: 1.64387, 1.39004, 7.5
front back
photon_ene: 661.6 photon_theta: 2.86207 photon_phi: 3.84352
traject_len: 5.2019
pe_len: 1.60131 cs_len: 0.547237
---
else
front: 0.495625, 0, 2.5
side: 0, 0, 0
front only
else
else
else
front: 0, 0, 2.5
side: 0, 0, 0
front only
front: 0.814422, 0.43331, 2.5
side: 0, 0, 0
front only
else
front: 1.37982, 1.57394, 2.5
side: 0, 0, 0
front only
front: 0.386103, 0.526274, 2.5
back: 1.15831, 1.57882, 7.5
front back
photon_ene: 661.6 photon_theta: 2.88621 photon_phi: 4.07943
traject_len: 5.16761
pe_len: 81.1333 cs_len: 0.0628026
---
else
front: 2.28723, 0, 2.5
side: 0, 0, 0
front only
else
else
front: 0.933406, 0, 2.5
side: 0, 0, 0
front only
else
front: 0.71776, 0, 2.5
side: 0, 0, 0
front only
else
else
else
else
front: 0, 1.10815, 2.5
side: 0, 0, 0
front only
else
else
front: 0, 1.09879, 2.5
side: 0, 0, 0
front only
else
front: 0, 1.9046, 2.5
side: 0, 0, 0
front only
else
else
else
else
else
else
else
front: 1.90347, 0, 2.5
side: 0, 0, 0
front only
front: 1.90477, 0.937416, 2.5
side: 0, 0, 0
front only
front: 0.383967, 0, 2.5
side: 0, 0, 0
front only
front: 0, 0, 2.5
side: 0, 0, 0
front only
else
else
front: 0.917146, 0, 2.5
side: 0, 0, 0
front only
else
front: 0, 0, 2.5
back: 0, 0, 7.5
front back
photon_ene: 661.6 photon_theta: 0.236244 photon_phi: 3.45111
traject_len: 5
pe_len: 46.3966 cs_len: 1.00238
---
else
else
else
else
else
else
else
front: 0, 0, 2.5
side: 0, 0, 0
front only
front: 0.515474, 1.10459, 2.5
side: 0, 0, 0
front only
front: 1.21106, 0.969309, 2.5
side: 0, 0, 0
front only
front: 2.02325, 0, 2.5
side: 0, 0, 0
front only
else
else
front: 0, 0.527615, 2.5
side: 0, 0, 0
front only
else
else
front: 1.30092, 0, 2.5
side: 0, 0, 0
front only
else
front: 0.281861, 0.95804, 2.5
side: 0, 0, 0
front only
else
front: 1.31172, 0, 2.5
side: 0, 0, 0
front only
else
else
front: 1.12808, 0, 2.5
side: 0, 0, 0
front only
front: 1.82521, 0, 2.5
side: 0, 0, 0
front only
else
else
else
else
else
front: 0.20472, 0, 2.5
side: 0, 0, 0
front only
front: 0, 0.578945, 2.5
side: 0, 0, 0
front only
else
else
else
else
else
else
front: 0, 1.34423, 2.5
side: 0, 0, 0
front only
front: 0, 0.0718382, 2.5
side: 0, 0, 0
front only
front: 0.28336, 0, 2.5
back: 0.850081, 0, 7.5
front back
photon_ene: 661.6 photon_theta: 3.01273 photon_phi: 2.63559
traject_len: 5.03201
pe_len: 20.9734 cs_len: 4.06881
---
front: 0, 0, 2.5
side: 0, 0, 0
front only
else
front: 0.255427, 0, 2.5
side: 0, 0, 0
front only
else
else
else
else
else
else
front: 0, 0.903386, 2.5
side: 0, 0, 0
front only
else
front: 0, 2.35113, 2.5
side: 0, 0, 0
front only
else
else
else
else
front: 0, 0.821328, 2.5
side: 0, 0, 0
front only
else
else
else
else
front: 1.27801, 0.113046, 2.5
side: 0, 0, 0
front only
else
front: 0, 0, 2.5
back: 0, 0, 7.5
front back
photon_ene: 661.6 photon_theta: 0.254868 photon_phi: 3.86598
traject_len: 5
pe_len: 42.9536 cs_len: 5.20121
---
front: 0, 0.595507, 2.5
side: 0, 0, 0
front only
else
front: 0, 0.976223, 2.5
side: 0, 0, 0
front only
else
front: 1.45718, 0, 2.5
side: 0, 0, 0
front only
else
else
else
else
else
else
else
else
front: 0, 1.69143, 2.5
side: 0, 0, 0
front only
else
else
else
else
else
else
else
else
else
front: 0.300657, 0, 2.5
side: 0, 0, 0
front only
else
else
else
else
else
else
else
front: 0.0237775, 0.158561, 2.5
back: 0.0713324, 0.475683, 7.5
front back
photon_ene: 661.6 photon_theta: 0.0640459 photon_phi: 1.42195
traject_len: 5.01027
pe_len: 5.15374 cs_len: 7.84822
---
else
else
else
else
front: 0.0787478, 0, 2.5
side: 0, 0, 0
front only
else
front: 2.32918, 0, 2.5
side: 0, 0, 0
front only
else
else
front: 0.747933, 0.74466, 2.5
side: 0, 0, 0
front only
else
else
else
else
front: 1.04948, 0, 2.5
side: 0, 0, 0
front only
front: 0, 0, 2.5
side: 0, 0, 0
front only
else
else
else
else
front: 0, 0, 2.5
side: 0, 0, 0
front only
front: 0, 0.671484, 2.5
back: 0, 2.01445, 7.5
front back
photon_ene: 661.6 photon_theta: 2.83472 photon_phi: 5.27172
traject_len: 5.17722
pe_len: 1.5332 cs_len: 1.2575
---
else
else
else
else
else
else
front: 0.533358, 0, 2.5
side: 0, 0, 0
front only
front: 0, 0, 2.5
side: 0, 0, 0
front only
else
else
else
front: 0.886151, 0, 2.5
side: 0, 0, 0
front only
else
else
else
front: 0.163329, 1.18656, 2.5
side: 0, 0, 0
front only
else
else
front: 0, 0.703293, 2.5
back: 0, 2.10988, 7.5
front back
photon_ene: 661.6 photon_theta: 2.85874 photon_phi: 4.96637
traject_len: 5.19408
pe_len: 67.0984 cs_len: 0.897063
---
else
else
else
else
else
front: 0, 0, 2.5
side: 0, 0, 0
front only
else
else
else
else
else
else
else
else
else
else
else
else
else
else
front: 0.0401134, 0.423488, 2.5
back: 0.12034, 1.27046, 7.5
front back
photon_ene: 661.6 photon_theta: 2.97305 photon_phi: 4.61795
traject_len: 5.07186
pe_len: 28.6009 cs_len: 7.3251
---
else
else
else
else
front: 0.0335782, 0, 2.5
side: 0, 0, 0
front only
front: 0.122151, 0.121341, 2.5
back: 0.366453, 0.364024, 7.5
front back
photon_ene: 661.6 photon_theta: 0.0687619 photon_phi: 0.782073
traject_len: 5.01184
pe_len: 48.9303 cs_len: 7.8004
---
else
else
else
front: 0, 0, 2.5
side: 0, 0, 0
front only
else
front: 0, 0, 2.5
side: 0, 0, 0
front only
else
else
else
else
front: 0.0655744, 0.896619, 2.5
side: 0, 0, 0
front only
else
else
else
else
else
else
else
else
front: 0.830308, 0, 2.5
side: 0, 0, 0
front only
else
else
else
else
else
else
else
else
else
else
front: 0, 1.34119, 2.5
side: 0, 0, 0
front only
else
else
else
front: 0, 1.30176, 2.5
side: 0, 0, 0
front only
else
else
front: 0, 1.39984, 2.5
side: 0, 0, 0
front only
else
else
else
else
else
else
else
else
else
else
else
else
else
else
else
front: 0, 0, 2.5
side: 0, 0, 0
front only
front: 1.07129, 1.81429, 2.5
side: 0, 0, 0
front only
else
else
else
front: 0, 1.04613, 2.5
side: 0, 0, 0
front only
else
else
else
front: 0, 0, 2.5
side: 0, 0, 0
front only
else
else
front: 0.190162, 2.07948, 2.5
side: 0, 0, 0
front only
else
else
else
front: 1.17135, 0, 2.5
side: 0, 0, 0
front only
front: 0.576455, 1.34228, 2.5
side: 0, 0, 0
front only
front: 1.04557, 0, 2.5
side: 0, 0, 0
front only
else
else
else
else
else
else
front: 0, 0.290093, 2.5
back: 0, 0.87028, 7.5
front back
photon_ene: 661.6 photon_theta: 2.94149 photon_phi: 5.67408
traject_len: 5.03355
pe_len: 64.3957 cs_len: 5.94106
---
front: 0, 0.0994214, 2.5
side: 0, 0, 0
front only
front: 0, 0.212914, 2.5
side: 0, 0, 0
front only
front: 0.486018, 0, 2.5
back: 1.45805, 0, 7.5
front back
photon_ene: 661.6 photon_theta: 0.228036 photon_phi: 5.70544
traject_len: 5.09361
pe_len: 14.2637 cs_len: 1.28631
---
front: 0, 0, 2.5
back: 0, 0, 7.5
front back
photon_ene: 661.6 photon_theta: 0.221956 photon_phi: 3.70395
traject_len: 5
pe_len: 5.00416 cs_len: 2.75897
---
else
else
else
else
front: 0.475863, 0, 2.5
side: 0, 0, 0
front only
front: 0, 0, 2.5
side: 0, 0, 0
front only
front: 0, 0, 2.5
side: 0, 0, 0
front only
front: 0, 0, 2.5
back: 0, 0, 7.5
front back
photon_ene: 661.6 photon_theta: 0.124765 photon_phi: 4.48493
traject_len: 5
pe_len: 65.5835 cs_len: 0.762507
---
else
front: 0, 0.472962, 2.5
back: 0, 1.41888, 7.5
front back
photon_ene: 661.6 photon_theta: 0.193112 photon_phi: 1.82663
traject_len: 5.08869
pe_len: 31.2716 cs_len: 4.92253
---
else
else
else
else
else
else
else
else
else
front: 0, 0, 2.5
side: 0, 0, 0
front only
else
front: 0, 0, 2.5
side: 0, 0, 0
front only
front: 0.712343, 0.176442, 2.5
back: 2.13703, 0.529327, 7.5
front back
photon_ene: 661.6 photon_theta: 2.85607 photon_phi: 3.3844
traject_len: 5.21097
pe_len: 44.6462 cs_len: 14.708
---
else
else
else
front: 0, 0, 2.5
side: 0, 0, 0
front only
else
front: 0, 0, 2.5
side: 0, 0, 0
front only
else
else
front: 0.400523, 0, 2.5
side: 0, 0, 0
front only
front: 0, 0, 2.5
side: 0, 0, 0
front only
else
else
front: 0, 0, 2.5
side: 0, 0, 0
front only
else
else
else
else
else
else
front: 0, 0, 2.5
side: 0, 0, 0
front only
else
else
else
front: 1.3408, 2.02308, 2.5
side: 0, 0, 0
front only
front: 0, 0, 2.5
side: 0, 0, 0
front only
front: 0, 0, 2.5
back: 0, 0, 7.5
front back
photon_ene: 661.6 photon_theta: 0.0961168 photon_phi: 4.17012
traject_len: 5
pe_len: 24.3068 cs_len: 1.98507
---
else
front: 0.796634, 0.81273, 2.5
side: 0, 0, 0
front only
else
else
front: 0, 0, 2.5
back: 0, 0, 7.5
front back
photon_ene: 661.6 photon_theta: 0.303819 photon_phi: 3.23125
traject_len: 5
pe_len: 8.42139 cs_len: 3.22816
---
else
else
else
front: 0.921698, 0, 2.5
side: 0, 0, 0
front only
front: 0, 0, 2.5
side: 0, 0, 0
front only
else
else
front: 0, 0, 2.5
side: 0, 0, 0
front only
else
front: 0, 0.613225, 2.5
back: 0, 1.83968, 7.5
front back
photon_ene: 661.6 photon_theta: 2.86094 photon_phi: 5.26541
traject_len: 5.14822
pe_len: 27.5324 cs_len: 2.46363
---
else
front: 0, 2.049, 2.5
side: 0, 0, 0
front only
front: 1.2715, 0.815918, 2.5
side: 0, 0, 0
front only
else
else
else
else
else
else
else
else
else
else
front: 1.20642, 0, 2.5
side: 0, 0, 0
front only
else
else
front: 2.08931, 0, 2.5
side: 0, 0, 0
front only
front: 0, 0, 2.5
side: 0, 0, 0
front only
front: 0, 1.26738, 2.5
side: 0, 0, 0
front only
else
else
else
else
else
else
front: 1.35252, 0, 2.5
side: 0, 0, 0
front only
else
else
else
else
else
front: 1.61245, 0.207299, 2.5
side: 0, 0, 0
front only
else
else
front: 1.30967, 0, 2.5
side: 0, 0, 0
front only
else
else
else
else
else
front: 0.808212, 0.300072, 2.5
side: 0, 0, 0
front only
else
else
else
else
else
else
else
front: 0, 0, 2.5
side: 0, 0, 0
front only
front: 0, 0, 2.5
back: 0, 0, 7.5
front back
photon_ene: 661.6 photon_theta: 0.297153 photon_phi: 3.34035
traject_len: 5
pe_len: 87.6916 cs_len: 0.244487
---
else
else
else
front: 0, 0, 2.5
side: 0, 0, 0
front only
else
else
else
else
else
else
else
else
else
else
else
else
else
else
front: 0.66729, 0, 2.5
side: 0, 0, 0
front only
front: 0, 0.596804, 2.5
side: 0, 0, 0
front only
front: 1.77626, 1.32416, 2.5
side: 0, 0, 0
front only
else
else
front: 0.490334, 0.249626, 2.5
back: 1.471, 0.748879, 7.5
front back
photon_ene: 661.6 photon_theta: 2.92496 photon_phi: 3.61249
traject_len: 5.11966
pe_len: 22.7697 cs_len: 0.313154
---
else
front: 0.371735, 0, 2.5
side: 0, 0, 0
front only
else
else
else
front: 1.01124, 1.18833, 2.5
side: 0, 0, 0
front only
else
else
front: 0.060844, 0, 2.5
back: 0.182532, 0, 7.5
front back
photon_ene: 661.6 photon_theta: 3.0533 photon_phi: 1.8493
traject_len: 5.00148
pe_len: 37.3798 cs_len: 0.97173
---
front: 0, 1.36052, 2.5
side: 0, 0, 0
front only
front: 1.70077, 0, 2.5
side: 0, 0, 0
front only
front: 0, 0.395533, 2.5
side: 0, 0, 0
front only
else
else
else
front: 1.23338, 0, 2.5
side: 0, 0, 0
front only
else
else
front: 1.35991, 0, 2.5
side: 0, 0, 0
front only
else
else
else
else
else
else
else
else
else
else
front: 1.5839, 0.539388, 2.5
side: 0, 0, 0
front only
else
else
else
else
else
else
else
front: 1.97173, 1.00063, 2.5
side: 0, 0, 0
front only
front: 0.323757, 0.198351, 2.5
back: 0.971272, 0.595054, 7.5
front back
photon_ene: 661.6 photon_theta: 0.150723 photon_phi: 0.549672
traject_len: 5.05734
pe_len: 26.7944 cs_len: 0.0555803
---
else
else
else
else
else
front: 0, 0.238198, 2.5
side: 0, 0, 0
front only
else
else
else
else
front: 0, 0.681763, 2.5
side: 0, 0, 0
front only
front: 0, 0.365629, 2.5
side: 0, 0, 0
front only
else
front: 1.74414, 0, 2.5
side: 0, 0, 0
front only
else
else
else
else
else
front: 0.575562, 0, 2.5
back: 1.72668, 0, 7.5
front back
photon_ene: 661.6 photon_theta: 0.229233 photon_phi: 6.11973
traject_len: 5.1308
pe_len: 1.58563 cs_len: 2.84695
---
else
else
front: 0, 1.78128, 2.5
side: 0, 0, 0
front only
else
else
else
else
else
else
else
else
front: 0, 0, 2.5
side: 0, 0, 0
front only
else
else
front: 0.506857, 0, 2.5
side: 0, 0, 0
front only
else
else
else
else
else
front: 0.604444, 0.697297, 2.5
side: 0, 0, 0
front only
else
else
else
else
else
else
else
else
front: 0, 0, 2.5
side: 0, 0, 0
front only
else
front: 1.11126, 0, 2.5
side: 0, 0, 0
front only
else
else
else
else
else
else
else
front: 0, 0, 2.5
side: 0, 0, 0
front only
front: 1.08214, 0.431146, 2.5
side: 0, 0, 0
front only
else
else
front: 0, 0.38261, 2.5
back: 0, 1.14783, 7.5
front back
photon_ene: 661.6 photon_theta: 2.95543 photon_phi: 5.33462
traject_len: 5.05822
pe_len: 2.82258 cs_len: 2.8305
---
else
else
else
else
else
else
else
front: 2.12855, 0, 2.5
side: 0, 0, 0
front only
else
else
else
else
else
front: 0.083119, 1.15132, 2.5
side: 0, 0, 0
front only
else
front: 0.414755, 0, 2.5
back: 1.24426, 0, 7.5
front back
photon_ene: 661.6 photon_theta: 0.282791 photon_phi: 5.32004
traject_len: 5.06834
pe_len: 15.8039 cs_len: 2.6132
---
else
else
else
else
else
else
front: 0.546312, 1.00366, 2.5
side: 0, 0, 0
front only
front: 0, 0, 2.5
side: 0, 0, 0
front only
else
else
else
else
else
front: 0, 1.38112, 2.5
side: 0, 0, 0
front only
front: 0.366969, 0.508849, 2.5
back: 1.10091, 1.52655, 7.5
front back
photon_ene: 661.6 photon_theta: 0.245871 photon_phi: 0.946001
traject_len: 5.15503
pe_len: 20.7994 cs_len: 1.44573
---
front: 1.93356, 0, 2.5
side: 0, 0, 0
front only
else
else
else
else
else
else
front: 0.859293, 0.214475, 2.5
side: 0, 0, 0
front only
front: 0.315211, 0, 2.5
side: 0, 0, 0
front only
else
front: 0, 0, 2.5
side: 0, 0, 0
front only
else
front: 0.541514, 0, 2.5
side: 0, 0, 0
front only
front: 0, 0, 2.5
side: 0, 0, 0
front only
else
else
else
else
else
front: 0.0618023, 0, 2.5
side: 0, 0, 0
front only
else
else
front: 0.189614, 0.330418, 2.5
back: 0.568842, 0.991255, 7.5
front back
photon_ene: 661.6 photon_theta: 2.99037 photon_phi: 4.19141
traject_len: 5.05772
pe_len: 51.7417 cs_len: 5.11598
---
front: 0, 0, 2.5
side: 0, 0, 0
front only
front: 0, 0, 2.5
back: 0, 0, 7.5
front back
photon_ene: 661.6 photon_theta: 2.86021 photon_phi: 0.587327
traject_len: 5
pe_len: 18.146 cs_len: 6.53996
---
front: 1.34666, 2.03827, 2.5
side: 0, 0, 0
front only
else
else
else
else
else
else
front: 1.0184, 0, 2.5
side: 0, 0, 0
front only
else
front: 0, 0, 2.5
back: 0, 0, 7.5
front back
photon_ene: 661.6 photon_theta: 2.87482 photon_phi: 1.0877
traject_len: 5
pe_len: 5.70107 cs_len: 11.244
---
else
front: 0.603203, 0, 2.5
back: 1.80961, 0, 7.5
front back
photon_ene: 661.6 photon_theta: 0.260928 photon_phi: 5.84054
traject_len: 5.14348
pe_len: 51.5899 cs_len: 5.34194
---
else
front: 0, 0.217012, 2.5
side: 0, 0, 0
front only
front: 0, 0.0330224, 2.5
side: 0, 0, 0
front only
front: 0, 0.131856, 2.5
side: 0, 0, 0
front only
else
front: 0.337172, 0, 2.5
back: 1.01152, 0, 7.5
front back
photon_ene: 661.6 photon_theta: 0.166221 photon_phi: 5.6462
traject_len: 5.04527
pe_len: 14.958 cs_len: 0.764958
---
else
else
else
else
else
else
front: 0, 0.477895, 2.5
side: 0, 0, 0
front only
front: 0.820208, 0.470941, 2.5
side: 0, 0, 0
front only
front: 0.46707, 0, 2.5
side: 0, 0, 0
front only
else
else
else
else
else
front: 0.561487, 2.23728, 2.5
side: 0, 0, 0
front only
front: 0.200942, 0, 2.5
side: 0, 0, 0
front only
else
else
else
else
else
else
else
else
front: 1.71056, 0, 2.5
side: 0, 0, 0
front only
else
front: 0.247959, 0, 2.5
side: 0, 0, 0
front only
else
else
front: 0.300844, 0, 2.5
side: 0, 0, 0
front only
else
else
else
front: 0, 0, 2.5
side: 0, 0, 0
front only
else
front: 0.917788, 0, 2.5
side: 0, 0, 0
front only
else
else
else
else
else
front: 1.23089, 0, 2.5
side: 0, 0, 0
front only
else
else
else
else
front: 0, 2.3664, 2.5
side: 0, 0, 0
front only
else
front: 0, 0, 2.5
side: 0, 0, 0
front only
else
else
front: 1.97452, 1.29986, 2.5
side: 0, 0, 0
front only
else
else
front: 1.62482, 1.58205, 2.5
side: 0, 0, 0
front only
front: 1.7762, 1.21665, 2.5
side: 0, 0, 0
front only
else
else
else
else
front: 0.905514, 1.27947, 2.5
side: 0, 0, 0
front only
else
else
else
front: 0.924052, 0.12679, 2.5
side: 0, 0, 0
front only
front: 0.831272, 1.07181, 2.5
side: 0, 0, 0
front only
else
else
front: 0.423453, 0.796008, 2.5
side: 0, 0, 0
front only
else
else
front: 1.06475, 0.859712, 2.5
side: 0, 0, 0
front only
else
front: 0.999763, 0.469683, 2.5
side: 0, 0, 0
front only
else
front: 0, 0, 2.5
side: 0, 0, 0
front only
else
else
else
else
else
else
else
else
else
else
else
else
else
front: 0, 1.31492, 2.5
side: 0, 0, 0
front only
else
front: 1.45972, 0, 2.5
side: 0, 0, 0
front only
else
front: 0.310521, 0.63317, 2.5
back: 0.931564, 1.89951, 7.5
front back
photon_ene: 661.6 photon_theta: 2.86665 photon_phi: 4.25643
traject_len: 5.19512
pe_len: 4.67787 cs_len: 7.71919
---
else
else
else
else
else
else
else
else
front: 0, 1.05937, 2.5
side: 0, 0, 0
front only
else
else
front: 0, 0, 2.5
side: 0, 0, 0
front only
else
front: 1.47123, 1.8897, 2.5
side: 0, 0, 0
front only
else
else
else
front: 0, 0.347157, 2.5
side: 0, 0, 0
front only
else
else
front: 1.53251, 0, 2.5
side: 0, 0, 0
front only
else
else
else
front: 1.59556, 0, 2.5
side: 0, 0, 0
front only
else
front: 0, 0.955753, 2.5
side: 0, 0, 0
front only
else
front: 0, 1.45003, 2.5
side: 0, 0, 0
front only
else
else
front: 0, 0, 2.5
side: 0, 0, 0
front only
else
else
else
else
else
else
else
else
else
front: 0.0654239, 0.990804, 2.5
side: 0, 0, 0
front only
else
front: 0, 0, 2.5
side: 0, 0, 0
front only
else
else
else
else
else
front: 0, 0, 2.5
side: 0, 0, 0
front only
else
front: 1.12551, 0.718543, 2.5
side: 0, 0, 0
front only
front: 1.13872, 2.11972, 2.5
side: 0, 0, 0
front only
else
else
else
else
else
else
else
else
else
else
else
else
else
front: 1.68142, 0, 2.5
side: 0, 0, 0
front only
front: 2.04913, 0, 2.5
side: 0, 0, 0
front only
else
else
else
front: 0, 1.21104, 2.5
side: 0, 0, 0
front only
front: 0.285303, 1.74691, 2.5
side: 0, 0, 0
front only
else
else
else
else
front: 1.26055, 0, 2.5
side: 0, 0, 0
front only
front: 0.665044, 0, 2.5
side: 0, 0, 0
front only
else
else
front: 0.687701, 0, 2.5
back: 2.0631, 0, 7.5
front back
photon_ene: 661.6 photon_theta: 0.270141 photon_phi: 6.16817
traject_len: 5.18572
pe_len: 29.2613 cs_len: 1.72731
---
else
else
else
else
else
else
front: 1.47123, 0, 2.5
side: 0, 0, 0
front only
front: 2.39961, 0.436139, 2.5
side: 0, 0, 0
front only
else
front: 0.646279, 0, 2.5
side: 0, 0, 0
front only
else
else
front: 1.07689, 1.97244, 2.5
side: 0, 0, 0
front only
else
else
else
else
else
else
front: 0.297146, 0, 2.5
back: 0.891437, 0, 7.5
front back
photon_ene: 661.6 photon_theta: 2.86997 photon_phi: 2.01171
traject_len: 5.03519
pe_len: 112.879 cs_len: 8.11094
---
else
front: 0.0106736, 0, 2.5
back: 0.0320209, 0, 7.5
front back
photon_ene: 661.6 photon_theta: 3.07209 photon_phi: 1.63216
traject_len: 5.00005
pe_len: 111.433 cs_len: 3.33408
---
else
else
else
else
else
front: 0, 0.71233, 2.5
side: 0, 0, 0
front only
front: 0, 0, 2.5
side: 0, 0, 0
front only
front: 1.72784, 1.54895, 2.5
side: 0, 0, 0
front only
front: 0, 0, 2.5
back: 0, 0, 7.5
front back
photon_ene: 661.6 photon_theta: 2.97759 photon_phi: 0.873431
traject_len: 5
pe_len: 90.9602 cs_len: 2.65428
---
else
else
else
else
else
else
else
else
else
else
front: 0, 0, 2.5
side: 0, 0, 0
front only
else
else
front: 0, 0, 2.5
side: 0, 0, 0
front only
else
else
else
front: 1.18315, 1.0533, 2.5
side: 0, 0, 0
front only
else
else
else
else
front: 0, 0, 2.5
side: 0, 0, 0
front only
front: 0, 0.376889, 2.5
side: 0, 0, 0
front only
front: 1.583, 0, 2.5
side: 0, 0, 0
front only
front: 0.762907, 0, 2.5
side: 0, 0, 0
front only
else
else
else
else
else
else
else
else
else
else
else
front: 0, 1.80615, 2.5
side: 0, 0, 0
front only
else
else
else
front: 0.974729, 1.55424, 2.5
side: 0, 0, 0
front only
else
else
else
else
else
else
else
front: 0, 1.73806, 2.5
side: 0, 0, 0
front only
else
else
front: 0, 0, 2.5
back: 0, 0, 7.5
front back
photon_ene: 661.6 photon_theta: 2.8722 photon_phi: 0.733259
traject_len: 5
pe_len: 30.1713 cs_len: 8.2654
---
else
else
else
front: 2.4301, 0.283279, 2.5
side: 0, 0, 0
front only
else
else
else
front: 0, 1.53917, 2.5
side: 0, 0, 0
front only
else
front: 0, 1.40076, 2.5
side: 0, 0, 0
front only
else
else
else
front: 0, 0, 2.5
side: 0, 0, 0
front only
else
front: 0.0530554, 1.86677, 2.5
side: 0, 0, 0
front only
else
front: 0.542525, 0, 2.5
side: 0, 0, 0
front only
else
front: 0.386638, 1.99496, 2.5
side: 0, 0, 0
front only
else
else
else
else
else
else
else
else
else
front: 0, 0.462982, 2.5
side: 0, 0, 0
front only
else
else
else
front: 2.15165, 0, 2.5
side: 0, 0, 0
front only
front: 0, 0.102325, 2.5
side: 0, 0, 0
front only
else
else
else
else
front: 0, 0.397664, 2.5
side: 0, 0, 0
front only
else
else
else
else
else
else
front: 0.772107, 1.49668, 2.5
side: 0, 0, 0
front only
else
else
front: 0, 0, 2.5
side: 0, 0, 0
front only
front: 0.874525, 1.96625, 2.5
side: 0, 0, 0
front only
front: 0, 0.403702, 2.5
side: 0, 0, 0
front only
else
else
front: 1.11756, 0, 2.5
side: 0, 0, 0
front only
else
else
else
else
front: 0, 0.980495, 2.5
side: 0, 0, 0
front only
else
front: 1.8182, 1.37546, 2.5
side: 0, 0, 0
front only
front: 0, 0.748799, 2.5
side: 0, 0, 0
front only
else
else
else
front: 0, 0, 2.5
side: 0, 0, 0
front only
else
else
else
else
else
else
else
else
front: 0, 0, 2.5
back: 0, 0, 7.5
front back
photon_ene: 661.6 photon_theta: 2.83522 photon_phi: 1.14939
traject_len: 5
pe_len: 41.2555 cs_len: 8.39308
---
else
front: 0, 1.39978, 2.5
side: 0, 0, 0
front only
else
else
else
else
else
front: 0, 0, 2.5
side: 0, 0, 0
front only
front: 0, 0, 2.5
back: 0, 0, 7.5
front back
photon_ene: 661.6 photon_theta: 0.139859 photon_phi: 3.24194
traject_len: 5
pe_len: 60.9807 cs_len: 2.89621
---
else
else
front: 1.49169, 0, 2.5
side: 0, 0, 0
front only
else
front: 1.79816, 0, 2.5
side: 0, 0, 0
front only
else
else
front: 1.55738, 0, 2.5
side: 0, 0, 0
front only
front: 0, 0, 2.5
side: 0, 0, 0
front only
else
else
else
else
else
front: 1.8216, 0.874992, 2.5
side: 0, 0, 0
front only
front: 0, 0.771179, 2.5
side: 0, 0, 0
front only
else
else
else
else
else
front: 0, 1.28289, 2.5
side: 0, 0, 0
front only
else
else
else
front: 2.08145, 0, 2.5
side: 0, 0, 0
front only
else
else
else
else
else
else
else
else
else
else
else
front: 0.634101, 0, 2.5
side: 0, 0, 0
front only
else
else
else
else
else
front: 0, 0, 2.5
side: 0, 0, 0
front only
else
front: 0.742153, 0, 2.5
side: 0, 0, 0
front only
else
else
else
else
front: 0, 1.54463, 2.5
side: 0, 0, 0
front only
else
else
else
else
else
front: 0, 0, 2.5
side: 0, 0, 0
front only
front: 0, 0, 2.5
side: 0, 0, 0
front only
else
else
else
else
else
front: 0, 0, 2.5
side: 0, 0, 0
front only
else
front: 0, 0, 2.5
side: 0, 0, 0
front only
else
else
else
else
front: 0, 0, 2.5
side: 0, 0, 0
front only
else
else
else
else
front: 1.05164, 0, 2.5
side: 0, 0, 0
front only
front: 2.19102, 0, 2.5
side: 0, 0, 0
front only
else
else
else
else
front: 0, 0, 2.5
side: 0, 0, 0
front only
else
else
front: 0, 0.0128417, 2.5
side: 0, 0, 0
front only
else
else
else
else
else
else
else
front: 0, 0.608058, 2.5
side: 0, 0, 0
front only
else
else
else
front: 0, 1.27199, 2.5
side: 0, 0, 0
front only
else
else
front: 1.91967, 1.15979, 2.5
side: 0, 0, 0
front only
else
else
else
front: 0, 0, 2.5
side: 0, 0, 0
front only
front: 1.61119, 0, 2.5
side: 0, 0, 0
front only
else
else
else
else
else
else
front: 0.183486, 0, 2.5
side: 0, 0, 0
front only
else
else
front: 0, 0, 2.5
side: 0, 0, 0
front only
else
else
front: 0, 0.395728, 2.5
back: 0, 1.18718, 7.5
front back
photon_ene: 661.6 photon_theta: 0.160205 photon_phi: 1.7732
traject_len: 5.06225
pe_len: 9.82563 cs_len: 13.7677
---
else
else
front: 2.21537, 0.940439, 2.5
side: 0, 0, 0
front only
else
else
front: 0.891091, 0.124029, 2.5
side: 0, 0, 0
front only
else
front: 2.07716, 0, 2.5
side: 0, 0, 0
front only
else
else
front: 0.448653, 0, 2.5
back: 1.34596, 0, 7.5
front back
photon_ene: 661.6 photon_theta: 0.178187 photon_phi: 6.19913
traject_len: 5.07988
pe_len: 10.174 cs_len: 1.99827
---
else
front: 0.198201, 0.449162, 2.5
back: 0.594602, 1.34749, 7.5
front back
photon_ene: 661.6 photon_theta: 0.193912 photon_phi: 1.15523
traject_len: 5.0955
pe_len: 43.2199 cs_len: 0.967894
---
front: 0.705254, 1.552, 2.5
side: 0, 0, 0
front only
else
else
front: 0, 0, 2.5
side: 0, 0, 0
front only
else
else
front: 1.23065, 0.23431, 2.5
side: 0, 0, 0
front only
front: 1.09901, 0, 2.5
side: 0, 0, 0
front only
else
front: 0, 0, 2.5
side: 0, 0, 0
front only
else
else
front: 0, 1.34868, 2.5
side: 0, 0, 0
front only
else
else
front: 1.77404, 0.0585633, 2.5
side: 0, 0, 0
front only
else
else
else
front: 0, 0.483765, 2.5
back: 0, 1.4513, 7.5
front back
photon_ene: 661.6 photon_theta: 2.94565 photon_phi: 4.93705
traject_len: 5.09275
pe_len: 43.9183 cs_len: 2.89852
---
else
else
front: 1.27677, 0.626134, 2.5
side: 0, 0, 0
front only
else
else
front: 0.567687, 0, 2.5
back: 1.70306, 0, 7.5
front back
photon_ene: 661.6 photon_theta: 0.263287 photon_phi: 5.71419
traject_len: 5.12729
pe_len: 36.8634 cs_len: 2.4795
---
else
else
else
else
else
else
else
front: 0, 0.201902, 2.5
side: 0, 0, 0
front only
front: 1.4545, 1.01387, 2.5
side: 0, 0, 0
front only
front: 0, 0.598914, 2.5
side: 0, 0, 0
front only
front: 0, 0, 2.5
back: 0, 0, 7.5
front back
photon_ene: 661.6 photon_theta: 2.9383 photon_phi: 0.517104
traject_len: 5
pe_len: 26.4244 cs_len: 1.92572
---
else
else
else
front: 0, 1.87622, 2.5
side: 0, 0, 0
front only
else
front: 1.88318, 0, 2.5
side: 0, 0, 0
front only
front: 0.634035, 0.977585, 2.5
side: 0, 0, 0
front only
else
else
else
else
else
else
else
else
front: 0.0742935, 0, 2.5
back: 0.222881, 0, 7.5
front back
photon_ene: 661.6 photon_theta: 3.03079 photon_phi: 1.84119
traject_len: 5.00221
pe_len: 13.8677 cs_len: 12.3894
---
else
else
else
else
else
else
else
else
else
else
else
front: 0.473478, 0, 2.5
back: 1.42043, 0, 7.5
front back
photon_ene: 661.6 photon_theta: 0.187363 photon_phi: 6.23773
traject_len: 5.08888
pe_len: 39.4335 cs_len: 5.20363
---
else
front: 0, 1.13278, 2.5
side: 0, 0, 0
front only
else
else
else
front: 0.344444, 0.199731, 2.5
back: 1.03333, 0.599193, 7.5
front back
photon_ene: 661.6 photon_theta: 0.157939 photon_phi: 0.525482
traject_len: 5.06302
pe_len: 4.83365 cs_len: 3.58334
---
else
else
else
else
front: 1.02558, 0.168798, 2.5
side: 0, 0, 0
front only
else
else
else
front: 0.884162, 0, 2.5
side: 0, 0, 0
front only
front: 0.784465, 1.89386, 2.5
side: 0, 0, 0
front only
else
else
else
else
else
front: 0.0862701, 1.94451, 2.5
side: 0, 0, 0
front only
else
else
else
front: 0.575204, 1.53468, 2.5
side: 0, 0, 0
front only
else
front: 0.263958, 1.0916, 2.5
side: 0, 0, 0
front only
front: 0.421242, 0, 2.5
side: 0, 0, 0
front only
else
front: 1.79832, 1.40716, 2.5
side: 0, 0, 0
front only
else
else
else
else
else
front: 0.132337, 0, 2.5
side: 0, 0, 0
front only
else
else
else
else
else
front: 0.458228, 0, 2.5
side: 0, 0, 0
front only
else
else
else
else
front: 0.6188, 1.89341, 2.5
side: 0, 0, 0
front only
else
front: 1.77103, 0, 2.5
side: 0, 0, 0
front only
else
else
else
else
else
else
front: 0, 0, 2.5
side: 0, 0, 0
front only
front: 0, 0, 2.5
side: 0, 0, 0
front only
front: 0.263857, 0, 2.5
back: 0.79157, 0, 7.5
front back
photon_ene: 661.6 photon_theta: 3.03195 photon_phi: 2.85322
traject_len: 5.02777
pe_len: 4.97645 cs_len: 3.88191
---
else
else
front: 0.41429, 0, 2.5
back: 1.24287, 0, 7.5
front back
photon_ene: 661.6 photon_theta: 2.97556 photon_phi: 2.99229
traject_len: 5.06819
pe_len: 16.6105 cs_len: 2.64259
---
else
else
else
else
else
front: 0.642069, 2.02847, 2.5
side: 0, 0, 0
front only
else
front: 0, 0, 2.5
side: 0, 0, 0
front only
else
else
else
else
else
else
else
else
else
front: 1.93843, 0, 2.5
side: 0, 0, 0
front only
else
else
else
else
else
front: 0.575237, 0.710405, 2.5
side: 0, 0, 0
front only
else
else
front: 0.449412, 1.96933, 2.5
side: 0, 0, 0
front only
else
front: 0, 1.33434, 2.5
side: 0, 0, 0
front only
front: 1.09354, 0.371772, 2.5
side: 0, 0, 0
front only
else
else
else
else
else
front: 0, 1.40852, 2.5
side: 0, 0, 0
front only
else
front: 0, 0.588874, 2.5
side: 0, 0, 0
front only
else
else
else
else
else
else
else
else
else
else
else
else
else
else
else
front: 0.446127, 0.960398, 2.5
side: 0, 0, 0
front only
front: 0, 0, 2.5
side: 0, 0, 0
front only
else
front: 0.417005, 0.5858, 2.5
back: 1.25101, 1.7574, 7.5
front back
photon_ene: 661.6 photon_theta: 0.280066 photon_phi: 0.952158
traject_len: 5.20271
pe_len: 10.7301 cs_len: 0.44167
---
else
else
else
else
front: 0.401836, 0, 2.5
side: 0, 0, 0
front only
else
front: 0, 0.176409, 2.5
back: 0, 0.529228, 7.5
front back
photon_ene: 661.6 photon_theta: 2.96803 photon_phi: 5.86898
traject_len: 5.01243
pe_len: 32.0454 cs_len: 1.35644
---
front: 0, 0, 2.5
side: 0, 0, 0
front only
else
front: 0, 0, 2.5
side: 0, 0, 0
front only
else
else
else
else
else
else
else
else
front: 0.979083, 0, 2.5
side: 0, 0, 0
front only
else
else
front: 1.08085, 1.55261, 2.5
side: 0, 0, 0
front only
else
front: 0, 0, 2.5
side: 0, 0, 0
front only
else
else
else
front: 0, 0.451429, 2.5
back: 0, 1.35429, 7.5
front back
photon_ene: 661.6 photon_theta: 0.224797 photon_phi: 2.23129
traject_len: 5.08086
pe_len: 33.7646 cs_len: 2.1103
---
front: 0, 1.37423, 2.5
side: 0, 0, 0
front only
else
else
else
else
else
else
else
else
else
else
else
front: 0.231698, 0, 2.5
side: 0, 0, 0
front only
else
else
else
front: 0.387181, 0, 2.5
side: 0, 0, 0
front only
else
else
front: 0, 0, 2.5
side: 0, 0, 0
front only
front: 0, 0, 2.5
back: 0, 0, 7.5
front back
photon_ene: 661.6 photon_theta: 2.97945 photon_phi: 0.887615
traject_len: 5
pe_len: 15.3774 cs_len: 2.56124
---
front: 0, 1.0207, 2.5
side: 0, 0, 0
front only
front: 0, 1.37887, 2.5
side: 0, 0, 0
front only
else
front: 0, 1.78222, 2.5
side: 0, 0, 0
front only
else
else
front: 0.148488, 0, 2.5
side: 0, 0, 0
front only
else
front: 2.41854, 0, 2.5
side: 0, 0, 0
front only
else
else
front: 0, 1.82439, 2.5
side: 0, 0, 0
front only
front: 0.517231, 1.87821, 2.5
side: 0, 0, 0
front only
else
else
else
else
front: 0.311405, 0.720714, 2.5
back: 0.934214, 2.16214, 7.5
front back
photon_ene: 661.6 photon_theta: 2.8373 photon_phi: 4.30454
traject_len: 5.24076
pe_len: 57.371 cs_len: 1.24551
---
front: 0, 0, 2.5
side: 0, 0, 0
front only
front: 1.19872, 0, 2.5
side: 0, 0, 0
front only
else
else
front: 0, 0.952837, 2.5
side: 0, 0, 0
front only
front: 0.481978, 0.269768, 2.5
back: 1.44594, 0.809303, 7.5
front back
photon_ene: 661.6 photon_theta: 0.217442 photon_phi: 0.510266
traject_len: 5.12058
pe_len: 145.131 cs_len: 3.62739
---
else
else
front: 0.138814, 0.0329611, 2.5
back: 0.416441, 0.0988832, 7.5
front back
photon_ene: 661.6 photon_theta: 3.08459 photon_phi: 3.37472
traject_len: 5.00814
pe_len: 36.8619 cs_len: 7.75322
---
front: 0.479851, 0, 2.5
side: 0, 0, 0
front only
front: 2.26057, 0, 2.5
side: 0, 0, 0
front only
else
front: 0, 0.289535, 2.5
side: 0, 0, 0
front only
front: 0.662841, 0, 2.5
side: 0, 0, 0
front only
else
else
else
front: 2.06137, 0, 2.5
side: 0, 0, 0
front only
else
front: 0.919796, 1.95625, 2.5
side: 0, 0, 0
front only
else
else
front: 0.219952, 0, 2.5
side: 0, 0, 0
front only
else
else
else
front: 0, 0, 2.5
side: 0, 0, 0
front only
else
front: 0, 0, 2.5
side: 0, 0, 0
front only
else
front: 0, 0, 2.5
side: 0, 0, 0
front only
else
else
else
front: 0.438721, 0.505431, 2.5
back: 1.31616, 1.51629, 7.5
front back
photon_ene: 661.6 photon_theta: 0.261578 photon_phi: 0.855936
traject_len: 5.17607
pe_len: 32.9416 cs_len: 6.63161
---
front: 0, 0, 2.5
side: 0, 0, 0
front only
else
else
else
else
else
else
else
else
else
else
else
else
else
front: 0.268251, 0, 2.5
back: 0.804752, 0, 7.5
front back
photon_ene: 661.6 photon_theta: 2.82692 photon_phi: 1.90674
traject_len: 5.0287
pe_len: 26.7928 cs_len: 1.92799
---
else
else
else
else
else
else
else
front: 0.390696, 1.53893, 2.5
side: 0, 0, 0
front only
else
else
front: 0.50883, 0, 2.5
side: 0, 0, 0
front only
front: 0, 1.11047, 2.5
side: 0, 0, 0
front only
else
else
else
else
else
front: 0.861583, 1.16121, 2.5
side: 0, 0, 0
front only
front: 1.45324, 0.308779, 2.5
side: 0, 0, 0
front only
else
else
else
else
else
else
else
else
else
else
else
else
else
front: 0, 0.512596, 2.5
side: 0, 0, 0
front only
front: 0, 0.0552061, 2.5
side: 0, 0, 0
front only
else
else
else
else
else
else
else
else
else
else
else
front: 0, 0.813159, 2.5
side: 0, 0, 0
front only
front: 0, 0, 2.5
side: 0, 0, 0
front only
front: 0, 0.686297, 2.5
back: 0, 2.05889, 7.5
front back
photon_ene: 661.6 photon_theta: 2.85255 photon_phi: 5.10702
traject_len: 5.18498
pe_len: 106.503 cs_len: 2.85108
---
front: 0.167332, 0.689286, 2.5
back: 0.501996, 2.06786, 7.5
front back
photon_ene: 661.6 photon_theta: 2.86514 photon_phi: 4.47423
traject_len: 5.19735
pe_len: 12.4332 cs_len: 1.48273
---
else
else
else
else
front: 0, 0, 2.5
side: 0, 0, 0
front only
else
front: 0.319112, 0, 2.5
side: 0, 0, 0
front only
else
else
front: 2.04747, 0, 2.5
side: 0, 0, 0
front only
front: 0, 0, 2.5
side: 0, 0, 0
front only
front: 0, 0, 2.5
side: 0, 0, 0
front only
else
front: 0.0512512, 2.17285, 2.5
side: 0, 0, 0
front only
else
front: 0, 0, 2.5
side: 0, 0, 0
front only
front: 0, 0, 2.5
side: 0, 0, 0
front only
front: 1.17622, 0, 2.5
side: 0, 0, 0
front only
else
else
front: 0.075715, 0.344186, 2.5
back: 0.227145, 1.03256, 7.5
front back
photon_ene: 661.6 photon_theta: 0.140044 photon_phi: 1.35426
traject_len: 5.04943
pe_len: 57.9008 cs_len: 6.67024
---
front: 0, 0.317783, 2.5
side: 0, 0, 0
front only
else
else
else
else
else
else
else
else
front: 1.61201, 0, 2.5
side: 0, 0, 0
front only
front: 0, 0.309257, 2.5
back: 0, 0.927771, 7.5
front back
photon_ene: 661.6 photon_theta: 2.88741 photon_phi: 5.78691
traject_len: 5.03811
pe_len: 73.16 cs_len: 2.84942
---
else
front: 0, 0.860106, 2.5
side: 0, 0, 0
front only
else
front: 1.11896, 0.0962165, 2.5
side: 0, 0, 0
front only
else
else
front: 2.171, 0, 2.5
side: 0, 0, 0
front only
front: 0, 0.280006, 2.5
side: 0, 0, 0
front only
front: 0.281791, 0.603393, 2.5
back: 0.845373, 1.81018, 7.5
front back
photon_ene: 661.6 photon_theta: 2.88126 photon_phi: 4.27548
traject_len: 5.17436
pe_len: 23.3406 cs_len: 2.5245
---
front: 0, 0, 2.5
side: 0, 0, 0
front only
else
front: 0.990035, 0, 2.5
side: 0, 0, 0
front only
front: 0, 0, 2.5
side: 0, 0, 0
front only
front: 1.41698, 1.33346, 2.5
side: 0, 0, 0
front only
else
else
else
front: 0, 0.657264, 2.5
side: 0, 0, 0
front only
else
else
else
else
front: 0, 0.621988, 2.5
back: 0, 1.86596, 7.5
front back
photon_ene: 661.6 photon_theta: 0.248185 photon_phi: 1.76192
traject_len: 5.15242
pe_len: 6.51241 cs_len: 6.37672
---
else
else
front: 0, 1.56821, 2.5
side: 0, 0, 0
front only
front: 0, 0.1713, 2.5
side: 0, 0, 0
front only
else
else
else
front: 2.06826, 1.15834, 2.5
side: 0, 0, 0
front only
else
front: 0, 0.232227, 2.5
side: 0, 0, 0
front only
front: 1.75323, 0.781832, 2.5
side: 0, 0, 0
front only
else
else
front: 0.24223, 0, 2.5
side: 0, 0, 0
front only
front: 0.944443, 0.741951, 2.5
side: 0, 0, 0
front only
else
else
else
else
else
else
else
front: 0, 0.719842, 2.5
side: 0, 0, 0
front only
front: 0.817582, 1.04386, 2.5
side: 0, 0, 0
front only
else
front: 0.685112, 1.52569, 2.5
side: 0, 0, 0
front only
else
front: 0.0430102, 0, 2.5
back: 0.129031, 0, 7.5
front back
photon_ene: 661.6 photon_theta: 0.146041 photon_phi: 4.82962
traject_len: 5.00074
pe_len: 22.6601 cs_len: 7.73764
---
else
else
else
front: 0.0913765, 0, 2.5
back: 0.274129, 0, 7.5
front back
photon_ene: 661.6 photon_theta: 0.15306 photon_phi: 4.9516
traject_len: 5.00334
pe_len: 61.7606 cs_len: 0.844496
---
else
front: 0.707805, 0, 2.5
side: 0, 0, 0
front only
front: 0.209519, 0, 2.5
side: 0, 0, 0
front only
else
else
else
else
else
else
else
else
else
front: 0, 0, 2.5
side: 0, 0, 0
front only
else
else
front: 0, 0, 2.5
side: 0, 0, 0
front only
else
front: 0, 0.148875, 2.5
back: 0, 0.446626, 7.5
front back
photon_ene: 661.6 photon_theta: 2.92293 photon_phi: 6.01189
traject_len: 5.00886
pe_len: 47.0352 cs_len: 1.09479
---
front: 1.92826, 1.51015, 2.5
side: 0, 0, 0
front only
else
else
else
else
else
else
else
else
else
else
front: 0, 0.59282, 2.5
side: 0, 0, 0
front only
else
else
else
front: 0.870709, 0, 2.5
side: 0, 0, 0
front only
front: 0, 1.41194, 2.5
side: 0, 0, 0
front only
else
else
else
else
front: 1.24513, 0, 2.5
side: 0, 0, 0
front only
else
else
front: 0, 0, 2.5
side: 0, 0, 0
front only
else
else
else
else
else
else
else
else
else
front: 0.506597, 0, 2.5
side: 0, 0, 0
front only
else
front: 0, 0.872748, 2.5
side: 0, 0, 0
front only
front: 0, 0, 2.5
side: 0, 0, 0
front only
front: 0, 0, 2.5
back: 0, 0, 7.5
front back
photon_ene: 661.6 photon_theta: 2.9664 photon_phi: 1.35109
traject_len: 5
pe_len: 25.499 cs_len: 1.54518
---
else
else
else
front: 2.17248, 0, 2.5
side: 0, 0, 0
front only
else
else
else
else
else
else
front: 0, 0, 2.5
side: 0, 0, 0
front only
front: 0, 0, 2.5
back: 0, 0, 7.5
front back
photon_ene: 661.6 photon_theta: 2.82783 photon_phi: 0.453597
traject_len: 5
pe_len: 3.81467 cs_len: 1.47451
---
front: 0.161124, 0, 2.5
back: 0.483371, 0, 7.5
front back
photon_ene: 661.6 photon_theta: 3.00461 photon_phi: 2.0573
traject_len: 5.01037
pe_len: 64.7567 cs_len: 9.6301
---
else
else
else
front: 0, 1.01155, 2.5
side: 0, 0, 0
front only
else
else
else
front: 0, 0, 2.5
side: 0, 0, 0
front only
front: 0, 0, 2.5
side: 0, 0, 0
front only
front: 0, 0.321819, 2.5
side: 0, 0, 0
front only
else
else
else
else
front: 0, 0, 2.5
side: 0, 0, 0
front only
front: 0.0811453, 1.02605, 2.5
side: 0, 0, 0
front only
else
else
else
front: 0, 0, 2.5
side: 0, 0, 0
front only
else
else
else
front: 0, 1.15937, 2.5
side: 0, 0, 0
front only
else
else
else
else
else
front: 0, 1.99307, 2.5
side: 0, 0, 0
front only
else
else
front: 0, 0, 2.5
side: 0, 0, 0
front only
else
else
else
else
else
front: 1.61065, 0.614297, 2.5
side: 0, 0, 0
front only
else
front: 1.7875, 0, 2.5
side: 0, 0, 0
front only
else
else
front: 1.95343, 0, 2.5
side: 0, 0, 0
front only
front: 0, 0.867965, 2.5
side: 0, 0, 0
front only
else
front: 0, 0, 2.5
side: 0, 0, 0
front only
else
else
front: 1.16865, 0, 2.5
side: 0, 0, 0
front only
else
front: 1.70166, 0.725275, 2.5
side: 0, 0, 0
front only
front: 0, 0.443793, 2.5
side: 0, 0, 0
front only
front: 0, 0, 2.5
side: 0, 0, 0
front only
else
else
else
front: 0, 0.77649, 2.5
side: 0, 0, 0
front only
else
else
front: 0, 1.48846, 2.5
side: 0, 0, 0
front only
front: 0.183195, 0, 2.5
side: 0, 0, 0
front only
else
front: 0, 0, 2.5
side: 0, 0, 0
front only
front: 0.675497, 0, 2.5
side: 0, 0, 0
front only
front: 0, 0.727452, 2.5
side: 0, 0, 0
front only
front: 0, 1.53691, 2.5
side: 0, 0, 0
front only
front: 0.712613, 0, 2.5
side: 0, 0, 0
front only
else
else
front: 0.407495, 1.05678, 2.5
side: 0, 0, 0
front only
front: 0, 0, 2.5
side: 0, 0, 0
front only
front: 0.521265, 1.24553, 2.5
side: 0, 0, 0
front only
else
else
else
else
front: 1.91207, 0, 2.5
side: 0, 0, 0
front only
front: 0.231429, 0, 2.5
side: 0, 0, 0
front only
else
front: 1.84794, 0, 2.5
side: 0, 0, 0
front only
else
else
else
else
front: 0.0900574, 0.157255, 2.5
back: 0.270172, 0.471764, 7.5
front back
photon_ene: 661.6 photon_theta: 0.07236 photon_phi: 1.0507
traject_len: 5.01312
pe_len: 89.8184 cs_len: 3.364
---
front: 0, 0, 2.5
back: 0, 0, 7.5
front back
photon_ene: 661.6 photon_theta: 2.85423 photon_phi: 0.495631
traject_len: 5
pe_len: 65.301 cs_len: 1.84622
---
front: 0.273203, 0, 2.5
back: 0.819609, 0, 7.5
front back
photon_ene: 661.6 photon_theta: 0.132269 photon_phi: 5.67621
traject_len: 5.02977
pe_len: 9.62435 cs_len: 7.04363
---
front: 0, 1.70191, 2.5
side: 0, 0, 0
front only
front: 1.25126, 0, 2.5
side: 0, 0, 0
front only
else
else
else
else
else
else
else
else
else
else
else
else
else
else
front: 0.0689494, 0, 2.5
side: 0, 0, 0
front only
else
else
else
else
else
else
else
else
else
else
else
front: 0.274976, 0, 2.5
side: 0, 0, 0
front only
else
front: 0.840263, 1.00675, 2.5
side: 0, 0, 0
front only
else
else
else
front: 0, 0, 2.5
side: 0, 0, 0
front only
else
front: 0, 1.13257, 2.5
side: 0, 0, 0
front only
else
else
else
front: 0, 0, 2.5
side: 0, 0, 0
front only
else
else
else
else
else
front: 0.298743, 1.92602, 2.5
side: 0, 0, 0
front only
else
else
else
else
else
else
else
else
else
front: 0.179827, 1.89732, 2.5
side: 0, 0, 0
front only
else
front: 1.79665, 0, 2.5
side: 0, 0, 0
front only
else
else
else
else
front: 0, 0, 2.5
side: 0, 0, 0
front only
front: 0, 0.914373, 2.5
side: 0, 0, 0
front only
else
else
else
else
else
front: 0, 0.707572, 2.5
side: 0, 0, 0
front only
else
else
else
else
else
front: 0.350671, 0, 2.5
back: 1.05201, 0, 7.5
front back
photon_ene: 661.6 photon_theta: 2.84305 photon_phi: 2.04408
traject_len: 5.04895
pe_len: 5.36611 cs_len: 1.20156
---
front: 0.981234, 0, 2.5
side: 0, 0, 0
front only
front: 2.01019, 0, 2.5
side: 0, 0, 0
front only
else
else
else
front: 2.20754, 1.15013, 2.5
side: 0, 0, 0
front only
else
front: 0, 0.655801, 2.5
side: 0, 0, 0
front only
else
else
else
front: 1.79133, 0, 2.5
side: 0, 0, 0
front only
else
else
front: 1.54024, 0, 2.5
side: 0, 0, 0
front only
else
front: 1.06187, 0.0469453, 2.5
side: 0, 0, 0
front only
else
else
else
front: 1.19828, 0.196671, 2.5
side: 0, 0, 0
front only
else
front: 0, 0, 2.5
side: 0, 0, 0
front only
front: 1.29557, 0.0843187, 2.5
side: 0, 0, 0
front only
else
else
front: 0, 0, 2.5
side: 0, 0, 0
front only
else
front: 1.04349, 0, 2.5
side: 0, 0, 0
front only
else
front: 0.312191, 0, 2.5
side: 0, 0, 0
front only
front: 0.817751, 0, 2.5
side: 0, 0, 0
front only
front: 0, 0, 2.5
back: 0, 0, 7.5
front back
photon_ene: 661.6 photon_theta: 3.08377 photon_phi: 0.132882
traject_len: 5
pe_len: 48.1807 cs_len: 13.8999
---
front: 0, 0, 2.5
side: 0, 0, 0
front only
front: 0.029875, 1.93812, 2.5
side: 0, 0, 0
front only
else
else
else
front: 0, 0, 2.5
side: 0, 0, 0
front only
else
front: 1.2566, 0.943626, 2.5
side: 0, 0, 0
front only
else
else
else
else
front: 0.874055, 0, 2.5
side: 0, 0, 0
front only
else
else
front: 0, 0.122897, 2.5
back: 0, 0.36869, 7.5
front back
photon_ene: 661.6 photon_theta: 0.0999591 photon_phi: 2.62933
traject_len: 5.00604
pe_len: 56.0995 cs_len: 2.1529
---
front: 0, 0, 2.5
side: 0, 0, 0
front only
else
else
front: 0, 0, 2.5
side: 0, 0, 0
front only
front: 0.15595, 0, 2.5
back: 0.467851, 0, 7.5
front back
photon_ene: 661.6 photon_theta: 0.286707 photon_phi: 4.92558
traject_len: 5.00972
pe_len: 22.0454 cs_len: 5.05357
---
front: 0.710529, 0.94169, 2.5
side: 0, 0, 0
front only
front: 0, 0, 2.5
back: 0, 0, 7.5
front back
photon_ene: 661.6 photon_theta: 2.91576 photon_phi: 1.10127
traject_len: 5
pe_len: 8.57307 cs_len: 12.5154
---
else
front: 1.18108, 0.639183, 2.5
side: 0, 0, 0
front only
else
else
else
else
front: 0, 0, 2.5
side: 0, 0, 0
front only
front: 0, 0, 2.5
side: 0, 0, 0
front only
else
front: 0, 1.44744, 2.5
side: 0, 0, 0
front only
front: 0, 0, 2.5
back: 0, 0, 7.5
front back
photon_ene: 661.6 photon_theta: 0.285208 photon_phi: 3.58234
traject_len: 5
pe_len: 50.6965 cs_len: 5.14936
---
else
else
else
else
else
else
else
else
else
else
else
else
else
front: 2.0439, 1.06277, 2.5
side: 0, 0, 0
front only
else
else
front: 2.17265, 0.486792, 2.5
side: 0, 0, 0
front only
front: 0.0946334, 0, 2.5
side: 0, 0, 0
front only
else
else
else
else
else
else
else
else
else
else
else
else
else
front: 1.6786, 0, 2.5
side: 0, 0, 0
front only
front: 0, 1.89455, 2.5
side: 0, 0, 0
front only
else
front: 0, 0, 2.5
side: 0, 0, 0
front only
else
else
else
else
front: 0, 0.110272, 2.5
side: 0, 0, 0
front only
front: 1.34707, 0, 2.5
side: 0, 0, 0
front only
else
else
else
else
front: 0.920182, 0.952742, 2.5
side: 0, 0, 0
front only
front: 0, 0.0177175, 2.5
side: 0, 0, 0
front only
else
else
else
else
else
else
else
else
front: 0.650687, 0, 2.5
side: 0, 0, 0
front only
else
else
else
else
else
else
else
else
else
front: 1.92791, 0, 2.5
side: 0, 0, 0
front only
front: 0, 1.95562, 2.5
side: 0, 0, 0
front only
else
front: 1.42364, 0, 2.5
side: 0, 0, 0
front only
else
else
front: 0, 1.32088, 2.5
side: 0, 0, 0
front only
else
else
front: 0, 0, 2.5
side: 0, 0, 0
front only
else
front: 1.91402, 0.6091, 2.5
side: 0, 0, 0
front only
else
else
else
else
front: 0, 0.994464, 2.5
side: 0, 0, 0
front only
else
else
else
else
else
front: 0.11875, 0.186379, 2.5
back: 0.356249, 0.559136, 7.5
front back
photon_ene: 661.6 photon_theta: 0.0881685 photon_phi: 1.00351
traject_len: 5.0195
pe_len: 0.22 cs_len: 1.87371
---
front: 0, 1.10329, 2.5
side: 0, 0, 0
front only
else
front: 0, 0.82025, 2.5
side: 0, 0, 0
front only
else
else
front: 0.444397, 0, 2.5
back: 1.33319, 0, 7.5
front back
photon_ene: 661.6 photon_theta: 0.184035 photon_phi: 5.98195
traject_len: 5.07838
pe_len: 14.0257 cs_len: 1.63471
---
else
else
else
else
else
else
else
front: 0, 0, 2.5
back: 0, 0, 7.5
front back
photon_ene: 661.6 photon_theta: 0.27269 photon_phi: 4.05081
traject_len: 5
pe_len: 20.4151 cs_len: 5.64155
---
else
else
else
else
else
else
else
else
else
else
front: 0, 0.18675, 2.5
side: 0, 0, 0
front only
else
else
front: 0, 0, 2.5
side: 0, 0, 0
front only
front: 0.43847, 0, 2.5
side: 0, 0, 0
front only
else
else
front: 0, 1.7561, 2.5
side: 0, 0, 0
front only
else
else
front: 0, 0.108851, 2.5
back: 0, 0.326553, 7.5
front back
photon_ene: 661.6 photon_theta: 3.06173 photon_phi: 5.70795
traject_len: 5.00474
pe_len: 5.86687 cs_len: 3.87682
---
else
front: 0, 1.78303, 2.5
side: 0, 0, 0
front only
front: 1.96395, 1.19156, 2.5
side: 0, 0, 0
front only
else
else
front: 0, 0, 2.5
side: 0, 0, 0
front only
else
else
else
else
else
else
else
front: 0, 0.32057, 2.5
back: 0, 0.961709, 7.5
front back
photon_ene: 661.6 photon_theta: 0.148113 photon_phi: 2.10749
traject_len: 5.04094
pe_len: 29.0475 cs_len: 0.447259
---
else
else
else
else
else
else
front: 0.727677, 0, 2.5
side: 0, 0, 0
front only
else
else
else
front: 0, 0.452306, 2.5
side: 0, 0, 0
front only
else
else
else
front: 2.02655, 0.549023, 2.5
side: 0, 0, 0
front only
else
else
front: 0, 0, 2.5
side: 0, 0, 0
front only
front: 0.531888, 0.204711, 2.5
back: 1.59566, 0.614134, 7.5
front back
photon_ene: 661.6 photon_theta: 2.91745 photon_phi: 3.50899
traject_len: 5.12828
pe_len: 12.3104 cs_len: 0.21454
---
front: 0, 1.38472, 2.5
side: 0, 0, 0
front only
else
front: 0.05677, 0, 2.5
side: 0, 0, 0
front only
else
front: 0.23134, 0.578064, 2.5
back: 0.694019, 1.73419, 7.5
front back
photon_ene: 661.6 photon_theta: 0.244089 photon_phi: 1.19012
traject_len: 5.15274
pe_len: 50.5464 cs_len: 0.410033
---
else
else
else
else
else
else
else
else
else
else
else
else
else
else
else
else
else
else
else
front: 0, 0.414093, 2.5
side: 0, 0, 0
front only
else
else
else
else
else
front: 0, 0, 2.5
side: 0, 0, 0
front only
else
else
else
front: 0, 0.680758, 2.5
back: 0, 2.04227, 7.5
front back
photon_ene: 661.6 photon_theta: 0.266458 photon_phi: 1.63958
traject_len: 5.18206
pe_len: 4.39313 cs_len: 0.570636
---
else
else
front: 0.483421, 0, 2.5
side: 0, 0, 0
front only
front: 0.071127, 0.0712193, 2.5
back: 0.213381, 0.213658, 7.5
front back
photon_ene: 661.6 photon_theta: 0.0402399 photon_phi: 0.786047
traject_len: 5.00405
pe_len: 27.1375 cs_len: 7.97586
---
front: 1.36662, 0.995018, 2.5
side: 0, 0, 0
front only
else
front: 0, 0.812888, 2.5
side: 0, 0, 0
front only
else
else
else
front: 0, 1.29244, 2.5
side: 0, 0, 0
front only
else
else
front: 0, 0, 2.5
back: 0, 0, 7.5
front back
photon_ene: 661.6 photon_theta: 2.95762 photon_phi: 1.48855
traject_len: 5
pe_len: 27.6743 cs_len: 0.384103
---
else
else
else
front: 2.09157, 0, 2.5
side: 0, 0, 0
front only
else
else
else
else
else
else
front: 0, 0.519113, 2.5
side: 0, 0, 0
front only
else
front: 0, 0.368614, 2.5
back: 0, 1.10584, 7.5
front back
photon_ene: 661.6 photon_theta: 0.146974 photon_phi: 1.66054
traject_len: 5.05406
pe_len: 42.7474 cs_len: 0.610005
---
else
else
else
else
front: 0.544004, 0, 2.5
back: 1.63201, 0, 7.5
front back
photon_ene: 661.6 photon_theta: 0.215675 photon_phi: 6.16685
traject_len: 5.11701
pe_len: 2.69427 cs_len: 1.26203
---
else
front: 0, 0.795409, 2.5
side: 0, 0, 0
front only
front: 0.0247139, 2.01869, 2.5
side: 0, 0, 0
front only
else
else
else
else
else
else
front: 0, 0, 2.5
side: 0, 0, 0
front only
else
else
front: 1.4789, 0, 2.5
side: 0, 0, 0
front only
front: 0.127211, 0, 2.5
back: 0.381632, 0, 7.5
front back
photon_ene: 661.6 photon_theta: 3.06846 photon_phi: 2.33855
traject_len: 5.00647
pe_len: 24.7153 cs_len: 1.74255
---
else
else
else
else
front: 0.84084, 0, 2.5
side: 0, 0, 0
front only
front: 0, 0, 2.5
side: 0, 0, 0
front only
else
else
else
else
else
front: 1.07087, 0.484656, 2.5
side: 0, 0, 0
front only
front: 0.730188, 0, 2.5
back: 2.19057, 0, 7.5
front back
photon_ene: 661.6 photon_theta: 0.287367 photon_phi: 6.12976
traject_len: 5.20891
pe_len: 11.6605 cs_len: 0.828435
---
else
else
else
front: 0.919533, 0.326743, 2.5
side: 0, 0, 0
front only
else
else
front: 0, 0, 2.5
side: 0, 0, 0
front only
else
else
else
front: 0.156937, 0.515949, 2.5
back: 0.470811, 1.54785, 7.5
front back
photon_ene: 661.6 photon_theta: 0.21246 photon_phi: 1.27552
traject_len: 5.11501
pe_len: 13.6724 cs_len: 5.48317
---
else
front: 0, 0, 2.5
back: 0, 0, 7.5
front back
photon_ene: 661.6 photon_theta: 0.31531 photon_phi: 3.47875
traject_len: 5
pe_len: 26.176 cs_len: 2.51611
---
else
else
else
else
else
else
else
else
front: 0, 0, 2.5
side: 0, 0, 0
front only
else
else
else
else
else
else
else
else
else
else
front: 0, 0, 2.5
side: 0, 0, 0
front only
else
else
else
front: 0, 0, 2.5
back: 0, 0, 7.5
front back
photon_ene: 661.6 photon_theta: 2.94488 photon_phi: 0.13765
traject_len: 5
pe_len: 50.4056 cs_len: 0.131462
---
else
else
else
front: 0, 1.71616, 2.5
side: 0, 0, 0
front only
else
else
else
else
else
else
else
front: 1.89963, 0, 2.5
side: 0, 0, 0
front only
else
front: 0, 0, 2.5
side: 0, 0, 0
front only
else
else
else
else
else
front: 1.19982, 1.22244, 2.5
side: 0, 0, 0
front only
else
else
front: 0, 0, 2.5
side: 0, 0, 0
front only
else
else
else
front: 0, 0, 2.5
side: 0, 0, 0
front only
front: 1.17493, 0, 2.5
side: 0, 0, 0
front only
else
else
else
front: 0, 0, 2.5
side: 0, 0, 0
front only
front: 0, 0.617029, 2.5
side: 0, 0, 0
front only
else
else
else
else
else
else
else
else
else
front: 0, 0, 2.5
back: 0, 0, 7.5
front back
photon_ene: 661.6 photon_theta: 2.82101 photon_phi: 1.30332
traject_len: 5
pe_len: 2.45098 cs_len: 4.65988
---
front: 1.7219, 0, 2.5
side: 0, 0, 0
front only
else
front: 0, 2.10071, 2.5
side: 0, 0, 0
front only
else
else
else
else
front: 0.379261, 0.505059, 2.5
back: 1.13778, 1.51518, 7.5
front back
photon_ene: 661.6 photon_theta: 2.89413 photon_phi: 4.0683
traject_len: 5.1571
pe_len: 68.3542 cs_len: 0.0165034
---
else
else
else
front: 0.807436, 0.250615, 2.5
side: 0, 0, 0
front only
else
else
else
else
else
front: 0, 1.74514, 2.5
side: 0, 0, 0
front only
else
else
else
else
else
else
else
else
else
front: 0.010794, 0, 2.5
back: 0.032382, 0, 7.5
front back
photon_ene: 661.6 photon_theta: 2.88231 photon_phi: 1.58707
traject_len: 5.00005
pe_len: 9.08136 cs_len: 1.07303
---
else
else
else
else
else
front: 1.46081, 0.820788, 2.5
side: 0, 0, 0
front only
else
else
front: 2.34253, 0, 2.5
side: 0, 0, 0
front only
else
else
else
else
else
else
else
front: 0, 0, 2.5
side: 0, 0, 0
front only
else
else
front: 0, 0, 2.5
side: 0, 0, 0
front only
front: 0.417327, 0.750414, 2.5
side: 0, 0, 0
front only
else
else
else
else
front: 0, 0.0922244, 2.5
side: 0, 0, 0
front only
else
else
else
else
else
else
else
else
front: 0, 0.220562, 2.5
side: 0, 0, 0
front only
front: 0, 0.353994, 2.5
side: 0, 0, 0
front only
else
front: 0.360169, 2.37728, 2.5
side: 0, 0, 0
front only
front: 0, 0, 2.5
side: 0, 0, 0
front only
else
else
else
else
front: 0.015348, 0, 2.5
back: 0.0460441, 0, 7.5
front back
photon_ene: 661.6 photon_theta: 0.294732 photon_phi: 4.73261
traject_len: 5.00009
pe_len: 18.8114 cs_len: 3.21154
---
front: 0.159576, 1.40897, 2.5
side: 0, 0, 0
front only
else
else
else
else
else
else
else
else
else
else
else
else
else
else
front: 0.759014, 0, 2.5
side: 0, 0, 0
front only
else
else
else
else
else
front: 0, 0.641607, 2.5
side: 0, 0, 0
front only
else
else
front: 0, 2.29581, 2.5
side: 0, 0, 0
front only
front: 1.19012, 1.28137, 2.5
side: 0, 0, 0
front only
front: 0, 0, 2.5
side: 0, 0, 0
front only
else
else
else
else
else
front: 2.07533, 0, 2.5
side: 0, 0, 0
front only
front: 0, 0.72423, 2.5
side: 0, 0, 0
front only
else
else
else
front: 0, 1.44771, 2.5
side: 0, 0, 0
front only
else
else
else
else
front: 0.105112, 2.37405, 2.5
side: 0, 0, 0
front only
else
front: 0, 0.733314, 2.5
side: 0, 0, 0
front only
else
front: 0.504065, 0, 2.5
back: 1.51219, 0, 7.5
front back
photon_ene: 661.6 photon_theta: 0.201579 photon_phi: 6.11958
traject_len: 5.10062
pe_len: 17.0162 cs_len: 5.21223
---
else
front: 1.07824, 1.11079, 2.5
side: 0, 0, 0
front only
else
else
else
else
front: 0, 1.72268, 2.5
side: 0, 0, 0
front only
front: 0, 0, 2.5
side: 0, 0, 0
front only
else
front: 0, 0, 2.5
back: 0, 0, 7.5
front back
photon_ene: 661.6 photon_theta: 0.184748 photon_phi: 3.49511
traject_len: 5
pe_len: 5.43888 cs_len: 5.84084
---
front: 0, 0.215383, 2.5
back: 0, 0.646149, 7.5
front back
photon_ene: 661.6 photon_theta: 0.302134 photon_phi: 2.86153
traject_len: 5.01852
pe_len: 2.13978 cs_len: 1.21871
---
else
else
front: 0.437989, 1.29932, 2.5
side: 0, 0, 0
front only
else
front: 0, 0.899085, 2.5
side: 0, 0, 0
front only
front: 1.27059, 0, 2.5
side: 0, 0, 0
front only
front: 0, 1.10541, 2.5
side: 0, 0, 0
front only
else
else
else
front: 0, 1.22705, 2.5
side: 0, 0, 0
front only
else
front: 0, 0.631762, 2.5
side: 0, 0, 0
front only
else
front: 0, 0.0654085, 2.5
side: 0, 0, 0
front only
else
front: 0, 1.46557, 2.5
side: 0, 0, 0
front only
front: 0.191031, 0.0294915, 2.5
back: 0.573093, 0.0884746, 7.5
front back
photon_ene: 661.6 photon_theta: 0.0771641 photon_phi: 0.153172
traject_len: 5.01492
pe_len: 49.8058 cs_len: 8.11598
---
front: 1.40772, 0, 2.5
side: 0, 0, 0
front only
else
front: 0, 0, 2.5
back: 0, 0, 7.5
front back
photon_ene: 661.6 photon_theta: 0.122961 photon_phi: 3.93749
traject_len: 5
pe_len: 7.71319 cs_len: 3.88836
---
else
else
front: 1.20301, 0, 2.5
side: 0, 0, 0
front only
front: 0, 0, 2.5
side: 0, 0, 0
front only
else
else
else
else
else
else
else
else
else
else
else
else
else
front: 0.75328, 0, 2.5
side: 0, 0, 0
front only
front: 0, 0, 2.5
side: 0, 0, 0
front only
else
else
else
else
else
else
else
else
front: 1.01023, 0, 2.5
side: 0, 0, 0
front only
front: 0.0551119, 0.339849, 2.5
back: 0.165336, 1.01955, 7.5
front back
photon_ene: 661.6 photon_theta: 0.136854 photon_phi: 1.41003
traject_len: 5.04719
pe_len: 37.4896 cs_len: 4.9237
---
else
else
else
else
front: 0, 0.772201, 2.5
back: 0, 2.3166, 7.5
front back
photon_ene: 661.6 photon_theta: 2.83244 photon_phi: 4.96964
traject_len: 5.23309
pe_len: 73.5655 cs_len: 4.73686
---
else
else
else
else
front: 1.74876, 0, 2.5
side: 0, 0, 0
front only
else
else
else
front: 0, 0, 2.5
side: 0, 0, 0
front only
else
else
else
else
else
else
else
else
front: 0, 0, 2.5
side: 0, 0, 0
front only
else
else
else
else
else
else
else
else
front: 0, 0, 2.5
side: 0, 0, 0
front only
else
else
front: 0.864315, 1.25664, 2.5
side: 0, 0, 0
front only
else
front: 0, 0, 2.5
side: 0, 0, 0
front only
front: 1.60937, 1.5026, 2.5
side: 0, 0, 0
front only
front: 0, 0.757605, 2.5
side: 0, 0, 0
front only
else
else
else
front: 1.29137, 1.66745, 2.5
side: 0, 0, 0
front only
else
else
else
else
else
else
else
else
front: 1.12068, 0, 2.5
side: 0, 0, 0
front only
front: 0, 0, 2.5
back: 0, 0, 7.5
front back
photon_ene: 661.6 photon_theta: 0.213448 photon_phi: 3.9719
traject_len: 5
pe_len: 13.9975 cs_len: 0.792044
---
front: 0.339765, 1.43023, 2.5
side: 0, 0, 0
front only
else
else
front: 2.33966, 0, 2.5
side: 0, 0, 0
front only
else
else
else
else
front: 0, 1.40942, 2.5
side: 0, 0, 0
front only
else
else
else
else
front: 0.727997, 0, 2.5
side: 0, 0, 0
front only
else
else
else
else
else
else
front: 0.413605, 0, 2.5
side: 0, 0, 0
front only
else
else
front: 0, 0.875192, 2.5
side: 0, 0, 0
front only
else
else
else
else
front: 1.26058, 0, 2.5
side: 0, 0, 0
front only
front: 0.724876, 0.260438, 2.5
back: 2.17463, 0.781315, 7.5
front back
photon_ene: 661.6 photon_theta: 0.298868 photon_phi: 0.344924
traject_len: 5.23193
pe_len: 33.7102 cs_len: 1.47213
---
else
else
front: 0.935888, 0, 2.5
side: 0, 0, 0
front only
front: 0, 0, 2.5
back: 0, 0, 7.5
front back
photon_ene: 661.6 photon_theta: 2.8271 photon_phi: 0.966532
traject_len: 5
pe_len: 45.0172 cs_len: 3.07984
---
front: 0.295337, 0, 2.5
back: 0.886012, 0, 7.5
front back
photon_ene: 661.6 photon_theta: 0.126398 photon_phi: 5.90584
traject_len: 5.03477
pe_len: 14.4148 cs_len: 1.74595
---
else
front: 0.389757, 0, 2.5
side: 0, 0, 0
front only
front: 0, 0, 2.5
back: 0, 0, 7.5
front back
photon_ene: 661.6 photon_theta: 0.226275 photon_phi: 3.33283
traject_len: 5
pe_len: 11.7314 cs_len: 1.84396
---
else
else
else
else
front: 0, 0.860455, 2.5
side: 0, 0, 0
front only
else
front: 0.120672, 0.0122741, 2.5
back: 0.362015, 0.0368223, 7.5
front back
photon_ene: 661.6 photon_theta: 3.09311 photon_phi: 3.24296
traject_len: 5.00588
pe_len: 68.9162 cs_len: 2.87235
---
else
else
else
front: 0.882507, 1.96385, 2.5
side: 0, 0, 0
front only
else
else
else
else
else
else
else
else
else
front: 0.829001, 1.01178, 2.5
side: 0, 0, 0
front only
else
else
else
front: 0, 1.39203, 2.5
side: 0, 0, 0
front only
else
else
else
front: 0, 0, 2.5
side: 0, 0, 0
front only
else
else
else
else
front: 0, 0.181103, 2.5
side: 0, 0, 0
front only
front: 0.306974, 0, 2.5
side: 0, 0, 0
front only
else
else
front: 0, 0.0832146, 2.5
side: 0, 0, 0
front only
else
front: 0.825173, 0, 2.5
side: 0, 0, 0
front only
front: 0, 1.25776, 2.5
side: 0, 0, 0
front only
front: 0.85558, 0, 2.5
side: 0, 0, 0
front only
else
front: 0, 2.08423, 2.5
side: 0, 0, 0
front only
else
else
front: 1.32351, 0, 2.5
side: 0, 0, 0
front only
else
front: 0, 0, 2.5
back: 0, 0, 7.5
front back
photon_ene: 661.6 photon_theta: 2.82572 photon_phi: 1.18732
traject_len: 5
pe_len: 77.9283 cs_len: 7.32418
---
else
else
else
front: 0, 0, 2.5
side: 0, 0, 0
front only
front: 0, 0.0957932, 2.5
side: 0, 0, 0
front only
else
else
else
front: 0, 0, 2.5
back: 0, 0, 7.5
front back
photon_ene: 661.6 photon_theta: 0.239703 photon_phi: 3.77989
traject_len: 5
pe_len: 5.71095 cs_len: 7.80455
---
front: 0, 0, 2.5
back: 0, 0, 7.5
front back
photon_ene: 661.6 photon_theta: 0.291119 photon_phi: 4.44915
traject_len: 5
pe_len: 35.2669 cs_len: 4.24971
---
else
else
front: 0.868975, 0, 2.5
side: 0, 0, 0
front only
else
else
else
front: 0, 0, 2.5
back: 0, 0, 7.5
front back
photon_ene: 661.6 photon_theta: 0.302341 photon_phi: 3.51012
traject_len: 5
pe_len: 65.4215 cs_len: 2.39093
---
else
else
else
else
else
front: 0, 0.88595, 2.5
side: 0, 0, 0
front only
else
front: 0, 0.586017, 2.5
back: 0, 1.75805, 7.5
front back
photon_ene: 661.6 photon_theta: 0.239562 photon_phi: 1.85569
traject_len: 5.13553
pe_len: 10.3638 cs_len: 2.18237
---
else
else
else
front: 0, 0.875545, 2.5
side: 0, 0, 0
front only
front: 0, 0.660729, 2.5
side: 0, 0, 0
front only
else
else
front: 1.44315, 0.998085, 2.5
side: 0, 0, 0
front only
else
front: 0.269852, 0.474633, 2.5
back: 0.809556, 1.4239, 7.5
front back
photon_ene: 661.6 photon_theta: 2.92658 photon_phi: 4.19542
traject_len: 5.11785
pe_len: 0.575338 cs_len: 2.39199
---
else
else
else
front: 1.08581, 0, 2.5
side: 0, 0, 0
front only
else
front: 0, 0.383487, 2.5
side: 0, 0, 0
front only
else
front: 1.63798, 1.73308, 2.5
side: 0, 0, 0
front only
else
front: 0.938869, 0.560099, 2.5
side: 0, 0, 0
front only
front: 0, 0.0926506, 2.5
side: 0, 0, 0
front only
else
front: 0.3137, 2.05832, 2.5
side: 0, 0, 0
front only
else
else
front: 0, 0, 2.5
side: 0, 0, 0
front only
front: 0.760998, 0, 2.5
side: 0, 0, 0
front only
else
else
else
else
else
else
front: 0, 0.734737, 2.5
side: 0, 0, 0
front only
else
else
else
else
front: 0.812974, 0, 2.5
side: 0, 0, 0
front only
else
front: 1.57048, 0.0995699, 2.5
side: 0, 0, 0
front only
else
else
front: 0.728066, 0.12856, 2.5
back: 2.1842, 0.38568, 7.5
front back
photon_ene: 661.6 photon_theta: 2.85406 photon_phi: 3.31637
traject_len: 5.21406
pe_len: 11.4323 cs_len: 1.39298
---
else
else
else
front: 2.31627, 0, 2.5
side: 0, 0, 0
front only
else
front: 0.913464, 0, 2.5
side: 0, 0, 0
front only
front: 0.420555, 0.240591, 2.5
back: 1.26166, 0.721772, 7.5
front back
photon_ene: 661.6 photon_theta: 2.95016 photon_phi: 3.66123
traject_len: 5.09303
pe_len: 0.47386 cs_len: 0.780552
---
front: 1.81344, 0, 2.5
side: 0, 0, 0
front only
front: 0, 1.1195, 2.5
side: 0, 0, 0
front only
else
else
front: 0.824336, 0.256244, 2.5
side: 0, 0, 0
front only
else
else
front: 0, 0, 2.5
side: 0, 0, 0
front only
else
else
front: 0.560177, 0, 2.5
side: 0, 0, 0
front only
front: 0, 0, 2.5
side: 0, 0, 0
front only
else
else
else
else
else
front: 0.800886, 0, 2.5
side: 0, 0, 0
front only
front: 0.343685, 2.09062, 2.5
side: 0, 0, 0
front only
front: 0, 0, 2.5
side: 0, 0, 0
front only
front: 0, 0, 2.5
side: 0, 0, 0
front only
else
else
else
else
else
else
front: 0.375036, 0, 2.5
side: 0, 0, 0
front only
front: 1.37805, 0, 2.5
side: 0, 0, 0
front only
else
else
else
else
else
front: 0.860354, 0.462813, 2.5
side: 0, 0, 0
front only
else
front: 0, 0, 2.5
side: 0, 0, 0
front only
front: 1.49207, 1.99599, 2.5
side: 0, 0, 0
front only
else
else
else
else
else
else
else
else
else
front: 1.85593, 0, 2.5
side: 0, 0, 0
front only
front: 0, 0, 2.5
side: 0, 0, 0
front only
else
else
else
front: 0.0429201, 0, 2.5
side: 0, 0, 0
front only
else
else
else
front: 1.43546, 0.835293, 2.5
side: 0, 0, 0
front only
front: 0.936326, 0, 2.5
side: 0, 0, 0
front only
else
front: 0, 0, 2.5
side: 0, 0, 0
front only
else
else
front: 1.28014, 1.98878, 2.5
side: 0, 0, 0
front only
else
else
front: 0, 1.44477, 2.5
side: 0, 0, 0
front only
else
else
else
else
else
front: 0, 0.719381, 2.5
back: 0, 2.15814, 7.5
front back
photon_ene: 661.6 photon_theta: 0.296095 photon_phi: 1.90929
traject_len: 5.20289
pe_len: 71.5822 cs_len: 4.34724
---
else
else
else
else
else
else
else
else
else
else
else
else
else
front: 0, 0, 2.5
side: 0, 0, 0
front only
else
else
else
else
else
else
front: 0.649247, 0, 2.5
side: 0, 0, 0
front only
else
else
else
else
else
else
else
else
else
else
front: 0, 0, 2.5
side: 0, 0, 0
front only
front: 0, 0.0830666, 2.5
side: 0, 0, 0
front only
else
else
front: 0.575728, 1.439, 2.5
side: 0, 0, 0
front only
else
front: 0, 2.07613, 2.5
side: 0, 0, 0
front only
else
front: 0.240119, 0, 2.5
back: 0.720358, 0, 7.5
front back
photon_ene: 661.6 photon_theta: 3.04411 photon_phi: 2.95228
traject_len: 5.02301
pe_len: 4.30369 cs_len: 0.0502574
---
else
else
else
else
else
else
front: 0, 0, 2.5
side: 0, 0, 0
front only
else
front: 0, 0, 2.5
side: 0, 0, 0
front only
else
else
else
else
front: 0.803501, 0, 2.5
side: 0, 0, 0
front only
front: 0.25876, 0, 2.5
side: 0, 0, 0
front only
else
front: 0, 0.738158, 2.5
side: 0, 0, 0
front only
else
else
front: 1.33473, 0, 2.5
side: 0, 0, 0
front only
front: 0.640291, 0.370584, 2.5
back: 1.92087, 1.11175, 7.5
front back
photon_ene: 661.6 photon_theta: 2.85388 photon_phi: 3.66626
traject_len: 5.21433
pe_len: 43.1199 cs_len: 3.21177
---
front: 0, 0, 2.5
side: 0, 0, 0
front only
else
else
front: 0, 0.48682, 2.5
side: 0, 0, 0
front only
else
else
else
front: 0, 0, 2.5
side: 0, 0, 0
front only
else
else
front: 0, 0.501477, 2.5
side: 0, 0, 0
front only
else
else
front: 0, 0, 2.5
side: 0, 0, 0
front only
else
else
else
else
front: 0, 0.216748, 2.5
side: 0, 0, 0
front only
front: 0, 0, 2.5
back: 0, 0, 7.5
front back
photon_ene: 661.6 photon_theta: 2.82587 photon_phi: 0.997797
traject_len: 5
pe_len: 61.2306 cs_len: 3.34302
---
front: 0, 0, 2.5
side: 0, 0, 0
front only
else
else
else
else
else
else
else
else
front: 1.92712, 0, 2.5
side: 0, 0, 0
front only
front: 0, 0.421102, 2.5
back: 0, 1.26331, 7.5
front back
photon_ene: 661.6 photon_theta: 2.97247 photon_phi: 4.87699
traject_len: 5.07043
pe_len: 36.9187 cs_len: 2.08378
---
else
else
else
else
else
else
else
else
else
else
else
front: 0, 0.0458382, 2.5
back: 0, 0.137515, 7.5
front back
photon_ene: 661.6 photon_theta: 0.265161 photon_phi: 3.07402
traject_len: 5.00084
pe_len: 107.621 cs_len: 5.19882
---
else
else
front: 0.34045, 0, 2.5
side: 0, 0, 0
front only
else
else
else
else
else
else
else
else
else
else
front: 0, 1.21642, 2.5
side: 0, 0, 0
front only
front: 0, 0.518554, 2.5
side: 0, 0, 0
front only
else
else
else
else
else
front: 2.0362, 0.0513584, 2.5
side: 0, 0, 0
front only
else
front: 0, 0, 2.5
back: 0, 0, 7.5
front back
photon_ene: 661.6 photon_theta: 0.311822 photon_phi: 4.0583
traject_len: 5
pe_len: 79.6335 cs_len: 17.7397
---
else
else
else
else
else
else
else
front: 0.476454, 0, 2.5
side: 0, 0, 0
front only
else
else
else
else
else
else
else
else
else
else
else
front: 0, 1.0764, 2.5
side: 0, 0, 0
front only
else
front: 0, 1.1534, 2.5
side: 0, 0, 0
front only
front: 0.266254, 0.0689469, 2.5
back: 0.798763, 0.206841, 7.5
front back
photon_ene: 661.6 photon_theta: 3.03202 photon_phi: 3.39498
traject_len: 5.03017
pe_len: 21.8174 cs_len: 12.1912
---
else
else
else
front: 0.846387, 1.09651, 2.5
side: 0, 0, 0
front only
front: 0, 0.687438, 2.5
side: 0, 0, 0
front only
else
front: 0, 0, 2.5
side: 0, 0, 0
front only
else
else
front: 0, 0, 2.5
side: 0, 0, 0
front only
else
else
else
else
else
else
else
else
else
else
front: 0.193862, 0.575844, 2.5
back: 0.581585, 1.72753, 7.5
front back
photon_ene: 661.6 photon_theta: 2.90318 photon_phi: 4.38765
traject_len: 5.14555
pe_len: 6.47088 cs_len: 2.46147
---
else
front: 0, 1.33368, 2.5
side: 0, 0, 0
front only
else
else
else
front: 0, 0.203094, 2.5
back: 0, 0.609281, 7.5
front back
photon_ene: 661.6 photon_theta: 0.135533 photon_phi: 2.50343
traject_len: 5.01647
pe_len: 1.9961 cs_len: 8.4453
---
else
front: 1.26673, 0.91819, 2.5
side: 0, 0, 0
front only
else
else
front: 1.74329, 0.549219, 2.5
side: 0, 0, 0
front only
front: 0, 0, 2.5
side: 0, 0, 0
front only
else
else
else
else
else
front: 1.02304, 0, 2.5
side: 0, 0, 0
front only
else
else
else
else
front: 0.142107, 0.663507, 2.5
back: 0.42632, 1.99052, 7.5
front back
photon_ene: 661.6 photon_theta: 2.87656 photon_phi: 4.5014
traject_len: 5.1809
pe_len: 10.6386 cs_len: 0.060678
---
else
else
else
else
else
else
else
else
else
else
front: 0, 2.10363, 2.5
side: 0, 0, 0
front only
else
front: 0.98754, 0.823938, 2.5
side: 0, 0, 0
front only
else
else
front: 0.971412, 0.735747, 2.5
side: 0, 0, 0
front only
front: 0, 0, 2.5
side: 0, 0, 0
front only
front: 0, 0, 2.5
side: 0, 0, 0
front only
else
else
else
else
front: 1.12796, 0.755837, 2.5
side: 0, 0, 0
front only
else
front: 0.937204, 1.46798, 2.5
side: 0, 0, 0
front only
front: 0, 0, 2.5
side: 0, 0, 0
front only
else
front: 0.0856986, 1.33949, 2.5
side: 0, 0, 0
front only
else
else
else
else
else
front: 0.915798, 0, 2.5
side: 0, 0, 0
front only
else
else
front: 0.953944, 0, 2.5
side: 0, 0, 0
front only
else
front: 0.484261, 0, 2.5
back: 1.45278, 0, 7.5
front back
photon_ene: 661.6 photon_theta: 0.273732 photon_phi: 5.47371
traject_len: 5.09294
pe_len: 19.517 cs_len: 8.94075
---
front: 0.669181, 0, 2.5
back: 2.00754, 0, 7.5
front back
photon_ene: 661.6 photon_theta: 0.302065 photon_phi: 5.74575
traject_len: 5.17602
pe_len: 62.1341 cs_len: 0.455052
---
front: 2.00808, 0.370506, 2.5
side: 0, 0, 0
front only
front: 0, 1.00572, 2.5
side: 0, 0, 0
front only
else
else
else
else
front: 1.40876, 0, 2.5
side: 0, 0, 0
front only
else
else
else
front: 0, 0, 2.5
side: 0, 0, 0
front only
else
else
front: 0, 0.701019, 2.5
back: 0, 2.10306, 7.5
front back
photon_ene: 661.6 photon_theta: 2.84776 photon_phi: 5.09765
traject_len: 5.19285
pe_len: 22.0955 cs_len: 3.10366
---
else
else
else
front: 1.16998, 0.393722, 2.5
side: 0, 0, 0
front only
else
front: 0, 0, 2.5
side: 0, 0, 0
front only
else
else
else
else
else
else
front: 0.472141, 0, 2.5
side: 0, 0, 0
front only
else
else
else
else
front: 0.107435, 1.63486, 2.5
side: 0, 0, 0
front only
else
else
else
else
else
else
else
else
else
else
else
front: 0, 0, 2.5
side: 0, 0, 0
front only
else
else
front: 0.950516, 0, 2.5
side: 0, 0, 0
front only
else
front: 0.476301, 2.02066, 2.5
side: 0, 0, 0
front only
else
else
else
else
else
front: 0, 0, 2.5
side: 0, 0, 0
front only
front: 1.2919, 0, 2.5
side: 0, 0, 0
front only
else
front: 1.08355, 0, 2.5
side: 0, 0, 0
front only
else
front: 0.994653, 0, 2.5
side: 0, 0, 0
front only
front: 0.168775, 0, 2.5
back: 0.506324, 0, 7.5
front back
photon_ene: 661.6 photon_theta: 3.07407 photon_phi: 3.08257
traject_len: 5.01138
pe_len: 24.8566 cs_len: 7.85229
---
front: 0.0124314, 0.839199, 2.5
side: 0, 0, 0
front only
else
front: 0, 0.393569, 2.5
side: 0, 0, 0
front only
front: 0.507743, 0.945742, 2.5
side: 0, 0, 0
front only
else
front: 0, 1.62419, 2.5
side: 0, 0, 0
front only
front: 0, 0, 2.5
side: 0, 0, 0
front only
else
else
front: 0, 0.497854, 2.5
back: 0, 1.49356, 7.5
front back
photon_ene: 661.6 photon_theta: 0.229037 photon_phi: 2.11755
traject_len: 5.09818
pe_len: 56.3526 cs_len: 2.83329
---
else
else
front: 0.737791, 1.88391, 2.5
side: 0, 0, 0
front only
else
else
else
else
front: 0.0564571, 0, 2.5
back: 0.169371, 0, 7.5
front back
photon_ene: 661.6 photon_theta: 0.269937 photon_phi: 4.7941
traject_len: 5.00127
pe_len: 118.931 cs_len: 2.63475
---
else
front: 0, 0, 2.5
side: 0, 0, 0
front only
else
front: 0, 0.387853, 2.5
back: 0, 1.16356, 7.5
front back
photon_ene: 661.6 photon_theta: 2.87503 photon_phi: 5.67894
traject_len: 5.05981
pe_len: 21.8269 cs_len: 10.6898
---
else
front: 0.420368, 1.94715, 2.5
side: 0, 0, 0
front only
else
else
else
front: 0, 0, 2.5
side: 0, 0, 0
front only
else
else
front: 1.33614, 2.00515, 2.5
side: 0, 0, 0
front only
else
else
front: 0, 0, 2.5
side: 0, 0, 0
front only
else
front: 0.680936, 0.969651, 2.5
side: 0, 0, 0
front only
else
front: 0, 1.50423, 2.5
side: 0, 0, 0
front only
else
else
else
else
front: 0.616066, 0, 2.5
side: 0, 0, 0
front only
else
else
else
else
else
else
else
front: 0, 1.06306, 2.5
side: 0, 0, 0
front only
else
front: 0, 0, 2.5
side: 0, 0, 0
front only
else
else
front: 0, 0, 2.5
side: 0, 0, 0
front only
else
else
else
front: 0, 0, 2.5
side: 0, 0, 0
front only
front: 0, 1.24231, 2.5
side: 0, 0, 0
front only
else
else
else
else
front: 1.09119, 0, 2.5
side: 0, 0, 0
front only
front: 2.31563, 0.197464, 2.5
side: 0, 0, 0
front only
front: 0, 0, 2.5
side: 0, 0, 0
front only
front: 0, 0.525926, 2.5
back: 0, 1.57778, 7.5
front back
photon_ene: 661.6 photon_theta: 0.207473 photon_phi: 1.60612
traject_len: 5.10944
pe_len: 39.0929 cs_len: 5.39593
---
else
else
front: 0, 0, 2.5
side: 0, 0, 0
front only
front: 1.55605, 0, 2.5
side: 0, 0, 0
front only
else
front: 1.88129, 0, 2.5
side: 0, 0, 0
front only
front: 0, 0, 2.5
side: 0, 0, 0
front only
front: 0, 0.150183, 2.5
back: 0, 0.45055, 7.5
front back
photon_ene: 661.6 photon_theta: 0.0949257 photon_phi: 2.45882
traject_len: 5.00901
pe_len: 20.6771 cs_len: 0.711628
---
else
else
else
else
else
else
else
front: 0, 0, 2.5
side: 0, 0, 0
front only
else
else
front: 0, 0, 2.5
back: 0, 0, 7.5
front back
photon_ene: 661.6 photon_theta: 2.94144 photon_phi: 1.0289
traject_len: 5
pe_len: 6.4329 cs_len: 4.52529
---
front: 1.32849, 0, 2.5
side: 0, 0, 0
front only
else
front: 0.650968, 0, 2.5
side: 0, 0, 0
front only
else
else
else
front: 0, 1.00833, 2.5
side: 0, 0, 0
front only
else
else
else
else
front: 0, 0, 2.5
side: 0, 0, 0
front only
else
else
else
else
else
else
else
else
else
else
else
front: 0, 0.140271, 2.5
side: 0, 0, 0
front only
else
else
else
else
else
else
else
else
else
else
front: 0, 0.890064, 2.5
side: 0, 0, 0
front only
else
else
else
front: 0.245871, 0.340455, 2.5
back: 0.737614, 1.02137, 7.5
front back
photon_ene: 661.6 photon_theta: 0.166428 photon_phi: 0.945336
traject_len: 5.07005
pe_len: 13.41 cs_len: 5.43092
---
front: 0, 0, 2.5
side: 0, 0, 0
front only
else
else
front: 0, 0, 2.5
side: 0, 0, 0
front only
else
front: 1.28296, 0, 2.5
side: 0, 0, 0
front only
else
front: 0, 0, 2.5
side: 0, 0, 0
front only
else
else
front: 0.736501, 1.95605, 2.5
side: 0, 0, 0
front only
else
else
front: 1.606, 1.45784, 2.5
side: 0, 0, 0
front only
front: 1.52994, 1.34575, 2.5
side: 0, 0, 0
front only
else
front: 0.216743, 0.290054, 2.5
back: 0.650229, 0.870162, 7.5
front back
photon_ene: 661.6 photon_theta: 0.143836 photon_phi: 0.929057
traject_len: 5.05217
pe_len: 4.0308 cs_len: 3.30367
---
front: 2.20125, 0, 2.5
side: 0, 0, 0
front only
else
else
else
else
else
else
else
front: 0.841422, 0, 2.5
side: 0, 0, 0
front only
front: 0.739617, 0, 2.5
side: 0, 0, 0
front only
else
front: 0, 0.34919, 2.5
side: 0, 0, 0
front only
front: 0, 0, 2.5
side: 0, 0, 0
front only
front: 0.534587, 0.723916, 2.5
side: 0, 0, 0
front only
else
else
else
else
else
front: 0, 0, 2.5
side: 0, 0, 0
front only
else
else
front: 0, 0, 2.5
back: 0, 0, 7.5
front back
photon_ene: 661.6 photon_theta: 0.195757 photon_phi: 4.03987
traject_len: 5
pe_len: 30.7654 cs_len: 8.24523
---
front: 0.274388, 1.90165, 2.5
side: 0, 0, 0
front only
else
else
else
else
else
else
else
else
else
else
front: 1.37629, 0, 2.5
side: 0, 0, 0
front only
else
else
else
else
front: 0, 0, 2.5
side: 0, 0, 0
front only
else
else
front: 1.32567, 0, 2.5
side: 0, 0, 0
front only
else
front: 0, 0, 2.5
side: 0, 0, 0
front only
else
else
else
else
else
else
front: 0.0775001, 0.412297, 2.5
back: 0.2325, 1.23689, 7.5
front back
photon_ene: 661.6 photon_theta: 2.97533 photon_phi: 4.52659
traject_len: 5.06991
pe_len: 16.0075 cs_len: 1.93958
---
else
front: 0.119226, 1.3311, 2.5
side: 0, 0, 0
front only
else
else
else
else
else
else
else
else
else
else
else
else
front: 0, 0, 2.5
back: 0, 0, 7.5
front back
photon_ene: 661.6 photon_theta: 0.171152 photon_phi: 4.26196
traject_len: 5
pe_len: 2.9654 cs_len: 1.80967
---
else
front: 0, 0, 2.5
back: 0, 0, 7.5
front back
photon_ene: 661.6 photon_theta: 0.119802 photon_phi: 3.47812
traject_len: 5
pe_len: 8.67627 cs_len: 0.0816935
---
else
else
else
else
front: 1.20939, 1.86435, 2.5
side: 0, 0, 0
front only
front: 0, 1.94568, 2.5
side: 0, 0, 0
front only
else
front: 0.115925, 0, 2.5
side: 0, 0, 0
front only
else
else
else
front: 0, 0, 2.5
side: 0, 0, 0
front only
front: 1.39914, 0, 2.5
side: 0, 0, 0
front only
front: 0, 1.6723, 2.5
side: 0, 0, 0
front only
else
else
else
front: 0.462051, 0.25718, 2.5
back: 1.38615, 0.771539, 7.5
front back
photon_ene: 661.6 photon_theta: 0.208449 photon_phi: 0.5079
traject_len: 5.11063
pe_len: 7.68634 cs_len: 3.1739
---
front: 0.119205, 1.9073, 2.5
side: 0, 0, 0
front only
else
else
front: 0.303157, 0, 2.5
side: 0, 0, 0
front only
front: 0, 0, 2.5
side: 0, 0, 0
front only
else
else
else
else
front: 0, 0, 2.5
side: 0, 0, 0
front only
else
else
else
else
else
else
front: 1.16035, 1.08007, 2.5
side: 0, 0, 0
front only
else
else
else
else
front: 0, 0, 2.5
side: 0, 0, 0
front only
else
front: 0, 0.436336, 2.5
back: 0, 1.30901, 7.5
front back
photon_ene: 661.6 photon_theta: 0.184752 photon_phi: 1.93635
traject_len: 5.07558
pe_len: 6.50812 cs_len: 7.97734
---
else
front: 0, 0.548562, 2.5
back: 0, 1.64568, 7.5
front back
photon_ene: 661.6 photon_theta: 0.310945 photon_phi: 2.39003
traject_len: 5.11895
pe_len: 32.2229 cs_len: 2.65851
---
else
else
front: 0, 0, 2.5
side: 0, 0, 0
front only
else
front: 1.40725, 1.7157, 2.5
side: 0, 0, 0
front only
front: 0, 1.63532, 2.5
side: 0, 0, 0
front only
else
front: 0, 0, 2.5
side: 0, 0, 0
front only
else
else
else
else
front: 1.08933, 0, 2.5
side: 0, 0, 0
front only
front: 0, 0.896501, 2.5
side: 0, 0, 0
front only
else
else
front: 0, 0, 2.5
side: 0, 0, 0
front only
front: 0, 0, 2.5
side: 0, 0, 0
front only
front: 2.49749, 0.0671367, 2.5
side: 0, 0, 0
front only
else
front: 0, 0, 2.5
side: 0, 0, 0
front only
else
front: 0, 1.2905, 2.5
side: 0, 0, 0
front only
else
front: 0, 0.503048, 2.5
side: 0, 0, 0
front only
front: 0, 0, 2.5
back: 0, 0, 7.5
front back
photon_ene: 661.6 photon_theta: 2.89781 photon_phi: 0.679478
traject_len: 5
pe_len: 0.465543 cs_len: 4.12185
---
front: 1.90225, 1.56339, 2.5
side: 0, 0, 0
front only
front: 0, 1.55603, 2.5
side: 0, 0, 0
front only
else
else
else
front: 0, 0, 2.5
back: 0, 0, 7.5
front back
photon_ene: 661.6 photon_theta: 2.87281 photon_phi: 1.05963
traject_len: 5
pe_len: 3.70691 cs_len: 3.67828
---
else
else
front: 1.14696, 0, 2.5
side: 0, 0, 0
front only
else
else
else
else
else
front: 1.02108, 0, 2.5
side: 0, 0, 0
front only
else
else
front: 1.71493, 0, 2.5
side: 0, 0, 0
front only
else
else
else
else
else
front: 0.117531, 0, 2.5
side: 0, 0, 0
front only
else
else
else
else
front: 0.466266, 0.885672, 2.5
side: 0, 0, 0
front only
else
front: 0.215786, 0.828659, 2.5
side: 0, 0, 0
front only
else
else
else
front: 0, 0, 2.5
side: 0, 0, 0
front only
else
else
else
else
else
front: 0.591778, 1.16278, 2.5
side: 0, 0, 0
front only
else
else
else
front: 0, 0, 2.5
side: 0, 0, 0
front only
front: 0.673048, 2.14322, 2.5
side: 0, 0, 0
front only
front: 0, 0.414212, 2.5
side: 0, 0, 0
front only
front: 0, 0, 2.5
side: 0, 0, 0
front only
front: 0, 2.29469, 2.5
side: 0, 0, 0
front only
else
else
front: 0, 0, 2.5
side: 0, 0, 0
front only
else
else
else
else
front: 0.931513, 0, 2.5
side: 0, 0, 0
front only
else
else
else
front: 2.43981, 0.27434, 2.5
side: 0, 0, 0
front only
else
else
else
else
front: 0.889759, 2.23804, 2.5
side: 0, 0, 0
front only
else
front: 0, 1.62388, 2.5
side: 0, 0, 0
front only
front: 0.538381, 1.93781, 2.5
side: 0, 0, 0
front only
else
else
front: 1.66331, 0.539953, 2.5
side: 0, 0, 0
front only
else
else
else
else
front: 0, 0, 2.5
side: 0, 0, 0
front only
else
front: 0, 0, 2.5
side: 0, 0, 0
front only
else
else
else
else
else
else
front: 0.618929, 0.839086, 2.5
side: 0, 0, 0
front only
front: 0, 0, 2.5
side: 0, 0, 0
front only
else
front: 0, 0.904376, 2.5
side: 0, 0, 0
front only
front: 1.55218, 0, 2.5
side: 0, 0, 0
front only
front: 0, 0.277546, 2.5
side: 0, 0, 0
front only
else
else
else
else
else
else
front: 0, 0, 2.5
side: 0, 0, 0
front only
front: 0, 0, 2.5
side: 0, 0, 0
front only
else
else
else
front: 0.901684, 0, 2.5
side: 0, 0, 0
front only
front: 0, 0, 2.5
side: 0, 0, 0
front only
else
else
else
else
else
front: 0, 0, 2.5
side: 0, 0, 0
front only
front: 0.713378, 0, 2.5
side: 0, 0, 0
front only
else
else
else
else
else
else
else
else
else
else
else
front: 0.408109, 1.00562, 2.5
side: 0, 0, 0
front only
else
else
else
else
else
else
else
else
else
else
front: 1.12673, 1.40344, 2.5
side: 0, 0, 0
front only
else
else
else
else
front: 0, 0.0529849, 2.5
back: 0, 0.158955, 7.5
front back
photon_ene: 661.6 photon_theta: 3.07801 photon_phi: 5.94382
traject_len: 5.00112
pe_len: 75.2613 cs_len: 0.949389
---
else
front: 0.264489, 1.96405, 2.5
side: 0, 0, 0
front only
else
else
else
front: 0.534248, 0, 2.5
back: 1.60274, 0, 7.5
front back
photon_ene: 661.6 photon_theta: 0.251379 photon_phi: 5.69532
traject_len: 5.11289
pe_len: 5.1369 cs_len: 0.0590785
---
else
else
else
front: 0, 0.146084, 2.5
side: 0, 0, 0
front only
else
front: 0, 0, 2.5
side: 0, 0, 0
front only
front: 0.211253, 0, 2.5
back: 0.633758, 0, 7.5
front back
photon_ene: 661.6 photon_theta: 0.124137 photon_phi: 5.45635
traject_len: 5.01782
pe_len: 38.5488 cs_len: 2.20094
---
front: 1.86829, 0.353588, 2.5
side: 0, 0, 0
front only
else
else
else
front: 1.5245, 1.3138, 2.5
side: 0, 0, 0
front only
else
front: 0, 0, 2.5
side: 0, 0, 0
front only
else
else
front: 0, 0, 2.5
side: 0, 0, 0
front only
front: 0, 0.406343, 2.5
back: 0, 1.21903, 7.5
front back
photon_ene: 661.6 photon_theta: 0.212922 photon_phi: 2.29082
traject_len: 5.06562
pe_len: 25.0598 cs_len: 13.4198
---
front: 0.110179, 0, 2.5
side: 0, 0, 0
front only
else
else
front: 0, 0, 2.5
side: 0, 0, 0
front only
else
else
front: 0.725874, 0, 2.5
side: 0, 0, 0
front only
front: 0, 1.34841, 2.5
side: 0, 0, 0
front only
else
else
else
front: 0, 1.50113, 2.5
side: 0, 0, 0
front only
else
else
else
else
front: 0.248389, 0, 2.5
side: 0, 0, 0
front only
else
else
else
else
else
else
else
front: 0, 1.07618, 2.5
side: 0, 0, 0
front only
else
front: 0, 0, 2.5
side: 0, 0, 0
front only
else
else
else
front: 0, 0.0665896, 2.5
back: 0, 0.199769, 7.5
front back
photon_ene: 661.6 photon_theta: 2.93223 photon_phi: 6.1575
traject_len: 5.00177
pe_len: 45.4046 cs_len: 9.05891
---
else
front: 0, 0, 2.5
side: 0, 0, 0
front only
front: 1.45152, 0, 2.5
side: 0, 0, 0
front only
else
front: 1.9765, 0, 2.5
side: 0, 0, 0
front only
front: 0.168933, 1.87615, 2.5
side: 0, 0, 0
front only
else
else
front: 0, 1.12449, 2.5
side: 0, 0, 0
front only
front: 0.1346, 0.425353, 2.5
back: 0.403799, 1.27606, 7.5
front back
photon_ene: 661.6 photon_theta: 2.96499 photon_phi: 4.40592
traject_len: 5.07899
pe_len: 65.3138 cs_len: 3.80832
---
else
else
front: 0.267665, 0, 2.5
back: 0.802996, 0, 7.5
front back
photon_ene: 661.6 photon_theta: 2.92015 photon_phi: 2.06641
traject_len: 5.02858
pe_len: 16.2373 cs_len: 0.0973495
---
front: 0, 0, 2.5
side: 0, 0, 0
front only
else
else
else
else
front: 0.0781946, 0, 2.5
side: 0, 0, 0
front only
else
else
else
else
else
else
else
else
else
front: 1.63893, 1.81178, 2.5
side: 0, 0, 0
front only
else
else
front: 0, 0, 2.5
side: 0, 0, 0
front only
else
front: 1.09845, 1.10978, 2.5
side: 0, 0, 0
front only
else
else
front: 0, 0.708659, 2.5
side: 0, 0, 0
front only
front: 1.08982, 0, 2.5
side: 0, 0, 0
front only
front: 0.98357, 0, 2.5
side: 0, 0, 0
front only
else
else
front: 0.220498, 1.46601, 2.5
side: 0, 0, 0
front only
else
else
else
front: 1.11176, 0, 2.5
side: 0, 0, 0
front only
else
else
front: 1.7186, 0.617323, 2.5
side: 0, 0, 0
front only
front: 0, 0, 2.5
back: 0, 0, 7.5
front back
photon_ene: 661.6 photon_theta: 0.195568 photon_phi: 4.47889
traject_len: 5
pe_len: 14.7493 cs_len: 3.41783
---
else
front: 1.6813, 0, 2.5
side: 0, 0, 0
front only
front: 0, 0.594714, 2.5
side: 0, 0, 0
front only
else
else
front: 1.22456, 1.72071, 2.5
side: 0, 0, 0
front only
front: 0, 1.34669, 2.5
side: 0, 0, 0
front only
front: 0, 1.96072, 2.5
side: 0, 0, 0
front only
front: 0, 0.0113612, 2.5
back: 0, 0.0340836, 7.5
front back
photon_ene: 661.6 photon_theta: 0.21281 photon_phi: 3.12056
traject_len: 5.00005
pe_len: 22.4403 cs_len: 2.38982
---
else
else
else
else
else
else
else
else
else
else
else
front: 0, 0.729552, 2.5
side: 0, 0, 0
front only
front: 0, 0.682852, 2.5
side: 0, 0, 0
front only
else
front: 0.252949, 0.906729, 2.5
side: 0, 0, 0
front only
else
else
front: 0.289563, 0.376415, 2.5
back: 0.868689, 1.12925, 7.5
front back
photon_ene: 661.6 photon_theta: 2.95387 photon_phi: 4.05667
traject_len: 5.08941
pe_len: 43.6852 cs_len: 1.98513
---
else
front: 0, 0.199048, 2.5
side: 0, 0, 0
front only
front: 0, 0.527792, 2.5
side: 0, 0, 0
front only
else
else
front: 2.19362, 0.785359, 2.5
side: 0, 0, 0
front only
else
else
else
else
front: 0.227083, 0.32526, 2.5
back: 0.681248, 0.975779, 7.5
front back
photon_ene: 661.6 photon_theta: 0.157363 photon_phi: 0.961308
traject_len: 5.06255
pe_len: 8.96075 cs_len: 4.37228
---
else
else
else
front: 2.166, 0, 2.5
side: 0, 0, 0
front only
else
else
front: 1.85205, 0.0448073, 2.5
side: 0, 0, 0
front only
front: 0, 0, 2.5
side: 0, 0, 0
front only
else
else
front: 0, 0, 2.5
side: 0, 0, 0
front only
else
front: 0, 0.899165, 2.5
side: 0, 0, 0
front only
else
else
else
else
else
else
front: 0, 0, 2.5
side: 0, 0, 0
front only
else
else
else
front: 0, 0, 2.5
side: 0, 0, 0
front only
else
else
else
front: 0.414606, 0, 2.5
side: 0, 0, 0
front only
else
front: 2.20239, 0.289079, 2.5
side: 0, 0, 0
front only
else
front: 1.01293, 2.13169, 2.5
side: 0, 0, 0
front only
front: 1.65139, 0.0245939, 2.5
side: 0, 0, 0
front only
else
front: 1.75139, 0, 2.5
side: 0, 0, 0
front only
front: 0, 0.836731, 2.5
side: 0, 0, 0
front only
else
else
else
else
front: 0, 1.36383, 2.5
side: 0, 0, 0
front only
front: 0.296105, 0, 2.5
side: 0, 0, 0
front only
else
front: 1.44984, 0, 2.5
side: 0, 0, 0
front only
else
else
front: 0, 0, 2.5
back: 0, 0, 7.5
front back
photon_ene: 661.6 photon_theta: 0.253694 photon_phi: 4.51464
traject_len: 5
pe_len: 63.1625 cs_len: 2.56666
---
front: 2.38876, 0.514227, 2.5
side: 0, 0, 0
front only
else
front: 0.849889, 1.28597, 2.5
side: 0, 0, 0
front only
else
else
else
else
else
front: 0.464895, 1.58988, 2.5
side: 0, 0, 0
front only
else
else
else
else
front: 0.823444, 0, 2.5
side: 0, 0, 0
front only
front: 1.36769, 0, 2.5
side: 0, 0, 0
front only
else
else
else
else
front: 1.04776, 2.20741, 2.5
side: 0, 0, 0
front only
else
else
else
else
else
front: 0, 0.16219, 2.5
back: 0, 0.486571, 7.5
front back
photon_ene: 661.6 photon_theta: 0.227415 photon_phi: 2.85744
traject_len: 5.01051
pe_len: 12.3552 cs_len: 0.679827
---
else
front: 0, 0, 2.5
side: 0, 0, 0
front only
front: 0.0803173, 0, 2.5
side: 0, 0, 0
front only
front: 1.22939, 1.49239, 2.5
side: 0, 0, 0
front only
else
else
else
else
else
else
front: 0, 0, 2.5
back: 0, 0, 7.5
front back
photon_ene: 661.6 photon_theta: 2.83189 photon_phi: 1.36027
traject_len: 5
pe_len: 131.518 cs_len: 4.37824
---
else
else
else
else
else
front: 1.8952, 0, 2.5
side: 0, 0, 0
front only
front: 0, 0, 2.5
side: 0, 0, 0
front only
else
front: 0, 0.368024, 2.5
back: 0, 1.10407, 7.5
front back
photon_ene: 661.6 photon_theta: 0.147973 photon_phi: 1.72865
traject_len: 5.05389
pe_len: 5.04816 cs_len: 0.0457609
---
else
front: 0, 0, 2.5
side: 0, 0, 0
front only
else
else
else
else
else
else
else
front: 0, 0.398565, 2.5
back: 0, 1.19569, 7.5
front back
photon_ene: 661.6 photon_theta: 2.98321 photon_phi: 4.77351
traject_len: 5.06314
pe_len: 18.9757 cs_len: 0.47189
---
front: 0.840527, 0, 2.5
side: 0, 0, 0
front only
else
else
else
front: 0, 0, 2.5
side: 0, 0, 0
front only
front: 0, 0.448152, 2.5
back: 0, 1.34445, 7.5
front back
photon_ene: 661.6 photon_theta: 2.92886 photon_phi: 5.30424
traject_len: 5.0797
pe_len: 5.86878 cs_len: 6.00821
---
else
front: 0, 0.117844, 2.5
side: 0, 0, 0
front only
front: 0, 1.76214, 2.5
side: 0, 0, 0
front only
else
else
else
else
else
else
else
else
else
else
front: 0.510789, 0, 2.5
back: 1.53237, 0, 7.5
front back
photon_ene: 661.6 photon_theta: 2.9239 photon_phi: 2.74833
traject_len: 5.1033
pe_len: 12.1009 cs_len: 1.00719
---
else
else
else
else
front: 0, 0, 2.5
side: 0, 0, 0
front only
else
front: 0, 0, 2.5
side: 0, 0, 0
front only
front: 0, 0, 2.5
side: 0, 0, 0
front only
front: 0, 1.11772, 2.5
side: 0, 0, 0
front only
front: 0.588776, 1.29851, 2.5
side: 0, 0, 0
front only
else
front: 0, 0, 2.5
side: 0, 0, 0
front only
else
else
else
front: 0, 0.825816, 2.5
side: 0, 0, 0
front only
else
front: 0.218861, 1.50061, 2.5
side: 0, 0, 0
front only
else
else
front: 0, 0, 2.5
back: 0, 0, 7.5
front back
photon_ene: 661.6 photon_theta: 0.138365 photon_phi: 3.93738
traject_len: 5
pe_len: 26.3769 cs_len: 1.00568
---
else
else
front: 0.233391, 2.41202, 2.5
side: 0, 0, 0
front only
else
else
else
else
front: 2.0996, 0.747999, 2.5
side: 0, 0, 0
front only
else
else
else
else
else
front: 1.55011, 0, 2.5
side: 0, 0, 0
front only
else
else
else
else
front: 0, 0.657401, 2.5
side: 0, 0, 0
front only
else
else
else
else
else
else
else
else
else
else
front: 0, 0, 2.5
back: 0, 0, 7.5
front back
photon_ene: 661.6 photon_theta: 0.127935 photon_phi: 4.30096
traject_len: 5
pe_len: 108.668 cs_len: 2.68695
---
front: 0, 0, 2.5
side: 0, 0, 0
front only
else
else
else
else
else
front: 0.418686, 0.485679, 2.5
back: 1.25606, 1.45704, 7.5
front back
photon_ene: 661.6 photon_theta: 0.251081 photon_phi: 0.85934
traject_len: 5.16185
pe_len: 0.814007 cs_len: 0.316262
---
else
else
front: 0, 0, 2.5
side: 0, 0, 0
front only
else
else
else
else
else
else
else
front: 0, 0, 2.5
side: 0, 0, 0
front only
front: 0, 0.38242, 2.5
side: 0, 0, 0
front only
else
else
else
else
else
front: 0.653662, 1.07753, 2.5
side: 0, 0, 0
front only
else
else
else
else
front: 1.13041, 0, 2.5
side: 0, 0, 0
front only
front: 0.768135, 0.025805, 2.5
back: 2.30441, 0.0774149, 7.5
front back
photon_ene: 661.6 photon_theta: 0.298257 photon_phi: 0.0335817
traject_len: 5.23095
pe_len: 8.91107 cs_len: 1.88594
---
front: 0, 1.75475, 2.5
side: 0, 0, 0
front only
else
else
else
front: 0, 0, 2.5
back: 0, 0, 7.5
front back
photon_ene: 661.6 photon_theta: 0.29988 photon_phi: 3.35768
traject_len: 5
pe_len: 16.1885 cs_len: 7.02111
---
else
else
front: 2.02505, 0, 2.5
side: 0, 0, 0
front only
front: 0, 0, 2.5
side: 0, 0, 0
front only
front: 0, 0.823933, 2.5
side: 0, 0, 0
front only
else
else
else
front: 0, 0.103437, 2.5
back: 0, 0.31031, 7.5
front back
photon_ene: 661.6 photon_theta: 2.92011 photon_phi: 6.0984
traject_len: 5.00428
pe_len: 33.2434 cs_len: 2.7354
---
else
else
else
else
else
else
else
else
else
else
front: 1.65049, 0, 2.5
side: 0, 0, 0
front only
else
else
else
else
else
else
front: 2.10191, 0.392315, 2.5
side: 0, 0, 0
front only
else
else
else
front: 0, 0, 2.5
back: 0, 0, 7.5
front back
photon_ene: 661.6 photon_theta: 0.272838 photon_phi: 3.8598
traject_len: 5
pe_len: 8.45569 cs_len: 2.25522
---
else
else
front: 0.575986, 0.587618, 2.5
back: 1.72796, 1.76285, 7.5
front back
photon_ene: 661.6 photon_theta: 0.317966 photon_phi: 0.795394
traject_len: 5.26386
pe_len: 10.4144 cs_len: 8.65914
---
else
else
else
else
else
else
else
else
else
else
else
front: 1.2453, 0, 2.5
side: 0, 0, 0
front only
else
else
else
front: 0.446167, 1.47387, 2.5
side: 0, 0, 0
front only
else
front: 0.579112, 0, 2.5
side: 0, 0, 0
front only
front: 1.40384, 0.213893, 2.5
side: 0, 0, 0
front only
front: 0, 2.17236, 2.5
side: 0, 0, 0
front only
front: 0, 1.63555, 2.5
side: 0, 0, 0
front only
else
else
else
front: 1.01615, 0, 2.5
side: 0, 0, 0
front only
else
else
else
front: 0, 0.78985, 2.5
side: 0, 0, 0
front only
front: 0, 0.335488, 2.5
side: 0, 0, 0
front only
else
else
else
front: 0, 0, 2.5
back: 0, 0, 7.5
front back
photon_ene: 661.6 photon_theta: 0.225767 photon_phi: 3.95723
traject_len: 5
pe_len: 36.0147 cs_len: 2.34303
---
else
front: 0.830648, 0, 2.5
side: 0, 0, 0
front only
else
else
else
else
else
front: 0, 1.54268, 2.5
side: 0, 0, 0
front only
front: 0, 0.924098, 2.5
side: 0, 0, 0
front only
front: 0, 0, 2.5
side: 0, 0, 0
front only
else
else
else
front: 0.9723, 0, 2.5
side: 0, 0, 0
front only
else
else
else
front: 0.857024, 0.809642, 2.5
side: 0, 0, 0
front only
else
else
else
else
front: 0, 1.01534, 2.5
side: 0, 0, 0
front only
else
front: 1.12019, 0.181805, 2.5
side: 0, 0, 0
front only
else
front: 1.35357, 0.436072, 2.5
side: 0, 0, 0
front only
front: 0.484976, 2.14409, 2.5
side: 0, 0, 0
front only
else
else
else
else
else
else
else
else
front: 0, 0.578991, 2.5
back: 0, 1.73697, 7.5
front back
photon_ene: 661.6 photon_theta: 2.89963 photon_phi: 5.0652
traject_len: 5.13234
pe_len: 24.6427 cs_len: 6.25272
---
front: 1.74023, 0, 2.5
side: 0, 0, 0
front only
front: 1.72116, 0.868883, 2.5
side: 0, 0, 0
front only
else
front: 1.66014, 0, 2.5
side: 0, 0, 0
front only
front: 0.648962, 1.4249, 2.5
side: 0, 0, 0
front only
else
else
else
else
else
else
else
else
else
else
else
else
else
front: 0.207681, 0, 2.5
back: 0.623044, 0, 7.5
front back
photon_ene: 661.6 photon_theta: 0.11892 photon_phi: 5.48117
traject_len: 5.01722
pe_len: 20.7131 cs_len: 0.559376
---
else
else
else
else
else
else
front: 0, 0, 2.5
side: 0, 0, 0
front only
else
front: 1.67963, 0.578045, 2.5
side: 0, 0, 0
front only
else
else
else
else
else
front: 0, 0.607401, 2.5
side: 0, 0, 0
front only
else
else
else
else
else
else
else
else
front: 0, 1.09247, 2.5
side: 0, 0, 0
front only
else
else
else
else
front: 0, 0, 2.5
side: 0, 0, 0
front only
front: 0, 1.16719, 2.5
side: 0, 0, 0
front only
else
else
else
front: 0, 0, 2.5
side: 0, 0, 0
front only
else
else
else
else
else
else
front: 0.0911241, 0.386288, 2.5
back: 0.273372, 1.15886, 7.5
front back
photon_ene: 661.6 photon_theta: 2.98415 photon_phi: 4.48073
traject_len: 5.06262
pe_len: 27.5624 cs_len: 1.00888
---
else
else
front: 0.436421, 0.261972, 2.5
back: 1.30926, 0.785915, 7.5
front back
photon_ene: 661.6 photon_theta: 2.94073 photon_phi: 3.68221
traject_len: 5.10258
pe_len: 10.1334 cs_len: 1.47757
---
front: 0.53907, 0, 2.5
side: 0, 0, 0
front only
else
front: 0, 0.224474, 2.5
back: 0, 0.673422, 7.5
front back
photon_ene: 661.6 photon_theta: 2.98996 photon_phi: 5.65511
traject_len: 5.02011
pe_len: 58.7948 cs_len: 0.349234
---
else
else
else
else
else
front: 0, 1.34801, 2.5
side: 0, 0, 0
front only
front: 0.508905, 1.11102, 2.5
side: 0, 0, 0
front only
else
front: 0.991466, 0.40045, 2.5
side: 0, 0, 0
front only
else
else
front: 0, 0, 2.5
side: 0, 0, 0
front only
else
front: 0, 0, 2.5
side: 0, 0, 0
front only
else
else
else
else
else
front: 0, 0.933178, 2.5
side: 0, 0, 0
front only
else
else
front: 0.628146, 2.37444, 2.5
side: 0, 0, 0
front only
else
else
else
else
front: 1.16189, 0.168178, 2.5
side: 0, 0, 0
front only
else
front: 0, 0, 2.5
side: 0, 0, 0
front only
else
else
else
else
else
else
else
else
else
else
else
front: 0, 1.28676, 2.5
side: 0, 0, 0
front only
front: 0, 0, 2.5
side: 0, 0, 0
front only
front: 0, 0.465792, 2.5
side: 0, 0, 0
front only
front: 0.241265, 0.450541, 2.5
back: 0.723794, 1.35162, 7.5
front back
photon_ene: 661.6 photon_theta: 0.201651 photon_phi: 1.07915
traject_len: 5.10341
pe_len: 13.5167 cs_len: 4.06892
---
else
else
front: 0.0355279, 0, 2.5
back: 0.106584, 0, 7.5
front back
photon_ene: 661.6 photon_theta: 3.09982 photon_phi: 1.91775
traject_len: 5.0005
pe_len: 3.9818 cs_len: 6.5404
---
else
else
else
else
else
else
front: 0, 0, 2.5
side: 0, 0, 0
front only
else
else
else
else
front: 0.750917, 0, 2.5
side: 0, 0, 0
front only
else
else
front: 0, 0, 2.5
back: 0, 0, 7.5
front back
photon_ene: 661.6 photon_theta: 0.30466 photon_phi: 3.62684
traject_len: 5
pe_len: 6.5644 cs_len: 0.440384
---
front: 0, 0, 2.5
side: 0, 0, 0
front only
else
else
else
else
else
front: 0, 1.57738, 2.5
side: 0, 0, 0
front only
else
else
front: 0, 0.142814, 2.5
side: 0, 0, 0
front only
front: 1.19276, 0, 2.5
side: 0, 0, 0
front only
front: 0.1666, 0, 2.5
back: 0.4998, 0, 7.5
front back
photon_ene: 661.6 photon_theta: 0.174772 photon_phi: 5.09938
traject_len: 5.01109
pe_len: 6.08832 cs_len: 2.90073
---
else
front: 1.147, 0, 2.5
side: 0, 0, 0
front only
else
else
else
else
front: 0, 0.756871, 2.5
side: 0, 0, 0
front only
else
front: 0, 0.134068, 2.5
side: 0, 0, 0
front only
front: 0.700034, 0.106276, 2.5
back: 2.1001, 0.318829, 7.5
front back
photon_ene: 661.6 photon_theta: 0.275994 photon_phi: 0.150665
traject_len: 5.19667
pe_len: 21.7264 cs_len: 6.55444
---
else
else
else
else
else
else
else
else
else
else
front: 1.31338, 0.737865, 2.5
side: 0, 0, 0
front only
else
front: 0.828294, 0, 2.5
side: 0, 0, 0
front only
else
else
else
front: 0.227393, 0, 2.5
back: 0.68218, 0, 7.5
front back
photon_ene: 661.6 photon_theta: 2.94077 photon_phi: 2.03399
traject_len: 5.02064
pe_len: 16.5712 cs_len: 0.630291
---
else
else
else
front: 0, 0.868128, 2.5
side: 0, 0, 0
front only
else
front: 1.35731, 1.64389, 2.5
side: 0, 0, 0
front only
else
front: 0, 0.810352, 2.5
side: 0, 0, 0
front only
else
else
else
else
else
front: 0, 0, 2.5
side: 0, 0, 0
front only
else
front: 0, 0, 2.5
side: 0, 0, 0
front only
else
else
else
else
else
else
else
else
else
else
else
else
else
else
else
else
else
else
else
else
else
else
else
else
else
front: 0.13201, 0, 2.5
back: 0.396029, 0, 7.5
front back
photon_ene: 661.6 photon_theta: 0.0998776 photon_phi: 5.26737
traject_len: 5.00697
pe_len: 108.023 cs_len: 4.19939
---
else
else
front: 0.746283, 1.57541, 2.5
side: 0, 0, 0
front only
front: 0.337386, 1.77063, 2.5
side: 0, 0, 0
front only
else
front: 0, 1.00106, 2.5
side: 0, 0, 0
front only
else
else
else
else
else
else
else
else
else
else
front: 0, 0, 2.5
side: 0, 0, 0
front only
front: 0.241663, 0, 2.5
back: 0.724989, 0, 7.5
front back
photon_ene: 661.6 photon_theta: 2.94424 photon_phi: 2.07537
traject_len: 5.02331
pe_len: 73.5304 cs_len: 4.54663
---
else
front: 0, 0, 2.5
side: 0, 0, 0
front only
else
else
else
else
else
else
else
else
front: 1.58572, 0.505247, 2.5
side: 0, 0, 0
front only
front: 0, 1.12277, 2.5
side: 0, 0, 0
front only
else
else
else
front: 0.798378, 0, 2.5
side: 0, 0, 0
front only
else
front: 0.218626, 0.21882, 2.5
back: 0.655877, 0.656461, 7.5
front back
photon_ene: 661.6 photon_theta: 0.123103 photon_phi: 0.785843
traject_len: 5.03813
pe_len: 39.9273 cs_len: 0.561584
---
else
else
else
else
else
front: 0.808519, 0, 2.5
side: 0, 0, 0
front only
else
else
front: 0, 0.448277, 2.5
side: 0, 0, 0
front only
else
front: 0, 1.11054, 2.5
side: 0, 0, 0
front only
else
front: 0.736003, 1.69915, 2.5
side: 0, 0, 0
front only
front: 0.393894, 0.399626, 2.5
back: 1.18168, 1.19888, 7.5
front back
photon_ene: 661.6 photon_theta: 0.220788 photon_phi: 0.792621
traject_len: 5.12439
pe_len: 13.1399 cs_len: 14.3987
---
else
else
front: 0.585668, 0.115559, 2.5
back: 1.757, 0.346676, 7.5
front back
photon_ene: 661.6 photon_theta: 0.234395 photon_phi: 0.194809
traject_len: 5.14057
pe_len: 75.6936 cs_len: 3.90841
---
else
else
else
else
else
else
else
else
else
else
else
else
else
else
front: 0.914286, 0, 2.5
side: 0, 0, 0
front only
else
else
else
else
else
else
else
else
else
else
else
front: 0, 0.0660068, 2.5
side: 0, 0, 0
front only
else
front: 1.32966, 1.50639, 2.5
side: 0, 0, 0
front only
else
else
else
else
front: 0, 0, 2.5
side: 0, 0, 0
front only
else
front: 0, 0, 2.5
side: 0, 0, 0
front only
else
front: 0, 0.53913, 2.5
back: 0, 1.61739, 7.5
front back
photon_ene: 661.6 photon_theta: 2.91842 photon_phi: 5.02922
traject_len: 5.11494
pe_len: 5.79363 cs_len: 5.16692
---
else
else
else
else
else
else
else
front: 0.0420468, 1.71715, 2.5
side: 0, 0, 0
front only
else
else
else
else
else
else
else
else
else
front: 0, 0, 2.5
side: 0, 0, 0
front only
else
else
front: 0.930553, 0.476795, 2.5
side: 0, 0, 0
front only
else
front: 0, 0.086274, 2.5
side: 0, 0, 0
front only
else
else
front: 1.35963, 0.451279, 2.5
side: 0, 0, 0
front only
else
else
else
else
front: 0.845367, 1.11862, 2.5
side: 0, 0, 0
front only
else
else
else
front: 0, 1.33922, 2.5
side: 0, 0, 0
front only
else
front: 0.519656, 0.55911, 2.5
back: 1.55897, 1.67733, 7.5
front back
photon_ene: 661.6 photon_theta: 0.296335 photon_phi: 0.821955
traject_len: 5.22787
pe_len: 33.8225 cs_len: 0.333188
---
else
else
front: 0, 0, 2.5
side: 0, 0, 0
front only
else
front: 0, 0, 2.5
side: 0, 0, 0
front only
else
else
else
else
else
else
else
else
front: 0.714713, 0, 2.5
side: 0, 0, 0
front only
front: 0.873068, 0, 2.5
side: 0, 0, 0
front only
else
else
else
else
front: 0, 0.724077, 2.5
side: 0, 0, 0
front only
else
else
else
else
else
else
else
else
else
else
else
else
front: 1.21783, 0, 2.5
side: 0, 0, 0
front only
front: 1.88675, 0.575534, 2.5
side: 0, 0, 0
front only
front: 0, 0, 2.5
side: 0, 0, 0
front only
else
else
front: 0.522882, 0.435681, 2.5
back: 1.56865, 1.30704, 7.5
front back
photon_ene: 661.6 photon_theta: 0.265801 photon_phi: 0.694677
traject_len: 5.18198
pe_len: 3.66212 cs_len: 1.94281
---
else
else
else
front: 0.65482, 0.20208, 2.5
back: 1.96446, 0.606241, 7.5
front back
photon_ene: 661.6 photon_theta: 0.267545 photon_phi: 0.299332
traject_len: 5.18445
pe_len: 0.957479 cs_len: 18.4983
---
else
else
front: 0, 0, 2.5
side: 0, 0, 0
front only
front: 0, 0, 2.5
side: 0, 0, 0
front only
else
front: 0.669007, 0.326547, 2.5
back: 2.00702, 0.979641, 7.5
front back
photon_ene: 661.6 photon_theta: 2.85217 photon_phi: 3.59568
traject_len: 5.21697
pe_len: 16.5597 cs_len: 0.196269
---
front: 0, 0, 2.5
side: 0, 0, 0
front only
else
front: 0.575279, 0, 2.5
back: 1.72584, 0, 7.5
front back
photon_ene: 661.6 photon_theta: 0.303884 photon_phi: 5.53626
traject_len: 5.13067
pe_len: 68.2045 cs_len: 0.859104
---
else
front: 1.78209, 0, 2.5
side: 0, 0, 0
front only
else
else
else
else
else
else
else
else
else
front: 0, 0, 2.5
back: 0, 0, 7.5
front back
photon_ene: 661.6 photon_theta: 0.165939 photon_phi: 3.65365
traject_len: 5
pe_len: 94.4523 cs_len: 21.29
---
else
else
else
else
else
else
else
else
front: 0.472842, 0.436932, 2.5
back: 1.41853, 1.3108, 7.5
front back
photon_ene: 661.6 photon_theta: 2.88955 photon_phi: 3.88754
traject_len: 5.16313
pe_len: 12.8369 cs_len: 14.7899
---
front: 2.2012, 0, 2.5
side: 0, 0, 0
front only
front: 0, 0.0716616, 2.5
side: 0, 0, 0
front only
else
else
else
else
front: 0.234169, 1.46588, 2.5
side: 0, 0, 0
front only
else
else
else
else
else
else
else
front: 0, 2.40333, 2.5
side: 0, 0, 0
front only
else
front: 1.47729, 1.20274, 2.5
side: 0, 0, 0
front only
else
else
else
front: 1.37449, 2.02874, 2.5
side: 0, 0, 0
front only
else
else
front: 0.185526, 0, 2.5
side: 0, 0, 0
front only
else
front: 1.90845, 0.465422, 2.5
side: 0, 0, 0
front only
front: 0.0400609, 1.5037, 2.5
side: 0, 0, 0
front only
else
front: 0, 1.23021, 2.5
side: 0, 0, 0
front only
else
else
front: 0.156938, 0.603406, 2.5
back: 0.470813, 1.81022, 7.5
front back
photon_ene: 661.6 photon_theta: 0.244407 photon_phi: 1.31635
traject_len: 5.15315
pe_len: 3.06873 cs_len: 1.42122
---
else
else
else
front: 0, 0, 2.5
back: 0, 0, 7.5
front back
photon_ene: 661.6 photon_theta: 0.114002 photon_phi: 4.29167
traject_len: 5
pe_len: 31.321 cs_len: 1.49848
---
else
front: 1.72811, 1.53891, 2.5
side: 0, 0, 0
front only
else
else
front: 0, 1.86192, 2.5
side: 0, 0, 0
front only
else
else
else
else
front: 2.01303, 0, 2.5
side: 0, 0, 0
front only
else
front: 0, 0, 2.5
side: 0, 0, 0
front only
else
front: 0, 1.06369, 2.5
side: 0, 0, 0
front only
else
else
else
else
else
front: 0, 0, 2.5
back: 0, 0, 7.5
front back
photon_ene: 661.6 photon_theta: 3.01283 photon_phi: 1.03734
traject_len: 5
pe_len: 27.9041 cs_len: 2.28648
---
else
front: 0, 1.35842, 2.5
side: 0, 0, 0
front only
front: 0.437588, 0.589965, 2.5
back: 1.31276, 1.76989, 7.5
front back
photon_ene: 661.6 photon_theta: 2.85582 photon_phi: 4.07421
traject_len: 5.21135
pe_len: 60.6915 cs_len: 2.24554
---
else
else
else
else
else
else
else
else
front: 0, 0, 2.5
side: 0, 0, 0
front only
else
else
else
front: 0.569045, 1.82789, 2.5
side: 0, 0, 0
front only
front: 0.232187, 0, 2.5
back: 0.696562, 0, 7.5
front back
photon_ene: 661.6 photon_theta: 0.176962 photon_phi: 5.25847
traject_len: 5.02152
pe_len: 10.7929 cs_len: 1.63367
---
else
else
else
else
else
else
else
front: 0, 0.996101, 2.5
side: 0, 0, 0
front only
else
front: 0.170039, 1.67659, 2.5
side: 0, 0, 0
front only
front: 0.333136, 0, 2.5
side: 0, 0, 0
front only
front: 0.890316, 1.01161, 2.5
side: 0, 0, 0
front only
else
else
front: 0, 0.16459, 2.5
back: 0, 0.493771, 7.5
front back
photon_ene: 661.6 photon_theta: 0.215738 photon_phi: 2.83646
traject_len: 5.01082
pe_len: 25.6761 cs_len: 0.671429
---
else
front: 0.53235, 0, 2.5
side: 0, 0, 0
front only
else
else
else
else
else
else
front: 0.590804, 0.871023, 2.5
side: 0, 0, 0
front only
front: 0, 0.70102, 2.5
side: 0, 0, 0
front only
else
else
else
else
front: 0, 0, 2.5
side: 0, 0, 0
front only
front: 0, 0, 2.5
side: 0, 0, 0
front only
front: 1.19173, 0, 2.5
side: 0, 0, 0
front only
front: 0, 0, 2.5
side: 0, 0, 0
front only
else
else
front: 0, 0.583856, 2.5
back: 0, 1.75157, 7.5
front back
photon_ene: 661.6 photon_theta: 0.250173 photon_phi: 1.98864
traject_len: 5.13455
pe_len: 6.85657 cs_len: 1.80605
---
front: 0, 0.573681, 2.5
side: 0, 0, 0
front only
else
else
else
else
else
else
else
front: 0, 0.419819, 2.5
side: 0, 0, 0
front only
else
else
else
front: 0, 0, 2.5
side: 0, 0, 0
front only
else
else
else
else
front: 0.780655, 2.27531, 2.5
side: 0, 0, 0
front only
else
else
else
else
else
else
front: 0.227063, 0.193085, 2.5
back: 0.681188, 0.579255, 7.5
front back
photon_ene: 661.6 photon_theta: 3.02293 photon_phi: 3.8463
traject_len: 5.03541
pe_len: 159.397 cs_len: 3.04071
---
else
else
else
front: 0.875359, 0, 2.5
side: 0, 0, 0
front only
else
else
else
else
front: 0, 0, 2.5
back: 0, 0, 7.5
front back
photon_ene: 661.6 photon_theta: 0.112189 photon_phi: 3.63903
traject_len: 5
pe_len: 27.5636 cs_len: 5.9184
---
else
front: 0.138762, 1.28013, 2.5
side: 0, 0, 0
front only
else
front: 0, 0, 2.5
back: 0, 0, 7.5
front back
photon_ene: 661.6 photon_theta: 0.291201 photon_phi: 4.39937
traject_len: 5
pe_len: 43.2414 cs_len: 5.3443
---
else
front: 0.0218389, 0, 2.5
back: 0.0655167, 0, 7.5
front back
photon_ene: 661.6 photon_theta: 0.160729 photon_phi: 4.7663
traject_len: 5.00019
pe_len: 25.4068 cs_len: 1.25487
---
front: 0.501176, 0, 2.5
side: 0, 0, 0
front only
else
else
else
front: 0.890469, 1.83437, 2.5
side: 0, 0, 0
front only
else
else
front: 0.335469, 0.665993, 2.5
back: 1.00641, 1.99798, 7.5
front back
photon_ene: 661.6 photon_theta: 0.289882 photon_phi: 1.10418
traject_len: 5.2177
pe_len: 31.1896 cs_len: 1.3996
---
else
else
front: 0, 0, 2.5
side: 0, 0, 0
front only
else
else
else
front: 0.700266, 0, 2.5
side: 0, 0, 0
front only
else
front: 0, 0.782136, 2.5
side: 0, 0, 0
front only
front: 0, 2.14169, 2.5
side: 0, 0, 0
front only
else
else
front: 0, 0, 2.5
side: 0, 0, 0
front only
else
front: 0, 0, 2.5
back: 0, 0, 7.5
front back
photon_ene: 661.6 photon_theta: 0.267459 photon_phi: 4.68047
traject_len: 5
pe_len: 12.3407 cs_len: 1.5943
---
else
else
front: 0.0989512, 0.512081, 2.5
back: 0.296854, 1.53624, 7.5
front back
photon_ene: 661.6 photon_theta: 0.205671 photon_phi: 1.37992
traject_len: 5.10765
pe_len: 73.1848 cs_len: 2.70164
---
else
else
front: 1.51178, 0, 2.5
side: 0, 0, 0
front only
else
front: 0, 0, 2.5
side: 0, 0, 0
front only
else
else
else
front: 2.25223, 0.278629, 2.5
side: 0, 0, 0
front only
else
else
front: 0, 1.09976, 2.5
side: 0, 0, 0
front only
else
front: 1.25236, 0.322702, 2.5
side: 0, 0, 0
front only
front: 0.348695, 0, 2.5
back: 1.04608, 0, 7.5
front back
photon_ene: 661.6 photon_theta: 0.300269 photon_phi: 5.17968
traject_len: 5.0484
pe_len: 16.718 cs_len: 0.617457
---
else
else
else
else
front: 0.625971, 0, 2.5
side: 0, 0, 0
front only
else
else
else
else
else
else
else
front: 0, 0, 2.5
side: 0, 0, 0
front only
else
else
else
else
else
front: 0.480804, 0.0473703, 2.5
back: 1.44241, 0.142111, 7.5
front back
photon_ene: 661.6 photon_theta: 0.1909 photon_phi: 0.0982061
traject_len: 5.09251
pe_len: 43.4141 cs_len: 4.62114
---
else
else
else
front: 1.83538, 0, 2.5
side: 0, 0, 0
front only
else
else
else
else
front: 0.456249, 0.713265, 2.5
side: 0, 0, 0
front only
else
else
front: 0.15559, 1.91785, 2.5
side: 0, 0, 0
front only
else
front: 0, 2.25832, 2.5
side: 0, 0, 0
front only
front: 0, 0, 2.5
side: 0, 0, 0
front only
else
front: 0, 1.56027, 2.5
side: 0, 0, 0
front only
front: 2.12012, 0, 2.5
side: 0, 0, 0
front only
else
else
else
else
else
else
else
else
else
else
front: 0.125824, 2.45173, 2.5
side: 0, 0, 0
front only
front: 0, 0, 2.5
side: 0, 0, 0
front only
else
front: 0.377569, 0.65435, 2.5
back: 1.13271, 1.96305, 7.5
front back
photon_ene: 661.6 photon_theta: 0.293462 photon_phi: 1.04745
traject_len: 5.22331
pe_len: 16.5777 cs_len: 0.358909
---
else
else
else
else
else
front: 0.739227, 1.82546, 2.5
side: 0, 0, 0
front only
else
else
else
front: 1.66577, 0.460182, 2.5
side: 0, 0, 0
front only
else
else
else
front: 0, 0, 2.5
back: 0, 0, 7.5
front back
photon_ene: 661.6 photon_theta: 2.84359 photon_phi: 1.55983
traject_len: 5
pe_len: 3.54637 cs_len: 0.3206
---
else
else
front: 0, 0, 2.5
side: 0, 0, 0
front only
else
front: 0, 0, 2.5
back: 0, 0, 7.5
front back
photon_ene: 661.6 photon_theta: 0.168791 photon_phi: 4.55671
traject_len: 5
pe_len: 46.3432 cs_len: 0.107426
---
else
front: 0, 1.08162, 2.5
side: 0, 0, 0
front only
else
else
front: 1.72416, 0, 2.5
side: 0, 0, 0
front only
front: 1.33137, 0, 2.5
side: 0, 0, 0
front only
front: 0, 0, 2.5
side: 0, 0, 0
front only
front: 2.13439, 0, 2.5
side: 0, 0, 0
front only
else
front: 0, 0.340775, 2.5
back: 0, 1.02233, 7.5
front back
photon_ene: 661.6 photon_theta: 2.91043 photon_phi: 5.66553
traject_len: 5.04624
pe_len: 3.24552 cs_len: 0.581794
---
front: 0.395285, 0, 2.5
back: 1.18586, 0, 7.5
front back
photon_ene: 661.6 photon_theta: 2.95738 photon_phi: 2.58414
traject_len: 5.06211
pe_len: 7.31524 cs_len: 2.82068
---
else
front: 0, 1.23598, 2.5
side: 0, 0, 0
front only
front: 0.835961, 0.566592, 2.5
side: 0, 0, 0
front only
else
else
front: 0, 0.565389, 2.5
side: 0, 0, 0
front only
front: 1.26398, 0, 2.5
side: 0, 0, 0
front only
else
else
else
front: 0.651771, 1.79708, 2.5
side: 0, 0, 0
front only
else
front: 0, 0, 2.5
side: 0, 0, 0
front only
else
else
front: 0.92289, 0.695318, 2.5
side: 0, 0, 0
front only
else
else
front: 0.928197, 0, 2.5
side: 0, 0, 0
front only
else
else
else
front: 0, 0.912212, 2.5
side: 0, 0, 0
front only
front: 1.86296, 1.23162, 2.5
side: 0, 0, 0
front only
else
else
else
else
else
else
else
else
else
else
else
else
else
front: 0.385922, 0, 2.5
side: 0, 0, 0
front only
else
front: 1.87598, 0.691273, 2.5
side: 0, 0, 0
front only
else
else
else
else
else
front: 0, 0.391722, 2.5
back: 0, 1.17517, 7.5
front back
photon_ene: 661.6 photon_theta: 2.84079 photon_phi: 5.75368
traject_len: 5.06101
pe_len: 35.3239 cs_len: 0.931566
---
front: 0.00734914, 2.12162, 2.5
side: 0, 0, 0
front only
else
front: 0, 0.167126, 2.5
back: 0, 0.501379, 7.5
front back
photon_ene: 661.6 photon_theta: 3.0158 photon_phi: 5.72619
traject_len: 5.01116
pe_len: 101.478 cs_len: 1.08426
---
else
else
else
else
else
front: 0, 0.599877, 2.5
side: 0, 0, 0
front only
front: 0, 1.2256, 2.5
side: 0, 0, 0
front only
else
front: 0.700933, 0, 2.5
side: 0, 0, 0
front only
else
else
else
else
else
front: 0, 1.82528, 2.5
side: 0, 0, 0
front only
front: 0, 0.438889, 2.5
side: 0, 0, 0
front only
else
else
else
else
front: 0, 0, 2.5
side: 0, 0, 0
front only
else
else
else
else
else
front: 0, 0, 2.5
side: 0, 0, 0
front only
else
front: 0.376831, 1.22482, 2.5
side: 0, 0, 0
front only
else
front: 0, 1.14852, 2.5
side: 0, 0, 0
front only
else
else
else
else
else
else
else
front: 1.9125, 0.187096, 2.5
side: 0, 0, 0
front only
else
else
else
else
else
else
else
else
else
front: 0, 0, 2.5
side: 0, 0, 0
front only
else
front: 0, 0.171446, 2.5
side: 0, 0, 0
front only
front: 1.33021, 0.685448, 2.5
side: 0, 0, 0
front only
else
else
front: 0, 0, 2.5
side: 0, 0, 0
front only
else
else
else
else
else
else
front: 0.275683, 1.92684, 2.5
side: 0, 0, 0
front only
front: 0, 0.479491, 2.5
back: 0, 1.43847, 7.5
front back
photon_ene: 661.6 photon_theta: 0.296635 photon_phi: 2.46326
traject_len: 5.09113
pe_len: 8.96602 cs_len: 0.118768
---
front: 1.18628, 0, 2.5
side: 0, 0, 0
front only
else
front: 0, 0, 2.5
side: 0, 0, 0
front only
else
else
else
else
else
else
else
else
else
else
front: 0.456367, 0, 2.5
side: 0, 0, 0
front only
else
else
else
else
else
else
else
front: 0.624295, 2.05756, 2.5
side: 0, 0, 0
front only
else
else
else
else
else
else
front: 0.979361, 0, 2.5
side: 0, 0, 0
front only
front: 0.762133, 1.4185, 2.5
side: 0, 0, 0
front only
front: 0, 0, 2.5
back: 0, 0, 7.5
front back
photon_ene: 661.6 photon_theta: 2.89941 photon_phi: 0.268772
traject_len: 5
pe_len: 120.39 cs_len: 2.86283
---
front: 0, 0, 2.5
side: 0, 0, 0
front only
else
front: 0, 0, 2.5
side: 0, 0, 0
front only
else
front: 0, 0, 2.5
side: 0, 0, 0
front only
front: 0.132931, 0, 2.5
back: 0.398794, 0, 7.5
front back
photon_ene: 661.6 photon_theta: 0.168142 photon_phi: 5.031
traject_len: 5.00706
pe_len: 60.9567 cs_len: 2.41714
---
else
else
front: 0.743889, 0.497747, 2.5
side: 0, 0, 0
front only
else
else
else
front: 0.453676, 0, 2.5
back: 1.36103, 0, 7.5
front back
photon_ene: 661.6 photon_theta: 2.96067 photon_phi: 3.0156
traject_len: 5.08166
pe_len: 45.593 cs_len: 5.25534
---
else
front: 0.86146, 2.29232, 2.5
side: 0, 0, 0
front only
else
front: 1.66371, 0, 2.5
side: 0, 0, 0
front only
else
else
else
else
else
front: 2.40542, 0, 2.5
side: 0, 0, 0
front only
else
else
front: 0.162098, 0.988138, 2.5
side: 0, 0, 0
front only
else
else
else
else
else
else
else
else
else
else
else
else
else
front: 0.404608, 0.241379, 2.5
back: 1.21382, 0.724137, 7.5
front back
photon_ene: 661.6 photon_theta: 2.95532 photon_phi: 3.67949
traject_len: 5.08801
pe_len: 8.643 cs_len: 1.19224
---
else
front: 0.3666, 1.60538, 2.5
side: 0, 0, 0
front only
else
else
else
else
else
front: 0.172358, 0, 2.5
back: 0.517074, 0, 7.5
front back
photon_ene: 661.6 photon_theta: 0.102277 photon_phi: 5.44893
traject_len: 5.01187
pe_len: 165.587 cs_len: 0.192836
---
else
else
else
else
else
else
else
else
else
else
else
else
else
else
else
else
else
else
else
else
else
else
front: 1.7129, 0, 2.5
side: 0, 0, 0
front only
else
front: 1.57192, 1.1776, 2.5
side: 0, 0, 0
front only
else
else
else
front: 2.13592, 0, 2.5
side: 0, 0, 0
front only
front: 2.07107, 0, 2.5
side: 0, 0, 0
front only
else
else
front: 0.76859, 0, 2.5
side: 0, 0, 0
front only
else
else
else
else
else
front: 1.68257, 0, 2.5
side: 0, 0, 0
front only
front: 0, 0.368434, 2.5
side: 0, 0, 0
front only
front: 0, 0.801808, 2.5
back: 0, 2.40542, 7.5
front back
photon_ene: 661.6 photon_theta: 0.314911 photon_phi: 1.74672
traject_len: 5.25087
pe_len: 4.75112 cs_len: 5.85049
---
else
else
else
front: 0, 1.66695, 2.5
side: 0, 0, 0
front only
else
front: 0, 0, 2.5
side: 0, 0, 0
front only
else
else
else
else
else
else
else
else
front: 1.21977, 0, 2.5
side: 0, 0, 0
front only
front: 0, 0.647392, 2.5
back: 0, 1.94218, 7.5
front back
photon_ene: 661.6 photon_theta: 2.84942 photon_phi: 5.24602
traject_len: 5.16493
pe_len: 5.68655 cs_len: 1.64133
---
else
else
else
else
front: 0, 0, 2.5
side: 0, 0, 0
front only
front: 0, 0, 2.5
side: 0, 0, 0
front only
front: 0, 0, 2.5
side: 0, 0, 0
front only
front: 0, 0, 2.5
side: 0, 0, 0
front only
else
front: 0, 1.65507, 2.5
side: 0, 0, 0
front only
front: 0, 0, 2.5
side: 0, 0, 0
front only
else
else
else
else
else
front: 1.00351, 0.541906, 2.5
side: 0, 0, 0
front only
else
front: 0.365245, 0, 2.5
side: 0, 0, 0
front only
front: 0.507103, 0.955376, 2.5
side: 0, 0, 0
front only
else
front: 0, 0, 2.5
side: 0, 0, 0
front only
else
else
else
else
else
else
else
else
else
else
front: 0, 0.840892, 2.5
side: 0, 0, 0
front only
else
else
else
front: 0, 0, 2.5
side: 0, 0, 0
front only
else
else
front: 0.0146937, 1.18138, 2.5
side: 0, 0, 0
front only
else
else
else
front: 1.38826, 0, 2.5
side: 0, 0, 0
front only
front: 1.32429, 0.0036061, 2.5
side: 0, 0, 0
front only
front: 0.209987, 0, 2.5
side: 0, 0, 0
front only
else
else
front: 0.985498, 0.854429, 2.5
side: 0, 0, 0
front only
front: 0, 0.12974, 2.5
side: 0, 0, 0
front only
else
front: 0, 1.32335, 2.5
side: 0, 0, 0
front only
else
else
front: 0.168518, 2.32345, 2.5
side: 0, 0, 0
front only
else
else
front: 1.75729, 0, 2.5
side: 0, 0, 0
front only
else
front: 0, 0, 2.5
side: 0, 0, 0
front only
else
else
else
front: 0, 0, 2.5
side: 0, 0, 0
front only
else
else
else
else
else
else
else
else
else
front: 0, 0, 2.5
side: 0, 0, 0
front only
else
else
else
else
else
front: 0, 0.915228, 2.5
side: 0, 0, 0
front only
else
front: 0, 0, 2.5
side: 0, 0, 0
front only
front: 0.155377, 0, 2.5
side: 0, 0, 0
front only
else
front: 1.76802, 0.416918, 2.5
side: 0, 0, 0
front only
else
else
else
front: 0.606322, 0.71329, 2.5
side: 0, 0, 0
front only
else
else
front: 0.36133, 0, 2.5
side: 0, 0, 0
front only
front: 2.00321, 0.104988, 2.5
side: 0, 0, 0
front only
front: 2.43216, 0, 2.5
side: 0, 0, 0
front only
else
front: 1.22851, 0, 2.5
side: 0, 0, 0
front only
else
else
else
else
front: 0, 0, 2.5
side: 0, 0, 0
front only
else
else
else
front: 1.87613, 0.394104, 2.5
side: 0, 0, 0
front only
else
else
else
else
else
front: 0, 0.582494, 2.5
back: 0, 1.74748, 7.5
front back
photon_ene: 661.6 photon_theta: 0.230822 photon_phi: 1.70177
traject_len: 5.13393
pe_len: 32.1505 cs_len: 7.07494
---
else
else
else
else
else
front: 0, 0.082436, 2.5
back: 0, 0.247308, 7.5
front back
photon_ene: 661.6 photon_theta: 0.0329945 photon_phi: 1.6149
traject_len: 5.00272
pe_len: 9.11881 cs_len: 4.192
---
else
else
front: 0, 0.958707, 2.5
side: 0, 0, 0
front only
else
else
else
else
else
front: 0, 0.841047, 2.5
side: 0, 0, 0
front only
front: 0, 1.11674, 2.5
side: 0, 0, 0
front only
else
front: 0.225888, 0.710807, 2.5
back: 0.677663, 2.13242, 7.5
front back
photon_ene: 661.6 photon_theta: 2.85166 photon_phi: 4.40469
traject_len: 5.21777
pe_len: 34.7838 cs_len: 0.426612
---
else
else
front: 0.373249, 0, 2.5
back: 1.11975, 0, 7.5
front back
photon_ene: 661.6 photon_theta: 2.96708 photon_phi: 2.58079
traject_len: 5.05542
pe_len: 27.3477 cs_len: 7.23394
---
else
else
else
else
else
front: 0, 0.518642, 2.5
side: 0, 0, 0
front only
front: 0, 2.03743, 2.5
side: 0, 0, 0
front only
front: 0, 1.54454, 2.5
side: 0, 0, 0
front only
front: 0, 0.00517609, 2.5
back: 0, 0.0155283, 7.5
front back
photon_ene: 661.6 photon_theta: 0.041504 photon_phi: 3.09172
traject_len: 5.00001
pe_len: 23.5438 cs_len: 6.61917
---
else
else
front: 1.47709, 2.00552, 2.5
side: 0, 0, 0
front only
front: 0, 1.73865, 2.5
side: 0, 0, 0
front only
front: 0, 1.27306, 2.5
side: 0, 0, 0
front only
else
else
else
front: 0, 0, 2.5
side: 0, 0, 0
front only
else
else
else
front: 0.808273, 0, 2.5
side: 0, 0, 0
front only
else
else
front: 1.16534, 1.23856, 2.5
side: 0, 0, 0
front only
front: 1.03486, 0.124368, 2.5
side: 0, 0, 0
front only
front: 0, 0.288719, 2.5
back: 0, 0.866157, 7.5
front back
photon_ene: 661.6 photon_theta: 0.203273 photon_phi: 2.54685
traject_len: 5.03323
pe_len: 17.1284 cs_len: 2.18711
---
front: 0, 0.0047771, 2.5
back: 0, 0.0143313, 7.5
front back
photon_ene: 661.6 photon_theta: 0.179093 photon_phi: 3.13104
traject_len: 5.00001
pe_len: 59.5454 cs_len: 1.54563
---
front: 0, 2.16529, 2.5
side: 0, 0, 0
front only
else
else
front: 0.652879, 1.15969, 2.5
side: 0, 0, 0
front only
else
else
front: 0, 1.71139, 2.5
side: 0, 0, 0
front only
else
else
else
front: 0, 0.323254, 2.5
side: 0, 0, 0
front only
else
front: 0, 0.157228, 2.5
side: 0, 0, 0
front only
else
front: 0, 0, 2.5
side: 0, 0, 0
front only
else
else
else
front: 0.420811, 0.801425, 2.5
side: 0, 0, 0
front only
front: 0, 0, 2.5
back: 0, 0, 7.5
front back
photon_ene: 661.6 photon_theta: 3.04692 photon_phi: 0.135583
traject_len: 5
pe_len: 6.63108 cs_len: 5.47003
---
else
else
else
else
else
else
else
else
else
else
else
front: 0.862984, 2.23648, 2.5
side: 0, 0, 0
front only
else
else
else
else
else
else
else
else
else
else
else
else
front: 1.17391, 0.426166, 2.5
side: 0, 0, 0
front only
else
else
else
else
front: 0, 0.0807818, 2.5
side: 0, 0, 0
front only
else
else
front: 0, 0.237983, 2.5
back: 0, 0.71395, 7.5
front back
photon_ene: 661.6 photon_theta: 0.311137 photon_phi: 2.84107
traject_len: 5.0226
pe_len: 24.9529 cs_len: 1.46072
---
else
else
else
else
else
else
else
else
front: 0.871002, 0, 2.5
side: 0, 0, 0
front only
else
else
front: 1.50112, 0.658343, 2.5
side: 0, 0, 0
front only
front: 0.090931, 0, 2.5
back: 0.272793, 0, 7.5
front back
photon_ene: 661.6 photon_theta: 0.290694 photon_phi: 4.83427
traject_len: 5.00331
pe_len: 11.6711 cs_len: 6.27124
---
else
else
front: 1.79851, 0, 2.5
side: 0, 0, 0
front only
else
front: 0, 0.61286, 2.5
side: 0, 0, 0
front only
else
else
else
else
else
else
else
front: 0.0308808, 0, 2.5
side: 0, 0, 0
front only
else
else
else
else
else
front: 1.97169, 0, 2.5
side: 0, 0, 0
front only
else
front: 0, 0.960692, 2.5
side: 0, 0, 0
front only
else
else
front: 0, 0.69105, 2.5
back: 0, 2.07315, 7.5
front back
photon_ene: 661.6 photon_theta: 2.86199 photon_phi: 4.98629
traject_len: 5.1875
pe_len: 21.9537 cs_len: 2.01397
---
else
else
else
else
else
else
else
else
else
else
front: 0, 0, 2.5
back: 0, 0, 7.5
front back
photon_ene: 661.6 photon_theta: 2.82617 photon_phi: 0.542659
traject_len: 5
pe_len: 7.60869 cs_len: 1.99966
---
front: 0.873607, 0, 2.5
side: 0, 0, 0
front only
else
else
front: 0.802234, 0.0320356, 2.5
back: 2.4067, 0.0961068, 7.5
front back
photon_ene: 661.6 photon_theta: 0.310745 photon_phi: 0.0399118
traject_len: 5.25152
pe_len: 0.379411 cs_len: 0.227831
---
else
else
else
front: 0.0252783, 0.0901001, 2.5
back: 0.075835, 0.2703, 7.5
front back
photon_ene: 661.6 photon_theta: 3.10418 photon_phi: 4.43886
traject_len: 5.0035
pe_len: 9.80603 cs_len: 10.6066
---
else
else
else
else
else
else
else
else
else
else
else
front: 0, 0, 2.5
side: 0, 0, 0
front only
front: 0.0849603, 0, 2.5
back: 0.254881, 0, 7.5
front back
photon_ene: 661.6 photon_theta: 0.305198 photon_phi: 4.82047
traject_len: 5.00289
pe_len: 18.9341 cs_len: 10.4174
---
else
else
else
front: 0, 1.32511, 2.5
side: 0, 0, 0
front only
else
else
else
else
else
else
else
else
else
else
else
else
front: 0, 0, 2.5
side: 0, 0, 0
front only
front: 0, 0, 2.5
side: 0, 0, 0
front only
else
else
else
else
else
else
else
front: 0, 0.314456, 2.5
back: 0, 0.943368, 7.5
front back
photon_ene: 661.6 photon_theta: 2.92707 photon_phi: 5.66775
traject_len: 5.0394
pe_len: 13.0108 cs_len: 0.645444
---
else
else
else
front: 0, 0.576716, 2.5
side: 0, 0, 0
front only
else
else
else
else
else
front: 0, 0, 2.5
side: 0, 0, 0
front only
front: 1.00772, 0, 2.5
side: 0, 0, 0
front only
else
front: 0.906746, 0.688366, 2.5
side: 0, 0, 0
front only
else
front: 1.16713, 0.732839, 2.5
side: 0, 0, 0
front only
else
else
else
front: 0.293223, 0.189658, 2.5
back: 0.87967, 0.568975, 7.5
front back
photon_ene: 661.6 photon_theta: 0.138787 photon_phi: 0.574126
traject_len: 5.04854
pe_len: 35.9722 cs_len: 3.91083
---
else
else
else
else
front: 1.78139, 0, 2.5
side: 0, 0, 0
front only
else
front: 0.989687, 0.660168, 2.5
side: 0, 0, 0
front only
else
else
front: 0, 0, 2.5
side: 0, 0, 0
front only
else
front: 0.488778, 0, 2.5
side: 0, 0, 0
front only
else
else
front: 0, 0, 2.5
side: 0, 0, 0
front only
else
else
front: 0, 0, 2.5
side: 0, 0, 0
front only
else
else
front: 0, 0, 2.5
side: 0, 0, 0
front only
else
else
else
else
else
front: 0, 0.154673, 2.5
back: 0, 0.464019, 7.5
front back
photon_ene: 661.6 photon_theta: 0.0722118 photon_phi: 2.11549
traject_len: 5.00956
pe_len: 55.3841 cs_len: 1.19323
---
front: 0, 1.37116, 2.5
side: 0, 0, 0
front only
front: 0, 0, 2.5
side: 0, 0, 0
front only
front: 0, 1.0777, 2.5
side: 0, 0, 0
front only
else
else
else
else
else
else
front: 0, 0, 2.5
side: 0, 0, 0
front only
else
else
else
else
front: 0.109859, 0, 2.5
side: 0, 0, 0
front only
else
else
else
else
else
front: 1.14034, 0, 2.5
side: 0, 0, 0
front only
else
else
else
front: 0, 0, 2.5
side: 0, 0, 0
front only
else
else
front: 0.559238, 0, 2.5
back: 1.67771, 0, 7.5
front back
photon_ene: 661.6 photon_theta: 2.90107 photon_phi: 2.71901
traject_len: 5.12357
pe_len: 86.3759 cs_len: 8.27865
---
front: 0.560547, 0, 2.5
back: 1.68164, 0, 7.5
front back
photon_ene: 661.6 photon_theta: 0.240603 photon_phi: 5.86506
traject_len: 5.12414
pe_len: 66.9218 cs_len: 0.112489
---
else
else
else
else
else
front: 0, 1.01411, 2.5
side: 0, 0, 0
front only
else
front: 0, 0, 2.5
side: 0, 0, 0
front only
else
else
else
front: 2.29918, 0, 2.5
side: 0, 0, 0
front only
else
front: 0, 0, 2.5
side: 0, 0, 0
front only
else
else
else
front: 0, 0, 2.5
side: 0, 0, 0
front only
else
front: 0.275818, 0, 2.5
side: 0, 0, 0
front only
else
else
else
else
else
front: 0, 0, 2.5
side: 0, 0, 0
front only
else
else
front: 0.566677, 1.4955, 2.5
side: 0, 0, 0
front only
front: 0, 0, 2.5
back: 0, 0, 7.5
front back
photon_ene: 661.6 photon_theta: 0.313186 photon_phi: 3.84637
traject_len: 5
pe_len: 32.0557 cs_len: 6.33899
---
front: 0.154989, 0.667403, 2.5
back: 0.464966, 2.00221, 7.5
front back
photon_ene: 661.6 photon_theta: 0.267497 photon_phi: 1.34261
traject_len: 5.18438
pe_len: 79.0471 cs_len: 6.76971
---
front: 1.70387, 0, 2.5
side: 0, 0, 0
front only
front: 2.19998, 0, 2.5
side: 0, 0, 0
front only
front: 2.01819, 0, 2.5
side: 0, 0, 0
front only
else
front: 0.726521, 2.29234, 2.5
side: 0, 0, 0
front only
else
front: 1.18853, 0.0341008, 2.5
side: 0, 0, 0
front only
front: 0, 0.955962, 2.5
side: 0, 0, 0
front only
front: 0, 0.443415, 2.5
back: 0, 1.33024, 7.5
front back
photon_ene: 661.6 photon_theta: 2.96581 photon_phi: 4.76504
traject_len: 5.07804
pe_len: 0.425007 cs_len: 2.77311
---
front: 0.882682, 1.54189, 2.5
side: 0, 0, 0
front only
front: 0, 0.200129, 2.5
back: 0, 0.600386, 7.5
front back
photon_ene: 661.6 photon_theta: 0.0809632 photon_phi: 1.73482
traject_len: 5.016
pe_len: 26.9867 cs_len: 11.9051
---
else
front: 0, 0, 2.5
side: 0, 0, 0
front only
front: 0, 0, 2.5
side: 0, 0, 0
front only
else
else
else
else
else
else
front: 0.322015, 1.47836, 2.5
side: 0, 0, 0
front only
front: 0.542364, 0, 2.5
side: 0, 0, 0
front only
front: 0.641217, 0, 2.5
side: 0, 0, 0
front only
else
front: 0, 1.97351, 2.5
side: 0, 0, 0
front only
else
else
front: 0, 0, 2.5
side: 0, 0, 0
front only
else
else
else
else
else
front: 0.199766, 0, 2.5
side: 0, 0, 0
front only
else
front: 0.412815, 0, 2.5
side: 0, 0, 0
front only
else
else
front: 0, 0, 2.5
back: 0, 0, 7.5
front back
photon_ene: 661.6 photon_theta: 0.128405 photon_phi: 3.5623
traject_len: 5
pe_len: 8.40548 cs_len: 3.55604
---
else
else
else
else
else
else
front: 0, 1.10946, 2.5
side: 0, 0, 0
front only
front: 0.792091, 0, 2.5
side: 0, 0, 0
front only
else
else
else
else
front: 0.364391, 0.954135, 2.5
side: 0, 0, 0
front only
else
front: 1.80025, 0, 2.5
side: 0, 0, 0
front only
else
else
front: 0.803738, 0, 2.5
side: 0, 0, 0
front only
front: 0, 0, 2.5
back: 0, 0, 7.5
front back
photon_ene: 661.6 photon_theta: 0.158159 photon_phi: 3.40264
traject_len: 5
pe_len: 104.344 cs_len: 0.0519128
---
else
front: 0, 0.62756, 2.5
side: 0, 0, 0
front only
front: 0, 0, 2.5
side: 0, 0, 0
front only
else
else
else
else
else
else
front: 0.629335, 0, 2.5
side: 0, 0, 0
front only
else
front: 1.19443, 0, 2.5
side: 0, 0, 0
front only
else
front: 0.236696, 0.249522, 2.5
back: 0.710087, 0.748566, 7.5
front back
photon_ene: 661.6 photon_theta: 3.00488 photon_phi: 3.95336
traject_len: 5.04709
pe_len: 32.1033 cs_len: 6.22725
---
else
front: 0, 0.737635, 2.5
side: 0, 0, 0
front only
else
else
else
else
else
front: 0.0131381, 0.419381, 2.5
back: 0.0394142, 1.25814, 7.5
front back
photon_ene: 661.6 photon_theta: 2.97531 photon_phi: 4.68107
traject_len: 5.06993
pe_len: 39.6814 cs_len: 4.54001
---
else
else
else
else
else
else
front: 0.136419, 0.147384, 2.5
back: 0.409258, 0.442152, 7.5
front back
photon_ene: 661.6 photon_theta: 0.0801595 photon_phi: 0.824013
traject_len: 5.01611
pe_len: 1.78342 cs_len: 0.64085
---
front: 0.540464, 0, 2.5
side: 0, 0, 0
front only
else
front: 0.762037, 0, 2.5
side: 0, 0, 0
front only
else
else
front: 0, 0.824467, 2.5
side: 0, 0, 0
front only
else
else
else
else
else
front: 0, 2.38482, 2.5
side: 0, 0, 0
front only
front: 0.449146, 0, 2.5
back: 1.34744, 0, 7.5
front back
photon_ene: 661.6 photon_theta: 0.188447 photon_phi: 5.94109
traject_len: 5.08005
pe_len: 27.0174 cs_len: 4.08967
---
front: 0, 0, 2.5
side: 0, 0, 0
front only
front: 1.36013, 0.199265, 2.5
side: 0, 0, 0
front only
else
front: 0, 0, 2.5
side: 0, 0, 0
front only
else
front: 0, 0, 2.5
side: 0, 0, 0
front only
else
front: 0.756338, 0.620587, 2.5
side: 0, 0, 0
front only
front: 0, 0.501632, 2.5
side: 0, 0, 0
front only
front: 0.299269, 0.313753, 2.5
back: 0.897806, 0.941259, 7.5
front back
photon_ene: 661.6 photon_theta: 2.96986 photon_phi: 3.95061
traject_len: 5.07464
pe_len: 109.445 cs_len: 8.18716
---
else
else
else
else
front: 0, 0, 2.5
side: 0, 0, 0
front only
front: 0, 0.0923503, 2.5
side: 0, 0, 0
front only
else
else
front: 0.363569, 0, 2.5
side: 0, 0, 0
front only
else
front: 0, 0, 2.5
back: 0, 0, 7.5
front back
photon_ene: 661.6 photon_theta: 2.84752 photon_phi: 1.13055
traject_len: 5
pe_len: 29.6017 cs_len: 18.7407
---
front: 1.86981, 0.739514, 2.5
side: 0, 0, 0
front only
front: 0, 0.571356, 2.5
side: 0, 0, 0
front only
else
else
else
else
else
else
else
else
else
else
else
else
else
else
front: 0, 1.96522, 2.5
side: 0, 0, 0
front only
front: 1.35193, 1.0777, 2.5
side: 0, 0, 0
front only
else
front: 0, 0, 2.5
side: 0, 0, 0
front only
else
else
front: 0, 0, 2.5
side: 0, 0, 0
front only
front: 0.64864, 0, 2.5
back: 1.94592, 0, 7.5
front back
photon_ene: 661.6 photon_theta: 0.256125 photon_phi: 6.14712
traject_len: 5.16555
pe_len: 23.5442 cs_len: 0.396816
---
else
front: 0, 0, 2.5
back: 0, 0, 7.5
front back
photon_ene: 661.6 photon_theta: 2.97133 photon_phi: 0.00584543
traject_len: 5
pe_len: 20.7384 cs_len: 0.292001
---
else
else
else
else
front: 1.5181, 1.69177, 2.5
side: 0, 0, 0
front only
else
else
else
else
front: 0.671857, 0, 2.5
back: 2.01557, 0, 7.5
front back
photon_ene: 661.6 photon_theta: 0.269413 photon_phi: 6.05142
traject_len: 5.17741
pe_len: 17.2739 cs_len: 6.13263
---
else
front: 0, 1.46932, 2.5
side: 0, 0, 0
front only
front: 0, 1.42011, 2.5
side: 0, 0, 0
front only
else
else
else
else
else
else
front: 0.622487, 1.97396, 2.5
side: 0, 0, 0
front only
else
front: 0, 0, 2.5
side: 0, 0, 0
front only
else
front: 0, 0, 2.5
side: 0, 0, 0
front only
front: 0, 0.224331, 2.5
side: 0, 0, 0
front only
front: 0, 0, 2.5
side: 0, 0, 0
front only
front: 1.52509, 0, 2.5
side: 0, 0, 0
front only
front: 0.503125, 0, 2.5
back: 1.50937, 0, 7.5
front back
photon_ene: 661.6 photon_theta: 0.206916 photon_phi: 5.99477
traject_len: 5.10025
pe_len: 105.199 cs_len: 1.35772
---
else
else
else
else
else
front: 0.48184, 0, 2.5
side: 0, 0, 0
front only
else
else
front: 0, 0, 2.5
side: 0, 0, 0
front only
front: 0.83034, 0.92215, 2.5
side: 0, 0, 0
front only
else
else
else
front: 0, 1.37505, 2.5
side: 0, 0, 0
front only
front: 0, 0, 2.5
back: 0, 0, 7.5
front back
photon_ene: 661.6 photon_theta: 0.279239 photon_phi: 3.86307
traject_len: 5
pe_len: 17.4993 cs_len: 0.94892
---
front: 0.0642769, 1.64228, 2.5
side: 0, 0, 0
front only
front: 0, 0.639717, 2.5
back: 0, 1.91915, 7.5
front back
photon_ene: 661.6 photon_theta: 2.85547 photon_phi: 5.22843
traject_len: 5.1611
pe_len: 26.7553 cs_len: 0.733649
---
front: 0.625474, 0, 2.5
side: 0, 0, 0
front only
else
front: 0, 1.1707, 2.5
side: 0, 0, 0
front only
else
else
front: 0, 1.35674, 2.5
side: 0, 0, 0
front only
else
front: 0.680612, 1.35006, 2.5
side: 0, 0, 0
front only
else
else
else
else
front: 0, 2.03388, 2.5
side: 0, 0, 0
front only
else
else
front: 1.5048, 1.73954, 2.5
side: 0, 0, 0
front only
front: 2.1132, 0.434265, 2.5
side: 0, 0, 0
front only
else
else
else
else
else
front: 0, 1.29962, 2.5
side: 0, 0, 0
front only
else
else
front: 0, 0, 2.5
side: 0, 0, 0
front only
else
else
else
front: 0, 0, 2.5
side: 0, 0, 0
front only
front: 0.81099, 0, 2.5
side: 0, 0, 0
front only
front: 1.25787, 2.01933, 2.5
side: 0, 0, 0
front only
else
else
front: 0.551938, 0.916804, 2.5
side: 0, 0, 0
front only
else
front: 0, 0.430965, 2.5
side: 0, 0, 0
front only
front: 0.339333, 0.00739761, 2.5
back: 1.018, 0.0221928, 7.5
front back
photon_ene: 661.6 photon_theta: 0.134941 photon_phi: 0.021797
traject_len: 5.04587
pe_len: 23.3951 cs_len: 0.25574
---
else
else
else
else
else
else
else
else
else
else
front: 1.44511, 0, 2.5
side: 0, 0, 0
front only
front: 1.85008, 0.468885, 2.5
side: 0, 0, 0
front only
else
else
else
else
else
else
front: 0.832126, 0.423024, 2.5
side: 0, 0, 0
front only
front: 0, 0, 2.5
side: 0, 0, 0
front only
front: 0.185952, 0.910696, 2.5
side: 0, 0, 0
front only
else
front: 0.571917, 0.676842, 2.5
side: 0, 0, 0
front only
else
else
else
front: 0, 0, 2.5
side: 0, 0, 0
front only
front: 0, 1.09718, 2.5
side: 0, 0, 0
front only
else
front: 0, 0.359325, 2.5
back: 0, 1.07798, 7.5
front back
photon_ene: 661.6 photon_theta: 0.143293 photon_phi: 1.65827
traject_len: 5.05138
pe_len: 4.66629 cs_len: 4.12977
---
else
front: 0, 0.611836, 2.5
back: 0, 1.83551, 7.5
front back
photon_ene: 661.6 photon_theta: 2.8944 photon_phi: 4.95873
traject_len: 5.14756
pe_len: 8.67263 cs_len: 8.76641
---
else
else
else
else
else
front: 0, 2.03631, 2.5
side: 0, 0, 0
front only
front: 0, 0, 2.5
side: 0, 0, 0
front only
else
front: 1.41379, 0, 2.5
side: 0, 0, 0
front only
else
else
front: 1.30553, 1.45165, 2.5
side: 0, 0, 0
front only
else
else
front: 0, 0.128754, 2.5
back: 0, 0.386261, 7.5
front back
photon_ene: 661.6 photon_theta: 2.82472 photon_phi: 6.12548
traject_len: 5.00663
pe_len: 49.101 cs_len: 4.68723
---
else
else
else
else
else
front: 0, 0, 2.5
back: 0, 0, 7.5
front back
photon_ene: 661.6 photon_theta: 0.230649 photon_phi: 4.33071
traject_len: 5
pe_len: 9.66608 cs_len: 1.58194
---
else
else
else
else
front: 0.280801, 0, 2.5
back: 0.842403, 0, 7.5
front back
photon_ene: 661.6 photon_theta: 0.120766 photon_phi: 5.89485
traject_len: 5.03144
pe_len: 0.271919 cs_len: 0.928413
---
else
else
else
else
else
else
else
else
else
else
else
else
else
else
else
else
else
front: 0, 0, 2.5
side: 0, 0, 0
front only
else
front: 0, 0.312643, 2.5
back: 0, 0.937929, 7.5
front back
photon_ene: 661.6 photon_theta: 2.87461 photon_phi: 5.8083
traject_len: 5.03895
pe_len: 2.25466 cs_len: 6.51298
---
front: 0, 0.337153, 2.5
back: 0, 1.01146, 7.5
front back
photon_ene: 661.6 photon_theta: 0.201451 photon_phi: 2.42028
traject_len: 5.04526
pe_len: 29.7745 cs_len: 0.284856
---
front: 1.9429, 0, 2.5
side: 0, 0, 0
front only
else
else
front: 0, 0, 2.5
back: 0, 0, 7.5
front back
photon_ene: 661.6 photon_theta: 2.9604 photon_phi: 0.863598
traject_len: 5
pe_len: 15.9079 cs_len: 0.107553
---
front: 1.30308, 1.1971, 2.5
side: 0, 0, 0
front only
else
front: 0, 0, 2.5
side: 0, 0, 0
front only
else
front: 0.387366, 0, 2.5
side: 0, 0, 0
front only
front: 0, 0.409066, 2.5
side: 0, 0, 0
front only
else
else
else
else
else
else
else
else
front: 0, 0, 2.5
back: 0, 0, 7.5
front back
photon_ene: 661.6 photon_theta: 2.83316 photon_phi: 1.45483
traject_len: 5
pe_len: 75.3516 cs_len: 3.56843
---
else
else
else
else
else
else
front: 1.63588, 0, 2.5
side: 0, 0, 0
front only
else
else
front: 0, 0, 2.5
side: 0, 0, 0
front only
front: 0, 0, 2.5
back: 0, 0, 7.5
front back
photon_ene: 661.6 photon_theta: 0.259597 photon_phi: 3.26717
traject_len: 5
pe_len: 22.902 cs_len: 0.333348
---
else
front: 0.107049, 0, 2.5
side: 0, 0, 0
front only
else
else
front: 0, 0, 2.5
side: 0, 0, 0
front only
front: 0, 1.86862, 2.5
side: 0, 0, 0
front only
else
else
else
else
else
else
else
front: 2.28533, 0, 2.5
side: 0, 0, 0
front only
else
else
front: 1.89111, 1.06964, 2.5
side: 0, 0, 0
front only
front: 0, 0, 2.5
side: 0, 0, 0
front only
else
else
front: 0, 1.12068, 2.5
side: 0, 0, 0
front only
else
else
else
else
else
else
else
else
else
else
front: 0.353615, 0.113147, 2.5
back: 1.06084, 0.339442, 7.5
front back
photon_ene: 661.6 photon_theta: 2.99416 photon_phi: 3.45127
traject_len: 5.05484
pe_len: 96.6913 cs_len: 0.015988
---
else
else
front: 0, 2.44798, 2.5
side: 0, 0, 0
front only
else
front: 1.67149, 0.462923, 2.5
side: 0, 0, 0
front only
else
front: 0.410225, 0, 2.5
back: 1.23068, 0, 7.5
front back
photon_ene: 661.6 photon_theta: 2.90207 photon_phi: 2.30761
traject_len: 5.06687
pe_len: 28.6497 cs_len: 1.73569
---
else
else
else
else
front: 0, 0.834835, 2.5
side: 0, 0, 0
front only
else
else
else
else
else
else
else
else
else
front: 0.237038, 0.374193, 2.5
back: 0.711115, 1.12258, 7.5
front back
photon_ene: 661.6 photon_theta: 2.96623 photon_phi: 4.14773
traject_len: 5.07788
pe_len: 45.8036 cs_len: 7.02146
---
front: 1.9079, 0.534654, 2.5
side: 0, 0, 0
front only
front: 0, 1.8773, 2.5
side: 0, 0, 0
front only
else
front: 0, 0.611126, 2.5
side: 0, 0, 0
front only
front: 0.729164, 1.26747, 2.5
side: 0, 0, 0
front only
else
front: 1.50946, 1.1128, 2.5
side: 0, 0, 0
front only
else
else
else
else
front: 1.68109, 0, 2.5
side: 0, 0, 0
front only
else
else
front: 0, 0.542308, 2.5
side: 0, 0, 0
front only
front: 1.17997, 0, 2.5
side: 0, 0, 0
front only
front: 0, 0.65305, 2.5
side: 0, 0, 0
front only
front: 0.735763, 1.20404, 2.5
side: 0, 0, 0
front only
front: 0, 0.812009, 2.5
side: 0, 0, 0
front only
else
else
else
else
else
front: 0, 0.421996, 2.5
back: 0, 1.26599, 7.5
front back
photon_ene: 661.6 photon_theta: 2.93281 photon_phi: 5.36137
traject_len: 5.07073
pe_len: 9.49828 cs_len: 2.99739
---
else
front: 0, 2.21081, 2.5
side: 0, 0, 0
front only
front: 0, 1.78166, 2.5
side: 0, 0, 0
front only
front: 0.831029, 0.77265, 2.5
side: 0, 0, 0
front only
front: 0, 0.699975, 2.5
side: 0, 0, 0
front only
else
else
else
else
front: 0.351001, 0, 2.5
back: 1.053, 0, 7.5
front back
photon_ene: 661.6 photon_theta: 0.157941 photon_phi: 5.7915
traject_len: 5.04904
pe_len: 57.3241 cs_len: 7.09892
---
else
else
else
front: 0.813418, 0, 2.5
back: 2.44025, 0, 7.5
front back
photon_ene: 661.6 photon_theta: 0.317578 photon_phi: 6.14059
traject_len: 5.258
pe_len: 6.78174 cs_len: 1.3625
---
else
front: 0.416162, 0, 2.5
side: 0, 0, 0
front only
else
front: 0, 1.1392, 2.5
side: 0, 0, 0
front only
else
front: 0.507135, 0.798153, 2.5
side: 0, 0, 0
front only
front: 0, 0.0216214, 2.5
back: 0, 0.0648641, 7.5
front back
photon_ene: 661.6 photon_theta: 0.142357 photon_phi: 3.08121
traject_len: 5.00019
pe_len: 58.4854 cs_len: 2.58154
---
else
front: 0.576846, 0.642438, 2.5
side: 0, 0, 0
front only
else
else
else
else
front: 2.0196, 0, 2.5
side: 0, 0, 0
front only
else
else
front: 0.562788, 0.876979, 2.5
side: 0, 0, 0
front only
front: 0.86611, 0, 2.5
side: 0, 0, 0
front only
front: 0.479072, 0.191388, 2.5
back: 1.43722, 0.574163, 7.5
front back
photon_ene: 661.6 photon_theta: 2.93809 photon_phi: 3.52167
traject_len: 5.10535
pe_len: 129.453 cs_len: 3.91429
---
else
else
else
else
else
front: 0, 0, 2.5
side: 0, 0, 0
front only
else
else
else
else
else
else
else
else
else
front: 0, 0, 2.5
side: 0, 0, 0
front only
front: 0, 0, 2.5
side: 0, 0, 0
front only
else
front: 0, 0, 2.5
side: 0, 0, 0
front only
else
else
else
else
else
else
else
else
front: 2.38519, 0, 2.5
side: 0, 0, 0
front only
else
front: 0, 0, 2.5
side: 0, 0, 0
front only
else
else
else
else
else
front: 0, 0.240211, 2.5
side: 0, 0, 0
front only
else
else
front: 0, 1.07661, 2.5
side: 0, 0, 0
front only
else
front: 0.426265, 0, 2.5
side: 0, 0, 0
front only
else
else
front: 0, 0, 2.5
side: 0, 0, 0
front only
front: 1.53783, 0.570911, 2.5
side: 0, 0, 0
front only
else
else
else
front: 0.372317, 0, 2.5
back: 1.11695, 0, 7.5
front back
photon_ene: 661.6 photon_theta: 2.94737 photon_phi: 2.42968
traject_len: 5.05514
pe_len: 50.5071 cs_len: 1.20702
---
front: 1.62538, 0, 2.5
side: 0, 0, 0
front only
else
front: 0, 2.02644, 2.5
side: 0, 0, 0
front only
else
else
front: 0, 0.408451, 2.5
back: 0, 1.22535, 7.5
front back
photon_ene: 661.6 photon_theta: 2.97926 photon_phi: 4.7813
traject_len: 5.06629
pe_len: 22.1369 cs_len: 5.69573
---
else
else
else
front: 0, 0, 2.5
side: 0, 0, 0
front only
else
else
else
front: 0.251528, 0, 2.5
back: 0.754585, 0, 7.5
front back
photon_ene: 661.6 photon_theta: 0.103104 photon_phi: 6.04754
traject_len: 5.02524
pe_len: 23.229 cs_len: 0.949908
---
front: 0, 0.17253, 2.5
back: 0, 0.517589, 7.5
front back
photon_ene: 661.6 photon_theta: 0.268401 photon_phi: 2.88796
traject_len: 5.01189
pe_len: 3.34044 cs_len: 1.4741
---
else
else
else
else
else
else
else
else
front: 0, 1.02777, 2.5
side: 0, 0, 0
front only
else
front: 1.25249, 0, 2.5
side: 0, 0, 0
front only
front: 0, 0, 2.5
side: 0, 0, 0
front only
else
else
else
else
front: 0, 0.0846644, 2.5
side: 0, 0, 0
front only
else
front: 0, 0.37342, 2.5
side: 0, 0, 0
front only
else
front: 0, 1.0336, 2.5
side: 0, 0, 0
front only
else
front: 0.55264, 0.332749, 2.5
back: 1.65792, 0.998248, 7.5
front back
photon_ene: 661.6 photon_theta: 0.252525 photon_phi: 0.541968
traject_len: 5.16377
pe_len: 3.6891 cs_len: 3.66189
---
else
else
else
else
else
else
else
else
else
front: 0.986303, 0, 2.5
side: 0, 0, 0
front only
else
front: 1.77681, 0.945601, 2.5
side: 0, 0, 0
front only
else
front: 0.911292, 0.367207, 2.5
side: 0, 0, 0
front only
front: 0, 0, 2.5
side: 0, 0, 0
front only
else
front: 0.764622, 0.0116487, 2.5
back: 2.29387, 0.0349462, 7.5
front back
photon_ene: 661.6 photon_theta: 2.84475 photon_phi: 3.15683
traject_len: 5.22868
pe_len: 26.1471 cs_len: 5.37268
---
else
else
else
front: 0, 1.86743, 2.5
side: 0, 0, 0
front only
else
else
front: 0, 0.785714, 2.5
side: 0, 0, 0
front only
front: 0, 0, 2.5
back: 0, 0, 7.5
front back
photon_ene: 661.6 photon_theta: 0.225562 photon_phi: 3.88213
traject_len: 5
pe_len: 3.17383 cs_len: 0.501452
---
front: 0, 0, 2.5
back: 0, 0, 7.5
front back
photon_ene: 661.6 photon_theta: 0.293607 photon_phi: 3.48777
traject_len: 5
pe_len: 8.24607 cs_len: 1.95761
---
else
front: 0, 0.719718, 2.5
side: 0, 0, 0
front only
else
else
else
else
else
else
front: 1.32559, 0, 2.5
side: 0, 0, 0
front only
front: 0.888814, 0, 2.5
side: 0, 0, 0
front only
else
else
front: 0, 2.39803, 2.5
side: 0, 0, 0
front only
else
else
else
else
front: 1.66006, 1.46735, 2.5
side: 0, 0, 0
front only
else
else
else
else
else
else
else
front: 1.34778, 0, 2.5
side: 0, 0, 0
front only
front: 0, 0, 2.5
back: 0, 0, 7.5
front back
photon_ene: 661.6 photon_theta: 0.143729 photon_phi: 4.07096
traject_len: 5
pe_len: 57.9385 cs_len: 1.29274
---
else
else
else
else
else
else
front: 0, 0.362194, 2.5
side: 0, 0, 0
front only
front: 1.28177, 0.88241, 2.5
side: 0, 0, 0
front only
else
else
else
else
front: 0, 0, 2.5
side: 0, 0, 0
front only
front: 1.13526, 0.32065, 2.5
side: 0, 0, 0
front only
front: 0.85653, 0.251819, 2.5
side: 0, 0, 0
front only
front: 0.490832, 0.403023, 2.5
back: 1.4725, 1.20907, 7.5
front back
photon_ene: 661.6 photon_theta: 2.89282 photon_phi: 3.82907
traject_len: 5.15882
pe_len: 32.2491 cs_len: 1.26964
---
else
else
else
else
else
else
else
front: 0.718496, 0, 2.5
side: 0, 0, 0
front only
else
else
front: 0, 0, 2.5
side: 0, 0, 0
front only
else
front: 0, 0.427952, 2.5
back: 0, 1.28386, 7.5
front back
photon_ene: 661.6 photon_theta: 2.90562 photon_phi: 5.49097
traject_len: 5.07273
pe_len: 14.1517 cs_len: 0.262905
---
else
else
else
else
else
else
front: 0, 0, 2.5
side: 0, 0, 0
front only
front: 0, 1.88612, 2.5
side: 0, 0, 0
front only
else
front: 0, 1.05732, 2.5
side: 0, 0, 0
front only
front: 1.133, 0, 2.5
side: 0, 0, 0
front only
else
else
else
else
else
else
front: 0, 0, 2.5
side: 0, 0, 0
front only
else
front: 0, 0, 2.5
side: 0, 0, 0
front only
else
front: 0, 1.46413, 2.5
side: 0, 0, 0
front only
front: 0, 0, 2.5
side: 0, 0, 0
front only
else
else
front: 0, 0.388237, 2.5
side: 0, 0, 0
front only
front: 1.47416, 0.376825, 2.5
side: 0, 0, 0
front only
else
front: 0, 0, 2.5
side: 0, 0, 0
front only
else
else
else
else
else
else
else
front: 1.03069, 0.928877, 2.5
side: 0, 0, 0
front only
else
front: 0.420549, 0.449967, 2.5
back: 1.26165, 1.3499, 7.5
front back
photon_ene: 661.6 photon_theta: 0.24155 photon_phi: 0.819178
traject_len: 5.1495
pe_len: 51.299 cs_len: 3.71532
---
else
front: 0, 0.263502, 2.5
back: 0, 0.790507, 7.5
front back
photon_ene: 661.6 photon_theta: 2.82339 photon_phi: 5.95748
traject_len: 5.0277
pe_len: 8.84044 cs_len: 3.72673
---
front: 0, 0.169949, 2.5
back: 0, 0.509848, 7.5
front back
photon_ene: 661.6 photon_theta: 0.216796 photon_phi: 2.82783
traject_len: 5.01154
pe_len: 58.2693 cs_len: 0.689116
---
else
else
else
front: 0.402591, 0.204025, 2.5
back: 1.20777, 0.612075, 7.5
front back
photon_ene: 661.6 photon_theta: 0.178611 photon_phi: 0.469057
traject_len: 5.08083
pe_len: 11.4549 cs_len: 0.68443
---
front: 0, 1.66619, 2.5
side: 0, 0, 0
front only
else
else
else
else
else
else
else
front: 0.146827, 0, 2.5
side: 0, 0, 0
front only
else
else
else
else
else
else
else
else
front: 0.96465, 1.17855, 2.5
side: 0, 0, 0
front only
else
front: 0.883538, 0.388475, 2.5
side: 0, 0, 0
front only
else
else
else
front: 1.18214, 0, 2.5
side: 0, 0, 0
front only
else
else
else
front: 0, 0, 2.5
side: 0, 0, 0
front only
else
else
else
front: 0.455306, 1.88112, 2.5
side: 0, 0, 0
front only
else
else
else
front: 0, 0.162322, 2.5
side: 0, 0, 0
front only
else
else
else
else
else
else
else
else
else
else
else
else
front: 0, 1.62003, 2.5
side: 0, 0, 0
front only
else
else
front: 0, 0, 2.5
side: 0, 0, 0
front only
else
front: 0.684539, 0, 2.5
back: 2.05362, 0, 7.5
front back
photon_ene: 661.6 photon_theta: 2.872 photon_phi: 3.00675
traject_len: 5.18405
pe_len: 5.48829 cs_len: 1.80664
---
else
else
front: 0, 0, 2.5
side: 0, 0, 0
front only
else
else
else
front: 0, 0.398399, 2.5
back: 0, 1.1952, 7.5
front back
photon_ene: 661.6 photon_theta: 2.95574 photon_phi: 5.2718
traject_len: 5.06309
pe_len: 76.3094 cs_len: 3.43952
---
else
else
front: 0.393595, 0.669332, 2.5
back: 1.18079, 2.008, 7.5
front back
photon_ene: 661.6 photon_theta: 0.301146 photon_phi: 1.03922
traject_len: 5.23562
pe_len: 17.3608 cs_len: 3.24138
---
else
front: 0.336038, 0.590796, 2.5
back: 1.00811, 1.77239, 7.5
front back
photon_ene: 661.6 photon_theta: 2.87614 photon_phi: 4.19524
traject_len: 5.18149
pe_len: 27.5143 cs_len: 8.15781
---
else
front: 0.321062, 0.713223, 2.5
back: 0.963187, 2.13967, 7.5
front back
photon_ene: 661.6 photon_theta: 0.303215 photon_phi: 1.14781
traject_len: 5.239
pe_len: 35.6267 cs_len: 12.8487
---
else
else
else
else
front: 0, 0.389117, 2.5
back: 0, 1.16735, 7.5
front back
photon_ene: 661.6 photon_theta: 0.157041 photon_phi: 1.75567
traject_len: 5.0602
pe_len: 35.3933 cs_len: 3.52196
---
else
else
else
else
else
front: 0, 1.47466, 2.5
side: 0, 0, 0
front only
else
else
front: 0, 1.492, 2.5
side: 0, 0, 0
front only
front: 0, 0.906321, 2.5
side: 0, 0, 0
front only
front: 0.997291, 0, 2.5
side: 0, 0, 0
front only
else
else
front: 0.59997, 0, 2.5
back: 1.79991, 0, 7.5
front back
photon_ene: 661.6 photon_theta: 0.276758 photon_phi: 5.71874
traject_len: 5.14197
pe_len: 12.2122 cs_len: 1.20275
---
else
else
else
else
else
front: 0, 0.431261, 2.5
side: 0, 0, 0
front only
front: 0.0252335, 1.03154, 2.5
side: 0, 0, 0
front only
else
else
front: 0, 1.51653, 2.5
side: 0, 0, 0
front only
front: 1.04371, 0, 2.5
side: 0, 0, 0
front only
else
else
else
front: 0.0672056, 1.30627, 2.5
side: 0, 0, 0
front only
else
else
else
else
else
else
else
else
front: 0.222007, 0, 2.5
back: 0.666022, 0, 7.5
front back
photon_ene: 661.6 photon_theta: 0.102125 photon_phi: 5.7606
traject_len: 5.01968
pe_len: 75.4537 cs_len: 12.44
---
else
front: 0, 1.46928, 2.5
side: 0, 0, 0
front only
else
front: 1.09683, 0, 2.5
side: 0, 0, 0
front only
front: 0, 0, 2.5
side: 0, 0, 0
front only
else
else
else
else
else
front: 0.393441, 0.134187, 2.5
back: 1.18032, 0.402561, 7.5
front back
photon_ene: 661.6 photon_theta: 0.16477 photon_phi: 0.328688
traject_len: 5.06865
pe_len: 37.0606 cs_len: 0.356726
---
else
else
else
front: 0.673324, 0, 2.5
back: 2.01997, 0, 7.5
front back
photon_ene: 661.6 photon_theta: 2.86564 photon_phi: 2.82759
traject_len: 5.17817
pe_len: 66.3925 cs_len: 1.63239
---
front: 0.41454, 0, 2.5
back: 1.24362, 0, 7.5
front back
photon_ene: 661.6 photon_theta: 0.312605 photon_phi: 5.25111
traject_len: 5.06827
pe_len: 51.0211 cs_len: 3.35311
---
else
front: 0, 0.940375, 2.5
side: 0, 0, 0
front only
else
else
front: 0, 0.596056, 2.5
side: 0, 0, 0
front only
front: 0, 2.30298, 2.5
side: 0, 0, 0
front only
front: 0.487, 1.58068, 2.5
side: 0, 0, 0
front only
else
front: 0.770082, 0, 2.5
back: 2.31024, 0, 7.5
front back
photon_ene: 661.6 photon_theta: 0.299379 photon_phi: 6.21964
traject_len: 5.23184
pe_len: 4.17215 cs_len: 3.22757
---
front: 0, 1.24921, 2.5
side: 0, 0, 0
front only
else
else
else
else
else
else
front: 0, 0.0987642, 2.5
back: 0, 0.296292, 7.5
front back
photon_ene: 661.6 photon_theta: 2.87935 photon_phi: 6.13547
traject_len: 5.0039
pe_len: 33.9583 cs_len: 0.420649
---
else
else
else
else
front: 0, 0.337484, 2.5
side: 0, 0, 0
front only
else
front: 0, 0, 2.5
side: 0, 0, 0
front only
else
else
else
front: 0, 0, 2.5
side: 0, 0, 0
front only
front: 1.63128, 0, 2.5
side: 0, 0, 0
front only
else
front: 0.0691483, 0, 2.5
side: 0, 0, 0
front only
else
else
else
front: 0, 0.854339, 2.5
side: 0, 0, 0
front only
else
front: 0, 0, 2.5
side: 0, 0, 0
front only
else
else
else
else
else
else
else
else
else
else
else
else
front: 0, 0, 2.5
side: 0, 0, 0
front only
else
else
else
else
else
front: 0.478741, 0, 2.5
side: 0, 0, 0
front only
else
else
else
front: 0, 0, 2.5
side: 0, 0, 0
front only
else
else
else
else
front: 1.64416, 0, 2.5
side: 0, 0, 0
front only
front: 0, 2.15871, 2.5
side: 0, 0, 0
front only
front: 0.569041, 1.43344, 2.5
side: 0, 0, 0
front only
front: 0, 0, 2.5
back: 0, 0, 7.5
front back
photon_ene: 661.6 photon_theta: 0.295529 photon_phi: 3.51016
traject_len: 5
pe_len: 5.07706 cs_len: 7.74131
---
else
else
front: 0, 1.13448, 2.5
side: 0, 0, 0
front only
else
front: 0.911853, 0, 2.5
side: 0, 0, 0
front only
else
else
else
else
front: 0, 0, 2.5
side: 0, 0, 0
front only
else
front: 0, 0, 2.5
side: 0, 0, 0
front only
else
else
else
else
else
front: 1.40571, 0.331897, 2.5
side: 0, 0, 0
front only
else
else
else
else
else
else
else
else
else
else
else
else
else
front: 0, 0, 2.5
back: 0, 0, 7.5
front back
photon_ene: 661.6 photon_theta: 2.83365 photon_phi: 0.777386
traject_len: 5
pe_len: 128.957 cs_len: 3.55043
---
else
front: 0.0701933, 0.459087, 2.5
back: 0.21058, 1.37726, 7.5
front back
photon_ene: 661.6 photon_theta: 2.95792 photon_phi: 4.56067
traject_len: 5.08554
pe_len: 5.818 cs_len: 3.04767
---
front: 0.98938, 0, 2.5
side: 0, 0, 0
front only
else
front: 0.245881, 0, 2.5
back: 0.737643, 0, 7.5
front back
photon_ene: 661.6 photon_theta: 0.291663 photon_phi: 5.04615
traject_len: 5.02412
pe_len: 14.3562 cs_len: 1.93415
---
else
else
else
front: 0, 0.209315, 2.5
side: 0, 0, 0
front only
front: 1.19638, 0, 2.5
side: 0, 0, 0
front only
else
else
front: 0.644664, 1.31646, 2.5
side: 0, 0, 0
front only
else
else
front: 0, 0, 2.5
back: 0, 0, 7.5
front back
photon_ene: 661.6 photon_theta: 0.242534 photon_phi: 3.45066
traject_len: 5
pe_len: 40.6396 cs_len: 5.33348
---
else
else
else
else
else
else
else
front: 0, 0, 2.5
back: 0, 0, 7.5
front back
photon_ene: 661.6 photon_theta: 0.162267 photon_phi: 3.36103
traject_len: 5
pe_len: 1.87077 cs_len: 5.00138
---
front: 2.13581, 0, 2.5
side: 0, 0, 0
front only
else
else
front: 0.689144, 0, 2.5
back: 2.06743, 0, 7.5
front back
photon_ene: 661.6 photon_theta: 0.309562 photon_phi: 5.75129
traject_len: 5.18649
pe_len: 72.7106 cs_len: 1.86263
---
front: 0.625568, 0.855906, 2.5
side: 0, 0, 0
front only
front: 1.48582, 0, 2.5
side: 0, 0, 0
front only
front: 0, 1.11491, 2.5
side: 0, 0, 0
front only
else
else
front: 0, 0.0225862, 2.5
back: 0, 0.0677586, 7.5
front back
photon_ene: 661.6 photon_theta: 3.1158 photon_phi: 5.92535
traject_len: 5.0002
pe_len: 22.2943 cs_len: 7.74608
---
else
else
else
front: 0, 0, 2.5
side: 0, 0, 0
front only
else
else
front: 0, 2.01684, 2.5
side: 0, 0, 0
front only
else
front: 0, 1.40067, 2.5
side: 0, 0, 0
front only
front: 0, 0, 2.5
side: 0, 0, 0
front only
else
else
else
else
front: 0, 0, 2.5
side: 0, 0, 0
front only
front: 0, 0.118726, 2.5
back: 0, 0.356177, 7.5
front back
photon_ene: 661.6 photon_theta: 2.97379 photon_phi: 5.99902
traject_len: 5.00564
pe_len: 42.8399 cs_len: 3.8251
---
else
front: 1.98464, 0.859463, 2.5
side: 0, 0, 0
front only
else
else
else
else
else
front: 1.84796, 0, 2.5
side: 0, 0, 0
front only
else
else
front: 0, 0, 2.5
side: 0, 0, 0
front only
else
else
front: 0.172037, 0.231635, 2.5
back: 0.516112, 0.694904, 7.5
front back
photon_ene: 661.6 photon_theta: 3.02669 photon_phi: 4.07357
traject_len: 5.03319
pe_len: 31.5935 cs_len: 11.5287
---
else
else
else
else
front: 0.0928442, 0, 2.5
back: 0.278533, 0, 7.5
front back
photon_ene: 661.6 photon_theta: 0.0684628 photon_phi: 5.28473
traject_len: 5.00345
pe_len: 35.8027 cs_len: 0.375104
---
front: 0, 0, 2.5
side: 0, 0, 0
front only
else
else
else
else
else
front: 0.392693, 0, 2.5
side: 0, 0, 0
front only
else
front: 1.27725, 0, 2.5
side: 0, 0, 0
front only
else
front: 0, 0, 2.5
side: 0, 0, 0
front only
else
else
else
front: 1.08079, 0, 2.5
side: 0, 0, 0
front only
else
else
front: 0, 0, 2.5
side: 0, 0, 0
front only
else
else
else
front: 0, 0.368299, 2.5
side: 0, 0, 0
front only
front: 0, 1.9293, 2.5
side: 0, 0, 0
front only
else
else
front: 1.07851, 0, 2.5
side: 0, 0, 0
front only
front: 0, 0, 2.5
side: 0, 0, 0
front only
front: 1.37159, 0, 2.5
side: 0, 0, 0
front only
front: 1.17511, 0.134545, 2.5
side: 0, 0, 0
front only
else
else
else
else
else
front: 0.698965, 0.237871, 2.5
back: 2.09689, 0.713612, 7.5
front back
photon_ene: 661.6 photon_theta: 2.85442 photon_phi: 3.46962
traject_len: 5.2135
pe_len: 11.7457 cs_len: 10.6676
---
else
front: 0.492688, 1.55995, 2.5
side: 0, 0, 0
front only
else
else
front: 1.23874, 1.91613, 2.5
side: 0, 0, 0
front only
else
front: 0.598891, 0, 2.5
side: 0, 0, 0
front only
else
else
front: 0.162368, 0, 2.5
side: 0, 0, 0
front only
else
else
else
else
front: 0, 0, 2.5
side: 0, 0, 0
front only
else
else
else
else
else
else
else
else
else
else
else
front: 0, 0.978017, 2.5
side: 0, 0, 0
front only
else
else
front: 0, 1.54992, 2.5
side: 0, 0, 0
front only
front: 0.161266, 0, 2.5
side: 0, 0, 0
front only
front: 1.3817, 0.728376, 2.5
side: 0, 0, 0
front only
else
else
else
front: 0.637119, 0.398248, 2.5
back: 1.91136, 1.19474, 7.5
front back
photon_ene: 661.6 photon_theta: 0.291951 photon_phi: 0.558653
traject_len: 5.22093
pe_len: 14.7642 cs_len: 0.491569
---
else
front: 0, 1.86722, 2.5
side: 0, 0, 0
front only
else
else
front: 0.700932, 0, 2.5
back: 2.1028, 0, 7.5
front back
photon_ene: 661.6 photon_theta: 0.310298 photon_phi: 5.77653
traject_len: 5.1928
pe_len: 40.3992 cs_len: 8.9039
---
front: 0, 1.23306, 2.5
side: 0, 0, 0
front only
else
else
front: 0, 0, 2.5
back: 0, 0, 7.5
front back
photon_ene: 661.6 photon_theta: 2.8513 photon_phi: 0.959779
traject_len: 5
pe_len: 113.979 cs_len: 10.3641
---
else
else
else
else
else
else
else
else
else
else
else
front: 0.569707, 0.740996, 2.5
side: 0, 0, 0
front only
else
else
else
else
front: 0, 0.378188, 2.5
side: 0, 0, 0
front only
else
else
front: 0.867784, 2.32788, 2.5
side: 0, 0, 0
front only
else
else
front: 1.31471, 0, 2.5
side: 0, 0, 0
front only
else
else
else
else
else
else
front: 0, 0, 2.5
side: 0, 0, 0
front only
else
else
else
else
else
front: 0.127877, 0.865786, 2.5
side: 0, 0, 0
front only
else
else
else
else
front: 0, 0.50032, 2.5
side: 0, 0, 0
front only
else
else
else
else
else
else
else
else
else
else
else
front: 0, 0, 2.5
back: 0, 0, 7.5
front back
photon_ene: 661.6 photon_theta: 3.03809 photon_phi: 0.389177
traject_len: 5
pe_len: 50.2366 cs_len: 5.14823
---
else
else
front: 0.55941, 0, 2.5
back: 1.67823, 0, 7.5
front back
photon_ene: 661.6 photon_theta: 2.89509 photon_phi: 2.66658
traject_len: 5.12365
pe_len: 68.826 cs_len: 1.90239
---
front: 0, 0, 2.5
side: 0, 0, 0
front only
else
else
else
else
front: 1.20141, 0, 2.5
side: 0, 0, 0
front only
else
front: 0, 0, 2.5
side: 0, 0, 0
front only
else
front: 2.16107, 0, 2.5
side: 0, 0, 0
front only
else
else
else
front: 0, 1.12973, 2.5
side: 0, 0, 0
front only
else
front: 0, 0, 2.5
side: 0, 0, 0
front only
front: 1.38682, 1.28155, 2.5
side: 0, 0, 0
front only
else
front: 0.819454, 0.92582, 2.5
side: 0, 0, 0
front only
else
front: 0.506477, 1.26767, 2.5
side: 0, 0, 0
front only
else
front: 1.5294, 0, 2.5
side: 0, 0, 0
front only
else
else
else
else
else
else
else
front: 1.24783, 0.639339, 2.5
side: 0, 0, 0
front only
else
else
else
else
else
front: 0, 0, 2.5
side: 0, 0, 0
front only
front: 0, 0, 2.5
side: 0, 0, 0
front only
front: 0, 0, 2.5
side: 0, 0, 0
front only
else
front: 0.00210775, 0, 2.5
back: 0.00632324, 0, 7.5
front back
photon_ene: 661.6 photon_theta: 2.88217 photon_phi: 1.57397
traject_len: 5
pe_len: 111.567 cs_len: 3.40974
---
else
else
else
front: 1.47615, 0.0817328, 2.5
side: 0, 0, 0
front only
else
else
front: 1.24295, 0, 2.5
side: 0, 0, 0
front only
else
front: 0, 0, 2.5
side: 0, 0, 0
front only
front: 0, 0, 2.5
side: 0, 0, 0
front only
else
else
front: 0, 2.36834, 2.5
side: 0, 0, 0
front only
else
else
front: 1.34446, 0, 2.5
side: 0, 0, 0
front only
else
else
else
front: 0, 1.31846, 2.5
side: 0, 0, 0
front only
front: 0, 1.38865, 2.5
side: 0, 0, 0
front only
else
else
else
else
front: 0, 0, 2.5
side: 0, 0, 0
front only
else
else
else
front: 0, 0.750243, 2.5
side: 0, 0, 0
front only
front: 0, 1.56576, 2.5
side: 0, 0, 0
front only
else
front: 0.25499, 0, 2.5
back: 0.764971, 0, 7.5
front back
photon_ene: 661.6 photon_theta: 0.22819 photon_phi: 5.16709
traject_len: 5.02594
pe_len: 14.1093 cs_len: 3.65443
---
else
else
else
else
else
front: 2.04596, 0.238274, 2.5
side: 0, 0, 0
front only
else
else
front: 0, 0, 2.5
side: 0, 0, 0
front only
else
else
else
else
else
else
else
else
front: 0, 0, 2.5
back: 0, 0, 7.5
front back
photon_ene: 661.6 photon_theta: 0.159328 photon_phi: 3.32644
traject_len: 5
pe_len: 5.6424 cs_len: 16.6182
---
else
front: 0, 0.715763, 2.5
side: 0, 0, 0
front only
else
else
else
else
else
else
else
else
else
front: 1.49398, 0, 2.5
side: 0, 0, 0
front only
else
front: 0, 0.275457, 2.5
side: 0, 0, 0
front only
else
else
front: 0, 0.840665, 2.5
side: 0, 0, 0
front only
else
else
else
else
front: 0.549221, 0, 2.5
back: 1.64766, 0, 7.5
front back
photon_ene: 661.6 photon_theta: 0.290931 photon_phi: 5.53614
traject_len: 5.11924
pe_len: 96.6078 cs_len: 5.85353
---
else
front: 0, 0.899963, 2.5
side: 0, 0, 0
front only
else
else
else
else
else
else
else
front: 0, 0.40034, 2.5
side: 0, 0, 0
front only
front: 0, 1.30637, 2.5
side: 0, 0, 0
front only
front: 0, 1.45362, 2.5
side: 0, 0, 0
front only
else
else
else
else
front: 0.51939, 0.545509, 2.5
back: 1.55817, 1.63653, 7.5
front back
photon_ene: 661.6 photon_theta: 0.292639 photon_phi: 0.80992
traject_len: 5.22201
pe_len: 32.337 cs_len: 8.23435
---
else
front: 0, 0, 2.5
back: 0, 0, 7.5
front back
photon_ene: 661.6 photon_theta: 2.92606 photon_phi: 0.934537
traject_len: 5
pe_len: 59.4819 cs_len: 0.608173
---
else
front: 0.651472, 0, 2.5
side: 0, 0, 0
front only
front: 0.829055, 0, 2.5
side: 0, 0, 0
front only
else
else
else
front: 0, 1.48397, 2.5
side: 0, 0, 0
front only
else
else
else
else
front: 0, 0.78192, 2.5
back: 0, 2.34576, 7.5
front back
photon_ene: 661.6 photon_theta: 2.82267 photon_phi: 5.03873
traject_len: 5.23885
pe_len: 0.795886 cs_len: 3.49055
---
front: 0, 1.40116, 2.5
side: 0, 0, 0
front only
else
else
else
else
else
else
else
else
else
else
else
else
else
front: 2.15159, 0.0325264, 2.5
side: 0, 0, 0
front only
else
front: 0, 0, 2.5
side: 0, 0, 0
front only
else
else
else
else
else
else
else
else
else
else
else
else
else
else
else
else
else
else
else
else
else
else
else
else
else
else
front: 2.47241, 0, 2.5
side: 0, 0, 0
front only
else
else
else
else
else
front: 0, 0.294385, 2.5
back: 0, 0.883154, 7.5
front back
photon_ene: 661.6 photon_theta: 0.202436 photon_phi: 2.53056
traject_len: 5.03455
pe_len: 55.234 cs_len: 8.61505
---
else
else
else
else
else
else
else
else
else
else
front: 0, 0.264897, 2.5
side: 0, 0, 0
front only
front: 0, 0.641821, 2.5
back: 0, 1.92546, 7.5
front back
photon_ene: 661.6 photon_theta: 0.269578 photon_phi: 1.94948
traject_len: 5.16214
pe_len: 63.5083 cs_len: 7.72376
---
front: 0, 0.697161, 2.5
back: 0, 2.09148, 7.5
front back
photon_ene: 661.6 photon_theta: 2.85628 photon_phi: 5.02755
traject_len: 5.19077
pe_len: 22.2337 cs_len: 1.73138
---
front: 1.40216, 1.49319, 2.5
side: 0, 0, 0
front only
else
else
else
else
front: 0, 1.17336, 2.5
side: 0, 0, 0
front only
front: 0, 0, 2.5
side: 0, 0, 0
front only
else
front: 0.0580416, 0.831748, 2.5
side: 0, 0, 0
front only
else
else
else
else
else
else
else
else
else
else
else
front: 0, 1.04144, 2.5
side: 0, 0, 0
front only
else
else
front: 0, 0, 2.5
side: 0, 0, 0
front only
else
front: 1.06525, 0, 2.5
side: 0, 0, 0
front only
else
front: 0.0693982, 0, 2.5
back: 0.208194, 0, 7.5
front back
photon_ene: 661.6 photon_theta: 0.0493725 photon_phi: 5.30893
traject_len: 5.00193
pe_len: 28.2178 cs_len: 5.91189
---
else
else
front: 2.25196, 0, 2.5
side: 0, 0, 0
front only
else
else
front: 1.09275, 0.804559, 2.5
side: 0, 0, 0
front only
else
else
else
else
else
front: 0, 0, 2.5
side: 0, 0, 0
front only
else
else
else
else
else
else
else
else
front: 0, 0, 2.5
side: 0, 0, 0
front only
else
else
else
else
else
front: 0, 0, 2.5
side: 0, 0, 0
front only
else
front: 0.0795683, 1.1009, 2.5
side: 0, 0, 0
front only
else
front: 0, 0, 2.5
side: 0, 0, 0
front only
else
else
front: 0.781495, 1.29766, 2.5
side: 0, 0, 0
front only
else
front: 2.11081, 0.0954157, 2.5
side: 0, 0, 0
front only
else
else
front: 0, 0.220173, 2.5
back: 0, 0.660518, 7.5
front back
photon_ene: 661.6 photon_theta: 0.30197 photon_phi: 2.85495
traject_len: 5.01935
pe_len: 11.6448 cs_len: 3.88937
---
front: 1.23088, 0, 2.5
side: 0, 0, 0
front only
else
else
else
front: 0, 0.204411, 2.5
back: 0, 0.613234, 7.5
front back
photon_ene: 661.6 photon_theta: 0.193457 photon_phi: 2.71105
traject_len: 5.01669
pe_len: 6.20141 cs_len: 0.602768
---
else
else
else
else
else
else
front: 0, 0, 2.5
side: 0, 0, 0
front only
front: 0.964776, 0.054752, 2.5
side: 0, 0, 0
front only
else
front: 2.22519, 0, 2.5
side: 0, 0, 0
front only
else
else
front: 0.187308, 0, 2.5
side: 0, 0, 0
front only
else
else
else
else
else
else
else
front: 0, 0, 2.5
side: 0, 0, 0
front only
else
front: 0, 2.09774, 2.5
side: 0, 0, 0
front only
else
else
front: 0.697664, 0.147248, 2.5
back: 2.09299, 0.441745, 7.5
front back
photon_ene: 661.6 photon_theta: 0.277837 photon_phi: 0.208006
traject_len: 5.19939
pe_len: 6.52797 cs_len: 7.87871
---
else
else
front: 0, 0, 2.5
side: 0, 0, 0
front only
front: 1.10273, 1.14401, 2.5
side: 0, 0, 0
front only
else
front: 0, 0.614709, 2.5
side: 0, 0, 0
front only
else
else
else
else
else
else
else
front: 0.201123, 0, 2.5
back: 0.60337, 0, 7.5
front back
photon_ene: 661.6 photon_theta: 0.231819 photon_phi: 5.06015
traject_len: 5.01615
pe_len: 14.8889 cs_len: 7.45567
---
else
else
else
else
else
else
else
front: 0, 0, 2.5
side: 0, 0, 0
front only
else
else
else
else
else
else
front: 2.03685, 1.16834, 2.5
side: 0, 0, 0
front only
else
else
else
front: 0, 0.0142553, 2.5
back: 0, 0.0427658, 7.5
front back
photon_ene: 661.6 photon_theta: 3.13448 photon_phi: 5.35397
traject_len: 5.00008
pe_len: 89.3798 cs_len: 1.65056
---
front: 1.59833, 0, 2.5
side: 0, 0, 0
front only
else
else
else
front: 0, 0, 2.5
side: 0, 0, 0
front only
front: 1.73858, 1.12945, 2.5
side: 0, 0, 0
front only
else
front: 0, 2.15044, 2.5
side: 0, 0, 0
front only
else
front: 1.80765, 0.767673, 2.5
side: 0, 0, 0
front only
else
front: 0, 0, 2.5
side: 0, 0, 0
front only
front: 0, 0, 2.5
side: 0, 0, 0
front only
front: 0.081928, 0.195862, 2.5
back: 0.245784, 0.587587, 7.5
front back
photon_ene: 661.6 photon_theta: 0.0847195 photon_phi: 1.17462
traject_len: 5.018
pe_len: 21.7738 cs_len: 5.54288
---
else
front: 0, 0, 2.5
side: 0, 0, 0
front only
else
else
else
else
else
else
else
front: 0, 0.415936, 2.5
side: 0, 0, 0
front only
else
front: 0, 0.112251, 2.5
back: 0, 0.336752, 7.5
front back
photon_ene: 661.6 photon_theta: 3.00307 photon_phi: 5.95529
traject_len: 5.00504
pe_len: 22.1454 cs_len: 0.435117
---
else
else
else
front: 1.2885, 0, 2.5
side: 0, 0, 0
front only
else
else
else
front: 0.246467, 1.28159, 2.5
side: 0, 0, 0
front only
else
front: 0.0151496, 0, 2.5
side: 0, 0, 0
front only
else
else
else
front: 0.151548, 1.74326, 2.5
side: 0, 0, 0
front only
else
else
else
else
else
else
front: 1.2417, 0.99991, 2.5
side: 0, 0, 0
front only
else
else
else
else
else
else
else
else
else
else
else
else
else
front: 1.14169, 0, 2.5
side: 0, 0, 0
front only
front: 0, 0.360184, 2.5
side: 0, 0, 0
front only
front: 0.0516116, 0, 2.5
side: 0, 0, 0
front only
front: 0.122575, 0, 2.5
side: 0, 0, 0
front only
front: 0, 0.381964, 2.5
side: 0, 0, 0
front only
else
else
else
else
else
else
front: 1.17497, 0, 2.5
side: 0, 0, 0
front only
front: 0, 0, 2.5
side: 0, 0, 0
front only
front: 0.0399328, 0, 2.5
side: 0, 0, 0
front only
front: 0.477584, 0, 2.5
back: 1.43275, 0, 7.5
front back
photon_ene: 661.6 photon_theta: 0.279046 photon_phi: 5.44221
traject_len: 5.09042
pe_len: 6.21061 cs_len: 1.55915
---
else
else
else
else
else
front: 0, 0, 2.5
side: 0, 0, 0
front only
else
front: 0.60314, 0, 2.5
side: 0, 0, 0
front only
else
front: 0.440765, 0, 2.5
side: 0, 0, 0
front only
front: 0, 0, 2.5
side: 0, 0, 0
front only
else
front: 0, 1.54452, 2.5
side: 0, 0, 0
front only
else
front: 0, 0, 2.5
side: 0, 0, 0
front only
else
front: 0, 0.131282, 2.5
side: 0, 0, 0
front only
else
else
front: 0, 0, 2.5
side: 0, 0, 0
front only
else
else
else
else
else
front: 0, 0, 2.5
side: 0, 0, 0
front only
front: 1.84536, 0, 2.5
side: 0, 0, 0
front only
else
else
front: 0.0292669, 0, 2.5
side: 0, 0, 0
front only
else
else
else
front: 0, 1.83387, 2.5
side: 0, 0, 0
front only
else
else
else
else
front: 0.185689, 0.845503, 2.5
side: 0, 0, 0
front only
else
else
front: 0.989403, 0, 2.5
side: 0, 0, 0
front only
front: 0, 0, 2.5
side: 0, 0, 0
front only
else
else
else
front: 0, 0, 2.5
back: 0, 0, 7.5
front back
photon_ene: 661.6 photon_theta: 3.10547 photon_phi: 1.28139
traject_len: 5
pe_len: 40.8608 cs_len: 16.101
---
else
else
else
else
front: 0, 0, 2.5
side: 0, 0, 0
front only
front: 0, 1.7856, 2.5
side: 0, 0, 0
front only
front: 0, 0, 2.5
side: 0, 0, 0
front only
else
else
else
front: 0, 0.927658, 2.5
side: 0, 0, 0
front only
else
front: 0, 1.97286, 2.5
side: 0, 0, 0
front only
else
else
else
else
front: 0, 2.01618, 2.5
side: 0, 0, 0
front only
else
else
else
front: 0, 0.00211488, 2.5
back: 0, 0.00634463, 7.5
front back
photon_ene: 661.6 photon_theta: 2.89604 photon_phi: 6.27981
traject_len: 5
pe_len: 12.5367 cs_len: 4.44589
---
else
front: 0, 0.825034, 2.5
side: 0, 0, 0
front only
else
else
front: 1.72321, 0, 2.5
side: 0, 0, 0
front only
else
else
else
front: 0, 1.43306, 2.5
side: 0, 0, 0
front only
else
front: 0.0586461, 0.333718, 2.5
back: 0.175938, 1.00115, 7.5
front back
photon_ene: 661.6 photon_theta: 3.00688 photon_phi: 4.53843
traject_len: 5.04571
pe_len: 31.6808 cs_len: 0.305055
---
else
else
else
front: 0.53023, 0.257085, 2.5
back: 1.59069, 0.771254, 7.5
front back
photon_ene: 661.6 photon_theta: 2.91011 photon_phi: 3.59305
traject_len: 5.13702
pe_len: 32.0244 cs_len: 0.592345
---
else
else
else
else
else
else
else
else
else
else
front: 0.479637, 0, 2.5
back: 1.43891, 0, 7.5
front back
photon_ene: 661.6 photon_theta: 0.208241 photon_phi: 5.85077
traject_len: 5.09119
pe_len: 69.3485 cs_len: 1.71005
---
else
else
front: 0.223569, 0.0526043, 2.5
back: 0.670706, 0.157813, 7.5
front back
photon_ene: 661.6 photon_theta: 0.0916124 photon_phi: 0.23109
traject_len: 5.02106
pe_len: 60.7459 cs_len: 2.43774
---
else
else
else
front: 0.930216, 0.853483, 2.5
side: 0, 0, 0
front only
else
else
else
else
front: 0, 1.04537, 2.5
side: 0, 0, 0
front only
else
front: 0, 1.12369, 2.5
side: 0, 0, 0
front only
else
else
front: 0.0326966, 0.0421229, 2.5
back: 0.0980897, 0.126369, 7.5
front back
photon_ene: 661.6 photon_theta: 3.12027 photon_phi: 4.05232
traject_len: 5.00114
pe_len: 14.6692 cs_len: 0.467382
---
else
else
else
else
front: 0, 0.356351, 2.5
side: 0, 0, 0
front only
else
else
else
else
else
else
else
else
front: 0, 0, 2.5
side: 0, 0, 0
front only
else
else
else
front: 1.76358, 1.3644, 2.5
side: 0, 0, 0
front only
else
else
else
front: 1.44168, 0, 2.5
side: 0, 0, 0
front only
else
front: 0.252882, 0, 2.5
back: 0.758647, 0, 7.5
front back
photon_ene: 661.6 photon_theta: 2.82986 photon_phi: 1.8901
traject_len: 5.02551
pe_len: 35.434 cs_len: 4.67884
---
else
else
else
else
else
else
else
front: 0, 2.01353, 2.5
side: 0, 0, 0
front only
else
else
else
else
else
else
else
front: 0.232919, 0, 2.5
back: 0.698756, 0, 7.5
front back
photon_ene: 661.6 photon_theta: 2.9305 photon_phi: 2.02059
traject_len: 5.02165
pe_len: 119.757 cs_len: 3.25764
---
else
else
else
else
else
else
else
else
front: 0.692666, 0, 2.5
side: 0, 0, 0
front only
front: 0, 0, 2.5
back: 0, 0, 7.5
front back
photon_ene: 661.6 photon_theta: 2.94556 photon_phi: 0.395219
traject_len: 5
pe_len: 4.46032 cs_len: 0.990926
---
else
else
else
front: 0, 0, 2.5
side: 0, 0, 0
front only
else
front: 0, 0.292157, 2.5
back: 0, 0.876472, 7.5
front back
photon_ene: 661.6 photon_theta: 2.82167 photon_phi: 5.92269
traject_len: 5.03403
pe_len: 6.07127 cs_len: 2.00037
---
else
else
else
front: 0.842637, 0.924949, 2.5
side: 0, 0, 0
front only
else
front: 1.1299, 0, 2.5
side: 0, 0, 0
front only
else
else
front: 0, 1.65362, 2.5
side: 0, 0, 0
front only
else
else
else
else
else
else
else
else
else
else
else
front: 0, 1.2777, 2.5
side: 0, 0, 0
front only
else
else
else
else
front: 1.51063, 0.819966, 2.5
side: 0, 0, 0
front only
else
else
else
else
front: 0.0851864, 0, 2.5
side: 0, 0, 0
front only
front: 0, 1.54625, 2.5
side: 0, 0, 0
front only
else
front: 0.61694, 0, 2.5
back: 1.85082, 0, 7.5
front back
photon_ene: 661.6 photon_theta: 0.2439 photon_phi: 6.15386
traject_len: 5.15
pe_len: 11.9185 cs_len: 2.49653
---
front: 0, 0, 2.5
side: 0, 0, 0
front only
else
else
front: 0, 1.61374, 2.5
side: 0, 0, 0
front only
else
else
else
else
else
else
else
front: 1.60646, 1.86412, 2.5
side: 0, 0, 0
front only
else
else
else
else
else
front: 1.63403, 0, 2.5
side: 0, 0, 0
front only
front: 1.27468, 0, 2.5
side: 0, 0, 0
front only
front: 0.623842, 0.449946, 2.5
back: 1.87152, 1.34984, 7.5
front back
photon_ene: 661.6 photon_theta: 2.84311 photon_phi: 3.76644
traject_len: 5.2313
pe_len: 24.4191 cs_len: 11.0775
---
front: 1.70223, 0, 2.5
side: 0, 0, 0
front only
front: 1.75535, 0, 2.5
side: 0, 0, 0
front only
else
front: 1.03449, 1.96627, 2.5
side: 0, 0, 0
front only
front: 0, 0, 2.5
side: 0, 0, 0
front only
else
else
else
else
else
front: 0, 0.425873, 2.5
back: 0, 1.27762, 7.5
front back
photon_ene: 661.6 photon_theta: 0.169042 photon_phi: 1.63217
traject_len: 5.07203
pe_len: 21.0163 cs_len: 0.635481
---
else
else
else
front: 0, 0, 2.5
side: 0, 0, 0
front only
else
else
else
else
front: 0.185754, 1.89841, 2.5
side: 0, 0, 0
front only
else
else
else
else
else
else
else
front: 1.87253, 0, 2.5
side: 0, 0, 0
front only
else
else
else
front: 0.477191, 0, 2.5
back: 1.43157, 0, 7.5
front back
photon_ene: 661.6 photon_theta: 0.203149 photon_phi: 5.89773
traject_len: 5.09027
pe_len: 16.5557 cs_len: 1.45291
---
else
else
else
front: 0.320392, 0, 2.5
back: 0.961176, 0, 7.5
front back
photon_ene: 661.6 photon_theta: 2.82032 photon_phi: 1.96609
traject_len: 5.04089
pe_len: 18.2803 cs_len: 0.984805
---
else
front: 0, 1.28843, 2.5
side: 0, 0, 0
front only
front: 0.933831, 0, 2.5
side: 0, 0, 0
front only
else
else
else
else
front: 0, 1.94146, 2.5
side: 0, 0, 0
front only
else
else
front: 0.0250221, 1.39487, 2.5
side: 0, 0, 0
front only
else
front: 0, 0.221742, 2.5
side: 0, 0, 0
front only
else
front: 1.35628, 0.737293, 2.5
side: 0, 0, 0
front only
else
front: 0, 0, 2.5
side: 0, 0, 0
front only
else
else
else
else
else
else
else
else
front: 0, 0, 2.5
side: 0, 0, 0
front only
else
else
else
else
else
else
front: 0.819182, 0, 2.5
side: 0, 0, 0
front only
front: 2.26767, 0, 2.5
side: 0, 0, 0
front only
front: 0, 0.0858431, 2.5
back: 0, 0.257529, 7.5
front back
photon_ene: 661.6 photon_theta: 2.9201 photon_phi: 6.1301
traject_len: 5.00295
pe_len: 6.94494 cs_len: 8.99571
---
else
else
else
else
else
else
else
else
else
else
front: 0, 0, 2.5
back: 0, 0, 7.5
front back
photon_ene: 661.6 photon_theta: 0.291667 photon_phi: 3.79828
traject_len: 5
pe_len: 12.4219 cs_len: 1.15617
---
front: 0, 0, 2.5
side: 0, 0, 0
front only
else
else
front: 1.96875, 0.629001, 2.5
side: 0, 0, 0
front only
front: 1.50535, 0, 2.5
side: 0, 0, 0
front only
front: 0, 0, 2.5
side: 0, 0, 0
front only
else
else
else
else
else
else
else
else
front: 0.907212, 0.103306, 2.5
side: 0, 0, 0
front only
front: 0.24015, 0, 2.5
back: 0.720449, 0, 7.5
front back
photon_ene: 661.6 photon_theta: 3.0298 photon_phi: 2.59769
traject_len: 5.02302
pe_len: 19.2515 cs_len: 0.361152
---
else
front: 0.145076, 0, 2.5
side: 0, 0, 0
front only
else
front: 0, 1.97767, 2.5
side: 0, 0, 0
front only
front: 0, 0, 2.5
side: 0, 0, 0
front only
else
else
else
else
else
else
else
else
front: 0.0102792, 1.56793, 2.5
side: 0, 0, 0
front only
front: 2.25643, 0, 2.5
side: 0, 0, 0
front only
else
else
else
else
else
else
else
else
else
else
else
front: 0, 0, 2.5
side: 0, 0, 0
front only
else
else
else
else
front: 0, 1.68917, 2.5
side: 0, 0, 0
front only
else
else
else
front: 1.99101, 1.40629, 2.5
side: 0, 0, 0
front only
front: 0, 2.27532, 2.5
side: 0, 0, 0
front only
front: 0, 0.639481, 2.5
back: 0, 1.91844, 7.5
front back
photon_ene: 661.6 photon_theta: 0.262036 photon_phi: 1.87619
traject_len: 5.16098
pe_len: 32.8584 cs_len: 3.12994
---
else
else
else
else
else
else
else
front: 0.913898, 0, 2.5
side: 0, 0, 0
front only
front: 0, 0.504192, 2.5
side: 0, 0, 0
front only
else
else
front: 0, 1.84, 2.5
side: 0, 0, 0
front only
else
else
front: 0, 0, 2.5
side: 0, 0, 0
front only
else
else
else
front: 0, 0, 2.5
side: 0, 0, 0
front only
else
else
else
else
else
front: 0.385451, 0, 2.5
back: 1.15635, 0, 7.5
front back
photon_ene: 661.6 photon_theta: 2.96493 photon_phi: 2.61323
traject_len: 5.05908
pe_len: 32.0975 cs_len: 1.46062
---
else
else
front: 0.349052, 0, 2.5
side: 0, 0, 0
front only
front: 0.728339, 0.454799, 2.5
side: 0, 0, 0
front only
else
else
else
else
else
front: 1.4922, 0.354531, 2.5
side: 0, 0, 0
front only
else
else
front: 0.26654, 1.18896, 2.5
side: 0, 0, 0
front only
else
front: 0, 0.529415, 2.5
side: 0, 0, 0
front only
else
else
else
front: 0, 0, 2.5
side: 0, 0, 0
front only
else
front: 1.9397, 0, 2.5
side: 0, 0, 0
front only
else
else
else
else
else
else
front: 0, 0, 2.5
side: 0, 0, 0
front only
else
front: 1.38404, 0, 2.5
side: 0, 0, 0
front only
else
else
else
else
front: 0.54353, 0, 2.5
side: 0, 0, 0
front only
else
front: 0.238706, 0, 2.5
back: 0.716118, 0, 7.5
front back
photon_ene: 661.6 photon_theta: 2.8732 photon_phi: 1.92535
traject_len: 5.02274
pe_len: 17.9334 cs_len: 7.35723
---
else
else
front: 0.752305, 0, 2.5
side: 0, 0, 0
front only
else
front: 2.02627, 0.495715, 2.5
side: 0, 0, 0
front only
front: 0, 1.40049, 2.5
side: 0, 0, 0
front only
else
front: 0, 0, 2.5
side: 0, 0, 0
front only
else
else
front: 0, 0, 2.5
side: 0, 0, 0
front only
front: 0, 0, 2.5
side: 0, 0, 0
front only
else
else
front: 0, 0, 2.5
back: 0, 0, 7.5
front back
photon_ene: 661.6 photon_theta: 2.89349 photon_phi: 1.36086
traject_len: 5
pe_len: 61.1448 cs_len: 3.03587
---
front: 0, 1.36862, 2.5
side: 0, 0, 0
front only
front: 1.30875, 0.493726, 2.5
side: 0, 0, 0
front only
else
else
front: 0, 0.743487, 2.5
side: 0, 0, 0
front only
else
else
else
else
else
else
else
else
else
else
else
else
front: 0, 1.2317, 2.5
side: 0, 0, 0
front only
front: 0, 0.38238, 2.5
side: 0, 0, 0
front only
else
front: 0.329306, 1.00165, 2.5
side: 0, 0, 0
front only
else
front: 0, 0, 2.5
side: 0, 0, 0
front only
else
else
front: 1.63228, 1.07065, 2.5
side: 0, 0, 0
front only
else
else
else
else
else
else
else
else
front: 0.23093, 0, 2.5
side: 0, 0, 0
front only
else
front: 0, 0, 2.5
side: 0, 0, 0
front only
else
front: 0, 0, 2.5
side: 0, 0, 0
front only
else
else
else
front: 0, 0, 2.5
side: 0, 0, 0
front only
else
else
else
else
else
else
else
else
front: 0, 0.507396, 2.5
side: 0, 0, 0
front only
else
front: 0, 0, 2.5
back: 0, 0, 7.5
front back
photon_ene: 661.6 photon_theta: 3.05105 photon_phi: 0.894372
traject_len: 5
pe_len: 8.30581 cs_len: 0.331169
---
else
front: 1.59965, 0, 2.5
side: 0, 0, 0
front only
else
front: 0, 2.31507, 2.5
side: 0, 0, 0
front only
front: 0.764517, 0, 2.5
side: 0, 0, 0
front only
else
front: 0, 0, 2.5
back: 0, 0, 7.5
front back
photon_ene: 661.6 photon_theta: 0.207339 photon_phi: 4.37072
traject_len: 5
pe_len: 96.5967 cs_len: 1.36067
---
else
else
front: 1.53554, 0, 2.5
side: 0, 0, 0
front only
front: 0, 0, 2.5
side: 0, 0, 0
front only
front: 0.599369, 0, 2.5
side: 0, 0, 0
front only
else
else
else
front: 1.13652, 0, 2.5
side: 0, 0, 0
front only
else
front: 0, 0, 2.5
back: 0, 0, 7.5
front back
photon_ene: 661.6 photon_theta: 0.0753508 photon_phi: 3.84534
traject_len: 5
pe_len: 18.9142 cs_len: 1.57287
---
else
else
else
front: 0.0580767, 0, 2.5
back: 0.17423, 0, 7.5
front back
photon_ene: 661.6 photon_theta: 0.0500031 photon_phi: 5.19512
traject_len: 5.00135
pe_len: 11.2471 cs_len: 1.38223
---
else
else
else
front: 1.48784, 0.0760698, 2.5
side: 0, 0, 0
front only
else
front: 0, 0, 2.5
side: 0, 0, 0
front only
else
else
front: 1.36575, 0.179885, 2.5
side: 0, 0, 0
front only
else
else
front: 0.366582, 0, 2.5
back: 1.09975, 0, 7.5
front back
photon_ene: 661.6 photon_theta: 0.151012 photon_phi: 6.01257
traject_len: 5.05347
pe_len: 1.96913 cs_len: 9.2738
---
else
else
else
else
front: 0, 1.65449, 2.5
side: 0, 0, 0
front only
else
front: 0, 1.56959, 2.5
side: 0, 0, 0
front only
front: 0, 0, 2.5
side: 0, 0, 0
front only
else
else
front: 1.68391, 0, 2.5
side: 0, 0, 0
front only
else
else
else
else
else
front: 0.0573146, 1.03509, 2.5
side: 0, 0, 0
front only
front: 0.414398, 0, 2.5
side: 0, 0, 0
front only
else
else
else
else
else
else
front: 0, 1.69724, 2.5
side: 0, 0, 0
front only
else
else
front: 0, 1.76439, 2.5
side: 0, 0, 0
front only
else
else
else
else
else
else
else
front: 1.238, 0, 2.5
side: 0, 0, 0
front only
else
else
else
front: 0, 0, 2.5
side: 0, 0, 0
front only
else
else
front: 1.33533, 0.237918, 2.5
side: 0, 0, 0
front only
front: 0, 0, 2.5
side: 0, 0, 0
front only
else
front: 1.37452, 0, 2.5
side: 0, 0, 0
front only
front: 0, 0, 2.5
side: 0, 0, 0
front only
else
else
else
else
else
else
else
else
else
front: 0, 0, 2.5
side: 0, 0, 0
front only
front: 1.38477, 1.61595, 2.5
side: 0, 0, 0
front only
else
front: 0, 0, 2.5
side: 0, 0, 0
front only
else
else
front: 0, 2.04667, 2.5
side: 0, 0, 0
front only
else
else
else
else
else
else
front: 0, 0, 2.5
side: 0, 0, 0
front only
else
front: 0, 0.805352, 2.5
side: 0, 0, 0
front only
else
else
else
front: 0.927826, 2.20723, 2.5
side: 0, 0, 0
front only
else
else
else
else
else
front: 0.45836, 0, 2.5
side: 0, 0, 0
front only
front: 0, 0.910668, 2.5
side: 0, 0, 0
front only
else
else
else
else
front: 0, 0, 2.5
side: 0, 0, 0
front only
else
else
front: 0, 1.7059, 2.5
side: 0, 0, 0
front only
else
else
else
else
else
else
front: 1.7425, 0, 2.5
side: 0, 0, 0
front only
else
else
front: 0, 0.588906, 2.5
side: 0, 0, 0
front only
else
else
front: 0.705474, 2.17058, 2.5
side: 0, 0, 0
front only
else
else
else
else
front: 0, 0.144273, 2.5
side: 0, 0, 0
front only
front: 0.191643, 0, 2.5
back: 0.574929, 0, 7.5
front back
photon_ene: 661.6 photon_theta: 2.94132 photon_phi: 1.95803
traject_len: 5.01467
pe_len: 50.6061 cs_len: 0.578547
---
front: 0, 0.740993, 2.5
side: 0, 0, 0
front only
else
front: 0, 1.41156, 2.5
side: 0, 0, 0
front only
else
else
else
front: 0, 0, 2.5
side: 0, 0, 0
front only
front: 0.721026, 0, 2.5
side: 0, 0, 0
front only
else
else
else
else
front: 0, 0.14896, 2.5
back: 0, 0.446881, 7.5
front back
photon_ene: 661.6 photon_theta: 0.156031 photon_phi: 2.75313
traject_len: 5.00887
pe_len: 60.0322 cs_len: 1.74264
---
front: 0, 2.09342, 2.5
side: 0, 0, 0
front only
else
front: 0.71597, 0, 2.5
back: 2.14791, 0, 7.5
front back
photon_ene: 661.6 photon_theta: 2.85624 photon_phi: 2.92322
traject_len: 5.20101
pe_len: 0.110519 cs_len: 4.41716
---
front: 0.757321, 0.907267, 2.5
side: 0, 0, 0
front only
else
else
else
else
else
else
front: 1.51231, 0, 2.5
side: 0, 0, 0
front only
else
else
else
front: 1.46873, 0, 2.5
side: 0, 0, 0
front only
else
else
front: 0, 0.219334, 2.5
back: 0, 0.658001, 7.5
front back
photon_ene: 661.6 photon_theta: 0.218098 photon_phi: 2.73458
traject_len: 5.01921
pe_len: 0.506277 cs_len: 4.855
---
else
else
else
else
front: 0.104124, 0, 2.5
side: 0, 0, 0
front only
else
else
front: 0, 0.900685, 2.5
side: 0, 0, 0
front only
else
else
else
else
else
else
front: 0, 0, 2.5
side: 0, 0, 0
front only
else
else
else
else
else
else
else
front: 0, 1.94263, 2.5
side: 0, 0, 0
front only
else
front: 0, 1.82505, 2.5
side: 0, 0, 0
front only
else
front: 0, 0, 2.5
side: 0, 0, 0
front only
else
else
else
front: 0, 0.563724, 2.5
side: 0, 0, 0
front only
else
else
front: 0, 0.429771, 2.5
side: 0, 0, 0
front only
front: 0, 1.35363, 2.5
side: 0, 0, 0
front only
else
else
else
else
else
else
front: 0, 0.977746, 2.5
side: 0, 0, 0
front only
front: 1.87045, 0.00315562, 2.5
side: 0, 0, 0
front only
front: 0, 0.0224585, 2.5
side: 0, 0, 0
front only
else
else
else
else
else
front: 0, 0, 2.5
back: 0, 0, 7.5
front back
photon_ene: 661.6 photon_theta: 2.85722 photon_phi: 1.05995
traject_len: 5
pe_len: 36.4628 cs_len: 5.39852
---
else
else
front: 1.12612, 0, 2.5
side: 0, 0, 0
front only
front: 0.193774, 2.3265, 2.5
side: 0, 0, 0
front only
else
else
else
else
else
else
else
else
else
else
else
front: 0.347278, 0.961782, 2.5
side: 0, 0, 0
front only
else
else
front: 0, 1.96363, 2.5
side: 0, 0, 0
front only
else
else
else
else
else
else
else
front: 0.0469435, 0, 2.5
back: 0.14083, 0, 7.5
front back
photon_ene: 661.6 photon_theta: 0.286634 photon_phi: 4.77614
traject_len: 5.00088
pe_len: 39.153 cs_len: 10.9002
---
else
else
else
front: 1.37455, 0, 2.5
side: 0, 0, 0
front only
else
front: 0, 1.3211, 2.5
side: 0, 0, 0
front only
front: 0, 0.209177, 2.5
side: 0, 0, 0
front only
front: 0.545627, 0, 2.5
back: 1.63688, 0, 7.5
front back
photon_ene: 661.6 photon_theta: 0.224239 photon_phi: 5.98861
traject_len: 5.1177
pe_len: 53.0455 cs_len: 6.65585
---
else
front: 0.334397, 1.25068, 2.5
side: 0, 0, 0
front only
else
else
front: 0, 1.48598, 2.5
side: 0, 0, 0
front only
else
else
else
front: 0.712727, 1.25927, 2.5
side: 0, 0, 0
front only
else
else
else
front: 0, 1.72739, 2.5
side: 0, 0, 0
front only
else
else
front: 0.520535, 0, 2.5
back: 1.56161, 0, 7.5
front back
photon_ene: 661.6 photon_theta: 2.91806 photon_phi: 2.72857
traject_len: 5.10723
pe_len: 19.839 cs_len: 8.05696
---
else
front: 0, 1.58107, 2.5
side: 0, 0, 0
front only
else
else
else
else
else
else
front: 0.458793, 2.39276, 2.5
side: 0, 0, 0
front only
else
front: 0, 1.76236, 2.5
side: 0, 0, 0
front only
else
else
else
else
front: 0, 0, 2.5
side: 0, 0, 0
front only
else
else
front: 0.202373, 1.9683, 2.5
side: 0, 0, 0
front only
else
else
front: 0, 1.352, 2.5
side: 0, 0, 0
front only
else
front: 0.837061, 0, 2.5
side: 0, 0, 0
front only
else
else
else
else
else
else
front: 0.980765, 0, 2.5
side: 0, 0, 0
front only
else
else
front: 0, 0, 2.5
side: 0, 0, 0
front only
else
else
else
else
else
front: 0, 1.76613, 2.5
side: 0, 0, 0
front only
front: 0, 0.87534, 2.5
side: 0, 0, 0
front only
else
front: 1.12824, 0, 2.5
side: 0, 0, 0
front only
front: 1.55208, 0.740616, 2.5
side: 0, 0, 0
front only
front: 0, 0, 2.5
side: 0, 0, 0
front only
else
else
front: 0.261338, 0, 2.5
back: 0.784013, 0, 7.5
front back
photon_ene: 661.6 photon_theta: 3.02877 photon_phi: 2.74562
traject_len: 5.02724
pe_len: 2.38098 cs_len: 8.27827
---
else
else
else
else
else
front: 1.19334, 1.23293, 2.5
side: 0, 0, 0
front only
else
else
else
else
else
front: 0.461146, 1.16734, 2.5
side: 0, 0, 0
front only
front: 0, 0.780429, 2.5
side: 0, 0, 0
front only
else
else
front: 0.250571, 0, 2.5
side: 0, 0, 0
front only
else
else
front: 0.650836, 0.158296, 2.5
back: 1.95251, 0.474889, 7.5
front back
photon_ene: 661.6 photon_theta: 2.87982 photon_phi: 3.38018
traject_len: 5.17635
pe_len: 6.57908 cs_len: 14.9465
---
front: 0, 0.0388067, 2.5
side: 0, 0, 0
front only
front: 0.934209, 1.65855, 2.5
side: 0, 0, 0
front only
front: 1.97266, 0, 2.5
side: 0, 0, 0
front only
else
else
else
else
else
else
else
else
front: 0.0818057, 1.28924, 2.5
side: 0, 0, 0
front only
else
else
else
else
else
else
else
else
else
front: 0, 0, 2.5
side: 0, 0, 0
front only
front: 0, 0, 2.5
side: 0, 0, 0
front only
else
else
else
else
else
else
else
else
else
else
front: 1.02676, 0.250746, 2.5
side: 0, 0, 0
front only
front: 0.0960523, 0, 2.5
side: 0, 0, 0
front only
else
else
else
front: 0, 0, 2.5
back: 0, 0, 7.5
front back
photon_ene: 661.6 photon_theta: 0.229904 photon_phi: 3.94519
traject_len: 5
pe_len: 22.8484 cs_len: 1.96695
---
front: 1.31395, 0.247221, 2.5
side: 0, 0, 0
front only
else
else
else
front: 0.409711, 0.61286, 2.5
back: 1.22913, 1.83858, 7.5
front back
photon_ene: 661.6 photon_theta: 0.286752 photon_phi: 0.98151
traject_len: 5.21285
pe_len: 59.7423 cs_len: 0.752159
---
else
front: 1.64369, 0, 2.5
side: 0, 0, 0
front only
else
else
else
else
front: 0, 0.768472, 2.5
back: 0, 2.30542, 7.5
front back
photon_ene: 661.6 photon_theta: 2.8383 photon_phi: 4.90122
traject_len: 5.23089
pe_len: 5.21191 cs_len: 3.66655
---
else
else
front: 0.790902, 0.090162, 2.5
back: 2.3727, 0.270486, 7.5
front back
photon_ene: 661.6 photon_theta: 2.83333 photon_phi: 3.2551
traject_len: 5.24734
pe_len: 28.8438 cs_len: 12.1494
---
else
else
else
front: 0, 0, 2.5
side: 0, 0, 0
front only
else
front: 0.925663, 0, 2.5
side: 0, 0, 0
front only
else
else
front: 0, 1.95311, 2.5
side: 0, 0, 0
front only
else
front: 1.94449, 0.365584, 2.5
side: 0, 0, 0
front only
front: 2.2034, 0, 2.5
side: 0, 0, 0
front only
front: 1.67036, 0, 2.5
side: 0, 0, 0
front only
else
else
else
else
else
front: 0, 0.427223, 2.5
side: 0, 0, 0
front only
else
else
else
else
else
else
front: 0, 0.188253, 2.5
side: 0, 0, 0
front only
else
else
else
else
front: 0.323671, 0, 2.5
back: 0.971014, 0, 7.5
front back
photon_ene: 661.6 photon_theta: 0.288885 photon_phi: 5.16313
traject_len: 5.04173
pe_len: 23.4344 cs_len: 6.59018
---
else
else
else
else
else
else
front: 0.811676, 0, 2.5
side: 0, 0, 0
front only
front: 0.896709, 0, 2.5
side: 0, 0, 0
front only
else
else
front: 0, 1.00759, 2.5
side: 0, 0, 0
front only
else
else
else
else
front: 0.924344, 0, 2.5
side: 0, 0, 0
front only
front: 0, 0, 2.5
side: 0, 0, 0
front only
else
else
else
else
else
else
else
else
else
else
else
else
else
else
else
else
else
else
front: 0, 0, 2.5
side: 0, 0, 0
front only
front: 0.474921, 1.39017, 2.5
side: 0, 0, 0
front only
front: 0, 0.559214, 2.5
side: 0, 0, 0
front only
else
else
else
front: 1.61128, 0, 2.5
side: 0, 0, 0
front only
else
else
front: 0, 0.0522141, 2.5
back: 0, 0.156642, 7.5
front back
photon_ene: 661.6 photon_theta: 3.11057 photon_phi: 5.54495
traject_len: 5.00109
pe_len: 72.8389 cs_len: 4.28326
---
else
else
front: 0.983634, 0, 2.5
side: 0, 0, 0
front only
else
else
else
else
else
else
front: 0, 0, 2.5
side: 0, 0, 0
front only
else
else
front: 2.41819, 0, 2.5
side: 0, 0, 0
front only
front: 0.296442, 0, 2.5
back: 0.889326, 0, 7.5
front back
photon_ene: 661.6 photon_theta: 0.118334 photon_phi: 6.21065
traject_len: 5.03503
pe_len: 3.25796 cs_len: 2.11321
---
else
else
else
else
else
front: 0, 0.47665, 2.5
back: 0, 1.42995, 7.5
front back
photon_ene: 661.6 photon_theta: 2.92487 photon_phi: 5.2362
traject_len: 5.09007
pe_len: 38.7459 cs_len: 0.079236
---
else
else
front: 0, 0, 2.5
side: 0, 0, 0
front only
else
else
else
else
else
front: 1.4414, 0, 2.5
side: 0, 0, 0
front only
else
else
else
else
front: 0.456168, 0, 2.5
side: 0, 0, 0
front only
front: 0.682746, 0, 2.5
side: 0, 0, 0
front only
else
else
else
front: 0.268173, 1.69555, 2.5
side: 0, 0, 0
front only
else
else
else
front: 1.11472, 0.18902, 2.5
side: 0, 0, 0
front only
else
else
else
front: 0, 0, 2.5
side: 0, 0, 0
front only
else
else
else
else
else
else
front: 0.967638, 0.999659, 2.5
side: 0, 0, 0
front only
front: 1.82552, 0, 2.5
side: 0, 0, 0
front only
else
else
front: 0.238581, 2.34225, 2.5
side: 0, 0, 0
front only
else
front: 0, 0, 2.5
side: 0, 0, 0
front only
else
else
else
else
else
else
else
else
front: 0, 0, 2.5
side: 0, 0, 0
front only
else
else
front: 0, 0, 2.5
side: 0, 0, 0
front only
else
front: 0, 0, 2.5
side: 0, 0, 0
front only
else
else
else
else
else
else
else
else
else
else
front: 0, 1.85924, 2.5
side: 0, 0, 0
front only
else
else
else
front: 0, 0, 2.5
side: 0, 0, 0
front only
else
front: 0.0440517, 0.699702, 2.5
back: 0.132155, 2.0991, 7.5
front back
photon_ene: 661.6 photon_theta: 0.273412 photon_phi: 1.50792
traject_len: 5.19289
pe_len: 3.30134 cs_len: 2.8724
---
else
else
front: 1.19939, 1.36679, 2.5
side: 0, 0, 0
front only
else
else
front: 1.26722, 0, 2.5
side: 0, 0, 0
front only
else
front: 2.09785, 0, 2.5
side: 0, 0, 0
front only
else
front: 2.31814, 0, 2.5
side: 0, 0, 0
front only
else
else
else
else
else
else
front: 0, 0, 2.5
side: 0, 0, 0
front only
else
front: 0.0076298, 0, 2.5
side: 0, 0, 0
front only
else
else
else
front: 1.80695, 0.341472, 2.5
side: 0, 0, 0
front only
else
else
else
else
front: 0.505867, 0.0898094, 2.5
back: 1.5176, 0.269428, 7.5
front back
photon_ene: 661.6 photon_theta: 2.9389 photon_phi: 3.3173
traject_len: 5.1045
pe_len: 37.5476 cs_len: 10.2818
---
front: 0, 0.995566, 2.5
side: 0, 0, 0
front only
front: 1.78003, 1.05295, 2.5
side: 0, 0, 0
front only
else
else
else
else
else
else
else
else
else
else
else
front: 0.845772, 0, 2.5
side: 0, 0, 0
front only
else
else
else
else
else
else
else
else
else
else
else
front: 0, 2.08516, 2.5
side: 0, 0, 0
front only
else
else
front: 0, 0, 2.5
side: 0, 0, 0
front only
else
else
else
else
else
else
else
else
else
front: 0.528561, 2.3852, 2.5
side: 0, 0, 0
front only
else
else
front: 0, 0.883543, 2.5
side: 0, 0, 0
front only
front: 0, 2.17063, 2.5
side: 0, 0, 0
front only
else
else
front: 0, 1.25493, 2.5
side: 0, 0, 0
front only
else
else
else
else
front: 1.0613, 1.49565, 2.5
side: 0, 0, 0
front only
else
else
else
else
front: 0, 0, 2.5
side: 0, 0, 0
front only
else
front: 0, 2.39151, 2.5
side: 0, 0, 0
front only
else
else
else
front: 0.510353, 0.714283, 2.5
side: 0, 0, 0
front only
front: 0.0139136, 0.116692, 2.5
back: 0.0417409, 0.350075, 7.5
front back
photon_ene: 661.6 photon_theta: 3.09462 photon_phi: 4.59372
traject_len: 5.00552
pe_len: 50.7247 cs_len: 0.481767
---
else
else
else
else
else
else
else
front: 0.759536, 1.7385, 2.5
side: 0, 0, 0
front only
else
else
else
else
else
else
else
else
else
else
else
else
else
front: 0, 0.244428, 2.5
side: 0, 0, 0
front only
else
front: 0.307915, 0, 2.5
side: 0, 0, 0
front only
else
else
else
else
front: 0.537576, 0, 2.5
side: 0, 0, 0
front only
else
else
else
else
front: 0.914345, 0.0872355, 2.5
side: 0, 0, 0
front only
else
else
front: 0, 0, 2.5
side: 0, 0, 0
front only
else
else
else
else
front: 1.68978, 0, 2.5
side: 0, 0, 0
front only
else
else
else
front: 0, 0, 2.5
side: 0, 0, 0
front only
else
else
front: 0, 1.11322, 2.5
side: 0, 0, 0
front only
else
else
else
front: 0.130946, 0, 2.5
back: 0.392838, 0, 7.5
front back
photon_ene: 661.6 photon_theta: 0.134681 photon_phi: 5.10928
traject_len: 5.00685
pe_len: 10.6904 cs_len: 10.4138
---
front: 0, 0.874267, 2.5
side: 0, 0, 0
front only
else
front: 0, 0, 2.5
back: 0, 0, 7.5
front back
photon_ene: 661.6 photon_theta: 0.286885 photon_phi: 4.05119
traject_len: 5
pe_len: 0.200808 cs_len: 1.40993
---
front: 0.843546, 0.683878, 2.5
side: 0, 0, 0
front only
else
else
else
else
front: 1.81772, 1.08301, 2.5
side: 0, 0, 0
front only
front: 0, 0, 2.5
side: 0, 0, 0
front only
front: 0, 0.011067, 2.5
side: 0, 0, 0
front only
else
else
front: 0, 0.694808, 2.5
back: 0, 2.08442, 7.5
front back
photon_ene: 661.6 photon_theta: 0.279421 photon_phi: 1.82198
traject_len: 5.18951
pe_len: 5.1152 cs_len: 1.44408
---
else
else
front: 0.516427, 1.90148, 2.5
side: 0, 0, 0
front only
front: 0.391621, 0, 2.5
side: 0, 0, 0
front only
else
else
else
else
front: 0, 1.98595, 2.5
side: 0, 0, 0
front only
else
else
else
front: 1.74524, 0.159503, 2.5
side: 0, 0, 0
front only
else
else
front: 0, 0, 2.5
side: 0, 0, 0
front only
front: 0.235722, 0.449214, 2.5
back: 0.707165, 1.34764, 7.5
front back
photon_ene: 661.6 photon_theta: 0.200203 photon_phi: 1.08755
traject_len: 5.1019
pe_len: 14.3027 cs_len: 0.616493
---
else
else
else
else
else
else
else
else
front: 1.00758, 0, 2.5
side: 0, 0, 0
front only
front: 0, 0.689755, 2.5
back: 0, 2.06927, 7.5
front back
photon_ene: 661.6 photon_theta: 0.274579 photon_phi: 1.77394
traject_len: 5.18681
pe_len: 163.277 cs_len: 4.16621
---
else
else
else
else
front: 0, 0, 2.5
side: 0, 0, 0
front only
else
else
else
else
else
else
front: 1.33572, 0.991538, 2.5
side: 0, 0, 0
front only
else
else
else
front: 1.52783, 0, 2.5
side: 0, 0, 0
front only
else
else
else
else
front: 2.03391, 0.455416, 2.5
side: 0, 0, 0
front only
front: 0, 0.758203, 2.5
side: 0, 0, 0
front only
else
front: 0, 0.363867, 2.5
side: 0, 0, 0
front only
front: 0.113602, 0, 2.5
back: 0.340805, 0, 7.5
front back
photon_ene: 661.6 photon_theta: 2.99467 photon_phi: 1.88288
traject_len: 5.00516
pe_len: 26.352 cs_len: 4.30798
---
else
else
else
else
front: 0, 0.886519, 2.5
side: 0, 0, 0
front only
front: 0.0389134, 0, 2.5
back: 0.11674, 0, 7.5
front back
photon_ene: 661.6 photon_theta: 0.265365 photon_phi: 4.76969
traject_len: 5.00061
pe_len: 1.81672 cs_len: 4.11193
---
front: 0, 0, 2.5
side: 0, 0, 0
front only
else
else
else
else
else
else
else
else
else
else
else
else
front: 0.543184, 0, 2.5
side: 0, 0, 0
front only
front: 0.13062, 1.14296, 2.5
side: 0, 0, 0
front only
else
else
else
front: 0.118837, 1.68892, 2.5
side: 0, 0, 0
front only
else
front: 0, 0.240348, 2.5
back: 0, 0.721045, 7.5
front back
photon_ene: 661.6 photon_theta: 0.095963 photon_phi: 1.62059
traject_len: 5.02305
pe_len: 42.6299 cs_len: 6.92674
---
front: 0, 0.240352, 2.5
side: 0, 0, 0
front only
else
front: 0.659187, 0, 2.5
side: 0, 0, 0
front only
front: 1.04109, 0, 2.5
side: 0, 0, 0
front only
else
else
else
else
else
else
else
front: 0.718182, 1.40855, 2.5
side: 0, 0, 0
front only
else
front: 1.47587, 0, 2.5
side: 0, 0, 0
front only
else
else
else
else
else
else
else
else
else
else
front: 0, 0, 2.5
side: 0, 0, 0
front only
else
else
else
else
else
front: 0, 0, 2.5
side: 0, 0, 0
front only
else
front: 0, 0, 2.5
side: 0, 0, 0
front only
else
front: 0, 0.645788, 2.5
back: 0, 1.93736, 7.5
front back
photon_ene: 661.6 photon_theta: 2.85559 photon_phi: 5.21063
traject_len: 5.16412
pe_len: 1.34694 cs_len: 1.72572
---
else
else
front: 0, 0, 2.5
side: 0, 0, 0
front only
else
else
else
else
else
else
else
front: 0, 0, 2.5
side: 0, 0, 0
front only
else
else
else
else
else
front: 0, 0, 2.5
side: 0, 0, 0
front only
else
else
else
front: 1.84493, 0, 2.5
side: 0, 0, 0
front only
else
else
front: 1.07151, 0, 2.5
side: 0, 0, 0
front only
else
else
else
else
else
else
else
else
front: 0, 0.442197, 2.5
back: 0, 1.32659, 7.5
front back
photon_ene: 661.6 photon_theta: 0.263758 photon_phi: 2.42743
traject_len: 5.07761
pe_len: 1.74584 cs_len: 1.62193
---
front: 0.523509, 0, 2.5
back: 1.57053, 0, 7.5
front back
photon_ene: 661.6 photon_theta: 2.8419 photon_phi: 2.31542
traject_len: 5.10845
pe_len: 9.14676 cs_len: 0.0184838
---
else
else
else
front: 0, 0, 2.5
back: 0, 0, 7.5
front back
photon_ene: 661.6 photon_theta: 0.164389 photon_phi: 4.58725
traject_len: 5
pe_len: 6.06765 cs_len: 1.22485
---
else
else
else
front: 0.508708, 0, 2.5
back: 1.52612, 0, 7.5
front back
photon_ene: 661.6 photon_theta: 0.235664 photon_phi: 5.72346
traject_len: 5.10246
pe_len: 5.32823 cs_len: 1.04716
---
else
else
else
front: 0, 0.203507, 2.5
side: 0, 0, 0
front only
front: 0, 0, 2.5
side: 0, 0, 0
front only
front: 1.52209, 0.849254, 2.5
side: 0, 0, 0
front only
front: 0.10604, 0, 2.5
side: 0, 0, 0
front only
front: 0, 0, 2.5
side: 0, 0, 0
front only
else
else
else
else
else
else
front: 1.32423, 0, 2.5
side: 0, 0, 0
front only
else
else
else
else
else
else
else
front: 1.09914, 0, 2.5
side: 0, 0, 0
front only
else
else
front: 1.52352, 0.293928, 2.5
side: 0, 0, 0
front only
else
else
front: 0.612444, 0, 2.5
side: 0, 0, 0
front only
else
else
front: 0, 0, 2.5
side: 0, 0, 0
front only
else
else
front: 0, 0, 2.5
back: 0, 0, 7.5
front back
photon_ene: 661.6 photon_theta: 2.84511 photon_phi: 0.814311
traject_len: 5
pe_len: 71.9905 cs_len: 3.66108
---
else
else
else
else
else
else
front: 0, 0.398345, 2.5
back: 0, 1.19504, 7.5
front back
photon_ene: 661.6 photon_theta: 2.92311 photon_phi: 5.48274
traject_len: 5.06307
pe_len: 176.945 cs_len: 9.98352
---
else
front: 0, 0.329687, 2.5
back: 0, 0.989061, 7.5
front back
photon_ene: 661.6 photon_theta: 0.13861 photon_phi: 1.90305
traject_len: 5.04329
pe_len: 68.6875 cs_len: 1.9091
---
else
front: 0, 0, 2.5
back: 0, 0, 7.5
front back
photon_ene: 661.6 photon_theta: 3.02195 photon_phi: 1.23535
traject_len: 5
pe_len: 54.6333 cs_len: 13.636
---
front: 0, 0, 2.5
side: 0, 0, 0
front only
else
else
else
else
else
front: 0.239342, 0, 2.5
back: 0.718026, 0, 7.5
front back
photon_ene: 661.6 photon_theta: 0.163901 photon_phi: 5.32974
traject_len: 5.02286
pe_len: 101.874 cs_len: 5.14657
---
else
front: 0.288987, 0, 2.5
back: 0.866961, 0, 7.5
front back
photon_ene: 661.6 photon_theta: 2.90512 photon_phi: 2.07108
traject_len: 5.03329
pe_len: 15.0094 cs_len: 1.00597
---
else
front: 2.21517, 0, 2.5
side: 0, 0, 0
front only
front: 0, 0, 2.5
side: 0, 0, 0
front only
else
else
front: 0, 0, 2.5
side: 0, 0, 0
front only
else
else
else
front: 0, 1.36187, 2.5
side: 0, 0, 0
front only
else
front: 0.264794, 1.70145, 2.5
side: 0, 0, 0
front only
else
else
else
front: 0.661008, 0, 2.5
side: 0, 0, 0
front only
else
else
else
front: 1.32, 0.334531, 2.5
side: 0, 0, 0
front only
else
else
else
else
front: 0, 0, 2.5
side: 0, 0, 0
front only
front: 0.409043, 0, 2.5
side: 0, 0, 0
front only
front: 0.804423, 0.792687, 2.5
side: 0, 0, 0
front only
else
else
else
else
else
front: 0, 0, 2.5
side: 0, 0, 0
front only
else
else
else
else
else
front: 0, 0, 2.5
side: 0, 0, 0
front only
else
else
else
else
front: 0, 0, 2.5
side: 0, 0, 0
front only
else
else
else
front: 1.97799, 0.835458, 2.5
side: 0, 0, 0
front only
else
else
else
front: 0, 0.939921, 2.5
side: 0, 0, 0
front only
front: 1.26897, 0, 2.5
side: 0, 0, 0
front only
else
front: 0.989942, 0.261437, 2.5
side: 0, 0, 0
front only
front: 0, 0.696687, 2.5
side: 0, 0, 0
front only
else
else
front: 1.93576, 0, 2.5
side: 0, 0, 0
front only
else
else
front: 1.76519, 0, 2.5
side: 0, 0, 0
front only
front: 0.417771, 0, 2.5
side: 0, 0, 0
front only
else
else
front: 0, 0.138002, 2.5
back: 0, 0.414005, 7.5
front back
photon_ene: 661.6 photon_theta: 0.185695 photon_phi: 2.84335
traject_len: 5.00761
pe_len: 9.95848 cs_len: 3.61437
---
else
front: 0, 1.27589, 2.5
side: 0, 0, 0
front only
else
front: 0, 0, 2.5
side: 0, 0, 0
front only
else
front: 0, 0.0703854, 2.5
side: 0, 0, 0
front only
else
front: 0.0544368, 1.77306, 2.5
side: 0, 0, 0
front only
front: 0, 2.06256, 2.5
side: 0, 0, 0
front only
else
front: 0, 0, 2.5
side: 0, 0, 0
front only
else
else
front: 0, 0, 2.5
side: 0, 0, 0
front only
else
else
else
front: 0, 0, 2.5
side: 0, 0, 0
front only
front: 0, 0.257532, 2.5
back: 0, 0.772596, 7.5
front back
photon_ene: 661.6 photon_theta: 3.01123 photon_phi: 5.37937
traject_len: 5.02646
pe_len: 119.826 cs_len: 3.40211
---
else
front: 0.875892, 0, 2.5
side: 0, 0, 0
front only
front: 0.460002, 0.00523051, 2.5
back: 1.38001, 0.0156915, 7.5
front back
photon_ene: 661.6 photon_theta: 0.181977 photon_phi: 0.0113701
traject_len: 5.08395
pe_len: 4.74409 cs_len: 5.2294
---
else
else
else
else
else
front: 0, 0.0117831, 2.5
back: 0, 0.0353494, 7.5
front back
photon_ene: 661.6 photon_theta: 0.167327 photon_phi: 3.11368
traject_len: 5.00006
pe_len: 37.1492 cs_len: 4.68101
---
else
else
front: 0, 0, 2.5
side: 0, 0, 0
front only
else
else
else
else
else
else
front: 0, 0.301085, 2.5
side: 0, 0, 0
front only
front: 0, 0.992493, 2.5
side: 0, 0, 0
front only
else
else
else
else
else
else
front: 0.437125, 0.872793, 2.5
side: 0, 0, 0
front only
else
front: 0, 0, 2.5
side: 0, 0, 0
front only
front: 0, 0.305101, 2.5
side: 0, 0, 0
front only
front: 1.59357, 0.528634, 2.5
side: 0, 0, 0
front only
else
front: 0, 0.804546, 2.5
back: 0, 2.41364, 7.5
front back
photon_ene: 661.6 photon_theta: 2.82243 photon_phi: 4.94154
traject_len: 5.25254
pe_len: 4.75161 cs_len: 3.63174
---
else
else
front: 0, 0, 2.5
side: 0, 0, 0
front only
else
else
else
else
front: 0, 0, 2.5
side: 0, 0, 0
front only
front: 0, 1.00978, 2.5
side: 0, 0, 0
front only
else
else
else
else
front: 0.623313, 0, 2.5
back: 1.86994, 0, 7.5
front back
photon_ene: 661.6 photon_theta: 2.84399 photon_phi: 2.51992
traject_len: 5.15306
pe_len: 12.8429 cs_len: 6.40282
---
front: 0, 0, 2.5
back: 0, 0, 7.5
front back
photon_ene: 661.6 photon_theta: 0.239039 photon_phi: 3.79114
traject_len: 5
pe_len: 27.2645 cs_len: 14.1197
---
else
else
else
else
else
front: 0, 0, 2.5
side: 0, 0, 0
front only
front: 0, 1.16857, 2.5
side: 0, 0, 0
front only
front: 2.28921, 0.124351, 2.5
side: 0, 0, 0
front only
front: 0, 0, 2.5
side: 0, 0, 0
front only
else
else
else
else
else
front: 0, 1.05546, 2.5
side: 0, 0, 0
front only
else
else
else
else
else
else
front: 1.05177, 0, 2.5
side: 0, 0, 0
front only
front: 1.42244, 0.937261, 2.5
side: 0, 0, 0
front only
else
front: 0, 0.0414043, 2.5
back: 0, 0.124213, 7.5
front back
photon_ene: 661.6 photon_theta: 3.02315 photon_phi: 6.14356
traject_len: 5.00069
pe_len: 13.8308 cs_len: 2.05578
---
else
front: 0, 1.25468, 2.5
side: 0, 0, 0
front only
else
else
else
else
else
else
front: 0.483248, 0, 2.5
side: 0, 0, 0
front only
else
else
else
else
else
else
else
else
else
front: 0.668885, 0.164191, 2.5
back: 2.00665, 0.492572, 7.5
front back
photon_ene: 661.6 photon_theta: 0.268828 photon_phi: 0.24071
traject_len: 5.18628
pe_len: 32.1624 cs_len: 14.5007
---
front: 0, 0.218769, 2.5
side: 0, 0, 0
front only
else
front: 0, 0, 2.5
side: 0, 0, 0
front only
front: 0, 0, 2.5
side: 0, 0, 0
front only
else
else
else
else
else
else
front: 0, 0, 2.5
back: 0, 0, 7.5
front back
photon_ene: 661.6 photon_theta: 0.219491 photon_phi: 4.09418
traject_len: 5
pe_len: 111.821 cs_len: 5.216
---
else
else
else
else
front: 0, 0.40064, 2.5
back: 0, 1.20192, 7.5
front back
photon_ene: 661.6 photon_theta: 0.171335 photon_phi: 1.95748
traject_len: 5.0638
pe_len: 53.0162 cs_len: 0.638917
---
front: 0, 0.602596, 2.5
back: 0, 1.80779, 7.5
front back
photon_ene: 661.6 photon_theta: 2.88908 photon_phi: 5.07721
traject_len: 5.1432
pe_len: 38.3643 cs_len: 4.1029
---
front: 0.210816, 0, 2.5
side: 0, 0, 0
front only
else
else
front: 0.431103, 1.13606, 2.5
side: 0, 0, 0
front only
else
else
front: 1.25021, 1.29614, 2.5
side: 0, 0, 0
front only
else
else
else
else
else
else
front: 0, 0.475497, 2.5
side: 0, 0, 0
front only
else
front: 2.07521, 0, 2.5
side: 0, 0, 0
front only
else
else
else
else
else
else
front: 0, 0, 2.5
back: 0, 0, 7.5
front back
photon_ene: 661.6 photon_theta: 2.85799 photon_phi: 1.22577
traject_len: 5
pe_len: 13.23 cs_len: 3.15926
---
else
front: 0.280314, 0, 2.5
side: 0, 0, 0
front only
else
else
else
else
else
front: 0, 0, 2.5
back: 0, 0, 7.5
front back
photon_ene: 661.6 photon_theta: 0.0735873 photon_phi: 4.62674
traject_len: 5
pe_len: 45.7335 cs_len: 1.30185
---
else
front: 1.57006, 0, 2.5
side: 0, 0, 0
front only
front: 0.189368, 0, 2.5
side: 0, 0, 0
front only
front: 0.249604, 0.260049, 2.5
back: 0.748811, 0.780147, 7.5
front back
photon_ene: 661.6 photon_theta: 2.9984 photon_phi: 3.94748
traject_len: 5.0517
pe_len: 43.8399 cs_len: 11.0092
---
else
else
front: 2.00965, 0, 2.5
side: 0, 0, 0
front only
else
else
else
else
front: 1.68094, 0, 2.5
side: 0, 0, 0
front only
else
else
else
else
front: 0.169726, 0.447497, 2.5
back: 0.509177, 1.34249, 7.5
front back
photon_ene: 661.6 photon_theta: 0.189152 photon_phi: 1.20828
traject_len: 5.0908
pe_len: 2.41433 cs_len: 1.25699
---
else
else
else
else
front: 0, 0.876555, 2.5
side: 0, 0, 0
front only
else
else
front: 0, 0, 2.5
back: 0, 0, 7.5
front back
photon_ene: 661.6 photon_theta: 0.116167 photon_phi: 4.60369
traject_len: 5
pe_len: 142.231 cs_len: 1.11953
---
else
else
else
else
else
front: 0, 0, 2.5
back: 0, 0, 7.5
front back
photon_ene: 661.6 photon_theta: 0.254327 photon_phi: 4.33431
traject_len: 5
pe_len: 10.9286 cs_len: 3.16783
---
else
else
else
else
else
else
else
front: 0, 0, 2.5
side: 0, 0, 0
front only
else
else
else
else
else
front: 0, 0.58747, 2.5
back: 0, 1.76241, 7.5
front back
photon_ene: 661.6 photon_theta: 0.313057 photon_phi: 2.32919
traject_len: 5.13619
pe_len: 24.5983 cs_len: 15.9168
---
else
else
front: 0, 0, 2.5
back: 0, 0, 7.5
front back
photon_ene: 661.6 photon_theta: 0.318047 photon_phi: 4.37375
traject_len: 5
pe_len: 84.8183 cs_len: 1.59267
---
else
else
else
else
front: 0, 0, 2.5
side: 0, 0, 0
front only
front: 0, 0.998913, 2.5
side: 0, 0, 0
front only
else
front: 0.341821, 0, 2.5
back: 1.02546, 0, 7.5
front back
photon_ene: 661.6 photon_theta: 2.84669 photon_phi: 2.0377
traject_len: 5.04652
pe_len: 94.6061 cs_len: 9.78653
---
front: 0, 0, 2.5
side: 0, 0, 0
front only
else
front: 0, 0, 2.5
side: 0, 0, 0
front only
front: 0, 0, 2.5
side: 0, 0, 0
front only
front: 0, 0, 2.5
side: 0, 0, 0
front only
else
else
else
else
else
else
else
front: 0, 0.593332, 2.5
back: 0, 1.78, 7.5
front back
photon_ene: 661.6 photon_theta: 0.252656 photon_phi: 1.97535
traject_len: 5.13889
pe_len: 10.27 cs_len: 7.21501
---
front: 1.33272, 1.06831, 2.5
side: 0, 0, 0
front only
else
else
front: 0.706352, 0, 2.5
side: 0, 0, 0
front only
else
front: 0, 1.46395, 2.5
side: 0, 0, 0
front only
front: 0, 2.1959, 2.5
side: 0, 0, 0
front only
else
front: 1.57372, 1.48623, 2.5
side: 0, 0, 0
front only
else
else
front: 0.265346, 0, 2.5
side: 0, 0, 0
front only
else
front: 0, 0.415497, 2.5
back: 0, 1.24649, 7.5
front back
photon_ene: 661.6 photon_theta: 2.93164 photon_phi: 5.38865
traject_len: 5.06858
pe_len: 82.8919 cs_len: 3.43351
---
else
else
else
else
else
front: 0.788224, 0.753914, 2.5
side: 0, 0, 0
front only
else
else
else
else
else
else
else
else
else
else
else
front: 0.276867, 0.0313545, 2.5
back: 0.8306, 0.0940634, 7.5
front back
photon_ene: 661.6 photon_theta: 0.110996 photon_phi: 0.112767
traject_len: 5.03096
pe_len: 43.1851 cs_len: 1.13469
---
else
else
else
else
else
else
else
else
else
else
else
else
front: 1.37793, 1.5738, 2.5
side: 0, 0, 0
front only
else
front: 1.46978, 0.0710055, 2.5
side: 0, 0, 0
front only
else
else
front: 0, 0, 2.5
side: 0, 0, 0
front only
front: 0, 0.807788, 2.5
back: 0, 2.42336, 7.5
front back
photon_ene: 661.6 photon_theta: 2.82037 photon_phi: 4.95356
traject_len: 5.25453
pe_len: 5.08736 cs_len: 6.5813
---
else
else
else
front: 0, 1.30091, 2.5
side: 0, 0, 0
front only
front: 0, 0.139949, 2.5
side: 0, 0, 0
front only
else
front: 0, 0, 2.5
side: 0, 0, 0
front only
else
else
else
else
else
else
front: 0.682116, 0, 2.5
side: 0, 0, 0
front only
else
else
else
else
else
front: 0, 0, 2.5
back: 0, 0, 7.5
front back
photon_ene: 661.6 photon_theta: 0.131407 photon_phi: 4.57828
traject_len: 5
pe_len: 46.7195 cs_len: 2.12214
---
front: 1.20845, 0.0652552, 2.5
side: 0, 0, 0
front only
else
front: 0, 0, 2.5
side: 0, 0, 0
front only
else
else
front: 0, 0.528485, 2.5
side: 0, 0, 0
front only
else
else
front: 0, 2.28022, 2.5
side: 0, 0, 0
front only
front: 0, 0, 2.5
side: 0, 0, 0
front only
front: 0, 0.113116, 2.5
side: 0, 0, 0
front only
else
else
else
else
front: 1.21968, 0.721157, 2.5
side: 0, 0, 0
front only
front: 0.189846, 0, 2.5
side: 0, 0, 0
front only
else
else
else
else
front: 0, 0, 2.5
side: 0, 0, 0
front only
else
else
else
else
else
else
else
else
front: 1.29223, 1.11885, 2.5
side: 0, 0, 0
front only
else
else
else
else
else
else
else
else
front: 0.86512, 0.578426, 2.5
side: 0, 0, 0
front only
else
front: 1.92113, 0.265648, 2.5
side: 0, 0, 0
front only
else
else
else
front: 0, 0.619727, 2.5
side: 0, 0, 0
front only
front: 0.407152, 0.578321, 2.5
back: 1.22146, 1.73496, 7.5
front back
photon_ene: 661.6 photon_theta: 2.86589 photon_phi: 4.09897
traject_len: 5.19624
pe_len: 40.9336 cs_len: 9.37066
---
else
else
else
front: 0.232785, 0.983322, 2.5
side: 0, 0, 0
front only
front: 0, 0.738878, 2.5
side: 0, 0, 0
front only
else
else
else
front: 0, 0, 2.5
side: 0, 0, 0
front only
else
else
else
else
else
else
else
else
else
else
front: 0.270079, 1.80652, 2.5
side: 0, 0, 0
front only
else
else
else
else
else
else
else
else
front: 0, 0, 2.5
side: 0, 0, 0
front only
else
front: 0.77186, 1.06906, 2.5
side: 0, 0, 0
front only
else
else
front: 0, 0.584206, 2.5
side: 0, 0, 0
front only
front: 0, 2.40891, 2.5
side: 0, 0, 0
front only
else
front: 0, 0.270687, 2.5
side: 0, 0, 0
front only
else
else
else
front: 1.58892, 0, 2.5
side: 0, 0, 0
front only
else
else
front: 0, 0.377619, 2.5
side: 0, 0, 0
front only
else
else
else
else
else
front: 0.218066, 0.646201, 2.5
back: 0.654198, 1.9386, 7.5
front back
photon_ene: 661.6 photon_theta: 0.266321 photon_phi: 1.24534
traject_len: 5.18271
pe_len: 62.8235 cs_len: 2.83381
---
else
else
else
else
front: 0.613085, 0.384559, 2.5
back: 1.83926, 1.15368, 7.5
front back
photon_ene: 661.6 photon_theta: 0.281782 photon_phi: 0.560217
traject_len: 5.20529
pe_len: 52.0921 cs_len: 0.297788
---
front: 1.65502, 0.495082, 2.5
side: 0, 0, 0
front only
else
else
else
else
else
front: 0, 0, 2.5
side: 0, 0, 0
front only
else
else
else
else
else
else
front: 1.17318, 0, 2.5
side: 0, 0, 0
front only
front: 1.22849, 0, 2.5
side: 0, 0, 0
front only
else
else
else
else
else
else
front: 0, 0, 2.5
side: 0, 0, 0
front only
front: 0, 0, 2.5
back: 0, 0, 7.5
front back
photon_ene: 661.6 photon_theta: 2.90664 photon_phi: 0.732323
traject_len: 5
pe_len: 61.3498 cs_len: 3.09359
---
else
else
else
else
else
front: 0.217519, 1.83126, 2.5
side: 0, 0, 0
front only
else
else
front: 0.387471, 0.323804, 2.5
back: 1.16241, 0.971413, 7.5
front back
photon_ene: 661.6 photon_theta: 0.199302 photon_phi: 0.696125
traject_len: 5.10097
pe_len: 45.685 cs_len: 14.1342
---
else
front: 0.182804, 0, 2.5
side: 0, 0, 0
front only
else
front: 0, 0, 2.5
side: 0, 0, 0
front only
else
front: 0, 0.394804, 2.5
side: 0, 0, 0
front only
else
else
else
front: 0, 0, 2.5
back: 0, 0, 7.5
front back
photon_ene: 661.6 photon_theta: 0.167359 photon_phi: 3.27139
traject_len: 5
pe_len: 55.4069 cs_len: 0.45924
---
else
else
else
else
else
else
else
else
front: 0, 0, 2.5
side: 0, 0, 0
front only
front: 0, 0.031742, 2.5
side: 0, 0, 0
front only
else
front: 0, 0, 2.5
side: 0, 0, 0
front only
front: 0, 1.41624, 2.5
side: 0, 0, 0
front only
else
front: 0, 0, 2.5
back: 0, 0, 7.5
front back
photon_ene: 661.6 photon_theta: 0.289278 photon_phi: 3.92171
traject_len: 5
pe_len: 2.99862 cs_len: 7.06792
---
front: 0, 0.932135, 2.5
side: 0, 0, 0
front only
front: 1.63816, 0.863255, 2.5
side: 0, 0, 0
front only
else
else
else
else
else
else
else
else
else
else
front: 1.47748, 0, 2.5
side: 0, 0, 0
front only
else
front: 1.38014, 0, 2.5
side: 0, 0, 0
front only
else
front: 0, 2.3506, 2.5
side: 0, 0, 0
front only
else
else
else
front: 0.65208, 0.235103, 2.5
back: 1.95624, 0.705308, 7.5
front back
photon_ene: 661.6 photon_theta: 0.270473 photon_phi: 0.346036
traject_len: 5.18863
pe_len: 5.84769 cs_len: 0.502574
---
else
else
else
front: 0, 1.16386, 2.5
side: 0, 0, 0
front only
front: 1.75535, 0, 2.5
side: 0, 0, 0
front only
else
else
else
else
front: 0, 0.36378, 2.5
back: 0, 1.09134, 7.5
front back
photon_ene: 661.6 photon_theta: 2.93594 photon_phi: 5.5112
traject_len: 5.05266
pe_len: 30.7955 cs_len: 3.58303
---
else
else
else
else
else
else
else
front: 0, 1.55088, 2.5
side: 0, 0, 0
front only
front: 0, 0.135968, 2.5
side: 0, 0, 0
front only
else
else
else
front: 0.126172, 0, 2.5
back: 0.378517, 0, 7.5
front back
photon_ene: 661.6 photon_theta: 3.01883 photon_phi: 1.99218
traject_len: 5.00636
pe_len: 21.4409 cs_len: 1.00326
---
else
else
front: 0, 1.90904, 2.5
side: 0, 0, 0
front only
else
front: 0.000448112, 0, 2.5
side: 0, 0, 0
front only
front: 0, 0, 2.5
side: 0, 0, 0
front only
front: 0, 0, 2.5
side: 0, 0, 0
front only
else
front: 0, 1.00705, 2.5
side: 0, 0, 0
front only
else
front: 0.379171, 0.563924, 2.5
back: 1.13751, 1.69177, 7.5
front back
photon_ene: 661.6 photon_theta: 0.265405 photon_phi: 0.978849
traject_len: 5.18142
pe_len: 33.1914 cs_len: 8.36889
---
front: 0, 0.0197027, 2.5
side: 0, 0, 0
front only
front: 0, 0.157948, 2.5
side: 0, 0, 0
front only
front: 0, 0.472661, 2.5
back: 0, 1.41798, 7.5
front back
photon_ene: 661.6 photon_theta: 2.94673 photon_phi: 5.00342
traject_len: 5.08858
pe_len: 39.2353 cs_len: 1.50512
---
else
else
else
else
front: 0, 1.34318, 2.5
side: 0, 0, 0
front only
else
front: 0, 0, 2.5
side: 0, 0, 0
front only
else
else
else
else
front: 0, 1.72665, 2.5
side: 0, 0, 0
front only
else
else
else
else
front: 1.26777, 0, 2.5
side: 0, 0, 0
front only
front: 0, 0, 2.5
back: 0, 0, 7.5
front back
photon_ene: 661.6 photon_theta: 2.97695 photon_phi: 1.04109
traject_len: 5
pe_len: 31.0333 cs_len: 1.06259
---
else
else
else
else
front: 0.148679, 0.610058, 2.5
back: 0.446037, 1.83017, 7.5
front back
photon_ene: 661.6 photon_theta: 2.89552 photon_phi: 4.47334
traject_len: 5.1553
pe_len: 23.546 cs_len: 0.322995
---
front: 0.203044, 0.100341, 2.5
back: 0.609131, 0.301023, 7.5
front back
photon_ene: 661.6 photon_theta: 3.05125 photon_phi: 3.60058
traject_len: 5.02048
pe_len: 56.6539 cs_len: 4.70629
---
else
else
else
else
else
else
else
else
else
else
front: 0, 0, 2.5
side: 0, 0, 0
front only
front: 0.941412, 2.29646, 2.5
side: 0, 0, 0
front only
else
else
else
else
else
front: 0, 0, 2.5
side: 0, 0, 0
front only
front: 0, 0, 2.5
side: 0, 0, 0
front only
else
else
else
else
else
else
else
else
front: 0.705971, 1.46697, 2.5
side: 0, 0, 0
front only
else
front: 0.37842, 2.04263, 2.5
side: 0, 0, 0
front only
else
else
front: 0, 0, 2.5
side: 0, 0, 0
front only
else
else
front: 0, 1.41474, 2.5
side: 0, 0, 0
front only
else
else
else
front: 0, 0, 2.5
back: 0, 0, 7.5
front back
photon_ene: 661.6 photon_theta: 2.95208 photon_phi: 0.906089
traject_len: 5
pe_len: 3.369 cs_len: 1.15485
---
else
front: 2.14503, 0, 2.5
side: 0, 0, 0
front only
else
else
front: 0.198342, 0.436193, 2.5
back: 0.595026, 1.30858, 7.5
front back
photon_ene: 661.6 photon_theta: 2.95222 photon_phi: 4.28562
traject_len: 5.09101
pe_len: 41.4708 cs_len: 9.90647
---
front: 0, 1.86765, 2.5
side: 0, 0, 0
front only
front: 0.0538856, 0.506003, 2.5
back: 0.161657, 1.51801, 7.5
front back
photon_ene: 661.6 photon_theta: 0.200802 photon_phi: 1.4647
traject_len: 5.10253
pe_len: 84.4132 cs_len: 9.9175
---
else
else
else
front: 1.37415, 1.07092, 2.5
side: 0, 0, 0
front only
else
else
else
front: 0, 0.151204, 2.5
back: 0, 0.453611, 7.5
front back
photon_ene: 661.6 photon_theta: 0.0710006 photon_phi: 2.12482
traject_len: 5.00914
pe_len: 0.883319 cs_len: 2.68799
---
else
else
else
else
else
else
front: 0.409922, 0.324369, 2.5
back: 1.22977, 0.973107, 7.5
front back
photon_ene: 661.6 photon_theta: 0.206124 photon_phi: 0.66941
traject_len: 5.10813
pe_len: 18.9543 cs_len: 0.490186
---
else
else
else
front: 0, 0.324442, 2.5
back: 0, 0.973327, 7.5
front back
photon_ene: 661.6 photon_theta: 2.939 photon_phi: 5.5993
traject_len: 5.04193
pe_len: 56.8184 cs_len: 1.99562
---
else
front: 0.66655, 0, 2.5
back: 1.99965, 0, 7.5
front back
photon_ene: 661.6 photon_theta: 2.8383 photon_phi: 2.5905
traject_len: 5.17466
pe_len: 36.2341 cs_len: 2.13191
---
else
else
else
else
else
else
else
else
else
else
else
else
front: 0.0116007, 0, 2.5
side: 0, 0, 0
front only
else
else
front: 0, 0, 2.5
side: 0, 0, 0
front only
else
else
else
else
front: 0.913494, 0, 2.5
side: 0, 0, 0
front only
front: 0, 0, 2.5
side: 0, 0, 0
front only
else
else
else
else
else
else
else
else
else
else
front: 0.29546, 0, 2.5
side: 0, 0, 0
front only
front: 0, 0.278581, 2.5
side: 0, 0, 0
front only
else
else
else
else
else
else
else
else
front: 1.25983, 0, 2.5
side: 0, 0, 0
front only
else
else
else
else
front: 0, 0, 2.5
side: 0, 0, 0
front only
else
front: 0, 0.670043, 2.5
back: 0, 2.01013, 7.5
front back
photon_ene: 661.6 photon_theta: 0.319875 photon_phi: 2.19896
traject_len: 5.17647
pe_len: 6.74092 cs_len: 0.745998
---
else
else
else
else
else
front: 0, 0, 2.5
side: 0, 0, 0
front only
else
else
front: 0, 0, 2.5
side: 0, 0, 0
front only
front: 0, 0, 2.5
side: 0, 0, 0
front only
else
else
front: 0, 0, 2.5
back: 0, 0, 7.5
front back
photon_ene: 661.6 photon_theta: 2.92703 photon_phi: 0.295418
traject_len: 5
pe_len: 9.97885 cs_len: 0.839485
---
front: 0.648555, 0, 2.5
back: 1.94567, 0, 7.5
front back
photon_ene: 661.6 photon_theta: 0.288532 photon_phi: 5.7758
traject_len: 5.16551
pe_len: 62.8567 cs_len: 6.91245
---
else
else
front: 0, 1.32769, 2.5
side: 0, 0, 0
front only
else
else
else
else
front: 1.3699, 1.3258, 2.5
side: 0, 0, 0
front only
else
else
else
else
else
else
else
front: 0, 2.05222, 2.5
side: 0, 0, 0
front only
front: 0, 0, 2.5
side: 0, 0, 0
front only
front: 0.979371, 0, 2.5
side: 0, 0, 0
front only
front: 0, 0, 2.5
side: 0, 0, 0
front only
else
front: 1.70892, 0.593064, 2.5
side: 0, 0, 0
front only
else
else
else
else
front: 2.01422, 0.548239, 2.5
side: 0, 0, 0
front only
front: 0.279958, 0.420073, 2.5
back: 0.839873, 1.26022, 7.5
front back
photon_ene: 661.6 photon_theta: 0.199247 photon_phi: 0.982943
traject_len: 5.10092
pe_len: 39.4138 cs_len: 4.47296
---
else
else
else
front: 0, 0.789574, 2.5
side: 0, 0, 0
front only
front: 0.814994, 0, 2.5
side: 0, 0, 0
front only
else
else
front: 1.00056, 0, 2.5
side: 0, 0, 0
front only
front: 1.3707, 0, 2.5
side: 0, 0, 0
front only
front: 1.13727, 0, 2.5
side: 0, 0, 0
front only
else
else
else
else
front: 0, 0, 2.5
side: 0, 0, 0
front only
else
front: 0.0542964, 0, 2.5
back: 0.162889, 0, 7.5
front back
photon_ene: 661.6 photon_theta: 0.0293029 photon_phi: 5.54689
traject_len: 5.00118
pe_len: 17.3935 cs_len: 14.5352
---
front: 0, 1.05312, 2.5
side: 0, 0, 0
front only
else
else
front: 0, 0, 2.5
side: 0, 0, 0
front only
else
else
else
else
else
front: 0.663613, 0, 2.5
side: 0, 0, 0
front only
else
front: 0, 0.255482, 2.5
side: 0, 0, 0
front only
else
front: 1.46159, 1.46482, 2.5
side: 0, 0, 0
front only
else
else
else
front: 0, 1.51165, 2.5
side: 0, 0, 0
front only
else
front: 0, 0, 2.5
side: 0, 0, 0
front only
else
front: 0.915069, 1.51831, 2.5
side: 0, 0, 0
front only
else
front: 0.249518, 0, 2.5
side: 0, 0, 0
front only
else
else
else
else
else
front: 1.3338, 0, 2.5
side: 0, 0, 0
front only
else
else
else
front: 0, 0.401569, 2.5
back: 0, 1.20471, 7.5
front back
photon_ene: 661.6 photon_theta: 0.306197 photon_phi: 2.60863
traject_len: 5.06409
pe_len: 21.2637 cs_len: 0.469835
---
else
front: 0, 1.56986, 2.5
side: 0, 0, 0
front only
else
else
front: 0.0769865, 0, 2.5
side: 0, 0, 0
front only
else
else
else
else
else
else
else
else
else
else
else
front: 0, 0, 2.5
side: 0, 0, 0
front only
front: 0, 0.382968, 2.5
side: 0, 0, 0
front only
else
else
else
else
else
front: 0, 0, 2.5
side: 0, 0, 0
front only
else
else
else
else
front: 0, 0, 2.5
side: 0, 0, 0
front only
else
front: 0, 0, 2.5
side: 0, 0, 0
front only
else
else
front: 0.0374693, 0, 2.5
back: 0.112408, 0, 7.5
front back
photon_ene: 661.6 photon_theta: 2.94285 photon_phi: 1.64528
traject_len: 5.00056
pe_len: 59.7642 cs_len: 1.52597
---
front: 0, 1.53421, 2.5
side: 0, 0, 0
front only
else
else
else
else
else
else
else
else
front: 1.92412, 0.317052, 2.5
side: 0, 0, 0
front only
front: 0, 0.314751, 2.5
side: 0, 0, 0
front only
else
else
else
front: 1.19613, 0, 2.5
side: 0, 0, 0
front only
else
else
else
else
else
front: 0.357913, 0, 2.5
side: 0, 0, 0
front only
front: 0.141272, 1.33291, 2.5
side: 0, 0, 0
front only
else
else
front: 0.986373, 0, 2.5
side: 0, 0, 0
front only
else
front: 0.511184, 0, 2.5
side: 0, 0, 0
front only
front: 1.32184, 0.801146, 2.5
side: 0, 0, 0
front only
front: 0.230264, 0.923946, 2.5
side: 0, 0, 0
front only
else
else
else
else
front: 0.65785, 1.565, 2.5
side: 0, 0, 0
front only
else
front: 0, 0, 2.5
side: 0, 0, 0
front only
else
else
else
front: 0.843229, 0, 2.5
side: 0, 0, 0
front only
front: 0.59163, 0, 2.5
side: 0, 0, 0
front only
else
else
front: 0, 0, 2.5
side: 0, 0, 0
front only
else
else
else
else
else
else
else
else
front: 0, 0.414716, 2.5
side: 0, 0, 0
front only
else
front: 0.112169, 1.07421, 2.5
side: 0, 0, 0
front only
else
front: 0.13845, 0, 2.5
side: 0, 0, 0
front only
front: 0, 0.774445, 2.5
side: 0, 0, 0
front only
front: 0.582056, 0, 2.5
back: 1.74617, 0, 7.5
front back
photon_ene: 661.6 photon_theta: 2.84223 photon_phi: 2.42547
traject_len: 5.13373
pe_len: 64.3579 cs_len: 0.0121743
---
else
else
front: 0, 1.08621, 2.5
side: 0, 0, 0
front only
else
front: 0, 0, 2.5
back: 0, 0, 7.5
front back
photon_ene: 661.6 photon_theta: 0.256048 photon_phi: 4.45784
traject_len: 5
pe_len: 30.2381 cs_len: 8.09543
---
else
front: 0.169037, 0, 2.5
side: 0, 0, 0
front only
else
else
else
else
else
else
else
else
front: 0, 1.74758, 2.5
side: 0, 0, 0
front only
front: 0, 2.16197, 2.5
side: 0, 0, 0
front only
else
else
else
else
front: 0.449232, 1.96777, 2.5
side: 0, 0, 0
front only
else
front: 1.52851, 1.45312, 2.5
side: 0, 0, 0
front only
else
else
else
front: 0.906098, 0, 2.5
side: 0, 0, 0
front only
else
else
else
else
else
else
else
front: 0, 0.786578, 2.5
side: 0, 0, 0
front only
else
else
else
else
else
else
else
else
else
front: 0, 1.16046, 2.5
side: 0, 0, 0
front only
else
else
else
else
else
front: 0.410838, 0, 2.5
back: 1.23252, 0, 7.5
front back
photon_ene: 661.6 photon_theta: 2.82423 photon_phi: 2.09475
traject_len: 5.06707
pe_len: 49.973 cs_len: 1.09834
---
else
front: 0, 0.885264, 2.5
side: 0, 0, 0
front only
else
else
else
front: 0, 0, 2.5
side: 0, 0, 0
front only
front: 0.166431, 1.0577, 2.5
side: 0, 0, 0
front only
front: 1.98889, 0.362139, 2.5
side: 0, 0, 0
front only
else
front: 1.58772, 0, 2.5
side: 0, 0, 0
front only
else
else
else
else
else
front: 1.86516, 0, 2.5
side: 0, 0, 0
front only
else
front: 0.296273, 0.479498, 2.5
back: 0.888819, 1.43849, 7.5
front back
photon_ene: 661.6 photon_theta: 0.22175 photon_phi: 1.01733
traject_len: 5.1255
pe_len: 35.1535 cs_len: 0.317223
---
front: 0, 0, 2.5
side: 0, 0, 0
front only
else
else
front: 0.44348, 0, 2.5
back: 1.33044, 0, 7.5
front back
photon_ene: 661.6 photon_theta: 0.30907 photon_phi: 5.30143
traject_len: 5.07806
pe_len: 60.268 cs_len: 6.58586
---
else
front: 0, 0.645606, 2.5
side: 0, 0, 0
front only
else
front: 0, 0, 2.5
back: 0, 0, 7.5
front back
photon_ene: 661.6 photon_theta: 0.2788 photon_phi: 3.23678
traject_len: 5
pe_len: 0.299829 cs_len: 6.05285
---
else
else
else
else
else
else
front: 1.49369, 0.373695, 2.5
side: 0, 0, 0
front only
front: 0, 1.78187, 2.5
side: 0, 0, 0
front only
front: 0, 0.881381, 2.5
side: 0, 0, 0
front only
front: 0.812547, 0, 2.5
side: 0, 0, 0
front only
front: 0, 0.30359, 2.5
side: 0, 0, 0
front only
front: 0, 0.553493, 2.5
back: 0, 1.66048, 7.5
front back
photon_ene: 661.6 photon_theta: 2.90112 photon_phi: 5.15679
traject_len: 5.12108
pe_len: 20.6224 cs_len: 4.84896
---
else
else
else
front: 0, 0, 2.5
side: 0, 0, 0
front only
front: 0.0698043, 0.280261, 2.5
back: 0.209413, 0.840783, 7.5
front back
photon_ene: 661.6 photon_theta: 3.02657 photon_phi: 4.46829
traject_len: 5.03326
pe_len: 6.68755 cs_len: 0.379064
---
else
else
else
front: 1.1497, 0.161522, 2.5
side: 0, 0, 0
front only
else
front: 0, 0, 2.5
back: 0, 0, 7.5
front back
photon_ene: 661.6 photon_theta: 2.90654 photon_phi: 0.460634
traject_len: 5
pe_len: 29.9632 cs_len: 0.12278
---
else
else
else
front: 1.62088, 1.02388, 2.5
side: 0, 0, 0
front only
else
else
else
else
front: 0, 0, 2.5
side: 0, 0, 0
front only
else
else
front: 0.63479, 1.44005, 2.5
side: 0, 0, 0
front only
front: 0.142097, 0.74632, 2.5
back: 0.426291, 2.23896, 7.5
front back
photon_ene: 661.6 photon_theta: 0.295022 photon_phi: 1.38265
traject_len: 5.22578
pe_len: 17.5884 cs_len: 1.02
---
front: 0.367948, 0, 2.5
side: 0, 0, 0
front only
else
else
front: 0.556791, 0, 2.5
side: 0, 0, 0
front only
else
else
front: 0.331689, 0.653131, 2.5
back: 0.995067, 1.95939, 7.5
front back
photon_ene: 661.6 photon_theta: 2.85656 photon_phi: 4.24249
traject_len: 5.21022
pe_len: 46.5769 cs_len: 4.5838
---
else
else
front: 1.21261, 0, 2.5
side: 0, 0, 0
front only
front: 0.0362447, 0, 2.5
back: 0.108734, 0, 7.5
front back
photon_ene: 661.6 photon_theta: 2.88268 photon_phi: 1.62556
traject_len: 5.00053
pe_len: 65.603 cs_len: 1.70467
---
else
else
else
else
front: 0, 0, 2.5
side: 0, 0, 0
front only
else
front: 1.76645, 0, 2.5
side: 0, 0, 0
front only
front: 1.20653, 0, 2.5
side: 0, 0, 0
front only
else
else
front: 0, 0.157268, 2.5
back: 0, 0.471805, 7.5
front back
photon_ene: 661.6 photon_theta: 0.25737 photon_phi: 2.90025
traject_len: 5.00988
pe_len: 55.7516 cs_len: 0.996222
---
else
else
front: 0, 0, 2.5
side: 0, 0, 0
front only
else
else
else
else
front: 0, 0, 2.5
side: 0, 0, 0
front only
front: 1.48576, 1.35375, 2.5
side: 0, 0, 0
front only
front: 0, 0, 2.5
side: 0, 0, 0
front only
else
else
front: 0.939399, 1.40141, 2.5
side: 0, 0, 0
front only
else
front: 2.30185, 0.882399, 2.5
side: 0, 0, 0
front only
else
front: 0.00688842, 0, 2.5
side: 0, 0, 0
front only
else
else
front: 0, 0, 2.5
back: 0, 0, 7.5
front back
photon_ene: 661.6 photon_theta: 2.83571 photon_phi: 0.013333
traject_len: 5
pe_len: 0.268697 cs_len: 16.8931
---
else
else
else
front: 0.438682, 1.73146, 2.5
side: 0, 0, 0
front only
else
front: 0, 1.6331, 2.5
side: 0, 0, 0
front only
front: 0, 0, 2.5
side: 0, 0, 0
front only
front: 0.0150654, 0.76305, 2.5
back: 0.0451962, 2.28915, 7.5
front back
photon_ene: 661.6 photon_theta: 0.296293 photon_phi: 1.55106
traject_len: 5.2278
pe_len: 23.4771 cs_len: 0.837875
---
else
else
else
front: 0, 2.31784, 2.5
side: 0, 0, 0
front only
else
else
front: 0.37289, 0, 2.5
side: 0, 0, 0
front only
else
front: 1.60814, 1.30429, 2.5
side: 0, 0, 0
front only
else
else
else
else
front: 1.67884, 0, 2.5
side: 0, 0, 0
front only
front: 0.00708747, 0, 2.5
back: 0.0212624, 0, 7.5
front back
photon_ene: 661.6 photon_theta: 0.0149614 photon_phi: 4.90301
traject_len: 5.00002
pe_len: 5.93721 cs_len: 0.0984937
---
else
else
front: 0, 0.592062, 2.5
side: 0, 0, 0
front only
else
front: 0.392874, 0, 2.5
side: 0, 0, 0
front only
else
front: 0.478207, 0, 2.5
side: 0, 0, 0
front only
front: 0.321864, 0, 2.5
back: 0.965593, 0, 7.5
front back
photon_ene: 661.6 photon_theta: 2.95391 photon_phi: 2.31571
traject_len: 5.04127
pe_len: 23.0651 cs_len: 3.29449
---
else
front: 0, 0, 2.5
side: 0, 0, 0
front only
else
front: 0.344868, 0.751918, 2.5
back: 1.0346, 2.25575, 7.5
front back
photon_ene: 661.6 photon_theta: 0.319553 photon_phi: 1.14077
traject_len: 5.26662
pe_len: 92.8448 cs_len: 7.53255
---
else
else
else
else
else
else
else
else
else
front: 0.859072, 0.0887717, 2.5
side: 0, 0, 0
front only
else
front: 0, 0, 2.5
side: 0, 0, 0
front only
front: 0, 0.198882, 2.5
side: 0, 0, 0
front only
front: 1.16216, 1.40085, 2.5
side: 0, 0, 0
front only
front: 0.785039, 0, 2.5
side: 0, 0, 0
front only
else
front: 0, 0, 2.5
side: 0, 0, 0
front only
else
front: 0.220111, 0, 2.5
back: 0.660333, 0, 7.5
front back
photon_ene: 661.6 photon_theta: 0.0915485 photon_phi: 5.99597
traject_len: 5.01934
pe_len: 81.4816 cs_len: 0.647324
---
else
else
else
front: 1.3551, 0.198978, 2.5
side: 0, 0, 0
front only
else
else
else
front: 1.35892, 1.30832, 2.5
side: 0, 0, 0
front only
else
else
front: 0, 0, 2.5
side: 0, 0, 0
front only
else
else
else
else
else
else
else
else
else
front: 0, 0.421366, 2.5
side: 0, 0, 0
front only
else
else
front: 0, 0, 2.5
side: 0, 0, 0
front only
else
front: 0, 0.169448, 2.5
back: 0, 0.508344, 7.5
front back
photon_ene: 661.6 photon_theta: 3.00586 photon_phi: 5.76388
traject_len: 5.01147
pe_len: 43.6965 cs_len: 1.72802
---
else
else
front: 0.707057, 0.884573, 2.5
side: 0, 0, 0
front only
else
else
else
front: 1.46207, 1.66523, 2.5
side: 0, 0, 0
front only
else
else
else
else
front: 1.18966, 0, 2.5
side: 0, 0, 0
front only
else
else
front: 0, 0, 2.5
side: 0, 0, 0
front only
front: 0, 0.510583, 2.5
back: 0, 1.53175, 7.5
front back
photon_ene: 661.6 photon_theta: 0.204118 photon_phi: 1.7345
traject_len: 5.10321
pe_len: 16.8288 cs_len: 11.7203
---
else
else
else
front: 0.890429, 0, 2.5
side: 0, 0, 0
front only
else
else
else
else
front: 0, 0, 2.5
side: 0, 0, 0
front only
front: 0, 1.85934, 2.5
side: 0, 0, 0
front only
else
else
else
else
else
else
else
else
else
else
else
else
else
else
front: 0, 0, 2.5
side: 0, 0, 0
front only
else
else
else
else
else
else
front: 0, 0.207969, 2.5
back: 0, 0.623907, 7.5
front back
photon_ene: 661.6 photon_theta: 3.05516 photon_phi: 4.99591
traject_len: 5.01727
pe_len: 43.4069 cs_len: 3.30497
---
else
else
else
else
else
else
else
else
front: 0, 0.906371, 2.5
side: 0, 0, 0
front only
else
else
else
front: 1.43046, 0.49965, 2.5
side: 0, 0, 0
front only
front: 0, 0.111038, 2.5
side: 0, 0, 0
front only
front: 0, 0.640554, 2.5
side: 0, 0, 0
front only
else
else
else
front: 1.25172, 1.11964, 2.5
side: 0, 0, 0
front only
else
front: 0.797813, 2.00174, 2.5
side: 0, 0, 0
front only
else
front: 0, 0.261768, 2.5
back: 0, 0.785303, 7.5
front back
photon_ene: 661.6 photon_theta: 0.108594 photon_phi: 1.85309
traject_len: 5.02733
pe_len: 14.0515 cs_len: 6.36461
---
else
else
else
else
front: 0.79587, 0, 2.5
side: 0, 0, 0
front only
else
front: 1.21029, 0, 2.5
side: 0, 0, 0
front only
else
front: 0, 0.477628, 2.5
side: 0, 0, 0
front only
else
front: 1.02057, 0.469122, 2.5
side: 0, 0, 0
front only
else
else
else
front: 0.12634, 0, 2.5
side: 0, 0, 0
front only
else
else
else
else
else
else
else
else
else
front: 1.66556, 1.64454, 2.5
side: 0, 0, 0
front only
else
else
front: 0, 0, 2.5
side: 0, 0, 0
front only
else
else
else
front: 0, 0.258361, 2.5
side: 0, 0, 0
front only
else
front: 0.503196, 0.0391031, 2.5
back: 1.50959, 0.117309, 7.5
front back
photon_ene: 661.6 photon_theta: 0.199207 photon_phi: 0.0775536
traject_len: 5.10088
pe_len: 8.25933 cs_len: 1.07929
---
else
front: 0.17722, 1.37471, 2.5
side: 0, 0, 0
front only
else
else
else
else
front: 0, 0, 2.5
side: 0, 0, 0
front only
else
front: 1.72262, 0, 2.5
side: 0, 0, 0
front only
front: 0, 1.86996, 2.5
side: 0, 0, 0
front only
else
else
else
else
else
front: 1.32066, 1.21417, 2.5
side: 0, 0, 0
front only
else
else
else
else
else
else
front: 0, 0.6662, 2.5
side: 0, 0, 0
front only
else
front: 1.39511, 0.973628, 2.5
side: 0, 0, 0
front only
else
else
front: 0, 0, 2.5
side: 0, 0, 0
front only
else
else
front: 0, 0, 2.5
side: 0, 0, 0
front only
else
else
else
else
else
else
else
else
else
else
else
front: 1.63473, 1.43044, 2.5
side: 0, 0, 0
front only
else
front: 0, 0, 2.5
side: 0, 0, 0
front only
else
else
else
else
front: 1.40907, 1.6004, 2.5
side: 0, 0, 0
front only
front: 0, 0, 2.5
back: 0, 0, 7.5
front back
photon_ene: 661.6 photon_theta: 2.85567 photon_phi: 0.218134
traject_len: 5
pe_len: 78.4443 cs_len: 1.4402
---
else
else
else
else
else
else
else
front: 1.33164, 1.97218, 2.5
side: 0, 0, 0
front only
front: 1.09281, 0, 2.5
side: 0, 0, 0
front only
front: 0, 1.56963, 2.5
side: 0, 0, 0
front only
else
front: 0.204211, 1.14305, 2.5
side: 0, 0, 0
front only
else
else
else
front: 0.314989, 0, 2.5
side: 0, 0, 0
front only
front: 0.200514, 0.770742, 2.5
back: 0.601542, 2.31223, 7.5
front back
photon_ene: 661.6 photon_theta: 2.8332 photon_phi: 4.45787
traject_len: 5.24757
pe_len: 18.8513 cs_len: 1.23996
---
front: 1.12162, 0, 2.5
side: 0, 0, 0
front only
else
front: 0.611275, 0, 2.5
side: 0, 0, 0
front only
else
else
front: 0, 0.707406, 2.5
side: 0, 0, 0
front only
else
else
front: 0.39661, 0, 2.5
side: 0, 0, 0
front only
else
else
else
front: 0, 1.85011, 2.5
side: 0, 0, 0
front only
else
front: 0, 0, 2.5
side: 0, 0, 0
front only
front: 0, 0.161385, 2.5
back: 0, 0.484156, 7.5
front back
photon_ene: 661.6 photon_theta: 2.94965 photon_phi: 5.94457
traject_len: 5.01041
pe_len: 22.3097 cs_len: 6.14857
---
else
else
else
front: 1.36021, 0, 2.5
side: 0, 0, 0
front only
else
front: 1.34594, 0, 2.5
side: 0, 0, 0
front only
front: 0, 1.23467, 2.5
side: 0, 0, 0
front only
else
else
else
else
else
front: 0, 0.386355, 2.5
side: 0, 0, 0
front only
front: 0.364095, 0.487795, 2.5
back: 1.09229, 1.46338, 7.5
front back
photon_ene: 661.6 photon_theta: 0.238831 photon_phi: 0.929596
traject_len: 5.14607
pe_len: 27.3937 cs_len: 0.241212
---
front: 0.0232018, 0.0562133, 2.5
back: 0.0696054, 0.16864, 7.5
front back
photon_ene: 661.6 photon_theta: 0.0243205 photon_phi: 1.17935
traject_len: 5.00148
pe_len: 4.31813 cs_len: 18.7889
---
front: 0, 0.795457, 2.5
side: 0, 0, 0
front only
else
else
front: 0, 0.467874, 2.5
side: 0, 0, 0
front only
else
else
front: 2.34283, 0.353877, 2.5
side: 0, 0, 0
front only
else
else
else
front: 1.95133, 0.880415, 2.5
side: 0, 0, 0
front only
else
front: 2.09233, 0.395162, 2.5
side: 0, 0, 0
front only
else
front: 0, 0.435621, 2.5
back: 0, 1.30686, 7.5
front back
photon_ene: 661.6 photon_theta: 2.92161 photon_phi: 5.38968
traject_len: 5.07534
pe_len: 20.4231 cs_len: 6.01428
---
else
front: 0, 0.739866, 2.5
back: 0, 2.2196, 7.5
front back
photon_ene: 661.6 photon_theta: 2.82715 photon_phi: 5.14003
traject_len: 5.21437
pe_len: 22.6105 cs_len: 6.31428
---
else
else
front: 1.34595, 0, 2.5
side: 0, 0, 0
front only
front: 0, 0.581259, 2.5
back: 0, 1.74378, 7.5
front back
photon_ene: 661.6 photon_theta: 0.263034 photon_phi: 2.09952
traject_len: 5.13337
pe_len: 16.4208 cs_len: 9.40083
---
else
else
else
front: 0, 0, 2.5
back: 0, 0, 7.5
front back
photon_ene: 661.6 photon_theta: 2.91595 photon_phi: 0.88692
traject_len: 5
pe_len: 2.49396 cs_len: 13.0268
---
else
else
else
else
else
else
else
front: 0.0116351, 0, 2.5
back: 0.0349052, 0, 7.5
front back
photon_ene: 661.6 photon_theta: 2.87016 photon_phi: 1.58752
traject_len: 5.00005
pe_len: 2.72215 cs_len: 3.14596
---
else
front: 0.324494, 0, 2.5
back: 0.973482, 0, 7.5
front back
photon_ene: 661.6 photon_theta: 3.00249 photon_phi: 2.75737
traject_len: 5.04194
pe_len: 17.9808 cs_len: 0.608595
---
else
front: 1.83651, 1.28025, 2.5
side: 0, 0, 0
front only
front: 0.533122, 0.375724, 2.5
back: 1.59937, 1.12717, 7.5
front back
photon_ene: 661.6 photon_theta: 0.255199 photon_phi: 0.613915
traject_len: 5.16735
pe_len: 39.836 cs_len: 5.4689
---
else
front: 2.00953, 0.369822, 2.5
side: 0, 0, 0
front only
front: 0.65888, 1.33914, 2.5
side: 0, 0, 0
front only
else
else
else
else
else
else
front: 1.06736, 0, 2.5
side: 0, 0, 0
front only
else
else
else
else
else
front: 0, 0, 2.5
back: 0, 0, 7.5
front back
photon_ene: 661.6 photon_theta: 0.255616 photon_phi: 4.01953
traject_len: 5
pe_len: 11.8261 cs_len: 2.07109
---
else
else
else
else
else
else
else
else
else
front: 0, 0, 2.5
back: 0, 0, 7.5
front back
photon_ene: 661.6 photon_theta: 2.87638 photon_phi: 1.25542
traject_len: 5
pe_len: 71.416 cs_len: 0.224741
---
front: 0, 0, 2.5
side: 0, 0, 0
front only
else
else
else
else
else
else
front: 0.259353, 1.88252, 2.5
side: 0, 0, 0
front only
else
front: 0, 0.226293, 2.5
back: 0, 0.678878, 7.5
front back
photon_ene: 661.6 photon_theta: 2.9624 photon_phi: 5.7599
traject_len: 5.02044
pe_len: 19.5044 cs_len: 3.01063
---
else
else
front: 0, 0.124803, 2.5
side: 0, 0, 0
front only
else
else
else
else
else
else
else
front: 0.666547, 0, 2.5
side: 0, 0, 0
front only
else
front: 0, 2.34667, 2.5
side: 0, 0, 0
front only
else
else
else
front: 0, 0, 2.5
side: 0, 0, 0
front only
else
else
else
else
else
else
else
else
front: 0, 0.611492, 2.5
back: 0, 1.83447, 7.5
front back
photon_ene: 661.6 photon_theta: 0.298711 photon_phi: 2.22367
traject_len: 5.1474
pe_len: 7.32253 cs_len: 2.16419
---
else
else
else
else
else
front: 0, 1.28952, 2.5
side: 0, 0, 0
front only
else
front: 0.837756, 0, 2.5
side: 0, 0, 0
front only
front: 2.03333, 0.181398, 2.5
side: 0, 0, 0
front only
else
else
else
else
else
front: 0.100199, 0.183795, 2.5
back: 0.300597, 0.551384, 7.5
front back
photon_ene: 661.6 photon_theta: 0.0835383 photon_phi: 1.07167
traject_len: 5.0175
pe_len: 54.8409 cs_len: 2.74929
---
else
front: 0.0793796, 0.422797, 2.5
back: 0.238139, 1.26839, 7.5
front back
photon_ene: 661.6 photon_theta: 2.97119 photon_phi: 4.5268
traject_len: 5.07348
pe_len: 48.9528 cs_len: 4.44954
---
else
else
else
front: 0, 0.558738, 2.5
side: 0, 0, 0
front only
else
else
else
else
else
front: 0.425854, 1.37267, 2.5
side: 0, 0, 0
front only
else
else
else
else
else
else
front: 1.78059, 0, 2.5
side: 0, 0, 0
front only
front: 2.02437, 1.12343, 2.5
side: 0, 0, 0
front only
else
else
else
else
else
else
else
else
else
else
else
front: 0.798203, 0, 2.5
side: 0, 0, 0
front only
else
else
front: 0, 0, 2.5
side: 0, 0, 0
front only
else
front: 0, 0.557801, 2.5
side: 0, 0, 0
front only
else
else
else
front: 0, 1.60476, 2.5
side: 0, 0, 0
front only
else
else
front: 1.97085, 0, 2.5
side: 0, 0, 0
front only
front: 1.14284, 0, 2.5
side: 0, 0, 0
front only
front: 0, 0, 2.5
back: 0, 0, 7.5
front back
photon_ene: 661.6 photon_theta: 2.85491 photon_phi: 0.0237567
traject_len: 5
pe_len: 9.25041 cs_len: 1.32855
---
else
else
else
front: 0.787042, 0, 2.5
back: 2.36112, 0, 7.5
front back
photon_ene: 661.6 photon_theta: 0.310646 photon_phi: 6.08596
traject_len: 5.24192
pe_len: 6.91798 cs_len: 0.840526
---
else
else
front: 0, 0, 2.5
side: 0, 0, 0
front only
else
front: 0, 2.25004, 2.5
side: 0, 0, 0
front only
front: 1.03329, 1.88254, 2.5
side: 0, 0, 0
front only
else
else
else
else
front: 1.21044, 2.16357, 2.5
side: 0, 0, 0
front only
else
else
else
else
front: 1.2122, 0.238175, 2.5
side: 0, 0, 0
front only
else
else
front: 1.55242, 0.574751, 2.5
side: 0, 0, 0
front only
else
else
front: 2.30469, 0.70252, 2.5
side: 0, 0, 0
front only
else
front: 0.716429, 0.434109, 2.5
side: 0, 0, 0
front only
else
front: 0, 0, 2.5
back: 0, 0, 7.5
front back
photon_ene: 661.6 photon_theta: 2.83755 photon_phi: 1.17002
traject_len: 5
pe_len: 22.3775 cs_len: 10.8375
---
else
front: 0, 0, 2.5
side: 0, 0, 0
front only
else
front: 0.824422, 0, 2.5
side: 0, 0, 0
front only
else
else
else
else
else
else
else
else
else
else
front: 1.44346, 0, 2.5
side: 0, 0, 0
front only
else
else
else
front: 0, 1.50763, 2.5
side: 0, 0, 0
front only
else
front: 0, 0, 2.5
side: 0, 0, 0
front only
front: 0, 0, 2.5
side: 0, 0, 0
front only
else
else
else
front: 0, 0, 2.5
side: 0, 0, 0
front only
else
front: 0, 0, 2.5
side: 0, 0, 0
front only
else
else
else
else
else
front: 0, 0, 2.5
side: 0, 0, 0
front only
front: 0, 0, 2.5
side: 0, 0, 0
front only
else
else
else
else
front: 1.90433, 0, 2.5
side: 0, 0, 0
front only
else
else
else
front: 0, 1.02449, 2.5
side: 0, 0, 0
front only
front: 0, 0, 2.5
side: 0, 0, 0
front only
else
else
front: 0.0683602, 2.12705, 2.5
side: 0, 0, 0
front only
else
front: 0.859062, 0, 2.5
side: 0, 0, 0
front only
else
else
else
front: 0, 1.048, 2.5
side: 0, 0, 0
front only
else
else
else
front: 1.3838, 0, 2.5
side: 0, 0, 0
front only
else
else
else
else
front: 0, 0, 2.5
side: 0, 0, 0
front only
front: 0, 1.45688, 2.5
side: 0, 0, 0
front only
else
front: 2.0774, 0, 2.5
side: 0, 0, 0
front only
else
else
else
front: 0, 0, 2.5
side: 0, 0, 0
front only
front: 0, 0, 2.5
back: 0, 0, 7.5
front back
photon_ene: 661.6 photon_theta: 0.27515 photon_phi: 4.22635
traject_len: 5
pe_len: 4.25954 cs_len: 4.13088
---
front: 0, 1.15947, 2.5
side: 0, 0, 0
front only
else
front: 0, 1.43381, 2.5
side: 0, 0, 0
front only
else
else
else
else
else
front: 2.21724, 0.0831374, 2.5
side: 0, 0, 0
front only
front: 0, 0.843221, 2.5
side: 0, 0, 0
front only
else
else
front: 1.75946, 0, 2.5
side: 0, 0, 0
front only
front: 0.910431, 0.390949, 2.5
side: 0, 0, 0
front only
else
front: 0, 0.73057, 2.5
side: 0, 0, 0
front only
front: 1.4665, 0, 2.5
side: 0, 0, 0
front only
else
else
else
else
front: 0.93186, 0, 2.5
side: 0, 0, 0
front only
else
front: 0, 1.31898, 2.5
side: 0, 0, 0
front only
else
else
else
else
front: 0, 1.00865, 2.5
side: 0, 0, 0
front only
front: 1.24818, 0.437171, 2.5
side: 0, 0, 0
front only
front: 0, 0.50917, 2.5
back: 0, 1.52751, 7.5
front back
photon_ene: 661.6 photon_theta: 0.212938 photon_phi: 1.91315
traject_len: 5.10265
pe_len: 52.5803 cs_len: 4.46193
---
else
front: 0, 1.57694, 2.5
side: 0, 0, 0
front only
else
else
front: 0, 0.938992, 2.5
side: 0, 0, 0
front only
else
front: 1.16727, 0, 2.5
side: 0, 0, 0
front only
else
else
else
else
else
else
front: 0, 0.0846443, 2.5
side: 0, 0, 0
front only
else
else
else
else
else
else
else
else
else
else
else
else
else
front: 0, 0.635896, 2.5
side: 0, 0, 0
front only
else
else
else
else
front: 0, 1.30845, 2.5
side: 0, 0, 0
front only
else
else
front: 0, 1.23305, 2.5
side: 0, 0, 0
front only
front: 0, 0, 2.5
side: 0, 0, 0
front only
else
else
else
else
else
front: 0, 0.784668, 2.5
back: 0, 2.354, 7.5
front back
photon_ene: 661.6 photon_theta: 0.318129 photon_phi: 1.87829
traject_len: 5.2405
pe_len: 122.879 cs_len: 6.19858
---
front: 0.220732, 0, 2.5
back: 0.662196, 0, 7.5
front back
photon_ene: 661.6 photon_theta: 0.163681 photon_phi: 5.27642
traject_len: 5.01945
pe_len: 90.0789 cs_len: 1.18678
---
else
front: 0, 0, 2.5
side: 0, 0, 0
front only
else
front: 0, 0, 2.5
side: 0, 0, 0
front only
front: 0.714332, 0.389067, 2.5
back: 2.14299, 1.1672, 7.5
front back
photon_ene: 661.6 photon_theta: 0.314563 photon_phi: 0.498733
traject_len: 5.258
pe_len: 23.744 cs_len: 2.29272
---
front: 0, 1.08603, 2.5
side: 0, 0, 0
front only
else
else
else
else
front: 0, 1.22823, 2.5
side: 0, 0, 0
front only
front: 0.809266, 0, 2.5
side: 0, 0, 0
front only
else
front: 1.66632, 0.00596338, 2.5
side: 0, 0, 0
front only
front: 0, 0.778686, 2.5
side: 0, 0, 0
front only
else
else
else
else
front: 0.35525, 0, 2.5
side: 0, 0, 0
front only
else
else
else
else
else
front: 0.866768, 0.701096, 2.5
side: 0, 0, 0
front only
else
else
else
else
front: 0.105407, 1.9788, 2.5
side: 0, 0, 0
front only
else
front: 0, 0, 2.5
back: 0, 0, 7.5
front back
photon_ene: 661.6 photon_theta: 2.96541 photon_phi: 0.64558
traject_len: 5
pe_len: 13.8832 cs_len: 13.7131
---
else
front: 2.17818, 0.159861, 2.5
side: 0, 0, 0
front only
else
else
else
else
else
else
else
else
else
front: 0.656331, 2.0359, 2.5
side: 0, 0, 0
front only
else
else
front: 1.17018, 0.465864, 2.5
side: 0, 0, 0
front only
else
front: 0, 0, 2.5
side: 0, 0, 0
front only
else
else
else
else
else
front: 0.44765, 0.777882, 2.5
side: 0, 0, 0
front only
else
else
else
front: 0.60027, 0, 2.5
side: 0, 0, 0
front only
else
front: 0.27424, 2.24999, 2.5
side: 0, 0, 0
front only
else
else
front: 0.226733, 0, 2.5
back: 0.6802, 0, 7.5
front back
photon_ene: 661.6 photon_theta: 3.04955 photon_phi: 2.95457
traject_len: 5.02052
pe_len: 48.4461 cs_len: 1.55776
---
front: 1.13744, 1.71808, 2.5
side: 0, 0, 0
front only
else
else
else
else
else
else
else
else
else
else
front: 0.343113, 0.31595, 2.5
back: 1.02934, 0.94785, 7.5
front back
photon_ene: 661.6 photon_theta: 2.95714 photon_phi: 3.8858
traject_len: 5.08628
pe_len: 42.0665 cs_len: 1.71483
---
front: 0, 0, 2.5
side: 0, 0, 0
front only
else
front: 0.0337224, 1.08431, 2.5
side: 0, 0, 0
front only
front: 0, 0, 2.5
side: 0, 0, 0
front only
else
else
else
else
front: 1.63343, 1.50338, 2.5
side: 0, 0, 0
front only
front: 0, 0.182314, 2.5
back: 0, 0.546943, 7.5
front back
photon_ene: 661.6 photon_theta: 0.175195 photon_phi: 2.71696
traject_len: 5.01328
pe_len: 1.07485 cs_len: 6.64735
---
else
front: 1.24168, 0, 2.5
side: 0, 0, 0
front only
else
front: 0, 0, 2.5
side: 0, 0, 0
front only
else
else
else
else
front: 0.214496, 0, 2.5
side: 0, 0, 0
front only
else
else
else
front: 0, 0, 2.5
side: 0, 0, 0
front only
else
else
front: 0.299089, 0.750482, 2.5
back: 0.897267, 2.25145, 7.5
front back
photon_ene: 661.6 photon_theta: 2.82903 photon_phi: 4.33315
traject_len: 5.25459
pe_len: 3.03222 cs_len: 5.89977
---
else
else
front: 0, 2.44532, 2.5
side: 0, 0, 0
front only
else
else
else
else
else
else
else
else
else
else
else
else
else
else
else
else
else
else
front: 1.46685, 0, 2.5
side: 0, 0, 0
front only
front: 0, 0.652337, 2.5
back: 0, 1.95701, 7.5
front back
photon_ene: 661.6 photon_theta: 0.300978 photon_phi: 2.14317
traject_len: 5.16741
pe_len: 41.0604 cs_len: 2.90664
---
else
else
else
front: 0, 0, 2.5
back: 0, 0, 7.5
front back
photon_ene: 661.6 photon_theta: 0.14209 photon_phi: 4.09722
traject_len: 5
pe_len: 12.709 cs_len: 6.77256
---
front: 0.00406075, 0, 2.5
side: 0, 0, 0
front only
else
front: 0.936654, 0.0106348, 2.5
side: 0, 0, 0
front only
else
else
else
else
front: 0, 0.345218, 2.5
back: 0, 1.03565, 7.5
front back
photon_ene: 661.6 photon_theta: 0.277882 photon_phi: 2.63629
traject_len: 5.04745
pe_len: 62.4487 cs_len: 1.65566
---
else
front: 1.07704, 0, 2.5
side: 0, 0, 0
front only
else
front: 0.410441, 2.28179, 2.5
side: 0, 0, 0
front only
else
else
else
else
else
else
else
else
else
else
else
front: 1.81598, 0, 2.5
side: 0, 0, 0
front only
front: 1.24804, 0.636595, 2.5
side: 0, 0, 0
front only
else
else
front: 0.356054, 0, 2.5
side: 0, 0, 0
front only
front: 0.598023, 0.899833, 2.5
side: 0, 0, 0
front only
else
else
else
else
front: 0, 0, 2.5
side: 0, 0, 0
front only
front: 0, 0, 2.5
side: 0, 0, 0
front only
else
else
else
else
else
else
else
else
else
front: 1.26686, 0.0621382, 2.5
side: 0, 0, 0
front only
else
else
front: 1.21685, 0, 2.5
side: 0, 0, 0
front only
else
else
else
else
else
else
else
else
else
else
front: 0, 0, 2.5
side: 0, 0, 0
front only
else
else
else
else
else
else
else
else
front: 0, 0, 2.5
side: 0, 0, 0
front only
else
else
else
front: 0, 0, 2.5
side: 0, 0, 0
front only
else
front: 0.39058, 0, 2.5
side: 0, 0, 0
front only
front: 0, 0.157271, 2.5
side: 0, 0, 0
front only
else
else
front: 0.341617, 0.884905, 2.5
side: 0, 0, 0
front only
front: 0.834787, 0.764162, 2.5
side: 0, 0, 0
front only
else
else
else
front: 1.46058, 0, 2.5
side: 0, 0, 0
front only
front: 0.41809, 1.67748, 2.5
side: 0, 0, 0
front only
front: 1.20206, 0, 2.5
side: 0, 0, 0
front only
else
front: 0, 0, 2.5
side: 0, 0, 0
front only
else
else
else
else
front: 0, 0, 2.5
side: 0, 0, 0
front only
else
else
else
else
else
else
else
else
else
else
else
else
front: 0, 0.86873, 2.5
side: 0, 0, 0
front only
front: 0.757103, 0, 2.5
side: 0, 0, 0
front only
else
else
front: 0.195835, 0, 2.5
side: 0, 0, 0
front only
else
else
else
front: 0, 0, 2.5
side: 0, 0, 0
front only
else
else
front: 1.04468, 0.489965, 2.5
side: 0, 0, 0
front only
else
else
else
else
else
front: 0, 0, 2.5
side: 0, 0, 0
front only
else
else
front: 0.649308, 0, 2.5
back: 1.94792, 0, 7.5
front back
photon_ene: 661.6 photon_theta: 2.83643 photon_phi: 2.54016
traject_len: 5.16589
pe_len: 42.8946 cs_len: 2.55503
---
else
else
else
else
else
else
front: 0, 0, 2.5
side: 0, 0, 0
front only
else
front: 0, 0, 2.5
side: 0, 0, 0
front only
else
else
else
else
else
else
front: 0, 0, 2.5
side: 0, 0, 0
front only
else
else
else
else
else
front: 1.04843, 1.91473, 2.5
side: 0, 0, 0
front only
else
else
else
else
else
else
else
front: 1.53223, 0, 2.5
side: 0, 0, 0
front only
else
front: 0, 0, 2.5
side: 0, 0, 0
front only
else
front: 0.21186, 0, 2.5
side: 0, 0, 0
front only
else
else
else
else
front: 2.37001, 0.565049, 2.5
side: 0, 0, 0
front only
else
else
else
front: 0, 0, 2.5
side: 0, 0, 0
front only
else
front: 1.89184, 0, 2.5
side: 0, 0, 0
front only
front: 0.654008, 0.970125, 2.5
side: 0, 0, 0
front only
front: 0, 0, 2.5
side: 0, 0, 0
front only
else
else
else
front: 0, 0, 2.5
back: 0, 0, 7.5
front back
photon_ene: 661.6 photon_theta: 2.91214 photon_phi: 0.233967
traject_len: 5
pe_len: 45.3192 cs_len: 3.90136
---
front: 1.94871, 0.334415, 2.5
side: 0, 0, 0
front only
front: 0, 1.28888, 2.5
side: 0, 0, 0
front only
else
else
front: 0, 0, 2.5
side: 0, 0, 0
front only
else
else
front: 0.54477, 0.423203, 2.5
back: 1.63431, 1.26961, 7.5
front back
photon_ene: 661.6 photon_theta: 0.269235 photon_phi: 0.660464
traject_len: 5.18686
pe_len: 21.2064 cs_len: 8.19807
---
front: 0, 0.293334, 2.5
side: 0, 0, 0
front only
else
else
else
front: 1.0983, 1.37912, 2.5
side: 0, 0, 0
front only
else
front: 0, 0, 2.5
side: 0, 0, 0
front only
front: 0, 0, 2.5
side: 0, 0, 0
front only
else
else
else
else
else
else
else
else
front: 0.263386, 0, 2.5
side: 0, 0, 0
front only
else
else
else
else
else
front: 1.29006, 0.800363, 2.5
side: 0, 0, 0
front only
else
else
front: 0, 0, 2.5
back: 0, 0, 7.5
front back
photon_ene: 661.6 photon_theta: 0.294309 photon_phi: 3.55676
traject_len: 5
pe_len: 43.6019 cs_len: 2.73393
---
front: 1.08497, 0, 2.5
side: 0, 0, 0
front only
else
else
front: 1.23407, 0.134426, 2.5
side: 0, 0, 0
front only
else
front: 0.833795, 0.503591, 2.5
side: 0, 0, 0
front only
front: 0, 1.74877, 2.5
side: 0, 0, 0
front only
front: 0, 0, 2.5
side: 0, 0, 0
front only
else
front: 0, 0, 2.5
side: 0, 0, 0
front only
else
front: 0, 0.962265, 2.5
side: 0, 0, 0
front only
else
else
else
front: 1.03922, 0, 2.5
side: 0, 0, 0
front only
front: 0, 0.0875229, 2.5
back: 0, 0.262569, 7.5
front back
photon_ene: 661.6 photon_theta: 0.298581 photon_phi: 3.0276
traject_len: 5.00306
pe_len: 2.57806 cs_len: 2.04576
---
else
else
else
front: 0, 0.0790859, 2.5
side: 0, 0, 0
front only
front: 0, 0.679133, 2.5
back: 0, 2.0374, 7.5
front back
photon_ene: 661.6 photon_theta: 2.83629 photon_phi: 5.24403
traject_len: 5.1812
pe_len: 9.38074 cs_len: 1.19773
---
else
front: 1.68828, 1.76008, 2.5
side: 0, 0, 0
front only
else
else
front: 0, 0, 2.5
side: 0, 0, 0
front only
else
else
else
else
else
else
else
else
else
else
else
else
else
else
else
else
else
else
else
front: 2.29546, 0.496419, 2.5
side: 0, 0, 0
front only
front: 0, 0, 2.5
side: 0, 0, 0
front only
else
else
front: 0.604707, 0, 2.5
back: 1.81412, 0, 7.5
front back
photon_ene: 661.6 photon_theta: 2.90144 photon_phi: 2.98494
traject_len: 5.14419
pe_len: 73.2519 cs_len: 5.84548
---
else
else
else
else
else
else
else
else
else
front: 1.51881, 1.02142, 2.5
side: 0, 0, 0
front only
front: 0.752518, 0.176259, 2.5
back: 2.25755, 0.528778, 7.5
front back
photon_ene: 661.6 photon_theta: 2.84176 photon_phi: 3.37167
traject_len: 5.23349
pe_len: 12.2186 cs_len: 7.11113
---
front: 0, 0, 2.5
side: 0, 0, 0
front only
front: 0, 0, 2.5
side: 0, 0, 0
front only
else
front: 0.478229, 1.83096, 2.5
side: 0, 0, 0
front only
front: 2.13175, 0, 2.5
side: 0, 0, 0
front only
else
else
front: 0, 0, 2.5
back: 0, 0, 7.5
front back
photon_ene: 661.6 photon_theta: 2.94164 photon_phi: 0.0120448
traject_len: 5
pe_len: 51.721 cs_len: 1.45052
---
else
front: 0, 0, 2.5
side: 0, 0, 0
front only
else
else
else
else
else
else
front: 0, 0.988819, 2.5
side: 0, 0, 0
front only
else
else
else
else
front: 0, 0, 2.5
back: 0, 0, 7.5
front back
photon_ene: 661.6 photon_theta: 2.89434 photon_phi: 1.00788
traject_len: 5
pe_len: 21.4865 cs_len: 1.39575
---
front: 0, 0, 2.5
side: 0, 0, 0
front only
else
front: 0.897135, 1.8138, 2.5
side: 0, 0, 0
front only
else
else
else
else
else
else
else
front: 0.303902, 0, 2.5
back: 0.911707, 0, 7.5
front back
photon_ene: 661.6 photon_theta: 2.92228 photon_phi: 2.14761
traject_len: 5.03681
pe_len: 6.91605 cs_len: 2.65807
---
else
front: 0.946671, 0.602445, 2.5
side: 0, 0, 0
front only
front: 0, 0, 2.5
side: 0, 0, 0
front only
else
front: 0, 0, 2.5
side: 0, 0, 0
front only
front: 1.24161, 1.60584, 2.5
side: 0, 0, 0
front only
front: 0, 1.54903, 2.5
side: 0, 0, 0
front only
front: 0.0845082, 0.524594, 2.5
back: 0.253525, 1.57378, 7.5
front back
photon_ene: 661.6 photon_theta: 0.209427 photon_phi: 1.41108
traject_len: 5.11169
pe_len: 32.405 cs_len: 0.644519
---
else
else
front: 0, 1.20565, 2.5
side: 0, 0, 0
front only
else
else
else
else
else
else
else
else
front: 0, 0, 2.5
back: 0, 0, 7.5
front back
photon_ene: 661.6 photon_theta: 2.96108 photon_phi: 0.526446
traject_len: 5
pe_len: 63.2455 cs_len: 1.2759
---
else
else
else
front: 0, 0.557605, 2.5
side: 0, 0, 0
front only
front: 0.381778, 1.06366, 2.5
side: 0, 0, 0
front only
else
else
front: 0, 0, 2.5
side: 0, 0, 0
front only
else
else
else
front: 0, 0.796017, 2.5
side: 0, 0, 0
front only
else
else
front: 0, 0, 2.5
side: 0, 0, 0
front only
front: 0, 0, 2.5
side: 0, 0, 0
front only
else
front: 0, 1.35129, 2.5
side: 0, 0, 0
front only
else
else
front: 0.497913, 1.17332, 2.5
side: 0, 0, 0
front only
else
front: 0.909816, 0, 2.5
side: 0, 0, 0
front only
else
else
else
else
else
else
else
else
else
front: 1.38704, 0, 2.5
side: 0, 0, 0
front only
front: 0, 0.513781, 2.5
back: 0, 1.54134, 7.5
front back
photon_ene: 661.6 photon_theta: 2.93883 photon_phi: 4.73935
traject_len: 5.1045
pe_len: 38.0568 cs_len: 5.94085
---
front: 0.976129, 0.000119428, 2.5
side: 0, 0, 0
front only
else
else
front: 0.0924331, 0.420458, 2.5
back: 0.277299, 1.26138, 7.5
front back
photon_ene: 661.6 photon_theta: 2.97107 photon_phi: 4.49599
traject_len: 5.07359
pe_len: 25.404 cs_len: 0.958274
---
else
else
front: 1.07879, 1.89876, 2.5
side: 0, 0, 0
front only
else
else
else
front: 0, 0, 2.5
side: 0, 0, 0
front only
front: 0, 1.98509, 2.5
side: 0, 0, 0
front only
else
else
else
else
else
front: 0, 0.40259, 2.5
side: 0, 0, 0
front only
front: 0, 0, 2.5
side: 0, 0, 0
front only
front: 0.28021, 0, 2.5
side: 0, 0, 0
front only
else
front: 0.56097, 0.485681, 2.5
back: 1.68291, 1.45704, 7.5
front back
photon_ene: 661.6 photon_theta: 0.288521 photon_phi: 0.713589
traject_len: 5.21558
pe_len: 81.9098 cs_len: 4.12072
---
else
else
front: 0.454476, 0.106692, 2.5
back: 1.36343, 0.320075, 7.5
front back
photon_ene: 661.6 photon_theta: 0.184607 photon_phi: 0.230582
traject_len: 5.08643
pe_len: 88.1299 cs_len: 6.07282
---
else
else
else
front: 0, 0, 2.5
side: 0, 0, 0
front only
front: 0, 0.917673, 2.5
side: 0, 0, 0
front only
else
else
else
else
front: 0, 0.21378, 2.5
back: 0, 0.64134, 7.5
front back
photon_ene: 661.6 photon_theta: 2.90142 photon_phi: 5.9265
traject_len: 5.01825
pe_len: 0.198105 cs_len: 2.08975
---
else
else
else
front: 0.293762, 1.4358, 2.5
side: 0, 0, 0
front only
front: 0, 0.535353, 2.5
back: 0, 1.60606, 7.5
front back
photon_ene: 661.6 photon_theta: 2.92232 photon_phi: 4.99301
traject_len: 5.11336
pe_len: 205.592 cs_len: 2.30856
---
else
else
else
front: 0.22244, 0, 2.5
side: 0, 0, 0
front only
else
front: 0, 0.0184753, 2.5
side: 0, 0, 0
front only
front: 0, 0, 2.5
side: 0, 0, 0
front only
else
else
else
front: 0, 0.989479, 2.5
side: 0, 0, 0
front only
front: 1.38544, 0, 2.5
side: 0, 0, 0
front only
else
else
else
front: 1.68955, 1.68296, 2.5
side: 0, 0, 0
front only
else
else
else
front: 1.29101, 0.427864, 2.5
side: 0, 0, 0
front only
else
else
front: 0, 1.15774, 2.5
side: 0, 0, 0
front only
else
else
else
else
else
front: 0, 0.261645, 2.5
back: 0, 0.784934, 7.5
front back
photon_ene: 661.6 photon_theta: 3.01224 photon_phi: 5.34826
traject_len: 5.02731
pe_len: 4.72175 cs_len: 4.25101
---
else
else
else
front: 0, 0, 2.5
side: 0, 0, 0
front only
else
else
else
else
front: 0, 0.0941145, 2.5
side: 0, 0, 0
front only
else
front: 0, 1.49605, 2.5
side: 0, 0, 0
front only
else
else
else
else
else
else
else
front: 0, 0, 2.5
side: 0, 0, 0
front only
else
else
front: 0, 0, 2.5
side: 0, 0, 0
front only
front: 0.491438, 1.90468, 2.5
side: 0, 0, 0
front only
else
else
else
else
front: 0.553052, 0, 2.5
side: 0, 0, 0
front only
else
else
front: 0, 0, 2.5
side: 0, 0, 0
front only
front: 0, 0, 2.5
side: 0, 0, 0
front only
else
else
else
else
else
front: 0.753697, 0, 2.5
side: 0, 0, 0
front only
else
else
else
else
else
front: 0.248832, 0, 2.5
back: 0.746496, 0, 7.5
front back
photon_ene: 661.6 photon_theta: 3.04239 photon_phi: 3.14038
traject_len: 5.02471
pe_len: 9.27083 cs_len: 7.7493
---
else
else
else
else
front: 1.80332, 0.351488, 2.5
side: 0, 0, 0
front only
else
else
front: 0.361873, 0, 2.5
back: 1.08562, 0, 7.5
front back
photon_ene: 661.6 photon_theta: 0.286283 photon_phi: 5.22646
traject_len: 5.05211
pe_len: 4.88358 cs_len: 4.99441
---
else
else
else
else
else
else
front: 0, 0.545218, 2.5
side: 0, 0, 0
front only
front: 0, 1.51537, 2.5
side: 0, 0, 0
front only
else
else
front: 0.692765, 0, 2.5
back: 2.07829, 0, 7.5
front back
photon_ene: 661.6 photon_theta: 2.83626 photon_phi: 2.64495
traject_len: 5.18842
pe_len: 43.9018 cs_len: 4.28953
---
front: 0, 0, 2.5
side: 0, 0, 0
front only
else
else
else
front: 1.94023, 0, 2.5
side: 0, 0, 0
front only
else
else
else
else
else
else
front: 0, 1.34569, 2.5
side: 0, 0, 0
front only
front: 2.24148, 0, 2.5
side: 0, 0, 0
front only
else
front: 0, 0, 2.5
side: 0, 0, 0
front only
front: 0.828035, 0.0354339, 2.5
back: 2.4841, 0.106302, 7.5
front back
photon_ene: 661.6 photon_theta: 0.320115 photon_phi: 0.0427666
traject_len: 5.2676
pe_len: 26.7536 cs_len: 1.46973
---
front: 0, 0, 2.5
side: 0, 0, 0
front only
front: 1.7618, 0, 2.5
side: 0, 0, 0
front only
else
else
else
else
front: 1.30872, 0, 2.5
side: 0, 0, 0
front only
else
else
else
else
else
else
else
front: 0, 0.496548, 2.5
back: 0, 1.48965, 7.5
front back
photon_ene: 661.6 photon_theta: 0.219666 photon_phi: 2.04513
traject_len: 5.09767
pe_len: 46.3568 cs_len: 2.61235
---
else
front: 0.377341, 0.939256, 2.5
side: 0, 0, 0
front only
else
front: 0.840237, 0, 2.5
side: 0, 0, 0
front only
front: 0, 0.412913, 2.5
back: 0, 1.23874, 7.5
front back
photon_ene: 661.6 photon_theta: 2.91991 photon_phi: 5.46075
traject_len: 5.06774
pe_len: 22.5962 cs_len: 0.163916
---
else
else
front: 0, 0, 2.5
side: 0, 0, 0
front only
else
else
else
front: 0, 2.05576, 2.5
side: 0, 0, 0
front only
else
else
else
else
front: 1.05915, 0, 2.5
side: 0, 0, 0
front only
else
else
else
front: 1.91096, 0, 2.5
side: 0, 0, 0
front only
else
else
else
else
front: 0, 0.691037, 2.5
side: 0, 0, 0
front only
front: 0, 0, 2.5
side: 0, 0, 0
front only
else
else
else
else
else
else
else
else
front: 0, 0.441593, 2.5
side: 0, 0, 0
front only
front: 0.586647, 0, 2.5
back: 1.75994, 0, 7.5
front back
photon_ene: 661.6 photon_theta: 2.89279 photon_phi: 2.74823
traject_len: 5.13582
pe_len: 8.83471 cs_len: 0.356009
---
else
else
else
front: 0, 0, 2.5
back: 0, 0, 7.5
front back
photon_ene: 661.6 photon_theta: 2.97889 photon_phi: 1.16849
traject_len: 5
pe_len: 75.2495 cs_len: 2.79211
---
else
else
front: 0, 0, 2.5
back: 0, 0, 7.5
front back
photon_ene: 661.6 photon_theta: 2.88112 photon_phi: 1.25715
traject_len: 5
pe_len: 68.0493 cs_len: 3.9733
---
else
else
else
else
else
front: 0, 0.260651, 2.5
back: 0, 0.781952, 7.5
front back
photon_ene: 661.6 photon_theta: 2.9142 photon_phi: 5.81578
traject_len: 5.0271
pe_len: 1.50838 cs_len: 10.8215
---
else
else
else
else
front: 0, 2.10403, 2.5
side: 0, 0, 0
front only
front: 0.398846, 0, 2.5
back: 1.19654, 0, 7.5
front back
photon_ene: 661.6 photon_theta: 2.89755 photon_phi: 2.2662
traject_len: 5.06323
pe_len: 107.59 cs_len: 2.85214
---
front: 1.79764, 1.67126, 2.5
side: 0, 0, 0
front only
else
front: 1.51238, 0, 2.5
side: 0, 0, 0
front only
else
front: 0, 0, 2.5
side: 0, 0, 0
front only
else
else
else
else
front: 0.703189, 0, 2.5
side: 0, 0, 0
front only
else
else
else
front: 0.589829, 1.2439, 2.5
side: 0, 0, 0
front only
front: 0, 0, 2.5
back: 0, 0, 7.5
front back
photon_ene: 661.6 photon_theta: 2.91813 photon_phi: 0.860489
traject_len: 5
pe_len: 21.1307 cs_len: 11.6369
---
else
else
else
else
else
front: 0.966519, 0, 2.5
side: 0, 0, 0
front only
else
front: 1.08366, 0.073278, 2.5
side: 0, 0, 0
front only
else
else
else
else
else
else
else
else
else
else
else
front: 1.84649, 0, 2.5
side: 0, 0, 0
front only
else
else
else
else
else
else
else
front: 0.468493, 0, 2.5
back: 1.40548, 0, 7.5
front back
photon_ene: 661.6 photon_theta: 0.207482 photon_phi: 5.81018
traject_len: 5.08704
pe_len: 1.90142 cs_len: 8.85821
---
front: 2.00507, 0.809702, 2.5
side: 0, 0, 0
front only
else
else
front: 0.403545, 0, 2.5
back: 1.21063, 0, 7.5
front back
photon_ene: 661.6 photon_theta: 0.189581 photon_phi: 5.71193
traject_len: 5.06472
pe_len: 47.0483 cs_len: 4.28973
---
front: 0.169539, 0.313056, 2.5
back: 0.508616, 0.939168, 7.5
front back
photon_ene: 661.6 photon_theta: 3.00014 photon_phi: 4.21605
traject_len: 5.05044
pe_len: 91.7799 cs_len: 2.48617
---
else
else
else
else
else
else
else
front: 0.547077, 0.117552, 2.5
back: 1.64123, 0.352657, 7.5
front back
photon_ene: 661.6 photon_theta: 0.220196 photon_phi: 0.211655
traject_len: 5.12371
pe_len: 4.73653 cs_len: 2.10005
---
else
else
front: 1.16052, 0, 2.5
side: 0, 0, 0
front only
else
else
else
front: 0, 0, 2.5
side: 0, 0, 0
front only
front: 0, 0, 2.5
side: 0, 0, 0
front only
else
front: 0.354483, 0, 2.5
back: 1.06345, 0, 7.5
front back
photon_ene: 661.6 photon_theta: 2.90771 photon_phi: 2.20825
traject_len: 5.05001
pe_len: 38.1675 cs_len: 1.75299
---
else
front: 0, 0.49909, 2.5
back: 0, 1.49727, 7.5
front back
photon_ene: 661.6 photon_theta: 0.256644 photon_phi: 2.27717
traject_len: 5.09866
pe_len: 44.1481 cs_len: 0.288393
---
else
front: 0, 2.26272, 2.5
side: 0, 0, 0
front only
else
else
else
else
front: 0.99512, 1.85267, 2.5
side: 0, 0, 0
front only
front: 2.34391, 0, 2.5
side: 0, 0, 0
front only
front: 0, 0.724009, 2.5
back: 0, 2.17203, 7.5
front back
photon_ene: 661.6 photon_theta: 0.282642 photon_phi: 1.64564
traject_len: 5.20545
pe_len: 13.7702 cs_len: 10.7929
---
front: 0.742433, 0.525584, 2.5
side: 0, 0, 0
front only
else
else
else
front: 0.317465, 0.257969, 2.5
back: 0.952394, 0.773908, 7.5
front back
photon_ene: 661.6 photon_theta: 0.162188 photon_phi: 0.682372
traject_len: 5.06649
pe_len: 6.70944 cs_len: 17.1811
---
front: 0, 1.86848, 2.5
side: 0, 0, 0
front only
else
else
else
front: 0, 0, 2.5
back: 0, 0, 7.5
front back
photon_ene: 661.6 photon_theta: 2.92654 photon_phi: 0.777466
traject_len: 5
pe_len: 22.5028 cs_len: 1.45364
---
else
else
else
else
else
front: 1.09983, 0, 2.5
side: 0, 0, 0
front only
front: 0, 0.23859, 2.5
back: 0, 0.715771, 7.5
front back
photon_ene: 661.6 photon_theta: 2.95625 photon_phi: 5.74917
traject_len: 5.02272
pe_len: 2.31447 cs_len: 11.4159
---
else
else
front: 0, 0.551097, 2.5
side: 0, 0, 0
front only
front: 1.82224, 0, 2.5
side: 0, 0, 0
front only
else
else
else
else
else
else
front: 0, 0, 2.5
side: 0, 0, 0
front only
else
front: 0.101924, 0, 2.5
back: 0.305771, 0, 7.5
front back
photon_ene: 661.6 photon_theta: 0.0572826 photon_phi: 5.50323
traject_len: 5.00415
pe_len: 36.242 cs_len: 1.82141
---
front: 0, 0.748021, 2.5
side: 0, 0, 0
front only
else
else
else
else
else
front: 0, 0.54423, 2.5
back: 0, 1.63269, 7.5
front back
photon_ene: 661.6 photon_theta: 0.214349 photon_phi: 1.57433
traject_len: 5.1171
pe_len: 29.057 cs_len: 4.53051
---
else
else
else
else
else
else
else
else
else
else
else
else
else
else
front: 0, 0, 2.5
side: 0, 0, 0
front only
else
else
front: 1.50003, 0, 2.5
side: 0, 0, 0
front only
else
else
front: 0, 0.720806, 2.5
side: 0, 0, 0
front only
front: 0, 0, 2.5
back: 0, 0, 7.5
front back
photon_ene: 661.6 photon_theta: 0.247107 photon_phi: 4.36912
traject_len: 5
pe_len: 16.0074 cs_len: 2.31934
---
else
else
front: 0, 0, 2.5
side: 0, 0, 0
front only
else
else
else
else
front: 1.41392, 0, 2.5
side: 0, 0, 0
front only
else
else
front: 0, 1.18238, 2.5
side: 0, 0, 0
front only
else
else
front: 0, 0, 2.5
back: 0, 0, 7.5
front back
photon_ene: 661.6 photon_theta: 0.106462 photon_phi: 4.09686
traject_len: 5
pe_len: 2.28451 cs_len: 5.41758
---
else
else
else
else
else
else
else
else
front: 0.09133, 0, 2.5
side: 0, 0, 0
front only
else
else
front: 0, 1.26808, 2.5
side: 0, 0, 0
front only
else
else
else
front: 0, 0.625452, 2.5
side: 0, 0, 0
front only
else
else
else
else
else
else
else
else
front: 1.10595, 0, 2.5
side: 0, 0, 0
front only
else
else
else
else
front: 0, 0, 2.5
side: 0, 0, 0
front only
else
front: 0, 0, 2.5
side: 0, 0, 0
front only
else
else
front: 1.50456, 0.642605, 2.5
side: 0, 0, 0
front only
else
else
else
else
else
else
else
else
front: 0, 0, 2.5
side: 0, 0, 0
front only
front: 0, 0, 2.5
back: 0, 0, 7.5
front back
photon_ene: 661.6 photon_theta: 2.86112 photon_phi: 1.13968
traject_len: 5
pe_len: 7.67395 cs_len: 0.274249
---
front: 0.798365, 0, 2.5
side: 0, 0, 0
front only
front: 0, 0, 2.5
side: 0, 0, 0
front only
else
else
front: 0, 0.126794, 2.5
back: 0, 0.380381, 7.5
front back
photon_ene: 661.6 photon_theta: 2.91679 photon_phi: 6.05953
traject_len: 5.00643
pe_len: 5.11844 cs_len: 5.0543
---
else
else
else
else
front: 0.832159, 0.482443, 2.5
side: 0, 0, 0
front only
else
else
else
else
else
front: 0.707306, 0.85084, 2.5
side: 0, 0, 0
front only
else
else
else
else
else
front: 0, 0, 2.5
side: 0, 0, 0
front only
else
else
else
else
else
else
else
front: 0, 0.0944352, 2.5
back: 0, 0.283306, 7.5
front back
photon_ene: 661.6 photon_theta: 0.306414 photon_phi: 3.02191
traject_len: 5.00357
pe_len: 28.0909 cs_len: 1.43042
---
else
else
else
front: 0, 2.21649, 2.5
side: 0, 0, 0
front only
else
else
else
else
else
front: 0, 0, 2.5
side: 0, 0, 0
front only
else
else
front: 1.89417, 0, 2.5
side: 0, 0, 0
front only
front: 1.19312, 0, 2.5
side: 0, 0, 0
front only
else
front: 0.423902, 0, 2.5
back: 1.27171, 0, 7.5
front back
photon_ene: 661.6 photon_theta: 0.184401 photon_phi: 5.85345
traject_len: 5.07137
pe_len: 21.1228 cs_len: 0.80399
---
else
else
else
front: 1.11297, 0.236521, 2.5
side: 0, 0, 0
front only
else
else
else
else
else
front: 0.203634, 0.152031, 2.5
back: 0.610902, 0.456093, 7.5
front back
photon_ene: 661.6 photon_theta: 0.101303 photon_phi: 0.641314
traject_len: 5.02577
pe_len: 29.6664 cs_len: 3.40483
---
else
else
else
else
front: 0, 0, 2.5
side: 0, 0, 0
front only
else
else
else
else
else
front: 0, 0, 2.5
back: 0, 0, 7.5
front back
photon_ene: 661.6 photon_theta: 0.245334 photon_phi: 4.58946
traject_len: 5
pe_len: 22.8936 cs_len: 1.98209
---
else
else
front: 0, 0, 2.5
side: 0, 0, 0
front only
else
else
else
front: 0, 0, 2.5
back: 0, 0, 7.5
front back
photon_ene: 661.6 photon_theta: 0.291704 photon_phi: 3.32133
traject_len: 5
pe_len: 76.9715 cs_len: 2.01763
---
front: 2.25168, 0.608658, 2.5
side: 0, 0, 0
front only
else
front: 0, 0.338315, 2.5
side: 0, 0, 0
front only
else
else
else
else
else
else
else
else
else
front: 2.31215, 0, 2.5
side: 0, 0, 0
front only
else
else
else
front: 0, 1.63977, 2.5
side: 0, 0, 0
front only
else
front: 0.797193, 0, 2.5
side: 0, 0, 0
front only
front: 0, 0, 2.5
side: 0, 0, 0
front only
else
else
front: 1.15868, 1.5186, 2.5
side: 0, 0, 0
front only
else
else
else
front: 0, 0.637704, 2.5
side: 0, 0, 0
front only
else
front: 0.58553, 0, 2.5
side: 0, 0, 0
front only
front: 1.44405, 0, 2.5
side: 0, 0, 0
front only
else
else
else
else
else
else
else
front: 0, 0.0904473, 2.5
back: 0, 0.271342, 7.5
front back
photon_ene: 661.6 photon_theta: 0.24109 photon_phi: 2.99391
traject_len: 5.00327
pe_len: 1.78801 cs_len: 6.22976
---
front: 1.64298, 0.319036, 2.5
side: 0, 0, 0
front only
front: 1.06486, 0.361451, 2.5
side: 0, 0, 0
front only
front: 0, 0.153503, 2.5
side: 0, 0, 0
front only
else
front: 0.727685, 0.41504, 2.5
side: 0, 0, 0
front only
front: 0, 1.33212, 2.5
side: 0, 0, 0
front only
else
front: 0, 0, 2.5
side: 0, 0, 0
front only
else
else
else
front: 0, 1.04717, 2.5
side: 0, 0, 0
front only
else
front: 0, 0, 2.5
back: 0, 0, 7.5
front back
photon_ene: 661.6 photon_theta: 2.94765 photon_phi: 1.41965
traject_len: 5
pe_len: 69.4132 cs_len: 4.36517
---
else
else
else
else
else
else
front: 0, 0, 2.5
side: 0, 0, 0
front only
front: 0, 0, 2.5
side: 0, 0, 0
front only
front: 1.41239, 0, 2.5
side: 0, 0, 0
front only
else
else
else
else
else
front: 2.23624, 0.210261, 2.5
side: 0, 0, 0
front only
else
front: 0, 0.823425, 2.5
side: 0, 0, 0
front only
else
else
else
else
else
front: 0.174513, 0, 2.5
side: 0, 0, 0
front only
else
front: 0, 1.03207, 2.5
side: 0, 0, 0
front only
else
else
front: 0.442499, 2.05986, 2.5
side: 0, 0, 0
front only
else
else
else
front: 0, 0, 2.5
back: 0, 0, 7.5
front back
photon_ene: 661.6 photon_theta: 0.292187 photon_phi: 4.27242
traject_len: 5
pe_len: 164.572 cs_len: 3.98253
---
else
else
else
else
front: 1.75704, 0.075973, 2.5
side: 0, 0, 0
front only
else
else
else
else
front: 0, 0, 2.5
back: 0, 0, 7.5
front back
photon_ene: 661.6 photon_theta: 0.075936 photon_phi: 4.61538
traject_len: 5
pe_len: 3.64406 cs_len: 4.00434
---
front: 1.49426, 1.31386, 2.5
side: 0, 0, 0
front only
else
front: 1.11933, 0.0214238, 2.5
side: 0, 0, 0
front only
else
else
front: 0, 0, 2.5
side: 0, 0, 0
front only
else
else
else
else
else
front: 0, 0, 2.5
back: 0, 0, 7.5
front back
photon_ene: 661.6 photon_theta: 0.150019 photon_phi: 3.64021
traject_len: 5
pe_len: 21.027 cs_len: 0.727422
---
else
else
front: 0, 0.215229, 2.5
side: 0, 0, 0
front only
else
front: 0, 0.400065, 2.5
side: 0, 0, 0
front only
else
else
else
else
else
else
front: 0, 0.233946, 2.5
back: 0, 0.701837, 7.5
front back
photon_ene: 661.6 photon_theta: 3.03199 photon_phi: 5.26643
traject_len: 5.02184
pe_len: 87.3333 cs_len: 1.12417
---
else
else
else
front: 0.794319, 0, 2.5
side: 0, 0, 0
front only
front: 0.157961, 0.0205404, 2.5
back: 0.473884, 0.0616211, 7.5
front back
photon_ene: 661.6 photon_theta: 3.07796 photon_phi: 3.2709
traject_len: 5.01014
pe_len: 6.43652 cs_len: 8.76769
---
front: 0.525305, 1.53418, 2.5
side: 0, 0, 0
front only
else
front: 1.68445, 0.504467, 2.5
side: 0, 0, 0
front only
else
else
else
else
front: 0, 0, 2.5
side: 0, 0, 0
front only
else
front: 0, 2.11233, 2.5
side: 0, 0, 0
front only
else
else
front: 1.34664, 0, 2.5
side: 0, 0, 0
front only
front: 0.797361, 0.0472775, 2.5
back: 2.39208, 0.141833, 7.5
front back
photon_ene: 661.6 photon_theta: 2.83234 photon_phi: 3.20082
traject_len: 5.24901
pe_len: 93.9533 cs_len: 1.95029
---
else
else
else
else
else
front: 0.112466, 0.461899, 2.5
back: 0.337397, 1.3857, 7.5
front back
photon_ene: 661.6 photon_theta: 2.95368 photon_phi: 4.47355
traject_len: 5.0896
pe_len: 32.0082 cs_len: 7.85998
---
front: 0, 1.66457, 2.5
side: 0, 0, 0
front only
front: 0, 1.79051, 2.5
side: 0, 0, 0
front only
else
else
else
else
else
else
front: 0.134919, 0, 2.5
side: 0, 0, 0
front only
front: 0.244371, 1.24629, 2.5
side: 0, 0, 0
front only
else
front: 1.06257, 0.331208, 2.5
side: 0, 0, 0
front only
front: 1.17335, 1.97346, 2.5
side: 0, 0, 0
front only
else
front: 0, 0.93789, 2.5
side: 0, 0, 0
front only
else
else
else
else
front: 0.787802, 2.00773, 2.5
side: 0, 0, 0
front only
else
front: 0, 0, 2.5
side: 0, 0, 0
front only
else
front: 0, 2.18999, 2.5
side: 0, 0, 0
front only
front: 0, 0.564499, 2.5
back: 0, 1.6935, 7.5
front back
photon_ene: 661.6 photon_theta: 0.276418 photon_phi: 2.22099
traject_len: 5.12588
pe_len: 19.6865 cs_len: 1.9103
---
front: 1.72726, 0, 2.5
side: 0, 0, 0
front only
front: 0, 0.159422, 2.5
back: 0, 0.478267, 7.5
front back
photon_ene: 661.6 photon_theta: 0.292413 photon_phi: 2.92815
traject_len: 5.01016
pe_len: 5.08174 cs_len: 2.05812
---
front: 0, 0.666899, 2.5
back: 0, 2.0007, 7.5
front back
photon_ene: 661.6 photon_theta: 0.268277 photon_phi: 1.81481
traject_len: 5.17484
pe_len: 14.5859 cs_len: 8.77196
---
else
else
else
front: 1.18942, 1.84776, 2.5
side: 0, 0, 0
front only
else
else
else
front: 0.166121, 0.131449, 2.5
back: 0.498362, 0.394346, 7.5
front back
photon_ene: 661.6 photon_theta: 0.0845328 photon_phi: 0.669403
traject_len: 5.01792
pe_len: 67.4901 cs_len: 2.29214
---
front: 0, 0, 2.5
side: 0, 0, 0
front only
else
else
else
else
front: 0, 0, 2.5
back: 0, 0, 7.5
front back
photon_ene: 661.6 photon_theta: 3.02607 photon_phi: 0.499161
traject_len: 5
pe_len: 18.3522 cs_len: 0.310747
---
else
else
else
else
else
else
front: 1.01627, 0, 2.5
side: 0, 0, 0
front only
else
else
else
else
else
else
front: 0, 0.0839756, 2.5
back: 0, 0.251927, 7.5
front back
photon_ene: 661.6 photon_theta: 0.157116 photon_phi: 2.92794
traject_len: 5.00282
pe_len: 0.0781421 cs_len: 5.60903
---
else
else
else
front: 0, 1.8926, 2.5
side: 0, 0, 0
front only
else
front: 0.20133, 0, 2.5
back: 0.60399, 0, 7.5
front back
photon_ene: 661.6 photon_theta: 0.274368 photon_phi: 5.00256
traject_len: 5.01619
pe_len: 63.9934 cs_len: 1.50154
---
else
else
else
front: 0.24647, 0, 2.5
side: 0, 0, 0
front only
else
front: 0, 0.0349109, 2.5
back: 0, 0.104733, 7.5
front back
photon_ene: 661.6 photon_theta: 0.0978539 photon_phi: 2.99886
traject_len: 5.00049
pe_len: 5.88236 cs_len: 0.658946
---
else
else
else
else
else
else
front: 0.0256903, 0, 2.5
back: 0.0770708, 0, 7.5
front back
photon_ene: 661.6 photon_theta: 0.243435 photon_phi: 4.75378
traject_len: 5.00026
pe_len: 8.03148 cs_len: 1.75487
---
else
else
else
front: 1.53232, 0, 2.5
side: 0, 0, 0
front only
else
else
else
else
else
front: 0, 2.03967, 2.5
side: 0, 0, 0
front only
else
front: 0.503555, 0, 2.5
side: 0, 0, 0
front only
else
front: 0, 0, 2.5
side: 0, 0, 0
front only
else
else
else
front: 0.924721, 1.36382, 2.5
side: 0, 0, 0
front only
front: 0, 0.541291, 2.5
side: 0, 0, 0
front only
front: 0, 1.17146, 2.5
side: 0, 0, 0
front only
front: 1.71761, 0.215631, 2.5
side: 0, 0, 0
front only
else
else
else
else
front: 0, 0, 2.5
side: 0, 0, 0
front only
else
else
else
else
else
front: 0.385357, 0, 2.5
side: 0, 0, 0
front only
else
front: 0.250983, 0, 2.5
side: 0, 0, 0
front only
front: 0.0660249, 0, 2.5
back: 0.198075, 0, 7.5
front back
photon_ene: 661.6 photon_theta: 0.200525 photon_phi: 4.84269
traject_len: 5.00174
pe_len: 58.6983 cs_len: 0.258933
---
else
else
front: 0, 0.306991, 2.5
side: 0, 0, 0
front only
else
front: 1.49576, 0, 2.5
side: 0, 0, 0
front only
front: 0, 0, 2.5
side: 0, 0, 0
front only
else
else
else
else
else
else
front: 0, 0, 2.5
side: 0, 0, 0
front only
else
front: 0.0997057, 1.03387, 2.5
side: 0, 0, 0
front only
else
else
else
else
else
front: 0, 0.129439, 2.5
side: 0, 0, 0
front only
else
else
else
front: 0.884952, 0, 2.5
side: 0, 0, 0
front only
else
else
else
else
else
front: 1.46014, 0.907445, 2.5
side: 0, 0, 0
front only
front: 0, 0, 2.5
side: 0, 0, 0
front only
else
else
front: 1.25351, 0.567627, 2.5
side: 0, 0, 0
front only
front: 1.30537, 0.100302, 2.5
side: 0, 0, 0
front only
front: 0.754008, 0.0312602, 2.5
back: 2.26202, 0.0937807, 7.5
front back
photon_ene: 661.6 photon_theta: 0.293164 photon_phi: 0.041435
traject_len: 5.22284
pe_len: 9.82689 cs_len: 1.26766
---
front: 0, 0.730999, 2.5
back: 0, 2.193, 7.5
front back
photon_ene: 661.6 photon_theta: 2.83793 photon_phi: 5.08018
traject_len: 5.20936
pe_len: 4.26136 cs_len: 0.345821
---
else
else
front: 0, 1.64435, 2.5
side: 0, 0, 0
front only
else
else
else
front: 0, 0, 2.5
back: 0, 0, 7.5
front back
photon_ene: 661.6 photon_theta: 2.95053 photon_phi: 0.467203
traject_len: 5
pe_len: 35.1759 cs_len: 0.538187
---
else
else
else
else
front: 0, 0, 2.5
back: 0, 0, 7.5
front back
photon_ene: 661.6 photon_theta: 0.264136 photon_phi: 3.183
traject_len: 5
pe_len: 26.5357 cs_len: 0.809065
---
else
front: 1.97354, 1.00225, 2.5
side: 0, 0, 0
front only
else
front: 1.82658, 0, 2.5
side: 0, 0, 0
front only
else
else
front: 1.48575, 0, 2.5
side: 0, 0, 0
front only
else
else
else
else
else
else
else
else
else
else
front: 1.52793, 0.392615, 2.5
side: 0, 0, 0
front only
else
front: 0.111378, 0.187397, 2.5
back: 0.334135, 0.56219, 7.5
front back
photon_ene: 661.6 photon_theta: 0.0869787 photon_phi: 1.03455
traject_len: 5.01897
pe_len: 91.561 cs_len: 0.678742
---
else
front: 0.609127, 0.152816, 2.5
back: 1.82738, 0.458448, 7.5
front back
photon_ene: 661.6 photon_theta: 0.246109 photon_phi: 0.245804
traject_len: 5.15534
pe_len: 124.592 cs_len: 0.507628
---
front: 0, 0, 2.5
side: 0, 0, 0
front only
else
front: 0, 1.69341, 2.5
side: 0, 0, 0
front only
front: 0, 0.381468, 2.5
side: 0, 0, 0
front only
else
else
else
else
else
else
front: 0, 1.4412, 2.5
side: 0, 0, 0
front only
else
else
front: 0.672574, 0.937307, 2.5
side: 0, 0, 0
front only
front: 0.996827, 0, 2.5
side: 0, 0, 0
front only
front: 0, 0, 2.5
side: 0, 0, 0
front only
else
front: 0, 1.22105, 2.5
side: 0, 0, 0
front only
front: 0, 0, 2.5
side: 0, 0, 0
front only
else
front: 0.132616, 0, 2.5
back: 0.397847, 0, 7.5
front back
photon_ene: 661.6 photon_theta: 3.08544 photon_phi: 2.80432
traject_len: 5.00703
pe_len: 23.5006 cs_len: 3.34815
---
else
else
else
else
front: 0.974807, 0, 2.5
side: 0, 0, 0
front only
else
else
else
front: 0, 0.643926, 2.5
back: 0, 1.93178, 7.5
front back
photon_ene: 661.6 photon_theta: 0.268808 photon_phi: 1.93333
traject_len: 5.16319
pe_len: 47.0662 cs_len: 3.93639
---
else
else
front: 0.514745, 0.0417334, 2.5
back: 1.54423, 0.1252, 7.5
front back
photon_ene: 661.6 photon_theta: 0.203708 photon_phi: 0.0808989
traject_len: 5.10557
pe_len: 14.7964 cs_len: 1.25698
---
front: 0, 0, 2.5
side: 0, 0, 0
front only
front: 0, 0, 2.5
side: 0, 0, 0
front only
else
else
else
else
else
else
else
front: 0, 0, 2.5
side: 0, 0, 0
front only
else
else
else
else
else
else
else
front: 0.0285835, 0.0459501, 2.5
back: 0.0857506, 0.13785, 7.5
front back
photon_ene: 661.6 photon_theta: 3.11995 photon_phi: 4.15591
traject_len: 5.00117
pe_len: 28.6008 cs_len: 1.27041
---
else
else
front: 1.68493, 0.283194, 2.5
side: 0, 0, 0
front only
else
else
else
else
else
else
front: 0.0715736, 0.170818, 2.5
back: 0.214721, 0.512455, 7.5
front back
photon_ene: 661.6 photon_theta: 0.0739478 photon_phi: 1.17402
traject_len: 5.0137
pe_len: 10.248 cs_len: 3.46551
---
front: 0.565964, 2.07676, 2.5
side: 0, 0, 0
front only
else
else
else
else
else
else
front: 0.607568, 0.684453, 2.5
side: 0, 0, 0
front only
else
else
else
front: 0.31204, 0, 2.5
side: 0, 0, 0
front only
else
else
else
else
front: 0.936195, 0.837607, 2.5
side: 0, 0, 0
front only
else
front: 0, 0, 2.5
side: 0, 0, 0
front only
else
front: 0, 1.45018, 2.5
side: 0, 0, 0
front only
else
else
else
else
else
front: 0.406309, 1.80751, 2.5
side: 0, 0, 0
front only
front: 0, 1.28189, 2.5
side: 0, 0, 0
front only
else
front: 0, 0.00716126, 2.5
side: 0, 0, 0
front only
front: 0, 0.669776, 2.5
side: 0, 0, 0
front only
else
else
else
else
front: 0, 0, 2.5
side: 0, 0, 0
front only
else
else
front: 0.57969, 1.95946, 2.5
side: 0, 0, 0
front only
front: 0, 0.221616, 2.5
side: 0, 0, 0
front only
else
else
else
else
else
front: 0, 0.463255, 2.5
side: 0, 0, 0
front only
else
else
else
else
else
else
front: 0.806279, 2.22554, 2.5
side: 0, 0, 0
front only
else
else
else
front: 0.307142, 0, 2.5
side: 0, 0, 0
front only
front: 1.23501, 0, 2.5
side: 0, 0, 0
front only
else
else
else
front: 0, 0, 2.5
side: 0, 0, 0
front only
else
else
else
front: 0.145938, 0, 2.5
side: 0, 0, 0
front only
else
else
else
else
else
else
else
front: 1.29046, 0.601147, 2.5
side: 0, 0, 0
front only
else
else
else
else
else
else
else
else
front: 0, 0, 2.5
side: 0, 0, 0
front only
else
else
else
else
else
else
else
else
else
else
else
else
else
else
else
else
front: 1.97246, 0.0261114, 2.5
side: 0, 0, 0
front only
else
else
front: 1.14482, 0, 2.5
side: 0, 0, 0
front only
else
else
else
else
front: 2.08227, 0.928524, 2.5
side: 0, 0, 0
front only
else
front: 0.0861738, 1.78643, 2.5
side: 0, 0, 0
front only
else
else
else
else
else
else
front: 0, 0, 2.5
side: 0, 0, 0
front only
front: 1.20528, 1.81776, 2.5
side: 0, 0, 0
front only
else
else
front: 1.35285, 0, 2.5
side: 0, 0, 0
front only
else
else
else
else
front: 1.06772, 0.950421, 2.5
side: 0, 0, 0
front only
else
front: 0, 0, 2.5
side: 0, 0, 0
front only
else
else
else
else
else
front: 0, 0.271313, 2.5
side: 0, 0, 0
front only
else
else
else
else
else
else
else
else
front: 0.689986, 0, 2.5
side: 0, 0, 0
front only
front: 2.06089, 0, 2.5
side: 0, 0, 0
front only
else
else
front: 1.64497, 1.30742, 2.5
side: 0, 0, 0
front only
front: 0.0161941, 0.417607, 2.5
back: 0.0485822, 1.25282, 7.5
front back
photon_ene: 661.6 photon_theta: 2.97596 photon_phi: 4.67363
traject_len: 5.06938
pe_len: 18.0426 cs_len: 0.160595
---
else
else
else
front: 0, 0.133378, 2.5
side: 0, 0, 0
front only
else
else
else
else
front: 2.22108, 0, 2.5
side: 0, 0, 0
front only
else
else
front: 0, 0, 2.5
side: 0, 0, 0
front only
else
else
else
else
else
else
else
else
else
front: 0, 0, 2.5
side: 0, 0, 0
front only
front: 1.15511, 0, 2.5
side: 0, 0, 0
front only
else
else
else
else
else
front: 0.86945, 0.259771, 2.5
side: 0, 0, 0
front only
else
else
else
front: 1.92124, 0.0664164, 2.5
side: 0, 0, 0
front only
else
front: 0, 0, 2.5
side: 0, 0, 0
front only
front: 0, 0, 2.5
side: 0, 0, 0
front only
front: 0, 0.345506, 2.5
side: 0, 0, 0
front only
else
else
else
else
front: 0, 1.33728, 2.5
side: 0, 0, 0
front only
else
front: 0, 0.53072, 2.5
side: 0, 0, 0
front only
front: 0, 0, 2.5
side: 0, 0, 0
front only
front: 2.01125, 0, 2.5
side: 0, 0, 0
front only
else
front: 0.50925, 0, 2.5
side: 0, 0, 0
front only
front: 0, 0.0749683, 2.5
side: 0, 0, 0
front only
else
else
else
else
else
front: 0, 0, 2.5
side: 0, 0, 0
front only
else
else
else
front: 1.38058, 1.35778, 2.5
side: 0, 0, 0
front only
else
else
else
else
else
front: 0.984723, 1.45002, 2.5
side: 0, 0, 0
front only
front: 0, 0, 2.5
side: 0, 0, 0
front only
front: 0, 0.118739, 2.5
back: 0, 0.356217, 7.5
front back
photon_ene: 661.6 photon_theta: 0.144549 photon_phi: 2.80922
traject_len: 5.00564
pe_len: 6.51317 cs_len: 7.25789
---
else
else
else
else
else
front: 0, 1.02999, 2.5
side: 0, 0, 0
front only
else
front: 0.583035, 0.676953, 2.5
side: 0, 0, 0
front only
else
front: 0.262794, 2.18164, 2.5
side: 0, 0, 0
front only
else
else
else
else
else
else
else
else
front: 0, 0, 2.5
back: 0, 0, 7.5
front back
photon_ene: 661.6 photon_theta: 0.253202 photon_phi: 4.25569
traject_len: 5
pe_len: 5.36142 cs_len: 0.0508045
---
else
else
else
else
else
else
else
else
else
front: 0, 0.703999, 2.5
side: 0, 0, 0
front only
else
front: 1.29869, 1.61386, 2.5
side: 0, 0, 0
front only
else
else
else
front: 0, 0.558004, 2.5
back: 0, 1.67401, 7.5
front back
photon_ene: 661.6 photon_theta: 0.284881 photon_phi: 2.27492
traject_len: 5.12303
pe_len: 5.06482 cs_len: 2.36777
---
else
else
else
else
else
front: 0, 0, 2.5
back: 0, 0, 7.5
front back
photon_ene: 661.6 photon_theta: 2.83147 photon_phi: 0.772841
traject_len: 5
pe_len: 33.0078 cs_len: 0.170549
---
else
else
else
else
else
else
else
front: 1.9424, 0.229479, 2.5
side: 0, 0, 0
front only
else
else
front: 0.451894, 0, 2.5
back: 1.35568, 0, 7.5
front back
photon_ene: 661.6 photon_theta: 2.83695 photon_phi: 2.18324
traject_len: 5.08103
pe_len: 28.6561 cs_len: 1.9396
---
else
else
front: 0, 0, 2.5
side: 0, 0, 0
front only
else
else
else
else
else
else
else
else
front: 0.205104, 0, 2.5
side: 0, 0, 0
front only
else
else
else
front: 0, 0, 2.5
side: 0, 0, 0
front only
front: 0, 0.0651933, 2.5
side: 0, 0, 0
front only
front: 1.94812, 0, 2.5
side: 0, 0, 0
front only
else
front: 1.32938, 0.740644, 2.5
side: 0, 0, 0
front only
else
else
front: 0, 0, 2.5
side: 0, 0, 0
front only
front: 1.63405, 0, 2.5
side: 0, 0, 0
front only
else
else
else
else
front: 0, 0, 2.5
side: 0, 0, 0
front only
else
else
else
else
else
else
front: 0, 2.25455, 2.5
side: 0, 0, 0
front only
else
else
front: 1.41617, 0, 2.5
side: 0, 0, 0
front only
front: 0, 0, 2.5
side: 0, 0, 0
front only
else
else
else
else
else
else
else
else
else
else
else
else
else
else
else
else
else
else
else
else
else
else
else
else
else
else
front: 0.855447, 0, 2.5
side: 0, 0, 0
front only
else
front: 0, 0, 2.5
side: 0, 0, 0
front only
front: 0, 0, 2.5
back: 0, 0, 7.5
front back
photon_ene: 661.6 photon_theta: 3.00384 photon_phi: 0.0578563
traject_len: 5
pe_len: 47.4956 cs_len: 1.06807
---
else
else
front: 0, 0, 2.5
side: 0, 0, 0
front only
front: 0.176315, 0, 2.5
back: 0.528944, 0, 7.5
front back
photon_ene: 661.6 photon_theta: 0.235214 photon_phi: 5.0111
traject_len: 5.01242
pe_len: 4.30396 cs_len: 6.84931
---
front: 1.33417, 0.278166, 2.5
side: 0, 0, 0
front only
else
front: 1.59156, 0, 2.5
side: 0, 0, 0
front only
else
else
else
else
else
front: 2.04715, 0, 2.5
side: 0, 0, 0
front only
else
else
else
else
else
else
front: 0.317829, 0, 2.5
side: 0, 0, 0
front only
else
front: 0.892447, 0.257776, 2.5
side: 0, 0, 0
front only
else
else
else
else
else
front: 0, 0, 2.5
back: 0, 0, 7.5
front back
photon_ene: 661.6 photon_theta: 2.85079 photon_phi: 0.580304
traject_len: 5
pe_len: 17.0742 cs_len: 6.21872
---
else
front: 0, 1.49976, 2.5
side: 0, 0, 0
front only
front: 0.261155, 2.32481, 2.5
side: 0, 0, 0
front only
else
front: 1.73968, 0.512145, 2.5
side: 0, 0, 0
front only
else
front: 1.26904, 0.97414, 2.5
side: 0, 0, 0
front only
else
front: 0.845752, 2.07843, 2.5
side: 0, 0, 0
front only
else
else
else
else
else
else
else
front: 0, 0.766091, 2.5
back: 0, 2.29827, 7.5
front back
photon_ene: 661.6 photon_theta: 0.298178 photon_phi: 1.64753
traject_len: 5.22949
pe_len: 29.8268 cs_len: 1.29322
---
else
else
else
else
front: 0, 0.279948, 2.5
side: 0, 0, 0
front only
else
else
else
front: 1.48463, 1.58662, 2.5
side: 0, 0, 0
front only
else
else
else
front: 0, 1.00244, 2.5
side: 0, 0, 0
front only
else
else
else
front: 1.26898, 1.48099, 2.5
side: 0, 0, 0
front only
else
front: 0, 0.0803376, 2.5
back: 0, 0.241013, 7.5
front back
photon_ene: 661.6 photon_theta: 2.8386 photon_phi: 6.18021
traject_len: 5.00258
pe_len: 27.5583 cs_len: 7.85474
---
else
else
else
else
else
else
else
else
else
front: 0, 0.980455, 2.5
side: 0, 0, 0
front only
else
else
front: 1.0554, 1.24939, 2.5
side: 0, 0, 0
front only
front: 0, 0.674116, 2.5
back: 0, 2.02235, 7.5
front back
photon_ene: 661.6 photon_theta: 0.267291 photon_phi: 1.74612
traject_len: 5.17858
pe_len: 97.6545 cs_len: 0.586644
---
front: 0.699618, 1.01641, 2.5
side: 0, 0, 0
front only
front: 0.376709, 1.03025, 2.5
side: 0, 0, 0
front only
else
else
else
else
else
else
else
front: 0, 0, 2.5
side: 0, 0, 0
front only
else
else
else
front: 0, 1.00138, 2.5
side: 0, 0, 0
front only
else
else
else
front: 1.17969, 0, 2.5
side: 0, 0, 0
front only
else
else
else
else
else
front: 1.27113, 0, 2.5
side: 0, 0, 0
front only
else
else
else
else
else
else
front: 0.892816, 0, 2.5
side: 0, 0, 0
front only
else
front: 0.0111042, 1.31981, 2.5
side: 0, 0, 0
front only
else
front: 0.458644, 0, 2.5
side: 0, 0, 0
front only
else
front: 1.16813, 0.0614296, 2.5
side: 0, 0, 0
front only
else
front: 0, 0, 2.5
back: 0, 0, 7.5
front back
photon_ene: 661.6 photon_theta: 2.89668 photon_phi: 0.720526
traject_len: 5
pe_len: 35.1201 cs_len: 2.68325
---
front: 1.41964, 0, 2.5
side: 0, 0, 0
front only
else
front: 0, 0.655706, 2.5
side: 0, 0, 0
front only
else
else
else
else
else
else
else
else
front: 1.8844, 0, 2.5
side: 0, 0, 0
front only
else
else
else
else
front: 0, 0, 2.5
side: 0, 0, 0
front only
else
else
front: 0, 1.32895, 2.5
side: 0, 0, 0
front only
else
else
else
else
front: 0, 0, 2.5
side: 0, 0, 0
front only
front: 0, 1.76065, 2.5
side: 0, 0, 0
front only
else
front: 1.6216, 1.14787, 2.5
side: 0, 0, 0
front only
else
else
else
else
else
else
else
front: 0.74195, 2.18662, 2.5
side: 0, 0, 0
front only
front: 0, 1.18262, 2.5
side: 0, 0, 0
front only
else
front: 0, 0.0737505, 2.5
side: 0, 0, 0
front only
front: 0, 0.65948, 2.5
back: 0, 1.97844, 7.5
front back
photon_ene: 661.6 photon_theta: 0.294822 photon_phi: 2.08908
traject_len: 5.17104
pe_len: 12.1895 cs_len: 0.660363
---
front: 0.247626, 2.39534, 2.5
side: 0, 0, 0
front only
front: 0, 0.260375, 2.5
side: 0, 0, 0
front only
else
else
else
else
else
else
else
else
else
front: 0, 0.70798, 2.5
side: 0, 0, 0
front only
else
else
else
else
else
else
front: 0.942981, 0.420212, 2.5
side: 0, 0, 0
front only
else
else
else
else
else
else
else
else
else
else
else
front: 0, 1.35036, 2.5
side: 0, 0, 0
front only
else
else
else
front: 1.9817, 0.947979, 2.5
side: 0, 0, 0
front only
else
else
front: 0, 0, 2.5
side: 0, 0, 0
front only
front: 0, 1.12705, 2.5
side: 0, 0, 0
front only
else
else
else
else
front: 1.50767, 0, 2.5
side: 0, 0, 0
front only
else
else
else
else
else
else
else
front: 1.01564, 0, 2.5
side: 0, 0, 0
front only
else
else
front: 0.746684, 0, 2.5
side: 0, 0, 0
front only
front: 0.0231099, 0.0501689, 2.5
back: 0.0693298, 0.150507, 7.5
front back
photon_ene: 661.6 photon_theta: 0.0220907 photon_phi: 1.13913
traject_len: 5.00122
pe_len: 7.1924 cs_len: 6.09201
---
else
else
front: 0, 0.287325, 2.5
side: 0, 0, 0
front only
front: 0.504505, 0, 2.5
side: 0, 0, 0
front only
front: 0, 0, 2.5
side: 0, 0, 0
front only
else
else
else
front: 1.28403, 0.716293, 2.5
side: 0, 0, 0
front only
front: 2.08111, 0, 2.5
side: 0, 0, 0
front only
else
else
front: 0, 0, 2.5
side: 0, 0, 0
front only
front: 0, 0.547394, 2.5
side: 0, 0, 0
front only
else
front: 0, 0.786297, 2.5
side: 0, 0, 0
front only
else
else
front: 0, 1.17468, 2.5
side: 0, 0, 0
front only
else
else
else
else
front: 0, 0, 2.5
side: 0, 0, 0
front only
front: 0.601036, 0, 2.5
side: 0, 0, 0
front only
else
else
else
else
front: 0, 0, 2.5
side: 0, 0, 0
front only
front: 0, 0.9037, 2.5
side: 0, 0, 0
front only
front: 0, 0, 2.5
side: 0, 0, 0
front only
else
else
else
front: 0, 0, 2.5
side: 0, 0, 0
front only
else
else
else
front: 1.52301, 0, 2.5
side: 0, 0, 0
front only
front: 1.22755, 0.080274, 2.5
side: 0, 0, 0
front only
else
else
else
else
else
else
else
else
else
front: 0.433978, 0, 2.5
side: 0, 0, 0
front only
else
else
else
else
front: 0.794048, 0, 2.5
side: 0, 0, 0
front only
else
else
else
front: 1.38679, 0, 2.5
side: 0, 0, 0
front only
else
front: 0, 0, 2.5
side: 0, 0, 0
front only
front: 0, 0, 2.5
side: 0, 0, 0
front only
else
else
front: 0, 1.36818, 2.5
side: 0, 0, 0
front only
front: 0, 0, 2.5
side: 0, 0, 0
front only
else
else
else
front: 0, 1.36932, 2.5
side: 0, 0, 0
front only
else
else
else
front: 0.839049, 0, 2.5
side: 0, 0, 0
front only
front: 0, 0.0954938, 2.5
side: 0, 0, 0
front only
else
else
front: 0.844656, 0.71857, 2.5
side: 0, 0, 0
front only
front: 0.783235, 0, 2.5
side: 0, 0, 0
front only
else
else
else
else
front: 0, 0.434552, 2.5
side: 0, 0, 0
front only
front: 1.05812, 0, 2.5
side: 0, 0, 0
front only
front: 0, 0, 2.5
side: 0, 0, 0
front only
front: 0, 0, 2.5
side: 0, 0, 0
front only
else
else
else
else
front: 0, 0.320437, 2.5
side: 0, 0, 0
front only
else
else
else
else
front: 0.673018, 0, 2.5
side: 0, 0, 0
front only
else
else
else
else
front: 0, 0, 2.5
back: 0, 0, 7.5
front back
photon_ene: 661.6 photon_theta: 0.29026 photon_phi: 3.761
traject_len: 5
pe_len: 15.0679 cs_len: 3.75686
---
else
front: 1.67899, 0, 2.5
side: 0, 0, 0
front only
front: 0, 0, 2.5
side: 0, 0, 0
front only
else
else
else
else
else
else
else
else
front: 0, 0.063882, 2.5
back: 0, 0.191646, 7.5
front back
photon_ene: 661.6 photon_theta: 2.9066 photon_phi: 6.17625
traject_len: 5.00163
pe_len: 39.946 cs_len: 0.743577
---
else
front: 0.0893562, 0.648296, 2.5
back: 0.268068, 1.94489, 7.5
front back
photon_ene: 661.6 photon_theta: 2.88557 photon_phi: 4.57542
traject_len: 5.16847
pe_len: 0.590475 cs_len: 0.948182
---
else
front: 0, 0, 2.5
back: 0, 0, 7.5
front back
photon_ene: 661.6 photon_theta: 0.174587 photon_phi: 4.04877
traject_len: 5
pe_len: 7.18985 cs_len: 1.65539
---
else
else
front: 0, 0.501475, 2.5
side: 0, 0, 0
front only
front: 1.13559, 0, 2.5
side: 0, 0, 0
front only
else
else
else
else
else
else
else
front: 0, 0, 2.5
side: 0, 0, 0
front only
front: 0, 0.044812, 2.5
back: 0, 0.134436, 7.5
front back
photon_ene: 661.6 photon_theta: 0.31662 photon_phi: 3.08686
traject_len: 5.0008
pe_len: 96.2684 cs_len: 5.1686
---
else
else
else
else
else
else
else
front: 1.06655, 0, 2.5
side: 0, 0, 0
front only
front: 0.553275, 0, 2.5
back: 1.65982, 0, 7.5
front back
photon_ene: 661.6 photon_theta: 0.225581 photon_phi: 6.01543
traject_len: 5.12098
pe_len: 1.73643 cs_len: 5.07114
---
else
else
else
else
else
else
else
else
else
else
else
else
else
front: 0, 0.0183778, 2.5
side: 0, 0, 0
front only
else
else
front: 0, 0, 2.5
side: 0, 0, 0
front only
else
else
else
else
else
else
else
else
else
else
else
else
front: 1.62248, 0, 2.5
side: 0, 0, 0
front only
else
else
else
else
else
else
else
front: 0.857338, 0, 2.5
side: 0, 0, 0
front only
else
else
front: 1.32054, 0, 2.5
side: 0, 0, 0
front only
else
else
else
else
front: 0, 0.886654, 2.5
side: 0, 0, 0
front only
else
front: 0, 0.713606, 2.5
side: 0, 0, 0
front only
else
else
else
front: 0.990256, 0.0753002, 2.5
side: 0, 0, 0
front only
front: 0.88067, 0, 2.5
side: 0, 0, 0
front only
else
else
front: 0.248419, 0, 2.5
back: 0.745257, 0, 7.5
front back
photon_ene: 661.6 photon_theta: 0.10144 photon_phi: 6.0646
traject_len: 5.02462
pe_len: 21.2554 cs_len: 2.93919
---
else
else
else
else
else
else
else
front: 0, 0, 2.5
side: 0, 0, 0
front only
else
front: 0.0350056, 0.821541, 2.5
back: 0.105017, 2.46462, 7.5
front back
photon_ene: 661.6 photon_theta: 2.82382 photon_phi: 4.6698
traject_len: 5.26352
pe_len: 8.70156 cs_len: 6.67486
---
front: 1.61567, 0, 2.5
side: 0, 0, 0
front only
else
else
else
front: 0, 0, 2.5
side: 0, 0, 0
front only
else
else
else
else
else
front: 0.363727, 0.687731, 2.5
back: 1.09118, 2.06319, 7.5
front back
photon_ene: 661.6 photon_theta: 0.301697 photon_phi: 1.08431
traject_len: 5.23651
pe_len: 46.4039 cs_len: 4.68425
---
front: 2.28741, 0, 2.5
side: 0, 0, 0
front only
else
else
else
else
front: 0, 0, 2.5
side: 0, 0, 0
front only
else
else
else
else
front: 0, 0, 2.5
side: 0, 0, 0
front only
front: 0, 0.441899, 2.5
side: 0, 0, 0
front only
else
front: 0, 0, 2.5
back: 0, 0, 7.5
front back
photon_ene: 661.6 photon_theta: 3.02945 photon_phi: 1.02014
traject_len: 5
pe_len: 41.7654 cs_len: 3.73441
---
else
front: 0, 1.52846, 2.5
side: 0, 0, 0
front only
front: 0, 0.80875, 2.5
side: 0, 0, 0
front only
else
else
else
else
else
else
else
else
front: 0, 0, 2.5
side: 0, 0, 0
front only
else
else
else
else
else
else
else
else
else
else
else
else
else
else
front: 0.710439, 0, 2.5
side: 0, 0, 0
front only
else
else
front: 0, 0, 2.5
side: 0, 0, 0
front only
else
else
else
else
else
front: 1.24866, 0.956264, 2.5
side: 0, 0, 0
front only
front: 0, 0, 2.5
side: 0, 0, 0
front only
else
front: 0.919655, 0, 2.5
side: 0, 0, 0
front only
else
else
else
else
else
else
front: 1.28664, 0.753828, 2.5
side: 0, 0, 0
front only
else
front: 1.79247, 1.14386, 2.5
side: 0, 0, 0
front only
front: 0, 0.0890898, 2.5
side: 0, 0, 0
front only
else
front: 0.991599, 1.46807, 2.5
side: 0, 0, 0
front only
else
else
front: 0, 0.702549, 2.5
back: 0, 2.10765, 7.5
front back
photon_ene: 661.6 photon_theta: 2.85622 photon_phi: 5.00372
traject_len: 5.19368
pe_len: 70.6413 cs_len: 1.93164
---
else
else
else
front: 0, 0.09121, 2.5
side: 0, 0, 0
front only
front: 0, 0.764787, 2.5
side: 0, 0, 0
front only
else
else
else
else
else
else
else
front: 0.0994401, 0, 2.5
side: 0, 0, 0
front only
else
else
else
else
front: 1.82788, 0, 2.5
side: 0, 0, 0
front only
else
front: 0.695962, 0.989923, 2.5
side: 0, 0, 0
front only
front: 0.781844, 0, 2.5
side: 0, 0, 0
front only
front: 0.780274, 0.265516, 2.5
back: 2.34082, 0.796548, 7.5
front back
photon_ene: 661.6 photon_theta: 0.318463 photon_phi: 0.327994
traject_len: 5.26472
pe_len: 0.832258 cs_len: 2.33848
---
else
else
else
front: 0, 0.936422, 2.5
side: 0, 0, 0
front only
else
else
else
else
else
else
else
else
else
else
else
front: 0.536565, 0, 2.5
side: 0, 0, 0
front only
else
else
front: 0, 0, 2.5
side: 0, 0, 0
front only
front: 0, 0, 2.5
back: 0, 0, 7.5
front back
photon_ene: 661.6 photon_theta: 0.281299 photon_phi: 3.25625
traject_len: 5
pe_len: 44.8649 cs_len: 2.658
---
else
front: 0.370079, 0, 2.5
back: 1.11024, 0, 7.5
front back
photon_ene: 661.6 photon_theta: 2.98527 photon_phi: 2.79128
traject_len: 5.05449
pe_len: 20.0139 cs_len: 1.74114
---
front: 0, 0.67721, 2.5
back: 0, 2.03163, 7.5
front back
photon_ene: 661.6 photon_theta: 2.84589 photon_phi: 5.18754
traject_len: 5.1802
pe_len: 15.5372 cs_len: 4.54208
---
else
else
front: 0, 0, 2.5
side: 0, 0, 0
front only
else
front: 0.162258, 1.26264, 2.5
side: 0, 0, 0
front only
else
else
else
else
else
front: 0.770933, 1.50574, 2.5
side: 0, 0, 0
front only
else
else
else
else
else
else
else
else
front: 0, 0, 2.5
side: 0, 0, 0
front only
else
front: 0, 1.78365, 2.5
side: 0, 0, 0
front only
else
front: 0, 0.37159, 2.5
back: 0, 1.11477, 7.5
front back
photon_ene: 661.6 photon_theta: 0.152086 photon_phi: 1.81731
traject_len: 5.05493
pe_len: 9.91071 cs_len: 4.06924
---
front: 0.00635012, 0, 2.5
side: 0, 0, 0
front only
front: 0.691913, 1.58056, 2.5
side: 0, 0, 0
front only
else
front: 0, 0, 2.5
side: 0, 0, 0
front only
else
else
else
front: 0, 1.18532, 2.5
side: 0, 0, 0
front only
else
else
else
front: 0, 1.5352, 2.5
side: 0, 0, 0
front only
else
else
else
front: 0.275, 0, 2.5
side: 0, 0, 0
front only
else
else
front: 2.10722, 0, 2.5
side: 0, 0, 0
front only
else
else
else
else
else
front: 0, 0.261813, 2.5
side: 0, 0, 0
front only
front: 0, 1.65891, 2.5
side: 0, 0, 0
front only
front: 0, 0.0464293, 2.5
back: 0, 0.139288, 7.5
front back
photon_ene: 661.6 photon_theta: 3.03572 photon_phi: 6.10752
traject_len: 5.00086
pe_len: 4.00397 cs_len: 3.4876
---
else
else
else
else
else
else
else
else
else
front: 0.592936, 0, 2.5
side: 0, 0, 0
front only
else
else
else
else
else
else
front: 0.165494, 0, 2.5
side: 0, 0, 0
front only
front: 0.0134864, 0, 2.5
side: 0, 0, 0
front only
else
else
else
front: 0, 0, 2.5
back: 0, 0, 7.5
front back
photon_ene: 661.6 photon_theta: 0.279887 photon_phi: 3.35046
traject_len: 5
pe_len: 53.9689 cs_len: 4.1702
---
else
front: 0, 0.974628, 2.5
side: 0, 0, 0
front only
else
else
else
front: 0.0443615, 1.39454, 2.5
side: 0, 0, 0
front only
else
front: 0, 1.9946, 2.5
side: 0, 0, 0
front only
else
front: 1.10532, 0.364651, 2.5
side: 0, 0, 0
front only
else
front: 0, 0, 2.5
back: 0, 0, 7.5
front back
photon_ene: 661.6 photon_theta: 2.93323 photon_phi: 0.858339
traject_len: 5
pe_len: 15.6279 cs_len: 4.04641
---
else
front: 0.327936, 0, 2.5
side: 0, 0, 0
front only
else
else
else
front: 0, 1.52418, 2.5
side: 0, 0, 0
front only
else
else
else
else
else
else
else
else
else
else
else
else
else
else
else
front: 2.4522, 0, 2.5
side: 0, 0, 0
front only
else
front: 0, 0.826273, 2.5
side: 0, 0, 0
front only
else
else
front: 0, 0.0837815, 2.5
side: 0, 0, 0
front only
else
front: 0, 0, 2.5
side: 0, 0, 0
front only
else
else
front: 0.621817, 0.0172239, 2.5
back: 1.86545, 0.0516717, 7.5
front back
photon_ene: 661.6 photon_theta: 2.89772 photon_phi: 3.16928
traject_len: 5.15246
pe_len: 44.7412 cs_len: 5.72071
---
else
else
front: 0.824348, 1.00883, 2.5
side: 0, 0, 0
front only
else
else
else
else
else
front: 0, 0.822604, 2.5
side: 0, 0, 0
front only
else
else
front: 0, 0.341884, 2.5
back: 0, 1.02565, 7.5
front back
photon_ene: 661.6 photon_theta: 0.141031 photon_phi: 1.84282
traject_len: 5.04654
pe_len: 61.4063 cs_len: 3.91828
---
front: 0.678214, 0, 2.5
side: 0, 0, 0
front only
else
else
front: 2.21702, 0.325509, 2.5
side: 0, 0, 0
front only
else
front: 0, 0.0756833, 2.5
back: 0, 0.22705, 7.5
front back
photon_ene: 661.6 photon_theta: 2.84143 photon_phi: 6.18522
traject_len: 5.00229
pe_len: 12.2543 cs_len: 15.2805
---
else
else
else
front: 0, 1.29689, 2.5
side: 0, 0, 0
front only
else
else
front: 0.74888, 1.85386, 2.5
side: 0, 0, 0
front only
else
else
front: 1.41611, 0, 2.5
side: 0, 0, 0
front only
else
else
else
else
else
front: 1.0373, 0, 2.5
side: 0, 0, 0
front only
front: 2.41471, 0, 2.5
side: 0, 0, 0
front only
else
else
else
else
else
else
else
else
front: 0.382477, 1.26839, 2.5
side: 0, 0, 0
front only
else
else
else
else
front: 0, 0, 2.5
side: 0, 0, 0
front only
else
front: 0, 1.92281, 2.5
side: 0, 0, 0
front only
else
else
else
else
else
else
else
front: 1.13766, 0, 2.5
side: 0, 0, 0
front only
else
else
else
else
front: 0, 0, 2.5
side: 0, 0, 0
front only
front: 0, 0, 2.5
side: 0, 0, 0
front only
else
front: 0, 0.349339, 2.5
side: 0, 0, 0
front only
front: 0, 0, 2.5
side: 0, 0, 0
front only
else
else
else
else
front: 0.516576, 0.949438, 2.5
side: 0, 0, 0
front only
front: 0.791912, 0.760572, 2.5
side: 0, 0, 0
front only
else
else
front: 1.09615, 1.38006, 2.5
side: 0, 0, 0
front only
else
else
else
else
else
front: 0, 1.80234, 2.5
side: 0, 0, 0
front only
else
else
else
else
else
else
else
else
else
front: 0, 1.06697, 2.5
side: 0, 0, 0
front only
else
else
else
else
else
else
else
front: 0.854255, 0, 2.5
side: 0, 0, 0
front only
else
else
else
else
else
else
else
else
else
front: 1.08839, 0.813786, 2.5
side: 0, 0, 0
front only
else
else
else
front: 0.0847619, 1.07994, 2.5
side: 0, 0, 0
front only
else
else
else
else
front: 0, 0.971109, 2.5
side: 0, 0, 0
front only
else
else
front: 1.03382, 1.55687, 2.5
side: 0, 0, 0
front only
else
else
else
else
else
front: 0.488019, 0.759768, 2.5
side: 0, 0, 0
front only
else
else
else
front: 0.729537, 0, 2.5
side: 0, 0, 0
front only
else
else
front: 1.73894, 0.498198, 2.5
side: 0, 0, 0
front only
else
else
front: 0, 1.54533, 2.5
side: 0, 0, 0
front only
else
else
else
else
front: 0.809297, 0.586469, 2.5
side: 0, 0, 0
front only
else
front: 0, 1.56536, 2.5
side: 0, 0, 0
front only
else
else
else
front: 1.34252, 0, 2.5
side: 0, 0, 0
front only
else
else
else
front: 1.42465, 0, 2.5
side: 0, 0, 0
front only
else
else
else
else
front: 1.13285, 0.966208, 2.5
side: 0, 0, 0
front only
else
front: 0, 0, 2.5
back: 0, 0, 7.5
front back
photon_ene: 661.6 photon_theta: 0.307723 photon_phi: 4.55362
traject_len: 5
pe_len: 13.8082 cs_len: 7.58445
---
front: 0, 0, 2.5
side: 0, 0, 0
front only
front: 0.891297, 0, 2.5
side: 0, 0, 0
front only
else
else
front: 0.615502, 0, 2.5
back: 1.84651, 0, 7.5
front back
photon_ene: 661.6 photon_theta: 0.25267 photon_phi: 5.97727
traject_len: 5.14931
pe_len: 68.2905 cs_len: 2.71961
---
front: 0.483371, 2.27395, 2.5
side: 0, 0, 0
front only
front: 0, 0.129051, 2.5
side: 0, 0, 0
front only
else
front: 0.23059, 0, 2.5
back: 0.69177, 0, 7.5
front back
photon_ene: 661.6 photon_theta: 3.01181 photon_phi: 2.35566
traject_len: 5.02122
pe_len: 52.6847 cs_len: 2.39119
---
else
else
else
else
else
else
else
front: 0, 1.1497, 2.5
side: 0, 0, 0
front only
front: 0, 0, 2.5
side: 0, 0, 0
front only
front: 0.500621, 0, 2.5
side: 0, 0, 0
front only
else
front: 0, 0, 2.5
side: 0, 0, 0
front only
else
else
front: 0, 0.566027, 2.5
side: 0, 0, 0
front only
front: 0.410221, 0.256299, 2.5
back: 1.23066, 0.768897, 7.5
front back
photon_ene: 661.6 photon_theta: 0.19112 photon_phi: 0.558443
traject_len: 5.09273
pe_len: 13.4156 cs_len: 3.27225
---
else
else
else
front: 0, 0, 2.5
side: 0, 0, 0
front only
front: 1.55018, 0, 2.5
side: 0, 0, 0
front only
front: 0, 0, 2.5
side: 0, 0, 0
front only
front: 0, 0, 2.5
side: 0, 0, 0
front only
else
else
else
else
front: 0.368475, 0, 2.5
back: 1.10543, 0, 7.5
front back
photon_ene: 661.6 photon_theta: 2.99476 photon_phi: 3.05856
traject_len: 5.05402
pe_len: 36.4766 cs_len: 2.10275
---
else
else
front: 0, 0, 2.5
back: 0, 0, 7.5
front back
photon_ene: 661.6 photon_theta: 0.278446 photon_phi: 4.61489
traject_len: 5
pe_len: 46.2409 cs_len: 0.707879
---
front: 0, 0, 2.5
side: 0, 0, 0
front only
else
front: 0, 0, 2.5
side: 0, 0, 0
front only
else
else
front: 1.68613, 1.34737, 2.5
side: 0, 0, 0
front only
front: 0.289679, 0, 2.5
side: 0, 0, 0
front only
else
else
front: 0, 0, 2.5
side: 0, 0, 0
front only
front: 0, 0, 2.5
side: 0, 0, 0
front only
else
front: 1.25878, 0, 2.5
side: 0, 0, 0
front only
else
else
else
front: 0.0474179, 0, 2.5
back: 0.142254, 0, 7.5
front back
photon_ene: 661.6 photon_theta: 0.0987373 photon_phi: 4.90505
traject_len: 5.0009
pe_len: 9.49874 cs_len: 0.753906
---
front: 0, 0, 2.5
side: 0, 0, 0
front only
else
else
front: 0, 0, 2.5
side: 0, 0, 0
front only
else
else
else
else
else
front: 1.34577, 1.23979, 2.5
side: 0, 0, 0
front only
front: 0, 0, 2.5
side: 0, 0, 0
front only
front: 0, 0.795634, 2.5
side: 0, 0, 0
front only
else
else
front: 0.287964, 0.478557, 2.5
back: 0.863893, 1.43567, 7.5
front back
photon_ene: 661.6 photon_theta: 0.219797 photon_phi: 1.0291
traject_len: 5.12326
pe_len: 28.4067 cs_len: 2.60735
---
else
else
else
else
front: 0.819586, 0, 2.5
side: 0, 0, 0
front only
else
front: 0, 0.687281, 2.5
side: 0, 0, 0
front only
else
else
front: 0, 0, 2.5
side: 0, 0, 0
front only
else
else
else
else
front: 0, 1.80126, 2.5
side: 0, 0, 0
front only
else
else
else
else
else
else
front: 0, 0, 2.5
side: 0, 0, 0
front only
else
else
front: 0, 0, 2.5
side: 0, 0, 0
front only
else
else
else
else
else
front: 0, 0.0969349, 2.5
back: 0, 0.290805, 7.5
front back
photon_ene: 661.6 photon_theta: 2.94591 photon_phi: 6.08631
traject_len: 5.00376
pe_len: 29.1346 cs_len: 0.991172
---
else
front: 0, 0, 2.5
side: 0, 0, 0
front only
else
else
else
else
else
else
else
else
else
else
else
else
else
front: 0, 0, 2.5
back: 0, 0, 7.5
front back
photon_ene: 661.6 photon_theta: 0.319886 photon_phi: 4.661
traject_len: 5
pe_len: 57.1572 cs_len: 0.484627
---
front: 1.25015, 0, 2.5
side: 0, 0, 0
front only
else
else
front: 0.568797, 0, 2.5
side: 0, 0, 0
front only
else
else
front: 0.318621, 2.27816, 2.5
side: 0, 0, 0
front only
else
else
else
else
else
else
else
else
front: 0, 1.13333, 2.5
side: 0, 0, 0
front only
else
front: 0, 0, 2.5
side: 0, 0, 0
front only
else
else
else
front: 1.58462, 0, 2.5
side: 0, 0, 0
front only
else
front: 0, 0, 2.5
side: 0, 0, 0
front only
else
else
else
else
else
else
else
front: 0, 0, 2.5
side: 0, 0, 0
front only
else
else
front: 1.21328, 0.71684, 2.5
side: 0, 0, 0
front only
front: 0.444985, 0.122381, 2.5
back: 1.33495, 0.367144, 7.5
front back
photon_ene: 661.6 photon_theta: 2.95905 photon_phi: 3.40998
traject_len: 5.08448
pe_len: 5.80476 cs_len: 0.638998
---
else
front: 0, 0, 2.5
side: 0, 0, 0
front only
else
front: 0.0809798, 0, 2.5
side: 0, 0, 0
front only
front: 1.82033, 0.612723, 2.5
side: 0, 0, 0
front only
else
else
front: 2.21607, 1.14485, 2.5
side: 0, 0, 0
front only
else
else
else
else
front: 0, 0, 2.5
side: 0, 0, 0
front only
else
else
else
else
front: 0, 1.81857, 2.5
side: 0, 0, 0
front only
else
else
else
front: 0.913763, 0.58831, 2.5
side: 0, 0, 0
front only
else
else
front: 1.00363, 0, 2.5
side: 0, 0, 0
front only
else
else
else
else
else
else
else
else
front: 0.143384, 0, 2.5
back: 0.430151, 0, 7.5
front back
photon_ene: 661.6 photon_theta: 0.280964 photon_phi: 4.91245
traject_len: 5.00822
pe_len: 7.41595 cs_len: 5.1375
---
front: 0, 0, 2.5
back: 0, 0, 7.5
front back
photon_ene: 661.6 photon_theta: 0.216309 photon_phi: 4.54706
traject_len: 5
pe_len: 44.6513 cs_len: 0.759587
---
else
else
else
else
front: 1.0577, 0, 2.5
side: 0, 0, 0
front only
else
else
else
else
else
front: 0.311129, 0, 2.5
back: 0.933388, 0, 7.5
front back
photon_ene: 661.6 photon_theta: 2.91842 photon_phi: 2.15121
traject_len: 5.03857
pe_len: 3.22194 cs_len: 10.6535
---
else
front: 0, 1.81221, 2.5
side: 0, 0, 0
front only
else
front: 0.873395, 0.105937, 2.5
side: 0, 0, 0
front only
front: 0, 0, 2.5
side: 0, 0, 0
front only
else
else
else
front: 0, 0, 2.5
side: 0, 0, 0
front only
front: 0, 0, 2.5
side: 0, 0, 0
front only
front: 0.749231, 0, 2.5
side: 0, 0, 0
front only
front: 0, 1.99194, 2.5
side: 0, 0, 0
front only
else
else
else
else
else
front: 1.53537, 1.48879, 2.5
side: 0, 0, 0
front only
front: 0.30618, 0, 2.5
side: 0, 0, 0
front only
front: 0, 0, 2.5
side: 0, 0, 0
front only
else
else
else
front: 0, 0.993747, 2.5
side: 0, 0, 0
front only
else
else
front: 0, 0, 2.5
side: 0, 0, 0
front only
else
front: 1.00767, 1.72111, 2.5
side: 0, 0, 0
front only
else
else
else
else
else
else
front: 2.27899, 0.106164, 2.5
side: 0, 0, 0
front only
front: 0.531873, 0, 2.5
side: 0, 0, 0
front only
else
else
front: 1.16613, 0, 2.5
side: 0, 0, 0
front only
front: 0, 0, 2.5
side: 0, 0, 0
front only
front: 0, 0, 2.5
side: 0, 0, 0
front only
else
else
else
else
else
front: 0, 0.938542, 2.5
side: 0, 0, 0
front only
front: 2.16381, 0, 2.5
side: 0, 0, 0
front only
else
else
else
front: 0, 0, 2.5
side: 0, 0, 0
front only
else
front: 0, 0.613579, 2.5
side: 0, 0, 0
front only
else
else
else
front: 0, 0, 2.5
side: 0, 0, 0
front only
else
else
front: 0.904744, 0, 2.5
side: 0, 0, 0
front only
else
front: 0.785503, 0, 2.5
side: 0, 0, 0
front only
front: 0, 0, 2.5
side: 0, 0, 0
front only
front: 0, 0, 2.5
side: 0, 0, 0
front only
front: 0, 0, 2.5
side: 0, 0, 0
front only
else
else
else
else
else
front: 0.54912, 0, 2.5
back: 1.64736, 0, 7.5
front back
photon_ene: 661.6 photon_theta: 0.283617 photon_phi: 5.56587
traject_len: 5.11919
pe_len: 22.5811 cs_len: 0.0493343
---
front: 0.56977, 0, 2.5
side: 0, 0, 0
front only
front: 0, 0, 2.5
side: 0, 0, 0
front only
else
front: 2.02972, 0.14, 2.5
side: 0, 0, 0
front only
else
else
front: 0, 0, 2.5
side: 0, 0, 0
front only
else
else
else
front: 1.19036, 0.454067, 2.5
side: 0, 0, 0
front only
else
else
else
else
else
front: 0, 0, 2.5
side: 0, 0, 0
front only
else
else
else
else
else
else
else
front: 0, 2.41283, 2.5
side: 0, 0, 0
front only
else
else
front: 0.939623, 0.311271, 2.5
side: 0, 0, 0
front only
else
front: 0, 0.707194, 2.5
side: 0, 0, 0
front only
else
front: 0, 0.885199, 2.5
side: 0, 0, 0
front only
else
else
else
else
else
else
else
else
else
else
else
else
front: 1.47291, 0.0869022, 2.5
side: 0, 0, 0
front only
else
else
front: 0.12356, 0, 2.5
side: 0, 0, 0
front only
front: 0, 0.881992, 2.5
side: 0, 0, 0
front only
else
else
else
else
else
else
front: 0, 0, 2.5
side: 0, 0, 0
front only
else
front: 1.40628, 0, 2.5
side: 0, 0, 0
front only
else
front: 0, 0, 2.5
side: 0, 0, 0
front only
else
front: 0.419562, 0.225724, 2.5
back: 1.25868, 0.677173, 7.5
front back
photon_ene: 661.6 photon_theta: 2.95328 photon_phi: 3.63518
traject_len: 5.08998
pe_len: 35.2067 cs_len: 1.11898
---
front: 0, 0.553664, 2.5
back: 0, 1.66099, 7.5
front back
photon_ene: 661.6 photon_theta: 2.84319 photon_phi: 5.47937
traject_len: 5.12115
pe_len: 16.0867 cs_len: 1.43794
---
front: 0.358404, 1.54028, 2.5
side: 0, 0, 0
front only
else
else
front: 0, 1.51522, 2.5
side: 0, 0, 0
front only
front: 0.226909, 0, 2.5
back: 0.680726, 0, 7.5
front back
photon_ene: 661.6 photon_theta: 0.199473 photon_phi: 5.178
traject_len: 5.02055
pe_len: 157.393 cs_len: 2.06572
---
else
else
else
front: 0, 0, 2.5
back: 0, 0, 7.5
front back
photon_ene: 661.6 photon_theta: 0.0925134 photon_phi: 3.52736
traject_len: 5
pe_len: 24.3147 cs_len: 4.87768
---
else
else
else
else
else
front: 0.359301, 0.921186, 2.5
side: 0, 0, 0
front only
else
else
else
else
else
else
else
front: 1.6426, 0.349583, 2.5
side: 0, 0, 0
front only
else
front: 0, 1.11376, 2.5
side: 0, 0, 0
front only
front: 1.62918, 0, 2.5
side: 0, 0, 0
front only
else
else
front: 0, 0.710573, 2.5
side: 0, 0, 0
front only
else
else
else
else
else
front: 1.36057, 1.95654, 2.5
side: 0, 0, 0
front only
else
else
else
else
else
else
front: 1.95024, 0.592013, 2.5
side: 0, 0, 0
front only
else
else
else
else
front: 1.09836, 0, 2.5
side: 0, 0, 0
front only
front: 0.63887, 0, 2.5
back: 1.91661, 0, 7.5
front back
photon_ene: 661.6 photon_theta: 0.262359 photon_phi: 5.97075
traject_len: 5.16068
pe_len: 28.4517 cs_len: 7.50793
---
else
else
else
else
front: 0, 0, 2.5
side: 0, 0, 0
front only
else
else
else
else
else
else
else
front: 0.455985, 0, 2.5
side: 0, 0, 0
front only
front: 0, 0, 2.5
side: 0, 0, 0
front only
front: 1.60365, 0, 2.5
side: 0, 0, 0
front only
else
else
else
front: 0, 0, 2.5
side: 0, 0, 0
front only
else
else
else
front: 0, 1.38545, 2.5
side: 0, 0, 0
front only
else
else
else
else
front: 0, 0, 2.5
back: 0, 0, 7.5
front back
photon_ene: 661.6 photon_theta: 2.85332 photon_phi: 0.666582
traject_len: 5
pe_len: 59.7312 cs_len: 0.376791
---
else
else
else
else
else
else
else
else
front: 0, 0.483768, 2.5
side: 0, 0, 0
front only
front: 0, 0.834977, 2.5
side: 0, 0, 0
front only
else
else
else
else
else
front: 1.31598, 0, 2.5
side: 0, 0, 0
front only
else
else
else
else
else
else
else
front: 0.358366, 2.2981, 2.5
side: 0, 0, 0
front only
else
else
front: 0.207085, 0, 2.5
side: 0, 0, 0
front only
else
else
else
front: 0, 0, 2.5
side: 0, 0, 0
front only
front: 0.867282, 0, 2.5
side: 0, 0, 0
front only
else
front: 0.217592, 0.126987, 2.5
back: 0.652775, 0.38096, 7.5
front back
photon_ene: 661.6 photon_theta: 0.100435 photon_phi: 0.528274
traject_len: 5.02532
pe_len: 35.1015 cs_len: 2.37607
---
else
else
else
else
front: 0, 0, 2.5
side: 0, 0, 0
front only
else
else
front: 0, 0.28757, 2.5
side: 0, 0, 0
front only
front: 2.16713, 0.437621, 2.5
side: 0, 0, 0
front only
front: 0, 0, 2.5
side: 0, 0, 0
front only
else
else
else
front: 0, 0.747028, 2.5
back: 0, 2.24108, 7.5
front back
photon_ene: 661.6 photon_theta: 2.84875 photon_phi: 4.84621
traject_len: 5.21845
pe_len: 22.1182 cs_len: 7.19746
---
else
front: 0, 2.11982, 2.5
side: 0, 0, 0
front only
front: 0, 0, 2.5
side: 0, 0, 0
front only
else
else
else
else
else
front: 0, 1.66148, 2.5
side: 0, 0, 0
front only
front: 0.696189, 0, 2.5
side: 0, 0, 0
front only
else
front: 0.939394, 0, 2.5
side: 0, 0, 0
front only
else
else
else
else
else
else
else
else
else
else
else
else
else
front: 0.277924, 0, 2.5
back: 0.833772, 0, 7.5
front back
photon_ene: 661.6 photon_theta: 0.263528 photon_phi: 5.13708
traject_len: 5.0308
pe_len: 34.8694 cs_len: 0.58545
---
else
front: 0, 0, 2.5
side: 0, 0, 0
front only
front: 0.331073, 0, 2.5
back: 0.99322, 0, 7.5
front back
photon_ene: 661.6 photon_theta: 2.8323 photon_phi: 1.9981
traject_len: 5.04365
pe_len: 45.4278 cs_len: 3.79103
---
else
else
else
else
else
else
front: 0, 0, 2.5
side: 0, 0, 0
front only
else
front: 0, 0, 2.5
side: 0, 0, 0
front only
else
else
front: 0, 0, 2.5
side: 0, 0, 0
front only
else
else
else
else
else
else
else
front: 0, 1.15905, 2.5
side: 0, 0, 0
front only
front: 0.670082, 0, 2.5
side: 0, 0, 0
front only
else
front: 1.6438, 0, 2.5
side: 0, 0, 0
front only
front: 0.213541, 0, 2.5
side: 0, 0, 0
front only
else
else
else
front: 1.82521, 0.398521, 2.5
side: 0, 0, 0
front only
else
else
else
else
else
front: 1.80829, 0, 2.5
side: 0, 0, 0
front only
else
else
else
else
else
else
else
else
front: 0, 0.902238, 2.5
side: 0, 0, 0
front only
else
front: 0.58351, 2.3237, 2.5
side: 0, 0, 0
front only
else
else
front: 1.07362, 0.229869, 2.5
side: 0, 0, 0
front only
else
else
front: 1.97269, 0, 2.5
side: 0, 0, 0
front only
else
front: 0.891335, 0, 2.5
side: 0, 0, 0
front only
else
else
else
else
front: 1.25425, 0, 2.5
side: 0, 0, 0
front only
else
else
else
else
front: 1.9785, 0, 2.5
side: 0, 0, 0
front only
else
else
else
front: 0.578181, 1.47488, 2.5
side: 0, 0, 0
front only
else
front: 0, 0, 2.5
side: 0, 0, 0
front only
else
else
else
else
front: 1.03413, 0, 2.5
side: 0, 0, 0
front only
else
else
else
else
else
else
else
front: 0, 0, 2.5
side: 0, 0, 0
front only
else
else
front: 0, 0, 2.5
side: 0, 0, 0
front only
else
else
front: 0, 2.2433, 2.5
side: 0, 0, 0
front only
front: 0.812872, 0, 2.5
side: 0, 0, 0
front only
else
else
else
else
else
else
else
front: 1.19197, 0.183077, 2.5
side: 0, 0, 0
front only
else
else
front: 0, 0.0378959, 2.5
side: 0, 0, 0
front only
else
else
else
else
else
else
front: 0, 1.24745, 2.5
side: 0, 0, 0
front only
else
front: 1.13374, 0, 2.5
side: 0, 0, 0
front only
front: 0, 1.23041, 2.5
side: 0, 0, 0
front only
front: 0.440805, 1.207, 2.5
side: 0, 0, 0
front only
else
front: 1.27873, 1.74522, 2.5
side: 0, 0, 0
front only
front: 0, 0, 2.5
side: 0, 0, 0
front only
else
front: 0, 0, 2.5
side: 0, 0, 0
front only
else
else
else
front: 0.590282, 0.198092, 2.5
back: 1.77085, 0.594277, 7.5
front back
photon_ene: 661.6 photon_theta: 2.8975 photon_phi: 3.46537
traject_len: 5.15274
pe_len: 40.5984 cs_len: 2.64507
---
else
else
else
else
front: 0.164963, 0, 2.5
side: 0, 0, 0
front only
else
else
front: 0.199492, 1.95235, 2.5
side: 0, 0, 0
front only
else
else
else
else
front: 1.71684, 0, 2.5
side: 0, 0, 0
front only
front: 0, 0.835695, 2.5
side: 0, 0, 0
front only
else
else
else
else
else
else
else
else
else
else
else
front: 0.407922, 0.553599, 2.5
back: 1.22377, 1.6608, 7.5
front back
photon_ene: 661.6 photon_theta: 0.268425 photon_phi: 0.935762
traject_len: 5.1857
pe_len: 31.7881 cs_len: 4.85466
---
else
else
else
front: 1.51584, 0.375007, 2.5
side: 0, 0, 0
front only
else
front: 0.437476, 0, 2.5
back: 1.31243, 0, 7.5
front back
photon_ene: 661.6 photon_theta: 2.89732 photon_phi: 2.34909
traject_len: 5.07598
pe_len: 8.34962 cs_len: 0.668889
---
else
front: 2.32691, 0, 2.5
side: 0, 0, 0
front only
else
else
else
else
else
front: 0, 0.508013, 2.5
side: 0, 0, 0
front only
else
front: 0.0426763, 0, 2.5
back: 0.128029, 0, 7.5
front back
photon_ene: 661.6 photon_theta: 0.032631 photon_phi: 5.2627
traject_len: 5.00073
pe_len: 63.3776 cs_len: 1.87882
---
front: 0, 0.356844, 2.5
back: 0, 1.07053, 7.5
front back
photon_ene: 661.6 photon_theta: 0.18328 photon_phi: 2.26266
traject_len: 5.05068
pe_len: 225.866 cs_len: 0.702706
---
front: 0, 0.150085, 2.5
back: 0, 0.450254, 7.5
front back
photon_ene: 661.6 photon_theta: 2.87887 photon_phi: 6.05807
traject_len: 5.009
pe_len: 57.2573 cs_len: 4.94111
---
else
else
else
else
else
front: 1.83178, 0.590488, 2.5
side: 0, 0, 0
front only
else
else
else
else
else
else
else
else
front: 0.476268, 0, 2.5
back: 1.4288, 0, 7.5
front back
photon_ene: 661.6 photon_theta: 2.85993 photon_phi: 2.28947
traject_len: 5.08992
pe_len: 60.8149 cs_len: 8.75036
---
else
front: 1.11626, 0.531532, 2.5
side: 0, 0, 0
front only
else
else
else
front: 0.77196, 0, 2.5
side: 0, 0, 0
front only
front: 0, 2.0992, 2.5
side: 0, 0, 0
front only
else
else
else
else
else
front: 0, 0, 2.5
back: 0, 0, 7.5
front back
photon_ene: 661.6 photon_theta: 2.8519 photon_phi: 1.23684
traject_len: 5
pe_len: 61.9411 cs_len: 3.77872
---
else
front: 0.292851, 0, 2.5
back: 0.878554, 0, 7.5
front back
photon_ene: 661.6 photon_theta: 0.311705 photon_phi: 5.08447
traject_len: 5.03419
pe_len: 84.0755 cs_len: 7.98636
---
else
front: 0, 1.46295, 2.5
side: 0, 0, 0
front only
else
else
front: 0.665351, 2.36463, 2.5
side: 0, 0, 0
front only
else
else
else
front: 0.0339682, 1.20746, 2.5
side: 0, 0, 0
front only
else
else
front: 0, 1.13224, 2.5
side: 0, 0, 0
front only
else
else
else
else
else
front: 0.829926, 0, 2.5
side: 0, 0, 0
front only
front: 1.62502, 0, 2.5
side: 0, 0, 0
front only
front: 0.511179, 1.18155, 2.5
side: 0, 0, 0
front only
else
else
front: 0, 0.615385, 2.5
back: 0, 1.84616, 7.5
front back
photon_ene: 661.6 photon_theta: 0.32053 photon_phi: 2.30632
traject_len: 5.14925
pe_len: 1.37247 cs_len: 2.04315
---
front: 0.350632, 0, 2.5
back: 1.0519, 0, 7.5
front back
photon_ene: 661.6 photon_theta: 2.96268 photon_phi: 2.45834
traject_len: 5.04894
pe_len: 31.801 cs_len: 5.14841
---
else
front: 0, 0.115167, 2.5
side: 0, 0, 0
front only
else
else
else
else
else
else
else
else
front: 1.97119, 0.0136659, 2.5
side: 0, 0, 0
front only
front: 0, 1.27664, 2.5
side: 0, 0, 0
front only
else
else
front: 0.731453, 1.80428, 2.5
side: 0, 0, 0
front only
else
else
else
front: 1.0189, 0, 2.5
side: 0, 0, 0
front only
else
front: 0.907175, 0, 2.5
side: 0, 0, 0
front only
else
else
else
else
front: 1.68785, 0, 2.5
side: 0, 0, 0
front only
front: 2.44847, 0, 2.5
side: 0, 0, 0
front only
else
else
else
else
else
else
else
front: 0.897921, 0.790139, 2.5
side: 0, 0, 0
front only
front: 0, 0, 2.5
side: 0, 0, 0
front only
front: 0, 0, 2.5
side: 0, 0, 0
front only
else
else
front: 0, 0, 2.5
side: 0, 0, 0
front only
front: 0, 1.26387, 2.5
side: 0, 0, 0
front only
else
front: 0, 0, 2.5
side: 0, 0, 0
front only
else
else
else
front: 1.11259, 0.404007, 2.5
side: 0, 0, 0
front only
front: 0, 1.2452, 2.5
side: 0, 0, 0
front only
else
front: 0, 1.85057, 2.5
side: 0, 0, 0
front only
else
else
else
front: 0, 0, 2.5
back: 0, 0, 7.5
front back
photon_ene: 661.6 photon_theta: 0.178877 photon_phi: 3.65351
traject_len: 5
pe_len: 42.9178 cs_len: 0.363487
---
front: 0, 0, 2.5
side: 0, 0, 0
front only
else
else
else
else
else
else
else
front: 0, 0, 2.5
side: 0, 0, 0
front only
else
front: 1.60276, 0, 2.5
side: 0, 0, 0
front only
else
else
else
front: 1.08591, 0.159233, 2.5
side: 0, 0, 0
front only
else
else
front: 0.819747, 0, 2.5
side: 0, 0, 0
front only
else
else
front: 0.209063, 0, 2.5
side: 0, 0, 0
front only
else
else
front: 0, 1.39727, 2.5
side: 0, 0, 0
front only
else
front: 0, 0.0514257, 2.5
side: 0, 0, 0
front only
else
front: 1.80488, 0, 2.5
side: 0, 0, 0
front only
else
else
else
else
else
else
else
else
else
else
front: 0, 0.542754, 2.5
back: 0, 1.62826, 7.5
front back
photon_ene: 661.6 photon_theta: 0.273581 photon_phi: 2.257
traject_len: 5.11648
pe_len: 48.5507 cs_len: 2.41078
---
else
else
front: 2.33081, 0.589416, 2.5
side: 0, 0, 0
front only
else
front: 1.85577, 0, 2.5
side: 0, 0, 0
front only
else
else
front: 0, 0, 2.5
back: 0, 0, 7.5
front back
photon_ene: 661.6 photon_theta: 0.119629 photon_phi: 4.52885
traject_len: 5
pe_len: 19.8235 cs_len: 1.65497
---
else
else
else
front: 1.81174, 1.31972, 2.5
side: 0, 0, 0
front only
else
else
else
else
front: 0.579976, 2.34806, 2.5
side: 0, 0, 0
front only
else
else
front: 0, 0, 2.5
side: 0, 0, 0
front only
else
else
front: 1.18147, 0, 2.5
side: 0, 0, 0
front only
else
else
else
else
else
else
else
front: 0, 0.478103, 2.5
back: 0, 1.43431, 7.5
front back
photon_ene: 661.6 photon_theta: 0.192382 photon_phi: 1.76201
traject_len: 5.09061
pe_len: 37.4112 cs_len: 4.53501
---
else
front: 0, 1.60225, 2.5
side: 0, 0, 0
front only
front: 0.751413, 1.73748, 2.5
side: 0, 0, 0
front only
front: 1.97378, 0, 2.5
side: 0, 0, 0
front only
front: 0, 1.18355, 2.5
side: 0, 0, 0
front only
else
front: 1.45047, 0, 2.5
side: 0, 0, 0
front only
else
else
else
else
else
front: 0, 0, 2.5
side: 0, 0, 0
front only
front: 0, 0, 2.5
side: 0, 0, 0
front only
else
else
else
front: 0, 0, 2.5
back: 0, 0, 7.5
front back
photon_ene: 661.6 photon_theta: 0.130124 photon_phi: 4.04866
traject_len: 5
pe_len: 42.2952 cs_len: 0.266333
---
else
front: 0, 1.16346, 2.5
side: 0, 0, 0
front only
else
else
else
else
front: 1.65343, 0.929991, 2.5
side: 0, 0, 0
front only
else
else
else
else
else
else
else
else
else
else
else
else
front: 0, 0.790748, 2.5
back: 0, 2.37224, 7.5
front back
photon_ene: 661.6 photon_theta: 0.313756 photon_phi: 1.79574
traject_len: 5.24415
pe_len: 53.6005 cs_len: 1.86876
---
else
else
front: 0, 0.665381, 2.5
back: 0, 1.99614, 7.5
front back
photon_ene: 661.6 photon_theta: 2.83481 photon_phi: 5.28558
traject_len: 5.17406
pe_len: 3.41061 cs_len: 6.6358
---
else
else
else
else
front: 0, 1.07349, 2.5
side: 0, 0, 0
front only
else
else
front: 0, 1.50358, 2.5
side: 0, 0, 0
front only
front: 0.678781, 0, 2.5
side: 0, 0, 0
front only
else
else
front: 1.36157, 0, 2.5
side: 0, 0, 0
front only
else
else
else
front: 0, 1.24865, 2.5
side: 0, 0, 0
front only
else
else
front: 0, 0, 2.5
back: 0, 0, 7.5
front back
photon_ene: 661.6 photon_theta: 3.02486 photon_phi: 0.119605
traject_len: 5
pe_len: 8.09742 cs_len: 1.6873
---
else
else
else
else
else
front: 0.0798615, 0.630504, 2.5
back: 0.239585, 1.89151, 7.5
front back
photon_ene: 661.6 photon_theta: 2.89265 photon_phi: 4.5864
traject_len: 5.15904
pe_len: 34.2785 cs_len: 2.56953
---
else
else
else
else
else
else
else
else
else
else
else
else
else
front: 1.04847, 1.00041, 2.5
side: 0, 0, 0
front only
else
front: 0.195732, 0.418087, 2.5
back: 0.587195, 1.25426, 7.5
front back
photon_ene: 661.6 photon_theta: 0.182598 photon_phi: 1.13294
traject_len: 5.08453
pe_len: 2.98551 cs_len: 1.62677
---
else
else
front: 0, 0.100298, 2.5
back: 0, 0.300894, 7.5
front back
photon_ene: 661.6 photon_theta: 0.232275 photon_phi: 2.97116
traject_len: 5.00402
pe_len: 30.9512 cs_len: 3.50911
---
front: 0, 0.0069471, 2.5
side: 0, 0, 0
front only
else
front: 0, 0, 2.5
back: 0, 0, 7.5
front back
photon_ene: 661.6 photon_theta: 2.83353 photon_phi: 0.405159
traject_len: 5
pe_len: 19.3382 cs_len: 4.5276
---
else
else
else
else
else
else
front: 0.610381, 1.42101, 2.5
side: 0, 0, 0
front only
else
else
else
else
else
else
else
front: 0.958777, 0, 2.5
side: 0, 0, 0
front only
else
front: 0.0720584, 0, 2.5
back: 0.216175, 0, 7.5
front back
photon_ene: 661.6 photon_theta: 0.0788147 photon_phi: 5.08597
traject_len: 5.00208
pe_len: 79.0898 cs_len: 1.52479
---
else
front: 0, 0, 2.5
back: 0, 0, 7.5
front back
photon_ene: 661.6 photon_theta: 2.93567 photon_phi: 0.17142
traject_len: 5
pe_len: 0.0481703 cs_len: 1.18359
---
else
else
else
else
else
else
else
else
else
else
else
else
else
front: 0.105021, 0, 2.5
side: 0, 0, 0
front only
else
else
else
front: 0, 0, 2.5
side: 0, 0, 0
front only
else
else
else
else
else
else
front: 0.497136, 0, 2.5
back: 1.49141, 0, 7.5
front back
photon_ene: 661.6 photon_theta: 2.92784 photon_phi: 2.72901
traject_len: 5.0979
pe_len: 41.0152 cs_len: 2.69704
---
else
front: 0.729489, 0.521016, 2.5
side: 0, 0, 0
front only
else
else
else
front: 0.908966, 1.38754, 2.5
side: 0, 0, 0
front only
else
front: 0, 0, 2.5
side: 0, 0, 0
front only
else
front: 0, 0.743899, 2.5
back: 0, 2.2317, 7.5
front back
photon_ene: 661.6 photon_theta: 2.85136 photon_phi: 4.79843
traject_len: 5.21666
pe_len: 101.549 cs_len: 0.61336
---
else
front: 0, 0.529595, 2.5
side: 0, 0, 0
front only
else
front: 0, 0.129262, 2.5
back: 0, 0.387787, 7.5
front back
photon_ene: 661.6 photon_theta: 0.154612 photon_phi: 2.80344
traject_len: 5.00668
pe_len: 67.2622 cs_len: 4.82873
---
else
else
else
else
else
front: 0, 0.216608, 2.5
side: 0, 0, 0
front only
else
else
else
else
front: 0.501961, 0, 2.5
side: 0, 0, 0
front only
else
else
else
else
else
else
front: 0.742869, 0, 2.5
back: 2.22861, 0, 7.5
front back
photon_ene: 661.6 photon_theta: 2.85268 photon_phi: 3.11807
traject_len: 5.21607
pe_len: 24.1931 cs_len: 3.04548
---
else
else
front: 0, 0.503756, 2.5
side: 0, 0, 0
front only
else
front: 0, 0, 2.5
back: 0, 0, 7.5
front back
photon_ene: 661.6 photon_theta: 2.85805 photon_phi: 0.263946
traject_len: 5
pe_len: 5.56941 cs_len: 3.06142
---
else
else
else
front: 0.760224, 0.44728, 2.5
side: 0, 0, 0
front only
else
front: 1.04989, 0.3647, 2.5
side: 0, 0, 0
front only
else
front: 1.01236, 0.0587103, 2.5
side: 0, 0, 0
front only
front: 0, 1.29982, 2.5
side: 0, 0, 0
front only
else
else
front: 0.265301, 0, 2.5
back: 0.795902, 0, 7.5
front back
photon_ene: 661.6 photon_theta: 3.03447 photon_phi: 2.9792
traject_len: 5.02807
pe_len: 4.00768 cs_len: 3.40041
---
else
front: 1.07164, 0, 2.5
side: 0, 0, 0
front only
else
else
front: 0, 0, 2.5
side: 0, 0, 0
front only
front: 0, 0, 2.5
side: 0, 0, 0
front only
else
else
front: 1.20188, 1.16476, 2.5
side: 0, 0, 0
front only
else
else
else
front: 0, 2.0895, 2.5
side: 0, 0, 0
front only
else
else
else
else
else
else
front: 0.737971, 0.409945, 2.5
side: 0, 0, 0
front only
front: 0.359185, 0, 2.5
side: 0, 0, 0
front only
else
else
else
front: 1.78104, 0, 2.5
side: 0, 0, 0
front only
else
else
else
else
front: 2.15041, 0, 2.5
side: 0, 0, 0
front only
else
else
else
else
front: 0, 0, 2.5
side: 0, 0, 0
front only
front: 0, 0, 2.5
back: 0, 0, 7.5
front back
photon_ene: 661.6 photon_theta: 0.234541 photon_phi: 4.56645
traject_len: 5
pe_len: 71.4256 cs_len: 0.663634
---
front: 0.262227, 0, 2.5
back: 0.786681, 0, 7.5
front back
photon_ene: 661.6 photon_theta: 2.99306 photon_phi: 2.34753
traject_len: 5.02743
pe_len: 22.2199 cs_len: 0.861912
---
else
front: 0, 0, 2.5
back: 0, 0, 7.5
front back
photon_ene: 661.6 photon_theta: 2.95437 photon_phi: 0.747655
traject_len: 5
pe_len: 89.6657 cs_len: 6.90358
---
front: 0.816367, 0, 2.5
side: 0, 0, 0
front only
else
else
front: 0.444658, 0.392548, 2.5
back: 1.33397, 1.17764, 7.5
front back
photon_ene: 661.6 photon_theta: 0.232949 photon_phi: 0.723236
traject_len: 5.1388
pe_len: 96.9696 cs_len: 0.551964
---
else
else
else
else
else
front: 0, 0, 2.5
side: 0, 0, 0
front only
else
else
else
front: 0, 0, 2.5
side: 0, 0, 0
front only
else
else
else
else
else
else
else
else
else
else
else
else
else
else
else
front: 1.45084, 0, 2.5
side: 0, 0, 0
front only
front: 0.401191, 0.425318, 2.5
back: 1.20357, 1.27595, 7.5
front back
photon_ene: 661.6 photon_theta: 2.91185 photon_phi: 3.95617
traject_len: 5.13492
pe_len: 4.33182 cs_len: 5.24273
---
front: 0, 1.49522, 2.5
side: 0, 0, 0
front only
front: 0.450492, 0.4233, 2.5
back: 1.35148, 1.2699, 7.5
front back
photon_ene: 661.6 photon_theta: 0.242403 photon_phi: 0.754289
traject_len: 5.15058
pe_len: 25.2234 cs_len: 6.51398
---
else
front: 0, 0, 2.5
side: 0, 0, 0
front only
else
else
else
else
else
else
front: 0, 0, 2.5
side: 0, 0, 0
front only
else
else
else
front: 1.75555, 0.871913, 2.5
side: 0, 0, 0
front only
else
else
else
else
else
front: 0.52852, 0.471988, 2.5
back: 1.58556, 1.41596, 7.5
front back
photon_ene: 661.6 photon_theta: 0.276193 photon_phi: 0.728955
traject_len: 5.19696
pe_len: 120.982 cs_len: 1.83962
---
front: 1.33311, 0.724021, 2.5
side: 0, 0, 0
front only
front: 0, 2.29596, 2.5
side: 0, 0, 0
front only
front: 2.06547, 0, 2.5
side: 0, 0, 0
front only
else
front: 0, 0.134349, 2.5
back: 0, 0.403047, 7.5
front back
photon_ene: 661.6 photon_theta: 0.0570628 photon_phi: 1.91679
traject_len: 5.00721
pe_len: 7.67814 cs_len: 2.5471
---
else
else
else
else
else
else
else
front: 0, 0.937005, 2.5
side: 0, 0, 0
front only
else
else
front: 1.12262, 1.54834, 2.5
side: 0, 0, 0
front only
front: 0, 0.0762884, 2.5
side: 0, 0, 0
front only
else
front: 0.547936, 0, 2.5
side: 0, 0, 0
front only
else
front: 0, 0, 2.5
side: 0, 0, 0
front only
front: 0, 0, 2.5
side: 0, 0, 0
front only
front: 0.747144, 1.16071, 2.5
side: 0, 0, 0
front only
else
front: 0, 0, 2.5
side: 0, 0, 0
front only
else
front: 1.58781, 1.82225, 2.5
side: 0, 0, 0
front only
else
front: 0.972555, 0, 2.5
side: 0, 0, 0
front only
else
else
else
else
front: 0, 0.986738, 2.5
side: 0, 0, 0
front only
else
front: 0.661558, 0, 2.5
side: 0, 0, 0
front only
else
front: 0.738985, 1.69493, 2.5
side: 0, 0, 0
front only
front: 0.195599, 0.976766, 2.5
side: 0, 0, 0
front only
else
else
else
front: 0, 0, 2.5
side: 0, 0, 0
front only
else
else
else
else
else
else
else
front: 0.412479, 1.69691, 2.5
side: 0, 0, 0
front only
front: 0, 0, 2.5
side: 0, 0, 0
front only
else
else
else
front: 0.058476, 0, 2.5
side: 0, 0, 0
front only
else
else
else
else
else
else
else
else
else
else
front: 0, 0.784758, 2.5
side: 0, 0, 0
front only
else
else
else
else
front: 1.76339, 0, 2.5
side: 0, 0, 0
front only
front: 0, 0, 2.5
side: 0, 0, 0
front only
else
front: 1.36059, 1.36964, 2.5
side: 0, 0, 0
front only
front: 0.418993, 0.843374, 2.5
side: 0, 0, 0
front only
front: 0, 0.322786, 2.5
side: 0, 0, 0
front only
else
else
front: 0, 1.67248, 2.5
side: 0, 0, 0
front only
else
else
else
else
else
else
else
front: 0, 0, 2.5
side: 0, 0, 0
front only
else
else
else
else
else
else
else
else
else
else
front: 0, 0, 2.5
side: 0, 0, 0
front only
else
else
else
else
front: 0, 0, 2.5
side: 0, 0, 0
front only
front: 0.215108, 0, 2.5
side: 0, 0, 0
front only
front: 0, 0.964718, 2.5
side: 0, 0, 0
front only
else
else
front: 0, 1.43637, 2.5
side: 0, 0, 0
front only
else
else
else
else
else
else
else
else
else
else
else
else
front: 1.14339, 2.20911, 2.5
side: 0, 0, 0
front only
else
front: 1.73577, 0, 2.5
side: 0, 0, 0
front only
front: 0, 0.450205, 2.5
side: 0, 0, 0
front only
else
else
else
front: 1.1059, 0, 2.5
side: 0, 0, 0
front only
front: 1.60983, 1.13783, 2.5
side: 0, 0, 0
front only
else
else
else
else
else
else
front: 0, 0.466233, 2.5
back: 0, 1.3987, 7.5
front back
photon_ene: 661.6 photon_theta: 2.8998 photon_phi: 5.42569
traject_len: 5.08621
pe_len: 10.0857 cs_len: 2.85529
---
else
else
else
else
front: 0, 0, 2.5
side: 0, 0, 0
front only
else
else
else
front: 0, 0, 2.5
side: 0, 0, 0
front only
else
else
else
front: 0, 0, 2.5
back: 0, 0, 7.5
front back
photon_ene: 661.6 photon_theta: 0.282864 photon_phi: 3.55429
traject_len: 5
pe_len: 45.8292 cs_len: 2.07876
---
front: 1.41641, 0.137024, 2.5
side: 0, 0, 0
front only
front: 0.738009, 0.515375, 2.5
side: 0, 0, 0
front only
else
else
else
else
else
else
front: 0, 0.840492, 2.5
side: 0, 0, 0
front only
front: 0, 0, 2.5
side: 0, 0, 0
front only
front: 0, 0, 2.5
side: 0, 0, 0
front only
else
else
front: 2.24125, 0.153882, 2.5
side: 0, 0, 0
front only
else
else
front: 0, 0.0430574, 2.5
side: 0, 0, 0
front only
front: 0, 0, 2.5
back: 0, 0, 7.5
front back
photon_ene: 661.6 photon_theta: 0.286296 photon_phi: 4.4637
traject_len: 5
pe_len: 2.59869 cs_len: 4.37457
---
else
else
front: 0, 1.49264, 2.5
side: 0, 0, 0
front only
else
else
else
else
front: 1.22275, 0, 2.5
side: 0, 0, 0
front only
else
front: 0, 1.29656, 2.5
side: 0, 0, 0
front only
front: 1.02148, 2.21294, 2.5
side: 0, 0, 0
front only
else
else
front: 1.24242, 1.47457, 2.5
side: 0, 0, 0
front only
else
else
else
front: 0.470206, 0, 2.5
back: 1.41062, 0, 7.5
front back
photon_ene: 661.6 photon_theta: 0.2483 photon_phi: 5.54821
traject_len: 5.08767
pe_len: 9.441 cs_len: 15.7838
---
front: 0, 0.414396, 2.5
back: 0, 1.24319, 7.5
front back
photon_ene: 661.6 photon_theta: 2.91269 photon_phi: 5.49162
traject_len: 5.06822
pe_len: 9.08404 cs_len: 2.04776
---
else
front: 0.864677, 0, 2.5
side: 0, 0, 0
front only
else
else
front: 0.419264, 0.514245, 2.5
back: 1.25779, 1.54273, 7.5
front back
photon_ene: 661.6 photon_theta: 0.259419 photon_phi: 0.886795
traject_len: 5.1731
pe_len: 104.435 cs_len: 10.0965
---
else
else
else
else
else
else
else
front: 0.356798, 0, 2.5
side: 0, 0, 0
front only
else
front: 0.528848, 1.8901, 2.5
side: 0, 0, 0
front only
else
front: 0, 0, 2.5
side: 0, 0, 0
front only
front: 1.14288, 0.443999, 2.5
side: 0, 0, 0
front only
else
front: 2.15899, 0.950626, 2.5
side: 0, 0, 0
front only
else
else
else
else
else
front: 2.03466, 0.622838, 2.5
side: 0, 0, 0
front only
else
else
front: 0, 0, 2.5
side: 0, 0, 0
front only
front: 0, 0, 2.5
side: 0, 0, 0
front only
else
front: 0, 1.67354, 2.5
side: 0, 0, 0
front only
else
front: 0, 0, 2.5
back: 0, 0, 7.5
front back
photon_ene: 661.6 photon_theta: 0.245835 photon_phi: 4.56503
traject_len: 5
pe_len: 1.11456 cs_len: 2.27532
---
front: 0.678161, 1.91999, 2.5
side: 0, 0, 0
front only
else
front: 0, 0.244247, 2.5
side: 0, 0, 0
front only
front: 0.905648, 0.428764, 2.5
side: 0, 0, 0
front only
else
front: 0.599908, 0, 2.5
side: 0, 0, 0
front only
else
front: 0, 0, 2.5
side: 0, 0, 0
front only
else
front: 0, 0, 2.5
back: 0, 0, 7.5
front back
photon_ene: 661.6 photon_theta: 3.0019 photon_phi: 0.765284
traject_len: 5
pe_len: 15.7452 cs_len: 3.41378
---
front: 0.792155, 0, 2.5
side: 0, 0, 0
front only
else
else
else
front: 1.4208, 0, 2.5
side: 0, 0, 0
front only
else
else
else
else
else
else
else
else
else
else
front: 0, 0, 2.5
back: 0, 0, 7.5
front back
photon_ene: 661.6 photon_theta: 0.137421 photon_phi: 4.52774
traject_len: 5
pe_len: 24.254 cs_len: 0.83581
---
else
else
front: 1.11169, 0, 2.5
side: 0, 0, 0
front only
else
else
else
else
else
else
else
else
front: 0, 0, 2.5
side: 0, 0, 0
front only
else
front: 1.58811, 0, 2.5
side: 0, 0, 0
front only
else
else
else
else
else
front: 0.0821114, 2.45244, 2.5
side: 0, 0, 0
front only
front: 0.804837, 0, 2.5
side: 0, 0, 0
front only
else
else
front: 0.586452, 1.95112, 2.5
side: 0, 0, 0
front only
front: 0.538879, 0, 2.5
back: 1.61664, 0, 7.5
front back
photon_ene: 661.6 photon_theta: 2.84533 photon_phi: 2.35484
traject_len: 5.11484
pe_len: 66.903 cs_len: 13.0075
---
front: 0, 1.86, 2.5
side: 0, 0, 0
front only
front: 0.483159, 0, 2.5
back: 1.44948, 0, 7.5
front back
photon_ene: 661.6 photon_theta: 2.88479 photon_phi: 2.39787
traject_len: 5.09252
pe_len: 2.93895 cs_len: 1.59544
---
else
else
else
front: 0.0718869, 1.35357, 2.5
side: 0, 0, 0
front only
else
front: 0, 0.895748, 2.5
side: 0, 0, 0
front only
else
else
front: 0, 0, 2.5
side: 0, 0, 0
front only
else
front: 0.14752, 0.365677, 2.5
back: 0.44256, 1.09703, 7.5
front back
photon_ene: 661.6 photon_theta: 0.156436 photon_phi: 1.18735
traject_len: 5.06181
pe_len: 3.63128 cs_len: 4.4773
---
else
else
front: 0, 1.08612, 2.5
side: 0, 0, 0
front only
else
else
front: 0.0928709, 0.132262, 2.5
back: 0.278613, 0.396786, 7.5
front back
photon_ene: 661.6 photon_theta: 0.0645547 photon_phi: 0.958613
traject_len: 5.01044
pe_len: 48.0803 cs_len: 0.919657
---
else
else
else
else
else
else
front: 0, 1.37252, 2.5
side: 0, 0, 0
front only
else
else
else
else
front: 1.90075, 0.937858, 2.5
side: 0, 0, 0
front only
else
else
else
else
else
else
front: 0, 0, 2.5
side: 0, 0, 0
front only
front: 0, 0, 2.5
side: 0, 0, 0
front only
else
else
else
else
else
else
else
else
else
else
front: 1.91809, 0, 2.5
side: 0, 0, 0
front only
else
else
else
else
else
else
front: 0, 0, 2.5
side: 0, 0, 0
front only
front: 0, 0.728078, 2.5
side: 0, 0, 0
front only
else
else
else
else
else
else
else
else
else
else
else
else
else
else
front: 0.595247, 1.34568, 2.5
side: 0, 0, 0
front only
else
front: 0, 0.362201, 2.5
back: 0, 1.0866, 7.5
front back
photon_ene: 661.6 photon_theta: 0.181471 photon_phi: 2.23147
traject_len: 5.0522
pe_len: 4.25926 cs_len: 7.74328
---
else
front: 0, 0, 2.5
back: 0, 0, 7.5
front back
photon_ene: 661.6 photon_theta: 2.83307 photon_phi: 1.47744
traject_len: 5
pe_len: 11.523 cs_len: 5.6943
---
front: 1.24356, 0, 2.5
side: 0, 0, 0
front only
else
else
else
else
else
else
front: 0, 0, 2.5
side: 0, 0, 0
front only
else
front: 0, 0.354916, 2.5
side: 0, 0, 0
front only
front: 0, 0, 2.5
side: 0, 0, 0
front only
else
else
front: 0, 0.871562, 2.5
side: 0, 0, 0
front only
else
else
else
else
else
else
else
front: 0, 2.29755, 2.5
side: 0, 0, 0
front only
front: 0.587268, 0, 2.5
back: 1.76181, 0, 7.5
front back
photon_ene: 661.6 photon_theta: 2.89768 photon_phi: 2.80505
traject_len: 5.1361
pe_len: 16.672 cs_len: 5.34843
---
else
else
else
front: 0, 0, 2.5
side: 0, 0, 0
front only
else
else
front: 0.488904, 0.267157, 2.5
back: 1.46671, 0.80147, 7.5
front back
photon_ene: 661.6 photon_theta: 0.219271 photon_phi: 0.500106
traject_len: 5.12266
pe_len: 62.5175 cs_len: 12.1356
---
else
front: 0, 0, 2.5
side: 0, 0, 0
front only
else
else
front: 0.881761, 1.76063, 2.5
side: 0, 0, 0
front only
front: 0.56278, 0.336567, 2.5
back: 1.68834, 1.0097, 7.5
front back
photon_ene: 661.6 photon_theta: 2.88507 photon_phi: 3.68057
traject_len: 5.16914
pe_len: 76.0633 cs_len: 10.6487
---
else
front: 0, 0.660272, 2.5
side: 0, 0, 0
front only
front: 0, 0.190847, 2.5
side: 0, 0, 0
front only
else
front: 0, 0, 2.5
side: 0, 0, 0
front only
else
front: 0.266088, 1.76647, 2.5
side: 0, 0, 0
front only
else
front: 0.670611, 1.94606, 2.5
side: 0, 0, 0
front only
else
else
else
front: 0, 0, 2.5
side: 0, 0, 0
front only
else
front: 0, 0.679264, 2.5
side: 0, 0, 0
front only
front: 0, 0, 2.5
side: 0, 0, 0
front only
front: 0.767022, 1.98397, 2.5
side: 0, 0, 0
front only
else
front: 2.14413, 0, 2.5
side: 0, 0, 0
front only
else
front: 0.369094, 0, 2.5
back: 1.10728, 0, 7.5
front back
photon_ene: 661.6 photon_theta: 0.192741 photon_phi: 5.5703
traject_len: 5.0542
pe_len: 37.9132 cs_len: 14.5858
---
else
else
else
else
else
else
else
else
else
front: 0, 1.07689, 2.5
side: 0, 0, 0
front only
front: 0, 0.327603, 2.5
back: 0, 0.982809, 7.5
front back
photon_ene: 661.6 photon_theta: 2.86435 photon_phi: 5.80464
traject_len: 5.04275
pe_len: 4.54614 cs_len: 4.73908
---
front: 0.709505, 1.21595, 2.5
side: 0, 0, 0
front only
front: 0, 0, 2.5
side: 0, 0, 0
front only
else
else
front: 1.32267, 0, 2.5
side: 0, 0, 0
front only
front: 0, 0.921356, 2.5
side: 0, 0, 0
front only
front: 0.467241, 0, 2.5
side: 0, 0, 0
front only
front: 1.69339, 0, 2.5
side: 0, 0, 0
front only
else
front: 0, 1.7593, 2.5
side: 0, 0, 0
front only
else
else
else
front: 0, 0, 2.5
side: 0, 0, 0
front only
front: 1.16808, 1.80436, 2.5
side: 0, 0, 0
front only
else
front: 0, 0, 2.5
back: 0, 0, 7.5
front back
photon_ene: 661.6 photon_theta: 0.166805 photon_phi: 4.08542
traject_len: 5
pe_len: 22.893 cs_len: 4.56137
---
front: 0, 0.577123, 2.5
side: 0, 0, 0
front only
else
front: 0.545372, 1.27988, 2.5
side: 0, 0, 0
front only
front: 0.354105, 0, 2.5
side: 0, 0, 0
front only
front: 0.117917, 0.162483, 2.5
back: 0.353751, 0.487448, 7.5
front back
photon_ene: 661.6 photon_theta: 3.06146 photon_phi: 4.08461
traject_len: 5.0161
pe_len: 6.75857 cs_len: 0.969975
---
front: 0, 0, 2.5
back: 0, 0, 7.5
front back
photon_ene: 661.6 photon_theta: 0.217761 photon_phi: 3.59686
traject_len: 5
pe_len: 17.4508 cs_len: 3.32624
---
front: 0, 0, 2.5
side: 0, 0, 0
front only
front: 1.32641, 0, 2.5
side: 0, 0, 0
front only
front: 1.86068, 0.881219, 2.5
side: 0, 0, 0
front only
else
else
front: 0.529011, 0.890889, 2.5
side: 0, 0, 0
front only
else
else
else
front: 0, 0, 2.5
side: 0, 0, 0
front only
else
front: 0.49069, 0.256587, 2.5
back: 1.47207, 0.769762, 7.5
front back
photon_ene: 661.6 photon_theta: 2.92362 photon_phi: 3.6234
traject_len: 5.12118
pe_len: 8.07314 cs_len: 2.7507
---
else
front: 0, 0.930511, 2.5
side: 0, 0, 0
front only
else
front: 1.8139, 0, 2.5
side: 0, 0, 0
front only
else
else
else
front: 0, 1.56257, 2.5
side: 0, 0, 0
front only
else
else
front: 0.231246, 0, 2.5
side: 0, 0, 0
front only
front: 0, 0.460202, 2.5
back: 0, 1.38061, 7.5
front back
photon_ene: 661.6 photon_theta: 2.82148 photon_phi: 5.69449
traject_len: 5.08401
pe_len: 44.8683 cs_len: 4.93281
---
front: 0, 0, 2.5
side: 0, 0, 0
front only
front: 0, 0, 2.5
side: 0, 0, 0
front only
else
front: 1.91361, 0, 2.5
side: 0, 0, 0
front only
else
else
front: 0.330911, 2.3944, 2.5
side: 0, 0, 0
front only
else
else
else
front: 0, 0.137383, 2.5
back: 0, 0.412149, 7.5
front back
photon_ene: 661.6 photon_theta: 2.94526 photon_phi: 6.00326
traject_len: 5.00754
pe_len: 64.6822 cs_len: 7.9978
---
else
else
else
else
else
else
else
front: 0.774896, 1.36285, 2.5
side: 0, 0, 0
front only
else
else
front: 0.806785, 0, 2.5
side: 0, 0, 0
front only
front: 0, 0.393187, 2.5
side: 0, 0, 0
front only
else
front: 0, 0, 2.5
side: 0, 0, 0
front only
else
else
else
front: 1.77411, 1.23397, 2.5
side: 0, 0, 0
front only
else
else
front: 0.59012, 0.512571, 2.5
back: 1.77036, 1.53771, 7.5
front back
photon_ene: 661.6 photon_theta: 2.83856 photon_phi: 3.85678
traject_len: 5.23869
pe_len: 11.8324 cs_len: 3.58959
---
else
else
else
front: 0, 0, 2.5
side: 0, 0, 0
front only
front: 0.535438, 0, 2.5
side: 0, 0, 0
front only
else
front: 1.58839, 0, 2.5
side: 0, 0, 0
front only
else
else
else
else
front: 0, 0.00883893, 2.5
side: 0, 0, 0
front only
else
front: 0, 1.5562, 2.5
side: 0, 0, 0
front only
front: 0.667031, 0, 2.5
back: 2.00109, 0, 7.5
front back
photon_ene: 661.6 photon_theta: 2.84967 photon_phi: 2.6635
traject_len: 5.17491
pe_len: 3.81596 cs_len: 23.5361
---
else
else
else
else
else
else
front: 0, 0.0960382, 2.5
side: 0, 0, 0
front only
front: 0, 0.770905, 2.5
side: 0, 0, 0
front only
else
front: 0.320604, 0, 2.5
side: 0, 0, 0
front only
else
else
else
else
else
else
else
else
front: 1.55932, 1.15086, 2.5
side: 0, 0, 0
front only
else
else
front: 1.31521, 1.16191, 2.5
side: 0, 0, 0
front only
front: 2.32481, 0, 2.5
side: 0, 0, 0
front only
else
front: 0, 0.113927, 2.5
side: 0, 0, 0
front only
else
else
else
front: 0.772887, 0.244436, 2.5
back: 2.31866, 0.733309, 7.5
front back
photon_ene: 661.6 photon_theta: 0.313551 photon_phi: 0.30631
traject_len: 5.25627
pe_len: 79.3675 cs_len: 0.567723
---
front: 1.92304, 0.662469, 2.5
side: 0, 0, 0
front only
front: 0, 0.278163, 2.5
back: 0, 0.834489, 7.5
front back
photon_ene: 661.6 photon_theta: 0.314743 photon_phi: 2.7928
traject_len: 5.03085
pe_len: 129.543 cs_len: 6.83256
---
else
front: 0, 0, 2.5
side: 0, 0, 0
front only
front: 1.95275, 0, 2.5
side: 0, 0, 0
front only
else
front: 0.566539, 0, 2.5
back: 1.69962, 0, 7.5
front back
photon_ene: 661.6 photon_theta: 0.277913 photon_phi: 5.63027
traject_len: 5.12678
pe_len: 85.7042 cs_len: 4.49158
---
front: 1.81188, 0, 2.5
side: 0, 0, 0
front only
else
else
else
else
else
else
else
front: 0.0620584, 1.07185, 2.5
side: 0, 0, 0
front only
else
else
front: 0.014363, 0, 2.5
back: 0.043089, 0, 7.5
front back
photon_ene: 661.6 photon_theta: 2.89146 photon_phi: 1.59329
traject_len: 5.00008
pe_len: 9.96344 cs_len: 1.26282
---
else
else
else
else
else
else
front: 0, 0, 2.5
side: 0, 0, 0
front only
else
front: 0.0839537, 2.17039, 2.5
side: 0, 0, 0
front only
front: 0, 0, 2.5
side: 0, 0, 0
front only
else
else
else
front: 0, 1.21175, 2.5
side: 0, 0, 0
front only
front: 0.389017, 1.64015, 2.5
side: 0, 0, 0
front only
front: 2.03718, 0, 2.5
side: 0, 0, 0
front only
else
front: 0, 2.03156, 2.5
side: 0, 0, 0
front only
else
else
else
front: 0, 0, 2.5
back: 0, 0, 7.5
front back
photon_ene: 661.6 photon_theta: 0.0646064 photon_phi: 3.77842
traject_len: 5
pe_len: 1.4009 cs_len: 1.93023
---
front: 0.497284, 0.337737, 2.5
back: 1.49185, 1.01321, 7.5
front back
photon_ene: 661.6 photon_theta: 0.235972 photon_phi: 0.596604
traject_len: 5.14251
pe_len: 45.081 cs_len: 0.553395
---
front: 0, 1.07626, 2.5
side: 0, 0, 0
front only
else
front: 0, 0, 2.5
back: 0, 0, 7.5
front back
photon_ene: 661.6 photon_theta: 0.296107 photon_phi: 3.86396
traject_len: 5
pe_len: 19.7942 cs_len: 0.496864
---
front: 1.63658, 0, 2.5
side: 0, 0, 0
front only
else
else
else
else
else
front: 0, 0.210516, 2.5
back: 0, 0.631547, 7.5
front back
photon_ene: 661.6 photon_theta: 2.95981 photon_phi: 5.80732
traject_len: 5.0177
pe_len: 54.1207 cs_len: 2.32077
---
front: 0, 1.26847, 2.5
side: 0, 0, 0
front only
else
front: 0.848774, 0, 2.5
side: 0, 0, 0
front only
front: 0, 2.29652, 2.5
side: 0, 0, 0
front only
front: 0, 0.639248, 2.5
back: 0, 1.91775, 7.5
front back
photon_ene: 661.6 photon_theta: 2.86916 photon_phi: 5.12711
traject_len: 5.16087
pe_len: 14.7628 cs_len: 1.19838
---
else
else
else
else
front: 0, 0, 2.5
side: 0, 0, 0
front only
else
else
front: 0, 0, 2.5
side: 0, 0, 0
front only
front: 0, 0.103224, 2.5
side: 0, 0, 0
front only
front: 1.842, 0, 2.5
side: 0, 0, 0
front only
else
else
else
else
else
else
front: 1.50588, 0, 2.5
side: 0, 0, 0
front only
else
front: 1.47014, 0.570931, 2.5
side: 0, 0, 0
front only
else
else
else
else
front: 0.833733, 1.83162, 2.5
side: 0, 0, 0
front only
else
else
front: 1.59553, 1.52302, 2.5
side: 0, 0, 0
front only
front: 0.973936, 1.50559, 2.5
side: 0, 0, 0
front only
else
else
else
front: 0, 0.720591, 2.5
side: 0, 0, 0
front only
else
else
else
else
front: 0, 0.202897, 2.5
back: 0, 0.608692, 7.5
front back
photon_ene: 661.6 photon_theta: 2.97476 photon_phi: 5.78032
traject_len: 5.01644
pe_len: 29.1505 cs_len: 2.84097
---
front: 0.274952, 0, 2.5
side: 0, 0, 0
front only
front: 0.942425, 0, 2.5
side: 0, 0, 0
front only
front: 0, 0.22383, 2.5
back: 0, 0.671489, 7.5
front back
photon_ene: 661.6 photon_theta: 0.220748 photon_phi: 2.73119
traject_len: 5.02
pe_len: 0.227468 cs_len: 3.93191
---
front: 0, 0.432372, 2.5
side: 0, 0, 0
front only
front: 0, 0, 2.5
back: 0, 0, 7.5
front back
photon_ene: 661.6 photon_theta: 2.8722 photon_phi: 0.695576
traject_len: 5
pe_len: 92.2268 cs_len: 3.34021
---
else
front: 0, 0, 2.5
back: 0, 0, 7.5
front back
photon_ene: 661.6 photon_theta: 0.22346 photon_phi: 4.23739
traject_len: 5
pe_len: 0.257424 cs_len: 0.454063
---
else
else
else
front: 0, 1.54366, 2.5
side: 0, 0, 0
front only
else
else
front: 0, 1.08818, 2.5
side: 0, 0, 0
front only
else
else
front: 1.31176, 0.349135, 2.5
side: 0, 0, 0
front only
else
else
else
else
else
front: 0, 0.170117, 2.5
back: 0, 0.510352, 7.5
front back
photon_ene: 661.6 photon_theta: 3.04955 photon_phi: 5.45425
traject_len: 5.01156
pe_len: 31.7986 cs_len: 1.34624
---
else
else
front: 0.11774, 0, 2.5
back: 0.353219, 0, 7.5
front back
photon_ene: 661.6 photon_theta: 0.199627 photon_phi: 4.94732
traject_len: 5.00554
pe_len: 28.7392 cs_len: 1.31073
---
else
else
front: 2.05971, 0, 2.5
side: 0, 0, 0
front only
else
else
else
else
else
front: 0, 0, 2.5
side: 0, 0, 0
front only
front: 0, 0, 2.5
side: 0, 0, 0
front only
else
else
else
else
front: 0, 0.499692, 2.5
back: 0, 1.49907, 7.5
front back
photon_ene: 661.6 photon_theta: 0.199206 photon_phi: 1.71192
traject_len: 5.0989
pe_len: 17.1112 cs_len: 12.706
---
else
front: 1.30882, 0, 2.5
side: 0, 0, 0
front only
else
else
else
else
else
else
else
front: 0, 0, 2.5
side: 0, 0, 0
front only
front: 1.59866, 0, 2.5
side: 0, 0, 0
front only
else
front: 1.35136, 0, 2.5
side: 0, 0, 0
front only
else
front: 0.594619, 0.686335, 2.5
side: 0, 0, 0
front only
else
front: 0.083404, 0, 2.5
side: 0, 0, 0
front only
else
front: 0, 0, 2.5
side: 0, 0, 0
front only
else
else
else
else
else
else
else
else
else
front: 0, 0.988978, 2.5
side: 0, 0, 0
front only
else
front: 0.182853, 1.89625, 2.5
side: 0, 0, 0
front only
front: 1.19592, 0, 2.5
side: 0, 0, 0
front only
else
else
else
else
front: 1.99736, 0, 2.5
side: 0, 0, 0
front only
else
else
else
else
else
else
else
front: 0, 1.354, 2.5
side: 0, 0, 0
front only
else
front: 0, 0.0488574, 2.5
side: 0, 0, 0
front only
else
else
else
else
else
front: 0, 2.23408, 2.5
side: 0, 0, 0
front only
else
else
else
else
else
else
front: 0, 0.407293, 2.5
side: 0, 0, 0
front only
else
else
front: 0, 0.350716, 2.5
side: 0, 0, 0
front only
else
front: 0, 0, 2.5
back: 0, 0, 7.5
front back
photon_ene: 661.6 photon_theta: 2.83556 photon_phi: 1.56915
traject_len: 5
pe_len: 27.4442 cs_len: 1.06218
---
else
else
else
else
else
else
else
else
else
else
else
else
else
else
else
else
else
else
front: 0.361333, 0, 2.5
back: 1.084, 0, 7.5
front back
photon_ene: 661.6 photon_theta: 0.20551 photon_phi: 5.47853
traject_len: 5.05195
pe_len: 55.1191 cs_len: 2.00534
---
else
front: 0.074228, 2.04212, 2.5
side: 0, 0, 0
front only
else
front: 0, 1.66819, 2.5
side: 0, 0, 0
front only
front: 0, 0, 2.5
side: 0, 0, 0
front only
else
else
front: 0, 1.58387, 2.5
side: 0, 0, 0
front only
else
front: 0, 0.589907, 2.5
back: 0, 1.76972, 7.5
front back
photon_ene: 661.6 photon_theta: 0.300826 photon_phi: 2.27739
traject_len: 5.13731
pe_len: 29.0057 cs_len: 1.03665
---
front: 0, 0, 2.5
side: 0, 0, 0
front only
else
else
else
else
else
front: 0.142034, 0, 2.5
side: 0, 0, 0
front only
else
else
front: 0, 1.9595, 2.5
side: 0, 0, 0
front only
else
else
else
else
else
else
else
front: 0.678971, 1.2184, 2.5
side: 0, 0, 0
front only
front: 0, 0, 2.5
side: 0, 0, 0
front only
else
front: 1.07533, 0, 2.5
side: 0, 0, 0
front only
else
else
else
front: 1.87228, 0.862998, 2.5
side: 0, 0, 0
front only
else
else
front: 0, 0, 2.5
side: 0, 0, 0
front only
else
front: 0.942994, 0, 2.5
side: 0, 0, 0
front only
front: 0.584973, 0, 2.5
side: 0, 0, 0
front only
else
else
else
front: 0, 0.802455, 2.5
side: 0, 0, 0
front only
else
front: 0.821003, 1.82797, 2.5
side: 0, 0, 0
front only
else
front: 0.0601764, 0, 2.5
side: 0, 0, 0
front only
else
front: 0, 0.635946, 2.5
side: 0, 0, 0
front only
else
else
else
front: 0, 0, 2.5
side: 0, 0, 0
front only
else
else
else
else
else
else
else
front: 1.24962, 0, 2.5
side: 0, 0, 0
front only
else
front: 0, 0, 2.5
back: 0, 0, 7.5
front back
photon_ene: 661.6 photon_theta: 3.08216 photon_phi: 1.00957
traject_len: 5
pe_len: 37.6163 cs_len: 10.8687
---
front: 1.14235, 0, 2.5
side: 0, 0, 0
front only
front: 0.956639, 1.18432, 2.5
side: 0, 0, 0
front only
front: 0, 0, 2.5
back: 0, 0, 7.5
front back
photon_ene: 661.6 photon_theta: 0.262911 photon_phi: 3.8128
traject_len: 5
pe_len: 21.861 cs_len: 1.80178
---
front: 0, 0.648622, 2.5
side: 0, 0, 0
front only
front: 0.814261, 0.951596, 2.5
side: 0, 0, 0
front only
else
else
else
front: 1.39486, 0, 2.5
side: 0, 0, 0
front only
else
else
front: 0, 0, 2.5
side: 0, 0, 0
front only
else
else
else
front: 0, 0, 2.5
side: 0, 0, 0
front only
else
front: 0, 0, 2.5
side: 0, 0, 0
front only
front: 0, 0, 2.5
side: 0, 0, 0
front only
else
else
else
else
else
else
else
else
else
else
else
else
else
else
else
else
else
else
else
else
else
else
else
else
else
else
else
else
front: 0, 0.534329, 2.5
side: 0, 0, 0
front only
else
else
else
else
else
else
front: 0, 0, 2.5
side: 0, 0, 0
front only
else
front: 0, 1.30516, 2.5
side: 0, 0, 0
front only
else
front: 0, 0, 2.5
back: 0, 0, 7.5
front back
photon_ene: 661.6 photon_theta: 2.95969 photon_phi: 0.0716176
traject_len: 5
pe_len: 81.5336 cs_len: 1.46734
---
else
else
front: 0, 1.25587, 2.5
side: 0, 0, 0
front only
front: 0, 0, 2.5
side: 0, 0, 0
front only
else
front: 0.146544, 2.10073, 2.5
side: 0, 0, 0
front only
else
else
else
front: 0, 0, 2.5
side: 0, 0, 0
front only
front: 0.290121, 0.260398, 2.5
back: 0.870364, 0.781193, 7.5
front back
photon_ene: 661.6 photon_theta: 0.154691 photon_phi: 0.731458
traject_len: 5.06043
pe_len: 5.32243 cs_len: 2.90177
---
else
else
else
else
else
else
else
else
else
else
else
else
front: 0, 0, 2.5
side: 0, 0, 0
front only
else
else
else
front: 0, 0.61877, 2.5
side: 0, 0, 0
front only
else
else
else
front: 0, 0, 2.5
side: 0, 0, 0
front only
else
front: 0, 0, 2.5
side: 0, 0, 0
front only
front: 0, 0, 2.5
side: 0, 0, 0
front only
front: 0.495718, 0, 2.5
side: 0, 0, 0
front only
front: 0.737748, 1.21272, 2.5
side: 0, 0, 0
front only
else
front: 0, 0.639135, 2.5
back: 0, 1.91741, 7.5
front back
photon_ene: 661.6 photon_theta: 0.252297 photon_phi: 1.69963
traject_len: 5.16081
pe_len: 1.52159 cs_len: 1.05679
---
else
else
else
else
else
else
else
else
else
else
front: 1.87972, 0, 2.5
side: 0, 0, 0
front only
front: 0, 0.543696, 2.5
back: 0, 1.63109, 7.5
front back
photon_ene: 661.6 photon_theta: 2.88512 photon_phi: 5.30535
traject_len: 5.11688
pe_len: 57.0663 cs_len: 7.12417
---
else
else
front: 0.913661, 0, 2.5
side: 0, 0, 0
front only
else
else
else
else
else
else
else
else
else
else
else
else
else
else
else
else
else
else
else
front: 0, 0.737321, 2.5
side: 0, 0, 0
front only
front: 0.30533, 0, 2.5
back: 0.915991, 0, 7.5
front back
photon_ene: 661.6 photon_theta: 0.311495 photon_phi: 5.10145
traject_len: 5.03715
pe_len: 67.9983 cs_len: 3.0381
---
front: 0, 0, 2.5
side: 0, 0, 0
front only
else
else
else
front: 0, 0.705239, 2.5
side: 0, 0, 0
front only
else
else
front: 0, 0.38859, 2.5
back: 0, 1.16577, 7.5
front back
photon_ene: 661.6 photon_theta: 0.154556 photon_phi: 1.63905
traject_len: 5.06004
pe_len: 20.8349 cs_len: 8.85163
---
front: 1.25366, 0.62769, 2.5
side: 0, 0, 0
front only
else
front: 1.42984, 0, 2.5
side: 0, 0, 0
front only
else
else
else
else
front: 0, 0, 2.5
side: 0, 0, 0
front only
front: 0, 0, 2.5
side: 0, 0, 0
front only
front: 0, 0, 2.5
side: 0, 0, 0
front only
front: 0.274695, 1.47135, 2.5
side: 0, 0, 0
front only
else
else
else
else
else
front: 0.483601, 2.18062, 2.5
side: 0, 0, 0
front only
else
front: 0.443408, 0.179796, 2.5
back: 1.33022, 0.539387, 7.5
front back
photon_ene: 661.6 photon_theta: 2.95249 photon_phi: 3.52682
traject_len: 5.09075
pe_len: 62.4249 cs_len: 0.32863
---
else
else
else
front: 0, 0, 2.5
side: 0, 0, 0
front only
front: 0, 0, 2.5
side: 0, 0, 0
front only
else
else
front: 0, 1.1964, 2.5
side: 0, 0, 0
front only
else
front: 1.3593, 0, 2.5
side: 0, 0, 0
front only
else
else
else
else
else
else
else
else
else
else
else
front: 1.17858, 0, 2.5
side: 0, 0, 0
front only
front: 0, 0, 2.5
side: 0, 0, 0
front only
front: 0, 0, 2.5
side: 0, 0, 0
front only
front: 0, 0.771434, 2.5
back: 0, 2.3143, 7.5
front back
photon_ene: 661.6 photon_theta: 0.299331 photon_phi: 1.58467
traject_len: 5.23263
pe_len: 16.377 cs_len: 3.15288
---
front: 1.42808, 1.95562, 2.5
side: 0, 0, 0
front only
else
else
else
else
front: 0, 0.924137, 2.5
side: 0, 0, 0
front only
else
front: 0, 1.02105, 2.5
side: 0, 0, 0
front only
else
else
else
front: 0, 0, 2.5
side: 0, 0, 0
front only
else
front: 1.21785, 0.139847, 2.5
side: 0, 0, 0
front only
else
else
else
else
front: 0.305349, 1.31106, 2.5
side: 0, 0, 0
front only
else
else
else
else
else
else
front: 0, 0, 2.5
side: 0, 0, 0
front only
else
else
else
else
else
front: 1.55765, 0.0969177, 2.5
side: 0, 0, 0
front only
front: 1.3139, 0.178243, 2.5
side: 0, 0, 0
front only
front: 0, 0, 2.5
back: 0, 0, 7.5
front back
photon_ene: 661.6 photon_theta: 0.115809 photon_phi: 4.60447
traject_len: 5
pe_len: 26.1638 cs_len: 0.499869
---
else
else
front: 0, 1.30629, 2.5
side: 0, 0, 0
front only
front: 0, 0, 2.5
back: 0, 0, 7.5
front back
photon_ene: 661.6 photon_theta: 0.185166 photon_phi: 3.59931
traject_len: 5
pe_len: 35.4558 cs_len: 7.46374
---
else
else
else
front: 0.455097, 0.367071, 2.5
back: 1.36529, 1.10121, 7.5
front back
photon_ene: 661.6 photon_theta: 0.229744 photon_phi: 0.678739
traject_len: 5.13492
pe_len: 107.729 cs_len: 0.384456
---
front: 1.6851, 0.867831, 2.5
side: 0, 0, 0
front only
else
else
else
else
else
front: 0.16915, 2.17746, 2.5
side: 0, 0, 0
front only
else
else
else
front: 1.65328, 1.29886, 2.5
side: 0, 0, 0
front only
else
front: 1.55809, 1.3558, 2.5
side: 0, 0, 0
front only
front: 1.74372, 1.15037, 2.5
side: 0, 0, 0
front only
else
else
front: 0, 0, 2.5
back: 0, 0, 7.5
front back
photon_ene: 661.6 photon_theta: 2.87647 photon_phi: 0.489665
traject_len: 5
pe_len: 57.6393 cs_len: 3.26601
---
else
else
else
else
front: 2.20654, 0, 2.5
side: 0, 0, 0
front only
else
else
else
else
else
else
front: 0, 0, 2.5
back: 0, 0, 7.5
front back
photon_ene: 661.6 photon_theta: 0.108336 photon_phi: 4.67135
traject_len: 5
pe_len: 48.2707 cs_len: 1.01902
---
front: 0, 0, 2.5
side: 0, 0, 0
front only
else
else
else
else
else
else
else
else
else
else
else
else
else
front: 0.635412, 0.456913, 2.5
back: 1.90623, 1.37074, 7.5
front back
photon_ene: 661.6 photon_theta: 0.30339 photon_phi: 0.623418
traject_len: 5.23928
pe_len: 90.8116 cs_len: 9.97685
---
else
else
else
else
else
else
else
front: 0.0755733, 0, 2.5
side: 0, 0, 0
front only
else
else
else
front: 1.49147, 1.9536, 2.5
side: 0, 0, 0
front only
else
else
front: 1.40099, 0.118584, 2.5
side: 0, 0, 0
front only
else
else
front: 1.28873, 0.267606, 2.5
side: 0, 0, 0
front only
front: 0.659988, 0.648179, 2.5
side: 0, 0, 0
front only
else
front: 1.7901, 0.197321, 2.5
side: 0, 0, 0
front only
else
else
front: 0.113805, 0, 2.5
side: 0, 0, 0
front only
else
front: 0, 1.15165, 2.5
side: 0, 0, 0
front only
else
front: 0, 0.677095, 2.5
side: 0, 0, 0
front only
else
else
else
else
else
else
front: 2.40049, 0.170712, 2.5
side: 0, 0, 0
front only
else
else
front: 0, 0.0206317, 2.5
side: 0, 0, 0
front only
else
else
else
else
else
else
front: 0.660318, 1.03143, 2.5
side: 0, 0, 0
front only
else
else
else
else
front: 2.0667, 0, 2.5
side: 0, 0, 0
front only
else
front: 1.19519, 0, 2.5
side: 0, 0, 0
front only
else
else
front: 0, 0, 2.5
side: 0, 0, 0
front only
front: 0, 0, 2.5
side: 0, 0, 0
front only
else
front: 0, 0.114419, 2.5
side: 0, 0, 0
front only
else
else
front: 0.84912, 1.94865, 2.5
side: 0, 0, 0
front only
else
front: 0.640774, 1.65908, 2.5
side: 0, 0, 0
front only
else
else
else
front: 1.17164, 1.971, 2.5
side: 0, 0, 0
front only
front: 0, 0.334674, 2.5
side: 0, 0, 0
front only
else
else
else
else
else
front: 0, 0, 2.5
side: 0, 0, 0
front only
else
front: 0, 0, 2.5
side: 0, 0, 0
front only
front: 0, 0.86186, 2.5
side: 0, 0, 0
front only
else
else
else
else
else
else
front: 0, 0, 2.5
side: 0, 0, 0
front only
else
else
else
else
else
else
else
else
else
front: 0, 0, 2.5
side: 0, 0, 0
front only
else
else
else
front: 1.61936, 1.74326, 2.5
side: 0, 0, 0
front only
else
else
front: 0, 0, 2.5
side: 0, 0, 0
front only
else
else
else
else
else
front: 0, 0.307241, 2.5
back: 0, 0.921724, 7.5
front back
photon_ene: 661.6 photon_theta: 0.282408 photon_phi: 2.70424
traject_len: 5.03762
pe_len: 45.3675 cs_len: 1.81682
---
else
else
else
else
else
front: 1.27835, 0.639748, 2.5
side: 0, 0, 0
front only
else
else
front: 0, 0, 2.5
side: 0, 0, 0
front only
else
else
else
else
else
else
else
else
else
else
front: 0, 0.648358, 2.5
side: 0, 0, 0
front only
front: 0, 1.09729, 2.5
side: 0, 0, 0
front only
else
else
else
else
else
else
else
front: 1.50022, 0.950685, 2.5
side: 0, 0, 0
front only
front: 0, 0.478026, 2.5
side: 0, 0, 0
front only
else
else
else
front: 0.37591, 0.397572, 2.5
back: 1.12773, 1.19272, 7.5
front back
photon_ene: 661.6 photon_theta: 0.215462 photon_phi: 0.813397
traject_len: 5.11835
pe_len: 40.8872 cs_len: 2.47367
---
else
else
else
else
front: 0, 0.0403432, 2.5
back: 0, 0.12103, 7.5
front back
photon_ene: 661.6 photon_theta: 0.24498 photon_phi: 3.077
traject_len: 5.00065
pe_len: 36.929 cs_len: 1.5596
---
else
else
else
else
front: 0.822433, 0, 2.5
side: 0, 0, 0
front only
else
else
else
else
front: 0, 0, 2.5
side: 0, 0, 0
front only
else
else
front: 0.503114, 1.65994, 2.5
side: 0, 0, 0
front only
front: 1.59052, 1.59049, 2.5
side: 0, 0, 0
front only
else
else
front: 0, 0, 2.5
side: 0, 0, 0
front only
else
front: 0.899065, 0.484302, 2.5
side: 0, 0, 0
front only
else
else
else
front: 0, 0, 2.5
side: 0, 0, 0
front only
else
else
else
else
else
front: 0, 2.43866, 2.5
side: 0, 0, 0
front only
front: 1.53099, 0.714291, 2.5
side: 0, 0, 0
front only
else
else
else
front: 2.33988, 0.765424, 2.5
side: 0, 0, 0
front only
else
else
else
front: 0, 0, 2.5
side: 0, 0, 0
front only
front: 0, 0, 2.5
side: 0, 0, 0
front only
else
else
front: 0.223808, 0, 2.5
back: 0.671423, 0, 7.5
front back
photon_ene: 661.6 photon_theta: 0.240117 photon_phi: 5.08671
traject_len: 5.02
pe_len: 11.433 cs_len: 1.34469
---
else
else
else
else
front: 0, 0.416624, 2.5
side: 0, 0, 0
front only
else
front: 0.990438, 0.367585, 2.5
side: 0, 0, 0
front only
else
else
else
front: 0, 0, 2.5
side: 0, 0, 0
front only
front: 0, 0.805736, 2.5
side: 0, 0, 0
front only
else
else
front: 0, 0, 2.5
side: 0, 0, 0
front only
front: 0, 0, 2.5
side: 0, 0, 0
front only
else
else
front: 0, 0, 2.5
back: 0, 0, 7.5
front back
photon_ene: 661.6 photon_theta: 2.90981 photon_phi: 1.45077
traject_len: 5
pe_len: 30.964 cs_len: 7.69509
---
else
else
else
front: 0, 0, 2.5
side: 0, 0, 0
front only
else
else
else
front: 0, 0, 2.5
back: 0, 0, 7.5
front back
photon_ene: 661.6 photon_theta: 0.101768 photon_phi: 4.27116
traject_len: 5
pe_len: 31.621 cs_len: 8.12653
---
else
front: 0, 1.5938, 2.5
side: 0, 0, 0
front only
else
front: 2.12105, 0.692139, 2.5
side: 0, 0, 0
front only
else
else
else
front: 0.533548, 0.794438, 2.5
side: 0, 0, 0
front only
front: 0.53449, 1.68808, 2.5
side: 0, 0, 0
front only
front: 2.24513, 0, 2.5
side: 0, 0, 0
front only
else
else
front: 0, 0, 2.5
side: 0, 0, 0
front only
else
front: 0, 0, 2.5
side: 0, 0, 0
front only
else
else
else
else
front: 0.0928118, 1.73274, 2.5
side: 0, 0, 0
front only
else
front: 0, 0, 2.5
side: 0, 0, 0
front only
else
else
else
front: 0, 1.64194, 2.5
side: 0, 0, 0
front only
else
else
else
front: 0, 0.259873, 2.5
side: 0, 0, 0
front only
else
front: 0, 0, 2.5
side: 0, 0, 0
front only
front: 0.993336, 0, 2.5
side: 0, 0, 0
front only
front: 1.35256, 0.15712, 2.5
side: 0, 0, 0
front only
else
else
else
else
else
front: 0.995373, 0, 2.5
side: 0, 0, 0
front only
else
front: 0, 1.10506, 2.5
side: 0, 0, 0
front only
else
else
else
else
else
else
front: 1.0994, 0, 2.5
side: 0, 0, 0
front only
front: 1.51637, 0, 2.5
side: 0, 0, 0
front only
else
else
front: 1.61659, 0, 2.5
side: 0, 0, 0
front only
front: 0, 0, 2.5
side: 0, 0, 0
front only
else
else
else
front: 0, 0.566236, 2.5
side: 0, 0, 0
front only
else
front: 0, 0, 2.5
side: 0, 0, 0
front only
front: 0, 0, 2.5
side: 0, 0, 0
front only
front: 1.12408, 0, 2.5
side: 0, 0, 0
front only
else
else
else
else
front: 0.777357, 0, 2.5
side: 0, 0, 0
front only
else
else
else
else
else
front: 0, 0, 2.5
side: 0, 0, 0
front only
else
else
front: 0, 1.1027, 2.5
side: 0, 0, 0
front only
else
else
else
else
else
front: 1.36155, 0, 2.5
side: 0, 0, 0
front only
else
front: 0, 0.594336, 2.5
side: 0, 0, 0
front only
front: 0, 2.3257, 2.5
side: 0, 0, 0
front only
front: 0.922082, 0, 2.5
side: 0, 0, 0
front only
else
else
front: 0.742699, 0, 2.5
side: 0, 0, 0
front only
else
else
front: 0, 1.56752, 2.5
side: 0, 0, 0
front only
else
else
else
else
else
front: 1.27568, 1.42054, 2.5
side: 0, 0, 0
front only
else
else
else
else
front: 1.49994, 0, 2.5
side: 0, 0, 0
front only
else
front: 0, 0, 2.5
side: 0, 0, 0
front only
else
else
else
else
else
else
else
front: 0, 0, 2.5
back: 0, 0, 7.5
front back
photon_ene: 661.6 photon_theta: 2.82888 photon_phi: 1.07428
traject_len: 5
pe_len: 69.1195 cs_len: 7.28297
---
else
else
else
else
else
else
else
else
else
else
front: 1.11751, 0, 2.5
side: 0, 0, 0
front only
else
else
else
else
else
else
else
front: 0.342801, 0, 2.5
side: 0, 0, 0
front only
front: 0, 0, 2.5
side: 0, 0, 0
front only
else
front: 0.835581, 1.6579, 2.5
side: 0, 0, 0
front only
else
else
front: 0.7433, 0, 2.5
side: 0, 0, 0
front only
else
front: 1.18188, 0, 2.5
side: 0, 0, 0
front only
else
front: 0.965185, 0, 2.5
side: 0, 0, 0
front only
else
else
else
else
else
else
front: 0, 0.627832, 2.5
side: 0, 0, 0
front only
front: 0, 2.26024, 2.5
side: 0, 0, 0
front only
front: 2.12542, 0.0272139, 2.5
side: 0, 0, 0
front only
else
else
else
else
front: 0, 0, 2.5
side: 0, 0, 0
front only
else
else
else
front: 0, 0, 2.5
side: 0, 0, 0
front only
else
else
front: 0, 0, 2.5
side: 0, 0, 0
front only
front: 0.254536, 0, 2.5
back: 0.763607, 0, 7.5
front back
photon_ene: 661.6 photon_theta: 3.03994 photon_phi: 3.08044
traject_len: 5.02585
pe_len: 5.79893 cs_len: 2.24349
---
front: 0, 0, 2.5
side: 0, 0, 0
front only
front: 0.576945, 0.164345, 2.5
back: 1.73084, 0.493036, 7.5
front back
photon_ene: 661.6 photon_theta: 0.235506 photon_phi: 0.277504
traject_len: 5.14194
pe_len: 12.9832 cs_len: 7.33611
---
front: 0.767554, 0.490153, 2.5
side: 0, 0, 0
front only
front: 1.69014, 0, 2.5
side: 0, 0, 0
front only
front: 0, 0, 2.5
side: 0, 0, 0
front only
else
else
else
else
front: 0, 0, 2.5
side: 0, 0, 0
front only
else
else
front: 0, 0, 2.5
side: 0, 0, 0
front only
else
else
front: 0, 0.906556, 2.5
side: 0, 0, 0
front only
else
front: 0.746516, 0, 2.5
side: 0, 0, 0
front only
front: 0, 0, 2.5
back: 0, 0, 7.5
front back
photon_ene: 661.6 photon_theta: 2.94444 photon_phi: 1.48126
traject_len: 5
pe_len: 3.20698 cs_len: 2.3919
---
else
else
else
front: 0, 0, 2.5
side: 0, 0, 0
front only
else
else
else
else
else
else
else
else
else
else
else
front: 0.499478, 0, 2.5
back: 1.49843, 0, 7.5
front back
photon_ene: 661.6 photon_theta: 0.248131 photon_phi: 5.6209
traject_len: 5.09881
pe_len: 31.1188 cs_len: 10.8656
---
else
else
else
else
front: 0.182908, 2.14114, 2.5
side: 0, 0, 0
front only
else
front: 0, 0.903021, 2.5
side: 0, 0, 0
front only
else
else
else
else
else
else
else
else
front: 0, 0, 2.5
back: 0, 0, 7.5
front back
photon_ene: 661.6 photon_theta: 3.09787 photon_phi: 1.32737
traject_len: 5
pe_len: 16.8506 cs_len: 3.10026
---
else
else
front: 0, 0.0765793, 2.5
side: 0, 0, 0
front only
else
front: 0, 0.503661, 2.5
side: 0, 0, 0
front only
else
front: 1.02403, 0.847851, 2.5
side: 0, 0, 0
front only
else
else
else
front: 0, 1.18989, 2.5
side: 0, 0, 0
front only
front: 0, 1.44437, 2.5
side: 0, 0, 0
front only
else
else
else
else
else
else
else
else
else
else
else
else
else
front: 1.44647, 2.00324, 2.5
side: 0, 0, 0
front only
else
else
else
front: 0, 0.102874, 2.5
side: 0, 0, 0
front only
else
else
front: 0, 0, 2.5
back: 0, 0, 7.5
front back
photon_ene: 661.6 photon_theta: 2.87397 photon_phi: 0.335491
traject_len: 5
pe_len: 16.2523 cs_len: 12.0766
---
else
else
else
else
else
else
front: 0, 0, 2.5
side: 0, 0, 0
front only
else
else
else
else
else
else
else
else
else
else
front: 0, 0, 2.5
side: 0, 0, 0
front only
else
front: 0.129289, 1.49024, 2.5
side: 0, 0, 0
front only
else
else
front: 0.762118, 0.190799, 2.5
back: 2.28635, 0.572396, 7.5
front back
photon_ene: 661.6 photon_theta: 2.83711 photon_phi: 3.3869
traject_len: 5.24108
pe_len: 23.0859 cs_len: 7.89471
---
else
else
front: 0, 0.0544695, 2.5
side: 0, 0, 0
front only
front: 0, 0.664776, 2.5
back: 0, 1.99433, 7.5
front back
photon_ene: 661.6 photon_theta: 0.319355 photon_phi: 2.20735
traject_len: 5.17375
pe_len: 17.2713 cs_len: 1.62696
---
else
front: 1.33182, 1.20689, 2.5
side: 0, 0, 0
front only
else
else
front: 0, 0.626336, 2.5
side: 0, 0, 0
front only
front: 0, 0.678957, 2.5
side: 0, 0, 0
front only
else
front: 1.42462, 0, 2.5
side: 0, 0, 0
front only
front: 0.532553, 0.659058, 2.5
side: 0, 0, 0
front only
else
else
else
else
else
front: 1.98774, 1.4028, 2.5
side: 0, 0, 0
front only
else
front: 2.21949, 0, 2.5
side: 0, 0, 0
front only
front: 0, 1.83341, 2.5
side: 0, 0, 0
front only
else
front: 2.12577, 0, 2.5
side: 0, 0, 0
front only
else
else
front: 0, 0, 2.5
side: 0, 0, 0
front only
front: 0, 0.407814, 2.5
back: 0, 1.22344, 7.5
front back
photon_ene: 661.6 photon_theta: 0.180182 photon_phi: 2.032
traject_len: 5.06609
pe_len: 52.2602 cs_len: 10.338
---
front: 0.866552, 1.01657, 2.5
side: 0, 0, 0
front only
else
else
else
front: 0.357916, 0, 2.5
back: 1.07375, 0, 7.5
front back
photon_ene: 661.6 photon_theta: 2.83866 photon_phi: 2.0466
traject_len: 5.05098
pe_len: 0.869211 cs_len: 2.40718
---
else
else
else
else
else
else
else
front: 0, 1.59013, 2.5
side: 0, 0, 0
front only
else
else
front: 0.0663138, 0.670956, 2.5
back: 0.198941, 2.01287, 7.5
front back
photon_ene: 661.6 photon_theta: 2.87817 photon_phi: 4.61387
traject_len: 5.17864
pe_len: 17.5056 cs_len: 21.924
---
else
else
else
else
else
else
else
else
else
else
else
front: 0.731557, 0.229312, 2.5
back: 2.19467, 0.687935, 7.5
front back
photon_ene: 661.6 photon_theta: 2.84404 photon_phi: 3.44535
traject_len: 5.22982
pe_len: 93.2104 cs_len: 8.76872
---
else
else
else
else
front: 0.307625, 0.969759, 2.5
side: 0, 0, 0
front only
front: 0, 0, 2.5
side: 0, 0, 0
front only
else
else
else
else
front: 0, 0, 2.5
side: 0, 0, 0
front only
front: 0.0729408, 1.74495, 2.5
side: 0, 0, 0
front only
front: 1.43539, 0, 2.5
side: 0, 0, 0
front only
else
else
else
else
front: 0, 0, 2.5
side: 0, 0, 0
front only
else
else
front: 0.300586, 0, 2.5
back: 0.901759, 0, 7.5
front back
photon_ene: 661.6 photon_theta: 3.01072 photon_phi: 2.72245
traject_len: 5.03601
pe_len: 74.6153 cs_len: 1.85978
---
else
else
else
front: 1.4951, 0, 2.5
side: 0, 0, 0
front only
else
front: 0.868841, 0.624194, 2.5
side: 0, 0, 0
front only
front: 1.3943, 1.81207, 2.5
side: 0, 0, 0
front only
else
front: 0, 0, 2.5
side: 0, 0, 0
front only
front: 0, 0, 2.5
side: 0, 0, 0
front only
else
else
else
else
else
else
else
front: 1.56355, 0, 2.5
side: 0, 0, 0
front only
else
else
front: 1.02311, 0, 2.5
side: 0, 0, 0
front only
else
else
else
front: 1.64524, 0.2582, 2.5
side: 0, 0, 0
front only
front: 0.194278, 0, 2.5
side: 0, 0, 0
front only
else
else
else
else
else
else
front: 0, 0, 2.5
side: 0, 0, 0
front only
front: 0.198609, 1.06386, 2.5
side: 0, 0, 0
front only
front: 1.99905, 0, 2.5
side: 0, 0, 0
front only
else
else
else
else
front: 0, 0.491151, 2.5
side: 0, 0, 0
front only
else
front: 1.48527, 1.35165, 2.5
side: 0, 0, 0
front only
front: 0, 0.1503, 2.5
back: 0, 0.4509, 7.5
front back
photon_ene: 661.6 photon_theta: 2.83662 photon_phi: 6.09102
traject_len: 5.00903
pe_len: 31.7202 cs_len: 0.662626
---
else
front: 0.333525, 0, 2.5
back: 1.00057, 0, 7.5
front back
photon_ene: 661.6 photon_theta: 0.19778 photon_phi: 5.44085
traject_len: 5.0443
pe_len: 131.853 cs_len: 0.869514
---
else
else
else
else
else
else
else
front: 1.38963, 0, 2.5
side: 0, 0, 0
front only
else
else
front: 0, 0.575592, 2.5
side: 0, 0, 0
front only
else
front: 0, 0.145682, 2.5
back: 0, 0.437046, 7.5
front back
photon_ene: 661.6 photon_theta: 0.137192 photon_phi: 2.70585
traject_len: 5.00848
pe_len: 25.3274 cs_len: 2.24002
---
else
front: 0.411672, 0, 2.5
side: 0, 0, 0
front only
else
else
else
else
else
else
else
else
else
front: 0.747686, 1.62622, 2.5
side: 0, 0, 0
front only
else
else
front: 1.56933, 0, 2.5
side: 0, 0, 0
front only
else
else
else
front: 0, 0.176043, 2.5
side: 0, 0, 0
front only
else
front: 0.0370146, 0, 2.5
side: 0, 0, 0
front only
else
else
else
else
else
else
front: 0, 1.51307, 2.5
side: 0, 0, 0
front only
else
else
else
else
else
else
else
else
else
else
else
else
else
else
front: 0.991883, 0.982036, 2.5
side: 0, 0, 0
front only
else
else
else
else
else
else
else
else
front: 0, 0, 2.5
side: 0, 0, 0
front only
else
front: 1.95985, 0, 2.5
side: 0, 0, 0
front only
else
else
front: 0, 1.04315, 2.5
side: 0, 0, 0
front only
else
front: 0, 0.317956, 2.5
back: 0, 0.953868, 7.5
front back
photon_ene: 661.6 photon_theta: 0.134151 photon_phi: 1.91198
traject_len: 5.04028
pe_len: 3.36596 cs_len: 2.67166
---
else
front: 0, 0, 2.5
side: 0, 0, 0
front only
front: 1.59771, 0.590076, 2.5
side: 0, 0, 0
front only
front: 0, 0, 2.5
side: 0, 0, 0
front only
front: 0, 0.0065249, 2.5
back: 0, 0.0195747, 7.5
front back
photon_ene: 661.6 photon_theta: 0.0902929 photon_phi: 3.11276
traject_len: 5.00002
pe_len: 26.1927 cs_len: 6.49477
---
front: 1.59443, 0.639646, 2.5
side: 0, 0, 0
front only
else
else
front: 0, 0, 2.5
side: 0, 0, 0
front only
else
else
else
else
else
else
else
else
else
else
else
else
front: 0, 1.39474, 2.5
side: 0, 0, 0
front only
else
else
else
else
else
front: 1.10462, 1.10322, 2.5
side: 0, 0, 0
front only
else
else
front: 0.68255, 0, 2.5
side: 0, 0, 0
front only
else
else
else
else
else
else
front: 0, 0.898034, 2.5
side: 0, 0, 0
front only
else
else
else
else
else
else
else
front: 1.04213, 2.17076, 2.5
side: 0, 0, 0
front only
else
front: 0, 0, 2.5
back: 0, 0, 7.5
front back
photon_ene: 661.6 photon_theta: 3.04808 photon_phi: 0.584948
traject_len: 5
pe_len: 39.7506 cs_len: 0.975658
---
else
else
else
else
front: 0, 0, 2.5
back: 0, 0, 7.5
front back
photon_ene: 661.6 photon_theta: 2.83213 photon_phi: 0.227328
traject_len: 5
pe_len: 13.2591 cs_len: 4.65562
---
else
else
front: 0.00698202, 0.255086, 2.5
back: 0.0209461, 0.765259, 7.5
front back
photon_ene: 661.6 photon_theta: 0.101721 photon_phi: 1.54343
traject_len: 5.02598
pe_len: 5.19488 cs_len: 3.23977
---
else
else
else
else
else
else
else
else
else
else
front: 0, 0.826081, 2.5
side: 0, 0, 0
front only
front: 0.288597, 0, 2.5
back: 0.865792, 0, 7.5
front back
photon_ene: 661.6 photon_theta: 0.150816 photon_phi: 5.57511
traject_len: 5.03321
pe_len: 2.19865 cs_len: 4.1577
---
else
front: 1.81415, 1.08567, 2.5
side: 0, 0, 0
front only
else
front: 0.122821, 0.127647, 2.5
back: 0.368464, 0.382942, 7.5
front back
photon_ene: 661.6 photon_theta: 0.0707381 photon_phi: 0.804664
traject_len: 5.01254
pe_len: 23.5518 cs_len: 6.14486
---
front: 0.916101, 0, 2.5
side: 0, 0, 0
front only
front: 0.558544, 0, 2.5
back: 1.67563, 0, 7.5
front back
photon_ene: 661.6 photon_theta: 2.87342 photon_phi: 2.52017
traject_len: 5.12327
pe_len: 39.9916 cs_len: 4.67167
---
else
else
else
else
front: 0, 0, 2.5
side: 0, 0, 0
front only
front: 0, 1.51548, 2.5
side: 0, 0, 0
front only
else
else
front: 0, 1.08878, 2.5
side: 0, 0, 0
front only
else
else
else
front: 1.04626, 0, 2.5
side: 0, 0, 0
front only
else
else
front: 0, 0, 2.5
side: 0, 0, 0
front only
else
front: 0, 0.222862, 2.5
back: 0, 0.668586, 7.5
front back
photon_ene: 661.6 photon_theta: 2.92524 photon_phi: 5.86556
traject_len: 5.01983
pe_len: 19.7166 cs_len: 3.71861
---
else
front: 0, 0, 2.5
back: 0, 0, 7.5
front back
photon_ene: 661.6 photon_theta: 3.01733 photon_phi: 0.939884
traject_len: 5
pe_len: 12.4523 cs_len: 1.9243
---
else
front: 0, 0, 2.5
back: 0, 0, 7.5
front back
photon_ene: 661.6 photon_theta: 2.82245 photon_phi: 0.24122
traject_len: 5
pe_len: 72.109 cs_len: 7.90799
---
else
front: 0, 2.03458, 2.5
side: 0, 0, 0
front only
front: 1.95974, 0.70756, 2.5
side: 0, 0, 0
front only
else
else
else
else
else
else
else
else
front: 0, 1.6452, 2.5
side: 0, 0, 0
front only
else
front: 0.00866118, 2.31295, 2.5
side: 0, 0, 0
front only
else
else
else
else
front: 0, 1.32314, 2.5
side: 0, 0, 0
front only
front: 0.714622, 0.42161, 2.5
back: 2.14387, 1.26483, 7.5
front back
photon_ene: 661.6 photon_theta: 2.82114 photon_phi: 3.67461
traject_len: 5.26818
pe_len: 145.96 cs_len: 4.97954
---
else
front: 0.903011, 0, 2.5
side: 0, 0, 0
front only
else
else
else
front: 0, 1.02285, 2.5
side: 0, 0, 0
front only
else
else
else
front: 1.69382, 0.0827264, 2.5
side: 0, 0, 0
front only
else
else
else
else
else
front: 0.335559, 0, 2.5
side: 0, 0, 0
front only
else
else
front: 0, 0, 2.5
back: 0, 0, 7.5
front back
photon_ene: 661.6 photon_theta: 3.04611 photon_phi: 0.414679
traject_len: 5
pe_len: 9.50848 cs_len: 0.973839
---
front: 1.23069, 1.98017, 2.5
side: 0, 0, 0
front only
else
front: 0.140037, 0, 2.5
side: 0, 0, 0
front only
else
else
else
else
else
else
else
else
else
else
else
else
else
else
else
else
else
front: 0.06797, 0, 2.5
side: 0, 0, 0
front only
else
else
front: 1.42781, 1.37373, 2.5
side: 0, 0, 0
front only
else
else
else
else
else
front: 1.30279, 0, 2.5
side: 0, 0, 0
front only
front: 0.335017, 0, 2.5
back: 1.00505, 0, 7.5
front back
photon_ene: 661.6 photon_theta: 2.9158 photon_phi: 2.19369
traject_len: 5.04469
pe_len: 22.2131 cs_len: 0.627159
---
else
else
else
front: 0, 0, 2.5
side: 0, 0, 0
front only
front: 0, 0, 2.5
back: 0, 0, 7.5
front back
photon_ene: 661.6 photon_theta: 2.98801 photon_phi: 0.598284
traject_len: 5
pe_len: 28.8232 cs_len: 5.37343
---
else
else
else
front: 0.682487, 0, 2.5
side: 0, 0, 0
front only
front: 0.453564, 0.0121659, 2.5
back: 1.36069, 0.0364978, 7.5
front back
photon_ene: 661.6 photon_theta: 2.96206 photon_phi: 3.16841
traject_len: 5.08168
pe_len: 98.2633 cs_len: 6.5333
---
front: 0.0643728, 0, 2.5
side: 0, 0, 0
front only
else
front: 0, 0.220846, 2.5
back: 0, 0.662537, 7.5
front back
photon_ene: 661.6 photon_theta: 0.19819 photon_phi: 2.68614
traject_len: 5.01947
pe_len: 5.32522 cs_len: 1.93984
---
else
front: 1.53204, 0.0917511, 2.5
side: 0, 0, 0
front only
else
else
else
front: 1.04959, 1.48734, 2.5
side: 0, 0, 0
front only
else
else
else
else
else
front: 1.38285, 1.20364, 2.5
side: 0, 0, 0
front only
front: 0.549522, 1.17627, 2.5
side: 0, 0, 0
front only
else
else
else
else
front: 0, 1.78315, 2.5
side: 0, 0, 0
front only
front: 0, 1.06856, 2.5
side: 0, 0, 0
front only
else
else
else
front: 0, 0.423566, 2.5
side: 0, 0, 0
front only
else
front: 0, 0, 2.5
side: 0, 0, 0
front only
else
front: 0.729955, 0, 2.5
back: 2.18987, 0, 7.5
front back
photon_ene: 661.6 photon_theta: 2.82436 photon_phi: 2.66663
traject_len: 5.20878
pe_len: 11.8227 cs_len: 2.76228
---
else
else
else
front: 0, 1.18733, 2.5
side: 0, 0, 0
front only
front: 0.999356, 0.676076, 2.5
side: 0, 0, 0
front only
else
front: 0.395458, 0, 2.5
side: 0, 0, 0
front only
else
front: 0, 1.7628, 2.5
side: 0, 0, 0
front only
else
else
else
front: 0, 0.136396, 2.5
back: 0, 0.409189, 7.5
front back
photon_ene: 661.6 photon_theta: 3.05314 photon_phi: 5.62056
traject_len: 5.00744
pe_len: 37.0945 cs_len: 2.99304
---
else
front: 0, 0.289659, 2.5
back: 0, 0.868976, 7.5
front back
photon_ene: 661.6 photon_theta: 3.01978 photon_phi: 5.04103
traject_len: 5.03345
pe_len: 25.1247 cs_len: 2.35059
---
else
else
else
else
else
else
else
else
else
front: 0.178669, 0.713211, 2.5
back: 0.536006, 2.13963, 7.5
front back
photon_ene: 661.6 photon_theta: 0.286035 photon_phi: 1.32533
traject_len: 5.21175
pe_len: 44.6621 cs_len: 2.25069
---
else
else
front: 0, 0.766901, 2.5
side: 0, 0, 0
front only
else
else
else
else
else
front: 0, 0.511924, 2.5
back: 0, 1.53577, 7.5
front back
photon_ene: 661.6 photon_theta: 2.82058 photon_phi: 5.61977
traject_len: 5.10375
pe_len: 23.4628 cs_len: 6.75561
---
else
else
else
front: 0.459579, 0, 2.5
side: 0, 0, 0
front only
else
else
else
else
else
else
else
else
else
else
front: 0.585594, 0, 2.5
side: 0, 0, 0
front only
else
else
else
else
else
front: 0.0139305, 0.396965, 2.5
back: 0.0417915, 1.19089, 7.5
front back
photon_ene: 661.6 photon_theta: 2.98403 photon_phi: 4.67731
traject_len: 5.06272
pe_len: 50.5666 cs_len: 1.75018
---
front: 1.11587, 0.145896, 2.5
side: 0, 0, 0
front only
else
else
else
else
front: 0, 1.50872, 2.5
side: 0, 0, 0
front only
else
else
else
else
else
front: 1.71302, 0, 2.5
side: 0, 0, 0
front only
else
else
front: 0, 0, 2.5
side: 0, 0, 0
front only
else
else
else
else
front: 0.591489, 1.68899, 2.5
side: 0, 0, 0
front only
front: 0, 0, 2.5
side: 0, 0, 0
front only
else
else
front: 1.38722, 0, 2.5
side: 0, 0, 0
front only
else
else
else
front: 0.349626, 0, 2.5
back: 1.04888, 0, 7.5
front back
photon_ene: 661.6 photon_theta: 0.289478 photon_phi: 5.20116
traject_len: 5.04866
pe_len: 71.6394 cs_len: 8.03458
---
else
front: 1.31562, 0, 2.5
side: 0, 0, 0
front only
else
else
else
front: 0, 0.594496, 2.5
side: 0, 0, 0
front only
else
else
else
else
else
front: 0, 0, 2.5
side: 0, 0, 0
front only
front: 0, 0, 2.5
side: 0, 0, 0
front only
front: 0, 0.623336, 2.5
side: 0, 0, 0
front only
front: 1.07803, 0, 2.5
side: 0, 0, 0
front only
else
front: 0, 2.18101, 2.5
side: 0, 0, 0
front only
else
else
else
else
else
else
else
else
else
else
else
else
else
else
front: 0, 0, 2.5
side: 0, 0, 0
front only
else
else
else
else
else
else
else
front: 1.34174, 0, 2.5
side: 0, 0, 0
front only
front: 0, 0, 2.5
side: 0, 0, 0
front only
front: 1.94812, 0, 2.5
side: 0, 0, 0
front only
else
else
else
front: 0, 0, 2.5
back: 0, 0, 7.5
front back
photon_ene: 661.6 photon_theta: 0.105685 photon_phi: 3.19903
traject_len: 5
pe_len: 28.5031 cs_len: 1.34857
---
else
else
front: 0, 0, 2.5
side: 0, 0, 0
front only
front: 0.826438, 0, 2.5
back: 2.47931, 0, 7.5
front back
photon_ene: 661.6 photon_theta: 2.81997 photon_phi: 3.01616
traject_len: 5.26612
pe_len: 42.2793 cs_len: 6.70019
---
else
front: 0.349343, 0.615663, 2.5
back: 1.04803, 1.84699, 7.5
front back
photon_ene: 661.6 photon_theta: 0.275926 photon_phi: 1.05467
traject_len: 5.19657
pe_len: 0.836756 cs_len: 3.69133
---
else
else
front: 0, 0, 2.5
side: 0, 0, 0
front only
else
front: 0.985358, 0, 2.5
side: 0, 0, 0
front only
else
else
else
else
else
else
front: 1.2805, 1.30988, 2.5
side: 0, 0, 0
front only
front: 0.673881, 1.99605, 2.5
side: 0, 0, 0
front only
else
else
else
else
else
else
else
else
else
else
else
else
else
else
else
front: 1.11585, 0, 2.5
side: 0, 0, 0
front only
else
else
else
front: 0, 0.556961, 2.5
back: 0, 1.67088, 7.5
front back
photon_ene: 661.6 photon_theta: 2.85049 photon_phi: 5.44478
traject_len: 5.12258
pe_len: 23.7892 cs_len: 5.83279
---
else
else
front: 0, 0, 2.5
back: 0, 0, 7.5
front back
photon_ene: 661.6 photon_theta: 0.146925 photon_phi: 3.48579
traject_len: 5
pe_len: 33.1236 cs_len: 0.571628
---
else
else
front: 0, 0, 2.5
side: 0, 0, 0
front only
else
front: 0.785462, 0.499804, 2.5
side: 0, 0, 0
front only
front: 1.49713, 0.120751, 2.5
side: 0, 0, 0
front only
else
front: 0, 1.14401, 2.5
side: 0, 0, 0
front only
else
else
else
else
else
front: 0, 0, 2.5
side: 0, 0, 0
front only
front: 0.673703, 0.77076, 2.5
side: 0, 0, 0
front only
else
front: 0.864699, 1.28066, 2.5
side: 0, 0, 0
front only
else
front: 0.0653485, 0, 2.5
back: 0.196046, 0, 7.5
front back
photon_ene: 661.6 photon_theta: 0.312172 photon_phi: 4.79347
traject_len: 5.00171
pe_len: 13.4357 cs_len: 3.15606
---
else
else
front: 1.13641, 0.530548, 2.5
side: 0, 0, 0
front only
else
else
else
else
else
else
else
else
else
else
front: 0, 0.878786, 2.5
side: 0, 0, 0
front only
front: 0, 1.87922, 2.5
side: 0, 0, 0
front only
front: 0.806258, 0.317019, 2.5
side: 0, 0, 0
front only
front: 0, 0, 2.5
back: 0, 0, 7.5
front back
photon_ene: 661.6 photon_theta: 0.285563 photon_phi: 4.11922
traject_len: 5
pe_len: 64.2072 cs_len: 4.79283
---
front: 0.629403, 0.236782, 2.5
back: 1.88821, 0.710346, 7.5
front back
photon_ene: 661.6 photon_theta: 0.262768 photon_phi: 0.359823
traject_len: 5.17773
pe_len: 48.6526 cs_len: 3.65836
---
else
else
else
front: 0, 0.980743, 2.5
side: 0, 0, 0
front only
else
else
else
else
front: 0, 2.18737, 2.5
side: 0, 0, 0
front only
else
else
else
else
else
else
else
else
else
else
else
front: 0.465249, 0, 2.5
back: 1.39575, 0, 7.5
front back
photon_ene: 661.6 photon_theta: 0.189436 photon_phi: 6.04015
traject_len: 5.08585
pe_len: 22.5637 cs_len: 6.94134
---
front: 0, 0.971789, 2.5
side: 0, 0, 0
front only
else
else
else
else
else
front: 0.900093, 1.37665, 2.5
side: 0, 0, 0
front only
front: 0, 1.05447, 2.5
side: 0, 0, 0
front only
else
front: 0.0820471, 1.88696, 2.5
side: 0, 0, 0
front only
else
else
else
else
else
else
front: 0, 0.17732, 2.5
side: 0, 0, 0
front only
else
front: 1.84637, 0.832565, 2.5
side: 0, 0, 0
front only
else
else
else
else
front: 0, 0, 2.5
side: 0, 0, 0
front only
else
front: 0.571858, 0, 2.5
back: 1.71557, 0, 7.5
front back
photon_ene: 661.6 photon_theta: 2.88444 photon_phi: 2.62567
traject_len: 5.12914
pe_len: 3.71806 cs_len: 3.39789
---
else
else
else
front: 0, 0.204753, 2.5
side: 0, 0, 0
front only
else
else
front: 0, 0.621744, 2.5
side: 0, 0, 0
front only
else
front: 0, 0, 2.5
back: 0, 0, 7.5
front back
photon_ene: 661.6 photon_theta: 0.244126 photon_phi: 3.35011
traject_len: 5
pe_len: 7.1217 cs_len: 6.85818
---
else
else
front: 0, 1.61534, 2.5
side: 0, 0, 0
front only
else
else
else
else
else
else
front: 0, 0, 2.5
side: 0, 0, 0
front only
else
else
else
front: 0, 0, 2.5
side: 0, 0, 0
front only
else
else
front: 1.87895, 0, 2.5
side: 0, 0, 0
front only
else
else
else
else
else
front: 0, 1.01154, 2.5
side: 0, 0, 0
front only
else
else
else
front: 0, 1.27791, 2.5
side: 0, 0, 0
front only
else
else
else
front: 1.00633, 1.50352, 2.5
side: 0, 0, 0
front only
front: 0.784431, 0, 2.5
side: 0, 0, 0
front only
else
front: 0, 0, 2.5
side: 0, 0, 0
front only
else
else
else
else
else
front: 0.19271, 2.25819, 2.5
side: 0, 0, 0
front only
else
else
else
front: 0, 0, 2.5
side: 0, 0, 0
front only
else
else
front: 0.523595, 2.37755, 2.5
side: 0, 0, 0
front only
else
else
front: 0, 2.06338, 2.5
side: 0, 0, 0
front only
else
else
else
else
else
else
else
else
else
front: 0, 1.40028, 2.5
side: 0, 0, 0
front only
front: 0.325342, 0, 2.5
side: 0, 0, 0
front only
else
else
else
front: 1.92108, 0.505832, 2.5
side: 0, 0, 0
front only
else
else
else
else
else
else
else
else
front: 2.33542, 0, 2.5
side: 0, 0, 0
front only
front: 0, 0.119569, 2.5
back: 0, 0.358706, 7.5
front back
photon_ene: 661.6 photon_theta: 2.98918 photon_phi: 5.96655
traject_len: 5.00572
pe_len: 41.0954 cs_len: 2.38364
---
else
else
else
else
front: 0, 1.81307, 2.5
side: 0, 0, 0
front only
else
else
front: 1.04515, 0.565577, 2.5
side: 0, 0, 0
front only
front: 0, 0, 2.5
side: 0, 0, 0
front only
else
front: 0, 0.830622, 2.5
side: 0, 0, 0
front only
else
front: 0.337866, 0, 2.5
back: 1.0136, 0, 7.5
front back
photon_ene: 661.6 photon_theta: 0.306319 photon_phi: 5.1539
traject_len: 5.04545
pe_len: 4.22609 cs_len: 0.539112
---
else
front: 0, 0.820025, 2.5
side: 0, 0, 0
front only
front: 1.55347, 1.76798, 2.5
side: 0, 0, 0
front only
front: 0, 0, 2.5
side: 0, 0, 0
front only
front: 0.0432324, 1.19508, 2.5
side: 0, 0, 0
front only
front: 0, 0, 2.5
side: 0, 0, 0
front only
else
else
front: 0.239748, 0, 2.5
side: 0, 0, 0
front only
front: 1.40793, 0.888133, 2.5
side: 0, 0, 0
front only
else
else
else
else
else
else
else
else
else
else
front: 1.37468, 1.25887, 2.5
side: 0, 0, 0
front only
else
else
else
front: 0, 1.92064, 2.5
side: 0, 0, 0
front only
else
else
else
else
else
else
else
else
else
else
front: 0.959715, 0.380899, 2.5
side: 0, 0, 0
front only
else
else
front: 0, 0, 2.5
side: 0, 0, 0
front only
front: 0, 2.28561, 2.5
side: 0, 0, 0
front only
else
else
front: 0, 0, 2.5
side: 0, 0, 0
front only
front: 1.11823, 0, 2.5
side: 0, 0, 0
front only
else
front: 0, 0, 2.5
side: 0, 0, 0
front only
else
else
front: 1.76561, 1.62093, 2.5
side: 0, 0, 0
front only
front: 0, 0, 2.5
side: 0, 0, 0
front only
else
else
else
else
front: 1.83813, 0.83979, 2.5
side: 0, 0, 0
front only
front: 0, 0.556445, 2.5
side: 0, 0, 0
front only
else
front: 0.310576, 0.293061, 2.5
back: 0.931728, 0.879182, 7.5
front back
photon_ene: 661.6 photon_theta: 0.169173 photon_phi: 0.75639
traject_len: 5.07241
pe_len: 45.1178 cs_len: 4.19121
---
front: 0, 0, 2.5
back: 0, 0, 7.5
front back
photon_ene: 661.6 photon_theta: 2.83007 photon_phi: 1.51102
traject_len: 5
pe_len: 34.5348 cs_len: 1.57092
---
else
front: 1.1845, 0, 2.5
side: 0, 0, 0
front only
front: 0, 0, 2.5
side: 0, 0, 0
front only
else
else
else
front: 0.640086, 0, 2.5
back: 1.92026, 0, 7.5
front back
photon_ene: 661.6 photon_theta: 2.82479 photon_phi: 2.46702
traject_len: 5.16128
pe_len: 47.8612 cs_len: 0.801389
---
else
else
else
else
front: 0, 0.0520748, 2.5
side: 0, 0, 0
front only
front: 0.387625, 0, 2.5
back: 1.16287, 0, 7.5
front back
photon_ene: 661.6 photon_theta: 2.93681 photon_phi: 2.41366
traject_len: 5.05974
pe_len: 1.97191 cs_len: 5.9997
---
front: 2.04895, 0.554006, 2.5
side: 0, 0, 0
front only
else
else
else
else
front: 0.516956, 0, 2.5
back: 1.55087, 0, 7.5
front back
photon_ene: 661.6 photon_theta: 2.93493 photon_phi: 2.97595
traject_len: 5.10578
pe_len: 26.165 cs_len: 1.2155
---
else
else
else
front: 0, 0.922075, 2.5
side: 0, 0, 0
front only
front: 1.49901, 0, 2.5
side: 0, 0, 0
front only
else
front: 1.0947, 0, 2.5
side: 0, 0, 0
front only
front: 0, 0.84886, 2.5
side: 0, 0, 0
front only
else
front: 0.965846, 0.675378, 2.5
side: 0, 0, 0
front only
front: 2.22714, 1.01531, 2.5
side: 0, 0, 0
front only
else
else
else
else
else
else
else
else
front: 0.788186, 0.16922, 2.5
back: 2.36456, 0.507659, 7.5
front back
photon_ene: 661.6 photon_theta: 2.82966 photon_phi: 3.35308
traject_len: 5.25352
pe_len: 8.53415 cs_len: 0.0559252
---
else
else
else
else
else
else
front: 0.151823, 0.364313, 2.5
back: 0.455469, 1.09294, 7.5
front back
photon_ene: 661.6 photon_theta: 2.98501 photon_phi: 4.31754
traject_len: 5.06193
pe_len: 8.81649 cs_len: 8.44987
---
else
else
else
front: 0, 0, 2.5
side: 0, 0, 0
front only
else
else
else
else
else
else
else
else
front: 0, 1.02058, 2.5
side: 0, 0, 0
front only
else
else
else
front: 1.2474, 0, 2.5
side: 0, 0, 0
front only
front: 0.454686, 0, 2.5
back: 1.36406, 0, 7.5
front back
photon_ene: 661.6 photon_theta: 0.282078 photon_phi: 5.39082
traject_len: 5.08202
pe_len: 108.932 cs_len: 4.2503
---
front: 0, 1.80593, 2.5
side: 0, 0, 0
front only
else
else
else
else
else
front: 0, 1.575, 2.5
side: 0, 0, 0
front only
else
else
else
front: 1.27805, 0.599509, 2.5
side: 0, 0, 0
front only
else
else
else
else
else
front: 0.516998, 1.20691, 2.5
side: 0, 0, 0
front only
else
else
else
else
else
else
else
front: 1.85682, 0, 2.5
side: 0, 0, 0
front only
else
else
front: 0, 1.98727, 2.5
side: 0, 0, 0
front only
else
front: 1.35733, 0.140844, 2.5
side: 0, 0, 0
front only
else
else
else
else
else
else
else
else
front: 1.4932, 0.162265, 2.5
side: 0, 0, 0
front only
else
else
else
front: 0, 0.422568, 2.5
side: 0, 0, 0
front only
front: 0, 0.559538, 2.5
back: 0, 1.67861, 7.5
front back
photon_ene: 661.6 photon_theta: 2.86175 photon_phi: 5.39043
traject_len: 5.1237
pe_len: 0.470099 cs_len: 1.29598
---
else
else
else
else
else
else
else
else
else
else
else
front: 0, 0.956982, 2.5
side: 0, 0, 0
front only
else
front: 0.713889, 1.0223, 2.5
side: 0, 0, 0
front only
else
front: 0.131362, 1.70936, 2.5
side: 0, 0, 0
front only
front: 0, 0, 2.5
side: 0, 0, 0
front only
front: 1.40762, 0, 2.5
side: 0, 0, 0
front only
else
else
else
front: 1.08888, 0, 2.5
side: 0, 0, 0
front only
front: 0, 0, 2.5
back: 0, 0, 7.5
front back
photon_ene: 661.6 photon_theta: 2.9153 photon_phi: 0.67565
traject_len: 5
pe_len: 6.47898 cs_len: 1.70463
---
else
else
front: 0, 0.783906, 2.5
back: 0, 2.35172, 7.5
front back
photon_ene: 661.6 photon_theta: 2.83759 photon_phi: 4.74477
traject_len: 5.24004
pe_len: 29.7968 cs_len: 5.6636
---
front: 0, 0, 2.5
side: 0, 0, 0
front only
else
else
else
else
else
front: 0.228214, 1.93744, 2.5
side: 0, 0, 0
front only
else
front: 0, 1.74369, 2.5
side: 0, 0, 0
front only
else
else
front: 1.86451, 0.672682, 2.5
side: 0, 0, 0
front only
else
else
else
front: 0, 0, 2.5
side: 0, 0, 0
front only
else
else
else
else
else
else
front: 1.95329, 1.53088, 2.5
side: 0, 0, 0
front only
else
front: 1.28127, 1.7213, 2.5
side: 0, 0, 0
front only
else
else
front: 1.51516, 0, 2.5
side: 0, 0, 0
front only
else
front: 0.923627, 0.895311, 2.5
side: 0, 0, 0
front only
else
front: 1.83963, 0, 2.5
side: 0, 0, 0
front only
else
else
else
else
else
front: 0, 0, 2.5
back: 0, 0, 7.5
front back
photon_ene: 661.6 photon_theta: 0.198745 photon_phi: 3.41998
traject_len: 5
pe_len: 23.7825 cs_len: 4.85715
---
front: 0, 0, 2.5
side: 0, 0, 0
front only
else
else
else
else
front: 0, 0, 2.5
side: 0, 0, 0
front only
else
front: 0.770759, 0, 2.5
side: 0, 0, 0
front only
front: 1.61112, 0, 2.5
side: 0, 0, 0
front only
else
else
else
else
else
front: 0, 1.33329, 2.5
side: 0, 0, 0
front only
front: 0, 0.190376, 2.5
back: 0, 0.571129, 7.5
front back
photon_ene: 661.6 photon_theta: 3.06359 photon_phi: 4.93962
traject_len: 5.01448
pe_len: 17.2704 cs_len: 5.10897
---
else
front: 0, 0.581869, 2.5
side: 0, 0, 0
front only
front: 0.947505, 0, 2.5
side: 0, 0, 0
front only
front: 0, 0, 2.5
side: 0, 0, 0
front only
front: 0, 0, 2.5
side: 0, 0, 0
front only
front: 0.215261, 0.468405, 2.5
back: 0.645784, 1.40521, 7.5
front back
photon_ene: 661.6 photon_theta: 0.20335 photon_phi: 1.14002
traject_len: 5.10519
pe_len: 29.2921 cs_len: 5.28737
---
else
else
front: 0.204165, 1.98846, 2.5
side: 0, 0, 0
front only
else
else
front: 0.351634, 0, 2.5
side: 0, 0, 0
front only
else
else
else
else
else
else
front: 0, 0.117384, 2.5
back: 0, 0.352153, 7.5
front back
photon_ene: 661.6 photon_theta: 2.97311 photon_phi: 6.00351
traject_len: 5.00551
pe_len: 11.3743 cs_len: 2.97955
---
front: 0, 0.764629, 2.5
side: 0, 0, 0
front only
else
front: 0.24419, 1.73187, 2.5
side: 0, 0, 0
front only
front: 0.381295, 0, 2.5
back: 1.14389, 0, 7.5
front back
photon_ene: 661.6 photon_theta: 0.223811 photon_phi: 5.44666
traject_len: 5.05782
pe_len: 43.9214 cs_len: 0.501822
---
else
front: 0, 0.184233, 2.5
side: 0, 0, 0
front only
front: 0, 1.32521, 2.5
side: 0, 0, 0
front only
else
else
else
else
else
else
front: 0, 1.59245, 2.5
side: 0, 0, 0
front only
front: 1.33988, 0.162399, 2.5
side: 0, 0, 0
front only
else
front: 1.0496, 1.62195, 2.5
side: 0, 0, 0
front only
else
else
else
else
else
else
front: 0, 0.949653, 2.5
side: 0, 0, 0
front only
else
else
else
else
front: 0, 0.61345, 2.5
back: 0, 1.84035, 7.5
front back
photon_ene: 661.6 photon_theta: 0.292007 photon_phi: 2.18661
traject_len: 5.14833
pe_len: 123.605 cs_len: 1.72032
---
front: 0, 0.254801, 2.5
side: 0, 0, 0
front only
else
else
else
else
else
else
front: 0, 0, 2.5
side: 0, 0, 0
front only
else
else
else
else
else
front: 0, 1.04099, 2.5
side: 0, 0, 0
front only
front: 0.370003, 1.66265, 2.5
side: 0, 0, 0
front only
else
else
else
else
else
front: 0.555766, 1.77962, 2.5
side: 0, 0, 0
front only
front: 1.6652, 0.237991, 2.5
side: 0, 0, 0
front only
front: 0, 0, 2.5
side: 0, 0, 0
front only
else
front: 0, 0, 2.5
side: 0, 0, 0
front only
front: 0.886653, 0.542703, 2.5
side: 0, 0, 0
front only
else
else
front: 0.0432783, 2.04126, 2.5
side: 0, 0, 0
front only
front: 0.776586, 1.98621, 2.5
side: 0, 0, 0
front only
else
else
else
else
else
else
else
front: 0, 1.18506, 2.5
side: 0, 0, 0
front only
else
else
front: 1.50978, 0, 2.5
side: 0, 0, 0
front only
front: 0.380053, 0, 2.5
back: 1.14016, 0, 7.5
front back
photon_ene: 661.6 photon_theta: 0.185631 photon_phi: 5.65571
traject_len: 5.05745
pe_len: 0.46168 cs_len: 0.618721
---
front: 1.33794, 1.26086, 2.5
side: 0, 0, 0
front only
else
front: 0.479791, 0.0610046, 2.5
back: 1.43937, 0.183014, 7.5
front back
photon_ene: 661.6 photon_theta: 2.95049 photon_phi: 3.26806
traject_len: 5.09271
pe_len: 29.3318 cs_len: 7.36266
---
else
else
else
else
else
else
else
else
else
front: 0, 0.667742, 2.5
side: 0, 0, 0
front only
else
else
front: 0, 0, 2.5
side: 0, 0, 0
front only
else
front: 0, 0, 2.5
side: 0, 0, 0
front only
else
else
else
else
else
else
front: 1.03567, 1.48636, 2.5
side: 0, 0, 0
front only
else
front: 1.0514, 1.25995, 2.5
side: 0, 0, 0
front only
front: 0, 0, 2.5
side: 0, 0, 0
front only
front: 0.60566, 1.73105, 2.5
side: 0, 0, 0
front only
else
else
else
else
else
else
else
front: 0.418885, 0.708987, 2.5
back: 1.25665, 2.12696, 7.5
front back
photon_ene: 661.6 photon_theta: 2.82339 photon_phi: 4.17875
traject_len: 5.26427
pe_len: 32.9476 cs_len: 4.65362
---
else
else
else
front: 0.140796, 0, 2.5
side: 0, 0, 0
front only
else
else
else
front: 1.92304, 1.34174, 2.5
side: 0, 0, 0
front only
front: 0, 0, 2.5
back: 0, 0, 7.5
front back
photon_ene: 661.6 photon_theta: 0.237075 photon_phi: 3.23148
traject_len: 5
pe_len: 0.816482 cs_len: 1.02091
---
else
else
else
else
else
front: 2.03455, 0, 2.5
side: 0, 0, 0
front only
else
else
else
else
else
front: 2.06252, 0.687599, 2.5
side: 0, 0, 0
front only
else
else
else
else
else
front: 1.55944, 0, 2.5
side: 0, 0, 0
front only
front: 0, 0, 2.5
side: 0, 0, 0
front only
else
else
front: 2.07306, 1.10828, 2.5
side: 0, 0, 0
front only
else
front: 0.467793, 1.71429, 2.5
side: 0, 0, 0
front only
front: 1.19117, 0, 2.5
side: 0, 0, 0
front only
else
front: 0, 0.413373, 2.5
side: 0, 0, 0
front only
else
front: 0, 0, 2.5
side: 0, 0, 0
front only
else
front: 0, 0, 2.5
side: 0, 0, 0
front only
else
else
front: 1.19853, 0, 2.5
side: 0, 0, 0
front only
else
front: 0, 0, 2.5
side: 0, 0, 0
front only
front: 0, 0, 2.5
side: 0, 0, 0
front only
front: 1.45716, 0.120795, 2.5
side: 0, 0, 0
front only
else
front: 1.40544, 0.37018, 2.5
side: 0, 0, 0
front only
front: 0, 0, 2.5
side: 0, 0, 0
front only
front: 0, 1.64541, 2.5
side: 0, 0, 0
front only
else
front: 0.438166, 0.725765, 2.5
side: 0, 0, 0
front only
else
else
else
else
front: 0.703438, 2.12671, 2.5
side: 0, 0, 0
front only
front: 0, 0, 2.5
side: 0, 0, 0
front only
front: 0, 1.73416, 2.5
side: 0, 0, 0
front only
front: 0, 0.635903, 2.5
back: 0, 1.90771, 7.5
front back
photon_ene: 661.6 photon_theta: 2.83789 photon_phi: 5.33628
traject_len: 5.15921
pe_len: 5.23522 cs_len: 4.53497
---
else
front: 1.25405, 0.461063, 2.5
side: 0, 0, 0
front only
front: 0, 0.0797717, 2.5
back: 0, 0.239315, 7.5
front back
photon_ene: 661.6 photon_theta: 0.13169 photon_phi: 2.8983
traject_len: 5.00254
pe_len: 5.63282 cs_len: 3.78944
---
else
else
else
front: 0, 2.01719, 2.5
side: 0, 0, 0
front only
else
else
else
front: 0, 1.27488, 2.5
side: 0, 0, 0
front only
else
else
else
else
else
else
else
else
else
else
else
else
else
else
else
else
front: 0, 0, 2.5
side: 0, 0, 0
front only
else
else
else
else
front: 0.334317, 0, 2.5
back: 1.00295, 0, 7.5
front back
photon_ene: 661.6 photon_theta: 0.182253 photon_phi: 5.5243
traject_len: 5.04451
pe_len: 9.07505 cs_len: 2.76757
---
else
else
else
else
else
else
else
else
else
front: 0, 0.713065, 2.5
side: 0, 0, 0
front only
front: 0.0727804, 0, 2.5
side: 0, 0, 0
front only
else
front: 0, 0, 2.5
side: 0, 0, 0
front only
front: 1.84136, 1.65978, 2.5
side: 0, 0, 0
front only
else
else
else
else
else
else
else
front: 1.25821, 1.52628, 2.5
side: 0, 0, 0
front only
else
else
else
else
else
else
else
front: 2.04989, 1.05325, 2.5
side: 0, 0, 0
front only
else
else
else
else
else
else
else
front: 0, 0, 2.5
side: 0, 0, 0
front only
else
else
else
front: 0.311578, 0, 2.5
side: 0, 0, 0
front only
else
else
else
else
front: 0.339918, 0, 2.5
back: 1.01975, 0, 7.5
front back
photon_ene: 661.6 photon_theta: 2.87942 photon_phi: 2.10213
traject_len: 5.04601
pe_len: 94.1718 cs_len: 0.067858
---
else
else
else
else
else
else
else
else
else
else
else
else
front: 0.684047, 0, 2.5
back: 2.05214, 0, 7.5
front back
photon_ene: 661.6 photon_theta: 0.291413 photon_phi: 5.86103
traject_len: 5.18379
pe_len: 8.10507 cs_len: 1.80896
---
else
else
else
front: 0, 0, 2.5
side: 0, 0, 0
front only
else
else
else
else
else
else
front: 0, 0, 2.5
back: 0, 0, 7.5
front back
photon_ene: 661.6 photon_theta: 0.0247376 photon_phi: 3.17491
traject_len: 5
pe_len: 67.5145 cs_len: 4.77551
---
else
else
else
else
front: 1.22771, 0, 2.5
side: 0, 0, 0
front only
front: 0.610869, 0, 2.5
side: 0, 0, 0
front only
else
front: 0, 0.428494, 2.5
side: 0, 0, 0
front only
else
else
front: 0, 0, 2.5
side: 0, 0, 0
front only
else
front: 0, 0, 2.5
side: 0, 0, 0
front only
front: 1.22509, 0, 2.5
side: 0, 0, 0
front only
else
else
else
else
else
front: 0, 0, 2.5
side: 0, 0, 0
front only
else
else
else
else
else
front: 0.889427, 0.967158, 2.5
side: 0, 0, 0
front only
else
front: 0.34149, 0.417588, 2.5
back: 1.02447, 1.25276, 7.5
front back
photon_ene: 661.6 photon_theta: 2.92908 photon_phi: 4.02691
traject_len: 5.11507
pe_len: 98.6797 cs_len: 2.01658
---
else
else
else
front: 0, 0, 2.5
side: 0, 0, 0
front only
else
else
front: 0, 0, 2.5
back: 0, 0, 7.5
front back
photon_ene: 661.6 photon_theta: 0.199437 photon_phi: 4.70506
traject_len: 5
pe_len: 45.7348 cs_len: 2.56979
---
else
else
front: 0, 0, 2.5
side: 0, 0, 0
front only
else
else
else
else
else
else
front: 0, 0, 2.5
side: 0, 0, 0
front only
else
front: 0, 0.327118, 2.5
side: 0, 0, 0
front only
front: 0.46552, 0, 2.5
side: 0, 0, 0
front only
else
else
else
else
else
front: 0, 0.668274, 2.5
side: 0, 0, 0
front only
else
else
else
else
else
else
front: 0, 0, 2.5
side: 0, 0, 0
front only
front: 0.0185, 0, 2.5
back: 0.0555001, 0, 7.5
front back
photon_ene: 661.6 photon_theta: 2.9026 photon_phi: 1.60117
traject_len: 5.00014
pe_len: 19.0572 cs_len: 0.717185
---
else
else
else
front: 0.702609, 2.01249, 2.5
side: 0, 0, 0
front only
else
front: 0, 0.095055, 2.5
side: 0, 0, 0
front only
else
else
else
else
front: 0, 0.478231, 2.5
back: 0, 1.43469, 7.5
front back
photon_ene: 661.6 photon_theta: 0.218532 photon_phi: 2.10362
traject_len: 5.09066
pe_len: 40.3604 cs_len: 0.98242
---
else
else
front: 0, 0.314833, 2.5
side: 0, 0, 0
front only
else
front: 0, 0, 2.5
side: 0, 0, 0
front only
else
front: 0, 0.395633, 2.5
back: 0, 1.1869, 7.5
front back
photon_ene: 661.6 photon_theta: 2.93829 photon_phi: 5.40803
traject_len: 5.06222
pe_len: 3.89534 cs_len: 1.54926
---
else
else
else
else
else
else
else
else
else
else
else
front: 1.58606, 0, 2.5
side: 0, 0, 0
front only
else
front: 0.225819, 0, 2.5
side: 0, 0, 0
front only
else
front: 0, 1.12486, 2.5
side: 0, 0, 0
front only
else
else
else
else
else
else
else
front: 0.0068142, 1.96673, 2.5
side: 0, 0, 0
front only
front: 0.692693, 0, 2.5
side: 0, 0, 0
front only
front: 0.126288, 0, 2.5
side: 0, 0, 0
front only
else
else
else
else
else
else
front: 0, 0, 2.5
back: 0, 0, 7.5
front back
photon_ene: 661.6 photon_theta: 2.87336 photon_phi: 1.30434
traject_len: 5
pe_len: 26.6657 cs_len: 1.50668
---
else
else
else
else
else
else
else
else
else
else
else
else
front: 0.0586356, 0.343615, 2.5
back: 0.175907, 1.03084, 7.5
front back
photon_ene: 661.6 photon_theta: 3.00305 photon_phi: 4.54337
traject_len: 5.04837
pe_len: 30.2399 cs_len: 4.39059
---
else
front: 2.41257, 0, 2.5
side: 0, 0, 0
front only
else
front: 1.91114, 0, 2.5
side: 0, 0, 0
front only
else
front: 0, 0, 2.5
side: 0, 0, 0
front only
else
else
else
else
else
else
else
else
else
front: 0.259547, 0, 2.5
side: 0, 0, 0
front only
front: 0, 1.83755, 2.5
side: 0, 0, 0
front only
else
else
else
front: 0.989682, 0.444272, 2.5
side: 0, 0, 0
front only
else
front: 0, 0, 2.5
side: 0, 0, 0
front only
else
else
else
else
else
front: 0, 0.97258, 2.5
side: 0, 0, 0
front only
else
else
else
else
front: 0.530929, 0, 2.5
side: 0, 0, 0
front only
else
front: 0, 2.48736, 2.5
side: 0, 0, 0
front only
else
else
front: 0, 0, 2.5
side: 0, 0, 0
front only
else
front: 1.90631, 0.252252, 2.5
side: 0, 0, 0
front only
else
front: 0, 0, 2.5
side: 0, 0, 0
front only
front: 0, 1.64896, 2.5
side: 0, 0, 0
front only
else
front: 2.21962, 0, 2.5
side: 0, 0, 0
front only
else
front: 0, 0.541825, 2.5
back: 0, 1.62548, 7.5
front back
photon_ene: 661.6 photon_theta: 2.92713 photon_phi: 4.81213
traject_len: 5.11608
pe_len: 4.87633 cs_len: 8.97534
---
else
else
else
else
else
else
else
front: 0, 0, 2.5
side: 0, 0, 0
front only
front: 0, 0, 2.5
side: 0, 0, 0
front only
else
else
else
front: 0, 0, 2.5
side: 0, 0, 0
front only
front: 0, 0, 2.5
side: 0, 0, 0
front only
else
else
else
else
front: 0.411372, 0, 2.5
side: 0, 0, 0
front only
else
front: 0, 0.723041, 2.5
side: 0, 0, 0
front only
else
else
else
else
else
front: 0, 0.681363, 2.5
side: 0, 0, 0
front only
else
front: 0, 0, 2.5
side: 0, 0, 0
front only
front: 1.55849, 0, 2.5
side: 0, 0, 0
front only
else
else
front: 0, 0, 2.5
side: 0, 0, 0
front only
front: 0.766143, 0, 2.5
side: 0, 0, 0
front only
front: 0.395324, 0.159213, 2.5
back: 1.18597, 0.477639, 7.5
front back
photon_ene: 661.6 photon_theta: 2.97274 photon_phi: 3.52446
traject_len: 5.07213
pe_len: 38.3166 cs_len: 1.48491
---
else
front: 0, 0, 2.5
side: 0, 0, 0
front only
else
else
front: 0, 0.102974, 2.5
side: 0, 0, 0
front only
else
else
else
else
else
front: 0, 1.99358, 2.5
side: 0, 0, 0
front only
else
else
else
else
front: 1.95688, 0.491028, 2.5
side: 0, 0, 0
front only
else
else
else
front: 1.25621, 0, 2.5
side: 0, 0, 0
front only
else
else
else
else
front: 0, 1.35349, 2.5
side: 0, 0, 0
front only
front: 0, 0, 2.5
side: 0, 0, 0
front only
else
else
else
else
front: 0, 0.61371, 2.5
side: 0, 0, 0
front only
else
front: 0, 0, 2.5
back: 0, 0, 7.5
front back
photon_ene: 661.6 photon_theta: 2.83365 photon_phi: 0.488991
traject_len: 5
pe_len: 42.0609 cs_len: 1.29033
---
else
else
else
else
else
else
else
else
else
else
else
else
else
else
else
else
else
else
front: 0, 0, 2.5
side: 0, 0, 0
front only
else
else
front: 1.05589, 0.508092, 2.5
side: 0, 0, 0
front only
else
front: 0, 1.18545, 2.5
side: 0, 0, 0
front only
else
else
else
front: 0, 0, 2.5
side: 0, 0, 0
front only
else
else
front: 0.815518, 0.139143, 2.5
back: 2.44655, 0.417428, 7.5
front back
photon_ene: 661.6 photon_theta: 2.82201 photon_phi: 3.31058
traject_len: 5.26666
pe_len: 11.8129 cs_len: 1.21315
---
else
else
else
else
else
else
front: 0, 0.831512, 2.5
side: 0, 0, 0
front only
front: 1.70025, 0, 2.5
side: 0, 0, 0
front only
else
else
else
else
else
front: 0, 0.591013, 2.5
back: 0, 1.77304, 7.5
front back
photon_ene: 661.6 photon_theta: 2.85615 photon_phi: 5.34653
traject_len: 5.13782
pe_len: 135.576 cs_len: 0.831031
---
else
else
else
front: 1.14264, 0, 2.5
side: 0, 0, 0
front only
else
else
front: 0.941444, 0, 2.5
side: 0, 0, 0
front only
else
front: 0.943907, 0, 2.5
side: 0, 0, 0
front only
front: 0, 0, 2.5
side: 0, 0, 0
front only
front: 0, 0, 2.5
side: 0, 0, 0
front only
front: 1.11384, 0.252288, 2.5
side: 0, 0, 0
front only
else
front: 0.971943, 0.631495, 2.5
side: 0, 0, 0
front only
else
else
front: 0.379343, 0, 2.5
side: 0, 0, 0
front only
front: 0.117395, 0, 2.5
back: 0.352185, 0, 7.5
front back
photon_ene: 661.6 photon_theta: 2.91179 photon_phi: 1.7729
traject_len: 5.00551
pe_len: 44.0907 cs_len: 1.36425
---
else
else
else
front: 0, 0, 2.5
back: 0, 0, 7.5
front back
photon_ene: 661.6 photon_theta: 0.296604 photon_phi: 4.33506
traject_len: 5
pe_len: 0.435016 cs_len: 8.48872
---
else
else
front: 0, 0.132331, 2.5
side: 0, 0, 0
front only
else
else
else
else
else
front: 0, 0.229258, 2.5
back: 0, 0.687773, 7.5
front back
photon_ene: 661.6 photon_theta: 2.87538 photon_phi: 5.94021
traject_len: 5.02098
pe_len: 3.51703 cs_len: 1.61677
---
front: 1.76329, 1.71525, 2.5
side: 0, 0, 0
front only
else
else
else
front: 0, 1.46792, 2.5
side: 0, 0, 0
front only
else
front: 0, 0, 2.5
side: 0, 0, 0
front only
else
front: 0, 0, 2.5
side: 0, 0, 0
front only
else
else
else
front: 0.617916, 1.06692, 2.5
side: 0, 0, 0
front only
else
else
else
else
else
else
else
else
else
else
else
front: 1.51736, 1.20606, 2.5
side: 0, 0, 0
front only
else
else
else
else
else
else
else
else
else
front: 0, 0.601313, 2.5
side: 0, 0, 0
front only
else
else
else
else
else
front: 0, 0, 2.5
side: 0, 0, 0
front only
else
else
else
else
else
else
else
else
else
front: 0.895422, 2.0494, 2.5
side: 0, 0, 0
front only
else
else
else
front: 0.882127, 0, 2.5
side: 0, 0, 0
front only
else
else
else
else
else
else
else
front: 0, 1.56567, 2.5
side: 0, 0, 0
front only
else
front: 0, 0, 2.5
side: 0, 0, 0
front only
else
front: 0, 0.850551, 2.5
side: 0, 0, 0
front only
else
front: 0, 1.15518, 2.5
side: 0, 0, 0
front only
else
front: 0, 0, 2.5
side: 0, 0, 0
front only
else
else
front: 0, 0.920807, 2.5
side: 0, 0, 0
front only
else
front: 0, 0, 2.5
side: 0, 0, 0
front only
else
front: 0.493072, 0, 2.5
side: 0, 0, 0
front only
else
front: 0, 0, 2.5
side: 0, 0, 0
front only
else
else
else
else
else
else
else
else
else
else
else
else
else
else
else
front: 0, 0, 2.5
back: 0, 0, 7.5
front back
photon_ene: 661.6 photon_theta: 0.0959532 photon_phi: 4.53532
traject_len: 5
pe_len: 41.4479 cs_len: 4.17983
---
else
else
else
else
else
else
else
else
front: 0.434231, 1.92872, 2.5
side: 0, 0, 0
front only
else
else
else
else
else
front: 1.31267, 0, 2.5
side: 0, 0, 0
front only
front: 1.40484, 0, 2.5
side: 0, 0, 0
front only
else
else
front: 0, 1.71502, 2.5
side: 0, 0, 0
front only
else
front: 1.03097, 0, 2.5
side: 0, 0, 0
front only
front: 1.15261, 0, 2.5
side: 0, 0, 0
front only
front: 0.393151, 0, 2.5
side: 0, 0, 0
front only
else
else
else
front: 0, 0.802277, 2.5
side: 0, 0, 0
front only
front: 0.936337, 0, 2.5
side: 0, 0, 0
front only
front: 2.36389, 0, 2.5
side: 0, 0, 0
front only
else
else
else
else
else
else
front: 2.2403, 0.758354, 2.5
side: 0, 0, 0
front only
else
else
front: 0, 2.40963, 2.5
side: 0, 0, 0
front only
front: 1.20178, 0, 2.5
side: 0, 0, 0
front only
front: 0.0354452, 0.976083, 2.5
side: 0, 0, 0
front only
else
else
else
front: 0.901847, 0, 2.5
side: 0, 0, 0
front only
else
else
front: 0, 0.507067, 2.5
back: 0, 1.5212, 7.5
front back
photon_ene: 661.6 photon_theta: 2.88235 photon_phi: 5.41251
traject_len: 5.10181
pe_len: 76.5955 cs_len: 2.56104
---
else
else
else
else
else
else
else
else
else
else
else
else
else
else
else
front: 0.420959, 0, 2.5
back: 1.26288, 0, 7.5
front back
photon_ene: 661.6 photon_theta: 0.191711 photon_phi: 5.76261
traject_len: 5.07039
pe_len: 78.1468 cs_len: 7.20754
---
front: 1.59329, 0.773254, 2.5
side: 0, 0, 0
front only
else
else
else
front: 0, 0, 2.5
side: 0, 0, 0
front only
else
front: 0.494632, 0, 2.5
back: 1.4839, 0, 7.5
front back
photon_ene: 661.6 photon_theta: 2.92258 photon_phi: 2.66572
traject_len: 5.09692
pe_len: 68.2156 cs_len: 0.657254
---
front: 0, 0, 2.5
side: 0, 0, 0
front only
else
else
else
front: 0.236766, 0, 2.5
side: 0, 0, 0
front only
else
else
front: 0.674616, 0.601764, 2.5
side: 0, 0, 0
front only
else
else
else
else
else
else
else
front: 0, 0.991392, 2.5
side: 0, 0, 0
front only
else
front: 0, 0, 2.5
back: 0, 0, 7.5
front back
photon_ene: 661.6 photon_theta: 2.85306 photon_phi: 0.043311
traject_len: 5
pe_len: 78.6064 cs_len: 2.32019
---
else
else
else
front: 0, 0, 2.5
side: 0, 0, 0
front only
front: 0, 0, 2.5
side: 0, 0, 0
front only
front: 0.102103, 0, 2.5
side: 0, 0, 0
front only
front: 0.537601, 0, 2.5
side: 0, 0, 0
front only
else
front: 2.04763, 1.23469, 2.5
side: 0, 0, 0
front only
else
else
else
else
else
front: 0, 1.54506, 2.5
side: 0, 0, 0
front only
front: 0, 0, 2.5
side: 0, 0, 0
front only
else
else
else
else
else
else
front: 0, 2.47209, 2.5
side: 0, 0, 0
front only
else
else
else
front: 0, 0, 2.5
back: 0, 0, 7.5
front back
photon_ene: 661.6 photon_theta: 0.302983 photon_phi: 3.88546
traject_len: 5
pe_len: 32.8736 cs_len: 6.81983
---
front: 2.16476, 0.716557, 2.5
side: 0, 0, 0
front only
front: 0, 1.06788, 2.5
side: 0, 0, 0
front only
else
front: 0.37984, 1.06199, 2.5
side: 0, 0, 0
front only
front: 0, 1.07893, 2.5
side: 0, 0, 0
front only
else
else
else
front: 0, 0, 2.5
side: 0, 0, 0
front only
else
else
else
front: 0, 0.561009, 2.5
side: 0, 0, 0
front only
else
else
else
else
else
front: 0, 0, 2.5
side: 0, 0, 0
front only
else
else
front: 0.132245, 0, 2.5
back: 0.396734, 0, 7.5
front back
photon_ene: 661.6 photon_theta: 2.87011 photon_phi: 1.762
traject_len: 5.00699
pe_len: 57.9319 cs_len: 1.08814
---
else
else
else
else
front: 1.44565, 1.14657, 2.5
side: 0, 0, 0
front only
front: 0.514351, 0.470899, 2.5
back: 1.54305, 1.4127, 7.5
front back
photon_ene: 661.6 photon_theta: 0.272027 photon_phi: 0.741324
traject_len: 5.19088
pe_len: 26.981 cs_len: 2.21032
---
front: 0.871001, 0, 2.5
side: 0, 0, 0
front only
else
else
else
else
front: 0, 0.67786, 2.5
back: 0, 2.03358, 7.5
front back
photon_ene: 661.6 photon_theta: 0.282899 photon_phi: 1.93965
traject_len: 5.18054
pe_len: 3.40093 cs_len: 5.72818
---
front: 0.00813233, 0.608667, 2.5
back: 0.024397, 1.826, 7.5
front back
photon_ene: 661.6 photon_theta: 2.90275 photon_phi: 4.69903
traject_len: 5.14608
pe_len: 1.29542 cs_len: 1.39734
---
else
else
else
else
else
front: 1.74885, 0.679023, 2.5
side: 0, 0, 0
front only
else
else
else
else
front: 0, 0.975491, 2.5
side: 0, 0, 0
front only
else
front: 1.27801, 0, 2.5
side: 0, 0, 0
front only
else
else
front: 0, 1.10856, 2.5
side: 0, 0, 0
front only
else
else
else
else
else
else
else
else
else
else
else
else
else
else
else
else
front: 0, 0.606832, 2.5
back: 0, 1.8205, 7.5
front back
photon_ene: 661.6 photon_theta: 0.264514 photon_phi: 2.03057
traject_len: 5.14519
pe_len: 38.9648 cs_len: 0.35822
---
else
else
front: 0, 1.03291, 2.5
side: 0, 0, 0
front only
front: 0.218245, 0, 2.5
side: 0, 0, 0
front only
front: 0, 0, 2.5
side: 0, 0, 0
front only
else
front: 1.42764, 1.36453, 2.5
side: 0, 0, 0
front only
front: 2.15056, 0.0910906, 2.5
side: 0, 0, 0
front only
else
else
else
else
else
else
else
else
front: 0, 0.0317488, 2.5
back: 0, 0.0952463, 7.5
front back
photon_ene: 661.6 photon_theta: 3.05677 photon_phi: 6.13326
traject_len: 5.0004
pe_len: 33.1112 cs_len: 0.186203
---
else
else
else
else
front: 0.230096, 0, 2.5
back: 0.690288, 0, 7.5
front back
photon_ene: 661.6 photon_theta: 2.82324 photon_phi: 1.85384
traject_len: 5.02113
pe_len: 21.5922 cs_len: 2.70308
---
front: 0, 0.820826, 2.5
side: 0, 0, 0
front only
front: 0, 0, 2.5
side: 0, 0, 0
front only
front: 0.120231, 0, 2.5
back: 0.360694, 0, 7.5
front back
photon_ene: 661.6 photon_theta: 2.90162 photon_phi: 1.76863
traject_len: 5.00578
pe_len: 4.48432 cs_len: 0.606153
---
front: 0, 1.84909, 2.5
side: 0, 0, 0
front only
else
else
else
front: 1.90542, 0, 2.5
side: 0, 0, 0
front only
else
front: 0, 1.43423, 2.5
side: 0, 0, 0
front only
else
front: 0, 0, 2.5
side: 0, 0, 0
front only
else
front: 0, 0, 2.5
side: 0, 0, 0
front only
else
else
else
else
else
front: 0, 1.44766, 2.5
side: 0, 0, 0
front only
else
else
front: 1.75411, 0.455898, 2.5
side: 0, 0, 0
front only
else
else
front: 0, 1.51697, 2.5
side: 0, 0, 0
front only
front: 0.0819805, 0, 2.5
back: 0.245941, 0, 7.5
front back
photon_ene: 661.6 photon_theta: 3.05937 photon_phi: 1.98006
traject_len: 5.00269
pe_len: 8.47797 cs_len: 13.8709
---
front: 1.27367, 0, 2.5
side: 0, 0, 0
front only
front: 0.377385, 0.349962, 2.5
back: 1.13216, 1.04989, 7.5
front back
photon_ene: 661.6 photon_theta: 2.93856 photon_phi: 3.88931
traject_len: 5.10486
pe_len: 11.4124 cs_len: 5.93025
---
else
else
front: 0, 0, 2.5
side: 0, 0, 0
front only
else
front: 0.43348, 0.607465, 2.5
back: 1.30044, 1.82239, 7.5
front back
photon_ene: 661.6 photon_theta: 0.290087 photon_phi: 0.951009
traject_len: 5.21801
pe_len: 45.9122 cs_len: 1.76433
---
front: 0, 2.0142, 2.5
side: 0, 0, 0
front only
front: 0, 0, 2.5
side: 0, 0, 0
front only
front: 0.199509, 2.31814, 2.5
side: 0, 0, 0
front only
else
front: 0.701227, 0, 2.5
side: 0, 0, 0
front only
front: 1.88733, 0.51125, 2.5
side: 0, 0, 0
front only
front: 0, 1.86388, 2.5
side: 0, 0, 0
front only
else
else
else
front: 0, 0, 2.5
back: 0, 0, 7.5
front back
photon_ene: 661.6 photon_theta: 2.98189 photon_phi: 0.286683
traject_len: 5
pe_len: 30.0247 cs_len: 0.169721
---
else
else
else
front: 0, 0.185328, 2.5
side: 0, 0, 0
front only
else
front: 1.44503, 1.32363, 2.5
side: 0, 0, 0
front only
else
else
else
else
front: 1.41735, 1.41505, 2.5
side: 0, 0, 0
front only
else
front: 0.192064, 1.1886, 2.5
side: 0, 0, 0
front only
else
else
else
front: 0, 0, 2.5
side: 0, 0, 0
front only
front: 2.11264, 0, 2.5
side: 0, 0, 0
front only
else
front: 1.30353, 0, 2.5
side: 0, 0, 0
front only
else
else
else
else
else
else
else
front: 0, 0.0563355, 2.5
side: 0, 0, 0
front only
else
else
else
else
else
else
else
else
else
front: 0, 0, 2.5
side: 0, 0, 0
front only
else
front: 0, 0, 2.5
side: 0, 0, 0
front only
else
front: 0, 0.557631, 2.5
side: 0, 0, 0
front only
front: 1.97913, 0.920887, 2.5
side: 0, 0, 0
front only
front: 0, 0, 2.5
side: 0, 0, 0
front only
front: 0, 2.33771, 2.5
side: 0, 0, 0
front only
else
else
front: 0.373419, 0, 2.5
side: 0, 0, 0
front only
else
front: 0, 0, 2.5
side: 0, 0, 0
front only
else
else
else
else
front: 0, 1.29505, 2.5
side: 0, 0, 0
front only
else
else
front: 0, 1.12761, 2.5
side: 0, 0, 0
front only
front: 2.35985, 0.570584, 2.5
side: 0, 0, 0
front only
else
front: 0.476429, 1.92438, 2.5
side: 0, 0, 0
front only
else
front: 0, 1.29317, 2.5
side: 0, 0, 0
front only
else
else
else
else
else
front: 1.13736, 0, 2.5
side: 0, 0, 0
front only
else
else
else
else
else
front: 0, 0, 2.5
side: 0, 0, 0
front only
front: 0, 0, 2.5
side: 0, 0, 0
front only
front: 2.47985, 0, 2.5
side: 0, 0, 0
front only
else
front: 0, 0, 2.5
side: 0, 0, 0
front only
front: 0, 0, 2.5
side: 0, 0, 0
front only
else
else
else
front: 0.157648, 1.53617, 2.5
side: 0, 0, 0
front only
else
else
front: 0, 0.310675, 2.5
back: 0, 0.932025, 7.5
front back
photon_ene: 661.6 photon_theta: 0.131271 photon_phi: 1.91536
traject_len: 5.03846
pe_len: 14.656 cs_len: 1.73445
---
else
else
else
else
else
else
else
else
front: 1.06393, 0.543728, 2.5
side: 0, 0, 0
front only
else
else
else
else
else
else
front: 0, 0, 2.5
side: 0, 0, 0
front only
else
else
else
front: 0, 0, 2.5
side: 0, 0, 0
front only
front: 0.595766, 0, 2.5
side: 0, 0, 0
front only
else
front: 0, 0, 2.5
side: 0, 0, 0
front only
else
else
else
front: 1.08295, 0, 2.5
side: 0, 0, 0
front only
else
else
front: 0.913483, 0, 2.5
side: 0, 0, 0
front only
else
else
else
front: 2.21052, 0.162104, 2.5
side: 0, 0, 0
front only
else
else
front: 0, 0, 2.5
side: 0, 0, 0
front only
else
else
else
else
front: 0.503471, 0, 2.5
side: 0, 0, 0
front only
front: 1.66059, 0.895631, 2.5
side: 0, 0, 0
front only
else
else
front: 1.24002, 0, 2.5
side: 0, 0, 0
front only
else
else
else
else
else
else
else
else
else
front: 0.0754701, 0, 2.5
side: 0, 0, 0
front only
else
else
else
else
front: 0, 0, 2.5
side: 0, 0, 0
front only
else
else
front: 0.78898, 0, 2.5
side: 0, 0, 0
front only
else
front: 0, 1.19853, 2.5
side: 0, 0, 0
front only
front: 0.104961, 0.792078, 2.5
back: 0.314883, 2.37624, 7.5
front back
photon_ene: 661.6 photon_theta: 0.309341 photon_phi: 1.43905
traject_len: 5.24915
pe_len: 12.664 cs_len: 1.99032
---
else
else
else
else
else
else
else
else
else
else
front: 1.61085, 0, 2.5
side: 0, 0, 0
front only
else
front: 0, 0.372988, 2.5
side: 0, 0, 0
front only
else
else
else
else
else
else
else
front: 1.599, 1.49298, 2.5
side: 0, 0, 0
front only
else
front: 0, 0, 2.5
side: 0, 0, 0
front only
else
else
else
else
else
else
front: 2.00896, 0, 2.5
side: 0, 0, 0
front only
else
else
else
else
front: 0.277129, 1.8184, 2.5
side: 0, 0, 0
front only
front: 0.168021, 2.23686, 2.5
side: 0, 0, 0
front only
front: 1.92828, 0, 2.5
side: 0, 0, 0
front only
else
front: 1.56653, 1.27, 2.5
side: 0, 0, 0
front only
else
else
else
else
front: 0, 0, 2.5
back: 0, 0, 7.5
front back
photon_ene: 661.6 photon_theta: 2.98951 photon_phi: 0.100447
traject_len: 5
pe_len: 27.8514 cs_len: 5.47668
---
else
front: 0, 1.17119, 2.5
side: 0, 0, 0
front only
else
else
else
else
front: 0, 1.02731, 2.5
side: 0, 0, 0
front only
else
front: 0, 2.4795, 2.5
side: 0, 0, 0
front only
else
front: 0, 0, 2.5
side: 0, 0, 0
front only
front: 0, 1.96302, 2.5
side: 0, 0, 0
front only
front: 0.408974, 0, 2.5
side: 0, 0, 0
front only
else
else
else
else
else
else
front: 0, 0, 2.5
back: 0, 0, 7.5
front back
photon_ene: 661.6 photon_theta: 2.92317 photon_phi: 1.05381
traject_len: 5
pe_len: 17.3081 cs_len: 2.72887
---
else
else
front: 0.0419875, 0, 2.5
back: 0.125963, 0, 7.5
front back
photon_ene: 661.6 photon_theta: 3.04956 photon_phi: 1.75379
traject_len: 5.00071
pe_len: 9.53374 cs_len: 4.29865
---
else
else
else
else
front: 1.07448, 0, 2.5
side: 0, 0, 0
front only
else
front: 0, 0, 2.5
side: 0, 0, 0
front only
else
else
else
else
else
front: 0, 0, 2.5
side: 0, 0, 0
front only
else
front: 1.12115, 0, 2.5
side: 0, 0, 0
front only
else
else
else
front: 1.07601, 1.3609, 2.5
side: 0, 0, 0
front only
else
else
front: 0, 0, 2.5
side: 0, 0, 0
front only
else
else
else
else
else
front: 0, 0.244221, 2.5
back: 0, 0.732664, 7.5
front back
photon_ene: 661.6 photon_theta: 0.29002 photon_phi: 2.80811
traject_len: 5.0238
pe_len: 10.4723 cs_len: 0.874647
---
else
else
front: 0, 0, 2.5
side: 0, 0, 0
front only
else
else
front: 0, 0, 2.5
side: 0, 0, 0
front only
else
front: 0, 0, 2.5
side: 0, 0, 0
front only
else
front: 0, 1.93192, 2.5
side: 0, 0, 0
front only
front: 0, 0.993878, 2.5
side: 0, 0, 0
front only
else
else
else
front: 1.52042, 0.692406, 2.5
side: 0, 0, 0
front only
front: 0.34952, 0, 2.5
back: 1.04856, 0, 7.5
front back
photon_ene: 661.6 photon_theta: 2.99771 photon_phi: 2.87615
traject_len: 5.04863
pe_len: 32.4647 cs_len: 2.01105
---
else
else
else
else
front: 0, 0, 2.5
side: 0, 0, 0
front only
front: 0, 0, 2.5
back: 0, 0, 7.5
front back
photon_ene: 661.6 photon_theta: 0.291203 photon_phi: 4.70304
traject_len: 5
pe_len: 80.9818 cs_len: 3.05721
---
else
else
else
front: 0.512144, 0.958328, 2.5
side: 0, 0, 0
front only
front: 0, 0.352269, 2.5
back: 0, 1.05681, 7.5
front back
photon_ene: 661.6 photon_theta: 2.84082 photon_phi: 5.81163
traject_len: 5.04939
pe_len: 52.4069 cs_len: 2.90244
---
else
else
else
else
else
else
front: 0, 1.05738, 2.5
side: 0, 0, 0
front only
else
else
else
else
else
else
front: 1.14777, 0, 2.5
side: 0, 0, 0
front only
else
else
front: 0.126207, 0, 2.5
back: 0.378622, 0, 7.5
front back
photon_ene: 661.6 photon_theta: 3.05284 photon_phi: 2.17403
traject_len: 5.00637
pe_len: 36.5009 cs_len: 0.844264
---
else
else
else
else
else
else
front: 0, 0.899937, 2.5
side: 0, 0, 0
front only
front: 0.781186, 2.10343, 2.5
side: 0, 0, 0
front only
front: 1.12556, 0, 2.5
side: 0, 0, 0
front only
else
else
front: 1.9675, 0, 2.5
side: 0, 0, 0
front only
else
else
front: 0.384744, 0, 2.5
side: 0, 0, 0
front only
else
else
front: 0.838182, 0, 2.5
side: 0, 0, 0
front only
front: 0, 0, 2.5
back: 0, 0, 7.5
front back
photon_ene: 661.6 photon_theta: 2.99772 photon_phi: 0.593092
traject_len: 5
pe_len: 10.2042 cs_len: 1.12014
---
else
else
front: 0, 0.973677, 2.5
side: 0, 0, 0
front only
else
front: 0.058842, 0, 2.5
side: 0, 0, 0
front only
else
else
front: 0, 0.291302, 2.5
side: 0, 0, 0
front only
else
front: 1.87247, 0.150948, 2.5
side: 0, 0, 0
front only
front: 0.352434, 0.84388, 2.5
side: 0, 0, 0
front only
front: 0, 0, 2.5
side: 0, 0, 0
front only
front: 0, 0.69936, 2.5
back: 0, 2.09808, 7.5
front back
photon_ene: 661.6 photon_theta: 2.85109 photon_phi: 5.07285
traject_len: 5.19196
pe_len: 6.23004 cs_len: 9.30381
---
else
else
front: 0.289753, 0.189065, 2.5
back: 0.869259, 0.567194, 7.5
front back
photon_ene: 661.6 photon_theta: 0.137519 photon_phi: 0.578133
traject_len: 5.04765
pe_len: 58.1782 cs_len: 1.14173
---
else
else
else
else
else
else
else
else
else
front: 0, 0.171763, 2.5
back: 0, 0.515288, 7.5
front back
photon_ene: 661.6 photon_theta: 2.84397 photon_phi: 6.05728
traject_len: 5.01179
pe_len: 11.036 cs_len: 17.8259
---
front: 0.945394, 0, 2.5
side: 0, 0, 0
front only
front: 0, 0, 2.5
side: 0, 0, 0
front only
else
front: 0, 0.426126, 2.5
side: 0, 0, 0
front only
else
else
else
front: 0, 0, 2.5
back: 0, 0, 7.5
front back
photon_ene: 661.6 photon_theta: 2.8779 photon_phi: 0.881173
traject_len: 5
pe_len: 44.0242 cs_len: 11.0394
---
else
else
else
front: 0, 0, 2.5
side: 0, 0, 0
front only
else
else
else
else
else
else
else
else
else
else
front: 0, 0.456637, 2.5
side: 0, 0, 0
front only
else
else
else
else
else
else
front: 0.280675, 1.04132, 2.5
side: 0, 0, 0
front only
else
front: 0.0165164, 0.846273, 2.5
side: 0, 0, 0
front only
else
front: 0.527816, 0, 2.5
side: 0, 0, 0
front only
else
else
front: 1.28679, 1.64245, 2.5
side: 0, 0, 0
front only
else
else
else
front: 0, 0.318263, 2.5
side: 0, 0, 0
front only
else
else
else
else
front: 1.05693, 2.22114, 2.5
side: 0, 0, 0
front only
else
else
else
else
front: 1.26826, 0.707886, 2.5
side: 0, 0, 0
front only
else
else
else
else
else
front: 0, 0, 2.5
side: 0, 0, 0
front only
front: 0, 0, 2.5
back: 0, 0, 7.5
front back
photon_ene: 661.6 photon_theta: 0.161903 photon_phi: 4.40273
traject_len: 5
pe_len: 6.91223 cs_len: 7.21761
---
front: 0.498729, 1.89482, 2.5
side: 0, 0, 0
front only
else
else
else
else
front: 0, 0, 2.5
side: 0, 0, 0
front only
front: 0.088549, 0.955002, 2.5
side: 0, 0, 0
front only
else
front: 0.983139, 1.35142, 2.5
side: 0, 0, 0
front only
else
front: 0.6448, 0.201688, 2.5
back: 1.9344, 0.605064, 7.5
front back
photon_ene: 661.6 photon_theta: 2.87765 photon_phi: 3.44474
traject_len: 5.17936
pe_len: 14.2614 cs_len: 7.16526
---
else
else
else
front: 0.791644, 1.42022, 2.5
side: 0, 0, 0
front only
else
front: 0.259208, 1.02447, 2.5
side: 0, 0, 0
front only
else
else
else
else
else
else
front: 2.06941, 0, 2.5
side: 0, 0, 0
front only
else
front: 2.07593, 0, 2.5
side: 0, 0, 0
front only
else
else
else
else
else
front: 1.79323, 0, 2.5
side: 0, 0, 0
front only
else
else
else
else
else
else
front: 0.487818, 0.220771, 2.5
back: 1.46345, 0.662312, 7.5
front back
photon_ene: 661.6 photon_theta: 2.9306 photon_phi: 3.56658
traject_len: 5.1134
pe_len: 86.6041 cs_len: 5.26209
---
else
front: 0.89747, 0.80071, 2.5
side: 0, 0, 0
front only
else
front: 0.25908, 0.518542, 2.5
back: 0.777239, 1.55563, 7.5
front back
photon_ene: 661.6 photon_theta: 2.91375 photon_phi: 4.24904
traject_len: 5.13264
pe_len: 14.6151 cs_len: 8.34094
---
else
else
front: 0, 0, 2.5
side: 0, 0, 0
front only
front: 0, 0, 2.5
side: 0, 0, 0
front only
front: 0.621136, 1.10696, 2.5
side: 0, 0, 0
front only
else
front: 0, 0, 2.5
side: 0, 0, 0
front only
front: 0.166884, 0.137249, 2.5
back: 0.500652, 0.411746, 7.5
front back
photon_ene: 661.6 photon_theta: 3.05538 photon_phi: 3.82986
traject_len: 5.01864
pe_len: 15.9564 cs_len: 1.74146
---
front: 1.47301, 0.228324, 2.5
side: 0, 0, 0
front only
else
else
else
front: 0.167112, 1.18333, 2.5
side: 0, 0, 0
front only
front: 0, 0, 2.5
side: 0, 0, 0
front only
front: 0, 0.771884, 2.5
side: 0, 0, 0
front only
else
front: 1.85915, 0.365073, 2.5
side: 0, 0, 0
front only
front: 1.25363, 0, 2.5
side: 0, 0, 0
front only
else
front: 0, 0.0331284, 2.5
back: 0, 0.0993852, 7.5
front back
photon_ene: 661.6 photon_theta: 0.0780367 photon_phi: 2.97131
traject_len: 5.00044
pe_len: 8.4649 cs_len: 9.06895
---
else
else
front: 0.94378, 0, 2.5
side: 0, 0, 0
front only
else
else
else
else
else
else
else
else
front: 0, 0.863787, 2.5
side: 0, 0, 0
front only
else
else
front: 0, 0, 2.5
side: 0, 0, 0
front only
else
front: 0.412888, 0, 2.5
side: 0, 0, 0
front only
front: 0, 0.113352, 2.5
back: 0, 0.340055, 7.5
front back
photon_ene: 661.6 photon_theta: 0.257827 photon_phi: 2.96879
traject_len: 5.00514
pe_len: 23.4166 cs_len: 2.32982
---
front: 0, 0, 2.5
side: 0, 0, 0
front only
else
else
else
else
front: 1.494, 0, 2.5
side: 0, 0, 0
front only
else
else
front: 0.0421986, 0, 2.5
back: 0.126596, 0, 7.5
front back
photon_ene: 661.6 photon_theta: 3.01395 photon_phi: 1.7027
traject_len: 5.00071
pe_len: 13.6869 cs_len: 3.45052
---
else
front: 0, 1.18088, 2.5
side: 0, 0, 0
front only
else
front: 1.20827, 1.17962, 2.5
side: 0, 0, 0
front only
else
else
front: 0, 0.89494, 2.5
side: 0, 0, 0
front only
else
front: 0, 0, 2.5
side: 0, 0, 0
front only
front: 1.47421, 1.20898, 2.5
side: 0, 0, 0
front only
front: 1.55417, 0, 2.5
side: 0, 0, 0
front only
else
else
else
else
else
else
front: 0.307763, 0, 2.5
side: 0, 0, 0
front only
else
else
else
else
else
else
else
else
front: 1.1219, 0, 2.5
side: 0, 0, 0
front only
front: 0.787965, 0, 2.5
back: 2.36389, 0, 7.5
front back
photon_ene: 661.6 photon_theta: 2.82327 photon_phi: 2.84546
traject_len: 5.24248
pe_len: 97.9868 cs_len: 0.153124
---
else
else
else
else
else
else
front: 0, 0, 2.5
side: 0, 0, 0
front only
else
else
front: 1.54933, 0, 2.5
side: 0, 0, 0
front only
else
else
else
else
else
front: 0.922559, 0, 2.5
side: 0, 0, 0
front only
else
front: 0.314744, 1.4664, 2.5
side: 0, 0, 0
front only
front: 0, 0.432654, 2.5
side: 0, 0, 0
front only
else
else
front: 1.62354, 0.51276, 2.5
side: 0, 0, 0
front only
front: 0.406088, 0, 2.5
side: 0, 0, 0
front only
else
else
else
else
front: 0, 0.370843, 2.5
back: 0, 1.11253, 7.5
front back
photon_ene: 661.6 photon_theta: 2.86239 photon_phi: 5.73935
traject_len: 5.05471
pe_len: 1.72986 cs_len: 4.30792
---
front: 1.40547, 0, 2.5
side: 0, 0, 0
front only
front: 0, 0.0710443, 2.5
side: 0, 0, 0
front only
front: 0, 0.901223, 2.5
side: 0, 0, 0
front only
else
else
front: 1.26385, 0, 2.5
side: 0, 0, 0
front only
front: 0.0195622, 0, 2.5
back: 0.0586867, 0, 7.5
front back
photon_ene: 661.6 photon_theta: 0.224972 photon_phi: 4.74659
traject_len: 5.00015
pe_len: 154.444 cs_len: 3.07705
---
else
else
else
front: 0, 1.78518, 2.5
side: 0, 0, 0
front only
else
else
else
else
else
else
else
else
front: 1.70665, 1.45387, 2.5
side: 0, 0, 0
front only
front: 0.0460032, 0, 2.5
back: 0.13801, 0, 7.5
front back
photon_ene: 661.6 photon_theta: 2.90469 photon_phi: 1.64709
traject_len: 5.00085
pe_len: 26.009 cs_len: 7.01657
---
else
front: 0.161245, 0, 2.5
side: 0, 0, 0
front only
else
else
else
else
else
else
front: 1.51021, 0, 2.5
side: 0, 0, 0
front only
else
else
front: 0, 2.29873, 2.5
side: 0, 0, 0
front only
else
else
front: 0.776678, 0.158651, 2.5
back: 2.33004, 0.475953, 7.5
front back
photon_ene: 661.6 photon_theta: 0.307058 photon_phi: 0.201497
traject_len: 5.24534
pe_len: 43.7624 cs_len: 1.32351
---
front: 0, 0.785415, 2.5
side: 0, 0, 0
front only
front: 0, 0, 2.5
side: 0, 0, 0
front only
else
front: 0, 0, 2.5
side: 0, 0, 0
front only
else
else
front: 0.938122, 0, 2.5
side: 0, 0, 0
front only
front: 0, 0.24127, 2.5
side: 0, 0, 0
front only
front: 0, 0, 2.5
side: 0, 0, 0
front only
else
front: 0, 0, 2.5
side: 0, 0, 0
front only
else
front: 0.71051, 0, 2.5
side: 0, 0, 0
front only
else
else
else
front: 0.57071, 0.582132, 2.5
back: 1.71213, 1.7464, 7.5
front back
photon_ene: 661.6 photon_theta: 2.82638 photon_phi: 3.9369
traject_len: 5.25912
pe_len: 21.7476 cs_len: 3.32069
---
else
else
else
else
else
else
else
front: 1.45621, 0, 2.5
side: 0, 0, 0
front only
front: 0.486976, 0, 2.5
side: 0, 0, 0
front only
else
front: 0, 1.07451, 2.5
side: 0, 0, 0
front only
else
front: 0.920264, 0, 2.5
side: 0, 0, 0
front only
else
else
else
else
else
front: 1.11779, 1.60915, 2.5
side: 0, 0, 0
front only
else
else
else
else
else
else
else
else
front: 0, 0, 2.5
side: 0, 0, 0
front only
else
front: 0.0483901, 0.211132, 2.5
back: 0.14517, 0.633397, 7.5
front back
photon_ene: 661.6 photon_theta: 3.05517 photon_phi: 4.48709
traject_len: 5.01873
pe_len: 27.2904 cs_len: 2.67584
---
front: 0, 0, 2.5
side: 0, 0, 0
front only
front: 1.68796, 1.39584, 2.5
side: 0, 0, 0
front only
else
else
front: 0, 0, 2.5
back: 0, 0, 7.5
front back
photon_ene: 661.6 photon_theta: 0.282411 photon_phi: 3.84275
traject_len: 5
pe_len: 0.793937 cs_len: 1.51753
---
else
front: 0, 0, 2.5
side: 0, 0, 0
front only
else
else
front: 0.69953, 0, 2.5
back: 2.09859, 0, 7.5
front back
photon_ene: 661.6 photon_theta: 2.85709 photon_phi: 2.84671
traject_len: 5.19205
pe_len: 1.16081 cs_len: 2.72103
---
else
else
front: 0, 0, 2.5
side: 0, 0, 0
front only
front: 0, 2.10034, 2.5
side: 0, 0, 0
front only
else
else
front: 0, 0, 2.5
back: 0, 0, 7.5
front back
photon_ene: 661.6 photon_theta: 0.0774668 photon_phi: 4.70552
traject_len: 5
pe_len: 33.8275 cs_len: 3.54452
---
else
else
else
else
front: 0, 0.802328, 2.5
side: 0, 0, 0
front only
front: 0, 1.32201, 2.5
side: 0, 0, 0
front only
else
else
else
else
front: 1.67362, 0.962081, 2.5
side: 0, 0, 0
front only
front: 0.517285, 1.50796, 2.5
side: 0, 0, 0
front only
front: 2.29399, 0.699177, 2.5
side: 0, 0, 0
front only
else
front: 0, 0, 2.5
side: 0, 0, 0
front only
else
else
else
front: 1.34713, 1.79715, 2.5
side: 0, 0, 0
front only
else
else
else
front: 0, 0, 2.5
side: 0, 0, 0
front only
front: 0.790058, 0.741012, 2.5
side: 0, 0, 0
front only
else
front: 0.153703, 0.435633, 2.5
back: 0.46111, 1.3069, 7.5
front back
photon_ene: 661.6 photon_theta: 2.95887 photon_phi: 4.3732
traject_len: 5.08464
pe_len: 3.73677 cs_len: 2.56675
---
else
else
front: 0, 0.330485, 2.5
back: 0, 0.991455, 7.5
front back
photon_ene: 661.6 photon_theta: 3.00774 photon_phi: 4.90398
traject_len: 5.0435
pe_len: 65.224 cs_len: 4.76237
---
else
else
else
else
else
else
else
else
else
front: 0, 0.744702, 2.5
side: 0, 0, 0
front only
else
front: 0.50918, 0.922307, 2.5
side: 0, 0, 0
front only
else
front: 0.53034, 0.852423, 2.5
side: 0, 0, 0
front only
else
else
else
else
else
front: 0, 2.13941, 2.5
side: 0, 0, 0
front only
else
else
else
else
else
front: 0.188256, 0, 2.5
back: 0.564768, 0, 7.5
front back
photon_ene: 661.6 photon_theta: 0.208319 photon_phi: 5.07662
traject_len: 5.01416
pe_len: 6.97573 cs_len: 0.995448
---
else
else
else
else
else
else
else
else
else
else
else
front: 0, 0, 2.5
side: 0, 0, 0
front only
else
else
front: 1.36114, 0, 2.5
side: 0, 0, 0
front only
front: 0, 1.6023, 2.5
side: 0, 0, 0
front only
else
front: 0, 0, 2.5
side: 0, 0, 0
front only
else
else
else
front: 1.97892, 0, 2.5
side: 0, 0, 0
front only
front: 1.76237, 0, 2.5
side: 0, 0, 0
front only
front: 0.87433, 1.38649, 2.5
side: 0, 0, 0
front only
else
else
else
else
front: 0, 0, 2.5
back: 0, 0, 7.5
front back
photon_ene: 661.6 photon_theta: 0.233945 photon_phi: 3.65648
traject_len: 5
pe_len: 81.6965 cs_len: 3.43144
---
else
front: 0, 0.791486, 2.5
side: 0, 0, 0
front only
else
front: 1.4314, 1.39123, 2.5
side: 0, 0, 0
front only
else
front: 0, 0, 2.5
side: 0, 0, 0
front only
else
front: 0.193608, 0.738271, 2.5
back: 0.580824, 2.21481, 7.5
front back
photon_ene: 661.6 photon_theta: 0.296307 photon_phi: 1.31433
traject_len: 5.22782
pe_len: 19.2444 cs_len: 2.40024
---
else
front: 0, 0.126076, 2.5
back: 0, 0.378227, 7.5
front back
photon_ene: 661.6 photon_theta: 0.267721 photon_phi: 2.95669
traject_len: 5.00635
pe_len: 37.8955 cs_len: 1.25634
---
else
front: 0.052331, 0.372227, 2.5
back: 0.156993, 1.11668, 7.5
front back
photon_ene: 661.6 photon_theta: 2.99236 photon_phi: 4.57272
traject_len: 5.0562
pe_len: 12.421 cs_len: 5.77754
---
front: 0, 0.564138, 2.5
back: 0, 1.69241, 7.5
front back
photon_ene: 661.6 photon_theta: 0.224364 photon_phi: 1.72047
traject_len: 5.12572
pe_len: 113.494 cs_len: 1.07221
---
else
front: 0, 1.12407, 2.5
side: 0, 0, 0
front only
else
else
front: 0, 1.88385, 2.5
side: 0, 0, 0
front only
front: 0, 0, 2.5
side: 0, 0, 0
front only
else
else
else
else
else
else
else
front: 0, 1.7767, 2.5
side: 0, 0, 0
front only
else
else
front: 0, 0, 2.5
side: 0, 0, 0
front only
else
front: 0, 0.553996, 2.5
side: 0, 0, 0
front only
else
else
else
front: 0, 0.136536, 2.5
side: 0, 0, 0
front only
else
front: 0, 0, 2.5
back: 0, 0, 7.5
front back
photon_ene: 661.6 photon_theta: 2.87161 photon_phi: 1.24667
traject_len: 5
pe_len: 26.0178 cs_len: 0.511199
---
else
else
front: 0, 0, 2.5
side: 0, 0, 0
front only
else
else
else
front: 0, 0.450338, 2.5
side: 0, 0, 0
front only
else
else
else
else
else
front: 0, 0, 2.5
side: 0, 0, 0
front only
else
else
front: 0.36158, 0, 2.5
side: 0, 0, 0
front only
front: 2.12389, 0, 2.5
side: 0, 0, 0
front only
else
front: 1.55075, 0.558654, 2.5
side: 0, 0, 0
front only
front: 0, 0, 2.5
side: 0, 0, 0
front only
else
else
else
front: 0.590473, 1.60213, 2.5
side: 0, 0, 0
front only
else
else
else
else
front: 0, 0, 2.5
side: 0, 0, 0
front only
front: 0.629926, 0, 2.5
back: 1.88978, 0, 7.5
front back
photon_ene: 661.6 photon_theta: 0.263664 photon_phi: 5.91617
traject_len: 5.15628
pe_len: 3.80025 cs_len: 0.731007
---
else
else
front: 0.527032, 0.505336, 2.5
back: 1.5811, 1.51601, 7.5
front back
photon_ene: 661.6 photon_theta: 0.284159 photon_phi: 0.764385
traject_len: 5.20889
pe_len: 0.309695 cs_len: 1.2937
---
else
else
else
else
else
else
else
else
else
front: 0.358906, 0.711326, 2.5
back: 1.07672, 2.13398, 7.5
front back
photon_ene: 661.6 photon_theta: 0.30852 photon_phi: 1.10351
traject_len: 5.24778
pe_len: 8.48396 cs_len: 3.45801
---
else
else
front: 0.114862, 0, 2.5
side: 0, 0, 0
front only
else
else
else
else
front: 1.0538, 0, 2.5
side: 0, 0, 0
front only
else
else
front: 0, 0.461996, 2.5
side: 0, 0, 0
front only
front: 1.11159, 0.992055, 2.5
side: 0, 0, 0
front only
front: 1.7845, 0, 2.5
side: 0, 0, 0
front only
else
else
front: 0, 0, 2.5
side: 0, 0, 0
front only
front: 0, 1.83481, 2.5
side: 0, 0, 0
front only
front: 0, 0.0161808, 2.5
back: 0, 0.0485424, 7.5
front back
photon_ene: 661.6 photon_theta: 0.0886989 photon_phi: 3.06875
traject_len: 5.0001
pe_len: 24.8982 cs_len: 0.0127036
---
else
else
else
else
else
front: 0, 0, 2.5
side: 0, 0, 0
front only
else
front: 0.468851, 2.07063, 2.5
side: 0, 0, 0
front only
else
else
front: 0.0728404, 0, 2.5
back: 0.218521, 0, 7.5
front back
photon_ene: 661.6 photon_theta: 0.181541 photon_phi: 4.87179
traject_len: 5.00212
pe_len: 202.425 cs_len: 1.80451
---
else
else
front: 0, 0, 2.5
side: 0, 0, 0
front only
front: 0.338887, 1.5144, 2.5
side: 0, 0, 0
front only
else
else
front: 0, 0, 2.5
side: 0, 0, 0
front only
else
front: 0, 0.28404, 2.5
side: 0, 0, 0
front only
else
else
else
front: 0, 0.997582, 2.5
side: 0, 0, 0
front only
front: 0, 1.57887, 2.5
side: 0, 0, 0
front only
else
front: 0.237603, 0, 2.5
side: 0, 0, 0
front only
else
else
else
else
else
else
else
else
else
else
front: 0.965733, 0, 2.5
side: 0, 0, 0
front only
front: 0, 0, 2.5
side: 0, 0, 0
front only
front: 0, 0, 2.5
side: 0, 0, 0
front only
else
front: 0, 2.12474, 2.5
side: 0, 0, 0
front only
else
front: 0, 0, 2.5
back: 0, 0, 7.5
front back
photon_ene: 661.6 photon_theta: 2.87309 photon_phi: 0.957273
traject_len: 5
pe_len: 13.4502 cs_len: 4.34
---
else
front: 0.793398, 1.29388, 2.5
side: 0, 0, 0
front only
else
front: 0, 1.46259, 2.5
side: 0, 0, 0
front only
else
else
front: 0, 0, 2.5
side: 0, 0, 0
front only
else
else
else
else
else
else
front: 0.230657, 0, 2.5
side: 0, 0, 0
front only
else
else
front: 0.176373, 1.88266, 2.5
side: 0, 0, 0
front only
else
front: 0.0950646, 0, 2.5
back: 0.285194, 0, 7.5
front back
photon_ene: 661.6 photon_theta: 3.09404 photon_phi: 2.49646
traject_len: 5.00361
pe_len: 24.4299 cs_len: 5.15815
---
front: 1.16383, 1.85869, 2.5
side: 0, 0, 0
front only
else
else
else
else
else
else
else
else
else
else
front: 0.968987, 1.59912, 2.5
side: 0, 0, 0
front only
else
front: 0, 1.71998, 2.5
side: 0, 0, 0
front only
else
front: 0.459572, 1.05564, 2.5
side: 0, 0, 0
front only
front: 0.749473, 1.40923, 2.5
side: 0, 0, 0
front only
else
front: 0, 0, 2.5
side: 0, 0, 0
front only
front: 1.77755, 0, 2.5
side: 0, 0, 0
front only
else
else
else
else
else
front: 0, 0, 2.5
side: 0, 0, 0
front only
else
else
else
else
else
else
else
else
else
else
front: 0.8256, 0, 2.5
back: 2.4768, 0, 7.5
front back
photon_ene: 661.6 photon_theta: 2.82238 photon_phi: 3.10099
traject_len: 5.26559
pe_len: 111.601 cs_len: 6.108
---
front: 0, 2.02337, 2.5
side: 0, 0, 0
front only
front: 0, 0, 2.5
side: 0, 0, 0
front only
else
front: 1.59783, 0, 2.5
side: 0, 0, 0
front only
front: 0, 0, 2.5
side: 0, 0, 0
front only
else
else
else
else
front: 0, 1.36304, 2.5
side: 0, 0, 0
front only
else
else
else
else
else
else
else
else
front: 0, 0.613136, 2.5
side: 0, 0, 0
front only
front: 1.12879, 0, 2.5
side: 0, 0, 0
front only
else
else
front: 0.990276, 0, 2.5
side: 0, 0, 0
front only
front: 0, 1.6386, 2.5
side: 0, 0, 0
front only
front: 1.17027, 0, 2.5
side: 0, 0, 0
front only
else
else
front: 0, 1.61944, 2.5
side: 0, 0, 0
front only
front: 0, 0, 2.5
back: 0, 0, 7.5
front back
photon_ene: 661.6 photon_theta: 0.0484327 photon_phi: 4.47709
traject_len: 5
pe_len: 11.7567 cs_len: 8.04689
---
else
front: 0, 0, 2.5
side: 0, 0, 0
front only
else
else
else
else
else
else
else
else
else
else
else
front: 1.80616, 0.17464, 2.5
side: 0, 0, 0
front only
else
else
front: 0, 0, 2.5
side: 0, 0, 0
front only
front: 0.796012, 0.746763, 2.5
side: 0, 0, 0
front only
front: 0.695183, 1.19013, 2.5
side: 0, 0, 0
front only
else
else
front: 0.663283, 0.247718, 2.5
back: 1.98985, 0.743153, 7.5
front back
photon_ene: 661.6 photon_theta: 2.86561 photon_phi: 3.49902
traject_len: 5.19666
pe_len: 84.3121 cs_len: 7.21546
---
front: 1.46003, 0, 2.5
side: 0, 0, 0
front only
else
else
front: 0, 0, 2.5
side: 0, 0, 0
front only
front: 0, 0, 2.5
side: 0, 0, 0
front only
else
else
else
front: 0.859932, 0, 2.5
side: 0, 0, 0
front only
front: 0, 0.0693474, 2.5
side: 0, 0, 0
front only
else
front: 0.574163, 0.525203, 2.5
back: 1.72249, 1.57561, 7.5
front back
photon_ene: 661.6 photon_theta: 0.301751 photon_phi: 0.740893
traject_len: 5.2366
pe_len: 29.4432 cs_len: 9.98375
---
else
else
front: 0, 0, 2.5
side: 0, 0, 0
front only
else
else
else
else
else
else
else
else
else
front: 2.14732, 0, 2.5
side: 0, 0, 0
front only
else
else
else
else
else
else
else
else
front: 1.6515, 0.351046, 2.5
side: 0, 0, 0
front only
else
else
else
else
else
else
front: 0, 2.05286, 2.5
side: 0, 0, 0
front only
front: 0.768595, 2.03509, 2.5
side: 0, 0, 0
front only
else
else
else
front: 1.0517, 0.629741, 2.5
side: 0, 0, 0
front only
else
else
front: 0, 0.542801, 2.5
side: 0, 0, 0
front only
else
else
else
else
else
front: 0.779114, 0.726913, 2.5
side: 0, 0, 0
front only
else
else
else
else
else
front: 0, 0, 2.5
side: 0, 0, 0
front only
front: 0, 0, 2.5
side: 0, 0, 0
front only
else
front: 1.0805, 0, 2.5
side: 0, 0, 0
front only
else
else
else
front: 0, 1.80921, 2.5
side: 0, 0, 0
front only
else
else
else
front: 2.13019, 0.438463, 2.5
side: 0, 0, 0
front only
front: 0, 0, 2.5
back: 0, 0, 7.5
front back
photon_ene: 661.6 photon_theta: 0.321251 photon_phi: 3.93904
traject_len: 5
pe_len: 19.2852 cs_len: 0.320219
---
else
else
else
else
else
front: 0.864089, 0, 2.5
side: 0, 0, 0
front only
front: 0, 1.46271, 2.5
side: 0, 0, 0
front only
front: 1.20269, 0, 2.5
side: 0, 0, 0
front only
front: 0, 0, 2.5
side: 0, 0, 0
front only
else
else
else
else
else
front: 0.427955, 1.17795, 2.5
side: 0, 0, 0
front only
front: 0, 1.91722, 2.5
side: 0, 0, 0
front only
else
else
else
else
else
else
else
else
else
else
else
else
else
else
front: 0.520991, 0, 2.5
back: 1.56297, 0, 7.5
front back
photon_ene: 661.6 photon_theta: 2.85354 photon_phi: 2.3509
traject_len: 5.10742
pe_len: 36.7188 cs_len: 0.700206
---
else
front: 0, 0, 2.5
side: 0, 0, 0
front only
else
front: 1.03374, 0.299473, 2.5
side: 0, 0, 0
front only
else
else
else
else
else
else
else
else
front: 2.12465, 0, 2.5
side: 0, 0, 0
front only
else
else
front: 0, 2.05363, 2.5
side: 0, 0, 0
front only
else
front: 0, 0, 2.5
side: 0, 0, 0
front only
else
else
front: 1.17373, 0, 2.5
side: 0, 0, 0
front only
else
else
front: 0.0151569, 0, 2.5
side: 0, 0, 0
front only
else
else
else
front: 0, 0, 2.5
side: 0, 0, 0
front only
else
front: 1.0701, 0, 2.5
side: 0, 0, 0
front only
else
else
else
front: 0, 0, 2.5
back: 0, 0, 7.5
front back
photon_ene: 661.6 photon_theta: 0.200612 photon_phi: 4.56704
traject_len: 5
pe_len: 48.4847 cs_len: 2.57653
---
else
else
else
else
front: 0, 1.62394, 2.5
side: 0, 0, 0
front only
front: 0.958245, 1.72677, 2.5
side: 0, 0, 0
front only
else
else
front: 0, 0, 2.5
side: 0, 0, 0
front only
else
else
front: 0, 0.261302, 2.5
back: 0, 0.783907, 7.5
front back
photon_ene: 661.6 photon_theta: 2.94275 photon_phi: 5.73786
traject_len: 5.02724
pe_len: 3.87174 cs_len: 5.787
---
front: 0, 0, 2.5
side: 0, 0, 0
front only
front: 0, 0.330754, 2.5
back: 0, 0.992262, 7.5
front back
photon_ene: 661.6 photon_theta: 2.9488 photon_phi: 5.53854
traject_len: 5.04357
pe_len: 4.91612 cs_len: 3.4372
---
else
else
else
else
else
front: 0.378531, 0, 2.5
side: 0, 0, 0
front only
else
else
else
else
else
else
front: 0.64715, 0, 2.5
side: 0, 0, 0
front only
else
else
else
front: 0.870067, 1.41284, 2.5
side: 0, 0, 0
front only
front: 0, 0.282744, 2.5
side: 0, 0, 0
front only
else
front: 0, 0.135006, 2.5
side: 0, 0, 0
front only
front: 0, 2.04928, 2.5
side: 0, 0, 0
front only
else
front: 0.117586, 0, 2.5
side: 0, 0, 0
front only
front: 0, 0, 2.5
back: 0, 0, 7.5
front back
photon_ene: 661.6 photon_theta: 0.087156 photon_phi: 3.29472
traject_len: 5
pe_len: 41.504 cs_len: 3.86838
---
else
front: 1.11828, 0, 2.5
side: 0, 0, 0
front only
else
else
else
else
else
else
else
else
else
else
else
else
else
front: 0, 0.140053, 2.5
side: 0, 0, 0
front only
else
front: 0, 0.3268, 2.5
side: 0, 0, 0
front only
else
else
front: 1.54417, 0, 2.5
side: 0, 0, 0
front only
front: 1.08405, 0.708096, 2.5
side: 0, 0, 0
front only
else
else
front: 0, 0, 2.5
side: 0, 0, 0
front only
else
else
else
else
else
front: 0, 0, 2.5
side: 0, 0, 0
front only
else
else
else
front: 0, 0, 2.5
side: 0, 0, 0
front only
else
else
else
else
else
else
front: 0.0532689, 1.69817, 2.5
side: 0, 0, 0
front only
front: 2.35594, 0, 2.5
side: 0, 0, 0
front only
else
else
else
front: 0.999543, 0, 2.5
side: 0, 0, 0
front only
else
else
else
else
front: 0.0353977, 0.856288, 2.5
side: 0, 0, 0
front only
else
front: 0.345688, 0, 2.5
back: 1.03706, 0, 7.5
front back
photon_ene: 661.6 photon_theta: 0.2547 photon_phi: 5.27229
traject_len: 5.04757
pe_len: 56.7119 cs_len: 4.50275
---
front: 0, 1.40272, 2.5
side: 0, 0, 0
front only
else
else
else
front: 0, 1.52422, 2.5
side: 0, 0, 0
front only
else
else
else
else
else
else
else
else
else
else
else
else
front: 1.2297, 2.06914, 2.5
side: 0, 0, 0
front only
else
front: 0, 0.146376, 2.5
back: 0, 0.439128, 7.5
front back
photon_ene: 661.6 photon_theta: 2.9698 photon_phi: 5.93896
traject_len: 5.00856
pe_len: 82.1824 cs_len: 2.45615
---
else
else
else
else
else
else
else
else
else
else
else
front: 0, 0, 2.5
side: 0, 0, 0
front only
else
else
else
else
else
else
else
else
front: 2.30887, 0.720906, 2.5
side: 0, 0, 0
front only
else
else
else
front: 0, 0, 2.5
side: 0, 0, 0
front only
else
else
else
else
else
else
front: 0, 0, 2.5
side: 0, 0, 0
front only
front: 1.27068, 0, 2.5
side: 0, 0, 0
front only
front: 1.07011, 1.907, 2.5
side: 0, 0, 0
front only
else
else
else
else
else
else
else
else
else
front: 0, 0, 2.5
side: 0, 0, 0
front only
else
else
else
else
front: 0, 0.864807, 2.5
side: 0, 0, 0
front only
else
else
else
else
else
front: 1.60694, 0.221863, 2.5
side: 0, 0, 0
front only
else
else
front: 0.671642, 0.971535, 2.5
side: 0, 0, 0
front only
else
front: 1.35777, 0, 2.5
side: 0, 0, 0
front only
else
else
else
else
else
else
else
else
front: 0, 1.16474, 2.5
side: 0, 0, 0
front only
front: 0, 0, 2.5
back: 0, 0, 7.5
front back
photon_ene: 661.6 photon_theta: 0.256478 photon_phi: 3.65017
traject_len: 5
pe_len: 10.7483 cs_len: 16.1448
---
else
else
else
else
else
front: 0, 0, 2.5
side: 0, 0, 0
front only
else
else
else
else
front: 0.212482, 0.94085, 2.5
side: 0, 0, 0
front only
front: 0, 0, 2.5
side: 0, 0, 0
front only
else
else
else
else
else
else
front: 0.250954, 0.700811, 2.5
back: 0.752862, 2.10243, 7.5
front back
photon_ene: 661.6 photon_theta: 2.8522 photon_phi: 4.36852
traject_len: 5.21694
pe_len: 2.29727 cs_len: 0.210121
---
else
else
front: 0, 0, 2.5
back: 0, 0, 7.5
front back
photon_ene: 661.6 photon_theta: 2.91803 photon_phi: 0.837457
traject_len: 5
pe_len: 26.8002 cs_len: 6.38824
---
else
else
else
else
front: 0.350657, 1.29379, 2.5
side: 0, 0, 0
front only
else
front: 0, 0.544299, 2.5
side: 0, 0, 0
front only
front: 0.168133, 0, 2.5
side: 0, 0, 0
front only
else
else
else
front: 0, 0, 2.5
side: 0, 0, 0
front only
else
else
else
front: 0, 0, 2.5
back: 0, 0, 7.5
front back
photon_ene: 661.6 photon_theta: 0.199657 photon_phi: 3.71011
traject_len: 5
pe_len: 28.8273 cs_len: 15.9171
---
else
else
else
front: 0, 0.592188, 2.5
back: 0, 1.77657, 7.5
front back
photon_ene: 661.6 photon_theta: 0.303079 photon_phi: 2.28214
traject_len: 5.13836
pe_len: 18.3427 cs_len: 20.1574
---
front: 0.894251, 0, 2.5
side: 0, 0, 0
front only
else
else
else
else
front: 0, 0.192571, 2.5
side: 0, 0, 0
front only
front: 1.21752, 0, 2.5
side: 0, 0, 0
front only
else
front: 1.26705, 0, 2.5
side: 0, 0, 0
front only
else
else
front: 0, 1.71873, 2.5
side: 0, 0, 0
front only
front: 0.387076, 0.89954, 2.5
side: 0, 0, 0
front only
else
else
else
else
front: 0.652051, 0.130235, 2.5
back: 1.95615, 0.390705, 7.5
front back
photon_ene: 661.6 photon_theta: 0.259954 photon_phi: 0.197137
traject_len: 5.17383
pe_len: 2.77973 cs_len: 0.853826
---
front: 0.413931, 0, 2.5
back: 1.24179, 0, 7.5
front back
photon_ene: 661.6 photon_theta: 2.97704 photon_phi: 3.06565
traject_len: 5.06807
pe_len: 22.5304 cs_len: 3.4136
---
else
front: 0, 0.812694, 2.5
side: 0, 0, 0
front only
else
front: 0.678704, 0, 2.5
back: 2.03611, 0, 7.5
front back
photon_ene: 661.6 photon_theta: 0.267286 photon_phi: 6.1519
traject_len: 5.18098
pe_len: 9.55983 cs_len: 3.14784
---
else
front: 1.60911, 0, 2.5
side: 0, 0, 0
front only
else
else
else
front: 0, 0.904486, 2.5
side: 0, 0, 0
front only
else
front: 0, 0.30915, 2.5
side: 0, 0, 0
front only
else
front: 0, 0, 2.5
back: 0, 0, 7.5
front back
photon_ene: 661.6 photon_theta: 0.217131 photon_phi: 3.73283
traject_len: 5
pe_len: 29.0464 cs_len: 0.49009
---
else
else
front: 1.48577, 0.24047, 2.5
side: 0, 0, 0
front only
else
else
else
else
front: 0.403538, 0.42617, 2.5
back: 1.21061, 1.27851, 7.5
front back
photon_ene: 661.6 photon_theta: 2.911 photon_phi: 3.95426
traject_len: 5.13594
pe_len: 6.71459 cs_len: 9.21312
---
else
front: 1.28565, 0.0687718, 2.5
side: 0, 0, 0
front only
else
else
front: 0, 0, 2.5
side: 0, 0, 0
front only
front: 0, 1.53082, 2.5
side: 0, 0, 0
front only
else
front: 0.645462, 0.7803, 2.5
side: 0, 0, 0
front only
else
else
else
else
else
else
else
else
else
else
else
else
else
front: 0.382459, 0, 2.5
side: 0, 0, 0
front only
front: 1.55876, 0.415574, 2.5
side: 0, 0, 0
front only
else
front: 0, 0.565961, 2.5
side: 0, 0, 0
front only
front: 0, 0, 2.5
side: 0, 0, 0
front only
else
front: 1.40988, 0, 2.5
side: 0, 0, 0
front only
front: 1.22295, 0, 2.5
side: 0, 0, 0
front only
else
else
else
else
front: 0, 0.304626, 2.5
side: 0, 0, 0
front only
else
else
else
else
else
else
else
else
else
else
front: 1.36198, 0, 2.5
side: 0, 0, 0
front only
else
front: 0.569202, 0.819465, 2.5
side: 0, 0, 0
front only
else
else
front: 0, 0.961236, 2.5
side: 0, 0, 0
front only
else
else
front: 0, 0, 2.5
side: 0, 0, 0
front only
else
else
front: 0, 0, 2.5
side: 0, 0, 0
front only
else
front: 0, 0, 2.5
side: 0, 0, 0
front only
else
front: 0, 0, 2.5
side: 0, 0, 0
front only
else
front: 2.17912, 0, 2.5
side: 0, 0, 0
front only
else
front: 0.0466828, 0.993106, 2.5
side: 0, 0, 0
front only
else
front: 0, 0, 2.5
side: 0, 0, 0
front only
else
else
front: 0.310925, 0, 2.5
side: 0, 0, 0
front only
else
else
else
front: 0.0585172, 1.46379, 2.5
side: 0, 0, 0
front only
else
else
else
else
front: 0, 0, 2.5
side: 0, 0, 0
front only
else
else
front: 0, 0.70391, 2.5
side: 0, 0, 0
front only
else
else
front: 0, 0, 2.5
side: 0, 0, 0
front only
else
front: 0.426881, 0.112861, 2.5
back: 1.28064, 0.338583, 7.5
front back
photon_ene: 661.6 photon_theta: 0.174816 photon_phi: 0.258471
traject_len: 5.07739
pe_len: 21.4888 cs_len: 0.00689469
---
front: 0.250853, 0, 2.5
back: 0.752558, 0, 7.5
front back
photon_ene: 661.6 photon_theta: 3.03366 photon_phi: 2.7545
traject_len: 5.02511
pe_len: 32.1111 cs_len: 2.52187
---
front: 1.83388, 0.97486, 2.5
side: 0, 0, 0
front only
else
front: 0.0458948, 0.442713, 2.5
back: 0.137684, 1.32814, 7.5
front back
photon_ene: 661.6 photon_theta: 0.176188 photon_phi: 1.4675
traject_len: 5.07862
pe_len: 7.60221 cs_len: 0.317274
---
else
front: 0, 0, 2.5
side: 0, 0, 0
front only
else
else
else
else
else
else
else
else
else
else
front: 0, 0, 2.5
side: 0, 0, 0
front only
else
else
else
front: 1.39617, 0.930147, 2.5
side: 0, 0, 0
front only
else
else
else
else
else
else
front: 0, 0, 2.5
back: 0, 0, 7.5
front back
photon_ene: 661.6 photon_theta: 0.243403 photon_phi: 3.51747
traject_len: 5
pe_len: 6.04188 cs_len: 1.68669
---
else
else
else
else
else
front: 0.317864, 0, 2.5
side: 0, 0, 0
front only
else
else
front: 0.388961, 0, 2.5
back: 1.16688, 0, 7.5
front back
photon_ene: 661.6 photon_theta: 2.98439 photon_phi: 2.94913
traject_len: 5.06015
pe_len: 11.8978 cs_len: 1.11893
---
else
else
else
front: 1.46248, 0, 2.5
side: 0, 0, 0
front only
else
else
else
else
else
else
front: 0.31006, 0, 2.5
back: 0.930179, 0, 7.5
front back
photon_ene: 661.6 photon_theta: 2.98548 photon_phi: 2.47835
traject_len: 5.03831
pe_len: 66.4537 cs_len: 0.543218
---
front: 0.920412, 0, 2.5
side: 0, 0, 0
front only
else
front: 0, 1.02029, 2.5
side: 0, 0, 0
front only
else
front: 0, 0.909416, 2.5
side: 0, 0, 0
front only
else
else
else
front: 0.672931, 0, 2.5
side: 0, 0, 0
front only
else
front: 0, 0, 2.5
side: 0, 0, 0
front only
else
else
front: 0, 1.68855, 2.5
side: 0, 0, 0
front only
else
else
else
else
else
else
front: 0, 0.386504, 2.5
back: 0, 1.15951, 7.5
front back
photon_ene: 661.6 photon_theta: 2.82114 photon_phi: 5.79862
traject_len: 5.0594
pe_len: 6.86237 cs_len: 2.19077
---
front: 1.17653, 1.60758, 2.5
side: 0, 0, 0
front only
else
else
front: 0, 0.361329, 2.5
back: 0, 1.08399, 7.5
front back
photon_ene: 661.6 photon_theta: 2.86083 photon_phi: 5.75822
traject_len: 5.05195
pe_len: 80.3042 cs_len: 15.5328
---
else
else
front: 0.413266, 0, 2.5
side: 0, 0, 0
front only
else
else
else
front: 0, 0, 2.5
back: 0, 0, 7.5
front back
photon_ene: 661.6 photon_theta: 2.92866 photon_phi: 0.632291
traject_len: 5
pe_len: 22.3808 cs_len: 3.82658
---
else
else
else
front: 0, 0.662935, 2.5
side: 0, 0, 0
front only
else
else
else
else
else
else
else
else
front: 0, 0, 2.5
side: 0, 0, 0
front only
front: 1.43884, 0, 2.5
side: 0, 0, 0
front only
front: 0.861591, 0.96623, 2.5
side: 0, 0, 0
front only
front: 0, 1.26069, 2.5
side: 0, 0, 0
front only
else
else
else
else
else
else
front: 0.453773, 1.39468, 2.5
side: 0, 0, 0
front only
else
else
else
else
else
front: 0.11063, 0.435691, 2.5
back: 0.331889, 1.30707, 7.5
front back
photon_ene: 661.6 photon_theta: 2.96369 photon_phi: 4.46373
traject_len: 5.08018
pe_len: 48.3913 cs_len: 2.60073
---
front: 0.713041, 0, 2.5
side: 0, 0, 0
front only
else
else
else
else
else
else
front: 1.99914, 0, 2.5
side: 0, 0, 0
front only
front: 0, 0, 2.5
back: 0, 0, 7.5
front back
photon_ene: 661.6 photon_theta: 2.82078 photon_phi: 0.394208
traject_len: 5
pe_len: 0.841239 cs_len: 2.60659
---
else
else
front: 0.202686, 0, 2.5
side: 0, 0, 0
front only
else
else
else
else
else
else
else
else
else
else
else
else
front: 0.636296, 0.782801, 2.5
side: 0, 0, 0
front only
else
else
else
front: 0, 0, 2.5
side: 0, 0, 0
front only
front: 0, 1.00649, 2.5
side: 0, 0, 0
front only
front: 0, 1.34801, 2.5
side: 0, 0, 0
front only
else
front: 0, 1.59056, 2.5
side: 0, 0, 0
front only
else
else
front: 0, 1.37966, 2.5
side: 0, 0, 0
front only
else
front: 0.599354, 0, 2.5
side: 0, 0, 0
front only
else
front: 0.819015, 0, 2.5
side: 0, 0, 0
front only
front: 0, 0, 2.5
side: 0, 0, 0
front only
else
front: 1.40018, 0.00505553, 2.5
side: 0, 0, 0
front only
else
else
front: 0, 0.0409227, 2.5
side: 0, 0, 0
front only
else
else
else
else
front: 1.75525, 0.609092, 2.5
side: 0, 0, 0
front only
else
else
front: 0, 1.72629, 2.5
side: 0, 0, 0
front only
front: 0.645015, 0, 2.5
back: 1.93505, 0, 7.5
front back
photon_ene: 661.6 photon_theta: 2.88443 photon_phi: 2.94666
traject_len: 5.16374
pe_len: 23.4333 cs_len: 3.39338
---
else
else
else
else
else
else
else
else
front: 0, 0, 2.5
side: 0, 0, 0
front only
else
front: 0.645697, 1.62219, 2.5
side: 0, 0, 0
front only
else
else
else
else
else
else
front: 0, 0.557783, 2.5
side: 0, 0, 0
front only
else
else
front: 0, 1.56739, 2.5
side: 0, 0, 0
front only
else
else
else
else
else
else
front: 1.05322, 0, 2.5
side: 0, 0, 0
front only
front: 1.60981, 0, 2.5
side: 0, 0, 0
front only
else
else
else
else
else
else
else
front: 0, 1.58283, 2.5
side: 0, 0, 0
front only
else
else
front: 0.0497705, 0, 2.5
back: 0.149312, 0, 7.5
front back
photon_ene: 661.6 photon_theta: 0.0758897 photon_phi: 4.9773
traject_len: 5.00099
pe_len: 1.96848 cs_len: 2.60263
---
else
else
else
else
front: 1.74741, 0.791527, 2.5
side: 0, 0, 0
front only
front: 0, 0.786674, 2.5
side: 0, 0, 0
front only
else
else
front: 0.255627, 0, 2.5
back: 0.766882, 0, 7.5
front back
photon_ene: 661.6 photon_theta: 0.116245 photon_phi: 5.77918
traject_len: 5.02607
pe_len: 10.7524 cs_len: 2.14412
---
else
else
else
else
front: 0, 0.88248, 2.5
side: 0, 0, 0
front only
else
front: 0, 0, 2.5
side: 0, 0, 0
front only
else
else
front: 0, 1.19275, 2.5
side: 0, 0, 0
front only
front: 0, 0.682559, 2.5
back: 0, 2.04768, 7.5
front back
photon_ene: 661.6 photon_theta: 0.267353 photon_phi: 1.65126
traject_len: 5.18301
pe_len: 22.2967 cs_len: 4.58236
---
else
else
else
else
else
front: 0.259178, 0.00911744, 2.5
back: 0.777533, 0.0273523, 7.5
front back
photon_ene: 661.6 photon_theta: 3.03823 photon_phi: 3.17676
traject_len: 5.02683
pe_len: 108.299 cs_len: 1.9885
---
else
else
else
else
front: 0, 1.05447, 2.5
side: 0, 0, 0
front only
front: 0.825746, 1.04305, 2.5
side: 0, 0, 0
front only
front: 0, 1.00524, 2.5
side: 0, 0, 0
front only
else
else
else
else
front: 0, 1.87909, 2.5
side: 0, 0, 0
front only
else
else
front: 1.47964, 0, 2.5
side: 0, 0, 0
front only
else
else
front: 0.957671, 0.613355, 2.5
side: 0, 0, 0
front only
front: 2.00276, 0, 2.5
side: 0, 0, 0
front only
else
front: 0, 0, 2.5
back: 0, 0, 7.5
front back
photon_ene: 661.6 photon_theta: 0.159658 photon_phi: 3.16441
traject_len: 5
pe_len: 7.68306 cs_len: 7.91456
---
else
front: 0, 0, 2.5
side: 0, 0, 0
front only
front: 0, 0.904263, 2.5
side: 0, 0, 0
front only
else
else
front: 1.61144, 0.629521, 2.5
side: 0, 0, 0
front only
front: 0, 0, 2.5
back: 0, 0, 7.5
front back
photon_ene: 661.6 photon_theta: 2.85888 photon_phi: 0.104176
traject_len: 5
pe_len: 20.5518 cs_len: 5.74834
---
else
else
else
else
else
front: 1.11372, 0, 2.5
side: 0, 0, 0
front only
front: 0.0346994, 0, 2.5
side: 0, 0, 0
front only
else
else
front: 0, 0, 2.5
back: 0, 0, 7.5
front back
photon_ene: 661.6 photon_theta: 2.8499 photon_phi: 0.214578
traject_len: 5
pe_len: 53.6851 cs_len: 2.06573
---
else
else
front: 0, 1.91016, 2.5
side: 0, 0, 0
front only
else
else
else
else
else
front: 0, 0.603643, 2.5
back: 0, 1.81093, 7.5
front back
photon_ene: 661.6 photon_theta: 2.85406 photon_phi: 5.32789
traject_len: 5.14369
pe_len: 0.631586 cs_len: 4.68892
---
else
front: 0, 0, 2.5
side: 0, 0, 0
front only
else
front: 0, 0.532656, 2.5
back: 0, 1.59797, 7.5
front back
photon_ene: 661.6 photon_theta: 2.88689 photon_phi: 5.32467
traject_len: 5.11223
pe_len: 22.8408 cs_len: 0.817434
---
else
else
else
else
else
front: 0.485397, 0, 2.5
side: 0, 0, 0
front only
else
else
else
else
else
else
front: 0.572777, 0, 2.5
side: 0, 0, 0
front only
else
else
else
else
else
else
front: 0, 0, 2.5
side: 0, 0, 0
front only
front: 0.761911, 0, 2.5
side: 0, 0, 0
front only
else
front: 0.753667, 0, 2.5
side: 0, 0, 0
front only
else
front: 0.980989, 0, 2.5
side: 0, 0, 0
front only
else
front: 0, 0, 2.5
side: 0, 0, 0
front only
else
front: 0.354342, 0, 2.5
side: 0, 0, 0
front only
else
else
else
else
front: 0, 0, 2.5
side: 0, 0, 0
front only
else
front: 0, 0.659002, 2.5
back: 0, 1.97701, 7.5
front back
photon_ene: 661.6 photon_theta: 2.88376 photon_phi: 4.74073
traject_len: 5.1708
pe_len: 0.120099 cs_len: 6.39205
---
else
else
else
else
else
else
else
else
else
else
front: 0, 1.71405, 2.5
side: 0, 0, 0
front only
front: 0.449582, 0, 2.5
side: 0, 0, 0
front only
else
else
else
else
else
else
else
front: 0, 0, 2.5
side: 0, 0, 0
front only
else
front: 0, 0, 2.5
side: 0, 0, 0
front only
front: 0.200129, 0, 2.5
back: 0.600388, 0, 7.5
front back
photon_ene: 661.6 photon_theta: 3.0191 photon_phi: 2.27868
traject_len: 5.016
pe_len: 14.5799 cs_len: 6.19087
---
front: 0.225403, 0, 2.5
side: 0, 0, 0
front only
else
else
else
else
else
front: 0.790965, 1.95217, 2.5
side: 0, 0, 0
front only
else
else
else
else
front: 2.00689, 0, 2.5
side: 0, 0, 0
front only
front: 0, 0.635848, 2.5
side: 0, 0, 0
front only
else
front: 0.520858, 0, 2.5
side: 0, 0, 0
front only
front: 0, 0, 2.5
side: 0, 0, 0
front only
else
front: 0, 0, 2.5
side: 0, 0, 0
front only
else
else
else
else
else
else
else
front: 0, 0, 2.5
side: 0, 0, 0
front only
else
front: 0, 0, 2.5
side: 0, 0, 0
front only
else
front: 1.4322, 0.82171, 2.5
side: 0, 0, 0
front only
front: 0, 0.620146, 2.5
side: 0, 0, 0
front only
else
front: 0, 0.732464, 2.5
side: 0, 0, 0
front only
front: 0, 0.552072, 2.5
side: 0, 0, 0
front only
else
else
else
else
else
front: 0, 0.440757, 2.5
side: 0, 0, 0
front only
else
else
else
else
else
else
else
front: 1.33382, 0, 2.5
side: 0, 0, 0
front only
else
front: 0, 0, 2.5
side: 0, 0, 0
front only
else
else
else
front: 0.475156, 0.696784, 2.5
side: 0, 0, 0
front only
else
else
else
front: 0.952608, 0, 2.5
side: 0, 0, 0
front only
else
else
front: 1.15097, 0, 2.5
side: 0, 0, 0
front only
else
front: 2.40199, 0, 2.5
side: 0, 0, 0
front only
else
else
else
else
else
else
else
front: 0.243524, 0, 2.5
side: 0, 0, 0
front only
front: 0, 0, 2.5
side: 0, 0, 0
front only
else
else
else
else
else
else
else
else
front: 0.18706, 1.09655, 2.5
side: 0, 0, 0
front only
else
else
else
front: 0, 0, 2.5
side: 0, 0, 0
front only
front: 1.32405, 0.778575, 2.5
side: 0, 0, 0
front only
else
front: 0.301238, 2.19787, 2.5
side: 0, 0, 0
front only
else
else
else
else
else
else
else
front: 0, 1.97865, 2.5
side: 0, 0, 0
front only
front: 0, 0, 2.5
side: 0, 0, 0
front only
else
else
else
else
front: 0, 0.0340417, 2.5
back: 0, 0.102125, 7.5
front back
photon_ene: 661.6 photon_theta: 0.105683 photon_phi: 3.01287
traject_len: 5.00046
pe_len: 40.4715 cs_len: 2.18606
---
front: 0, 0.729478, 2.5
side: 0, 0, 0
front only
front: 0, 0, 2.5
side: 0, 0, 0
front only
else
else
else
front: 0, 0, 2.5
side: 0, 0, 0
front only
front: 0, 0.397514, 2.5
back: 0, 1.19254, 7.5
front back
photon_ene: 661.6 photon_theta: 2.97707 photon_phi: 5.00417
traject_len: 5.06281
pe_len: 172.285 cs_len: 4.08482
---
else
else
front: 0, 0.953193, 2.5
side: 0, 0, 0
front only
front: 0, 0, 2.5
side: 0, 0, 0
front only
front: 0, 0.652372, 2.5
back: 0, 1.95712, 7.5
front back
photon_ene: 661.6 photon_theta: 2.88571 photon_phi: 4.78415
traject_len: 5.16743
pe_len: 51.1864 cs_len: 9.8543
---
else
else
else
else
front: 1.36303, 0, 2.5
side: 0, 0, 0
front only
front: 0, 1.15099, 2.5
side: 0, 0, 0
front only
else
else
else
else
else
else
else
else
else
else
else
front: 0, 0, 2.5
side: 0, 0, 0
front only
else
else
else
else
front: 1.13475, 0, 2.5
side: 0, 0, 0
front only
else
front: 0, 1.60471, 2.5
side: 0, 0, 0
front only
else
else
front: 0, 1.31503, 2.5
side: 0, 0, 0
front only
else
else
else
front: 0, 0, 2.5
side: 0, 0, 0
front only
else
else
front: 2.00652, 0, 2.5
side: 0, 0, 0
front only
else
else
else
else
front: 1.73911, 0, 2.5
side: 0, 0, 0
front only
else
else
else
else
front: 1.21333, 0, 2.5
side: 0, 0, 0
front only
else
else
else
front: 0.865564, 0.756924, 2.5
side: 0, 0, 0
front only
else
front: 0.279964, 0, 2.5
back: 0.839891, 0, 7.5
front back
photon_ene: 661.6 photon_theta: 2.95137 photon_phi: 2.19149
traject_len: 5.03125
pe_len: 36.2613 cs_len: 15.4823
---
front: 1.10746, 0.266632, 2.5
side: 0, 0, 0
front only
else
front: 1.22616, 0, 2.5
side: 0, 0, 0
front only
front: 2.31084, 0.916428, 2.5
side: 0, 0, 0
front only
else
else
else
else
front: 1.12331, 0, 2.5
side: 0, 0, 0
front only
else
front: 0.13907, 1.02928, 2.5
side: 0, 0, 0
front only
else
else
else
front: 1.75625, 0, 2.5
side: 0, 0, 0
front only
else
else
else
else
front: 0.188352, 0, 2.5
back: 0.565057, 0, 7.5
front back
photon_ene: 661.6 photon_theta: 0.197404 photon_phi: 5.09861
traject_len: 5.01417
pe_len: 49.0736 cs_len: 3.94705
---
else
front: 0.800907, 2.19487, 2.5
side: 0, 0, 0
front only
front: 0, 0, 2.5
side: 0, 0, 0
front only
front: 0.227642, 1.45095, 2.5
side: 0, 0, 0
front only
else
front: 1.23613, 0, 2.5
side: 0, 0, 0
front only
else
else
else
front: 0.379296, 0.344319, 2.5
back: 1.13789, 1.03296, 7.5
front back
photon_ene: 661.6 photon_theta: 2.93948 photon_phi: 3.87869
traject_len: 5.10389
pe_len: 18.8764 cs_len: 2.56573
---
else
else
front: 0, 1.10997, 2.5
side: 0, 0, 0
front only
else
else
else
else
else
else
else
else
front: 0, 0.461906, 2.5
side: 0, 0, 0
front only
else
else
front: 0.0782345, 0.444409, 2.5
back: 0.234704, 1.33323, 7.5
front back
photon_ene: 661.6 photon_theta: 0.178574 photon_phi: 1.39654
traject_len: 5.0808
pe_len: 76.4225 cs_len: 3.16591
---
else
front: 1.8694, 0.0370908, 2.5
side: 0, 0, 0
front only
else
else
else
front: 0, 0, 2.5
side: 0, 0, 0
front only
else
front: 0, 0.283862, 2.5
back: 0, 0.851585, 7.5
front back
photon_ene: 661.6 photon_theta: 0.32021 photon_phi: 2.79213
traject_len: 5.03213
pe_len: 3.80792 cs_len: 0.807378
---
else
else
else
front: 1.09933, 1.0037, 2.5
side: 0, 0, 0
front only
front: 1.49249, 0.842211, 2.5
side: 0, 0, 0
front only
else
front: 0, 0, 2.5
side: 0, 0, 0
front only
else
else
else
else
else
front: 0.0485265, 0, 2.5
side: 0, 0, 0
front only
else
front: 0.416714, 0.561489, 2.5
back: 1.25014, 1.68447, 7.5
front back
photon_ene: 661.6 photon_theta: 2.86887 photon_phi: 4.07393
traject_len: 5.19189
pe_len: 203.698 cs_len: 1.05858
---
else
else
else
else
else
else
else
else
else
else
front: 0, 0, 2.5
side: 0, 0, 0
front only
else
else
else
else
else
front: 1.79185, 1.10336, 2.5
side: 0, 0, 0
front only
front: 0.69983, 0, 2.5
back: 2.09949, 0, 7.5
front back
photon_ene: 661.6 photon_theta: 2.83205 photon_phi: 2.63677
traject_len: 5.19221
pe_len: 15.0268 cs_len: 4.54299
---
else
else
front: 0.624175, 0, 2.5
back: 1.87253, 0, 7.5
front back
photon_ene: 661.6 photon_theta: 0.270174 photon_phi: 5.83564
traject_len: 5.15348
pe_len: 39.2286 cs_len: 0.0251785
---
else
else
front: 0, 1.2924, 2.5
side: 0, 0, 0
front only
else
else
front: 0, 0.171563, 2.5
back: 0, 0.514688, 7.5
front back
photon_ene: 661.6 photon_theta: 2.86042 photon_phi: 6.04329
traject_len: 5.01176
pe_len: 47.9526 cs_len: 2.60375
---
else
front: 1.11488, 1.19892, 2.5
side: 0, 0, 0
front only
front: 0, 0, 2.5
side: 0, 0, 0
front only
else
else
front: 0, 0.706757, 2.5
side: 0, 0, 0
front only
else
else
else
front: 0, 1.15146, 2.5
side: 0, 0, 0
front only
front: 0.116658, 0, 2.5
side: 0, 0, 0
front only
front: 1.58077, 0, 2.5
side: 0, 0, 0
front only
else
front: 0, 0.899926, 2.5
side: 0, 0, 0
front only
else
else
else
else
else
else
front: 0.506446, 0.418717, 2.5
back: 1.51934, 1.25615, 7.5
front back
photon_ene: 661.6 photon_theta: 2.88456 photon_phi: 3.83245
traject_len: 5.16984
pe_len: 88.6102 cs_len: 1.34194
---
front: 0, 1.34035, 2.5
side: 0, 0, 0
front only
front: 1.57728, 0.412497, 2.5
side: 0, 0, 0
front only
else
else
else
else
else
front: 0.18033, 0, 2.5
back: 0.540991, 0, 7.5
front back
photon_ene: 661.6 photon_theta: 0.167734 photon_phi: 5.15245
traject_len: 5.01299
pe_len: 75.3503 cs_len: 2.00669
---
else
front: 0, 1.55307, 2.5
side: 0, 0, 0
front only
else
else
front: 0, 1.05438, 2.5
side: 0, 0, 0
front only
front: 0.857698, 2.23825, 2.5
side: 0, 0, 0
front only
front: 0, 0, 2.5
side: 0, 0, 0
front only
else
else
front: 1.55603, 0, 2.5
side: 0, 0, 0
front only
else
else
else
else
else
front: 0, 0, 2.5
side: 0, 0, 0
front only
else
else
else
else
else
else
else
else
else
else
else
else
else
else
front: 1.60884, 0.634092, 2.5
side: 0, 0, 0
front only
else
else
front: 0, 0, 2.5
side: 0, 0, 0
front only
else
else
front: 0, 0.929561, 2.5
side: 0, 0, 0
front only
else
else
else
front: 0, 0.323836, 2.5
side: 0, 0, 0
front only
else
else
front: 1.35413, 0.331645, 2.5
side: 0, 0, 0
front only
else
else
else
front: 0, 1.27004, 2.5
side: 0, 0, 0
front only
front: 0.55003, 0, 2.5
side: 0, 0, 0
front only
front: 0, 0, 2.5
side: 0, 0, 0
front only
else
front: 0, 0.630586, 2.5
back: 0, 1.89176, 7.5
front back
photon_ene: 661.6 photon_theta: 0.274828 photon_phi: 2.03413
traject_len: 5.1566
pe_len: 38.0272 cs_len: 1.45897
---
else
else
else
else
front: 0, 0.490679, 2.5
side: 0, 0, 0
front only
else
else
else
else
front: 1.45378, 0, 2.5
side: 0, 0, 0
front only
else
front: 0, 0, 2.5
side: 0, 0, 0
front only
else
front: 1.98269, 1.31423, 2.5
side: 0, 0, 0
front only
else
else
else
else
front: 0, 0.182053, 2.5
back: 0, 0.546159, 7.5
front back
photon_ene: 661.6 photon_theta: 0.240896 photon_phi: 2.84065
traject_len: 5.01324
pe_len: 42.5932 cs_len: 5.4959
---
front: 1.50767, 0, 2.5
side: 0, 0, 0
front only
else
else
else
else
else
front: 0, 0.132675, 2.5
side: 0, 0, 0
front only
front: 0, 0, 2.5
side: 0, 0, 0
front only
else
else
front: 2.20289, 0.251992, 2.5
side: 0, 0, 0
front only
else
else
else
front: 0, 0, 2.5
side: 0, 0, 0
front only
front: 0, 0.310836, 2.5
side: 0, 0, 0
front only
front: 0, 0, 2.5
side: 0, 0, 0
front only
else
else
else
front: 1.24259, 0, 2.5
side: 0, 0, 0
front only
else
front: 0, 0.866539, 2.5
side: 0, 0, 0
front only
else
else
else
else
front: 0, 0.436752, 2.5
side: 0, 0, 0
front only
else
else
else
else
front: 0.847418, 0, 2.5
side: 0, 0, 0
front only
else
else
front: 0.504982, 1.54041, 2.5
side: 0, 0, 0
front only
else
front: 0.501786, 0.821412, 2.5
side: 0, 0, 0
front only
front: 0.176632, 0, 2.5
side: 0, 0, 0
front only
front: 1.70681, 0, 2.5
side: 0, 0, 0
front only
front: 0.504221, 0.219361, 2.5
back: 1.51266, 0.658082, 7.5
front back
photon_ene: 661.6 photon_theta: 0.216501 photon_phi: 0.410351
traject_len: 5.11951
pe_len: 0.516136 cs_len: 2.8877
---
front: 0, 1.51999, 2.5
side: 0, 0, 0
front only
else
else
front: 0.826482, 0, 2.5
side: 0, 0, 0
front only
front: 1.45828, 0.222941, 2.5
side: 0, 0, 0
front only
front: 0.148552, 0, 2.5
back: 0.445657, 0, 7.5
front back
photon_ene: 661.6 photon_theta: 0.25576 photon_phi: 4.94163
traject_len: 5.00882
pe_len: 10.3977 cs_len: 2.47533
---
else
else
else
else
else
front: 0.847485, 0, 2.5
side: 0, 0, 0
front only
else
else
else
else
else
else
else
else
else
front: 0, 0.0877637, 2.5
back: 0, 0.263291, 7.5
front back
photon_ene: 661.6 photon_theta: 3.0401 photon_phi: 5.93128
traject_len: 5.00308
pe_len: 41.0889 cs_len: 5.52778
---
front: 0, 1.06148, 2.5
side: 0, 0, 0
front only
else
front: 1.87425, 0.374618, 2.5
side: 0, 0, 0
front only
else
front: 0.744817, 0.4615, 2.5
side: 0, 0, 0
front only
front: 0, 0, 2.5
side: 0, 0, 0
front only
front: 1.10606, 0, 2.5
side: 0, 0, 0
front only
else
else
else
front: 0.942241, 0, 2.5
side: 0, 0, 0
front only
front: 1.35812, 0, 2.5
side: 0, 0, 0
front only
else
else
else
front: 0, 0, 2.5
side: 0, 0, 0
front only
else
front: 1.86245, 1.62988, 2.5
side: 0, 0, 0
front only
front: 0, 0.930454, 2.5
side: 0, 0, 0
front only
else
else
else
else
front: 1.22854, 0, 2.5
side: 0, 0, 0
front only
front: 0, 1.01369, 2.5
side: 0, 0, 0
front only
else
else
else
else
front: 0, 0, 2.5
side: 0, 0, 0
front only
else
front: 1.19914, 2.12746, 2.5
side: 0, 0, 0
front only
front: 0, 0, 2.5
side: 0, 0, 0
front only
else
else
else
else
front: 0, 0, 2.5
side: 0, 0, 0
front only
else
else
else
else
front: 0, 2.28653, 2.5
side: 0, 0, 0
front only
else
else
else
else
front: 1.55713, 0.960791, 2.5
side: 0, 0, 0
front only
front: 0, 0, 2.5
side: 0, 0, 0
front only
else
else
else
front: 1.61654, 0, 2.5
side: 0, 0, 0
front only
else
else
else
else
front: 0, 0.0527355, 2.5
side: 0, 0, 0
front only
else
else
else
else
front: 0, 0.118117, 2.5
side: 0, 0, 0
front only
else
else
else
else
front: 0, 0, 2.5
side: 0, 0, 0
front only
front: 0, 0, 2.5
side: 0, 0, 0
front only
front: 0, 1.21427, 2.5
side: 0, 0, 0
front only
else
else
else
else
else
else
else
else
else
else
else
front: 1.94118, 0, 2.5
side: 0, 0, 0
front only
front: 1.31445, 0, 2.5
side: 0, 0, 0
front only
else
else
front: 1.32984, 0.738076, 2.5
side: 0, 0, 0
front only
else
else
front: 1.529, 1.03356, 2.5
side: 0, 0, 0
front only
else
front: 1.51015, 0, 2.5
side: 0, 0, 0
front only
front: 0.328381, 0.61422, 2.5
back: 0.985143, 1.84266, 7.5
front back
photon_ene: 661.6 photon_theta: 0.271707 photon_phi: 1.07983
traject_len: 5.19041
pe_len: 60.2085 cs_len: 1.57793
---
else
front: 1.1603, 0, 2.5
side: 0, 0, 0
front only
front: 1.97956, 0, 2.5
side: 0, 0, 0
front only
else
else
front: 0, 0.0229713, 2.5
side: 0, 0, 0
front only
else
else
else
front: 0, 2.23372, 2.5
side: 0, 0, 0
front only
else
front: 0, 2.15818, 2.5
side: 0, 0, 0
front only
else
else
else
else
else
else
front: 0, 0, 2.5
back: 0, 0, 7.5
front back
photon_ene: 661.6 photon_theta: 0.148547 photon_phi: 3.57241
traject_len: 5
pe_len: 81.5184 cs_len: 0.0459524
---
else
front: 0, 1.53881, 2.5
side: 0, 0, 0
front only
else
front: 1.36612, 0, 2.5
side: 0, 0, 0
front only
else
else
front: 1.47918, 0, 2.5
side: 0, 0, 0
front only
front: 0, 1.89808, 2.5
side: 0, 0, 0
front only
front: 1.89397, 0, 2.5
side: 0, 0, 0
front only
front: 0, 0, 2.5
side: 0, 0, 0
front only
else
front: 0, 0, 2.5
side: 0, 0, 0
front only
else
front: 0.587984, 0, 2.5
side: 0, 0, 0
front only
front: 0.631945, 1.89863, 2.5
side: 0, 0, 0
front only
front: 0.535529, 0.643879, 2.5
side: 0, 0, 0
front only
else
else
else
front: 0, 0.898484, 2.5
side: 0, 0, 0
front only
front: 0.544117, 0.209021, 2.5
back: 1.63235, 0.627062, 7.5
front back
photon_ene: 661.6 photon_theta: 2.91253 photon_phi: 3.50836
traject_len: 5.1341
pe_len: 9.73568 cs_len: 12.4092
---
else
front: 0.837077, 0.476868, 2.5
side: 0, 0, 0
front only
else
else
else
front: 0.199032, 0, 2.5
side: 0, 0, 0
front only
front: 0, 0.324445, 2.5
side: 0, 0, 0
front only
front: 0, 0.710651, 2.5
side: 0, 0, 0
front only
else
else
else
front: 0, 0, 2.5
side: 0, 0, 0
front only
else
else
else
else
front: 1.97593, 0.331862, 2.5
side: 0, 0, 0
front only
else
else
else
else
else
else
front: 0, 0.489214, 2.5
back: 0, 1.46764, 7.5
front back
photon_ene: 661.6 photon_theta: 2.84073 photon_phi: 5.60078
traject_len: 5.09483
pe_len: 18.7559 cs_len: 0.74907
---
else
front: 0, 1.23081, 2.5
side: 0, 0, 0
front only
else
front: 0, 1.00017, 2.5
side: 0, 0, 0
front only
else
else
else
else
else
front: 0.267115, 0.341562, 2.5
back: 0.801345, 1.02469, 7.5
front back
photon_ene: 661.6 photon_theta: 2.96986 photon_phi: 4.0487
traject_len: 5.07465
pe_len: 32.8076 cs_len: 1.98716
---
else
else
else
else
front: 1.48046, 0.34045, 2.5
side: 0, 0, 0
front only
else
else
else
front: 0, 0, 2.5
side: 0, 0, 0
front only
else
else
else
front: 1.07256, 1.1386, 2.5
side: 0, 0, 0
front only
else
front: 0, 0, 2.5
side: 0, 0, 0
front only
else
else
else
else
else
else
front: 0, 0.208905, 2.5
back: 0, 0.626715, 7.5
front back
photon_ene: 661.6 photon_theta: 2.92987 photon_phi: 5.88389
traject_len: 5.01743
pe_len: 28.3062 cs_len: 7.12244
---
else
else
front: 1.31675, 0.698451, 2.5
side: 0, 0, 0
front only
front: 1.6507, 0, 2.5
side: 0, 0, 0
front only
else
else
front: 0.61403, 0, 2.5
side: 0, 0, 0
front only
else
else
else
front: 0, 1.08306, 2.5
side: 0, 0, 0
front only
else
else
else
front: 0, 0, 2.5
side: 0, 0, 0
front only
front: 0.904232, 0, 2.5
side: 0, 0, 0
front only
else
else
else
front: 0, 0.718493, 2.5
side: 0, 0, 0
front only
front: 0, 0.189012, 2.5
back: 0, 0.567037, 7.5
front back
photon_ene: 661.6 photon_theta: 2.8367 photon_phi: 6.04057
traject_len: 5.01427
pe_len: 20.389 cs_len: 2.22798
---
else
else
else
else
else
front: 1.03622, 1.11182, 2.5
side: 0, 0, 0
front only
else
front: 0.502883, 0, 2.5
side: 0, 0, 0
front only
else
front: 0, 0.249523, 2.5
side: 0, 0, 0
front only
else
front: 0, 0.391559, 2.5
side: 0, 0, 0
front only
else
else
else
else
front: 0, 0.789988, 2.5
side: 0, 0, 0
front only
else
else
front: 0, 1.2398, 2.5
side: 0, 0, 0
front only
else
else
front: 0.00781043, 0.841953, 2.5
side: 0, 0, 0
front only
else
else
else
else
else
else
else
else
front: 0, 1.62328, 2.5
side: 0, 0, 0
front only
else
else
front: 0.209042, 1.71173, 2.5
side: 0, 0, 0
front only
front: 0, 0.249511, 2.5
back: 0, 0.748532, 7.5
front back
photon_ene: 661.6 photon_theta: 2.93865 photon_phi: 5.77681
traject_len: 5.02484
pe_len: 0.400006 cs_len: 0.766688
---
else
front: 0.387125, 0, 2.5
side: 0, 0, 0
front only
else
else
else
else
front: 0, 1.33202, 2.5
side: 0, 0, 0
front only
else
else
front: 0.922032, 0.187646, 2.5
side: 0, 0, 0
front only
else
else
else
else
else
else
front: 0, 0, 2.5
side: 0, 0, 0
front only
front: 0.683873, 0.326327, 2.5
back: 2.05162, 0.97898, 7.5
front back
photon_ene: 661.6 photon_theta: 0.294295 photon_phi: 0.445221
traject_len: 5.22462
pe_len: 8.6127 cs_len: 4.20959
---
front: 1.10285, 0, 2.5
side: 0, 0, 0
front only
else
front: 0, 0, 2.5
side: 0, 0, 0
front only
front: 2.20198, 0, 2.5
side: 0, 0, 0
front only
else
else
else
front: 0.745882, 1.83029, 2.5
side: 0, 0, 0
front only
else
else
else
else
front: 1.73801, 0.615745, 2.5
side: 0, 0, 0
front only
else
else
else
else
front: 0, 0, 2.5
side: 0, 0, 0
front only
front: 0.0688808, 1.2928, 2.5
side: 0, 0, 0
front only
else
else
else
else
else
front: 0, 0.0177985, 2.5
side: 0, 0, 0
front only
front: 0, 0.307916, 2.5
back: 0, 0.923749, 7.5
front back
photon_ene: 661.6 photon_theta: 2.92127 photon_phi: 5.70087
traject_len: 5.03778
pe_len: 5.98472 cs_len: 1.97068
---
else
else
else
else
else
else
else
front: 0.465645, 0.426643, 2.5
back: 1.39693, 1.27993, 7.5
front back
photon_ene: 661.6 photon_theta: 2.89415 photon_phi: 3.88331
traject_len: 5.15707
pe_len: 27.1044 cs_len: 1.73071
---
else
front: 1.1116, 0, 2.5
side: 0, 0, 0
front only
front: 0.214254, 0, 2.5
back: 0.642763, 0, 7.5
front back
photon_ene: 661.6 photon_theta: 0.151214 photon_phi: 5.30971
traject_len: 5.01833
pe_len: 6.76903 cs_len: 2.80057
---
else
else
else
else
else
else
else
else
else
else
else
else
front: 1.24471, 0, 2.5
side: 0, 0, 0
front only
else
else
front: 0, 0.0838547, 2.5
side: 0, 0, 0
front only
else
else
else
else
else
else
else
else
front: 1.90853, 1.35882, 2.5
side: 0, 0, 0
front only
else
else
else
else
else
else
else
else
else
front: 0, 0.167367, 2.5
back: 0, 0.5021, 7.5
front back
photon_ene: 661.6 photon_theta: 0.164892 photon_phi: 2.72755
traject_len: 5.01119
pe_len: 31.1122 cs_len: 13.5586
---
else
front: 0, 1.955, 2.5
side: 0, 0, 0
front only
else
else
front: 0.462197, 0, 2.5
side: 0, 0, 0
front only
else
else
else
front: 1.45161, 0, 2.5
side: 0, 0, 0
front only
front: 0, 0.147846, 2.5
side: 0, 0, 0
front only
else
else
front: 0, 0, 2.5
side: 0, 0, 0
front only
else
else
else
else
else
front: 0.228662, 0, 2.5
side: 0, 0, 0
front only
else
else
else
front: 0, 0, 2.5
side: 0, 0, 0
front only
else
else
else
else
else
else
front: 0.814672, 0, 2.5
side: 0, 0, 0
front only
else
else
else
else
else
else
else
else
else
front: 2.01218, 1.22469, 2.5
side: 0, 0, 0
front only
else
else
else
front: 1.23623, 0, 2.5
side: 0, 0, 0
front only
else
front: 0, 0, 2.5
side: 0, 0, 0
front only
else
else
else
else
else
else
else
else
else
front: 0.595652, 2.37364, 2.5
side: 0, 0, 0
front only
else
front: 0.877491, 0, 2.5
side: 0, 0, 0
front only
front: 1.01607, 2.19115, 2.5
side: 0, 0, 0
front only
else
front: 0, 1.81397, 2.5
side: 0, 0, 0
front only
front: 0.250254, 0.919265, 2.5
side: 0, 0, 0
front only
else
else
else
else
else
front: 0, 0, 2.5
back: 0, 0, 7.5
front back
photon_ene: 661.6 photon_theta: 0.250045 photon_phi: 4.36227
traject_len: 5
pe_len: 4.92193 cs_len: 6.99868
---
else
front: 0.620832, 1.5225, 2.5
side: 0, 0, 0
front only
else
else
else
else
front: 1.39727, 0, 2.5
side: 0, 0, 0
front only
front: 0, 0, 2.5
side: 0, 0, 0
front only
else
else
front: 1.39137, 0.538351, 2.5
side: 0, 0, 0
front only
else
else
else
front: 0, 0.769696, 2.5
side: 0, 0, 0
front only
front: 0.847996, 0.38943, 2.5
side: 0, 0, 0
front only
else
else
front: 0, 0.55781, 2.5
side: 0, 0, 0
front only
front: 0, 0.325122, 2.5
side: 0, 0, 0
front only
else
front: 0, 1.23776, 2.5
side: 0, 0, 0
front only
else
else
front: 0, 0.168763, 2.5
side: 0, 0, 0
front only
else
else
front: 2.19276, 0, 2.5
side: 0, 0, 0
front only
front: 2.03487, 0, 2.5
side: 0, 0, 0
front only
else
else
front: 0, 0, 2.5
side: 0, 0, 0
front only
else
else
else
else
else
front: 0.601893, 0, 2.5
back: 1.80568, 0, 7.5
front back
photon_ene: 661.6 photon_theta: 0.275377 photon_phi: 5.73231
traject_len: 5.14287
pe_len: 5.02091 cs_len: 11.3964
---
front: 0, 0, 2.5
side: 0, 0, 0
front only
else
else
front: 0.107886, 0.550404, 2.5
back: 0.323657, 1.65121, 7.5
front back
photon_ene: 661.6 photon_theta: 0.220697 photon_phi: 1.37724
traject_len: 5.12429
pe_len: 4.54856 cs_len: 3.25869
---
front: 0, 0, 2.5
side: 0, 0, 0
front only
else
else
front: 0, 2.03639, 2.5
side: 0, 0, 0
front only
front: 0.984381, 1.46179, 2.5
side: 0, 0, 0
front only
else
else
front: 0.865564, 0, 2.5
side: 0, 0, 0
front only
else
front: 0, 0, 2.5
side: 0, 0, 0
front only
else
else
else
front: 1.7114, 1.67005, 2.5
side: 0, 0, 0
front only
else
else
else
else
front: 0, 1.4727, 2.5
side: 0, 0, 0
front only
else
else
else
else
else
else
front: 0, 1.38764, 2.5
side: 0, 0, 0
front only
front: 0.647213, 0, 2.5
back: 1.94164, 0, 7.5
front back
photon_ene: 661.6 photon_theta: 0.276123 photon_phi: 5.8645
traject_len: 5.16484
pe_len: 17.2195 cs_len: 1.12814
---
else
else
else
front: 0.946769, 0, 2.5
side: 0, 0, 0
front only
else
front: 1.20637, 0.554527, 2.5
side: 0, 0, 0
front only
else
else
else
else
else
front: 0.198268, 0, 2.5
back: 0.594804, 0, 7.5
front back
photon_ene: 661.6 photon_theta: 0.301893 photon_phi: 4.9699
traject_len: 5.0157
pe_len: 18.3933 cs_len: 4.21078
---
front: 1.24834, 0, 2.5
side: 0, 0, 0
front only
front: 1.58304, 0.915459, 2.5
side: 0, 0, 0
front only
front: 0.0710872, 0, 2.5
back: 0.213262, 0, 7.5
front back
photon_ene: 661.6 photon_theta: 0.0483111 photon_phi: 5.34112
traject_len: 5.00202
pe_len: 37.8136 cs_len: 3.27643
---
else
front: 0.146128, 0, 2.5
side: 0, 0, 0
front only
else
else
front: 0, 0.842793, 2.5
side: 0, 0, 0
front only
else
else
else
front: 0, 0, 2.5
side: 0, 0, 0
front only
else
front: 0, 0, 2.5
side: 0, 0, 0
front only
else
else
else
front: 0.186504, 0, 2.5
back: 0.559513, 0, 7.5
front back
photon_ene: 661.6 photon_theta: 3.06485 photon_phi: 2.89679
traject_len: 5.01389
pe_len: 0.229793 cs_len: 2.88413
---
front: 0, 0.806573, 2.5
side: 0, 0, 0
front only
else
front: 0, 1.69334, 2.5
side: 0, 0, 0
front only
else
else
front: 0.57919, 0, 2.5
side: 0, 0, 0
front only
else
else
else
else
else
else
front: 1.19071, 1.00449, 2.5
side: 0, 0, 0
front only
front: 0, 0.93578, 2.5
side: 0, 0, 0
front only
front: 1.87725, 1.3026, 2.5
side: 0, 0, 0
front only
else
front: 0.0466615, 1.31918, 2.5
side: 0, 0, 0
front only
else
else
else
else
else
else
else
front: 0.934009, 1.84903, 2.5
side: 0, 0, 0
front only
else
else
front: 0, 1.11461, 2.5
side: 0, 0, 0
front only
front: 0, 0, 2.5
side: 0, 0, 0
front only
else
else
front: 0, 0.954761, 2.5
side: 0, 0, 0
front only
front: 0.429056, 0, 2.5
side: 0, 0, 0
front only
front: 1.33689, 0, 2.5
side: 0, 0, 0
front only
else
else
else
else
else
else
front: 0, 0, 2.5
side: 0, 0, 0
front only
front: 0, 0, 2.5
side: 0, 0, 0
front only
else
else
front: 0.535431, 1.04989, 2.5
side: 0, 0, 0
front only
front: 0, 0.882567, 2.5
side: 0, 0, 0
front only
else
else
else
else
front: 0, 0, 2.5
back: 0, 0, 7.5
front back
photon_ene: 661.6 photon_theta: 2.8576 photon_phi: 0.846799
traject_len: 5
pe_len: 55.6125 cs_len: 1.52592
---
front: 0.456175, 0.136506, 2.5
back: 1.36852, 0.409517, 7.5
front back
photon_ene: 661.6 photon_theta: 2.95338 photon_phi: 3.43235
traject_len: 5.08988
pe_len: 58.5946 cs_len: 4.80073
---
front: 0, 0, 2.5
side: 0, 0, 0
front only
else
front: 0, 0.448263, 2.5
side: 0, 0, 0
front only
else
front: 0, 1.43197, 2.5
side: 0, 0, 0
front only
else
else
front: 0, 0, 2.5
side: 0, 0, 0
front only
else
front: 1.13913, 0.716297, 2.5
side: 0, 0, 0
front only
else
else
else
front: 0.46981, 1.20588, 2.5
side: 0, 0, 0
front only
front: 0.166577, 0, 2.5
side: 0, 0, 0
front only
else
else
else
front: 0, 0, 2.5
side: 0, 0, 0
front only
else
else
else
else
else
else
front: 0.102175, 0, 2.5
side: 0, 0, 0
front only
front: 0.745676, 0, 2.5
side: 0, 0, 0
front only
else
front: 0, 0, 2.5
side: 0, 0, 0
front only
else
front: 0, 0.821349, 2.5
side: 0, 0, 0
front only
else
else
front: 0, 0.11747, 2.5
back: 0, 0.352409, 7.5
front back
photon_ene: 661.6 photon_theta: 2.85872 photon_phi: 6.12082
traject_len: 5.00552
pe_len: 7.82291 cs_len: 2.19033
---
front: 0.96764, 0, 2.5
side: 0, 0, 0
front only
else
front: 0, 1.65999, 2.5
side: 0, 0, 0
front only
else
else
else
front: 0, 0.20876, 2.5
side: 0, 0, 0
front only
front: 0, 0.604101, 2.5
side: 0, 0, 0
front only
else
front: 0, 0.782755, 2.5
side: 0, 0, 0
front only
front: 0, 0, 2.5
side: 0, 0, 0
front only
else
else
front: 2.39061, 0.411453, 2.5
side: 0, 0, 0
front only
else
else
front: 0, 1.03753, 2.5
side: 0, 0, 0
front only
else
else
else
else
else
else
else
else
front: 0.41759, 1.48229, 2.5
side: 0, 0, 0
front only
else
else
front: 1.39243, 0.507227, 2.5
side: 0, 0, 0
front only
else
else
front: 0, 0.763186, 2.5
side: 0, 0, 0
front only
else
else
else
front: 0.559785, 0.913464, 2.5
side: 0, 0, 0
front only
front: 1.7173, 0, 2.5
side: 0, 0, 0
front only
else
front: 0, 0, 2.5
side: 0, 0, 0
front only
else
else
else
else
else
else
else
front: 0, 1.55838, 2.5
side: 0, 0, 0
front only
front: 0, 0, 2.5
side: 0, 0, 0
front only
else
else
front: 1.12616, 2.20793, 2.5
side: 0, 0, 0
front only
else
else
front: 0.688907, 0.158286, 2.5
back: 2.06672, 0.474857, 7.5
front back
photon_ene: 661.6 photon_theta: 2.86604 photon_phi: 3.36744
traject_len: 5.19602
pe_len: 112.889 cs_len: 4.93185
---
else
front: 1.47368, 0, 2.5
side: 0, 0, 0
front only
else
else
else
else
else
front: 0.311545, 0.0861587, 2.5
back: 0.934636, 0.258476, 7.5
front back
photon_ene: 661.6 photon_theta: 3.01301 photon_phi: 3.4114
traject_len: 5.04162
pe_len: 55.9789 cs_len: 3.03181
---
front: 1.75959, 0.901952, 2.5
side: 0, 0, 0
front only
front: 0, 0, 2.5
side: 0, 0, 0
front only
else
front: 1.44088, 0.875498, 2.5
side: 0, 0, 0
front only
else
else
front: 0, 0, 2.5
side: 0, 0, 0
front only
else
else
else
else
else
front: 0, 0, 2.5
side: 0, 0, 0
front only
front: 0.226669, 0.569119, 2.5
back: 0.680007, 1.70736, 7.5
front back
photon_ene: 661.6 photon_theta: 2.90129 photon_phi: 4.33337
traject_len: 5.14792
pe_len: 2.77313 cs_len: 1.35383
---
else
else
front: 0, 0.139996, 2.5
back: 0, 0.419989, 7.5
front back
photon_ene: 661.6 photon_theta: 2.98207 photon_phi: 5.92769
traject_len: 5.00783
pe_len: 10.1857 cs_len: 10.6496
---
else
front: 0, 0, 2.5
back: 0, 0, 7.5
front back
photon_ene: 661.6 photon_theta: 0.0789027 photon_phi: 3.21022
traject_len: 5
pe_len: 35.2019 cs_len: 11.1187
---
else
else
else
else
else
else
front: 0, 1.30718, 2.5
side: 0, 0, 0
front only
else
front: 0, 1.07628, 2.5
side: 0, 0, 0
front only
else
front: 1.58369, 0, 2.5
side: 0, 0, 0
front only
else
else
front: 0, 0.669637, 2.5
back: 0, 2.00891, 7.5
front back
photon_ene: 661.6 photon_theta: 2.87596 photon_phi: 4.88853
traject_len: 5.17626
pe_len: 44.5319 cs_len: 3.17456
---
else
else
front: 0, 0, 2.5
side: 0, 0, 0
front only
else
front: 0, 0, 2.5
back: 0, 0, 7.5
front back
photon_ene: 661.6 photon_theta: 0.298382 photon_phi: 4.66818
traject_len: 5
pe_len: 88.777 cs_len: 0.444109
---
else
front: 0.632605, 0, 2.5
back: 1.89781, 0, 7.5
front back
photon_ene: 661.6 photon_theta: 2.84611 photon_phi: 2.55224
traject_len: 5.15759
pe_len: 20.0999 cs_len: 4.88661
---
else
else
else
else
else
else
else
front: 0, 0, 2.5
side: 0, 0, 0
front only
else
front: 0, 0.235161, 2.5
back: 0, 0.705483, 7.5
front back
photon_ene: 661.6 photon_theta: 0.294499 photon_phi: 2.82628
traject_len: 5.02207
pe_len: 11.3117 cs_len: 11.9415
---
else
front: 0, 0.664752, 2.5
side: 0, 0, 0
front only
else
else
else
else
else
else
else
front: 2.04868, 0.299115, 2.5
side: 0, 0, 0
front only
front: 0, 0, 2.5
side: 0, 0, 0
front only
else
else
else
else
front: 0.961711, 0.993358, 2.5
side: 0, 0, 0
front only
else
else
front: 0.305237, 0.911384, 2.5
side: 0, 0, 0
front only
else
else
front: 0, 2.16044, 2.5
side: 0, 0, 0
front only
front: 1.27567, 0.909703, 2.5
side: 0, 0, 0
front only
else
else
front: 1.87132, 1.477, 2.5
side: 0, 0, 0
front only
front: 0.471081, 0, 2.5
side: 0, 0, 0
front only
else
else
front: 0.870891, 1.02027, 2.5
side: 0, 0, 0
front only
else
front: 0, 0, 2.5
side: 0, 0, 0
front only
else
else
front: 0.124405, 0.472963, 2.5
back: 0.373216, 1.41889, 7.5
front back
photon_ene: 661.6 photon_theta: 2.94841 photon_phi: 4.45518
traject_len: 5.09477
pe_len: 105.658 cs_len: 6.33542
---
else
else
else
front: 0, 0.108218, 2.5
back: 0, 0.324654, 7.5
front back
photon_ene: 661.6 photon_theta: 2.85223 photon_phi: 6.13727
traject_len: 5.00468
pe_len: 42.1091 cs_len: 1.13855
---
front: 0.415722, 0.65615, 2.5
back: 1.24717, 1.96845, 7.5
front back
photon_ene: 661.6 photon_theta: 0.301248 photon_phi: 1.00605
traject_len: 5.23578
pe_len: 8.80109 cs_len: 5.48746
---
else
else
else
else
front: 0.312441, 0, 2.5
back: 0.937323, 0, 7.5
front back
photon_ene: 661.6 photon_theta: 0.172103 photon_phi: 5.51473
traject_len: 5.0389
pe_len: 26.3008 cs_len: 8.70374
---
else
else
else
front: 0.0449883, 0.331037, 2.5
back: 0.134965, 0.993111, 7.5
front back
photon_ene: 661.6 photon_theta: 0.132845 photon_phi: 1.43572
traject_len: 5.04445
pe_len: 19.1835 cs_len: 5.69294
---
else
front: 2.01588, 1.44752, 2.5
side: 0, 0, 0
front only
else
front: 0, 0, 2.5
back: 0, 0, 7.5
front back
photon_ene: 661.6 photon_theta: 0.279847 photon_phi: 3.776
traject_len: 5
pe_len: 17.2628 cs_len: 9.16296
---
else
front: 0.460764, 1.09401, 2.5
side: 0, 0, 0
front only
else
else
front: 0, 1.70392, 2.5
side: 0, 0, 0
front only
else
else
front: 1.32855, 0, 2.5
side: 0, 0, 0
front only
else
else
else
front: 0, 0, 2.5
side: 0, 0, 0
front only
else
front: 1.07632, 0.531425, 2.5
side: 0, 0, 0
front only
else
front: 0, 0, 2.5
side: 0, 0, 0
front only
else
else
else
front: 0.684373, 0.0695847, 2.5
back: 2.05312, 0.208754, 7.5
front back
photon_ene: 661.6 photon_theta: 0.268516 photon_phi: 0.101328
traject_len: 5.18583
pe_len: 6.57162 cs_len: 5.78279
---
else
front: 0, 0.50523, 2.5
side: 0, 0, 0
front only
else
else
else
else
else
else
else
else
front: 0, 0.249472, 2.5
side: 0, 0, 0
front only
else
else
else
else
front: 0.692226, 0, 2.5
side: 0, 0, 0
front only
front: 0, 0.517236, 2.5
side: 0, 0, 0
front only
else
else
else
front: 0, 0, 2.5
side: 0, 0, 0
front only
else
else
else
else
else
front: 1.05481, 0, 2.5
side: 0, 0, 0
front only
else
else
front: 0, 0, 2.5
side: 0, 0, 0
front only
front: 0, 0, 2.5
side: 0, 0, 0
front only
else
front: 0, 1.18949, 2.5
side: 0, 0, 0
front only
front: 1.03769, 0, 2.5
side: 0, 0, 0
front only
else
else
front: 0, 0, 2.5
side: 0, 0, 0
front only
front: 0, 0, 2.5
back: 0, 0, 7.5
front back
photon_ene: 661.6 photon_theta: 0.197099 photon_phi: 3.40223
traject_len: 5
pe_len: 78.4445 cs_len: 1.31489
---
else
else
front: 0, 2.28495, 2.5
side: 0, 0, 0
front only
else
front: 0, 0, 2.5
side: 0, 0, 0
front only
else
else
front: 0, 0, 2.5
side: 0, 0, 0
front only
front: 0.497452, 1.09237, 2.5
side: 0, 0, 0
front only
front: 0, 0, 2.5
side: 0, 0, 0
front only
front: 0.837305, 0, 2.5
side: 0, 0, 0
front only
else
else
front: 0.352333, 0, 2.5
side: 0, 0, 0
front only
front: 0, 0.0600662, 2.5
back: 0, 0.180199, 7.5
front back
photon_ene: 661.6 photon_theta: 3.1113 photon_phi: 5.36776
traject_len: 5.00144
pe_len: 4.97247 cs_len: 5.31386
---
front: 0, 0.322866, 2.5
back: 0, 0.968599, 7.5
front back
photon_ene: 661.6 photon_theta: 0.225256 photon_phi: 2.54285
traject_len: 5.04152
pe_len: 8.04936 cs_len: 1.27326
---
else
front: 1.03209, 0, 2.5
side: 0, 0, 0
front only
else
front: 0, 0, 2.5
side: 0, 0, 0
front only
else
else
front: 0, 0.0682706, 2.5
side: 0, 0, 0
front only
front: 1.68399, 0.776026, 2.5
side: 0, 0, 0
front only
else
else
else
else
front: 0, 0, 2.5
back: 0, 0, 7.5
front back
photon_ene: 661.6 photon_theta: 2.88118 photon_phi: 0.833227
traject_len: 5
pe_len: 9.94012 cs_len: 7.78063
---
else
front: 1.5245, 0.547085, 2.5
side: 0, 0, 0
front only
else
else
else
else
else
else
else
else
front: 0.791118, 0, 2.5
side: 0, 0, 0
front only
else
else
else
else
else
else
else
else
else
else
else
front: 0, 0, 2.5
side: 0, 0, 0
front only
front: 0, 0, 2.5
side: 0, 0, 0
front only
else
else
else
else
front: 0, 0, 2.5
side: 0, 0, 0
front only
else
else
else
else
else
else
else
else
front: 0, 1.12277, 2.5
side: 0, 0, 0
front only
front: 0.57698, 0.691358, 2.5
side: 0, 0, 0
front only
else
else
front: 0, 0, 2.5
back: 0, 0, 7.5
front back
photon_ene: 661.6 photon_theta: 3.06712 photon_phi: 0.944834
traject_len: 5
pe_len: 24.5881 cs_len: 1.0155
---
else
front: 0, 0, 2.5
side: 0, 0, 0
front only
front: 0, 0, 2.5
side: 0, 0, 0
front only
else
else
else
else
else
front: 1.22335, 0.612804, 2.5
side: 0, 0, 0
front only
else
else
else
else
else
else
else
front: 0, 1.40836, 2.5
side: 0, 0, 0
front only
else
front: 0, 1.49543, 2.5
side: 0, 0, 0
front only
else
front: 0, 0, 2.5
back: 0, 0, 7.5
front back
photon_ene: 661.6 photon_theta: 0.102508 photon_phi: 4.32807
traject_len: 5
pe_len: 31.1944 cs_len: 1.63755
---
else
else
front: 0, 0, 2.5
side: 0, 0, 0
front only
else
else
else
else
else
else
front: 1.32821, 0.258062, 2.5
side: 0, 0, 0
front only
else
else
else
else
else
else
else
else
else
else
else
front: 1.34685, 0, 2.5
side: 0, 0, 0
front only
else
else
else
front: 0, 0, 2.5
side: 0, 0, 0
front only
else
else
else
else
else
front: 0.357637, 1.82186, 2.5
side: 0, 0, 0
front only
else
else
else
else
else
else
front: 0, 0, 2.5
side: 0, 0, 0
front only
front: 0, 0.0722172, 2.5
side: 0, 0, 0
front only
else
else
else
else
front: 0.979855, 0, 2.5
side: 0, 0, 0
front only
else
else
else
front: 1.06088, 0, 2.5
side: 0, 0, 0
front only
else
else
else
else
front: 0.635936, 0, 2.5
side: 0, 0, 0
front only
else
else
front: 0.798116, 0.981169, 2.5
side: 0, 0, 0
front only
else
else
else
else
else
else
front: 0, 1.26874, 2.5
side: 0, 0, 0
front only
front: 1.35975, 0.873523, 2.5
side: 0, 0, 0
front only
front: 0, 0, 2.5
side: 0, 0, 0
front only
else
front: 0, 0, 2.5
back: 0, 0, 7.5
front back
photon_ene: 661.6 photon_theta: 3.03929 photon_phi: 1.43706
traject_len: 5
pe_len: 8.52343 cs_len: 1.55666
---
front: 0.988867, 0, 2.5
side: 0, 0, 0
front only
else
else
else
front: 0, 1.75461, 2.5
side: 0, 0, 0
front only
else
else
else
else
else
else
else
front: 0, 0, 2.5
side: 0, 0, 0
front only
else
else
else
else
else
else
else
else
else
else
else
else
else
front: 0, 1.01895, 2.5
side: 0, 0, 0
front only
else
else
front: 0, 0, 2.5
side: 0, 0, 0
front only
else
front: 0.954507, 0, 2.5
side: 0, 0, 0
front only
else
else
else
else
front: 0, 0, 2.5
side: 0, 0, 0
front only
front: 0, 1.07572, 2.5
side: 0, 0, 0
front only
front: 0, 0.441635, 2.5
back: 0, 1.3249, 7.5
front back
photon_ene: 661.6 photon_theta: 0.305185 photon_phi: 2.54629
traject_len: 5.07742
pe_len: 23.1696 cs_len: 7.56999
---
front: 0, 0, 2.5
side: 0, 0, 0
front only
front: 0, 0.0723173, 2.5
back: 0, 0.216952, 7.5
front back
photon_ene: 661.6 photon_theta: 3.01118 photon_phi: 6.06081
traject_len: 5.00209
pe_len: 2.94136 cs_len: 5.37103
---
else
front: 0, 0, 2.5
side: 0, 0, 0
front only
else
else
else
front: 0, 0, 2.5
side: 0, 0, 0
front only
else
else
else
else
else
front: 0.0258988, 1.12056, 2.5
side: 0, 0, 0
front only
else
front: 0, 0.198493, 2.5
back: 0, 0.595479, 7.5
front back
photon_ene: 661.6 photon_theta: 3.05357 photon_phi: 5.1641
traject_len: 5.01574
pe_len: 31.7067 cs_len: 3.53065
---
else
else
front: 0, 0, 2.5
side: 0, 0, 0
front only
else
else
front: 1.77009, 0.879459, 2.5
side: 0, 0, 0
front only
front: 0, 0, 2.5
side: 0, 0, 0
front only
else
front: 1.08246, 0, 2.5
side: 0, 0, 0
front only
else
else
else
else
else
front: 0.0539173, 2.27939, 2.5
side: 0, 0, 0
front only
else
else
else
front: 1.08656, 0, 2.5
side: 0, 0, 0
front only
else
else
else
else
front: 0, 0, 2.5
side: 0, 0, 0
front only
else
else
else
else
front: 0, 0, 2.5
back: 0, 0, 7.5
front back
photon_ene: 661.6 photon_theta: 0.21764 photon_phi: 4.41651
traject_len: 5
pe_len: 18.2736 cs_len: 4.45313
---
else
else
front: 2.42289, 0.182676, 2.5
side: 0, 0, 0
front only
else
else
front: 0, 0.0110562, 2.5
back: 0, 0.0331686, 7.5
front back
photon_ene: 661.6 photon_theta: 2.95535 photon_phi: 6.25971
traject_len: 5.00005
pe_len: 1.59385 cs_len: 1.97555
---
else
else
else
else
else
else
else
else
front: 0.490597, 0, 2.5
back: 1.47179, 0, 7.5
front back
photon_ene: 661.6 photon_theta: 2.87247 photon_phi: 2.36241
traject_len: 5.09536
pe_len: 12.4769 cs_len: 5.47357
---
else
else
else
else
front: 0, 0, 2.5
side: 0, 0, 0
front only
else
else
else
else
else
else
else
else
else
else
front: 0, 0.631383, 2.5
side: 0, 0, 0
front only
else
front: 0, 0.352915, 2.5
back: 0, 1.05874, 7.5
front back
photon_ene: 661.6 photon_theta: 2.98346 photon_phi: 5.19615
traject_len: 5.04957
pe_len: 9.87184 cs_len: 3.27347
---
front: 0, 1.08587, 2.5
side: 0, 0, 0
front only
else
front: 0, 0.678036, 2.5
side: 0, 0, 0
front only
front: 0.1618, 0, 2.5
side: 0, 0, 0
front only
else
else
else
else
front: 2.25163, 0.947707, 2.5
side: 0, 0, 0
front only
else
else
else
else
else
else
else
else
front: 0, 0, 2.5
side: 0, 0, 0
front only
else
front: 0.187649, 0.536377, 2.5
back: 0.562946, 1.60913, 7.5
front back
photon_ene: 661.6 photon_theta: 2.91809 photon_phi: 4.37585
traject_len: 5.12754
pe_len: 10.8888 cs_len: 2.124
---
front: 0, 0.0481665, 2.5
back: 0, 0.1445, 7.5
front back
photon_ene: 661.6 photon_theta: 0.221483 photon_phi: 3.05593
traject_len: 5.00093
pe_len: 21.0643 cs_len: 3.9256
---
else
else
front: 0.0808607, 0, 2.5
back: 0.242582, 0, 7.5
front back
photon_ene: 661.6 photon_theta: 2.8991 photon_phi: 1.70193
traject_len: 5.00261
pe_len: 1.10959 cs_len: 7.02664
---
else
front: 0, 1.39415, 2.5
side: 0, 0, 0
front only
else
else
else
front: 0, 0, 2.5
side: 0, 0, 0
front only
else
front: 0, 0, 2.5
back: 0, 0, 7.5
front back
photon_ene: 661.6 photon_theta: 0.206277 photon_phi: 4.17169
traject_len: 5
pe_len: 146.933 cs_len: 11.2481
---
else
front: 0, 0.518142, 2.5
back: 0, 1.55443, 7.5
front back
photon_ene: 661.6 photon_theta: 0.29115 photon_phi: 2.37785
traject_len: 5.10626
pe_len: 5.38048 cs_len: 3.1631
---
else
else
else
else
else
else
front: 1.09483, 0, 2.5
side: 0, 0, 0
front only
else
else
else
else
else
front: 1.14065, 0, 2.5
side: 0, 0, 0
front only
else
front: 0.716194, 0.459421, 2.5
side: 0, 0, 0
front only
else
else
else
else
front: 0, 0.293478, 2.5
back: 0, 0.880433, 7.5
front back
photon_ene: 661.6 photon_theta: 2.99502 photon_phi: 5.36389
traject_len: 5.03433
pe_len: 83.497 cs_len: 5.20096
---
else
else
front: 0, 1.20868, 2.5
side: 0, 0, 0
front only
else
else
front: 0, 0, 2.5
side: 0, 0, 0
front only
front: 0.728477, 1.1869, 2.5
side: 0, 0, 0
front only
front: 0, 1.84369, 2.5
side: 0, 0, 0
front only
front: 0.785988, 0.148772, 2.5
back: 2.35796, 0.446316, 7.5
front back
photon_ene: 661.6 photon_theta: 2.83191 photon_phi: 3.32866
traject_len: 5.24973
pe_len: 73.9214 cs_len: 4.63918
---
else
front: 2.23275, 0, 2.5
side: 0, 0, 0
front only
else
else
else
else
else
front: 0, 0, 2.5
side: 0, 0, 0
front only
front: 0, 0, 2.5
side: 0, 0, 0
front only
else
else
else
else
else
else
else
else
front: 0, 0, 2.5
side: 0, 0, 0
front only
else
else
else
front: 1.26155, 0.712397, 2.5
side: 0, 0, 0
front only
else
else
else
else
else
else
else
else
front: 0.95728, 0.892436, 2.5
side: 0, 0, 0
front only
else
else
front: 1.23543, 0, 2.5
side: 0, 0, 0
front only
front: 0, 0, 2.5
side: 0, 0, 0
front only
else
else
else
else
else
else
else
else
else
else
else
else
else
else
front: 1.22003, 1.65311, 2.5
side: 0, 0, 0
front only
else
front: 0.754791, 2.37088, 2.5
side: 0, 0, 0
front only
else
else
else
front: 1.41084, 0, 2.5
side: 0, 0, 0
front only
else
else
else
else
front: 1.17322, 1.80882, 2.5
side: 0, 0, 0
front only
front: 0, 0, 2.5
side: 0, 0, 0
front only
else
else
else
else
front: 0, 1.18026, 2.5
side: 0, 0, 0
front only
front: 0, 2.12796, 2.5
side: 0, 0, 0
front only
else
else
front: 0, 0.717868, 2.5
side: 0, 0, 0
front only
else
front: 0, 0, 2.5
side: 0, 0, 0
front only
else
else
else
else
front: 0.815345, 2.01711, 2.5
side: 0, 0, 0
front only
front: 0, 1.78305, 2.5
side: 0, 0, 0
front only
front: 0, 0, 2.5
side: 0, 0, 0
front only
else
else
else
front: 0, 0.757827, 2.5
back: 0, 2.27348, 7.5
front back
photon_ene: 661.6 photon_theta: 2.82308 photon_phi: 5.11686
traject_len: 5.22467
pe_len: 18.026 cs_len: 2.54856
---
else
else
else
front: 0.0152104, 0.145672, 2.5
back: 0.0456312, 0.437016, 7.5
front back
photon_ene: 661.6 photon_theta: 0.0585187 photon_phi: 1.46676
traject_len: 5.00857
pe_len: 1.82791 cs_len: 0.00942997
---
else
front: 1.5239, 0.437372, 2.5
side: 0, 0, 0
front only
else
else
else
else
front: 0, 0, 2.5
side: 0, 0, 0
front only
else
else
else
else
else
else
else
else
else
front: 0, 1.06096, 2.5
side: 0, 0, 0
front only
else
front: 0.391368, 1.27468, 2.5
side: 0, 0, 0
front only
front: 0.110003, 1.46341, 2.5
side: 0, 0, 0
front only
front: 0.233768, 0, 2.5
back: 0.701303, 0, 7.5
front back
photon_ene: 661.6 photon_theta: 2.88039 photon_phi: 1.92816
traject_len: 5.02181
pe_len: 17.6569 cs_len: 3.72749
---
else
front: 0, 0, 2.5
side: 0, 0, 0
front only
else
else
else
front: 0.147447, 0, 2.5
back: 0.442342, 0, 7.5
front back
photon_ene: 661.6 photon_theta: 3.04384 photon_phi: 2.21605
traject_len: 5.00869
pe_len: 31.3468 cs_len: 1.20271
---
else
else
else
else
else
else
else
else
else
else
front: 1.0903, 0, 2.5
side: 0, 0, 0
front only
else
front: 0.758049, 0, 2.5
back: 2.27415, 0, 7.5
front back
photon_ene: 661.6 photon_theta: 0.313812 photon_phi: 5.91873
traject_len: 5.2248
pe_len: 28.4648 cs_len: 3.72406
---
else
else
else
else
else
front: 0, 0, 2.5
side: 0, 0, 0
front only
else
else
else
else
else
else
else
else
else
else
front: 0, 1.52982, 2.5
side: 0, 0, 0
front only
front: 0, 1.43437, 2.5
side: 0, 0, 0
front only
else
front: 0, 0, 2.5
side: 0, 0, 0
front only
front: 1.05113, 1.43483, 2.5
side: 0, 0, 0
front only
else
front: 1.47845, 0, 2.5
side: 0, 0, 0
front only
else
front: 1.28154, 0, 2.5
side: 0, 0, 0
front only
front: 1.67779, 0, 2.5
side: 0, 0, 0
front only
front: 0.869223, 0, 2.5
side: 0, 0, 0
front only
front: 1.31603, 0, 2.5
side: 0, 0, 0
front only
front: 0, 0, 2.5
side: 0, 0, 0
front only
else
else
else
front: 0, 0, 2.5
side: 0, 0, 0
front only
else
front: 2.02316, 0.677258, 2.5
side: 0, 0, 0
front only
front: 0.477747, 0, 2.5
side: 0, 0, 0
front only
else
else
front: 0, 1.38426, 2.5
side: 0, 0, 0
front only
front: 0.337217, 0, 2.5
back: 1.01165, 0, 7.5
front back
photon_ene: 661.6 photon_theta: 0.187032 photon_phi: 5.50583
traject_len: 5.04528
pe_len: 23.853 cs_len: 3.16012
---
else
else
front: 0, 0, 2.5
back: 0, 0, 7.5
front back
photon_ene: 661.6 photon_theta: 3.06396 photon_phi: 0.284824
traject_len: 5
pe_len: 0.211861 cs_len: 28.5103
---
else
else
else
else
else
else
front: 1.62563, 0, 2.5
side: 0, 0, 0
front only
else
else
front: 0.217802, 0, 2.5
back: 0.653405, 0, 7.5
front back
photon_ene: 661.6 photon_theta: 0.319604 photon_phi: 4.97877
traject_len: 5.01894
pe_len: 16.2013 cs_len: 6.33462
---
else
else
else
else
else
else
else
front: 0, 0, 2.5
side: 0, 0, 0
front only
else
else
front: 0, 0, 2.5
back: 0, 0, 7.5
front back
photon_ene: 661.6 photon_theta: 0.272193 photon_phi: 3.61475
traject_len: 5
pe_len: 144.4 cs_len: 0.769883
---
front: 0, 0, 2.5
side: 0, 0, 0
front only
else
else
else
else
front: 0, 0, 2.5
back: 0, 0, 7.5
front back
photon_ene: 661.6 photon_theta: 2.89954 photon_phi: 1.42937
traject_len: 5
pe_len: 3.19643 cs_len: 3.75945
---
else
else
else
else
else
front: 1.6509, 0, 2.5
side: 0, 0, 0
front only
else
else
else
else
front: 0, 0, 2.5
side: 0, 0, 0
front only
else
else
else
front: 0, 0, 2.5
side: 0, 0, 0
front only
else
front: 0, 0.565722, 2.5
back: 0, 1.69717, 7.5
front back
photon_ene: 661.6 photon_theta: 0.2371 photon_phi: 1.92922
traject_len: 5.12642
pe_len: 69.1735 cs_len: 0.90642
---
front: 1.7922, 0, 2.5
side: 0, 0, 0
front only
else
else
front: 0.206971, 0, 2.5
side: 0, 0, 0
front only
else
else
else
else
else
else
else
else
else
else
else
else
front: 0, 1.37005, 2.5
side: 0, 0, 0
front only
else
front: 0, 0, 2.5
side: 0, 0, 0
front only
front: 0, 0.653577, 2.5
side: 0, 0, 0
front only
else
else
front: 0, 1.53601, 2.5
side: 0, 0, 0
front only
front: 1.15855, 1.90329, 2.5
side: 0, 0, 0
front only
else
else
else
else
else
else
front: 0.719677, 0.715949, 2.5
side: 0, 0, 0
front only
else
else
else
else
else
else
else
front: 0, 0, 2.5
side: 0, 0, 0
front only
front: 1.71725, 0, 2.5
side: 0, 0, 0
front only
front: 0, 0.940907, 2.5
side: 0, 0, 0
front only
else
else
else
else
else
front: 0.20152, 0.235875, 2.5
back: 0.604559, 0.707625, 7.5
front back
photon_ene: 661.6 photon_theta: 3.01813 photon_phi: 4.00538
traject_len: 5.03835
pe_len: 27.1794 cs_len: 1.39749
---
else
else
else
else
else
else
else
else
else
else
else
else
front: 0.423214, 0, 2.5
side: 0, 0, 0
front only
else
else
else
front: 0, 0.266228, 2.5
side: 0, 0, 0
front only
else
else
else
else
else
else
else
else
else
else
else
front: 0, 0, 2.5
back: 0, 0, 7.5
front back
photon_ene: 661.6 photon_theta: 2.95368 photon_phi: 0.843595
traject_len: 5
pe_len: 54.1756 cs_len: 1.93978
---
else
else
front: 0.991571, 0, 2.5
side: 0, 0, 0
front only
front: 0, 0.294721, 2.5
back: 0, 0.884164, 7.5
front back
photon_ene: 661.6 photon_theta: 0.26447 photon_phi: 2.69121
traject_len: 5.03462
pe_len: 6.89137 cs_len: 1.20522
---
else
front: 0.115804, 1.38945, 2.5
side: 0, 0, 0
front only
else
else
front: 0, 1.74307, 2.5
side: 0, 0, 0
front only
else
else
front: 0.96018, 1.15465, 2.5
side: 0, 0, 0
front only
else
front: 0, 0, 2.5
side: 0, 0, 0
front only
else
else
else
else
front: 1.26702, 0.595712, 2.5
side: 0, 0, 0
front only
else
else
front: 0, 0.179881, 2.5
back: 0, 0.539643, 7.5
front back
photon_ene: 661.6 photon_theta: 0.132272 photon_phi: 2.57021
traject_len: 5.01293
pe_len: 1.51479 cs_len: 3.11156
---
else
else
else
front: 0.335741, 0.831436, 2.5
side: 0, 0, 0
front only
front: 0.555644, 1.47923, 2.5
side: 0, 0, 0
front only
front: 0.427947, 0, 2.5
back: 1.28384, 0, 7.5
front back
photon_ene: 661.6 photon_theta: 2.96928 photon_phi: 2.96021
traject_len: 5.07273
pe_len: 17.0601 cs_len: 0.931366
---
else
else
else
else
else
else
else
front: 0, 0, 2.5
side: 0, 0, 0
front only
else
else
front: 0, 0, 2.5
side: 0, 0, 0
front only
front: 0, 0, 2.5
side: 0, 0, 0
front only
else
else
front: 0, 0, 2.5
back: 0, 0, 7.5
front back
photon_ene: 661.6 photon_theta: 0.180904 photon_phi: 4.39105
traject_len: 5
pe_len: 42.9372 cs_len: 2.83945
---
front: 0, 0, 2.5
side: 0, 0, 0
front only
front: 1.33161, 0, 2.5
side: 0, 0, 0
front only
else
front: 0, 0, 2.5
side: 0, 0, 0
front only
else
else
front: 0.216021, 2.46432, 2.5
side: 0, 0, 0
front only
else
else
front: 0, 2.28516, 2.5
side: 0, 0, 0
front only
else
front: 0, 0, 2.5
side: 0, 0, 0
front only
else
else
front: 1.09536, 0.433618, 2.5
side: 0, 0, 0
front only
else
front: 0, 0, 2.5
side: 0, 0, 0
front only
else
else
else
else
else
else
else
front: 0, 0, 2.5
back: 0, 0, 7.5
front back
photon_ene: 661.6 photon_theta: 2.88074 photon_phi: 0.919351
traject_len: 5
pe_len: 43.0546 cs_len: 0.805884
---
else
else
else
else
else
else
front: 0.722749, 0, 2.5
back: 2.16825, 0, 7.5
front back
photon_ene: 661.6 photon_theta: 2.82704 photon_phi: 2.66502
traject_len: 5.20475
pe_len: 83.5215 cs_len: 2.35285
---
else
front: 0.308281, 2.01564, 2.5
side: 0, 0, 0
front only
else
else
front: 0.593002, 0, 2.5
side: 0, 0, 0
front only
else
else
front: 0, 0, 2.5
side: 0, 0, 0
front only
else
else
else
else
else
else
front: 0, 0.846278, 2.5
side: 0, 0, 0
front only
else
else
front: 0.908062, 0, 2.5
side: 0, 0, 0
front only
front: 0.60278, 1.28283, 2.5
side: 0, 0, 0
front only
front: 0, 1.55268, 2.5
side: 0, 0, 0
front only
front: 0, 0, 2.5
side: 0, 0, 0
front only
else
else
else
else
else
else
else
else
else
else
else
else
front: 0.684073, 1.64972, 2.5
side: 0, 0, 0
front only
else
else
else
else
else
else
else
front: 0.656511, 1.25555, 2.5
side: 0, 0, 0
front only
else
else
front: 0, 0, 2.5
side: 0, 0, 0
front only
else
else
else
else
else
front: 0, 0, 2.5
side: 0, 0, 0
front only
else
else
else
front: 0.424183, 1.52754, 2.5
side: 0, 0, 0
front only
else
else
front: 0.274686, 0, 2.5
back: 0.824057, 0, 7.5
front back
photon_ene: 661.6 photon_theta: 0.254371 photon_phi: 5.14869
traject_len: 5.03009
pe_len: 43.3464 cs_len: 0.812093
---
else
front: 0, 0, 2.5
side: 0, 0, 0
front only
front: 0.310146, 0, 2.5
back: 0.930438, 0, 7.5
front back
photon_ene: 661.6 photon_theta: 2.9275 photon_phi: 2.17801
traject_len: 5.03833
pe_len: 2.23292 cs_len: 1.15289
---
else
front: 0, 0.0378825, 2.5
side: 0, 0, 0
front only
else
else
else
front: 0.848472, 0, 2.5
side: 0, 0, 0
front only
else
else
else
else
else
else
else
else
front: 0.877497, 1.03959, 2.5
side: 0, 0, 0
front only
front: 0, 0, 2.5
side: 0, 0, 0
front only
else
front: 1.64526, 0.25466, 2.5
side: 0, 0, 0
front only
front: 1.37774, 0, 2.5
side: 0, 0, 0
front only
front: 0, 0.56902, 2.5
side: 0, 0, 0
front only
else
else
else
front: 0, 0, 2.5
side: 0, 0, 0
front only
else
front: 0, 0, 2.5
back: 0, 0, 7.5
front back
photon_ene: 661.6 photon_theta: 3.02292 photon_phi: 0.852658
traject_len: 5
pe_len: 15.8249 cs_len: 2.85042
---
front: 0, 2.12581, 2.5
side: 0, 0, 0
front only
else
front: 2.06014, 0, 2.5
side: 0, 0, 0
front only
front: 0, 0.417512, 2.5
back: 0, 1.25254, 7.5
front back
photon_ene: 661.6 photon_theta: 0.292572 photon_phi: 2.55391
traject_len: 5.06925
pe_len: 25.5029 cs_len: 0.263004
---
front: 2.30089, 0, 2.5
side: 0, 0, 0
front only
front: 0, 0, 2.5
side: 0, 0, 0
front only
else
else
front: 0, 0, 2.5
side: 0, 0, 0
front only
else
else
else
else
else
front: 0.256294, 0, 2.5
side: 0, 0, 0
front only
front: 0.15119, 0.209377, 2.5
back: 0.45357, 0.628131, 7.5
front back
photon_ene: 661.6 photon_theta: 0.102938 photon_phi: 0.945395
traject_len: 5.02661
pe_len: 2.23316 cs_len: 1.35996
---
else
front: 0, 0.52758, 2.5
side: 0, 0, 0
front only
else
front: 1.75481, 0, 2.5
side: 0, 0, 0
front only
else
else
else
else
else
else
front: 0, 0, 2.5
side: 0, 0, 0
front only
else
front: 0.568948, 0, 2.5
side: 0, 0, 0
front only
else
front: 1.93621, 0, 2.5
side: 0, 0, 0
front only
else
front: 0.62966, 0.371565, 2.5
back: 1.88898, 1.1147, 7.5
front back
photon_ene: 661.6 photon_theta: 2.85708 photon_phi: 3.6747
traject_len: 5.20943
pe_len: 8.04074 cs_len: 7.44315
---
else
else
else
else
else
front: 0.318253, 0.587291, 2.5
back: 0.954759, 1.76187, 7.5
front back
photon_ene: 661.6 photon_theta: 2.8805 photon_phi: 4.21579
traject_len: 5.1754
pe_len: 60.2203 cs_len: 7.07113
---
else
else
else
front: 0.0552872, 1.00961, 2.5
side: 0, 0, 0
front only
else
else
else
else
else
else
else
front: 0.947488, 0, 2.5
side: 0, 0, 0
front only
else
else
else
front: 0.559947, 0, 2.5
side: 0, 0, 0
front only
else
else
else
front: 0, 0, 2.5
side: 0, 0, 0
front only
else
else
else
else
else
else
front: 0.885971, 0, 2.5
side: 0, 0, 0
front only
else
else
front: 0.146735, 0.381484, 2.5
back: 0.440206, 1.14445, 7.5
front back
photon_ene: 661.6 photon_theta: 0.162059 photon_phi: 1.2036
traject_len: 5.06638
pe_len: 31.2165 cs_len: 0.624125
---
else
else
else
else
else
front: 1.46399, 0.681506, 2.5
side: 0, 0, 0
front only
else
front: 1.23215, 0, 2.5
side: 0, 0, 0
front only
else
front: 0, 0, 2.5
side: 0, 0, 0
front only
front: 0.982518, 1.24762, 2.5
side: 0, 0, 0
front only
front: 0, 0, 2.5
side: 0, 0, 0
front only
else
else
else
else
front: 1.70147, 1.11754, 2.5
side: 0, 0, 0
front only
front: 0, 0, 2.5
side: 0, 0, 0
front only
else
front: 1.11432, 0, 2.5
side: 0, 0, 0
front only
else
else
else
else
front: 0, 0.556499, 2.5
side: 0, 0, 0
front only
else
front: 0.234666, 1.47585, 2.5
side: 0, 0, 0
front only
else
else
front: 0.575124, 0, 2.5
side: 0, 0, 0
front only
else
front: 1.13906, 0, 2.5
side: 0, 0, 0
front only
front: 1.33838, 0.642331, 2.5
side: 0, 0, 0
front only
else
else
front: 0.192647, 1.23119, 2.5
side: 0, 0, 0
front only
else
else
front: 1.89267, 0.560732, 2.5
side: 0, 0, 0
front only
else
front: 1.4895, 1.79107, 2.5
side: 0, 0, 0
front only
else
front: 1.57647, 1.70024, 2.5
side: 0, 0, 0
front only
else
else
else
front: 0.72838, 0, 2.5
side: 0, 0, 0
front only
else
else
else
else
front: 0.453557, 0.928761, 2.5
side: 0, 0, 0
front only
else
front: 0.637299, 0, 2.5
back: 1.9119, 0, 7.5
front back
photon_ene: 661.6 photon_theta: 2.85631 photon_phi: 2.62435
traject_len: 5.1599
pe_len: 4.88872 cs_len: 0.928135
---
front: 0.496991, 0.950183, 2.5
side: 0, 0, 0
front only
else
else
else
else
else
front: 0, 0, 2.5
side: 0, 0, 0
front only
else
else
else
else
front: 0.613555, 0.16278, 2.5
back: 1.84066, 0.48834, 7.5
front back
photon_ene: 661.6 photon_theta: 2.89294 photon_phi: 3.40092
traject_len: 5.15866
pe_len: 88.0257 cs_len: 0.122011
---
else
else
front: 0, 0, 2.5
side: 0, 0, 0
front only
else
else
else
else
else
else
else
front: 0.758904, 0, 2.5
back: 2.27671, 0, 7.5
front back
photon_ene: 661.6 photon_theta: 0.297731 photon_phi: 6.1366
traject_len: 5.2253
pe_len: 3.05934 cs_len: 0.293354
---
else
else
front: 0.465472, 0, 2.5
back: 1.39642, 0, 7.5
front back
photon_ene: 661.6 photon_theta: 2.84994 photon_phi: 2.23978
traject_len: 5.08593
pe_len: 20.0617 cs_len: 0.639835
---
else
front: 0.684496, 0.867456, 2.5
side: 0, 0, 0
front only
else
else
front: 1.4652, 0, 2.5
side: 0, 0, 0
front only
else
else
else
else
else
else
front: 0.10827, 0, 2.5
side: 0, 0, 0
front only
else
front: 1.55037, 0, 2.5
side: 0, 0, 0
front only
else
else
front: 0, 0.878553, 2.5
side: 0, 0, 0
front only
else
else
else
front: 0.805268, 1.26821, 2.5
side: 0, 0, 0
front only
else
front: 0, 0, 2.5
side: 0, 0, 0
front only
else
front: 0, 0, 2.5
side: 0, 0, 0
front only
else
else
front: 0.155207, 0, 2.5
back: 0.465622, 0, 7.5
front back
photon_ene: 661.6 photon_theta: 2.95155 photon_phi: 1.89941
traject_len: 5.00963
pe_len: 70.5127 cs_len: 0.486896
---
else
else
front: 2.27118, 0, 2.5
side: 0, 0, 0
front only
else
else
else
front: 1.73884, 1.65628, 2.5
side: 0, 0, 0
front only
else
front: 0, 0, 2.5
side: 0, 0, 0
front only
front: 0.845664, 0, 2.5
side: 0, 0, 0
front only
else
front: 1.74306, 0, 2.5
side: 0, 0, 0
front only
else
else
front: 0.734895, 0.856703, 2.5
side: 0, 0, 0
front only
front: 0, 0.821155, 2.5
side: 0, 0, 0
front only
front: 0, 0.635476, 2.5
side: 0, 0, 0
front only
else
else
front: 0.568532, 0, 2.5
back: 1.7056, 0, 7.5
front back
photon_ene: 661.6 photon_theta: 2.91138 photon_phi: 2.89729
traject_len: 5.12766
pe_len: 10.8383 cs_len: 1.73977
---
else
front: 0, 0, 2.5
side: 0, 0, 0
front only
front: 0.307809, 1.80228, 2.5
side: 0, 0, 0
front only
else
else
front: 0, 0, 2.5
side: 0, 0, 0
front only
else
else
else
front: 0.273426, 0.0596498, 2.5
back: 0.820277, 0.178949, 7.5
front back
photon_ene: 661.6 photon_theta: 3.03011 photon_phi: 3.35638
traject_len: 5.03123
pe_len: 6.8079 cs_len: 0.173446
---
front: 0, 0.779528, 2.5
side: 0, 0, 0
front only
else
else
else
else
else
else
front: 1.11119, 0, 2.5
side: 0, 0, 0
front only
else
else
else
else
else
else
else
front: 0, 0, 2.5
side: 0, 0, 0
front only
else
else
else
front: 0, 0, 2.5
side: 0, 0, 0
front only
else
else
else
else
else
else
front: 0.25079, 0.38036, 2.5
back: 0.752371, 1.14108, 7.5
front back
photon_ene: 661.6 photon_theta: 0.180261 photon_phi: 0.987876
traject_len: 5.08235
pe_len: 1.55578 cs_len: 3.00941
---
else
front: 0, 0.302388, 2.5
back: 0, 0.907164, 7.5
front back
photon_ene: 661.6 photon_theta: 2.93137 photon_phi: 5.68047
traject_len: 5.03644
pe_len: 14.0736 cs_len: 0.443771
---
else
else
else
else
else
front: 0.338188, 0.414452, 2.5
back: 1.01456, 1.24336, 7.5
front back
photon_ene: 661.6 photon_theta: 2.9308 photon_phi: 4.02797
traject_len: 5.11318
pe_len: 15.0818 cs_len: 6.0533
---
else
front: 0, 0.755769, 2.5
side: 0, 0, 0
front only
else
else
else
else
front: 0, 0.519384, 2.5
side: 0, 0, 0
front only
else
front: 0, 0.688955, 2.5
back: 0, 2.06686, 7.5
front back
photon_ene: 661.6 photon_theta: 0.286973 photon_phi: 1.93671
traject_len: 5.18639
pe_len: 35.6034 cs_len: 6.93193
---
front: 0, 0.497794, 2.5
back: 0, 1.49338, 7.5
front back
photon_ene: 661.6 photon_theta: 0.311495 photon_phi: 2.47486
traject_len: 5.09816
pe_len: 53.1993 cs_len: 10.2514
---
else
else
front: 0.367004, 0, 2.5
side: 0, 0, 0
front only
else
else
front: 0, 1.39714, 2.5
side: 0, 0, 0
front only
else
front: 0, 0.134605, 2.5
side: 0, 0, 0
front only
else
else
else
front: 0, 1.54888, 2.5
side: 0, 0, 0
front only
else
else
front: 0, 0.913147, 2.5
side: 0, 0, 0
front only
front: 0, 0, 2.5
side: 0, 0, 0
front only
else
else
else
front: 0, 0, 2.5
side: 0, 0, 0
front only
front: 0, 0, 2.5
side: 0, 0, 0
front only
else
front: 0, 0, 2.5
side: 0, 0, 0
front only
front: 0, 2.16108, 2.5
side: 0, 0, 0
front only
else
front: 1.63595, 0, 2.5
side: 0, 0, 0
front only
else
else
front: 0, 0.943417, 2.5
side: 0, 0, 0
front only
front: 0, 1.55379, 2.5
side: 0, 0, 0
front only
else
else
else
front: 0, 0.24683, 2.5
side: 0, 0, 0
front only
front: 0.711489, 0, 2.5
side: 0, 0, 0
front only
else
else
else
front: 1.75337, 1.32106, 2.5
side: 0, 0, 0
front only
front: 2.21885, 0, 2.5
side: 0, 0, 0
front only
else
front: 0.672184, 0, 2.5
side: 0, 0, 0
front only
else
front: 0.375184, 0, 2.5
back: 1.12555, 0, 7.5
front back
photon_ene: 661.6 photon_theta: 2.9748 photon_phi: 2.67126
traject_len: 5.05599
pe_len: 11.5533 cs_len: 1.24036
---
else
else
front: 0, 0, 2.5
side: 0, 0, 0
front only
else
front: 0, 0, 2.5
back: 0, 0, 7.5
front back
photon_ene: 661.6 photon_theta: 3.03034 photon_phi: 1.43547
traject_len: 5
pe_len: 2.23459 cs_len: 0.550223
---
else
else
front: 0.981879, 0, 2.5
side: 0, 0, 0
front only
else
else
else
else
else
front: 0.123488, 0, 2.5
side: 0, 0, 0
front only
front: 0, 0.238266, 2.5
side: 0, 0, 0
front only
else
else
else
else
else
else
else
front: 1.72304, 0, 2.5
side: 0, 0, 0
front only
front: 1.31732, 0.330827, 2.5
side: 0, 0, 0
front only
else
else
front: 0.954108, 2.17557, 2.5
side: 0, 0, 0
front only
else
front: 1.66057, 0, 2.5
side: 0, 0, 0
front only
else
else
front: 0, 0.898735, 2.5
side: 0, 0, 0
front only
else
else
else
else
else
else
else
else
else
front: 0, 0, 2.5
back: 0, 0, 7.5
front back
photon_ene: 661.6 photon_theta: 2.89312 photon_phi: 0.159288
traject_len: 5
pe_len: 76.2473 cs_len: 0.771932
---
else
else
front: 0, 1.68422, 2.5
side: 0, 0, 0
front only
else
else
front: 0, 0, 2.5
side: 0, 0, 0
front only
else
front: 0, 0, 2.5
side: 0, 0, 0
front only
else
front: 0.720183, 0, 2.5
side: 0, 0, 0
front only
else
front: 0, 0, 2.5
back: 0, 0, 7.5
front back
photon_ene: 661.6 photon_theta: 0.103028 photon_phi: 4.55252
traject_len: 5
pe_len: 75.4897 cs_len: 0.912482
---
front: 0.197033, 0, 2.5
side: 0, 0, 0
front only
else
else
front: 1.17822, 1.72141, 2.5
side: 0, 0, 0
front only
else
else
else
front: 0.125092, 0, 2.5
back: 0.375277, 0, 7.5
front back
photon_ene: 661.6 photon_theta: 0.207858 photon_phi: 4.95192
traject_len: 5.00626
pe_len: 1.1842 cs_len: 1.99601
---
else
else
front: 0, 0.711616, 2.5
side: 0, 0, 0
front only
front: 1.26962, 0.837485, 2.5
side: 0, 0, 0
front only
front: 0, 0, 2.5
side: 0, 0, 0
front only
else
else
else
else
else
else
front: 2.0418, 1.21865, 2.5
side: 0, 0, 0
front only
else
else
front: 1.29068, 0.728808, 2.5
side: 0, 0, 0
front only
else
else
front: 0.599566, 0, 2.5
side: 0, 0, 0
front only
else
else
else
else
else
else
else
front: 0.0676395, 0, 2.5
side: 0, 0, 0
front only
else
else
else
else
else
else
else
else
else
else
else
else
else
front: 1.58939, 0, 2.5
side: 0, 0, 0
front only
else
else
front: 2.1826, 1.02536, 2.5
side: 0, 0, 0
front only
front: 1.3, 1.06304, 2.5
side: 0, 0, 0
front only
else
front: 0.0301105, 1.60032, 2.5
side: 0, 0, 0
front only
else
else
else
else
front: 2.46461, 0, 2.5
side: 0, 0, 0
front only
else
else
else
else
else
else
else
front: 0, 1.89093, 2.5
side: 0, 0, 0
front only
front: 1.12353, 0, 2.5
side: 0, 0, 0
front only
else
front: 0.464846, 0, 2.5
side: 0, 0, 0
front only
else
else
else
else
else
front: 0.0797034, 1.72289, 2.5
side: 0, 0, 0
front only
else
else
front: 1.89372, 0.32715, 2.5
side: 0, 0, 0
front only
else
else
else
front: 0, 0.570255, 2.5
side: 0, 0, 0
front only
else
front: 0, 0.687872, 2.5
side: 0, 0, 0
front only
front: 0, 1.48358, 2.5
side: 0, 0, 0
front only
else
else
else
else
front: 1.65469, 0, 2.5
side: 0, 0, 0
front only
else
front: 0, 0, 2.5
side: 0, 0, 0
front only
else
else
else
else
else
front: 0, 0, 2.5
back: 0, 0, 7.5
front back
photon_ene: 661.6 photon_theta: 0.274425 photon_phi: 3.17426
traject_len: 5
pe_len: 24.3213 cs_len: 7.47911
---
else
else
front: 1.74272, 0.170392, 2.5
side: 0, 0, 0
front only
else
else
else
front: 0, 0.0925272, 2.5
back: 0, 0.277582, 7.5
front back
photon_ene: 661.6 photon_theta: 3.09624 photon_phi: 5.32952
traject_len: 5.00342
pe_len: 13.3269 cs_len: 16.2998
---
else
else
else
else
front: 0, 0.881359, 2.5
side: 0, 0, 0
front only
else
front: 1.88704, 0.934788, 2.5
side: 0, 0, 0
front only
else
else
else
front: 0, 0, 2.5
side: 0, 0, 0
front only
front: 0.303655, 0, 2.5
side: 0, 0, 0
front only
front: 0, 1.75033, 2.5
side: 0, 0, 0
front only
else
else
front: 0, 0.721532, 2.5
back: 0, 2.1646, 7.5
front back
photon_ene: 661.6 photon_theta: 2.86036 photon_phi: 4.75594
traject_len: 5.20408
pe_len: 72.0006 cs_len: 3.26118
---
else
else
else
else
else
else
else
else
else
else
front: 0.0162601, 0, 2.5
back: 0.0487803, 0, 7.5
front back
photon_ene: 661.6 photon_theta: 3.13295 photon_phi: 2.42226
traject_len: 5.00011
pe_len: 7.5414 cs_len: 0.612206
---
front: 0, 1.14255, 2.5
side: 0, 0, 0
front only
else
front: 0, 0.0271483, 2.5
side: 0, 0, 0
front only
front: 0, 0, 2.5
side: 0, 0, 0
front only
else
else
else
else
else
front: 0, 0, 2.5
side: 0, 0, 0
front only
else
else
else
else
front: 0, 0, 2.5
side: 0, 0, 0
front only
else
else
else
front: 0.51254, 0.649017, 2.5
back: 1.53762, 1.94705, 7.5
front back
photon_ene: 661.6 photon_theta: 0.319467 photon_phi: 0.902357
traject_len: 5.26647
pe_len: 17.6527 cs_len: 0.402713
---
else
else
front: 1.59187, 0, 2.5
side: 0, 0, 0
front only
else
front: 0.392231, 2.08567, 2.5
side: 0, 0, 0
front only
else
else
else
front: 1.52428, 0, 2.5
side: 0, 0, 0
front only
else
else
else
else
else
else
else
else
else
front: 0, 0, 2.5
side: 0, 0, 0
front only
else
else
front: 0, 0, 2.5
back: 0, 0, 7.5
front back
photon_ene: 661.6 photon_theta: 0.271985 photon_phi: 3.23481
traject_len: 5
pe_len: 45.8949 cs_len: 4.85307
---
front: 0.467991, 0.875546, 2.5
side: 0, 0, 0
front only
else
front: 0, 0, 2.5
side: 0, 0, 0
front only
front: 2.36285, 0.194375, 2.5
side: 0, 0, 0
front only
front: 0, 0, 2.5
side: 0, 0, 0
front only
else
else
else
else
else
else
front: 0.0520973, 0, 2.5
side: 0, 0, 0
front only
else
else
front: 1.35332, 0, 2.5
side: 0, 0, 0
front only
else
else
front: 0, 1.21416, 2.5
side: 0, 0, 0
front only
else
else
front: 0, 1.46134, 2.5
side: 0, 0, 0
front only
else
else
else
else
else
else
else
else
else
front: 0.21346, 0, 2.5
back: 0.64038, 0, 7.5
front back
photon_ene: 661.6 photon_theta: 3.05504 photon_phi: 2.96241
traject_len: 5.01819
pe_len: 5.51969 cs_len: 0.496822
---
front: 0, 0, 2.5
side: 0, 0, 0
front only
front: 0.224051, 0, 2.5
side: 0, 0, 0
front only
front: 0.19319, 0.16704, 2.5
back: 0.57957, 0.50112, 7.5
front back
photon_ene: 661.6 photon_theta: 0.101803 photon_phi: 0.712933
traject_len: 5.02602
pe_len: 44.1197 cs_len: 0.0716472
---
else
else
else
else
front: 0.469964, 1.96683, 2.5
side: 0, 0, 0
front only
else
else
front: 1.14289, 0, 2.5
side: 0, 0, 0
front only
else
else
else
else
front: 1.46335, 0, 2.5
side: 0, 0, 0
front only
front: 0, 0.601795, 2.5
side: 0, 0, 0
front only
else
else
front: 0, 0, 2.5
side: 0, 0, 0
front only
front: 0, 0, 2.5
side: 0, 0, 0
front only
front: 0.661367, 0, 2.5
back: 1.9841, 0, 7.5
front back
photon_ene: 661.6 photon_theta: 0.282878 photon_phi: 5.85596
traject_len: 5.172
pe_len: 32.3855 cs_len: 3.88862
---
else
else
front: 0.993785, 0, 2.5
side: 0, 0, 0
front only
else
else
else
front: 0, 0, 2.5
side: 0, 0, 0
front only
else
else
else
else
front: 0, 0.912945, 2.5
side: 0, 0, 0
front only
front: 0, 0.917239, 2.5
side: 0, 0, 0
front only
else
front: 0.197716, 1.05067, 2.5
side: 0, 0, 0
front only
else
else
else
else
else
else
else
else
else
else
front: 1.33635, 0.0746288, 2.5
side: 0, 0, 0
front only
front: 0, 1.89047, 2.5
side: 0, 0, 0
front only
front: 0.323465, 0.657602, 2.5
back: 0.970396, 1.97281, 7.5
front back
photon_ene: 661.6 photon_theta: 0.285152 photon_phi: 1.11366
traject_len: 5.2104
pe_len: 47.389 cs_len: 4.53686
---
front: 0, 0.0555016, 2.5
back: 0, 0.166505, 7.5
front back
photon_ene: 661.6 photon_theta: 3.02654 photon_phi: 6.08987
traject_len: 5.00123
pe_len: 11.3621 cs_len: 11.2934
---
else
front: 1.56441, 0, 2.5
side: 0, 0, 0
front only
else
front: 0, 0, 2.5
side: 0, 0, 0
front only
else
front: 0.647308, 0, 2.5
side: 0, 0, 0
front only
else
else
front: 0, 1.35488, 2.5
side: 0, 0, 0
front only
else
else
else
else
front: 0, 0.191212, 2.5
back: 0, 0.573635, 7.5
front back
photon_ene: 661.6 photon_theta: 2.91215 photon_phi: 5.94956
traject_len: 5.0146
pe_len: 1.7487 cs_len: 3.23507
---
else
front: 0, 0, 2.5
side: 0, 0, 0
front only
front: 0.791581, 0, 2.5
side: 0, 0, 0
front only
front: 0.75333, 0.255545, 2.5
back: 2.25999, 0.766635, 7.5
front back
photon_ene: 661.6 photon_theta: 2.83353 photon_phi: 3.46863
traject_len: 5.24702
pe_len: 26.0335 cs_len: 2.43256
---
else
front: 1.1938, 0.28895, 2.5
side: 0, 0, 0
front only
else
front: 0.348887, 0.682365, 2.5
back: 1.04666, 2.04709, 7.5
front back
photon_ene: 661.6 photon_theta: 2.84413 photon_phi: 4.23975
traject_len: 5.22966
pe_len: 34.213 cs_len: 1.1735
---
else
else
else
else
front: 0, 0, 2.5
side: 0, 0, 0
front only
else
front: 0, 0, 2.5
side: 0, 0, 0
front only
front: 0.3753, 0, 2.5
side: 0, 0, 0
front only
front: 0, 0, 2.5
side: 0, 0, 0
front only
else
front: 0.657682, 0, 2.5
side: 0, 0, 0
front only
front: 2.20479, 1.12069, 2.5
side: 0, 0, 0
front only
else
else
else
front: 0.394989, 1.37531, 2.5
side: 0, 0, 0
front only
else
else
front: 0.186953, 0, 2.5
back: 0.560859, 0, 7.5
front back
photon_ene: 661.6 photon_theta: 3.00451 photon_phi: 2.14372
traject_len: 5.01396
pe_len: 69.6579 cs_len: 3.90079
---
else
else
else
else
else
front: 0, 2.35175, 2.5
side: 0, 0, 0
front only
front: 0, 0, 2.5
side: 0, 0, 0
front only
else
else
else
front: 0.628663, 0, 2.5
side: 0, 0, 0
front only
else
else
else
else
front: 0, 0, 2.5
side: 0, 0, 0
front only
front: 0, 0, 2.5
side: 0, 0, 0
front only
else
else
else
else
front: 0.991406, 0, 2.5
side: 0, 0, 0
front only
front: 0.662763, 0, 2.5
side: 0, 0, 0
front only
else
else
front: 0, 0, 2.5
side: 0, 0, 0
front only
else
else
else
else
front: 1.5223, 1.65133, 2.5
side: 0, 0, 0
front only
else
else
front: 0, 0, 2.5
side: 0, 0, 0
front only
else
else
front: 0.895641, 2.01198, 2.5
side: 0, 0, 0
front only
else
else
else
else
else
else
else
else
else
front: 0, 0, 2.5
back: 0, 0, 7.5
front back
photon_ene: 661.6 photon_theta: 2.8581 photon_phi: 0.131107
traject_len: 5
pe_len: 21.9231 cs_len: 0.915317
---
else
else
else
else
else
else
else
else
else
else
else
else
else
else
front: 0, 0.11329, 2.5
back: 0, 0.339869, 7.5
front back
photon_ene: 661.6 photon_theta: 0.271704 photon_phi: 2.97821
traject_len: 5.00513
pe_len: 2.87784 cs_len: 1.83322
---
front: 0.909457, 0, 2.5
side: 0, 0, 0
front only
front: 0.261844, 1.76981, 2.5
side: 0, 0, 0
front only
else
else
else
else
else
else
else
else
else
else
front: 0, 0.931926, 2.5
side: 0, 0, 0
front only
front: 0.0920249, 0, 2.5
side: 0, 0, 0
front only
front: 2.04586, 1.12219, 2.5
side: 0, 0, 0
front only
front: 0, 0, 2.5
side: 0, 0, 0
front only
else
front: 0.725129, 0, 2.5
side: 0, 0, 0
front only
else
else
else
front: 1.6183, 0, 2.5
side: 0, 0, 0
front only
front: 1.84711, 0.371018, 2.5
side: 0, 0, 0
front only
else
else
else
else
else
else
else
front: 0, 0, 2.5
side: 0, 0, 0
front only
else
else
front: 0.552964, 0, 2.5
side: 0, 0, 0
front only
else
front: 0.968875, 0, 2.5
side: 0, 0, 0
front only
else
front: 0.378453, 0.746606, 2.5
side: 0, 0, 0
front only
else
else
front: 0.644687, 2.09154, 2.5
side: 0, 0, 0
front only
else
else
else
else
else
front: 0, 0.82642, 2.5
side: 0, 0, 0
front only
else
front: 0, 0, 2.5
back: 0, 0, 7.5
front back
photon_ene: 661.6 photon_theta: 0.251315 photon_phi: 4.02968
traject_len: 5
pe_len: 4.35801 cs_len: 3.89506
---
else
else
front: 0, 1.07658, 2.5
side: 0, 0, 0
front only
front: 0, 0.316686, 2.5
back: 0, 0.950058, 7.5
front back
photon_ene: 661.6 photon_theta: 0.132097 photon_phi: 1.87738
traject_len: 5.03996
pe_len: 120.171 cs_len: 7.2617
---
else
else
else
else
front: 0.830392, 0, 2.5
side: 0, 0, 0
front only
else
else
front: 1.02085, 0.973231, 2.5
side: 0, 0, 0
front only
else
else
else
front: 0.12995, 0, 2.5
back: 0.38985, 0, 7.5
front back
photon_ene: 661.6 photon_theta: 2.85096 photon_phi: 1.74547
traject_len: 5.00675
pe_len: 9.95197 cs_len: 4.56613
---
else
else
else
else
else
else
else
else
else
else
else
else
front: 0, 0.980501, 2.5
side: 0, 0, 0
front only
front: 0, 1.67351, 2.5
side: 0, 0, 0
front only
front: 0, 1.33265, 2.5
side: 0, 0, 0
front only
else
else
front: 0, 0, 2.5
side: 0, 0, 0
front only
else
else
else
front: 0, 1.28127, 2.5
side: 0, 0, 0
front only
else
front: 0, 0, 2.5
back: 0, 0, 7.5
front back
photon_ene: 661.6 photon_theta: 0.318384 photon_phi: 3.39396
traject_len: 5
pe_len: 21.0258 cs_len: 5.65591
---
front: 0.930649, 0, 2.5
side: 0, 0, 0
front only
else
else
front: 0, 0, 2.5
side: 0, 0, 0
front only
front: 2.28708, 0, 2.5
side: 0, 0, 0
front only
front: 0, 0.0266361, 2.5
side: 0, 0, 0
front only
else
front: 0, 0.664018, 2.5
side: 0, 0, 0
front only
else
else
else
else
front: 0, 0.828506, 2.5
side: 0, 0, 0
front only
front: 0, 0, 2.5
side: 0, 0, 0
front only
front: 1.88075, 0.529685, 2.5
side: 0, 0, 0
front only
else
else
front: 1.78574, 0, 2.5
side: 0, 0, 0
front only
else
else
else
front: 0.888346, 0, 2.5
side: 0, 0, 0
front only
else
front: 0.149445, 0.0461186, 2.5
back: 0.448335, 0.138356, 7.5
front back
photon_ene: 661.6 photon_theta: 0.0624783 photon_phi: 0.299327
traject_len: 5.00977
pe_len: 5.83547 cs_len: 5.70191
---
else
else
else
else
else
front: 0.0362737, 1.12253, 2.5
side: 0, 0, 0
front only
else
else
front: 0, 0, 2.5
side: 0, 0, 0
front only
else
else
else
else
else
else
front: 0.273696, 0.231183, 2.5
back: 0.821089, 0.693549, 7.5
front back
photon_ene: 661.6 photon_theta: 2.99925 photon_phi: 3.84298
traject_len: 5.05108
pe_len: 20.3874 cs_len: 10.1379
---
else
front: 1.95942, 0, 2.5
side: 0, 0, 0
front only
else
else
else
else
front: 0, 0.622766, 2.5
back: 0, 1.8683, 7.5
front back
photon_ene: 661.6 photon_theta: 0.248406 photon_phi: 1.76025
traject_len: 5.1528
pe_len: 36.3887 cs_len: 1.30691
---
else
front: 1.13765, 0.933304, 2.5
side: 0, 0, 0
front only
front: 0.952676, 0, 2.5
side: 0, 0, 0
front only
else
else
else
else
else
front: 0, 1.18146, 2.5
side: 0, 0, 0
front only
else
else
else
else
else
front: 0.801085, 0, 2.5
side: 0, 0, 0
front only
else
else
else
front: 2.33948, 0.0314903, 2.5
side: 0, 0, 0
front only
else
front: 0, 0, 2.5
side: 0, 0, 0
front only
else
else
else
front: 0, 0, 2.5
side: 0, 0, 0
front only
else
front: 0.55983, 0, 2.5
back: 1.67949, 0, 7.5
front back
photon_ene: 661.6 photon_theta: 2.88619 photon_phi: 2.60143
traject_len: 5.12383
pe_len: 127.928 cs_len: 0.0117949
---
front: 1.16615, 1.81232, 2.5
side: 0, 0, 0
front only
else
else
front: 0, 2.12219, 2.5
side: 0, 0, 0
front only
else
else
else
else
else
else
else
else
front: 0, 0.167035, 2.5
side: 0, 0, 0
front only
front: 0, 0.791363, 2.5
side: 0, 0, 0
front only
else
else
else
else
else
else
else
else
else
front: 0.163098, 1.43076, 2.5
side: 0, 0, 0
front only
else
else
front: 0, 0, 2.5
side: 0, 0, 0
front only
else
front: 0.204242, 2.40368, 2.5
side: 0, 0, 0
front only
else
else
else
front: 0, 0.854893, 2.5
side: 0, 0, 0
front only
else
else
else
else
front: 1.13736, 0.447614, 2.5
side: 0, 0, 0
front only
else
front: 0, 0.121172, 2.5
back: 0, 0.363515, 7.5
front back
photon_ene: 661.6 photon_theta: 3.06056 photon_phi: 5.6436
traject_len: 5.00587
pe_len: 11.5614 cs_len: 3.38765
---
else
else
else
else
front: 1.48147, 0.491779, 2.5
side: 0, 0, 0
front only
else
else
front: 2.07076, 0, 2.5
side: 0, 0, 0
front only
else
else
else
else
else
else
else
else
front: 0.608641, 0, 2.5
back: 1.82592, 0, 7.5
front back
photon_ene: 661.6 photon_theta: 0.282678 photon_phi: 5.70634
traject_len: 5.14604
pe_len: 77.6399 cs_len: 6.2711
---
front: 0, 1.6321, 2.5
side: 0, 0, 0
front only
else
else
front: 1.36349, 0, 2.5
side: 0, 0, 0
front only
front: 0.209404, 0, 2.5
side: 0, 0, 0
front only
else
front: 0.722078, 1.42786, 2.5
side: 0, 0, 0
front only
else
else
else
else
front: 0.221288, 2.16756, 2.5
side: 0, 0, 0
front only
else
else
else
front: 0.555434, 0, 2.5
side: 0, 0, 0
front only
else
front: 0, 0.801087, 2.5
side: 0, 0, 0
front only
else
else
else
else
else
front: 0.396497, 0, 2.5
back: 1.18949, 0, 7.5
front back
photon_ene: 661.6 photon_theta: 2.94242 photon_phi: 2.47466
traject_len: 5.06249
pe_len: 3.11203 cs_len: 6.44553
---
else
else
front: 1.69634, 0, 2.5
side: 0, 0, 0
front only
front: 0, 0, 2.5
side: 0, 0, 0
front only
front: 0, 0, 2.5
side: 0, 0, 0
front only
front: 0, 0, 2.5
side: 0, 0, 0
front only
front: 0, 0, 2.5
side: 0, 0, 0
front only
front: 0.986034, 1.48799, 2.5
side: 0, 0, 0
front only
front: 0.694198, 1.27816, 2.5
side: 0, 0, 0
front only
front: 1.66732, 1.57547, 2.5
side: 0, 0, 0
front only
else
else
else
else
else
else
else
else
else
front: 0, 0, 2.5
side: 0, 0, 0
front only
else
front: 0, 0, 2.5
side: 0, 0, 0
front only
else
else
else
front: 1.44849, 0, 2.5
side: 0, 0, 0
front only
front: 1.28786, 0.298095, 2.5
side: 0, 0, 0
front only
front: 1.7177, 0, 2.5
side: 0, 0, 0
front only
front: 1.24782, 1.97884, 2.5
side: 0, 0, 0
front only
else
front: 0.12825, 1.51248, 2.5
side: 0, 0, 0
front only
front: 0, 1.23955, 2.5
side: 0, 0, 0
front only
front: 1.55026, 1.11464, 2.5
side: 0, 0, 0
front only
else
else
else
else
else
else
else
else
else
front: 0, 0, 2.5
side: 0, 0, 0
front only
else
front: 0.801362, 1.03541, 2.5
side: 0, 0, 0
front only
else
else
front: 2.40572, 0.631752, 2.5
side: 0, 0, 0
front only
else
else
front: 0, 0, 2.5
side: 0, 0, 0
front only
else
else
front: 1.64639, 0, 2.5
side: 0, 0, 0
front only
else
else
else
front: 0, 0, 2.5
back: 0, 0, 7.5
front back
photon_ene: 661.6 photon_theta: 0.249489 photon_phi: 4.35316
traject_len: 5
pe_len: 0.874842 cs_len: 0.208268
---
front: 0.743234, 0, 2.5
side: 0, 0, 0
front only
else
else
front: 0, 0, 2.5
side: 0, 0, 0
front only
else
else
else
else
else
else
else
else
else
else
else
else
else
else
else
else
else
else
else
else
else
front: 0, 0, 2.5
side: 0, 0, 0
front only
front: 1.05286, 0.488887, 2.5
side: 0, 0, 0
front only
else
else
front: 0, 0.922943, 2.5
side: 0, 0, 0
front only
front: 0, 0, 2.5
back: 0, 0, 7.5
front back
photon_ene: 661.6 photon_theta: 2.83029 photon_phi: 0.501124
traject_len: 5
pe_len: 16.4775 cs_len: 2.81265
---
else
else
else
else
else
front: 0, 0, 2.5
side: 0, 0, 0
front only
else
else
else
else
front: 0.732447, 1.99365, 2.5
side: 0, 0, 0
front only
else
else
front: 0.162907, 0.955635, 2.5
side: 0, 0, 0
front only
front: 0, 0, 2.5
side: 0, 0, 0
front only
front: 0.929006, 0.0113466, 2.5
side: 0, 0, 0
front only
else
else
else
front: 0, 0.72042, 2.5
side: 0, 0, 0
front only
else
else
front: 0.643489, 0, 2.5
back: 1.93047, 0, 7.5
front back
photon_ene: 661.6 photon_theta: 2.88074 photon_phi: 2.87343
traject_len: 5.16298
pe_len: 23.6487 cs_len: 1.80486
---
else
front: 0, 0.117912, 2.5
side: 0, 0, 0
front only
else
else
else
else
else
else
else
front: 0, 0.875511, 2.5
side: 0, 0, 0
front only
front: 0.0294026, 1.22582, 2.5
side: 0, 0, 0
front only
else
else
front: 0.968877, 0, 2.5
side: 0, 0, 0
front only
else
else
else
else
else
else
front: 0, 1.69763, 2.5
side: 0, 0, 0
front only
front: 0, 0.373256, 2.5
back: 0, 1.11977, 7.5
front back
photon_ene: 661.6 photon_theta: 2.97085 photon_phi: 5.23616
traject_len: 5.05542
pe_len: 32.4581 cs_len: 10.1916
---
else
front: 0, 0, 2.5
side: 0, 0, 0
front only
else
else
else
front: 0.67261, 0.581639, 2.5
side: 0, 0, 0
front only
else
else
else
front: 0.956933, 1.93718, 2.5
side: 0, 0, 0
front only
else
else
else
else
else
else
else
else
front: 0, 1.5736, 2.5
side: 0, 0, 0
front only
else
else
else
else
else
front: 0, 0.113312, 2.5
back: 0, 0.339937, 7.5
front back
photon_ene: 661.6 photon_theta: 3.04044 photon_phi: 5.82028
traject_len: 5.00513
pe_len: 15.9531 cs_len: 10.3499
---
front: 0, 0.911778, 2.5
side: 0, 0, 0
front only
else
else
front: 0, 2.0229, 2.5
side: 0, 0, 0
front only
front: 1.37787, 0, 2.5
side: 0, 0, 0
front only
else
else
else
else
else
else
else
else
else
front: 0.469538, 0.451632, 2.5
back: 1.40861, 1.3549, 7.5
front back
photon_ene: 661.6 photon_theta: 0.254926 photon_phi: 0.765963
traject_len: 5.16699
pe_len: 24.1545 cs_len: 4.15917
---
else
front: 2.03133, 0, 2.5
side: 0, 0, 0
front only
else
front: 0, 1.8839, 2.5
side: 0, 0, 0
front only
front: 0.41311, 0, 2.5
back: 1.23933, 0, 7.5
front back
photon_ene: 661.6 photon_theta: 2.94396 photon_phi: 2.54135
traject_len: 5.0678
pe_len: 16.5004 cs_len: 1.8339
---
front: 0, 2.15006, 2.5
side: 0, 0, 0
front only
else
front: 0.954041, 0.710568, 2.5
side: 0, 0, 0
front only
else
else
else
else
else
front: 1.50796, 0, 2.5
side: 0, 0, 0
front only
else
else
else
front: 0, 0, 2.5
side: 0, 0, 0
front only
else
else
else
front: 0, 0, 2.5
side: 0, 0, 0
front only
front: 1.01621, 0, 2.5
side: 0, 0, 0
front only
front: 0.83761, 0, 2.5
side: 0, 0, 0
front only
else
else
else
else
front: 0, 0.36426, 2.5
side: 0, 0, 0
front only
else
else
front: 0, 2.07661, 2.5
side: 0, 0, 0
front only
front: 1.10959, 1.12482, 2.5
side: 0, 0, 0
front only
else
else
else
else
else
else
else
else
else
else
else
else
else
else
else
front: 0.857291, 0, 2.5
side: 0, 0, 0
front only
else
else
front: 1.09692, 0.490249, 2.5
side: 0, 0, 0
front only
else
else
else
else
front: 1.49788, 0, 2.5
side: 0, 0, 0
front only
else
else
else
front: 1.36418, 0.931254, 2.5
side: 0, 0, 0
front only
front: 0, 0, 2.5
side: 0, 0, 0
front only
front: 0.586767, 0, 2.5
side: 0, 0, 0
front only
front: 0, 0.101119, 2.5
side: 0, 0, 0
front only
else
else
else
else
else
else
front: 1.9607, 1.12949, 2.5
side: 0, 0, 0
front only
else
else
front: 0, 0, 2.5
side: 0, 0, 0
front only
front: 0, 0.80889, 2.5
side: 0, 0, 0
front only
else
else
else
else
else
else
else
else
else
else
else
else
else
front: 0, 2.41198, 2.5
side: 0, 0, 0
front only
else
else
else
front: 0.322216, 0, 2.5
side: 0, 0, 0
front only
front: 2.29968, 0.608482, 2.5
side: 0, 0, 0
front only
else
front: 0, 0.336314, 2.5
side: 0, 0, 0
front only
else
front: 0, 0, 2.5
side: 0, 0, 0
front only
else
else
front: 0, 0, 2.5
side: 0, 0, 0
front only
front: 0.110959, 0, 2.5
back: 0.332877, 0, 7.5
front back
photon_ene: 661.6 photon_theta: 3.04042 photon_phi: 2.02328
traject_len: 5.00492
pe_len: 104.142 cs_len: 1.11766
---
else
front: 0, 0.580236, 2.5
side: 0, 0, 0
front only
else
front: 1.70288, 0, 2.5
side: 0, 0, 0
front only
front: 1.29027, 2.11576, 2.5
side: 0, 0, 0
front only
front: 0.231232, 1.67468, 2.5
side: 0, 0, 0
front only
else
else
else
else
else
front: 1.80271, 0, 2.5
side: 0, 0, 0
front only
else
else
else
else
else
else
else
else
else
else
else
else
else
else
else
else
else
else
else
front: 1.27916, 0, 2.5
side: 0, 0, 0
front only
else
else
front: 0, 0, 2.5
side: 0, 0, 0
front only
else
front: 1.57423, 0.0697515, 2.5
side: 0, 0, 0
front only
front: 1.57286, 0.75081, 2.5
side: 0, 0, 0
front only
else
front: 0.710467, 0, 2.5
side: 0, 0, 0
front only
front: 0, 0, 2.5
side: 0, 0, 0
front only
front: 0, 0.424432, 2.5
side: 0, 0, 0
front only
else
else
else
front: 0, 0, 2.5
side: 0, 0, 0
front only
else
else
else
front: 0, 0, 2.5
side: 0, 0, 0
front only
else
else
else
front: 0, 1.71904, 2.5
side: 0, 0, 0
front only
front: 0.279291, 0, 2.5
back: 0.837873, 0, 7.5
front back
photon_ene: 661.6 photon_theta: 0.112127 photon_phi: 6.15786
traject_len: 5.0311
pe_len: 22.4451 cs_len: 1.98241
---
else
else
else
else
else
front: 0, 0.611934, 2.5
side: 0, 0, 0
front only
else
front: 0, 0.695716, 2.5
side: 0, 0, 0
front only
else
else
else
else
else
front: 0, 0.287558, 2.5
side: 0, 0, 0
front only
else
else
else
front: 1.50234, 0, 2.5
side: 0, 0, 0
front only
else
front: 0, 0, 2.5
back: 0, 0, 7.5
front back
photon_ene: 661.6 photon_theta: 2.88229 photon_phi: 1.25473
traject_len: 5
pe_len: 21.4515 cs_len: 5.4067
---
front: 0.0406203, 0, 2.5
side: 0, 0, 0
front only
else
else
else
front: 0, 0, 2.5
back: 0, 0, 7.5
front back
photon_ene: 661.6 photon_theta: 2.98719 photon_phi: 0.16066
traject_len: 5
pe_len: 132.687 cs_len: 1.63747
---
else
front: 0, 1.46753, 2.5
side: 0, 0, 0
front only
else
front: 0, 0, 2.5
side: 0, 0, 0
front only
else
else
else
else
else
else
else
else
else
else
else
front: 0.0970065, 0, 2.5
back: 0.291019, 0, 7.5
front back
photon_ene: 661.6 photon_theta: 2.86688 photon_phi: 1.70891
traject_len: 5.00376
pe_len: 13.5896 cs_len: 2.89833
---
front: 0, 0, 2.5
side: 0, 0, 0
front only
front: 0, 0.122106, 2.5
side: 0, 0, 0
front only
front: 0, 0.665914, 2.5
side: 0, 0, 0
front only
else
else
front: 0, 0.464691, 2.5
side: 0, 0, 0
front only
else
front: 0, 0.416252, 2.5
back: 0, 1.24876, 7.5
front back
photon_ene: 661.6 photon_theta: 0.180881 photon_phi: 1.99724
traject_len: 5.06883
pe_len: 20.6464 cs_len: 0.0602091
---
else
else
else
else
front: 0, 1.97052, 2.5
side: 0, 0, 0
front only
else
front: 0, 0, 2.5
side: 0, 0, 0
front only
else
else
else
else
else
front: 0, 1.45574, 2.5
side: 0, 0, 0
front only
front: 0, 1.85901, 2.5
side: 0, 0, 0
front only
else
else
else
else
else
else
else
else
else
else
front: 0, 0, 2.5
side: 0, 0, 0
front only
else
front: 0, 0, 2.5
side: 0, 0, 0
front only
else
else
front: 0, 1.50975, 2.5
side: 0, 0, 0
front only
front: 0, 0, 2.5
side: 0, 0, 0
front only
else
else
front: 1.94408, 0.93879, 2.5
side: 0, 0, 0
front only
else
front: 0.657071, 0, 2.5
side: 0, 0, 0
front only
else
else
front: 0, 0, 2.5
side: 0, 0, 0
front only
else
else
front: 0, 0, 2.5
side: 0, 0, 0
front only
else
else
else
else
else
front: 0, 0, 2.5
side: 0, 0, 0
front only
else
else
front: 0.856357, 2.09022, 2.5
side: 0, 0, 0
front only
front: 0, 0.561637, 2.5
back: 0, 1.68491, 7.5
front back
photon_ene: 661.6 photon_theta: 0.254257 photon_phi: 2.09754
traject_len: 5.12462
pe_len: 6.67076 cs_len: 4.80848
---
else
else
front: 1.56178, 1.25829, 2.5
side: 0, 0, 0
front only
front: 0.527425, 0, 2.5
back: 1.58227, 0, 7.5
front back
photon_ene: 661.6 photon_theta: 2.91564 photon_phi: 2.73316
traject_len: 5.11006
pe_len: 148.945 cs_len: 7.91842
---
else
front: 1.86435, 0, 2.5
side: 0, 0, 0
front only
front: 1.87364, 1.35487, 2.5
side: 0, 0, 0
front only
else
front: 0.571302, 0, 2.5
side: 0, 0, 0
front only
else
else
else
else
else
else
else
else
front: 2.0324, 0.184508, 2.5
side: 0, 0, 0
front only
else
else
else
front: 0, 1.11651, 2.5
side: 0, 0, 0
front only
else
else
front: 0, 0, 2.5
side: 0, 0, 0
front only
else
front: 0, 0, 2.5
side: 0, 0, 0
front only
front: 0, 0, 2.5
side: 0, 0, 0
front only
else
else
else
front: 0, 1.62097, 2.5
side: 0, 0, 0
front only
front: 0, 1.52942, 2.5
side: 0, 0, 0
front only
else
else
else
else
front: 0, 0, 2.5
side: 0, 0, 0
front only
front: 0.542906, 0, 2.5
side: 0, 0, 0
front only
else
else
else
front: 0, 0.234375, 2.5
back: 0, 0.703124, 7.5
front back
photon_ene: 661.6 photon_theta: 2.8794 photon_phi: 5.92634
traject_len: 5.02192
pe_len: 13.1648 cs_len: 5.89636
---
else
else
else
else
else
else
else
front: 0, 2.42223, 2.5
side: 0, 0, 0
front only
else
else
else
front: 0, 0.539211, 2.5
side: 0, 0, 0
front only
else
else
else
front: 0, 0.451771, 2.5
back: 0, 1.35531, 7.5
front back
photon_ene: 661.6 photon_theta: 0.186394 photon_phi: 1.8608
traject_len: 5.08098
pe_len: 105.789 cs_len: 1.30501
---
else
else
else
else
front: 0.245094, 1.78576, 2.5
side: 0, 0, 0
front only
front: 0, 1.77624, 2.5
side: 0, 0, 0
front only
else
else
front: 0.844247, 0, 2.5
side: 0, 0, 0
front only
else
front: 0, 0, 2.5
side: 0, 0, 0
front only
else
else
else
front: 1.17812, 0, 2.5
side: 0, 0, 0
front only
else
else
front: 1.56686, 1.32576, 2.5
side: 0, 0, 0
front only
else
else
else
else
else
else
front: 0, 0, 2.5
side: 0, 0, 0
front only
else
else
front: 0, 0.702862, 2.5
side: 0, 0, 0
front only
else
else
else
else
front: 0, 0, 2.5
side: 0, 0, 0
front only
else
else
else
else
else
else
front: 0, 0, 2.5
side: 0, 0, 0
front only
else
front: 0.694699, 0.705466, 2.5
side: 0, 0, 0
front only
front: 0.456318, 0, 2.5
side: 0, 0, 0
front only
else
else
front: 0, 0, 2.5
side: 0, 0, 0
front only
else
else
else
else
else
else
front: 0, 1.63672, 2.5
side: 0, 0, 0
front only
else
front: 0, 0, 2.5
side: 0, 0, 0
front only
else
else
front: 0, 2.38018, 2.5
side: 0, 0, 0
front only
else
else
else
front: 0, 1.62813, 2.5
side: 0, 0, 0
front only
else
else
front: 1.59554, 0.409523, 2.5
side: 0, 0, 0
front only
else
else
else
front: 0.0709008, 0, 2.5
side: 0, 0, 0
front only
else
else
front: 0, 0, 2.5
back: 0, 0, 7.5
front back
photon_ene: 661.6 photon_theta: 2.92075 photon_phi: 0.341512
traject_len: 5
pe_len: 8.77033 cs_len: 2.142
---
else
else
front: 1.18683, 0, 2.5
side: 0, 0, 0
front only
else
else
else
front: 0, 0, 2.5
side: 0, 0, 0
front only
else
else
front: 0.411009, 0, 2.5
side: 0, 0, 0
front only
else
else
else
else
else
front: 0, 0.13339, 2.5
side: 0, 0, 0
front only
else
else
else
front: 0.361676, 0, 2.5
side: 0, 0, 0
front only
else
else
else
else
front: 0, 1.3174, 2.5
side: 0, 0, 0
front only
else
front: 0, 0, 2.5
side: 0, 0, 0
front only
front: 0, 0, 2.5
side: 0, 0, 0
front only
else
else
else
else
else
else
else
else
else
else
else
else
front: 0.5067, 0, 2.5
side: 0, 0, 0
front only
else
else
else
else
else
front: 0, 2.04246, 2.5
side: 0, 0, 0
front only
else
else
else
else
else
front: 0.343065, 2.05874, 2.5
side: 0, 0, 0
front only
front: 0.180304, 0, 2.5
back: 0.540911, 0, 7.5
front back
photon_ene: 661.6 photon_theta: 3.04381 photon_phi: 2.39679
traject_len: 5.01299
pe_len: 18.0452 cs_len: 0.443792
---
front: 1.28243, 0.497132, 2.5
side: 0, 0, 0
front only
front: 0, 0, 2.5
side: 0, 0, 0
front only
else
else
front: 0, 0, 2.5
side: 0, 0, 0
front only
else
else
else
front: 1.21071, 0, 2.5
side: 0, 0, 0
front only
else
else
else
front: 0, 0, 2.5
back: 0, 0, 7.5
front back
photon_ene: 661.6 photon_theta: 2.92287 photon_phi: 1.38502
traject_len: 5
pe_len: 22.9459 cs_len: 0.739997
---
else
else
else
front: 0.804122, 0.329979, 2.5
side: 0, 0, 0
front only
else
front: 0, 0, 2.5
side: 0, 0, 0
front only
else
else
else
else
front: 0, 0, 2.5
side: 0, 0, 0
front only
front: 0, 0.201514, 2.5
back: 0, 0.604543, 7.5
front back
photon_ene: 661.6 photon_theta: 2.9653 photon_phi: 5.81363
traject_len: 5.01622
pe_len: 41.2191 cs_len: 1.81428
---
front: 0.551803, 0, 2.5
back: 1.65541, 0, 7.5
front back
photon_ene: 661.6 photon_theta: 0.230353 photon_phi: 5.93849
traject_len: 5.12035
pe_len: 13.5638 cs_len: 1.152
---
else
front: 0, 2.1062, 2.5
side: 0, 0, 0
front only
else
else
else
else
front: 0.572581, 2.00895, 2.5
side: 0, 0, 0
front only
front: 0, 0, 2.5
side: 0, 0, 0
front only
else
front: 0, 0, 2.5
side: 0, 0, 0
front only
else
front: 0, 0.92436, 2.5
side: 0, 0, 0
front only
front: 1.03322, 2.00429, 2.5
side: 0, 0, 0
front only
front: 0.364185, 0.799167, 2.5
side: 0, 0, 0
front only
else
else
front: 0, 0, 2.5
side: 0, 0, 0
front only
else
else
else
else
else
front: 0.629221, 0, 2.5
back: 1.88766, 0, 7.5
front back
photon_ene: 661.6 photon_theta: 2.83429 photon_phi: 2.48665
traject_len: 5.15594
pe_len: 53.9404 cs_len: 9.20952
---
else
front: 0, 0.846951, 2.5
side: 0, 0, 0
front only
front: 0, 0, 2.5
side: 0, 0, 0
front only
else
else
front: 0.579839, 1.67602, 2.5
side: 0, 0, 0
front only
else
else
front: 1.00625, 0.517126, 2.5
side: 0, 0, 0
front only
else
else
else
else
else
else
else
else
front: 0.509118, 1.73528, 2.5
side: 0, 0, 0
front only
else
front: 0.252579, 0, 2.5
side: 0, 0, 0
front only
front: 0, 1.00901, 2.5
side: 0, 0, 0
front only
else
else
else
else
else
else
else
else
else
else
else
else
else
else
else
front: 0, 0.83824, 2.5
side: 0, 0, 0
front only
else
front: 0, 1.73137, 2.5
side: 0, 0, 0
front only
front: 0, 0.190067, 2.5
side: 0, 0, 0
front only
else
front: 0.254135, 0, 2.5
side: 0, 0, 0
front only
front: 1.93915, 0, 2.5
side: 0, 0, 0
front only
else
else
else
else
front: 0, 0, 2.5
side: 0, 0, 0
front only
else
else
else
front: 1.35853, 0, 2.5
side: 0, 0, 0
front only
else
else
else
else
else
front: 0.993951, 0, 2.5
side: 0, 0, 0
front only
front: 0, 0, 2.5
side: 0, 0, 0
front only
front: 0, 0, 2.5
side: 0, 0, 0
front only
else
else
else
else
front: 0, 0.54516, 2.5
side: 0, 0, 0
front only
else
front: 0, 0, 2.5
back: 0, 0, 7.5
front back
photon_ene: 661.6 photon_theta: 0.213443 photon_phi: 3.24363
traject_len: 5
pe_len: 63.1151 cs_len: 1.48163
---
else
front: 0.99953, 0, 2.5
side: 0, 0, 0
front only
else
else
front: 0.17278, 2.11848, 2.5
side: 0, 0, 0
front only
else
front: 2.13631, 0.0267954, 2.5
side: 0, 0, 0
front only
else
else
else
else
front: 0, 0, 2.5
side: 0, 0, 0
front only
front: 0.522313, 0, 2.5
side: 0, 0, 0
front only
else
else
else
front: 0, 1.46956, 2.5
side: 0, 0, 0
front only
else
else
front: 0, 0.248512, 2.5
side: 0, 0, 0
front only
else
else
else
else
front: 0.426953, 1.85589, 2.5
side: 0, 0, 0
front only
else
front: 0.0977774, 0.0914627, 2.5
back: 0.293332, 0.274388, 7.5
front back
photon_ene: 661.6 photon_theta: 0.0535039 photon_phi: 0.752042
traject_len: 5.00717
pe_len: 100.749 cs_len: 3.20449
---
else
front: 0.588541, 1.20084, 2.5
side: 0, 0, 0
front only
front: 0, 0, 2.5
side: 0, 0, 0
front only
front: 1.93582, 0, 2.5
side: 0, 0, 0
front only
else
else
else
front: 0.950783, 0, 2.5
side: 0, 0, 0
front only
else
else
else
else
else
else
else
else
else
else
front: 0, 0, 2.5
side: 0, 0, 0
front only
else
front: 0.189112, 0, 2.5
back: 0.567336, 0, 7.5
front back
photon_ene: 661.6 photon_theta: 0.264565 photon_phi: 4.99537
traject_len: 5.01428
pe_len: 80.0103 cs_len: 1.73096
---
else
else
else
else
front: 0.197793, 0, 2.5
back: 0.593379, 0, 7.5
front back
photon_ene: 661.6 photon_theta: 3.02775 photon_phi: 2.33502
traject_len: 5.01562
pe_len: 5.35641 cs_len: 0.135746
---
else
else
else
else
else
else
front: 0, 0, 2.5
side: 0, 0, 0
front only
else
else
else
front: 0, 0, 2.5
side: 0, 0, 0
front only
front: 0, 0.318962, 2.5
side: 0, 0, 0
front only
else
else
front: 1.92333, 1.17723, 2.5
side: 0, 0, 0
front only
else
else
else
else
else
else
else
else
else
front: 0.144305, 0.623216, 2.5
back: 0.432915, 1.86965, 7.5
front back
photon_ene: 661.6 photon_theta: 0.250507 photon_phi: 1.34326
traject_len: 5.16109
pe_len: 37.6658 cs_len: 3.79378
---
else
else
else
front: 0, 1.47717, 2.5
side: 0, 0, 0
front only
front: 0, 0.136759, 2.5
side: 0, 0, 0
front only
front: 0, 0, 2.5
side: 0, 0, 0
front only
else
else
else
front: 1.45776, 0.203146, 2.5
side: 0, 0, 0
front only
else
else
front: 0.474769, 0, 2.5
side: 0, 0, 0
front only
front: 0, 0, 2.5
side: 0, 0, 0
front only
else
else
else
else
else
else
else
front: 2.40143, 0.2566, 2.5
side: 0, 0, 0
front only
front: 0, 0.111445, 2.5
side: 0, 0, 0
front only
front: 0.490648, 2.39871, 2.5
side: 0, 0, 0
front only
front: 0, 0.883853, 2.5
side: 0, 0, 0
front only
else
front: 0.206697, 1.15603, 2.5
side: 0, 0, 0
front only
else
else
else
else
front: 0, 0, 2.5
side: 0, 0, 0
front only
else
else
front: 0, 1.0022, 2.5
side: 0, 0, 0
front only
else
else
else
else
else
else
else
else
else
front: 0, 2.37366, 2.5
side: 0, 0, 0
front only
front: 0.574463, 0.684852, 2.5
side: 0, 0, 0
front only
else
front: 0, 1.41812, 2.5
side: 0, 0, 0
front only
else
else
else
front: 0.293105, 0, 2.5
back: 0.879314, 0, 7.5
front back
photon_ene: 661.6 photon_theta: 0.223873 photon_phi: 5.2533
traject_len: 5.03425
pe_len: 16.7315 cs_len: 10.698
---
front: 0.930619, 0, 2.5
side: 0, 0, 0
front only
front: 0, 0, 2.5
side: 0, 0, 0
front only
else
else
else
else
else
else
front: 0, 0, 2.5
side: 0, 0, 0
front only
else
front: 0, 0, 2.5
back: 0, 0, 7.5
front back
photon_ene: 661.6 photon_theta: 0.03336 photon_phi: 4.3446
traject_len: 5
pe_len: 92.0425 cs_len: 2.48853
---
else
else
else
else
else
front: 0.91947, 0.135533, 2.5
side: 0, 0, 0
front only
else
else
else
front: 0.335891, 1.90315, 2.5
side: 0, 0, 0
front only
else
front: 0.512425, 0.714885, 2.5
side: 0, 0, 0
front only
else
front: 0, 0.192874, 2.5
side: 0, 0, 0
front only
else
else
else
else
front: 0, 0, 2.5
side: 0, 0, 0
front only
else
else
else
else
else
front: 0, 1.35515, 2.5
side: 0, 0, 0
front only
else
front: 0.422755, 0, 2.5
back: 1.26827, 0, 7.5
front back
photon_ene: 661.6 photon_theta: 2.83084 photon_phi: 2.12532
traject_len: 5.07098
pe_len: 24.5538 cs_len: 3.8579
---
front: 0, 0, 2.5
side: 0, 0, 0
front only
front: 0, 2.01054, 2.5
side: 0, 0, 0
front only
else
front: 0.808249, 2.0714, 2.5
side: 0, 0, 0
front only
else
else
else
front: 0, 0, 2.5
side: 0, 0, 0
front only
else
else
front: 0.524806, 0, 2.5
back: 1.57442, 0, 7.5
front back
photon_ene: 661.6 photon_theta: 2.9342 photon_phi: 3.07328
traject_len: 5.10898
pe_len: 81.9734 cs_len: 0.103001
---
else
else
else
else
else
else
front: 0, 0, 2.5
back: 0, 0, 7.5
front back
photon_ene: 661.6 photon_theta: 2.84322 photon_phi: 1.01904
traject_len: 5
pe_len: 50.1086 cs_len: 2.45057
---
else
front: 0, 0.484711, 2.5
back: 0, 1.45413, 7.5
front back
photon_ene: 661.6 photon_theta: 0.271076 photon_phi: 2.3695
traject_len: 5.09311
pe_len: 49.1189 cs_len: 2.74281
---
else
else
else
else
front: 0.949214, 1.9828, 2.5
side: 0, 0, 0
front only
else
else
else
else
front: 0.493669, 0, 2.5
side: 0, 0, 0
front only
front: 0, 0, 2.5
side: 0, 0, 0
front only
else
else
else
else
else
front: 1.43609, 1.8008, 2.5
side: 0, 0, 0
front only
front: 0, 0.0550529, 2.5
side: 0, 0, 0
front only
else
else
else
else
else
else
else
else
else
front: 1.72799, 0, 2.5
side: 0, 0, 0
front only
else
else
else
front: 0, 1.54752, 2.5
side: 0, 0, 0
front only
else
else
front: 0.216526, 0.0637317, 2.5
back: 0.649577, 0.191195, 7.5
front back
photon_ene: 661.6 photon_theta: 3.05155 photon_phi: 3.42785
traject_len: 5.02034
pe_len: 3.34448 cs_len: 7.57933
---
else
else
else
else
else
else
else
else
else
front: 0.72645, 0, 2.5
side: 0, 0, 0
front only
else
front: 0, 0, 2.5
back: 0, 0, 7.5
front back
photon_ene: 661.6 photon_theta: 0.163706 photon_phi: 4.1775
traject_len: 5
pe_len: 141.408 cs_len: 4.39918
---
else
front: 2.33112, 0, 2.5
side: 0, 0, 0
front only
front: 0.668111, 0.325734, 2.5
back: 2.00433, 0.977202, 7.5
front back
photon_ene: 661.6 photon_theta: 2.8526 photon_phi: 3.59523
traject_len: 5.21631
pe_len: 54.1327 cs_len: 1.71255
---
else
front: 0, 1.31272, 2.5
side: 0, 0, 0
front only
else
else
else
else
front: 0.611816, 0, 2.5
side: 0, 0, 0
front only
else
else
else
else
else
else
front: 0.22148, 0, 2.5
back: 0.66444, 0, 7.5
front back
photon_ene: 661.6 photon_theta: 3.00062 photon_phi: 2.24501
traject_len: 5.01958
pe_len: 46.2378 cs_len: 2.85088
---
else
front: 0.146126, 0, 2.5
back: 0.438378, 0, 7.5
front back
photon_ene: 661.6 photon_theta: 0.265449 photon_phi: 4.92908
traject_len: 5.00853
pe_len: 64.437 cs_len: 0.559926
---
else
else
front: 0, 0.144245, 2.5
side: 0, 0, 0
front only
else
front: 0, 1.81838, 2.5
side: 0, 0, 0
front only
else
front: 0, 0, 2.5
side: 0, 0, 0
front only
front: 0.928458, 0, 2.5
side: 0, 0, 0
front only
else
front: 1.48211, 0, 2.5
side: 0, 0, 0
front only
else
else
front: 0.530405, 0.478428, 2.5
back: 1.59122, 1.43528, 7.5
front back
photon_ene: 661.6 photon_theta: 2.86329 photon_phi: 3.87551
traject_len: 5.20009
pe_len: 3.24666 cs_len: 18.1036
---
else
else
else
else
front: 0.994117, 0.758688, 2.5
side: 0, 0, 0
front only
else
else
else
else
else
else
else
front: 0, 0, 2.5
side: 0, 0, 0
front only
front: 0.709843, 0, 2.5
side: 0, 0, 0
front only
else
else
else
else
else
else
else
else
front: 0.0166755, 0, 2.5
back: 0.0500266, 0, 7.5
front back
photon_ene: 661.6 photon_theta: 0.109321 photon_phi: 4.7732
traject_len: 5.00011
pe_len: 52.2629 cs_len: 1.22764
---
else
front: 0.495365, 0.570733, 2.5
back: 1.48609, 1.7122, 7.5
front back
photon_ene: 661.6 photon_theta: 0.293557 photon_phi: 0.855976
traject_len: 5.22346
pe_len: 134.786 cs_len: 0.304787
---
else
else
else
else
else
front: 1.26354, 0, 2.5
side: 0, 0, 0
front only
front: 0.254014, 0.228322, 2.5
back: 0.762042, 0.684967, 7.5
front back
photon_ene: 661.6 photon_theta: 0.135778 photon_phi: 0.732183
traject_len: 5.04645
pe_len: 0.845768 cs_len: 7.72578
---
front: 1.33985, 0.493039, 2.5
side: 0, 0, 0
front only
front: 0, 0.278794, 2.5
back: 0, 0.836381, 7.5
front back
photon_ene: 661.6 photon_theta: 0.175725 photon_phi: 2.46252
traject_len: 5.03099
pe_len: 12.2428 cs_len: 3.32178
---
else
else
else
front: 0, 0, 2.5
side: 0, 0, 0
front only
front: 0, 0.960738, 2.5
side: 0, 0, 0
front only
else
else
else
else
else
else
front: 0, 0, 2.5
back: 0, 0, 7.5
front back
photon_ene: 661.6 photon_theta: 0.314008 photon_phi: 4.25361
traject_len: 5
pe_len: 13.9133 cs_len: 5.98849
---
else
else
else
else
else
else
front: 0, 1.02485, 2.5
side: 0, 0, 0
front only
else
else
else
else
else
else
front: 0, 0.735102, 2.5
side: 0, 0, 0
front only
else
else
else
front: 0, 0, 2.5
side: 0, 0, 0
front only
else
else
else
else
front: 0.357163, 0.24269, 2.5
back: 1.07149, 0.728069, 7.5
front back
photon_ene: 661.6 photon_theta: 2.97055 photon_phi: 3.73842
traject_len: 5.07404
pe_len: 45.3552 cs_len: 13.6412
---
front: 0.74597, 0.321549, 2.5
back: 2.23791, 0.964647, 7.5
front back
photon_ene: 661.6 photon_theta: 0.314167 photon_phi: 0.406982
traject_len: 5.25732
pe_len: 33.7582 cs_len: 13.5157
---
else
else
front: 0.329375, 0.0881358, 2.5
back: 0.988125, 0.264407, 7.5
front back
photon_ene: 661.6 photon_theta: 3.00604 photon_phi: 3.40305
traject_len: 5.04629
pe_len: 42.1301 cs_len: 0.910205
---
else
else
front: 1.10921, 0.194101, 2.5
side: 0, 0, 0
front only
else
else
else
else
else
front: 0, 1.20988, 2.5
side: 0, 0, 0
front only
else
else
else
else
front: 0, 0, 2.5
side: 0, 0, 0
front only
else
else
else
else
else
front: 0, 0.20912, 2.5
side: 0, 0, 0
front only
front: 0, 0.820701, 2.5
side: 0, 0, 0
front only
else
front: 0.21657, 0.259411, 2.5
back: 0.64971, 0.778234, 7.5
front back
photon_ene: 661.6 photon_theta: 3.00723 photon_phi: 4.01676
traject_len: 5.04547
pe_len: 49.5912 cs_len: 0.830228
---
else
front: 0, 0.518517, 2.5
side: 0, 0, 0
front only
else
else
else
else
else
else
else
else
else
front: 0, 0, 2.5
side: 0, 0, 0
front only
front: 2.29647, 0, 2.5
side: 0, 0, 0
front only
front: 0.122498, 0, 2.5
side: 0, 0, 0
front only
else
else
else
front: 0, 0.598554, 2.5
side: 0, 0, 0
front only
else
else
front: 0, 0.0719379, 2.5
back: 0, 0.215814, 7.5
front back
photon_ene: 661.6 photon_theta: 2.85366 photon_phi: 6.18587
traject_len: 5.00207
pe_len: 136.85 cs_len: 1.49951
---
else
else
else
else
else
else
else
else
else
front: 0.0480543, 0, 2.5
side: 0, 0, 0
front only
front: 0.0823703, 0, 2.5
back: 0.247111, 0, 7.5
front back
photon_ene: 661.6 photon_theta: 2.9892 photon_phi: 1.787
traject_len: 5.00271
pe_len: 21.1192 cs_len: 0.32514
---
else
else
else
else
else
else
else
else
else
else
else
else
else
else
else
else
else
front: 0, 1.14207, 2.5
side: 0, 0, 0
front only
else
front: 0, 0, 2.5
side: 0, 0, 0
front only
else
else
else
else
else
front: 0, 0, 2.5
side: 0, 0, 0
front only
else
front: 1.12175, 0, 2.5
side: 0, 0, 0
front only
front: 0.951323, 0, 2.5
side: 0, 0, 0
front only
else
else
else
front: 0, 0, 2.5
side: 0, 0, 0
front only
front: 0, 2.09614, 2.5
side: 0, 0, 0
front only
else
front: 0, 2.01786, 2.5
side: 0, 0, 0
front only
else
else
else
else
else
else
else
front: 0, 0, 2.5
side: 0, 0, 0
front only
else
else
else
else
front: 1.70838, 0, 2.5
side: 0, 0, 0
front only
else
else
else
else
else
else
front: 0, 0, 2.5
back: 0, 0, 7.5
front back
photon_ene: 661.6 photon_theta: 0.19752 photon_phi: 3.36134
traject_len: 5
pe_len: 41.646 cs_len: 8.91225
---
else
else
else
else
front: 0, 0, 2.5
side: 0, 0, 0
front only
front: 0, 0, 2.5
side: 0, 0, 0
front only
else
else
front: 0, 0, 2.5
side: 0, 0, 0
front only
front: 0, 0, 2.5
side: 0, 0, 0
front only
front: 1.34775, 0, 2.5
side: 0, 0, 0
front only
else
else
else
else
else
else
else
else
else
else
else
else
else
else
front: 0.0361186, 2.23751, 2.5
side: 0, 0, 0
front only
else
front: 0, 0.462974, 2.5
back: 0, 1.38892, 7.5
front back
photon_ene: 661.6 photon_theta: 0.285604 photon_phi: 2.45916
traject_len: 5.08502
pe_len: 30.9037 cs_len: 2.11277
---
else
else
else
front: 0.713048, 0.320732, 2.5
back: 2.13914, 0.962197, 7.5
front back
photon_ene: 661.6 photon_theta: 2.83849 photon_phi: 3.56428
traject_len: 5.23882
pe_len: 4.28731 cs_len: 2.09651
---
else
else
else
else
front: 0, 0, 2.5
side: 0, 0, 0
front only
else
else
else
else
front: 1.4446, 1.38774, 2.5
side: 0, 0, 0
front only
else
else
else
else
else
else
front: 1.06316, 1.00503, 2.5
side: 0, 0, 0
front only
front: 0, 0, 2.5
side: 0, 0, 0
front only
else
else
else
front: 0.823309, 0, 2.5
side: 0, 0, 0
front only
else
front: 0.0972846, 0.974518, 2.5
side: 0, 0, 0
front only
else
front: 1.95825, 0.82821, 2.5
side: 0, 0, 0
front only
else
else
else
else
else
else
front: 0.726348, 1.3598, 2.5
side: 0, 0, 0
front only
else
else
front: 1.6245, 0, 2.5
side: 0, 0, 0
front only
else
else
else
front: 0, 1.16016, 2.5
side: 0, 0, 0
front only
else
else
else
front: 0.857614, 0, 2.5
side: 0, 0, 0
front only
front: 1.39163, 0.097064, 2.5
side: 0, 0, 0
front only
else
else
else
front: 0, 1.91267, 2.5
side: 0, 0, 0
front only
else
front: 0, 0, 2.5
side: 0, 0, 0
front only
else
else
else
front: 0, 0.0740519, 2.5
back: 0, 0.222156, 7.5
front back
photon_ene: 661.6 photon_theta: 2.927 photon_phi: 6.14686
traject_len: 5.00219
pe_len: 40.6766 cs_len: 2.28803
---
else
else
front: 0, 0.74736, 2.5
side: 0, 0, 0
front only
else
else
else
front: 1.3769, 0, 2.5
side: 0, 0, 0
front only
else
else
else
else
else
front: 1.08216, 2.05756, 2.5
side: 0, 0, 0
front only
front: 0.384948, 1.94793, 2.5
side: 0, 0, 0
front only
else
else
else
else
front: 0, 0, 2.5
side: 0, 0, 0
front only
else
else
else
front: 0, 0, 2.5
side: 0, 0, 0
front only
else
else
front: 0, 1.55821, 2.5
side: 0, 0, 0
front only
else
else
front: 0, 0.804125, 2.5
side: 0, 0, 0
front only
else
else
else
else
front: 1.14743, 0, 2.5
side: 0, 0, 0
front only
else
else
else
else
else
else
else
front: 0, 0, 2.5
side: 0, 0, 0
front only
else
else
else
front: 0, 0.475268, 2.5
side: 0, 0, 0
front only
else
else
else
else
else
front: 0, 0, 2.5
side: 0, 0, 0
front only
else
else
else
else
front: 1.02636, 0.116829, 2.5
side: 0, 0, 0
front only
else
front: 0.00524757, 0.471975, 2.5
back: 0.0157427, 1.41592, 7.5
front back
photon_ene: 661.6 photon_theta: 0.186605 photon_phi: 1.55968
traject_len: 5.08833
pe_len: 79.0252 cs_len: 2.95721
---
front: 0, 0.543544, 2.5
side: 0, 0, 0
front only
else
else
else
front: 0.999987, 2.1185, 2.5
side: 0, 0, 0
front only
else
front: 0, 1.28376, 2.5
side: 0, 0, 0
front only
else
else
else
else
front: 0.322798, 0, 2.5
side: 0, 0, 0
front only
else
else
else
else
else
front: 0.453593, 0.346358, 2.5
back: 1.36078, 1.03907, 7.5
front back
photon_ene: 661.6 photon_theta: 0.224438 photon_phi: 0.65214
traject_len: 5.12863
pe_len: 7.9797 cs_len: 10.3621
---
else
else
else
else
else
else
front: 0, 0, 2.5
side: 0, 0, 0
front only
else
else
else
else
else
front: 1.20514, 1.57295, 2.5
side: 0, 0, 0
front only
else
else
else
front: 0.337299, 0, 2.5
side: 0, 0, 0
front only
else
front: 0.561576, 1.80249, 2.5
side: 0, 0, 0
front only
else
else
front: 1.66196, 0.116729, 2.5
side: 0, 0, 0
front only
else
front: 0, 0, 2.5
side: 0, 0, 0
front only
else
else
else
else
else
else
else
front: 0, 1.79041, 2.5
side: 0, 0, 0
front only
else
else
else
else
else
else
else
else
else
else
front: 0, 0, 2.5
side: 0, 0, 0
front only
else
front: 0, 0, 2.5
back: 0, 0, 7.5
front back
photon_ene: 661.6 photon_theta: 0.148164 photon_phi: 3.9648
traject_len: 5
pe_len: 129.619 cs_len: 2.71312
---
front: 0, 0.613315, 2.5
back: 0, 1.83995, 7.5
front back
photon_ene: 661.6 photon_theta: 2.89369 photon_phi: 4.96094
traject_len: 5.14826
pe_len: 11.6444 cs_len: 0.178212
---
else
front: 0, 0, 2.5
side: 0, 0, 0
front only
front: 0, 0.0895663, 2.5
back: 0, 0.268699, 7.5
front back
photon_ene: 661.6 photon_theta: 3.03231 photon_phi: 5.95056
traject_len: 5.00321
pe_len: 30.5183 cs_len: 4.317
---
else
front: 0, 0, 2.5
side: 0, 0, 0
front only
front: 1.80438, 0, 2.5
side: 0, 0, 0
front only
else
front: 1.483, 0, 2.5
side: 0, 0, 0
front only
else
else
else
else
else
else
else
front: 1.06637, 0, 2.5
side: 0, 0, 0
front only
front: 0.615212, 0, 2.5
side: 0, 0, 0
front only
else
else
else
else
front: 0, 0.430417, 2.5
side: 0, 0, 0
front only
else
else
else
else
else
else
front: 0, 0, 2.5
side: 0, 0, 0
front only
else
front: 0, 0, 2.5
side: 0, 0, 0
front only
front: 0.920337, 0, 2.5
side: 0, 0, 0
front only
else
front: 0, 0.510109, 2.5
back: 0, 1.53033, 7.5
front back
photon_ene: 661.6 photon_theta: 0.248126 photon_phi: 2.20525
traject_len: 5.10302
pe_len: 7.04949 cs_len: 5.36959
---
else
front: 0, 0.528182, 2.5
back: 0, 1.58455, 7.5
front back
photon_ene: 661.6 photon_theta: 0.314891 photon_phi: 2.43583
traject_len: 5.11037
pe_len: 11.4888 cs_len: 0.0451135
---
front: 2.20872, 0, 2.5
side: 0, 0, 0
front only
front: 1.2916, 0.337064, 2.5
side: 0, 0, 0
front only
else
else
else
else
else
else
else
else
else
else
front: 0.19004, 0, 2.5
side: 0, 0, 0
front only
else
else
else
else
else
else
else
else
else
else
front: 1.8776, 0, 2.5
side: 0, 0, 0
front only
else
front: 0, 0, 2.5
side: 0, 0, 0
front only
else
front: 2.40071, 0, 2.5
side: 0, 0, 0
front only
else
front: 0, 0, 2.5
back: 0, 0, 7.5
front back
photon_ene: 661.6 photon_theta: 2.84813 photon_phi: 0.70094
traject_len: 5
pe_len: 14.9028 cs_len: 1.35645
---
front: 0.765315, 0, 2.5
back: 2.29594, 0, 7.5
front back
photon_ene: 661.6 photon_theta: 2.82753 photon_phi: 2.80069
traject_len: 5.22904
pe_len: 56.2105 cs_len: 3.10796
---
else
else
else
front: 0, 0.464622, 2.5
back: 0, 1.39387, 7.5
front back
photon_ene: 661.6 photon_theta: 0.187308 photon_phi: 1.7682
traject_len: 5.08562
pe_len: 81.1964 cs_len: 4.25443
---
else
else
else
else
front: 0, 0, 2.5
side: 0, 0, 0
front only
front: 0.00601493, 0, 2.5
side: 0, 0, 0
front only
front: 0, 0, 2.5
side: 0, 0, 0
front only
front: 0.769072, 0, 2.5
side: 0, 0, 0
front only
else
else
else
else
else
else
else
else
else
else
else
front: 0.790457, 0.0815756, 2.5
back: 2.37137, 0.244727, 7.5
front back
photon_ene: 661.6 photon_theta: 0.307762 photon_phi: 0.102837
traject_len: 5.24651
pe_len: 24.3326 cs_len: 1.00352
---
else
else
else
front: 0, 0, 2.5
side: 0, 0, 0
front only
else
else
front: 1.317, 1.79081, 2.5
side: 0, 0, 0
front only
else
front: 0, 0, 2.5
side: 0, 0, 0
front only
front: 0, 0, 2.5
back: 0, 0, 7.5
front back
photon_ene: 661.6 photon_theta: 2.9007 photon_phi: 1.30269
traject_len: 5
pe_len: 4.33989 cs_len: 0.473315
---
else
else
else
else
else
else
else
else
front: 0, 0.585302, 2.5
side: 0, 0, 0
front only
else
else
else
else
front: 0, 1.1582, 2.5
side: 0, 0, 0
front only
else
front: 0.881126, 0, 2.5
side: 0, 0, 0
front only
else
else
front: 0.883685, 0, 2.5
side: 0, 0, 0
front only
else
else
front: 0, 0.728873, 2.5
side: 0, 0, 0
front only
else
front: 0, 0, 2.5
side: 0, 0, 0
front only
else
front: 0, 0, 2.5
side: 0, 0, 0
front only
front: 0.895552, 1.29874, 2.5
side: 0, 0, 0
front only
else
else
front: 0, 0, 2.5
side: 0, 0, 0
front only
front: 0, 0.456121, 2.5
side: 0, 0, 0
front only
else
else
else
front: 0.522618, 0, 2.5
side: 0, 0, 0
front only
front: 0, 1.78802, 2.5
side: 0, 0, 0
front only
front: 0, 0.687522, 2.5
side: 0, 0, 0
front only
else
front: 0, 0.589059, 2.5
side: 0, 0, 0
front only
front: 2.12156, 1.14676, 2.5
side: 0, 0, 0
front only
else
else
front: 0, 0, 2.5
side: 0, 0, 0
front only
else
else
front: 0.157284, 1.8514, 2.5
side: 0, 0, 0
front only
else
else
else
else
else
else
else
else
front: 1.90148, 0, 2.5
side: 0, 0, 0
front only
front: 1.60579, 0, 2.5
side: 0, 0, 0
front only
else
else
else
else
front: 0, 1.32928, 2.5
side: 0, 0, 0
front only
else
else
else
front: 2.09844, 0, 2.5
side: 0, 0, 0
front only
else
front: 1.45266, 1.05377, 2.5
side: 0, 0, 0
front only
front: 0, 0, 2.5
back: 0, 0, 7.5
front back
photon_ene: 661.6 photon_theta: 0.135077 photon_phi: 4.67095
traject_len: 5
pe_len: 33.0668 cs_len: 3.62357
---
else
else
else
else
else
front: 0.0258471, 0.977196, 2.5
side: 0, 0, 0
front only
else
else
front: 0.68259, 0.0622087, 2.5
back: 2.04777, 0.186626, 7.5
front back
photon_ene: 661.6 photon_theta: 2.874 photon_phi: 3.23248
traject_len: 5.18452
pe_len: 47.0591 cs_len: 8.01227
---
front: 0, 0, 2.5
side: 0, 0, 0
front only
else
else
else
else
else
front: 0, 0, 2.5
side: 0, 0, 0
front only
else
else
front: 0, 0.372754, 2.5
side: 0, 0, 0
front only
front: 0, 0, 2.5
side: 0, 0, 0
front only
else
else
else
else
else
else
front: 0.125419, 1.06986, 2.5
side: 0, 0, 0
front only
else
front: 0, 0.433127, 2.5
back: 0, 1.29938, 7.5
front back
photon_ene: 661.6 photon_theta: 2.95155 photon_phi: 5.16195
traject_len: 5.07448
pe_len: 55.8447 cs_len: 0.117526
---
front: 0.735541, 0.48117, 2.5
side: 0, 0, 0
front only
else
else
front: 2.06065, 0.387761, 2.5
side: 0, 0, 0
front only
else
else
else
else
front: 1.07501, 0.783216, 2.5
side: 0, 0, 0
front only
else
else
else
else
else
else
else
front: 0.864713, 1.12138, 2.5
side: 0, 0, 0
front only
else
else
front: 0.413632, 0, 2.5
side: 0, 0, 0
front only
else
else
else
front: 0, 1.56576, 2.5
side: 0, 0, 0
front only
else
front: 0, 0, 2.5
side: 0, 0, 0
front only
else
front: 0, 0.703026, 2.5
side: 0, 0, 0
front only
else
front: 0.507357, 1.55594, 2.5
side: 0, 0, 0
front only
else
else
else
front: 0.71261, 0, 2.5
back: 2.13783, 0, 7.5
front back
photon_ene: 661.6 photon_theta: 2.85713 photon_phi: 2.91698
traject_len: 5.19916
pe_len: 68.5999 cs_len: 4.27286
---
else
front: 0, 0.841988, 2.5
side: 0, 0, 0
front only
else
else
front: 0, 0, 2.5
side: 0, 0, 0
front only
else
else
front: 0, 1.63109, 2.5
side: 0, 0, 0
front only
else
else
front: 0.286356, 0.542305, 2.5
back: 0.859067, 1.62691, 7.5
front back
photon_ene: 661.6 photon_theta: 2.90104 photon_phi: 4.22657
traject_len: 5.14824
pe_len: 0.414468 cs_len: 4.58769
---
else
else
else
front: 0, 1.1165, 2.5
side: 0, 0, 0
front only
else
else
front: 0, 0.156197, 2.5
back: 0, 0.468592, 7.5
front back
photon_ene: 661.6 photon_theta: 2.94687 photon_phi: 5.96083
traject_len: 5.00975
pe_len: 63.3134 cs_len: 0.869602
---
front: 0, 0.156336, 2.5
side: 0, 0, 0
front only
else
else
else
else
else
else
else
else
front: 0, 0, 2.5
side: 0, 0, 0
front only
front: 0, 0, 2.5
side: 0, 0, 0
front only
front: 1.67494, 1.62694, 2.5
side: 0, 0, 0
front only
else
else
else
else
else
else
front: 0, 1.20986, 2.5
side: 0, 0, 0
front only
else
front: 0.424351, 1.0669, 2.5
side: 0, 0, 0
front only
else
else
front: 0.236361, 0, 2.5
side: 0, 0, 0
front only
else
else
else
else
else
else
front: 1.9615, 0.0474233, 2.5
side: 0, 0, 0
front only
else
else
else
else
else
else
else
else
else
else
else
else
front: 0.523444, 1.78853, 2.5
side: 0, 0, 0
front only
else
else
else
else
front: 0, 0.31249, 2.5
side: 0, 0, 0
front only
else
else
front: 0, 0, 2.5
back: 0, 0, 7.5
front back
photon_ene: 661.6 photon_theta: 2.94798 photon_phi: 0.5409
traject_len: 5
pe_len: 36.1952 cs_len: 1.5957
---
else
else
else
else
else
else
else
else
front: 0, 0.930573, 2.5
side: 0, 0, 0
front only
else
front: 0.756688, 1.72452, 2.5
side: 0, 0, 0
front only
else
else
front: 0, 0, 2.5
side: 0, 0, 0
front only
else
front: 0, 0, 2.5
back: 0, 0, 7.5
front back
photon_ene: 661.6 photon_theta: 2.97054 photon_phi: 1.0772
traject_len: 5
pe_len: 58.8329 cs_len: 6.31602
---
front: 0, 0.508546, 2.5
side: 0, 0, 0
front only
else
else
else
else
front: 0.450464, 0.410807, 2.5
back: 1.35139, 1.23242, 7.5
front back
photon_ene: 661.6 photon_theta: 2.9024 photon_phi: 3.88098
traject_len: 5.14652
pe_len: 36.9166 cs_len: 0.107096
---
else
front: 0.0517711, 1.17003, 2.5
side: 0, 0, 0
front only
front: 0, 1.449, 2.5
side: 0, 0, 0
front only
else
else
else
front: 0, 0, 2.5
side: 0, 0, 0
front only
else
front: 0, 0, 2.5
side: 0, 0, 0
front only
else
else
else
else
else
front: 1.4068, 0, 2.5
side: 0, 0, 0
front only
else
front: 0.230882, 1.19582, 2.5
side: 0, 0, 0
front only
else
else
else
front: 0, 0, 2.5
side: 0, 0, 0
front only
else
else
else
else
else
else
else
front: 0, 0, 2.5
side: 0, 0, 0
front only
else
front: 0, 0, 2.5
side: 0, 0, 0
front only
else
else
else
else
front: 0, 0.941891, 2.5
side: 0, 0, 0
front only
else
else
else
else
else
else
front: 1.05767, 0, 2.5
side: 0, 0, 0
front only
else
else
else
else
front: 1.1383, 0.504631, 2.5
side: 0, 0, 0
front only
else
else
front: 0.938992, 0.821856, 2.5
side: 0, 0, 0
front only
else
front: 0, 0, 2.5
side: 0, 0, 0
front only
front: 0, 1.91494, 2.5
side: 0, 0, 0
front only
else
else
else
else
else
else
else
else
front: 1.12041, 0, 2.5
side: 0, 0, 0
front only
else
else
front: 0, 2.25468, 2.5
side: 0, 0, 0
front only
else
else
else
else
else
else
else
else
front: 0, 0, 2.5
side: 0, 0, 0
front only
front: 1.29358, 0.813322, 2.5
side: 0, 0, 0
front only
front: 0, 0.831432, 2.5
side: 0, 0, 0
front only
else
else
else
front: 0, 0, 2.5
side: 0, 0, 0
front only
front: 0.17449, 1.2839, 2.5
side: 0, 0, 0
front only
else
else
else
front: 0, 1.12179, 2.5
side: 0, 0, 0
front only
else
front: 0, 2.11171, 2.5
side: 0, 0, 0
front only
else
else
else
else
else
else
else
else
else
else
else
else
else
front: 0, 0.0644473, 2.5
back: 0, 0.193342, 7.5
front back
photon_ene: 661.6 photon_theta: 0.0262762 photon_phi: 1.76682
traject_len: 5.00166
pe_len: 8.49731 cs_len: 0.322721
---
else
else
else
else
else
front: 1.29745, 0, 2.5
side: 0, 0, 0
front only
else
else
front: 0.446869, 0, 2.5
back: 1.34061, 0, 7.5
front back
photon_ene: 661.6 photon_theta: 0.187995 photon_phi: 5.93379
traject_len: 5.07925
pe_len: 29.8858 cs_len: 2.97333
---
else
else
else
else
front: 0.914339, 0, 2.5
side: 0, 0, 0
front only
front: 0, 1.42951, 2.5
side: 0, 0, 0
front only
front: 0, 0.946387, 2.5
side: 0, 0, 0
front only
else
else
else
else
front: 0.674927, 1.23993, 2.5
side: 0, 0, 0
front only
else
else
else
else
front: 0, 0, 2.5
side: 0, 0, 0
front only
front: 0, 0, 2.5
side: 0, 0, 0
front only
else
else
else
else
else
else
front: 0.10673, 0.937157, 2.5
side: 0, 0, 0
front only
else
else
else
front: 1.08005, 0, 2.5
side: 0, 0, 0
front only
else
front: 0, 2.12608, 2.5
side: 0, 0, 0
front only
front: 0, 0, 2.5
side: 0, 0, 0
front only
else
else
front: 0, 0, 2.5
side: 0, 0, 0
front only
else
else
else
else
else
else
front: 0, 0.100132, 2.5
side: 0, 0, 0
front only
front: 0, 0, 2.5
side: 0, 0, 0
front only
else
front: 0.681546, 0, 2.5
back: 2.04464, 0, 7.5
front back
photon_ene: 661.6 photon_theta: 0.308098 photon_phi: 5.74116
traject_len: 5.18247
pe_len: 37.4036 cs_len: 1.99739
---
else
else
else
else
else
front: 1.52823, 0, 2.5
side: 0, 0, 0
front only
else
front: 0, 0.171388, 2.5
side: 0, 0, 0
front only
front: 1.17471, 0, 2.5
side: 0, 0, 0
front only
else
else
else
else
front: 0.890354, 0, 2.5
side: 0, 0, 0
front only
else
else
else
front: 0, 0, 2.5
side: 0, 0, 0
front only
front: 1.17998, 0, 2.5
side: 0, 0, 0
front only
else
front: 0.608723, 1.21143, 2.5
side: 0, 0, 0
front only
else
else
else
else
else
else
front: 0, 0, 2.5
side: 0, 0, 0
front only
else
front: 0, 0, 2.5
back: 0, 0, 7.5
front back
photon_ene: 661.6 photon_theta: 0.165105 photon_phi: 3.5187
traject_len: 5
pe_len: 22.4557 cs_len: 6.8721
---
else
else
front: 1.86139, 0, 2.5
side: 0, 0, 0
front only
front: 0.461294, 0, 2.5
back: 1.38388, 0, 7.5
front back
photon_ene: 661.6 photon_theta: 2.92104 photon_phi: 2.53749
traject_len: 5.0844
pe_len: 112.847 cs_len: 0.339782
---
front: 0, 0, 2.5
side: 0, 0, 0
front only
else
else
else
else
front: 0, 0, 2.5
back: 0, 0, 7.5
front back
photon_ene: 661.6 photon_theta: 3.01405 photon_phi: 1.17767
traject_len: 5
pe_len: 20.5952 cs_len: 0.0591993
---
else
front: 1.21035, 0, 2.5
side: 0, 0, 0
front only
else
front: 0, 0, 2.5
side: 0, 0, 0
front only
else
else
front: 0.18013, 0.352489, 2.5
back: 0.540391, 1.05747, 7.5
front back
photon_ene: 661.6 photon_theta: 0.157035 photon_phi: 1.09837
traject_len: 5.06229
pe_len: 44.9371 cs_len: 6.65666
---
else
else
front: 0, 0, 2.5
side: 0, 0, 0
front only
front: 0, 0.0741977, 2.5
back: 0, 0.222593, 7.5
front back
photon_ene: 661.6 photon_theta: 2.85935 photon_phi: 6.18066
traject_len: 5.0022
pe_len: 3.65463 cs_len: 0.545298
---
else
else
else
else
else
front: 0.788835, 0.605805, 2.5
side: 0, 0, 0
front only
front: 0.45568, 0.00678581, 2.5
back: 1.36704, 0.0203574, 7.5
front back
photon_ene: 661.6 photon_theta: 2.96128 photon_phi: 3.15648
traject_len: 5.0824
pe_len: 77.9847 cs_len: 0.561374
---
else
else
else
else
else
front: 1.34325, 0.0699169, 2.5
side: 0, 0, 0
front only
front: 0.451471, 0.853563, 2.5
side: 0, 0, 0
front only
else
else
front: 0, 2.27408, 2.5
side: 0, 0, 0
front only
front: 0.120392, 2.35503, 2.5
side: 0, 0, 0
front only
else
else
front: 0, 1.44213, 2.5
side: 0, 0, 0
front only
else
front: 0, 0.333634, 2.5
side: 0, 0, 0
front only
else
front: 0, 1.43421, 2.5
side: 0, 0, 0
front only
else
front: 1.25667, 1.58866, 2.5
side: 0, 0, 0
front only
else
else
front: 1.67646, 0, 2.5
side: 0, 0, 0
front only
else
else
front: 1.61747, 0.701636, 2.5
side: 0, 0, 0
front only
else
else
else
else
else
else
else
else
else
front: 0, 0, 2.5
side: 0, 0, 0
front only
else
else
front: 0.409882, 1.30407, 2.5
side: 0, 0, 0
front only
else
else
else
else
front: 1.68169, 1.7124, 2.5
side: 0, 0, 0
front only
front: 0, 0.381799, 2.5
back: 0, 1.1454, 7.5
front back
photon_ene: 661.6 photon_theta: 2.98495 photon_phi: 4.97024
traject_len: 5.05797
pe_len: 7.32536 cs_len: 4.10567
---
else
else
else
else
front: 1.4653, 0, 2.5
side: 0, 0, 0
front only
else
front: 0.231282, 0, 2.5
side: 0, 0, 0
front only
front: 0.40624, 0, 2.5
side: 0, 0, 0
front only
else
else
front: 2.23382, 0, 2.5
side: 0, 0, 0
front only
front: 0, 1.04008, 2.5
side: 0, 0, 0
front only
else
front: 0.586466, 0, 2.5
side: 0, 0, 0
front only
front: 0.830441, 0.921374, 2.5
side: 0, 0, 0
front only
else
else
else
else
front: 1.2033, 0, 2.5
side: 0, 0, 0
front only
front: 0, 0.773413, 2.5
side: 0, 0, 0
front only
else
front: 0.951862, 1.8721, 2.5
side: 0, 0, 0
front only
else
front: 0.628412, 1.52735, 2.5
side: 0, 0, 0
front only
front: 0.110319, 1.04686, 2.5
side: 0, 0, 0
front only
else
front: 0, 0.119368, 2.5
side: 0, 0, 0
front only
else
else
front: 1.55695, 0.239047, 2.5
side: 0, 0, 0
front only
front: 0.882929, 0, 2.5
side: 0, 0, 0
front only
else
else
else
else
front: 0, 0, 2.5
side: 0, 0, 0
front only
front: 0, 0, 2.5
side: 0, 0, 0
front only
front: 0.0712654, 0, 2.5
side: 0, 0, 0
front only
else
else
front: 0, 0, 2.5
side: 0, 0, 0
front only
else
else
else
front: 0, 1.42004, 2.5
side: 0, 0, 0
front only
else
else
else
front: 0, 0, 2.5
side: 0, 0, 0
front only
else
front: 0, 1.60127, 2.5
side: 0, 0, 0
front only
else
else
else
front: 0, 0, 2.5
side: 0, 0, 0
front only
front: 2.14886, 0.586629, 2.5
side: 0, 0, 0
front only
else
else
else
else
front: 0.93599, 0, 2.5
side: 0, 0, 0
front only
else
front: 1.04947, 0.412983, 2.5
side: 0, 0, 0
front only
front: 0, 0.67987, 2.5
back: 0, 2.03961, 7.5
front back
photon_ene: 661.6 photon_theta: 0.273221 photon_phi: 1.8145
traject_len: 5.18159
pe_len: 80.6374 cs_len: 2.31369
---
else
front: 2.35791, 0, 2.5
side: 0, 0, 0
front only
else
front: 0, 1.02523, 2.5
side: 0, 0, 0
front only
else
else
else
else
front: 1.00192, 0, 2.5
side: 0, 0, 0
front only
front: 0, 1.80277, 2.5
side: 0, 0, 0
front only
front: 0, 0.561396, 2.5
side: 0, 0, 0
front only
front: 0, 0, 2.5
back: 0, 0, 7.5
front back
photon_ene: 661.6 photon_theta: 0.101919 photon_phi: 3.48125
traject_len: 5
pe_len: 60.1903 cs_len: 2.66344
---
else
front: 0, 0, 2.5
side: 0, 0, 0
front only
else
else
else
front: 0, 0, 2.5
side: 0, 0, 0
front only
else
front: 0, 0, 2.5
side: 0, 0, 0
front only
front: 0, 0.399653, 2.5
back: 0, 1.19896, 7.5
front back
photon_ene: 661.6 photon_theta: 2.90293 photon_phi: 5.56626
traject_len: 5.06349
pe_len: 9.21418 cs_len: 11.6159
---
else
else
else
front: 0.210712, 1.50717, 2.5
side: 0, 0, 0
front only
else
else
else
front: 2.38786, 0, 2.5
side: 0, 0, 0
front only
else
else
front: 0.233587, 0, 2.5
side: 0, 0, 0
front only
front: 1.63313, 1.5552, 2.5
side: 0, 0, 0
front only
else
front: 0.540014, 0, 2.5
side: 0, 0, 0
front only
else
else
else
front: 0.358873, 0, 2.5
side: 0, 0, 0
front only
else
else
else
front: 0.0539993, 0, 2.5
side: 0, 0, 0
front only
else
else
else
else
else
else
else
else
else
else
else
else
front: 0.968339, 0, 2.5
side: 0, 0, 0
front only
else
front: 0.221676, 0.336762, 2.5
back: 0.665027, 1.01029, 7.5
front back
photon_ene: 661.6 photon_theta: 2.9817 photon_phi: 4.13023
traject_len: 5.0646
pe_len: 10.3908 cs_len: 3.61877
---
else
else
else
else
front: 1.2118, 0, 2.5
side: 0, 0, 0
front only
front: 0, 0, 2.5
side: 0, 0, 0
front only
else
else
else
else
else
front: 1.70148, 1.7736, 2.5
side: 0, 0, 0
front only
front: 0, 0, 2.5
back: 0, 0, 7.5
front back
photon_ene: 661.6 photon_theta: 2.88647 photon_phi: 0.608803
traject_len: 5
pe_len: 14.6549 cs_len: 0.878602
---
else
front: 0.497936, 0, 2.5
side: 0, 0, 0
front only
else
else
front: 0.495475, 0.503332, 2.5
back: 1.48642, 1.50999, 7.5
front back
photon_ene: 661.6 photon_theta: 2.86625 photon_phi: 3.93486
traject_len: 5.19571
pe_len: 34.7579 cs_len: 0.345046
---
else
front: 0, 0, 2.5
side: 0, 0, 0
front only
front: 0.238051, 0, 2.5
back: 0.714152, 0, 7.5
front back
photon_ene: 661.6 photon_theta: 0.107038 photon_phi: 5.80146
traject_len: 5.02262
pe_len: 67.1331 cs_len: 7.65226
---
else
else
else
front: 0.0015762, 0, 2.5
side: 0, 0, 0
front only
else
else
front: 0.902548, 0.904178, 2.5
side: 0, 0, 0
front only
else
else
else
front: 0, 0, 2.5
side: 0, 0, 0
front only
else
else
else
else
else
else
else
front: 0, 2.40383, 2.5
side: 0, 0, 0
front only
else
else
front: 0.372779, 0, 2.5
back: 1.11834, 0, 7.5
front back
photon_ene: 661.6 photon_theta: 0.176858 photon_phi: 5.69926
traject_len: 5.05528
pe_len: 71.9669 cs_len: 1.98555
---
front: 0.128225, 1.4681, 2.5
side: 0, 0, 0
front only
else
else
front: 0.419688, 0.0234896, 2.5
back: 1.25906, 0.0704688, 7.5
front back
photon_ene: 661.6 photon_theta: 0.16658 photon_phi: 0.0559108
traject_len: 5.07018
pe_len: 39.578 cs_len: 0.922982
---
else
front: 0, 0, 2.5
side: 0, 0, 0
front only
front: 0, 0, 2.5
side: 0, 0, 0
front only
front: 0.789487, 1.75043, 2.5
side: 0, 0, 0
front only
else
else
else
front: 0, 1.58907, 2.5
side: 0, 0, 0
front only
front: 0.76351, 0, 2.5
side: 0, 0, 0
front only
else
else
front: 0.115791, 0, 2.5
side: 0, 0, 0
front only
else
else
else
else
else
else
else
front: 0, 1.79069, 2.5
side: 0, 0, 0
front only
else
else
front: 1.90927, 0, 2.5
side: 0, 0, 0
front only
else
else
front: 1.80858, 0.832153, 2.5
side: 0, 0, 0
front only
else
else
else
front: 0, 0, 2.5
side: 0, 0, 0
front only
else
else
else
front: 0, 0.460062, 2.5
side: 0, 0, 0
front only
else
else
else
else
else
else
front: 0.732049, 0, 2.5
back: 2.19615, 0, 7.5
front back
photon_ene: 661.6 photon_theta: 0.295114 photon_phi: 6.01124
traject_len: 5.20995
pe_len: 68.6648 cs_len: 0.774465
---
front: 0, 2.16074, 2.5
side: 0, 0, 0
front only
else
front: 0, 0, 2.5
side: 0, 0, 0
front only
front: 0, 0, 2.5
back: 0, 0, 7.5
front back
photon_ene: 661.6 photon_theta: 0.218274 photon_phi: 3.39807
traject_len: 5
pe_len: 41.629 cs_len: 0.454941
---
else
front: 1.48018, 0.775941, 2.5
side: 0, 0, 0
front only
else
else
front: 0.253157, 0, 2.5
side: 0, 0, 0
front only
front: 0.534238, 0, 2.5
side: 0, 0, 0
front only
else
else
front: 0.057756, 1.79455, 2.5
side: 0, 0, 0
front only
else
front: 1.83879, 0.535955, 2.5
side: 0, 0, 0
front only
front: 1.04593, 1.68951, 2.5
side: 0, 0, 0
front only
else
else
else
front: 2.08094, 0.483425, 2.5
side: 0, 0, 0
front only
front: 0, 0.0183713, 2.5
back: 0, 0.0551139, 7.5
front back
photon_ene: 661.6 photon_theta: 3.09928 photon_phi: 6.10872
traject_len: 5.00013
pe_len: 29.6315 cs_len: 6.22374
---
else
else
else
else
front: 0.481483, 0, 2.5
side: 0, 0, 0
front only
else
else
else
else
else
front: 1.17303, 0, 2.5
side: 0, 0, 0
front only
else
else
front: 0, 0.57283, 2.5
back: 0, 1.71849, 7.5
front back
photon_ene: 661.6 photon_theta: 0.232732 photon_phi: 1.82961
traject_len: 5.12957
pe_len: 35.1937 cs_len: 4.10286
---
else
else
else
else
front: 0, 1.14085, 2.5
side: 0, 0, 0
front only
front: 0, 0, 2.5
back: 0, 0, 7.5
front back
photon_ene: 661.6 photon_theta: 2.9047 photon_phi: 0.883371
traject_len: 5
pe_len: 56.0985 cs_len: 2.55768
---
front: 1.27368, 0, 2.5
side: 0, 0, 0
front only
else
else
else
else
else
else
else
front: 0.402211, 0, 2.5
side: 0, 0, 0
front only
front: 0.576517, 1.00357, 2.5
side: 0, 0, 0
front only
else
else
front: 0, 0.398805, 2.5
side: 0, 0, 0
front only
else
else
front: 0, 0, 2.5
back: 0, 0, 7.5
front back
photon_ene: 661.6 photon_theta: 2.91314 photon_phi: 1.20623
traject_len: 5
pe_len: 24.5568 cs_len: 1.18304
---
else
else
front: 0.228707, 0, 2.5
back: 0.68612, 0, 7.5
front back
photon_ene: 661.6 photon_theta: 0.153522 photon_phi: 5.34494
traject_len: 5.02088
pe_len: 118.268 cs_len: 3.39487
---
else
front: 0.137755, 2.43674, 2.5
side: 0, 0, 0
front only
else
front: 1.04954, 0, 2.5
side: 0, 0, 0
front only
else
else
else
else
else
else
else
else
else
else
else
else
front: 1.49239, 0, 2.5
side: 0, 0, 0
front only
front: 0, 0.13229, 2.5
back: 0, 0.39687, 7.5
front back
photon_ene: 661.6 photon_theta: 2.98319 photon_phi: 5.94555
traject_len: 5.007
pe_len: 116.777 cs_len: 4.46557
---
else
else
else
else
else
else
else
else
else
else
else
else
else
else
else
else
front: 0.394907, 0, 2.5
side: 0, 0, 0
front only
else
else
else
front: 0, 0, 2.5
back: 0, 0, 7.5
front back
photon_ene: 661.6 photon_theta: 2.82042 photon_phi: 1.01645
traject_len: 5
pe_len: 27.3923 cs_len: 4.06408
---
else
else
else
else
else
else
else
else
else
front: 0, 0, 2.5
side: 0, 0, 0
front only
else
else
else
else
else
front: 0, 0, 2.5
side: 0, 0, 0
front only
else
else
front: 0, 0.773312, 2.5
back: 0, 2.31994, 7.5
front back
photon_ene: 661.6 photon_theta: 0.310753 photon_phi: 1.84309
traject_len: 5.23374
pe_len: 97.7323 cs_len: 0.547385
---
else
else
else
else
else
else
front: 0.897386, 1.294, 2.5
side: 0, 0, 0
front only
else
front: 0, 0, 2.5
back: 0, 0, 7.5
front back
photon_ene: 661.6 photon_theta: 2.85241 photon_phi: 0.257368
traject_len: 5
pe_len: 143.108 cs_len: 9.1214
---
else
else
else
else
front: 0.353367, 0.894554, 2.5
side: 0, 0, 0
front only
front: 0.703871, 0, 2.5
back: 2.11161, 0, 7.5
front back
photon_ene: 661.6 photon_theta: 0.278684 photon_phi: 6.10398
traject_len: 5.19439
pe_len: 31.0241 cs_len: 2.54337
---
else
else
else
else
else
else
front: 0.261049, 0, 2.5
side: 0, 0, 0
front only
else
front: 0, 0, 2.5
back: 0, 0, 7.5
front back
photon_ene: 661.6 photon_theta: 0.135832 photon_phi: 3.79979
traject_len: 5
pe_len: 1.85173 cs_len: 0.48892
---
else
else
else
front: 0.269625, 0.464368, 2.5
back: 0.808875, 1.3931, 7.5
front back
photon_ene: 661.6 photon_theta: 0.211573 photon_phi: 1.04474
traject_len: 5.11403
pe_len: 21.1267 cs_len: 1.37112
---
else
else
else
front: 1.9073, 0.0669336, 2.5
side: 0, 0, 0
front only
front: 0.875434, 0, 2.5
side: 0, 0, 0
front only
else
front: 0.748821, 0.0720634, 2.5
back: 2.24646, 0.21619, 7.5
front back
photon_ene: 661.6 photon_theta: 2.8493 photon_phi: 3.23753
traject_len: 5.22147
pe_len: 33.337 cs_len: 0.944716
---
else
else
front: 0, 0, 2.5
side: 0, 0, 0
front only
else
front: 0, 0.50906, 2.5
back: 0, 1.52718, 7.5
front back
photon_ene: 661.6 photon_theta: 0.200941 photon_phi: 1.59623
traject_len: 5.1026
pe_len: 83.6764 cs_len: 2.01468
---
front: 0.660535, 0.692005, 2.5
side: 0, 0, 0
front only
front: 0, 0, 2.5
side: 0, 0, 0
front only
front: 0.351797, 1.68621, 2.5
side: 0, 0, 0
front only
else
else
else
front: 0, 0, 2.5
back: 0, 0, 7.5
front back
photon_ene: 661.6 photon_theta: 2.96331 photon_phi: 0.521866
traject_len: 5
pe_len: 11.9999 cs_len: 3.23732
---
else
else
front: 0, 1.52412, 2.5
side: 0, 0, 0
front only
else
front: 0, 0, 2.5
side: 0, 0, 0
front only
else
else
else
else
else
front: 0.284368, 2.37583, 2.5
side: 0, 0, 0
front only
front: 0, 0, 2.5
side: 0, 0, 0
front only
else
front: 0.0644508, 0, 2.5
back: 0.193352, 0, 7.5
front back
photon_ene: 661.6 photon_theta: 0.09503 photon_phi: 4.98627
traject_len: 5.00166
pe_len: 18.4435 cs_len: 12.134
---
else
else
front: 0, 1.84518, 2.5
side: 0, 0, 0
front only
else
else
else
else
front: 0.594388, 0, 2.5
side: 0, 0, 0
front only
else
else
else
else
else
else
else
else
else
front: 0, 0, 2.5
back: 0, 0, 7.5
front back
photon_ene: 661.6 photon_theta: 2.82275 photon_phi: 1.40048
traject_len: 5
pe_len: 53.5487 cs_len: 2.7148
---
else
else
else
else
else
front: 0, 0.0261678, 2.5
side: 0, 0, 0
front only
else
else
else
else
front: 0.155438, 0.785682, 2.5
back: 0.466313, 2.35705, 7.5
front back
photon_ene: 661.6 photon_theta: 2.83156 photon_phi: 4.51707
traject_len: 5.25032
pe_len: 22.6619 cs_len: 8.03198
---
else
else
front: 0, 0.705569, 2.5
side: 0, 0, 0
front only
front: 0.0107687, 0.088069, 2.5
back: 0.032306, 0.264207, 7.5
front back
photon_ene: 661.6 photon_theta: 3.10612 photon_phi: 4.59072
traject_len: 5.00315
pe_len: 0.867889 cs_len: 0.940923
---
else
else
else
front: 0, 0.648516, 2.5
side: 0, 0, 0
front only
else
else
front: 0.510772, 0, 2.5
back: 1.53232, 0, 7.5
front back
photon_ene: 661.6 photon_theta: 2.89718 photon_phi: 2.53081
traject_len: 5.10329
pe_len: 28.3353 cs_len: 3.25806
---
else
else
else
else
front: 0, 0.609226, 2.5
side: 0, 0, 0
front only
else
else
else
else
front: 0, 1.97279, 2.5
side: 0, 0, 0
front only
else
else
else
else
else
else
else
else
else
else
front: 0, 0, 2.5
side: 0, 0, 0
front only
else
front: 1.4704, 0, 2.5
side: 0, 0, 0
front only
front: 0, 0.78428, 2.5
side: 0, 0, 0
front only
else
else
else
front: 0.713516, 0.409161, 2.5
back: 2.14055, 1.22748, 7.5
front back
photon_ene: 661.6 photon_theta: 2.82374 photon_phi: 3.66226
traject_len: 5.26366
pe_len: 14.9343 cs_len: 0.842065
---
else
front: 0, 1.30977, 2.5
side: 0, 0, 0
front only
front: 0.0427114, 0.75336, 2.5
back: 0.128134, 2.26008, 7.5
front back
photon_ene: 661.6 photon_theta: 0.293133 photon_phi: 1.51416
traject_len: 5.22279
pe_len: 23.1109 cs_len: 5.61494
---
else
else
else
else
else
else
else
else
else
else
else
else
else
front: 0, 1.95181, 2.5
side: 0, 0, 0
front only
else
else
front: 1.03051, 0.336483, 2.5
side: 0, 0, 0
front only
front: 0.375087, 0.598558, 2.5
back: 1.12526, 1.79567, 7.5
front back
photon_ene: 661.6 photon_theta: 0.275371 photon_phi: 1.01101
traject_len: 5.19575
pe_len: 19.3884 cs_len: 0.656951
---
else
else
else
else
else
front: 1.65238, 0, 2.5
side: 0, 0, 0
front only
else
front: 0.621403, 0, 2.5
back: 1.86421, 0, 7.5
front back
photon_ene: 661.6 photon_theta: 2.89352 photon_phi: 2.94796
traject_len: 5.15214
pe_len: 89.4014 cs_len: 10.5809
---
else
front: 2.26333, 0.192474, 2.5
side: 0, 0, 0
front only
front: 1.06501, 0, 2.5
side: 0, 0, 0
front only
else
front: 0, 0, 2.5
side: 0, 0, 0
front only
else
front: 0, 0, 2.5
side: 0, 0, 0
front only
else
front: 0.502932, 0, 2.5
back: 1.5088, 0, 7.5
front back
photon_ene: 661.6 photon_theta: 2.88229 photon_phi: 2.43158
traject_len: 5.10017
pe_len: 41.5978 cs_len: 5.17843
---
front: 1.22995, 0.367272, 2.5
side: 0, 0, 0
front only
else
front: 0.483955, 0, 2.5
side: 0, 0, 0
front only
else
else
front: 1.83896, 0, 2.5
side: 0, 0, 0
front only
else
else
front: 0, 0.408454, 2.5
side: 0, 0, 0
front only
else
else
front: 1.74849, 0, 2.5
side: 0, 0, 0
front only
front: 0, 0, 2.5
side: 0, 0, 0
front only
else
front: 0.707818, 0.371145, 2.5
back: 2.12345, 1.11343, 7.5
front back
photon_ene: 661.6 photon_theta: 2.83217 photon_phi: 3.62453
traject_len: 5.24929
pe_len: 14.287 cs_len: 0.667098
---
front: 0, 0.727227, 2.5
side: 0, 0, 0
front only
else
else
front: 1.89685, 0, 2.5
side: 0, 0, 0
front only
else
front: 0, 1.25513, 2.5
side: 0, 0, 0
front only
else
front: 0, 0, 2.5
side: 0, 0, 0
front only
else
front: 0, 2.15215, 2.5
side: 0, 0, 0
front only
else
else
else
front: 0.312907, 0, 2.5
side: 0, 0, 0
front only
front: 0.760327, 0, 2.5
side: 0, 0, 0
front only
front: 0.111052, 0.567535, 2.5
back: 0.333157, 1.70261, 7.5
front back
photon_ene: 661.6 photon_theta: 2.91427 photon_phi: 4.51916
traject_len: 5.13203
pe_len: 22.3357 cs_len: 0.620307
---
front: 0, 1.82169, 2.5
side: 0, 0, 0
front only
else
front: 0.22009, 2.30053, 2.5
side: 0, 0, 0
front only
else
else
else
else
front: 0, 0, 2.5
back: 0, 0, 7.5
front back
photon_ene: 661.6 photon_theta: 0.320908 photon_phi: 3.14616
traject_len: 5
pe_len: 8.22942 cs_len: 0.704402
---
else
else
front: 0, 1.7102, 2.5
side: 0, 0, 0
front only
else
front: 1.68861, 0, 2.5
side: 0, 0, 0
front only
else
else
else
else
else
else
else
else
else
else
else
front: 0, 0.333971, 2.5
back: 0, 1.00191, 7.5
front back
photon_ene: 661.6 photon_theta: 3.00878 photon_phi: 4.72194
traject_len: 5.04442
pe_len: 28.7784 cs_len: 1.76118
---
front: 0, 0.844584, 2.5
side: 0, 0, 0
front only
else
front: 0.651507, 0, 2.5
side: 0, 0, 0
front only
front: 0, 0.247438, 2.5
side: 0, 0, 0
front only
else
front: 1.01638, 0, 2.5
side: 0, 0, 0
front only
else
else
front: 1.29323, 0, 2.5
side: 0, 0, 0
front only
else
else
front: 0, 1.55786, 2.5
side: 0, 0, 0
front only
else
front: 0, 0, 2.5
side: 0, 0, 0
front only
front: 0.726173, 0, 2.5
side: 0, 0, 0
front only
else
else
else
front: 1.57131, 0, 2.5
side: 0, 0, 0
front only
else
else
else
else
front: 0.434195, 0, 2.5
side: 0, 0, 0
front only
else
front: 0, 0.948018, 2.5
side: 0, 0, 0
front only
else
else
else
else
front: 0, 0.334625, 2.5
side: 0, 0, 0
front only
front: 0.330885, 1.42024, 2.5
side: 0, 0, 0
front only
front: 0.29304, 2.34157, 2.5
side: 0, 0, 0
front only
front: 0, 0, 2.5
side: 0, 0, 0
front only
else
else
else
else
else
else
else
else
else
else
else
front: 0, 0, 2.5
side: 0, 0, 0
front only
else
else
front: 0.322142, 0.716608, 2.5
back: 0.966425, 2.14982, 7.5
front back
photon_ene: 661.6 photon_theta: 2.83709 photon_phi: 4.28992
traject_len: 5.24111
pe_len: 6.25125 cs_len: 13.1598
---
else
else
front: 0.20858, 0, 2.5
side: 0, 0, 0
front only
else
else
else
else
else
else
front: 1.55532, 1.30115, 2.5
side: 0, 0, 0
front only
front: 0, 0, 2.5
back: 0, 0, 7.5
front back
photon_ene: 661.6 photon_theta: 2.91789 photon_phi: 0.775133
traject_len: 5
pe_len: 12.4148 cs_len: 1.11567
---
else
else
front: 0.489308, 0, 2.5
back: 1.46792, 0, 7.5
front back
photon_ene: 661.6 photon_theta: 0.213559 photon_phi: 5.83794
traject_len: 5.09487
pe_len: 8.12073 cs_len: 2.93979
---
else
else
else
else
else
else
front: 0.218089, 0, 2.5
back: 0.654268, 0, 7.5
front back
photon_ene: 661.6 photon_theta: 0.305634 photon_phi: 4.99252
traject_len: 5.01899
pe_len: 56.2237 cs_len: 4.97667
---
else
else
else
else
front: 0, 0, 2.5
side: 0, 0, 0
front only
front: 0, 1.09414, 2.5
side: 0, 0, 0
front only
front: 0, 0, 2.5
back: 0, 0, 7.5
front back
photon_ene: 661.6 photon_theta: 2.83611 photon_phi: 0.139972
traject_len: 5
pe_len: 26.1124 cs_len: 11.9149
---
else
else
else
else
else
else
front: 0, 1.95801, 2.5
side: 0, 0, 0
front only
else
else
else
else
front: 0.244415, 0, 2.5
side: 0, 0, 0
front only
front: 0, 0, 2.5
side: 0, 0, 0
front only
else
else
else
else
else
else
else
front: 0, 0, 2.5
side: 0, 0, 0
front only
else
front: 0.994423, 0.943427, 2.5
side: 0, 0, 0
front only
else
front: 0.0952608, 0, 2.5
side: 0, 0, 0
front only
front: 0, 0, 2.5
side: 0, 0, 0
front only
else
front: 0, 1.34716, 2.5
side: 0, 0, 0
front only
else
else
else
else
else
front: 0, 0.468924, 2.5
back: 0, 1.40677, 7.5
front back
photon_ene: 661.6 photon_theta: 0.194328 photon_phi: 1.87846
traject_len: 5.0872
pe_len: 58.966 cs_len: 0.731943
---
else
else
else
else
else
else
else
else
else
front: 1.26929, 0, 2.5
side: 0, 0, 0
front only
else
else
else
else
else
else
front: 0, 0.723462, 2.5
side: 0, 0, 0
front only
else
front: 0.356959, 0, 2.5
side: 0, 0, 0
front only
else
else
front: 1.30979, 1.09561, 2.5
side: 0, 0, 0
front only
front: 0, 0, 2.5
side: 0, 0, 0
front only
else
front: 1.45889, 0, 2.5
side: 0, 0, 0
front only
else
else
front: 0, 0, 2.5
side: 0, 0, 0
front only
else
else
else
else
front: 0, 1.34984, 2.5
side: 0, 0, 0
front only
else
else
front: 1.66498, 0, 2.5
side: 0, 0, 0
front only
front: 0.155249, 0, 2.5
side: 0, 0, 0
front only
else
else
else
front: 0.00681705, 0, 2.5
back: 0.0204511, 0, 7.5
front back
photon_ene: 661.6 photon_theta: 2.82263 photon_phi: 1.57905
traject_len: 5.00002
pe_len: 43.1161 cs_len: 7.60394
---
else
else
else
else
else
front: 1.25211, 0.496053, 2.5
side: 0, 0, 0
front only
else
else
front: 0, 0, 2.5
side: 0, 0, 0
front only
front: 0, 0, 2.5
side: 0, 0, 0
front only
else
front: 0.179492, 0, 2.5
side: 0, 0, 0
front only
else
else
else
else
else
else
else
front: 0, 0.99314, 2.5
side: 0, 0, 0
front only
else
else
else
else
front: 0, 0.0373757, 2.5
back: 0, 0.112127, 7.5
front back
photon_ene: 661.6 photon_theta: 0.0960903 photon_phi: 2.98586
traject_len: 5.00056
pe_len: 50.5202 cs_len: 3.49895
---
else
front: 1.44967, 0, 2.5
side: 0, 0, 0
front only
front: 1.04364, 1.05429, 2.5
side: 0, 0, 0
front only
front: 1.65861, 1.11272, 2.5
side: 0, 0, 0
front only
front: 0, 1.35638, 2.5
side: 0, 0, 0
front only
else
else
else
else
front: 0, 0.943413, 2.5
side: 0, 0, 0
front only
else
front: 0.612548, 2.25367, 2.5
side: 0, 0, 0
front only
else
else
else
front: 0.531234, 0, 2.5
side: 0, 0, 0
front only
else
front: 0, 0, 2.5
side: 0, 0, 0
front only
else
else
front: 0, 0, 2.5
side: 0, 0, 0
front only
else
else
else
front: 0.838361, 0.288713, 2.5
side: 0, 0, 0
front only
front: 1.43668, 0, 2.5
side: 0, 0, 0
front only
else
front: 0, 0.996207, 2.5
side: 0, 0, 0
front only
else
else
else
else
else
else
front: 1.64337, 0.958081, 2.5
side: 0, 0, 0
front only
else
front: 0.543973, 0.0380695, 2.5
back: 1.63192, 0.114209, 7.5
front back
photon_ene: 661.6 photon_theta: 2.92683 photon_phi: 3.21146
traject_len: 5.11756
pe_len: 35.9544 cs_len: 5.19896
---
front: 0, 0.439065, 2.5
back: 0, 1.3172, 7.5
front back
photon_ene: 661.6 photon_theta: 0.180815 photon_phi: 1.85209
traject_len: 5.07653
pe_len: 15.1078 cs_len: 4.61361
---
else
else
else
else
else
else
front: 0, 0.77151, 2.5
back: 0, 2.31453, 7.5
front back
photon_ene: 661.6 photon_theta: 0.300368 photon_phi: 1.65643
traject_len: 5.23268
pe_len: 28.097 cs_len: 1.08264
---
else
front: 0, 0, 2.5
back: 0, 0, 7.5
front back
photon_ene: 661.6 photon_theta: 0.292652 photon_phi: 3.16467
traject_len: 5
pe_len: 30.3126 cs_len: 3.48184
---
else
else
front: 0.858657, 2.0823, 2.5
side: 0, 0, 0
front only
else
else
else
else
else
else
else
else
front: 1.85641, 0, 2.5
side: 0, 0, 0
front only
else
front: 1.02104, 0, 2.5
side: 0, 0, 0
front only
front: 0, 1.52233, 2.5
side: 0, 0, 0
front only
else
else
else
front: 0.876275, 2.04594, 2.5
side: 0, 0, 0
front only
else
else
else
else
else
front: 1.1875, 1.37734, 2.5
side: 0, 0, 0
front only
else
front: 0.205977, 2.06147, 2.5
side: 0, 0, 0
front only
else
else
front: 0.734118, 0, 2.5
side: 0, 0, 0
front only
else
else
front: 0, 1.1773, 2.5
side: 0, 0, 0
front only
front: 0, 0, 2.5
back: 0, 0, 7.5
front back
photon_ene: 661.6 photon_theta: 0.193917 photon_phi: 3.15709
traject_len: 5
pe_len: 27.8823 cs_len: 2.38575
---
else
front: 0, 0, 2.5
side: 0, 0, 0
front only
else
else
else
front: 0, 0, 2.5
side: 0, 0, 0
front only
else
front: 0.178361, 0.682627, 2.5
back: 0.535082, 2.04788, 7.5
front back
photon_ene: 661.6 photon_theta: 0.275064 photon_phi: 1.31522
traject_len: 5.1953
pe_len: 18.812 cs_len: 19.9177
---
else
front: 0.0154505, 1.24479, 2.5
side: 0, 0, 0
front only
else
else
else
else
else
else
else
else
else
else
else
front: 0.174738, 0, 2.5
back: 0.524215, 0, 7.5
front back
photon_ene: 661.6 photon_theta: 2.94709 photon_phi: 1.9335
traject_len: 5.0122
pe_len: 60.4203 cs_len: 0.876004
---
else
else
front: 2.28242, 0.597278, 2.5
side: 0, 0, 0
front only
else
front: 0, 2.0009, 2.5
side: 0, 0, 0
front only
else
else
front: 0.243416, 0.0560989, 2.5
back: 0.730248, 0.168297, 7.5
front back
photon_ene: 661.6 photon_theta: 3.042 photon_phi: 3.3681
traject_len: 5.0249
pe_len: 43.114 cs_len: 0.679902
---
front: 0, 0, 2.5
side: 0, 0, 0
front only
else
else
front: 0, 0, 2.5
side: 0, 0, 0
front only
front: 0, 0.807341, 2.5
side: 0, 0, 0
front only
else
else
else
else
front: 1.46294, 1.60891, 2.5
side: 0, 0, 0
front only
front: 0, 0, 2.5
side: 0, 0, 0
front only
else
else
front: 1.08168, 0.781311, 2.5
side: 0, 0, 0
front only
front: 1.06544, 0, 2.5
side: 0, 0, 0
front only
else
else
else
front: 0, 0, 2.5
side: 0, 0, 0
front only
else
else
else
else
else
else
else
else
front: 2.309, 0, 2.5
side: 0, 0, 0
front only
else
else
else
else
else
else
front: 0, 0.459468, 2.5
back: 0, 1.37841, 7.5
front back
photon_ene: 661.6 photon_theta: 0.252281 photon_phi: 2.34785
traject_len: 5.08374
pe_len: 20.6388 cs_len: 4.72879
---
else
else
else
front: 0, 0, 2.5
back: 0, 0, 7.5
front back
photon_ene: 661.6 photon_theta: 0.144816 photon_phi: 4.16832
traject_len: 5
pe_len: 10.2884 cs_len: 1.00933
---
front: 0, 0.383955, 2.5
back: 0, 1.15186, 7.5
front back
photon_ene: 661.6 photon_theta: 0.156205 photon_phi: 1.79399
traject_len: 5.05862
pe_len: 91.1926 cs_len: 2.20554
---
front: 0, 0, 2.5
back: 0, 0, 7.5
front back
photon_ene: 661.6 photon_theta: 2.91623 photon_phi: 1.5656
traject_len: 5
pe_len: 8.62917 cs_len: 0.160411
---
front: 0, 0, 2.5
side: 0, 0, 0
front only
front: 0, 0, 2.5
side: 0, 0, 0
front only
front: 1.30239, 1.65441, 2.5
side: 0, 0, 0
front only
else
else
front: 1.22374, 1.29486, 2.5
side: 0, 0, 0
front only
front: 0, 0.308507, 2.5
side: 0, 0, 0
front only
front: 0, 0, 2.5
side: 0, 0, 0
front only
else
else
else
else
else
else
else
front: 0, 0, 2.5
side: 0, 0, 0
front only
front: 0, 0, 2.5
side: 0, 0, 0
front only
else
else
else
front: 0, 0, 2.5
side: 0, 0, 0
front only
else
else
else
front: 1.42049, 0, 2.5
side: 0, 0, 0
front only
else
else
else
else
else
else
front: 1.20681, 0, 2.5
side: 0, 0, 0
front only
front: 1.04731, 0, 2.5
side: 0, 0, 0
front only
front: 0, 1.90581, 2.5
side: 0, 0, 0
front only
else
front: 1.77817, 0.107614, 2.5
side: 0, 0, 0
front only
else
else
front: 1.04291, 0.748823, 2.5
side: 0, 0, 0
front only
else
else
else
else
else
else
front: 1.2391, 0, 2.5
side: 0, 0, 0
front only
else
else
front: 0, 0.446743, 2.5
side: 0, 0, 0
front only
front: 0, 0.631048, 2.5
side: 0, 0, 0
front only
else
else
else
else
front: 1.17321, 0, 2.5
side: 0, 0, 0
front only
else
front: 0.659844, 0.410193, 2.5
back: 1.97953, 1.23058, 7.5
front back
photon_ene: 661.6 photon_theta: 2.84028 photon_phi: 3.69778
traject_len: 5.2359
pe_len: 74.9367 cs_len: 0.550848
---
else
else
else
front: 0, 0, 2.5
side: 0, 0, 0
front only
else
front: 0.9091, 0.0193191, 2.5
side: 0, 0, 0
front only
front: 0.951837, 0, 2.5
side: 0, 0, 0
front only
else
front: 0, 0.6885, 2.5
side: 0, 0, 0
front only
else
front: 0.0779981, 1.07931, 2.5
side: 0, 0, 0
front only
front: 0, 0.0919124, 2.5
back: 0, 0.275737, 7.5
front back
photon_ene: 661.6 photon_theta: 2.96003 photon_phi: 6.08156
traject_len: 5.00338
pe_len: 25.5864 cs_len: 7.69064
---
front: 0, 2.20589, 2.5
side: 0, 0, 0
front only
else
else
else
front: 0, 0, 2.5
side: 0, 0, 0
front only
else
else
front: 1.65768, 0.325125, 2.5
side: 0, 0, 0
front only
else
front: 0.66015, 0, 2.5
side: 0, 0, 0
front only
else
else
else
else
else
front: 0, 0, 2.5
side: 0, 0, 0
front only
else
else
front: 0.360786, 0.897152, 2.5
side: 0, 0, 0
front only
else
else
else
else
front: 0.267325, 1.16633, 2.5
side: 0, 0, 0
front only
front: 0, 0, 2.5
side: 0, 0, 0
front only
else
else
else
else
else
else
else
front: 1.30005, 0, 2.5
side: 0, 0, 0
front only
else
front: 0, 0.461869, 2.5
side: 0, 0, 0
front only
else
else
else
front: 0.788738, 0, 2.5
side: 0, 0, 0
front only
else
front: 0, 0.160727, 2.5
side: 0, 0, 0
front only
else
else
else
front: 0, 1.44984, 2.5
side: 0, 0, 0
front only
else
else
else
front: 1.07818, 0, 2.5
side: 0, 0, 0
front only
front: 0, 1.423, 2.5
side: 0, 0, 0
front only
else
else
front: 0.883392, 0, 2.5
side: 0, 0, 0
front only
else
front: 1.37344, 0, 2.5
side: 0, 0, 0
front only
front: 0, 0, 2.5
side: 0, 0, 0
front only
else
else
else
front: 2.05984, 0, 2.5
side: 0, 0, 0
front only
else
front: 0, 0.974857, 2.5
side: 0, 0, 0
front only
else
front: 0.702055, 0, 2.5
side: 0, 0, 0
front only
else
else
front: 0, 0, 2.5
side: 0, 0, 0
front only
else
front: 0, 1.2128, 2.5
side: 0, 0, 0
front only
else
else
front: 0, 0, 2.5
back: 0, 0, 7.5
front back
photon_ene: 661.6 photon_theta: 3.00655 photon_phi: 0.190462
traject_len: 5
pe_len: 69.5629 cs_len: 1.39462
---
else
else
else
front: 0, 0, 2.5
back: 0, 0, 7.5
front back
photon_ene: 661.6 photon_theta: 3.02952 photon_phi: 0.864902
traject_len: 5
pe_len: 26.3709 cs_len: 4.61948
---
else
else
front: 1.02218, 0, 2.5
side: 0, 0, 0
front only
else
else
front: 0, 0, 2.5
side: 0, 0, 0
front only
front: 1.47782, 0, 2.5
side: 0, 0, 0
front only
else
front: 0.581074, 0.241397, 2.5
back: 1.74322, 0.724191, 7.5
front back
photon_ene: 661.6 photon_theta: 0.246567 photon_phi: 0.393739
traject_len: 5.15594
pe_len: 12.3953 cs_len: 0.772609
---
else
else
else
else
else
else
else
else
front: 1.67964, 0, 2.5
side: 0, 0, 0
front only
else
front: 0, 0, 2.5
side: 0, 0, 0
front only
else
else
else
front: 0.927301, 1.5057, 2.5
side: 0, 0, 0
front only
front: 0, 0, 2.5
side: 0, 0, 0
front only
else
else
else
else
else
else
else
else
front: 0, 0, 2.5
side: 0, 0, 0
front only
else
else
front: 0.566251, 0, 2.5
side: 0, 0, 0
front only
else
front: 0, 1.26054, 2.5
side: 0, 0, 0
front only
front: 0, 0, 2.5
side: 0, 0, 0
front only
else
else
else
front: 1.0922, 0.299152, 2.5
side: 0, 0, 0
front only
else
else
else
else
else
else
else
front: 0, 0.993682, 2.5
side: 0, 0, 0
front only
else
else
front: 0, 0, 2.5
side: 0, 0, 0
front only
else
else
else
else
else
else
else
else
else
else
else
else
else
else
else
front: 0, 0.692821, 2.5
side: 0, 0, 0
front only
else
else
front: 0.729264, 0, 2.5
side: 0, 0, 0
front only
front: 0, 0.900066, 2.5
side: 0, 0, 0
front only
else
else
else
else
else
else
else
else
else
else
else
front: 0, 1.00845, 2.5
side: 0, 0, 0
front only
else
front: 1.66025, 0, 2.5
side: 0, 0, 0
front only
else
else
else
else
else
else
front: 0, 0.738474, 2.5
side: 0, 0, 0
front only
front: 0, 0, 2.5
side: 0, 0, 0
front only
else
front: 0, 0.930322, 2.5
side: 0, 0, 0
front only
else
else
else
else
else
front: 0.757632, 0, 2.5
side: 0, 0, 0
front only
front: 0, 0.0540876, 2.5
back: 0, 0.162263, 7.5
front back
photon_ene: 661.6 photon_theta: 0.0822322 photon_phi: 2.87598
traject_len: 5.00117
pe_len: 25.1019 cs_len: 1.07118
---
else
else
front: 0, 0, 2.5
back: 0, 0, 7.5
front back
photon_ene: 661.6 photon_theta: 0.218945 photon_phi: 4.31227
traject_len: 5
pe_len: 28.8452 cs_len: 1.07194
---
else
else
else
else
front: 0, 1.29912, 2.5
side: 0, 0, 0
front only
front: 0, 0.283731, 2.5
back: 0, 0.851194, 7.5
front back
photon_ene: 661.6 photon_theta: 2.96903 photon_phi: 5.57407
traject_len: 5.0321
pe_len: 124.661 cs_len: 5.27755
---
else
else
else
front: 0.568369, 0.734443, 2.5
side: 0, 0, 0
front only
else
else
else
front: 1.91569, 0, 2.5
side: 0, 0, 0
front only
else
else
front: 1.09922, 0, 2.5
side: 0, 0, 0
front only
else
else
else
else
else
front: 1.32809, 0.568085, 2.5
side: 0, 0, 0
front only
else
else
else
else
else
else
front: 0.657134, 0, 2.5
side: 0, 0, 0
front only
front: 0, 1.68603, 2.5
side: 0, 0, 0
front only
else
front: 0.0679597, 1.38843, 2.5
side: 0, 0, 0
front only
else
front: 0, 0, 2.5
side: 0, 0, 0
front only
else
front: 1.27925, 1.64671, 2.5
side: 0, 0, 0
front only
front: 0, 0.298594, 2.5
side: 0, 0, 0
front only
else
else
else
else
front: 1.49711, 0.659884, 2.5
side: 0, 0, 0
front only
else
else
else
else
else
front: 0, 0, 2.5
side: 0, 0, 0
front only
front: 0.393894, 0.96294, 2.5
side: 0, 0, 0
front only
front: 0, 2.08635, 2.5
side: 0, 0, 0
front only
front: 0, 0, 2.5
side: 0, 0, 0
front only
else
else
else
else
front: 0, 0, 2.5
side: 0, 0, 0
front only
else
else
else
front: 0.179338, 0, 2.5
back: 0.538014, 0, 7.5
front back
photon_ene: 661.6 photon_theta: 2.97401 photon_phi: 2.0087
traject_len: 5.01285
pe_len: 4.87161 cs_len: 0.753384
---
else
else
else
front: 0.952714, 0, 2.5
side: 0, 0, 0
front only
front: 0, 1.50504, 2.5
side: 0, 0, 0
front only
else
else
front: 0, 1.0525, 2.5
side: 0, 0, 0
front only
else
else
else
else
else
else
front: 0.130124, 0, 2.5
back: 0.390371, 0, 7.5
front back
photon_ene: 661.6 photon_theta: 2.93565 photon_phi: 1.82261
traject_len: 5.00677
pe_len: 25.5555 cs_len: 6.06882
---
else
else
front: 0, 0, 2.5
side: 0, 0, 0
front only
else
front: 0, 1.24554, 2.5
side: 0, 0, 0
front only
else
else
else
front: 0.197198, 0.282369, 2.5
back: 0.591593, 0.847108, 7.5
front back
photon_ene: 661.6 photon_theta: 3.00469 photon_phi: 4.10276
traject_len: 5.04722
pe_len: 82.9257 cs_len: 2.62772
---
else
front: 1.09685, 0.812185, 2.5
side: 0, 0, 0
front only
else
front: 0.977365, 0, 2.5
side: 0, 0, 0
front only
front: 0, 1.12876, 2.5
side: 0, 0, 0
front only
else
front: 0, 0, 2.5
side: 0, 0, 0
front only
else
else
else
else
front: 0, 0, 2.5
side: 0, 0, 0
front only
else
else
front: 2.09729, 0, 2.5
side: 0, 0, 0
front only
front: 0, 0, 2.5
back: 0, 0, 7.5
front back
photon_ene: 661.6 photon_theta: 3.03193 photon_phi: 0.456201
traject_len: 5
pe_len: 21.4594 cs_len: 3.34786
---
else
else
else
else
else
else
front: 0.100946, 1.65748, 2.5
side: 0, 0, 0
front only
front: 0, 0.361614, 2.5
side: 0, 0, 0
front only
else
else
front: 0.243791, 0, 2.5
side: 0, 0, 0
front only
front: 0, 0, 2.5
side: 0, 0, 0
front only
else
else
else
front: 0, 0.971034, 2.5
side: 0, 0, 0
front only
else
else
front: 0, 0, 2.5
side: 0, 0, 0
front only
else
else
else
else
else
else
else
else
front: 1.25264, 0, 2.5
side: 0, 0, 0
front only
else
else
else
front: 0, 0, 2.5
side: 0, 0, 0
front only
else
front: 1.81262, 0, 2.5
side: 0, 0, 0
front only
else
else
else
else
else
front: 0, 0.547243, 2.5
side: 0, 0, 0
front only
front: 1.10994, 0, 2.5
side: 0, 0, 0
front only
front: 0.700017, 0, 2.5
side: 0, 0, 0
front only
front: 0, 1.94328, 2.5
side: 0, 0, 0
front only
front: 0.0489208, 1.44973, 2.5
side: 0, 0, 0
front only
else
else
front: 1.11718, 2.13895, 2.5
side: 0, 0, 0
front only
else
else
else
else
else
front: 1.78762, 1.58628, 2.5
side: 0, 0, 0
front only
front: 0.666388, 0.108546, 2.5
back: 1.99916, 0.325637, 7.5
front back
photon_ene: 661.6 photon_theta: 0.263775 photon_phi: 0.161469
traject_len: 5.17913
pe_len: 34.6846 cs_len: 0.74928
---
else
else
front: 1.63128, 0, 2.5
side: 0, 0, 0
front only
else
front: 0.16184, 0.362161, 2.5
back: 0.48552, 1.08648, 7.5
front back
photon_ene: 661.6 photon_theta: 2.98423 photon_phi: 4.29214
traject_len: 5.06255
pe_len: 0.556597 cs_len: 3.23057
---
else
else
else
front: 1.05356, 0, 2.5
side: 0, 0, 0
front only
else
else
else
else
front: 0, 2.01211, 2.5
side: 0, 0, 0
front only
else
else
else
front: 0.697985, 1.49933, 2.5
side: 0, 0, 0
front only
front: 0, 0.118366, 2.5
back: 0, 0.355099, 7.5
front back
photon_ene: 661.6 photon_theta: 0.303074 photon_phi: 2.9896
traject_len: 5.0056
pe_len: 56.4416 cs_len: 8.20957
---
front: 0, 0, 2.5
side: 0, 0, 0
front only
else
front: 0, 0, 2.5
side: 0, 0, 0
front only
else
front: 0.511006, 0, 2.5
side: 0, 0, 0
front only
else
front: 0, 0, 2.5
side: 0, 0, 0
front only
else
front: 0.980702, 0, 2.5
side: 0, 0, 0
front only
else
else
else
else
front: 0.474493, 0.699798, 2.5
side: 0, 0, 0
front only
else
front: 0.926284, 0.236325, 2.5
side: 0, 0, 0
front only
else
front: 0, 0.0141138, 2.5
side: 0, 0, 0
front only
front: 1.95328, 0.420808, 2.5
side: 0, 0, 0
front only
else
else
front: 0, 0, 2.5
back: 0, 0, 7.5
front back
photon_ene: 661.6 photon_theta: 2.82362 photon_phi: 0.619434
traject_len: 5
pe_len: 58.3511 cs_len: 2.14296
---
else
front: 0.855885, 0, 2.5
side: 0, 0, 0
front only
else
else
else
else
else
else
else
else
else
else
else
else
else
else
else
else
front: 0.480283, 0, 2.5
side: 0, 0, 0
front only
front: 0, 0.366873, 2.5
side: 0, 0, 0
front only
else
else
else
front: 1.13572, 0.0314122, 2.5
side: 0, 0, 0
front only
else
front: 0, 0, 2.5
side: 0, 0, 0
front only
front: 0, 0, 2.5
side: 0, 0, 0
front only
else
else
else
front: 0.833229, 1.11505, 2.5
side: 0, 0, 0
front only
else
else
front: 0, 0, 2.5
side: 0, 0, 0
front only
else
front: 0, 0, 2.5
side: 0, 0, 0
front only
else
else
else
else
else
else
front: 0.569743, 0, 2.5
side: 0, 0, 0
front only
else
else
else
front: 1.88684, 0, 2.5
side: 0, 0, 0
front only
else
else
front: 0, 1.02093, 2.5
side: 0, 0, 0
front only
else
front: 0.949736, 0, 2.5
side: 0, 0, 0
front only
else
front: 0.0447994, 0, 2.5
side: 0, 0, 0
front only
front: 0, 1.06188, 2.5
side: 0, 0, 0
front only
else
else
else
front: 0, 0, 2.5
side: 0, 0, 0
front only
front: 1.55156, 0.489173, 2.5
side: 0, 0, 0
front only
else
else
else
else
front: 0.708265, 0, 2.5
back: 2.12479, 0, 7.5
front back
photon_ene: 661.6 photon_theta: 2.82446 photon_phi: 2.61236
traject_len: 5.19678
pe_len: 31.273 cs_len: 4.37233
---
else
else
else
else
front: 0, 0, 2.5
side: 0, 0, 0
front only
else
else
front: 0, 0, 2.5
back: 0, 0, 7.5
front back
photon_ene: 661.6 photon_theta: 3.03177 photon_phi: 1.04632
traject_len: 5
pe_len: 28.3826 cs_len: 8.61516
---
else
else
else
else
else
front: 1.34856, 0.145513, 2.5
side: 0, 0, 0
front only
else
else
else
front: 1.10708, 0, 2.5
side: 0, 0, 0
front only
else
else
else
else
else
else
else
else
else
front: 0.635729, 0, 2.5
side: 0, 0, 0
front only
else
front: 0.792036, 1.54421, 2.5
side: 0, 0, 0
front only
else
front: 1.12861, 0.953412, 2.5
side: 0, 0, 0
front only
else
else
front: 0, 0, 2.5
side: 0, 0, 0
front only
else
front: 0, 0, 2.5
side: 0, 0, 0
front only
else
front: 0.651406, 0, 2.5
side: 0, 0, 0
front only
else
front: 1.42209, 1.30915, 2.5
side: 0, 0, 0
front only
else
else
front: 0.0965321, 0, 2.5
side: 0, 0, 0
front only
else
else
front: 0, 0, 2.5
side: 0, 0, 0
front only
else
else
else
else
else
else
else
else
front: 0.424061, 0.103879, 2.5
back: 1.27218, 0.311636, 7.5
front back
photon_ene: 661.6 photon_theta: 0.172896 photon_phi: 0.240231
traject_len: 5.07567
pe_len: 64.8842 cs_len: 7.4128
---
front: 0.861501, 1.67916, 2.5
side: 0, 0, 0
front only
else
else
else
else
else
else
else
else
front: 0.872681, 0, 2.5
side: 0, 0, 0
front only
front: 0.885914, 1.94785, 2.5
side: 0, 0, 0
front only
else
front: 0, 1.00508, 2.5
side: 0, 0, 0
front only
front: 1.67114, 0, 2.5
side: 0, 0, 0
front only
front: 0, 0, 2.5
side: 0, 0, 0
front only
front: 0, 0, 2.5
back: 0, 0, 7.5
front back
photon_ene: 661.6 photon_theta: 2.93771 photon_phi: 1.26281
traject_len: 5
pe_len: 34.5954 cs_len: 0.379002
---
else
else
front: 0, 0.703742, 2.5
back: 0, 2.11123, 7.5
front back
photon_ene: 661.6 photon_theta: 2.85604 photon_phi: 5.00024
traject_len: 5.19432
pe_len: 68.2885 cs_len: 1.78754
---
else
else
front: 0, 0.790498, 2.5
side: 0, 0, 0
front only
else
else
else
front: 0, 0, 2.5
side: 0, 0, 0
front only
else
else
else
else
else
front: 0.844382, 0.520517, 2.5
side: 0, 0, 0
front only
else
front: 0.131057, 0.219159, 2.5
back: 0.39317, 0.657477, 7.5
front back
photon_ene: 661.6 photon_theta: 0.101789 photon_phi: 1.03185
traject_len: 5.02601
pe_len: 59.2713 cs_len: 2.35499
---
else
front: 0, 0.0184015, 2.5
side: 0, 0, 0
front only
front: 0, 0, 2.5
back: 0, 0, 7.5
front back
photon_ene: 661.6 photon_theta: 3.0444 photon_phi: 0.21527
traject_len: 5
pe_len: 55.9527 cs_len: 19.4626
---
else
else
front: 0, 0, 2.5
back: 0, 0, 7.5
front back
photon_ene: 661.6 photon_theta: 2.89137 photon_phi: 0.686602
traject_len: 5
pe_len: 60.5891 cs_len: 6.64382
---
front: 0, 0.731399, 2.5
side: 0, 0, 0
front only
front: 0, 0, 2.5
back: 0, 0, 7.5
front back
photon_ene: 661.6 photon_theta: 3.04092 photon_phi: 0.228896
traject_len: 5
pe_len: 6.75713 cs_len: 1.40195
---
else
else
else
else
else
else
else
else
else
else
else
front: 0, 0, 2.5
side: 0, 0, 0
front only
else
front: 0.391662, 0.674322, 2.5
back: 1.17499, 2.02297, 7.5
front back
photon_ene: 661.6 photon_theta: 0.302361 photon_phi: 1.0446
traject_len: 5.2376
pe_len: 24.1558 cs_len: 3.37852
---
else
else
else
else
else
else
else
else
else
front: 0.274806, 0, 2.5
side: 0, 0, 0
front only
front: 1.7785, 0, 2.5
side: 0, 0, 0
front only
front: 1.68365, 0, 2.5
side: 0, 0, 0
front only
front: 0, 0.531547, 2.5
side: 0, 0, 0
front only
front: 0.265759, 0, 2.5
back: 0.797278, 0, 7.5
front back
photon_ene: 661.6 photon_theta: 2.83415 photon_phi: 1.91219
traject_len: 5.02817
pe_len: 0.132866 cs_len: 1.41284
---
front: 0, 0, 2.5
back: 0, 0, 7.5
front back
photon_ene: 661.6 photon_theta: 0.0723315 photon_phi: 3.96341
traject_len: 5
pe_len: 189.352 cs_len: 2.1974
---
else
else
else
else
else
else
else
else
else
else
else
else
else
else
else
front: 0, 0.673546, 2.5
back: 0, 2.02064, 7.5
front back
photon_ene: 661.6 photon_theta: 2.86546 photon_phi: 5.0275
traject_len: 5.17829
pe_len: 42.3615 cs_len: 2.21208
---
front: 1.11474, 0.896298, 2.5
side: 0, 0, 0
front only
else
front: 0.657017, 0, 2.5
side: 0, 0, 0
front only
else
else
else
else
else
else
else
else
front: 0, 0, 2.5
side: 0, 0, 0
front only
else
front: 0, 0.878549, 2.5
side: 0, 0, 0
front only
else
else
else
front: 0.584946, 0, 2.5
back: 1.75484, 0, 7.5
front back
photon_ene: 661.6 photon_theta: 0.233077 photon_phi: 6.11341
traject_len: 5.13504
pe_len: 89.6092 cs_len: 12.3519
---
front: 0, 0, 2.5
side: 0, 0, 0
front only
front: 0, 0.11734, 2.5
side: 0, 0, 0
front only
front: 0, 0.589621, 2.5
side: 0, 0, 0
front only
front: 0.258525, 1.45194, 2.5
side: 0, 0, 0
front only
front: 1.24141, 0, 2.5
side: 0, 0, 0
front only
else
else
else
else
else
else
else
else
else
front: 0, 0.452408, 2.5
back: 0, 1.35722, 7.5
front back
photon_ene: 661.6 photon_theta: 0.267085 photon_phi: 2.41896
traject_len: 5.08121
pe_len: 16.8182 cs_len: 1.48757
---
else
else
else
else
front: 1.68317, 0.214309, 2.5
side: 0, 0, 0
front only
else
front: 0, 0.164398, 2.5
side: 0, 0, 0
front only
else
front: 1.97091, 0.944728, 2.5
side: 0, 0, 0
front only
front: 1.53501, 0, 2.5
side: 0, 0, 0
front only
else
front: 0.320839, 0, 2.5
side: 0, 0, 0
front only
front: 0, 0, 2.5
side: 0, 0, 0
front only
else
else
front: 0.848197, 1.42012, 2.5
side: 0, 0, 0
front only
front: 0, 0, 2.5
side: 0, 0, 0
front only
else
else
else
front: 1.5568, 1.1352, 2.5
side: 0, 0, 0
front only
else
else
front: 0, 0, 2.5
side: 0, 0, 0
front only
front: 0, 1.65215, 2.5
side: 0, 0, 0
front only
front: 0, 0, 2.5
side: 0, 0, 0
front only
else
else
front: 0, 0, 2.5
side: 0, 0, 0
front only
else
front: 0, 0.372018, 2.5
side: 0, 0, 0
front only
else
else
front: 0, 1.75057, 2.5
side: 0, 0, 0
front only
front: 0.796287, 0, 2.5
back: 2.38886, 0, 7.5
front back
photon_ene: 661.6 photon_theta: 0.312586 photon_phi: 6.11304
traject_len: 5.2475
pe_len: 3.10618 cs_len: 0.662752
---
else
else
else
else
else
front: 0, 0.224221, 2.5
back: 0, 0.672662, 7.5
front back
photon_ene: 661.6 photon_theta: 0.298805 photon_phi: 2.84614
traject_len: 5.02007
pe_len: 0.454192 cs_len: 7.45087
---
else
else
else
else
else
else
else
else
else
else
else
front: 0, 0, 2.5
side: 0, 0, 0
front only
else
else
front: 1.57637, 0.345944, 2.5
side: 0, 0, 0
front only
front: 0.853587, 1.09288, 2.5
side: 0, 0, 0
front only
else
else
else
else
else
else
else
front: 0, 2.0967, 2.5
side: 0, 0, 0
front only
else
else
front: 0, 0, 2.5
side: 0, 0, 0
front only
else
else
else
else
front: 0, 1.21091, 2.5
side: 0, 0, 0
front only
front: 0.280717, 0, 2.5
side: 0, 0, 0
front only
front: 0, 0, 2.5
back: 0, 0, 7.5
front back
photon_ene: 661.6 photon_theta: 2.9322 photon_phi: 0.576096
traject_len: 5
pe_len: 59.2081 cs_len: 4.60884
---
else
else
else
else
else
else
front: 0, 1.46209, 2.5
side: 0, 0, 0
front only
front: 0, 0.0252146, 2.5
side: 0, 0, 0
front only
else
else
else
else
else
front: 1.02249, 1.14819, 2.5
side: 0, 0, 0
front only
else
else
front: 0, 0, 2.5
side: 0, 0, 0
front only
else
else
else
else
front: 0, 0, 2.5
side: 0, 0, 0
front only
front: 0, 0, 2.5
side: 0, 0, 0
front only
front: 0, 0.576053, 2.5
back: 0, 1.72816, 7.5
front back
photon_ene: 661.6 photon_theta: 2.8938 photon_phi: 5.13803
traject_len: 5.13102
pe_len: 6.0224 cs_len: 1.66821
---
else
else
else
else
else
front: 0, 1.34245, 2.5
side: 0, 0, 0
front only
else
front: 0.781929, 0, 2.5
side: 0, 0, 0
front only
else
else
else
else
else
else
else
front: 0.651744, 0, 2.5
back: 1.95523, 0, 7.5
front back
photon_ene: 661.6 photon_theta: 0.258978 photon_phi: 6.10424
traject_len: 5.16712
pe_len: 131.878 cs_len: 1.44849
---
front: 0.978892, 0, 2.5
side: 0, 0, 0
front only
else
else
else
else
else
else
else
else
front: 1.09035, 0, 2.5
side: 0, 0, 0
front only
else
front: 0, 1.72771, 2.5
side: 0, 0, 0
front only
front: 0, 0, 2.5
side: 0, 0, 0
front only
else
front: 0.928563, 1.18258, 2.5
side: 0, 0, 0
front only
else
else
else
front: 0, 0.928236, 2.5
side: 0, 0, 0
front only
else
else
else
else
else
front: 0.737451, 2.29895, 2.5
side: 0, 0, 0
front only
front: 0, 0, 2.5
back: 0, 0, 7.5
front back
photon_ene: 661.6 photon_theta: 2.89965 photon_phi: 0.381171
traject_len: 5
pe_len: 10.0179 cs_len: 1.34684
---
else
front: 0, 0.0723881, 2.5
back: 0, 0.217164, 7.5
front back
photon_ene: 661.6 photon_theta: 0.122771 photon_phi: 2.90472
traject_len: 5.0021
pe_len: 26.4192 cs_len: 1.04403
---
else
else
front: 0, 0, 2.5
back: 0, 0, 7.5
front back
photon_ene: 661.6 photon_theta: 3.03242 photon_phi: 1.54782
traject_len: 5
pe_len: 8.97099 cs_len: 10.556
---
front: 0, 0, 2.5
side: 0, 0, 0
front only
else
else
else
else
front: 0, 0, 2.5
side: 0, 0, 0
front only
else
front: 1.54496, 0, 2.5
side: 0, 0, 0
front only
else
front: 0, 0, 2.5
side: 0, 0, 0
front only
else
else
else
else
front: 1.51879, 0, 2.5
side: 0, 0, 0
front only
else
front: 0.746229, 0, 2.5
side: 0, 0, 0
front only
front: 0, 2.15757, 2.5
side: 0, 0, 0
front only
else
else
else
else
else
else
else
front: 0.672068, 0, 2.5
back: 2.0162, 0, 7.5
front back
photon_ene: 661.6 photon_theta: 2.83692 photon_phi: 2.59609
traject_len: 5.17752
pe_len: 6.9362 cs_len: 0.145193
---
else
else
front: 0, 0.899798, 2.5
side: 0, 0, 0
front only
else
else
else
else
front: 1.00104, 1.18454, 2.5
side: 0, 0, 0
front only
else
else
front: 0.434883, 0, 2.5
side: 0, 0, 0
front only
else
else
front: 0, 0, 2.5
side: 0, 0, 0
front only
else
else
front: 0, 1.03166, 2.5
side: 0, 0, 0
front only
else
else
else
front: 1.74551, 0, 2.5
side: 0, 0, 0
front only
else
else
front: 0, 0.42333, 2.5
back: 0, 1.26999, 7.5
front back
photon_ene: 661.6 photon_theta: 0.255854 photon_phi: 2.43752
traject_len: 5.07118
pe_len: 94.8 cs_len: 5.56665
---
else
else
front: 1.75438, 0, 2.5
side: 0, 0, 0
front only
front: 0.938143, 0, 2.5
side: 0, 0, 0
front only
else
else
else
else
else
else
else
else
else
else
else
front: 0, 0.283927, 2.5
back: 0, 0.85178, 7.5
front back
photon_ene: 661.6 photon_theta: 0.123048 photon_phi: 1.97779
traject_len: 5.03214
pe_len: 42.0606 cs_len: 19.6356
---
else
else
else
else
else
front: 0, 0, 2.5
side: 0, 0, 0
front only
else
else
front: 0, 1.91616, 2.5
side: 0, 0, 0
front only
else
else
front: 0.954815, 0.930715, 2.5
side: 0, 0, 0
front only
else
front: 0, 0, 2.5
side: 0, 0, 0
front only
front: 0.821346, 0, 2.5
side: 0, 0, 0
front only
else
else
front: 1.3226, 0, 2.5
side: 0, 0, 0
front only
else
else
else
else
else
else
else
else
front: 0, 0.265546, 2.5
side: 0, 0, 0
front only
else
else
else
else
front: 1.05129, 0.469931, 2.5
side: 0, 0, 0
front only
else
else
else
else
else
else
else
else
else
else
else
else
else
else
front: 0.951324, 0, 2.5
side: 0, 0, 0
front only
front: 0.334017, 1.39411, 2.5
side: 0, 0, 0
front only
front: 1.5529, 0, 2.5
side: 0, 0, 0
front only
else
else
front: 0, 0.0917286, 2.5
side: 0, 0, 0
front only
else
else
else
else
front: 0.0540309, 0.603545, 2.5
back: 0.162093, 1.81064, 7.5
front back
photon_ene: 661.6 photon_theta: 2.9038 photon_phi: 4.6231
traject_len: 5.14478
pe_len: 7.89076 cs_len: 0.987386
---
else
else
else
else
else
else
else
else
front: 1.65703, 0, 2.5
side: 0, 0, 0
front only
else
else
else
else
else
else
else
else
else
front: 0.657126, 0.076472, 2.5
back: 1.97138, 0.229416, 7.5
front back
photon_ene: 661.6 photon_theta: 2.8829 photon_phi: 3.25744
traject_len: 5.1721
pe_len: 8.5465 cs_len: 11.0271
---
else
else
else
front: 0.411852, 0.0890178, 2.5
back: 1.23556, 0.267053, 7.5
front back
photon_ene: 661.6 photon_theta: 2.97462 photon_phi: 3.35446
traject_len: 5.07052
pe_len: 124.972 cs_len: 7.07418
---
else
else
else
else
front: 1.15869, 0.895204, 2.5
side: 0, 0, 0
front only
else
else
else
else
else
else
front: 0, 0.841504, 2.5
side: 0, 0, 0
front only
else
else
else
else
else
front: 1.74635, 0, 2.5
side: 0, 0, 0
front only
else
else
else
else
front: 1.74106, 0, 2.5
side: 0, 0, 0
front only
front: 0.375183, 1.45822, 2.5
side: 0, 0, 0
front only
else
front: 1.17107, 0, 2.5
side: 0, 0, 0
front only
front: 0, 0, 2.5
side: 0, 0, 0
front only
else
front: 0, 0.042301, 2.5
back: 0, 0.126903, 7.5
front back
photon_ene: 661.6 photon_theta: 0.280657 photon_phi: 3.08286
traject_len: 5.00072
pe_len: 31.4156 cs_len: 4.17089
---
else
front: 0.500509, 0, 2.5
back: 1.50153, 0, 7.5
front back
photon_ene: 661.6 photon_theta: 2.84935 photon_phi: 2.29889
traject_len: 5.09922
pe_len: 3.53087 cs_len: 9.70203
---
else
else
else
else
else
front: 0, 0.982998, 2.5
side: 0, 0, 0
front only
else
else
front: 1.97967, 0, 2.5
side: 0, 0, 0
front only
else
else
else
else
else
else
else
else
else
else
front: 0, 0, 2.5
back: 0, 0, 7.5
front back
photon_ene: 661.6 photon_theta: 0.302943 photon_phi: 3.67693
traject_len: 5
pe_len: 45.752 cs_len: 11.4211
---
else
front: 0, 2.39348, 2.5
side: 0, 0, 0
front only
else
else
front: 1.8935, 0, 2.5
side: 0, 0, 0
front only
else
front: 0, 0, 2.5
side: 0, 0, 0
front only
else
else
front: 0, 0, 2.5
side: 0, 0, 0
front only
front: 0, 1.44302, 2.5
side: 0, 0, 0
front only
else
else
else
front: 0.169859, 2.13248, 2.5
side: 0, 0, 0
front only
else
else
else
else
else
else
front: 0, 0.586226, 2.5
back: 0, 1.75868, 7.5
front back
photon_ene: 661.6 photon_theta: 0.287018 photon_phi: 2.22353
traject_len: 5.13562
pe_len: 2.87179 cs_len: 1.70763
---
else
else
else
else
front: 0, 0, 2.5
side: 0, 0, 0
front only
front: 0, 0, 2.5
side: 0, 0, 0
front only
front: 0.763585, 0, 2.5
back: 2.29075, 0, 7.5
front back
photon_ene: 661.6 photon_theta: 0.306163 photon_phi: 6.02265
traject_len: 5.22803
pe_len: 15.8092 cs_len: 1.57592
---
else
else
else
else
else
else
else
front: 0.816272, 0.245893, 2.5
side: 0, 0, 0
front only
else
else
else
else
else
else
else
else
else
else
else
front: 1.0869, 0.182167, 2.5
side: 0, 0, 0
front only
front: 0, 0, 2.5
side: 0, 0, 0
front only
else
else
else
front: 0, 0.608753, 2.5
side: 0, 0, 0
front only
else
front: 1.39897, 1.31916, 2.5
side: 0, 0, 0
front only
front: 0, 0, 2.5
side: 0, 0, 0
front only
else
front: 0, 2.43864, 2.5
side: 0, 0, 0
front only
front: 1.25431, 0.478081, 2.5
side: 0, 0, 0
front only
else
else
else
else
else
else
else
front: 0.428352, 0.605014, 2.5
back: 1.28506, 1.81504, 7.5
front back
photon_ene: 661.6 photon_theta: 0.288262 photon_phi: 0.954719
traject_len: 5.21518
pe_len: 3.77374 cs_len: 0.229229
---
else
else
else
else
front: 0, 0, 2.5
side: 0, 0, 0
front only
front: 1.23727, 0.212926, 2.5
side: 0, 0, 0
front only
else
else
else
else
front: 0, 0.0869443, 2.5
side: 0, 0, 0
front only
else
front: 0, 0, 2.5
back: 0, 0, 7.5
front back
photon_ene: 661.6 photon_theta: 2.85504 photon_phi: 0.97528
traject_len: 5
pe_len: 5.26568 cs_len: 0.37959
---
else
else
front: 0.0644814, 0, 2.5
side: 0, 0, 0
front only
else
front: 0, 0, 2.5
side: 0, 0, 0
front only
else
else
else
else
front: 1.46123, 0.0467234, 2.5
side: 0, 0, 0
front only
else
else
else
else
else
else
else
else
else
front: 0.261444, 0, 2.5
side: 0, 0, 0
front only
else
else
else
front: 1.54383, 0.120866, 2.5
side: 0, 0, 0
front only
else
else
else
else
else
front: 0, 0, 2.5
side: 0, 0, 0
front only
else
else
else
front: 0.0426399, 0, 2.5
side: 0, 0, 0
front only
else
front: 1.11343, 1.20996, 2.5
side: 0, 0, 0
front only
else
else
else
else
else
else
front: 2.29177, 0, 2.5
side: 0, 0, 0
front only
else
else
front: 0, 0, 2.5
side: 0, 0, 0
front only
else
front: 0.676197, 0.11515, 2.5
back: 2.02859, 0.345449, 7.5
front back
photon_ene: 661.6 photon_theta: 2.87381 photon_phi: 3.31026
traject_len: 5.18479
pe_len: 78.8314 cs_len: 3.46643
---
else
else
else
else
else
else
front: 0.889004, 0, 2.5
side: 0, 0, 0
front only
else
else
front: 0, 0, 2.5
side: 0, 0, 0
front only
else
else
else
else
else
else
front: 0.771125, 0, 2.5
side: 0, 0, 0
front only
front: 0.259471, 0, 2.5
back: 0.778412, 0, 7.5
front back
photon_ene: 661.6 photon_theta: 3.03814 photon_phi: 3.11719
traject_len: 5.02686
pe_len: 72.7099 cs_len: 2.73035
---
else
else
front: 0, 0, 2.5
side: 0, 0, 0
front only
else
else
front: 1.44003, 1.43954, 2.5
side: 0, 0, 0
front only
else
else
else
else
else
front: 1.16303, 0.784453, 2.5
side: 0, 0, 0
front only
front: 0, 2.09004, 2.5
side: 0, 0, 0
front only
front: 1.14718, 0, 2.5
side: 0, 0, 0
front only
front: 1.32771, 0, 2.5
side: 0, 0, 0
front only
else
else
else
else
else
else
front: 1.02776, 0, 2.5
side: 0, 0, 0
front only
front: 0.685895, 0.626173, 2.5
side: 0, 0, 0
front only
front: 0.601889, 0, 2.5
side: 0, 0, 0
front only
front: 0, 0, 2.5
side: 0, 0, 0
front only
else
else
front: 2.09661, 0.887461, 2.5
side: 0, 0, 0
front only
else
else
front: 1.38242, 1.9565, 2.5
side: 0, 0, 0
front only
else
else
else
else
front: 0, 0, 2.5
side: 0, 0, 0
front only
front: 0.765869, 0.0183974, 2.5
back: 2.29761, 0.0551921, 7.5
front back
photon_ene: 661.6 photon_theta: 2.84424 photon_phi: 3.16561
traject_len: 5.22949
pe_len: 9.30232 cs_len: 5.89836
---
else
else
else
else
else
front: 0.332868, 0.0383959, 2.5
back: 0.998604, 0.115188, 7.5
front back
photon_ene: 661.6 photon_theta: 3.00836 photon_phi: 3.25643
traject_len: 5.04471
pe_len: 21.4732 cs_len: 2.72261
---
else
else
else
else
else
front: 0, 0, 2.5
side: 0, 0, 0
front only
else
front: 0, 0, 2.5
back: 0, 0, 7.5
front back
photon_ene: 661.6 photon_theta: 0.0198623 photon_phi: 4.18642
traject_len: 5
pe_len: 4.30598 cs_len: 2.64583
---
else
front: 1.20602, 1.7086, 2.5
side: 0, 0, 0
front only
else
else
else
else
else
else
else
front: 0, 0, 2.5
side: 0, 0, 0
front only
else
front: 0, 1.47899, 2.5
side: 0, 0, 0
front only
front: 0.881637, 1.20844, 2.5
side: 0, 0, 0
front only
else
else
front: 0, 0, 2.5
back: 0, 0, 7.5
front back
photon_ene: 661.6 photon_theta: 0.315442 photon_phi: 3.38238
traject_len: 5
pe_len: 5.44189 cs_len: 0.205306
---
else
else
else
front: 0, 1.59238, 2.5
side: 0, 0, 0
front only
else
front: 0, 1.85095, 2.5
side: 0, 0, 0
front only
else
else
else
else
else
else
else
else
else
front: 0, 0, 2.5
side: 0, 0, 0
front only
front: 0.648267, 0.801309, 2.5
side: 0, 0, 0
front only
front: 0, 0.77927, 2.5
side: 0, 0, 0
front only
front: 1.83119, 0.666257, 2.5
side: 0, 0, 0
front only
else
else
else
else
else
front: 0.074099, 0, 2.5
back: 0.222297, 0, 7.5
front back
photon_ene: 661.6 photon_theta: 2.91852 photon_phi: 1.70183
traject_len: 5.0022
pe_len: 18.3253 cs_len: 1.41761
---
front: 0.371037, 0, 2.5
side: 0, 0, 0
front only
else
front: 0, 0.31752, 2.5
back: 0, 0.952561, 7.5
front back
photon_ene: 661.6 photon_theta: 0.295799 photon_phi: 2.7117
traject_len: 5.04017
pe_len: 14.174 cs_len: 0.900397
---
else
else
else
else
else
else
else
else
front: 1.30834, 2.11814, 2.5
side: 0, 0, 0
front only
front: 0.398784, 0, 2.5
side: 0, 0, 0
front only
else
else
front: 1.19102, 0, 2.5
side: 0, 0, 0
front only
else
front: 0, 0, 2.5
side: 0, 0, 0
front only
front: 0.827337, 0, 2.5
side: 0, 0, 0
front only
front: 0, 0.84397, 2.5
side: 0, 0, 0
front only
else
front: 0, 0.427782, 2.5
side: 0, 0, 0
front only
front: 0, 0, 2.5
side: 0, 0, 0
front only
else
else
front: 0, 0, 2.5
side: 0, 0, 0
front only
else
else
else
front: 0, 0, 2.5
back: 0, 0, 7.5
front back
photon_ene: 661.6 photon_theta: 3.04246 photon_phi: 1.53872
traject_len: 5
pe_len: 19.7504 cs_len: 2.49955
---
else
else
else
else
else
else
else
front: 0.854903, 0, 2.5
side: 0, 0, 0
front only
front: 0, 0.464067, 2.5
side: 0, 0, 0
front only
else
else
front: 0, 2.26964, 2.5
side: 0, 0, 0
front only
else
else
else
else
else
else
else
else
else
else
else
else
else
front: 0, 0.0985065, 2.5
side: 0, 0, 0
front only
front: 0, 0.382745, 2.5
side: 0, 0, 0
front only
else
else
front: 0.819374, 0, 2.5
side: 0, 0, 0
front only
else
else
front: 0, 0.675081, 2.5
side: 0, 0, 0
front only
else
else
else
else
else
else
else
front: 0, 2.41415, 2.5
side: 0, 0, 0
front only
else
front: 0.944063, 0.279319, 2.5
side: 0, 0, 0
front only
else
else
front: 0, 0.425699, 2.5
side: 0, 0, 0
front only
else
else
front: 0, 1.17065, 2.5
side: 0, 0, 0
front only
else
front: 0.476818, 1.24041, 2.5
side: 0, 0, 0
front only
else
front: 0.984762, 0.0469748, 2.5
side: 0, 0, 0
front only
else
front: 0.230713, 0, 2.5
back: 0.692138, 0, 7.5
front back
photon_ene: 661.6 photon_theta: 0.0989697 photon_phi: 5.9052
traject_len: 5.02125
pe_len: 15.1999 cs_len: 0.675556
---
else
else
else
else
else
else
else
front: 0, 2.37782, 2.5
side: 0, 0, 0
front only
else
else
else
else
else
front: 0.383656, 1.18608, 2.5
side: 0, 0, 0
front only
else
else
front: 0.0809517, 0, 2.5
back: 0.242855, 0, 7.5
front back
photon_ene: 661.6 photon_theta: 2.94635 photon_phi: 1.73527
traject_len: 5.00262
pe_len: 5.34685 cs_len: 5.54534
---
else
front: 1.0716, 1.30329, 2.5
side: 0, 0, 0
front only
else
else
else
front: 0.48062, 0, 2.5
side: 0, 0, 0
front only
else
front: 0.607439, 1.32784, 2.5
side: 0, 0, 0
front only
else
front: 0, 0, 2.5
side: 0, 0, 0
front only
else
else
front: 0, 0, 2.5
side: 0, 0, 0
front only
else
front: 0, 0.263822, 2.5
side: 0, 0, 0
front only
else
else
else
else
front: 0, 1.62537, 2.5
side: 0, 0, 0
front only
front: 0, 0, 2.5
side: 0, 0, 0
front only
else
front: 1.37533, 0, 2.5
side: 0, 0, 0
front only
else
else
else
front: 0, 0, 2.5
side: 0, 0, 0
front only
else
front: 1.31074, 0.424443, 2.5
side: 0, 0, 0
front only
front: 0, 1.18634, 2.5
side: 0, 0, 0
front only
else
else
else
front: 0.197492, 0, 2.5
back: 0.592477, 0, 7.5
front back
photon_ene: 661.6 photon_theta: 2.91254 photon_phi: 1.91647
traject_len: 5.01558
pe_len: 0.729801 cs_len: 0.40756
---
else
else
else
else
else
else
front: 1.01739, 2.04335, 2.5
side: 0, 0, 0
front only
front: 0, 0, 2.5
side: 0, 0, 0
front only
else
else
front: 1.8232, 1.29148, 2.5
side: 0, 0, 0
front only
else
else
else
else
else
front: 0.445006, 0.377928, 2.5
back: 1.33502, 1.13378, 7.5
front back
photon_ene: 661.6 photon_theta: 2.91217 photon_phi: 3.84566
traject_len: 5.13453
pe_len: 34.0612 cs_len: 11.6048
---
else
else
else
else
else
else
else
front: 1.5444, 0, 2.5
side: 0, 0, 0
front only
front: 0.433104, 0.381026, 2.5
back: 1.29931, 1.14308, 7.5
front back
photon_ene: 661.6 photon_theta: 2.91482 photon_phi: 3.86311
traject_len: 5.13138
pe_len: 12.9194 cs_len: 0.958525
---
else
else
else
front: 0, 0, 2.5
back: 0, 0, 7.5
front back
photon_ene: 661.6 photon_theta: 0.131093 photon_phi: 4.59352
traject_len: 5
pe_len: 14.1536 cs_len: 0.277973
---
else
else
front: 0, 0, 2.5
back: 0, 0, 7.5
front back
photon_ene: 661.6 photon_theta: 0.110082 photon_phi: 4.03994
traject_len: 5
pe_len: 18.722 cs_len: 3.60043
---
else
front: 0, 0, 2.5
side: 0, 0, 0
front only
else
else
else
front: 0, 0, 2.5
back: 0, 0, 7.5
front back
photon_ene: 661.6 photon_theta: 2.86853 photon_phi: 1.12401
traject_len: 5
pe_len: 26.7425 cs_len: 5.81635
---
else
front: 1.70324, 1.50227, 2.5
side: 0, 0, 0
front only
else
else
else
else
front: 0.00547102, 0, 2.5
side: 0, 0, 0
front only
else
else
else
front: 1.33319, 0, 2.5
side: 0, 0, 0
front only
else
else
else
else
else
front: 0.676163, 2.0284, 2.5
side: 0, 0, 0
front only
front: 0, 0.580373, 2.5
side: 0, 0, 0
front only
else
else
else
else
front: 0.756859, 1.48649, 2.5
side: 0, 0, 0
front only
else
else
else
else
front: 0, 0.659025, 2.5
side: 0, 0, 0
front only
else
else
front: 0.639678, 0.892796, 2.5
side: 0, 0, 0
front only
else
front: 1.20685, 0, 2.5
side: 0, 0, 0
front only
front: 0, 0, 2.5
side: 0, 0, 0
front only
front: 1.56458, 1.655, 2.5
side: 0, 0, 0
front only
else
front: 0, 0, 2.5
side: 0, 0, 0
front only
else
front: 0.447684, 0.19607, 2.5
back: 1.34305, 0.58821, 7.5
front back
photon_ene: 661.6 photon_theta: 2.94853 photon_phi: 3.55439
traject_len: 5.09465
pe_len: 23.7549 cs_len: 5.15696
---
else
else
else
else
front: 2.38257, 0, 2.5
side: 0, 0, 0
front only
else
else
else
else
else
else
front: 2.29418, 0, 2.5
side: 0, 0, 0
front only
else
else
front: 0.12173, 1.51915, 2.5
side: 0, 0, 0
front only
front: 0, 0, 2.5
side: 0, 0, 0
front only
else
front: 0, 0.504402, 2.5
back: 0, 1.51321, 7.5
front back
photon_ene: 661.6 photon_theta: 2.92828 photon_phi: 5.08479
traject_len: 5.10075
pe_len: 16.877 cs_len: 0.910707
---
else
else
front: 0, 1.72669, 2.5
side: 0, 0, 0
front only
front: 0, 1.39943, 2.5
side: 0, 0, 0
front only
else
else
else
else
else
front: 0, 0, 2.5
side: 0, 0, 0
front only
else
else
front: 1.59193, 0, 2.5
side: 0, 0, 0
front only
else
front: 0, 0, 2.5
side: 0, 0, 0
front only
front: 0.855255, 0, 2.5
side: 0, 0, 0
front only
front: 1.49732, 0.381078, 2.5
side: 0, 0, 0
front only
else
else
front: 0, 0, 2.5
side: 0, 0, 0
front only
else
front: 1.02881, 1.37772, 2.5
side: 0, 0, 0
front only
else
else
front: 0.118997, 0.66089, 2.5
back: 0.35699, 1.98267, 7.5
front back
photon_ene: 661.6 photon_theta: 2.87918 photon_phi: 4.53424
traject_len: 5.17723
pe_len: 97.2149 cs_len: 9.18041
---
else
else
else
else
else
else
else
front: 0, 0, 2.5
back: 0, 0, 7.5
front back
photon_ene: 661.6 photon_theta: 2.87545 photon_phi: 1.51146
traject_len: 5
pe_len: 2.81939 cs_len: 9.16659
---
else
front: 0.937425, 0, 2.5
side: 0, 0, 0
front only
front: 0, 0, 2.5
side: 0, 0, 0
front only
front: 0.140095, 0.422006, 2.5
back: 0.420284, 1.26602, 7.5
front back
photon_ene: 661.6 photon_theta: 2.96557 photon_phi: 4.39186
traject_len: 5.07847
pe_len: 63.7353 cs_len: 7.84673
---
front: 0.309649, 1.49977, 2.5
side: 0, 0, 0
front only
else
else
else
else
else
else
front: 1.48398, 0, 2.5
side: 0, 0, 0
front only
front: 1.45325, 0, 2.5
side: 0, 0, 0
front only
else
front: 0.278172, 0.153902, 2.5
back: 0.834515, 0.461706, 7.5
front back
photon_ene: 661.6 photon_theta: 3.01511 photon_phi: 3.64694
traject_len: 5.04026
pe_len: 55.0355 cs_len: 0.777161
---
front: 0, 0, 2.5
back: 0, 0, 7.5
front back
photon_ene: 661.6 photon_theta: 0.254936 photon_phi: 4.69115
traject_len: 5
pe_len: 1.7933 cs_len: 1.30368
---
front: 0, 0, 2.5
side: 0, 0, 0
front only
else
front: 0.639585, 0, 2.5
side: 0, 0, 0
front only
else
else
front: 0.427893, 0.653669, 2.5
back: 1.28368, 1.96101, 7.5
front back
photon_ene: 661.6 photon_theta: 0.30289 photon_phi: 0.991193
traject_len: 5.23846
pe_len: 36.4567 cs_len: 9.90038
---
else
else
else
else
else
else
front: 0, 0.527704, 2.5
side: 0, 0, 0
front only
else
else
else
front: 0.957028, 0, 2.5
side: 0, 0, 0
front only
front: 0, 0.926016, 2.5
side: 0, 0, 0
front only
else
else
else
else
front: 0.993233, 0, 2.5
side: 0, 0, 0
front only
else
else
else
else
else
else
front: 0, 0, 2.5
side: 0, 0, 0
front only
else
else
front: 0.111633, 0.511197, 2.5
back: 0.334899, 1.53359, 7.5
front back
photon_ene: 661.6 photon_theta: 0.206319 photon_phi: 1.3558
traject_len: 5.10834
pe_len: 13.6002 cs_len: 1.42889
---
else
front: 0.802151, 0.905418, 2.5
side: 0, 0, 0
front only
front: 0, 0, 2.5
back: 0, 0, 7.5
front back
photon_ene: 661.6 photon_theta: 2.88007 photon_phi: 0.0242422
traject_len: 5
pe_len: 36.577 cs_len: 1.20027
---
else
else
front: 0.339517, 1.59803, 2.5
side: 0, 0, 0
front only
front: 1.0804, 0.312846, 2.5
side: 0, 0, 0
front only
front: 0, 1.72354, 2.5
side: 0, 0, 0
front only
else
front: 0, 0, 2.5
side: 0, 0, 0
front only
front: 1.37833, 0, 2.5
side: 0, 0, 0
front only
else
front: 0, 0, 2.5
back: 0, 0, 7.5
front back
photon_ene: 661.6 photon_theta: 3.0972 photon_phi: 0.23095
traject_len: 5
pe_len: 40.5164 cs_len: 5.51786
---
front: 0, 0, 2.5
side: 0, 0, 0
front only
front: 2.36652, 0.40337, 2.5
side: 0, 0, 0
front only
else
else
else
else
front: 0, 0, 2.5
side: 0, 0, 0
front only
else
front: 0, 0, 2.5
side: 0, 0, 0
front only
else
else
front: 0, 0, 2.5
back: 0, 0, 7.5
front back
photon_ene: 661.6 photon_theta: 0.255274 photon_phi: 3.55241
traject_len: 5
pe_len: 14.472 cs_len: 0.172436
---
else
front: 0.534245, 0, 2.5
back: 1.60274, 0, 7.5
front back
photon_ene: 661.6 photon_theta: 2.91901 photon_phi: 2.80594
traject_len: 5.11289
pe_len: 11.5833 cs_len: 8.24831
---
else
else
else
else
else
else
else
front: 0, 0.171951, 2.5
side: 0, 0, 0
front only
front: 0, 0.341268, 2.5
side: 0, 0, 0
front only
else
else
front: 0.909403, 1.59739, 2.5
side: 0, 0, 0
front only
else
else
else
else
else
else
else
else
else
else
else
else
else
else
front: 0.562501, 1.72266, 2.5
side: 0, 0, 0
front only
else
else
front: 0.565766, 1.2149, 2.5
side: 0, 0, 0
front only
else
front: 2.27043, 0, 2.5
side: 0, 0, 0
front only
front: 0, 1.67564, 2.5
side: 0, 0, 0
front only
else
front: 0, 0, 2.5
side: 0, 0, 0
front only
front: 0.236602, 2.15908, 2.5
side: 0, 0, 0
front only
front: 0, 0.555359, 2.5
side: 0, 0, 0
front only
else
else
else
front: 1.5215, 0.111799, 2.5
side: 0, 0, 0
front only
front: 0, 1.11316, 2.5
side: 0, 0, 0
front only
else
front: 0.311928, 0.708297, 2.5
back: 0.935783, 2.12489, 7.5
front back
photon_ene: 661.6 photon_theta: 0.300219 photon_phi: 1.15596
traject_len: 5.23411
pe_len: 50.3852 cs_len: 13.4209
---
else
front: 0.667436, 0, 2.5
side: 0, 0, 0
front only
else
front: 0, 0.337445, 2.5
side: 0, 0, 0
front only
else
else
front: 1.68744, 0, 2.5
side: 0, 0, 0
front only
else
front: 0.237216, 1.48424, 2.5
side: 0, 0, 0
front only
else
else
else
else
else
else
else
else
else
else
else
else
else
else
else
else
else
else
else
else
else
else
front: 1.46263, 2.00652, 2.5
side: 0, 0, 0
front only
else
else
front: 1.47862, 0, 2.5
side: 0, 0, 0
front only
else
front: 1.90669, 0, 2.5
side: 0, 0, 0
front only
front: 1.63247, 0.328168, 2.5
side: 0, 0, 0
front only
front: 0, 0, 2.5
back: 0, 0, 7.5
front back
photon_ene: 661.6 photon_theta: 0.289974 photon_phi: 4.47216
traject_len: 5
pe_len: 17.2118 cs_len: 4.20679
---
else
else
front: 0.972601, 0, 2.5
side: 0, 0, 0
front only
else
front: 2.10466, 0.698215, 2.5
side: 0, 0, 0
front only
else
else
else
else
front: 0, 1.45903, 2.5
side: 0, 0, 0
front only
else
front: 0, 1.35893, 2.5
side: 0, 0, 0
front only
else
else
front: 0, 1.16614, 2.5
side: 0, 0, 0
front only
front: 0, 0, 2.5
side: 0, 0, 0
front only
else
front: 0, 0, 2.5
back: 0, 0, 7.5
front back
photon_ene: 661.6 photon_theta: 2.94767 photon_phi: 0.782422
traject_len: 5
pe_len: 57.7732 cs_len: 6.90175
---
front: 0, 0, 2.5
back: 0, 0, 7.5
front back
photon_ene: 661.6 photon_theta: 0.153067 photon_phi: 4.023
traject_len: 5
pe_len: 40.3528 cs_len: 3.62146
---
front: 0, 0, 2.5
side: 0, 0, 0
front only
else
else
else
front: 0.704477, 1.88916, 2.5
side: 0, 0, 0
front only
else
else
else
front: 0, 1.18762, 2.5
side: 0, 0, 0
front only
else
front: 1.0005, 1.61196, 2.5
side: 0, 0, 0
front only
else
else
else
front: 0.790258, 0, 2.5
side: 0, 0, 0
front only
else
else
else
else
else
front: 0, 0, 2.5
back: 0, 0, 7.5
front back
photon_ene: 661.6 photon_theta: 0.291246 photon_phi: 3.86695
traject_len: 5
pe_len: 27.8846 cs_len: 0.848326
---
else
else
else
else
else
else
front: 0.314424, 0.111581, 2.5
back: 0.943273, 0.334743, 7.5
front back
photon_ene: 661.6 photon_theta: 0.13267 photon_phi: 0.34101
traject_len: 5.04433
pe_len: 51.9298 cs_len: 2.97682
---
else
else
else
front: 1.65963, 1.33983, 2.5
side: 0, 0, 0
front only
else
front: 0, 0, 2.5
side: 0, 0, 0
front only
else
front: 1.56661, 0, 2.5
side: 0, 0, 0
front only
else
else
else
else
else
else
else
else
else
front: 0, 1.17482, 2.5
side: 0, 0, 0
front only
else
else
front: 0, 1.35212, 2.5
side: 0, 0, 0
front only
else
else
else
front: 0, 0, 2.5
side: 0, 0, 0
front only
front: 1.21021, 0, 2.5
side: 0, 0, 0
front only
else
else
front: 0, 0.878793, 2.5
side: 0, 0, 0
front only
else
else
else
else
front: 0, 0, 2.5
side: 0, 0, 0
front only
else
else
front: 0, 1.14778, 2.5
side: 0, 0, 0
front only
else
else
else
else
front: 0, 0, 2.5
back: 0, 0, 7.5
front back
photon_ene: 661.6 photon_theta: 0.0760337 photon_phi: 3.26925
traject_len: 5
pe_len: 28.8238 cs_len: 3.65319
---
front: 0, 0.12602, 2.5
side: 0, 0, 0
front only
else
else
else
else
front: 1.27233, 1.72534, 2.5
side: 0, 0, 0
front only
else
else
else
else
else
else
else
front: 0, 1.0862, 2.5
side: 0, 0, 0
front only
front: 0, 0.460421, 2.5
side: 0, 0, 0
front only
else
else
else
else
else
else
else
else
else
else
front: 0, 0, 2.5
back: 0, 0, 7.5
front back
photon_ene: 661.6 photon_theta: 2.87225 photon_phi: 0.888528
traject_len: 5
pe_len: 1.87795 cs_len: 8.19307
---
front: 0, 0, 2.5
side: 0, 0, 0
front only
else
front: 0, 1.73826, 2.5
side: 0, 0, 0
front only
front: 0, 0, 2.5
back: 0, 0, 7.5
front back
photon_ene: 661.6 photon_theta: 3.00625 photon_phi: 0.419093
traject_len: 5
pe_len: 19.9572 cs_len: 5.985
---
front: 1.50109, 1.02762, 2.5
side: 0, 0, 0
front only
else
front: 0.709146, 0, 2.5
side: 0, 0, 0
front only
else
else
else
else
else
else
else
else
else
else
else
else
else
else
else
else
else
else
else
else
else
else
else
else
else
front: 0.477619, 0, 2.5
back: 1.43286, 0, 7.5
front back
photon_ene: 661.6 photon_theta: 2.84739 photon_phi: 2.25303
traject_len: 5.09043
pe_len: 2.62985 cs_len: 4.13438
---
front: 0.0523323, 0, 2.5
back: 0.156997, 0, 7.5
front back
photon_ene: 661.6 photon_theta: 0.165695 photon_phi: 4.83789
traject_len: 5.0011
pe_len: 36.6476 cs_len: 0.934215
---
else
front: 0, 0.280387, 2.5
side: 0, 0, 0
front only
front: 0, 1.44638, 2.5
side: 0, 0, 0
front only
else
else
else
front: 0.0139745, 0, 2.5
side: 0, 0, 0
front only
else
else
front: 0.498033, 0, 2.5
back: 1.4941, 0, 7.5
front back
photon_ene: 661.6 photon_theta: 2.87961 photon_phi: 2.40823
traject_len: 5.09825
pe_len: 61.8374 cs_len: 2.88244
---
else
else
else
else
else
else
else
else
else
front: 0.300229, 0, 2.5
side: 0, 0, 0
front only
else
else
else
else
front: 0, 1.7639, 2.5
side: 0, 0, 0
front only
front: 0, 0, 2.5
side: 0, 0, 0
front only
else
else
else
else
else
else
else
else
else
front: 1.30154, 0.614643, 2.5
side: 0, 0, 0
front only
front: 0.544405, 0, 2.5
side: 0, 0, 0
front only
else
else
else
else
else
else
else
else
else
else
else
else
else
else
else
else
else
else
else
else
else
else
else
front: 0, 2.04493, 2.5
side: 0, 0, 0
front only
front: 1.88655, 1.514, 2.5
side: 0, 0, 0
front only
front: 0, 1.72957, 2.5
side: 0, 0, 0
front only
else
else
else
front: 2.174, 0.635645, 2.5
side: 0, 0, 0
front only
else
else
front: 1.96622, 0, 2.5
side: 0, 0, 0
front only
front: 0, 0, 2.5
side: 0, 0, 0
front only
else
else
front: 0.501323, 0, 2.5
side: 0, 0, 0
front only
else
else
else
else
else
else
else
else
front: 0, 0.649919, 2.5
side: 0, 0, 0
front only
front: 0, 0, 2.5
side: 0, 0, 0
front only
front: 0.794698, 0, 2.5
side: 0, 0, 0
front only
front: 1.01655, 1.06051, 2.5
side: 0, 0, 0
front only
else
else
else
else
front: 1.40725, 0, 2.5
side: 0, 0, 0
front only
front: 1.44333, 0.492249, 2.5
side: 0, 0, 0
front only
else
else
else
front: 0, 0, 2.5
side: 0, 0, 0
front only
else
else
else
front: 0, 0, 2.5
back: 0, 0, 7.5
front back
photon_ene: 661.6 photon_theta: 0.302088 photon_phi: 3.23161
traject_len: 5
pe_len: 1.16501 cs_len: 6.73681
---
else
else
else
else
else
front: 1.30773, 0, 2.5
side: 0, 0, 0
front only
front: 1.12956, 0.311338, 2.5
side: 0, 0, 0
front only
else
front: 1.83681, 0, 2.5
side: 0, 0, 0
front only
else
else
front: 0, 0.964313, 2.5
side: 0, 0, 0
front only
front: 1.46755, 0.641807, 2.5
side: 0, 0, 0
front only
else
else
else
front: 0, 0, 2.5
side: 0, 0, 0
front only
else
else
else
else
else
front: 0, 1.19175, 2.5
side: 0, 0, 0
front only
else
front: 1.91111, 0.943481, 2.5
side: 0, 0, 0
front only
front: 0, 0, 2.5
side: 0, 0, 0
front only
else
else
else
front: 0, 0.524119, 2.5
side: 0, 0, 0
front only
else
else
front: 0.450296, 0, 2.5
back: 1.35089, 0, 7.5
front back
photon_ene: 661.6 photon_theta: 0.219287 photon_phi: 5.65343
traject_len: 5.08046
pe_len: 42.7869 cs_len: 3.33489
---
front: 0.893667, 0, 2.5
side: 0, 0, 0
front only
front: 1.12911, 0.106428, 2.5
side: 0, 0, 0
front only
else
else
front: 0, 0, 2.5
side: 0, 0, 0
front only
front: 0, 0, 2.5
side: 0, 0, 0
front only
else
front: 0.0621865, 0, 2.5
back: 0.186559, 0, 7.5
front back
photon_ene: 661.6 photon_theta: 0.232813 photon_phi: 4.81749
traject_len: 5.00155
pe_len: 35.8586 cs_len: 9.55875
---
else
else
else
front: 0, 0.760744, 2.5
side: 0, 0, 0
front only
else
else
else
else
else
front: 0, 1.38551, 2.5
side: 0, 0, 0
front only
else
front: 0.113729, 0, 2.5
back: 0.341186, 0, 7.5
front back
photon_ene: 661.6 photon_theta: 3.08689 photon_phi: 2.55144
traject_len: 5.00517
pe_len: 65.5786 cs_len: 1.39821
---
else
else
else
else
else
else
else
else
else
front: 0, 0, 2.5
side: 0, 0, 0
front only
else
else
front: 0, 0, 2.5
side: 0, 0, 0
front only
else
else
else
else
else
front: 0.993162, 1.97373, 2.5
side: 0, 0, 0
front only
front: 0, 2.08545, 2.5
side: 0, 0, 0
front only
else
else
front: 0, 0, 2.5
side: 0, 0, 0
front only
else
else
else
else
front: 0.0222777, 0, 2.5
side: 0, 0, 0
front only
else
front: 1.11303, 0.156566, 2.5
side: 0, 0, 0
front only
front: 0.528099, 0, 2.5
side: 0, 0, 0
front only
else
front: 1.566, 0, 2.5
side: 0, 0, 0
front only
else
else
front: 0, 0, 2.5
back: 0, 0, 7.5
front back
photon_ene: 661.6 photon_theta: 0.28228 photon_phi: 3.55236
traject_len: 5
pe_len: 82.9768 cs_len: 0.47371
---
else
else
else
else
else
else
else
else
else
else
front: 1.03808, 0, 2.5
side: 0, 0, 0
front only
front: 1.55455, 0.763495, 2.5
side: 0, 0, 0
front only
else
front: 0, 1.13537, 2.5
side: 0, 0, 0
front only
front: 0.472457, 1.57265, 2.5
side: 0, 0, 0
front only
else
else
front: 0, 0, 2.5
side: 0, 0, 0
front only
front: 0.698251, 0, 2.5
side: 0, 0, 0
front only
else
front: 0, 0, 2.5
side: 0, 0, 0
front only
front: 0, 0.830462, 2.5
side: 0, 0, 0
front only
else
front: 0.0343356, 0.283816, 2.5
back: 0.103007, 0.851449, 7.5
front back
photon_ene: 661.6 photon_theta: 3.02773 photon_phi: 4.592
traject_len: 5.03259
pe_len: 2.37482 cs_len: 5.05486
---
front: 0.00407418, 0, 2.5
back: 0.0122225, 0, 7.5
front back
photon_ene: 661.6 photon_theta: 3.13195 photon_phi: 1.74067
traject_len: 5.00001
pe_len: 129.209 cs_len: 5.73758
---
else
else
front: 0, 2.17638, 2.5
side: 0, 0, 0
front only
else
else
else
else
else
else
front: 0.718838, 0, 2.5
side: 0, 0, 0
front only
else
front: 0, 0, 2.5
side: 0, 0, 0
front only
front: 0, 0.34536, 2.5
side: 0, 0, 0
front only
else
else
else
else
else
front: 0, 0, 2.5
side: 0, 0, 0
front only
else
else
else
else
else
else
front: 0.000540228, 0, 2.5
side: 0, 0, 0
front only
else
else
else
front: 0.349324, 0.402957, 2.5
back: 1.04797, 1.20887, 7.5
front back
photon_ene: 661.6 photon_theta: 2.93143 photon_phi: 3.99816
traject_len: 5.1125
pe_len: 25.2594 cs_len: 0.0813794
---
else
else
else
else
else
else
else
front: 0.0353275, 0, 2.5
side: 0, 0, 0
front only
else
else
else
front: 0, 0.674221, 2.5
side: 0, 0, 0
front only
front: 0, 0, 2.5
side: 0, 0, 0
front only
else
else
else
else
else
front: 0, 0, 2.5
side: 0, 0, 0
front only
else
else
front: 0, 1.89243, 2.5
side: 0, 0, 0
front only
else
else
else
else
else
else
front: 1.13438, 0.246405, 2.5
side: 0, 0, 0
front only
front: 0.00215532, 0, 2.5
side: 0, 0, 0
front only
else
front: 0, 0.157242, 2.5
side: 0, 0, 0
front only
front: 1.73715, 0, 2.5
side: 0, 0, 0
front only
front: 0, 0, 2.5
side: 0, 0, 0
front only
else
else
else
front: 0, 0, 2.5
side: 0, 0, 0
front only
else
else
front: 1.18225, 0, 2.5
side: 0, 0, 0
front only
else
else
front: 0.246487, 0, 2.5
side: 0, 0, 0
front only
else
else
else
else
else
else
else
else
else
else
else
else
else
else
else
else
front: 0, 0, 2.5
side: 0, 0, 0
front only
else
else
else
else
else
front: 0, 0.210059, 2.5
side: 0, 0, 0
front only
else
else
front: 0, 0.1227, 2.5
back: 0, 0.368101, 7.5
front back
photon_ene: 661.6 photon_theta: 2.95565 photon_phi: 6.01923
traject_len: 5.00602
pe_len: 43.6072 cs_len: 0.921527
---
else
else
front: 0.998799, 0, 2.5
side: 0, 0, 0
front only
front: 0, 1.0042, 2.5
side: 0, 0, 0
front only
else
front: 0.908033, 0, 2.5
side: 0, 0, 0
front only
front: 1.38411, 0.301028, 2.5
side: 0, 0, 0
front only
else
else
else
else
front: 1.07682, 0, 2.5
side: 0, 0, 0
front only
front: 0, 0.453698, 2.5
back: 0, 1.36109, 7.5
front back
photon_ene: 661.6 photon_theta: 0.303867 photon_phi: 2.52441
traject_len: 5.08167
pe_len: 2.46108 cs_len: 0.068231
---
front: 0, 0, 2.5
side: 0, 0, 0
front only
else
front: 0, 0, 2.5
side: 0, 0, 0
front only
else
else
else
else
else
front: 2.1781, 0, 2.5
side: 0, 0, 0
front only
else
front: 1.60569, 0, 2.5
side: 0, 0, 0
front only
else
else
front: 0, 0, 2.5
back: 0, 0, 7.5
front back
photon_ene: 661.6 photon_theta: 0.123655 photon_phi: 3.41138
traject_len: 5
pe_len: 30.0225 cs_len: 1.77784
---
else
else
else
front: 1.26802, 0.567595, 2.5
side: 0, 0, 0
front only
front: 0, 0, 2.5
side: 0, 0, 0
front only
else
else
else
else
front: 0.247432, 0.445861, 2.5
back: 0.742297, 1.33758, 7.5
front back
photon_ene: 661.6 photon_theta: 0.201207 photon_phi: 1.06416
traject_len: 5.10295
pe_len: 8.36895 cs_len: 0.878049
---
else
front: 0, 0, 2.5
side: 0, 0, 0
front only
else
front: 0, 0, 2.5
side: 0, 0, 0
front only
front: 0, 0, 2.5
back: 0, 0, 7.5
front back
photon_ene: 661.6 photon_theta: 3.03415 photon_phi: 0.733414
traject_len: 5
pe_len: 4.56922 cs_len: 4.04378
---
else
else
else
front: 1.95278, 0, 2.5
side: 0, 0, 0
front only
else
front: 0, 1.10537, 2.5
side: 0, 0, 0
front only
else
else
else
front: 0, 1.8865, 2.5
side: 0, 0, 0
front only
front: 0.105613, 0, 2.5
back: 0.31684, 0, 7.5
front back
photon_ene: 661.6 photon_theta: 2.93283 photon_phi: 1.77155
traject_len: 5.00446
pe_len: 32.1377 cs_len: 8.40874
---
front: 0.952431, 0, 2.5
side: 0, 0, 0
front only
else
else
else
front: 0, 0.82309, 2.5
side: 0, 0, 0
front only
else
else
else
else
front: 0, 0, 2.5
side: 0, 0, 0
front only
else
else
front: 0, 0.170631, 2.5
side: 0, 0, 0
front only
else
else
else
front: 1.10844, 0, 2.5
side: 0, 0, 0
front only
front: 1.36419, 1.78994, 2.5
side: 0, 0, 0
front only
else
front: 0.719301, 0.307467, 2.5
back: 2.1579, 0.9224, 7.5
front back
photon_ene: 661.6 photon_theta: 0.303253 photon_phi: 0.403946
traject_len: 5.23906
pe_len: 13.7448 cs_len: 0.641674
---
else
front: 0, 0, 2.5
side: 0, 0, 0
front only
else
else
else
front: 0, 1.78655, 2.5
side: 0, 0, 0
front only
else
front: 0, 0, 2.5
side: 0, 0, 0
front only
else
else
else
else
else
else
else
else
front: 1.16448, 0, 2.5
side: 0, 0, 0
front only
else
front: 1.69282, 0.0629422, 2.5
side: 0, 0, 0
front only
else
else
else
else
else
else
front: 0, 0.0929687, 2.5
side: 0, 0, 0
front only
else
else
else
front: 1.97593, 0, 2.5
side: 0, 0, 0
front only
else
else
else
else
else
front: 0.0721793, 2.34452, 2.5
side: 0, 0, 0
front only
front: 1.83265, 0, 2.5
side: 0, 0, 0
front only
else
else
else
front: 0.0940554, 0.40584, 2.5
back: 0.282166, 1.21752, 7.5
front back
photon_ene: 661.6 photon_theta: 0.165121 photon_phi: 1.34306
traject_len: 5.06895
pe_len: 11.6387 cs_len: 9.89016
---
else
else
else
front: 1.21577, 0, 2.5
side: 0, 0, 0
front only
else
front: 0, 0.00827622, 2.5
back: 0, 0.0248287, 7.5
front back
photon_ene: 661.6 photon_theta: 3.06631 photon_phi: 6.23928
traject_len: 5.00003
pe_len: 24.6333 cs_len: 14.7567
---
else
else
front: 0, 0.717684, 2.5
side: 0, 0, 0
front only
front: 0, 0, 2.5
side: 0, 0, 0
front only
else
else
front: 0, 0.76649, 2.5
side: 0, 0, 0
front only
front: 0, 1.85897, 2.5
side: 0, 0, 0
front only
front: 0, 0.425628, 2.5
side: 0, 0, 0
front only
front: 0, 0.157021, 2.5
side: 0, 0, 0
front only
front: 0, 0.143262, 2.5
side: 0, 0, 0
front only
else
else
else
else
else
front: 0, 0.639902, 2.5
back: 0, 1.91971, 7.5
front back
photon_ene: 661.6 photon_theta: 2.87265 photon_phi: 5.09238
traject_len: 5.16119
pe_len: 13.0052 cs_len: 4.08809
---
else
front: 0, 0.513986, 2.5
back: 0, 1.54196, 7.5
front back
photon_ene: 661.6 photon_theta: 2.8525 photon_phi: 5.51997
traject_len: 5.10458
pe_len: 5.84317 cs_len: 6.62103
---
else
else
else
else
else
else
front: 0, 1.28112, 2.5
side: 0, 0, 0
front only
else
else
front: 0.952858, 0.624969, 2.5
side: 0, 0, 0
front only
else
front: 1.06356, 1.14307, 2.5
side: 0, 0, 0
front only
else
else
else
else
front: 0, 0, 2.5
back: 0, 0, 7.5
front back
photon_ene: 661.6 photon_theta: 0.13851 photon_phi: 4.39603
traject_len: 5
pe_len: 26.2467 cs_len: 1.13499
---
else
else
else
else
else
else
else
front: 0, 0, 2.5
side: 0, 0, 0
front only
else
front: 0, 0, 2.5
side: 0, 0, 0
front only
else
else
else
else
else
else
else
else
front: 0, 1.77276, 2.5
side: 0, 0, 0
front only
else
else
else
front: 0, 0, 2.5
side: 0, 0, 0
front only
else
front: 0.449118, 0, 2.5
back: 1.34735, 0, 7.5
front back
photon_ene: 661.6 photon_theta: 2.9307 photon_phi: 2.56658
traject_len: 5.08004
pe_len: 8.27051 cs_len: 8.25851
---
else
else
front: 0.819471, 1.60589, 2.5
side: 0, 0, 0
front only
else
else
else
else
else
front: 0.78856, 0.351684, 2.5
side: 0, 0, 0
front only
front: 1.22742, 1.79125, 2.5
side: 0, 0, 0
front only
else
front: 0.318974, 0, 2.5
back: 0.956921, 0, 7.5
front back
photon_ene: 661.6 photon_theta: 2.9848 photon_phi: 2.50998
traject_len: 5.04053
pe_len: 20.9718 cs_len: 1.31712
---
front: 0, 0, 2.5
side: 0, 0, 0
front only
else
else
front: 0, 0, 2.5
side: 0, 0, 0
front only
else
else
else
else
else
front: 0.387942, 0, 2.5
side: 0, 0, 0
front only
else
else
else
front: 0, 0, 2.5
side: 0, 0, 0
front only
else
else
else
else
else
front: 0.234836, 0, 2.5
side: 0, 0, 0
front only
front: 0.981807, 0.993941, 2.5
side: 0, 0, 0
front only
else
front: 0.291707, 0.770908, 2.5
back: 0.87512, 2.31272, 7.5
front back
photon_ene: 661.6 photon_theta: 0.318478 photon_phi: 1.20905
traject_len: 5.26475
pe_len: 49.9944 cs_len: 25.9227
---
else
else
else
else
else
else
else
front: 0.30344, 1.71124, 2.5
side: 0, 0, 0
front only
else
else
else
else
else
else
else
front: 0.685176, 0, 2.5
side: 0, 0, 0
front only
else
else
front: 0.823958, 0, 2.5
side: 0, 0, 0
front only
front: 1.45838, 0, 2.5
side: 0, 0, 0
front only
else
else
else
else
else
else
front: 1.46169, 0, 2.5
side: 0, 0, 0
front only
front: 2.03178, 0, 2.5
side: 0, 0, 0
front only
else
else
front: 0, 1.66679, 2.5
side: 0, 0, 0
front only
front: 0.977446, 0, 2.5
side: 0, 0, 0
front only
else
else
front: 1.69266, 0, 2.5
side: 0, 0, 0
front only
front: 0.712073, 0, 2.5
side: 0, 0, 0
front only
front: 0.710878, 0.558065, 2.5
side: 0, 0, 0
front only
else
front: 0, 0, 2.5
side: 0, 0, 0
front only
else
else
else
else
front: 0, 1.11276, 2.5
side: 0, 0, 0
front only
else
front: 1.02864, 0, 2.5
side: 0, 0, 0
front only
else
else
else
else
else
else
else
front: 0, 0, 2.5
side: 0, 0, 0
front only
else
else
else
else
else
front: 0.172288, 0, 2.5
back: 0.516864, 0, 7.5
front back
photon_ene: 661.6 photon_theta: 0.0707012 photon_phi: 6.05078
traject_len: 5.01186
pe_len: 115.957 cs_len: 2.72697
---
front: 0.129279, 2.08134, 2.5
side: 0, 0, 0
front only
front: 1.10149, 0.048887, 2.5
side: 0, 0, 0
front only
else
else
else
else
front: 0.335481, 0.67385, 2.5
back: 1.00644, 2.02155, 7.5
front back
photon_ene: 661.6 photon_theta: 0.292463 photon_phi: 1.10886
traject_len: 5.22173
pe_len: 3.325 cs_len: 3.85712
---
else
else
else
else
else
else
front: 1.33772, 0, 2.5
side: 0, 0, 0
front only
else
else
else
else
else
front: 0, 0, 2.5
side: 0, 0, 0
front only
else
else
else
front: 0, 0.311246, 2.5
side: 0, 0, 0
front only
else
else
else
else
else
front: 0, 0.81442, 2.5
back: 0, 2.44326, 7.5
front back
photon_ene: 661.6 photon_theta: 2.82434 photon_phi: 4.83784
traject_len: 5.25862
pe_len: 11.3234 cs_len: 22.0708
---
else
front: 1.91063, 0, 2.5
side: 0, 0, 0
front only
front: 0, 0, 2.5
back: 0, 0, 7.5
front back
photon_ene: 661.6 photon_theta: 0.272526 photon_phi: 4.70768
traject_len: 5
pe_len: 14.7655 cs_len: 5.53377
---
else
else
else
else
else
else
front: 2.0853, 0, 2.5
side: 0, 0, 0
front only
else
else
else
else
else
else
else
else
front: 0.0941358, 1.18823, 2.5
side: 0, 0, 0
front only
else
front: 0.515521, 0, 2.5
side: 0, 0, 0
front only
else
front: 0, 0, 2.5
side: 0, 0, 0
front only
front: 0.164532, 0, 2.5
back: 0.493595, 0, 7.5
front back
photon_ene: 661.6 photon_theta: 2.86772 photon_phi: 1.80726
traject_len: 5.01082
pe_len: 15.9414 cs_len: 4.96636
---
front: 1.13382, 0, 2.5
side: 0, 0, 0
front only
else
else
else
else
else
else
else
front: 0.266718, 0, 2.5
back: 0.800155, 0, 7.5
front back
photon_ene: 661.6 photon_theta: 2.95824 photon_phi: 2.1838
traject_len: 5.02837
pe_len: 80.2755 cs_len: 8.81012
---
else
else
else
else
else
front: 0, 0, 2.5
side: 0, 0, 0
front only
else
else
front: 0, 0, 2.5
side: 0, 0, 0
front only
else
front: 0, 0, 2.5
side: 0, 0, 0
front only
front: 1.76716, 0.252695, 2.5
side: 0, 0, 0
front only
else
front: 0.534271, 1.37673, 2.5
side: 0, 0, 0
front only
front: 0, 1.64092, 2.5
side: 0, 0, 0
front only
else
front: 1.52735, 0, 2.5
side: 0, 0, 0
front only
else
else
else
else
else
else
else
else
else
else
front: 0.387969, 1.24148, 2.5
side: 0, 0, 0
front only
else
else
else
else
front: 2.01792, 0, 2.5
side: 0, 0, 0
front only
else
else
else
else
else
front: 0.0240297, 0, 2.5
back: 0.072089, 0, 7.5
front back
photon_ene: 661.6 photon_theta: 2.87162 photon_phi: 1.60554
traject_len: 5.00023
pe_len: 42.699 cs_len: 24.1441
---
front: 0, 0.387468, 2.5
side: 0, 0, 0
front only
else
else
else
front: 0.0536508, 0, 2.5
back: 0.160952, 0, 7.5
front back
photon_ene: 661.6 photon_theta: 0.227749 photon_phi: 4.80512
traject_len: 5.00115
pe_len: 69.8498 cs_len: 3.88068
---
front: 0, 0, 2.5
back: 0, 0, 7.5
front back
photon_ene: 661.6 photon_theta: 3.06727 photon_phi: 0.38812
traject_len: 5
pe_len: 78.6308 cs_len: 1.29098
---
else
front: 0.875478, 0.484808, 2.5
side: 0, 0, 0
front only
front: 1.28748, 0, 2.5
side: 0, 0, 0
front only
else
front: 1.10376, 0, 2.5
side: 0, 0, 0
front only
else
front: 0, 1.98621, 2.5
side: 0, 0, 0
front only
else
front: 0.673176, 1.72327, 2.5
side: 0, 0, 0
front only
else
front: 0, 0, 2.5
side: 0, 0, 0
front only
front: 0, 0.931013, 2.5
side: 0, 0, 0
front only
else
front: 0.429161, 1.744, 2.5
side: 0, 0, 0
front only
else
else
else
else
front: 0, 0, 2.5
side: 0, 0, 0
front only
else
front: 0.799638, 1.84715, 2.5
side: 0, 0, 0
front only
else
else
front: 0, 2.17594, 2.5
side: 0, 0, 0
front only
else
else
else
else
else
else
front: 0, 1.0458, 2.5
side: 0, 0, 0
front only
else
front: 0, 1.18953, 2.5
side: 0, 0, 0
front only
else
else
else
else
front: 0, 1.27317, 2.5
side: 0, 0, 0
front only
else
else
front: 0, 0, 2.5
side: 0, 0, 0
front only
else
front: 1.09365, 0, 2.5
side: 0, 0, 0
front only
else
else
else
else
else
else
front: 0.367463, 0, 2.5
side: 0, 0, 0
front only
else
else
else
else
else
else
else
else
front: 0, 0, 2.5
side: 0, 0, 0
front only
else
else
else
front: 1.60851, 0.649029, 2.5
side: 0, 0, 0
front only
else
else
else
front: 0, 0, 2.5
side: 0, 0, 0
front only
else
else
else
else
else
front: 0, 0.73954, 2.5
side: 0, 0, 0
front only
else
else
front: 2.23047, 0, 2.5
side: 0, 0, 0
front only
front: 1.06385, 1.40511, 2.5
side: 0, 0, 0
front only
else
front: 0, 0.444485, 2.5
back: 0, 1.33346, 7.5
front back
photon_ene: 661.6 photon_theta: 2.82153 photon_phi: 5.71703
traject_len: 5.07841
pe_len: 46.2746 cs_len: 17.3555
---
else
else
else
else
else
front: 1.71247, 0, 2.5
side: 0, 0, 0
front only
else
else
front: 0, 0.228571, 2.5
side: 0, 0, 0
front only
else
front: 0, 1.97541, 2.5
side: 0, 0, 0
front only
front: 0, 0.618812, 2.5
side: 0, 0, 0
front only
else
else
front: 0, 0.108367, 2.5
side: 0, 0, 0
front only
front: 0, 0, 2.5
side: 0, 0, 0
front only
else
else
else
else
else
else
else
front: 1.92754, 0, 2.5
side: 0, 0, 0
front only
else
else
else
else
front: 0.45939, 0.794063, 2.5
side: 0, 0, 0
front only
front: 0.71514, 0, 2.5
side: 0, 0, 0
front only
else
else
front: 0, 0.892587, 2.5
side: 0, 0, 0
front only
else
front: 0, 0, 2.5
side: 0, 0, 0
front only
else
else
else
else
else
else
else
else
else
else
else
front: 1.12754, 2.15993, 2.5
side: 0, 0, 0
front only
else
front: 0.459779, 0.299696, 2.5
back: 1.37934, 0.899087, 7.5
front back
photon_ene: 661.6 photon_theta: 0.216104 photon_phi: 0.577658
traject_len: 5.11907
pe_len: 9.6232 cs_len: 12.1858
---
else
else
else
else
else
else
else
else
else
front: 0, 0.0967943, 2.5
back: 0, 0.290383, 7.5
front back
photon_ene: 661.6 photon_theta: 0.0513726 photon_phi: 2.28898
traject_len: 5.00375
pe_len: 27.3085 cs_len: 4.58597
---
else
else
else
front: 0, 0, 2.5
side: 0, 0, 0
front only
else
front: 1.75066, 0.783804, 2.5
side: 0, 0, 0
front only
else
else
else
else
front: 0, 0, 2.5
side: 0, 0, 0
front only
else
front: 1.42783, 1.0555, 2.5
side: 0, 0, 0
front only
front: 0.611784, 0.101305, 2.5
back: 1.83535, 0.303915, 7.5
front back
photon_ene: 661.6 photon_theta: 2.89845 photon_phi: 3.30569
traject_len: 5.15152
pe_len: 11.4416 cs_len: 10.2681
---
else
else
else
front: 0, 0.785854, 2.5
side: 0, 0, 0
front only
else
front: 1.42583, 0, 2.5
side: 0, 0, 0
front only
else
else
else
else
else
else
front: 0, 0.964787, 2.5
side: 0, 0, 0
front only
else
else
else
else
else
else
else
else
else
else
else
front: 0, 0.987621, 2.5
side: 0, 0, 0
front only
else
else
else
else
else
else
else
front: 2.13267, 0.605233, 2.5
side: 0, 0, 0
front only
front: 0.0625372, 0, 2.5
back: 0.187612, 0, 7.5
front back
photon_ene: 661.6 photon_theta: 3.11035 photon_phi: 2.49857
traject_len: 5.00156
pe_len: 54.3104 cs_len: 5.91196
---
else
else
else
else
else
front: 0.642446, 0, 2.5
side: 0, 0, 0
front only
else
front: 0, 1.57188, 2.5
side: 0, 0, 0
front only
front: 0.379246, 0.681755, 2.5
back: 1.13774, 2.04527, 7.5
front back
photon_ene: 661.6 photon_theta: 2.83911 photon_phi: 4.20474
traject_len: 5.23779
pe_len: 31.1861 cs_len: 1.9253
---
else
else
else
else
front: 0.189435, 0, 2.5
side: 0, 0, 0
front only
front: 0, 0, 2.5
side: 0, 0, 0
front only
front: 0, 0, 2.5
back: 0, 0, 7.5
front back
photon_ene: 661.6 photon_theta: 2.88054 photon_phi: 1.45701
traject_len: 5
pe_len: 21.7282 cs_len: 6.49615
---
front: 1.20424, 0, 2.5
side: 0, 0, 0
front only
else
else
else
else
else
else
else
front: 0, 0, 2.5
side: 0, 0, 0
front only
front: 1.04952, 0.286717, 2.5
side: 0, 0, 0
front only
else
else
else
else
else
else
else
else
else
else
else
front: 0, 0, 2.5
back: 0, 0, 7.5
front back
photon_ene: 661.6 photon_theta: 2.94226 photon_phi: 0.774789
traject_len: 5
pe_len: 62.6719 cs_len: 3.83795
---
else
else
else
else
else
else
else
front: 0, 0.630814, 2.5
side: 0, 0, 0
front only
else
else
else
front: 1.50901, 0, 2.5
side: 0, 0, 0
front only
else
front: 0.728043, 0, 2.5
side: 0, 0, 0
front only
else
front: 0, 1.74285, 2.5
side: 0, 0, 0
front only
else
else
else
else
else
else
else
front: 1.97734, 0, 2.5
side: 0, 0, 0
front only
front: 0.511058, 1.02009, 2.5
side: 0, 0, 0
front only
front: 1.04496, 0, 2.5
side: 0, 0, 0
front only
else
else
else
else
else
else
else
else
else
else
front: 0, 0, 2.5
side: 0, 0, 0
front only
else
front: 0, 0.520775, 2.5
side: 0, 0, 0
front only
else
else
else
else
else
else
front: 0, 0.634646, 2.5
back: 0, 1.90394, 7.5
front back
photon_ene: 661.6 photon_theta: 2.8927 photon_phi: 4.76136
traject_len: 5.15859
pe_len: 74.0966 cs_len: 9.11073
---
front: 1.12183, 0.0691183, 2.5
side: 0, 0, 0
front only
front: 0, 0, 2.5
back: 0, 0, 7.5
front back
photon_ene: 661.6 photon_theta: 2.88375 photon_phi: 0.262364
traject_len: 5
pe_len: 41.7125 cs_len: 10.1042
---
else
front: 0, 1.49067, 2.5
side: 0, 0, 0
front only
else
else
else
else
front: 0, 0, 2.5
side: 0, 0, 0
front only
else
else
else
else
front: 0, 0, 2.5
side: 0, 0, 0
front only
else
front: 0, 1.53622, 2.5
side: 0, 0, 0
front only
else
else
else
else
front: 1.02709, 0, 2.5
side: 0, 0, 0
front only
else
front: 0, 0.197094, 2.5
side: 0, 0, 0
front only
front: 0, 0.537822, 2.5
back: 0, 1.61347, 7.5
front back
photon_ene: 661.6 photon_theta: 0.255832 photon_phi: 2.17585
traject_len: 5.11439
pe_len: 87.0842 cs_len: 0.787269
---
else
else
front: 0, 2.27902, 2.5
side: 0, 0, 0
front only
else
else
else
else
front: 0, 0.892928, 2.5
side: 0, 0, 0
front only
else
else
else
else
else
else
else
else
front: 0, 0.024404, 2.5
side: 0, 0, 0
front only
else
front: 0, 0, 2.5
side: 0, 0, 0
front only
front: 0.631029, 0, 2.5
back: 1.89309, 0, 7.5
front back
photon_ene: 661.6 photon_theta: 0.293875 photon_phi: 5.69878
traject_len: 5.15682
pe_len: 18.4934 cs_len: 1.01023
---
front: 1.50173, 0, 2.5
side: 0, 0, 0
front only
else
front: 0, 1.18597, 2.5
side: 0, 0, 0
front only
else
else
front: 0.514511, 0, 2.5
side: 0, 0, 0
front only
else
else
front: 0, 0, 2.5
side: 0, 0, 0
front only
else
front: 0.847632, 0, 2.5
side: 0, 0, 0
front only
else
else
else
else
else
front: 0, 0.21216, 2.5
back: 0, 0.636479, 7.5
front back
photon_ene: 661.6 photon_theta: 0.284261 photon_phi: 2.84689
traject_len: 5.01797
pe_len: 21.3222 cs_len: 0.613415
---
else
else
else
else
front: 1.97545, 0.519712, 2.5
side: 0, 0, 0
front only
else
else
else
front: 0, 0, 2.5
side: 0, 0, 0
front only
else
front: 0, 0, 2.5
side: 0, 0, 0
front only
front: 0, 0, 2.5
back: 0, 0, 7.5
front back
photon_ene: 661.6 photon_theta: 2.87633 photon_phi: 0.733669
traject_len: 5
pe_len: 83.4706 cs_len: 1.79566
---
else
else
else
front: 0, 0, 2.5
side: 0, 0, 0
front only
else
else
else
front: 1.57362, 0.023613, 2.5
side: 0, 0, 0
front only
else
else
front: 0, 0, 2.5
side: 0, 0, 0
front only
else
else
front: 0, 0, 2.5
side: 0, 0, 0
front only
else
else
else
front: 0, 0, 2.5
side: 0, 0, 0
front only
front: 0, 1.95419, 2.5
side: 0, 0, 0
front only
else
else
else
else
else
else
else
front: 0.584281, 0.562036, 2.5
back: 1.75284, 1.68611, 7.5
front back
photon_ene: 661.6 photon_theta: 2.828 photon_phi: 3.90759
traject_len: 5.25634
pe_len: 104.433 cs_len: 2.04662
---
else
front: 0, 0, 2.5
side: 0, 0, 0
front only
else
else
else
else
else
else
front: 0.386907, 0, 2.5
side: 0, 0, 0
front only
front: 0.876075, 0.929946, 2.5
side: 0, 0, 0
front only
else
else
front: 0.949219, 0.420992, 2.5
side: 0, 0, 0
front only
else
else
else
else
else
else
else
else
else
front: 0.833196, 0, 2.5
side: 0, 0, 0
front only
else
else
else
front: 0, 0, 2.5
side: 0, 0, 0
front only
else
front: 0, 0.724251, 2.5
side: 0, 0, 0
front only
front: 1.41689, 0.950441, 2.5
side: 0, 0, 0
front only
front: 0, 0, 2.5
side: 0, 0, 0
front only
else
else
front: 0, 0, 2.5
side: 0, 0, 0
front only
else
front: 0, 0, 2.5
side: 0, 0, 0
front only
else
else
front: 0, 0, 2.5
side: 0, 0, 0
front only
else
else
else
else
else
else
front: 0, 0, 2.5
back: 0, 0, 7.5
front back
photon_ene: 661.6 photon_theta: 0.149566 photon_phi: 3.82082
traject_len: 5
pe_len: 84.7045 cs_len: 3.78279
---
front: 0.28084, 0, 2.5
side: 0, 0, 0
front only
else
else
else
else
front: 0, 0, 2.5
side: 0, 0, 0
front only
else
front: 1.48811, 0, 2.5
side: 0, 0, 0
front only
front: 2.08578, 0.165947, 2.5
side: 0, 0, 0
front only
front: 0, 0.644356, 2.5
side: 0, 0, 0
front only
else
front: 1.83854, 0, 2.5
side: 0, 0, 0
front only
else
else
front: 0, 0.960802, 2.5
side: 0, 0, 0
front only
else
front: 0, 0, 2.5
side: 0, 0, 0
front only
front: 0.324451, 0.532454, 2.5
back: 0.973352, 1.59736, 7.5
front back
photon_ene: 661.6 photon_theta: 0.244421 photon_phi: 1.02353
traject_len: 5.15316
pe_len: 37.8192 cs_len: 1.05501
---
else
front: 0.225221, 0, 2.5
side: 0, 0, 0
front only
else
else
front: 0.237566, 0.397921, 2.5
back: 0.712697, 1.19376, 7.5
front back
photon_ene: 661.6 photon_theta: 2.9583 photon_phi: 4.17417
traject_len: 5.08519
pe_len: 7.78202 cs_len: 2.93565
---
else
front: 0, 1.37505, 2.5
side: 0, 0, 0
front only
else
else
else
else
else
front: 0, 0.991753, 2.5
side: 0, 0, 0
front only
else
front: 0.874289, 0, 2.5
side: 0, 0, 0
front only
else
front: 0, 0, 2.5
side: 0, 0, 0
front only
else
else
else
front: 0, 0.437718, 2.5
back: 0, 1.31315, 7.5
front back
photon_ene: 661.6 photon_theta: 0.205382 photon_phi: 2.14343
traject_len: 5.07606
pe_len: 3.62572 cs_len: 1.09783
---
else
front: 1.19038, 0, 2.5
side: 0, 0, 0
front only
else
else
else
else
else
else
front: 0.453931, 0, 2.5
side: 0, 0, 0
front only
else
else
else
else
else
else
else
else
front: 0, 1.24244, 2.5
side: 0, 0, 0
front only
else
front: 0, 0, 2.5
side: 0, 0, 0
front only
else
else
front: 1.00389, 2.00752, 2.5
side: 0, 0, 0
front only
else
else
else
front: 0, 0, 2.5
side: 0, 0, 0
front only
else
else
else
else
else
front: 1.38197, 0, 2.5
side: 0, 0, 0
front only
else
front: 2.32808, 0.183258, 2.5
side: 0, 0, 0
front only
front: 0, 0, 2.5
side: 0, 0, 0
front only
front: 0, 1.17249, 2.5
side: 0, 0, 0
front only
else
front: 1.45991, 0.661601, 2.5
side: 0, 0, 0
front only
else
else
else
front: 1.38477, 1.15052, 2.5
side: 0, 0, 0
front only
front: 0, 0, 2.5
side: 0, 0, 0
front only
else
else
else
else
front: 0, 0.523366, 2.5
side: 0, 0, 0
front only
else
else
else
else
front: 2.37868, 0, 2.5
side: 0, 0, 0
front only
else
else
else
front: 0.943025, 0, 2.5
side: 0, 0, 0
front only
else
else
else
front: 0.408607, 0, 2.5
back: 1.22582, 0, 7.5
front back
photon_ene: 661.6 photon_theta: 0.244566 photon_phi: 5.42646
traject_len: 5.06634
pe_len: 55.9148 cs_len: 1.10357
---
else
front: 0, 0.0560796, 2.5
back: 0, 0.168239, 7.5
front back
photon_ene: 661.6 photon_theta: 2.98945 photon_phi: 6.13636
traject_len: 5.00126
pe_len: 36.5672 cs_len: 2.91485
---
else
else
front: 0, 0.446776, 2.5
side: 0, 0, 0
front only
else
front: 1.2707, 0, 2.5
side: 0, 0, 0
front only
else
else
front: 0, 0, 2.5
side: 0, 0, 0
front only
else
front: 1.56375, 0.698603, 2.5
side: 0, 0, 0
front only
else
else
else
front: 0, 0, 2.5
side: 0, 0, 0
front only
else
else
front: 0, 2.06524, 2.5
side: 0, 0, 0
front only
else
else
front: 1.03522, 0, 2.5
side: 0, 0, 0
front only
else
front: 0, 0, 2.5
side: 0, 0, 0
front only
else
else
front: 0.880651, 0, 2.5
side: 0, 0, 0
front only
else
else
else
else
front: 0.486599, 1.70427, 2.5
side: 0, 0, 0
front only
else
else
else
else
else
else
front: 0.798059, 1.03431, 2.5
side: 0, 0, 0
front only
else
else
front: 0.343866, 0.583423, 2.5
back: 1.0316, 1.75027, 7.5
front back
photon_ene: 661.6 photon_theta: 2.87705 photon_phi: 4.1798
traject_len: 5.1802
pe_len: 21.1805 cs_len: 8.41742
---
else
else
else
else
else
else
else
else
else
else
else
else
else
front: 1.89637, 1.15253, 2.5
side: 0, 0, 0
front only
front: 1.75561, 1.06269, 2.5
side: 0, 0, 0
front only
else
else
else
front: 0, 0.082615, 2.5
side: 0, 0, 0
front only
else
else
else
front: 0.300624, 0.500986, 2.5
back: 0.901873, 1.50296, 7.5
front back
photon_ene: 661.6 photon_theta: 2.91201 photon_phi: 4.17192
traject_len: 5.13473
pe_len: 3.54724 cs_len: 7.86964
---
else
else
else
else
else
else
else
else
else
else
front: 0, 0.139963, 2.5
back: 0, 0.41989, 7.5
front back
photon_ene: 661.6 photon_theta: 3.00878 photon_phi: 5.85078
traject_len: 5.00783
pe_len: 2.13969 cs_len: 0.787926
---
front: 0, 1.19459, 2.5
side: 0, 0, 0
front only
else
front: 0, 0, 2.5
side: 0, 0, 0
front only
else
front: 0.521843, 1.08741, 2.5
side: 0, 0, 0
front only
else
else
else
else
else
else
else
else
else
else
else
front: 0, 0.870071, 2.5
side: 0, 0, 0
front only
front: 0, 0.529578, 2.5
side: 0, 0, 0
front only
front: 0, 0, 2.5
side: 0, 0, 0
front only
front: 0, 0, 2.5
side: 0, 0, 0
front only
front: 0, 1.88738, 2.5
side: 0, 0, 0
front only
else
else
else
else
else
else
else
else
front: 0.29885, 0, 2.5
back: 0.896549, 0, 7.5
front back
photon_ene: 661.6 photon_theta: 2.95188 photon_phi: 2.24277
traject_len: 5.0356
pe_len: 58.7271 cs_len: 0.795704
---
else
front: 2.02129, 0.812758, 2.5
side: 0, 0, 0
front only
else
else
else
else
else
front: 0, 1.45343, 2.5
side: 0, 0, 0
front only
front: 1.25536, 0, 2.5
side: 0, 0, 0
front only
else
else
else
else
else
else
front: 0, 0, 2.5
side: 0, 0, 0
front only
else
else
front: 0, 1.21894, 2.5
side: 0, 0, 0
front only
else
else
front: 1.46679, 1.34849, 2.5
side: 0, 0, 0
front only
else
else
else
else
else
else
else
else
else
else
else
front: 0, 1.7716, 2.5
side: 0, 0, 0
front only
else
front: 1.81192, 0, 2.5
side: 0, 0, 0
front only
front: 2.27996, 0, 2.5
side: 0, 0, 0
front only
else
front: 0, 0, 2.5
side: 0, 0, 0
front only
front: 0, 0.907033, 2.5
side: 0, 0, 0
front only
else
else
else
else
else
else
else
else
else
else
else
front: 0.60413, 1.31624, 2.5
side: 0, 0, 0
front only
else
else
else
else
front: 0, 0, 2.5
side: 0, 0, 0
front only
else
else
else
else
front: 0, 1.83578, 2.5
side: 0, 0, 0
front only
else
else
else
front: 1.79381, 0, 2.5
side: 0, 0, 0
front only
else
else
else
front: 1.25572, 1.67909, 2.5
side: 0, 0, 0
front only
front: 0, 0.993601, 2.5
side: 0, 0, 0
front only
else
else
else
else
front: 0.644088, 0, 2.5
back: 1.93226, 0, 7.5
front back
photon_ene: 661.6 photon_theta: 0.262981 photon_phi: 5.98881
traject_len: 5.16327
pe_len: 134.923 cs_len: 5.88204
---
else
else
else
front: 1.05258, 0, 2.5
side: 0, 0, 0
front only
else
front: 1.06486, 1.19513, 2.5
side: 0, 0, 0
front only
else
front: 0, 1.61329, 2.5
side: 0, 0, 0
front only
front: 0, 0, 2.5
side: 0, 0, 0
front only
else
front: 0.881275, 0.206708, 2.5
side: 0, 0, 0
front only
else
front: 0.0136261, 0.371692, 2.5
back: 0.0408783, 1.11508, 7.5
front back
photon_ene: 661.6 photon_theta: 0.147693 photon_phi: 1.53415
traject_len: 5.05503
pe_len: 1.56485 cs_len: 3.10426
---
else
else
else
else
else
front: 0, 0.994841, 2.5
side: 0, 0, 0
front only
front: 0, 0.187619, 2.5
side: 0, 0, 0
front only
front: 2.36298, 0.395347, 2.5
side: 0, 0, 0
front only
front: 0, 0, 2.5
side: 0, 0, 0
front only
front: 0, 0.632425, 2.5
side: 0, 0, 0
front only
else
else
else
else
else
else
else
else
else
front: 0.694925, 1.25457, 2.5
side: 0, 0, 0
front only
front: 0.517803, 0, 2.5
side: 0, 0, 0
front only
else
front: 0, 0, 2.5
back: 0, 0, 7.5
front back
photon_ene: 661.6 photon_theta: 0.110501 photon_phi: 3.75977
traject_len: 5
pe_len: 103.862 cs_len: 1.43894
---
else
front: 1.15836, 1.17557, 2.5
side: 0, 0, 0
front only
else
else
else
else
else
front: 1.59835, 0, 2.5
side: 0, 0, 0
front only
else
else
else
else
else
front: 0, 0.143566, 2.5
side: 0, 0, 0
front only
front: 0, 0.816114, 2.5
side: 0, 0, 0
front only
else
else
front: 1.36323, 0, 2.5
side: 0, 0, 0
front only
else
front: 0.901013, 0.690093, 2.5
side: 0, 0, 0
front only
front: 0, 0.0939352, 2.5
side: 0, 0, 0
front only
else
front: 0, 0.0967485, 2.5
back: 0, 0.290245, 7.5
front back
photon_ene: 661.6 photon_theta: 0.307225 photon_phi: 3.01931
traject_len: 5.00374
pe_len: 25.7003 cs_len: 20.1616
---
front: 2.04862, 0, 2.5
side: 0, 0, 0
front only
else
front: 1.11993, 0, 2.5
side: 0, 0, 0
front only
else
else
else
else
else
front: 0.351473, 0.515012, 2.5
back: 1.05442, 1.54504, 7.5
front back
photon_ene: 661.6 photon_theta: 2.89717 photon_phi: 4.11353
traject_len: 5.15316
pe_len: 7.78163 cs_len: 2.74497
---
else
else
front: 0, 0, 2.5
side: 0, 0, 0
front only
front: 0, 0, 2.5
side: 0, 0, 0
front only
else
else
else
else
else
front: 2.25184, 0, 2.5
side: 0, 0, 0
front only
front: 0.491111, 0, 2.5
side: 0, 0, 0
front only
else
else
else
else
else
else
else
front: 0, 0, 2.5
side: 0, 0, 0
front only
front: 0.139175, 0.65159, 2.5
back: 0.417526, 1.95477, 7.5
front back
photon_ene: 661.6 photon_theta: 0.260461 photon_phi: 1.36036
traject_len: 5.17453
pe_len: 16.4454 cs_len: 5.2313
---
else
front: 1.64024, 0, 2.5
side: 0, 0, 0
front only
else
front: 0, 0.169845, 2.5
side: 0, 0, 0
front only
front: 0, 0.383017, 2.5
side: 0, 0, 0
front only
else
else
else
else
else
else
front: 0.50574, 1.13225, 2.5
side: 0, 0, 0
front only
else
else
front: 1.08176, 0, 2.5
side: 0, 0, 0
front only
else
else
else
else
else
else
else
else
else
else
else
else
else
else
else
else
front: 2.11608, 0, 2.5
side: 0, 0, 0
front only
else
else
else
front: 0, 1.27697, 2.5
side: 0, 0, 0
front only
else
else
else
front: 0.824893, 0, 2.5
side: 0, 0, 0
front only
else
else
else
else
else
else
else
front: 0.621993, 0, 2.5
side: 0, 0, 0
front only
front: 0, 1.05145, 2.5
side: 0, 0, 0
front only
else
else
front: 0.990455, 0.838608, 2.5
side: 0, 0, 0
front only
else
front: 0.103523, 0.764101, 2.5
back: 0.310569, 2.2923, 7.5
front back
photon_ene: 661.6 photon_theta: 0.299175 photon_phi: 1.43613
traject_len: 5.23243
pe_len: 90.5406 cs_len: 0.787169
---
else
else
else
else
front: 0, 0.210435, 2.5
side: 0, 0, 0
front only
else
else
front: 0, 0, 2.5
side: 0, 0, 0
front only
front: 2.34295, 0.563564, 2.5
side: 0, 0, 0
front only
else
else
front: 2.15356, 0, 2.5
side: 0, 0, 0
front only
front: 2.01036, 0, 2.5
side: 0, 0, 0
front only
front: 0.42523, 0.39078, 2.5
back: 1.27569, 1.17234, 7.5
front back
photon_ene: 661.6 photon_theta: 2.91457 photon_phi: 3.8848
traject_len: 5.13168
pe_len: 25.1632 cs_len: 0.742455
---
else
else
else
else
else
else
else
else
else
else
else
front: 0, 0.0291757, 2.5
side: 0, 0, 0
front only
front: 0.121133, 0.730872, 2.5
back: 0.3634, 2.19262, 7.5
front back
photon_ene: 661.6 photon_theta: 0.288093 photon_phi: 1.40655
traject_len: 5.21492
pe_len: 54.097 cs_len: 0.853405
---
else
front: 0, 1.71015, 2.5
side: 0, 0, 0
front only
else
else
else
else
front: 0.00914196, 0, 2.5
side: 0, 0, 0
front only
front: 0, 0, 2.5
side: 0, 0, 0
front only
else
else
else
front: 0.761297, 0.53799, 2.5
side: 0, 0, 0
front only
else
else
else
else
front: 0.341728, 0, 2.5
side: 0, 0, 0
front only
else
else
front: 0, 0, 2.5
side: 0, 0, 0
front only
front: 1.44411, 0, 2.5
side: 0, 0, 0
front only
else
else
front: 0.47062, 0, 2.5
back: 1.41186, 0, 7.5
front back
photon_ene: 661.6 photon_theta: 2.94678 photon_phi: 2.8372
traject_len: 5.08782
pe_len: 30.145 cs_len: 0.0312975
---
else
front: 0.879744, 0, 2.5
side: 0, 0, 0
front only
else
front: 0, 0.600256, 2.5
side: 0, 0, 0
front only
else
else
else
else
front: 1.97444, 0.650286, 2.5
side: 0, 0, 0
front only
front: 0.824426, 0, 2.5
side: 0, 0, 0
front only
front: 0, 0.338268, 2.5
back: 0, 1.0148, 7.5
front back
photon_ene: 661.6 photon_theta: 2.90533 photon_phi: 5.68638
traject_len: 5.04556
pe_len: 19.6722 cs_len: 4.55519
---
else
else
front: 0.44499, 0.873886, 2.5
side: 0, 0, 0
front only
front: 0, 2.29574, 2.5
side: 0, 0, 0
front only
else
else
else
front: 0.324766, 0.29233, 2.5
back: 0.974298, 0.876991, 7.5
front back
photon_ene: 661.6 photon_theta: 0.173034 photon_phi: 0.732885
traject_len: 5.0758
pe_len: 33.7463 cs_len: 1.90325
---
else
else
else
else
front: 1.45414, 0.152789, 2.5
side: 0, 0, 0
front only
else
else
front: 0, 1.24914, 2.5
side: 0, 0, 0
front only
front: 0, 0.974676, 2.5
side: 0, 0, 0
front only
else
else
else
else
else
else
else
else
else
else
front: 0.609984, 1.17983, 2.5
side: 0, 0, 0
front only
front: 0, 0.721274, 2.5
back: 0, 2.16382, 7.5
front back
photon_ene: 661.6 photon_theta: 2.84612 photon_phi: 5.03675
traject_len: 5.20394
pe_len: 3.42092 cs_len: 1.60645
---
else
else
else
else
else
front: 0.6023, 0.394548, 2.5
back: 1.8069, 1.18365, 7.5
front back
photon_ene: 661.6 photon_theta: 0.28042 photon_phi: 0.579931
traject_len: 5.20324
pe_len: 92.4696 cs_len: 4.60696
---
else
else
front: 0.676086, 2.05153, 2.5
side: 0, 0, 0
front only
front: 0.216817, 0, 2.5
side: 0, 0, 0
front only
front: 0.768409, 0.508273, 2.5
side: 0, 0, 0
front only
else
front: 0, 1.05587, 2.5
side: 0, 0, 0
front only
else
else
else
front: 0, 0, 2.5
back: 0, 0, 7.5
front back
photon_ene: 661.6 photon_theta: 3.11617 photon_phi: 0.666695
traject_len: 5
pe_len: 18.8613 cs_len: 3.29554
---
else
front: 0.00584741, 0.588066, 2.5
back: 0.0175422, 1.7642, 7.5
front back
photon_ene: 661.6 photon_theta: 0.231038 photon_phi: 1.56085
traject_len: 5.13648
pe_len: 23.9145 cs_len: 1.34748
---
else
else
else
front: 0.0379334, 0.163082, 2.5
back: 0.1138, 0.489246, 7.5
front back
photon_ene: 661.6 photon_theta: 3.07472 photon_phi: 4.48385
traject_len: 5.0112
pe_len: 13.8054 cs_len: 0.211486
---
front: 1.04569, 0, 2.5
side: 0, 0, 0
front only
else
front: 0, 0, 2.5
side: 0, 0, 0
front only
else
front: 0, 0.938206, 2.5
side: 0, 0, 0
front only
front: 0, 0.782814, 2.5
side: 0, 0, 0
front only
front: 0.701079, 0, 2.5
back: 2.10324, 0, 7.5
front back
photon_ene: 661.6 photon_theta: 0.273686 photon_phi: 6.23703
traject_len: 5.19288
pe_len: 64.2666 cs_len: 9.90314
---
front: 0.68883, 1.94947, 2.5
side: 0, 0, 0
front only
else
else
else
else
else
else
else
front: 0, 0.307526, 2.5
side: 0, 0, 0
front only
else
front: 1.31823, 0.118869, 2.5
side: 0, 0, 0
front only
else
front: 1.25011, 0, 2.5
side: 0, 0, 0
front only
else
else
front: 0, 0, 2.5
side: 0, 0, 0
front only
else
else
front: 0, 0.467015, 2.5
side: 0, 0, 0
front only
else
else
else
else
else
front: 0, 2.21487, 2.5
side: 0, 0, 0
front only
else
else
else
else
else
else
else
front: 0.778459, 1.81221, 2.5
side: 0, 0, 0
front only
front: 1.22828, 2.17179, 2.5
side: 0, 0, 0
front only
front: 0, 0, 2.5
side: 0, 0, 0
front only
else
else
front: 0, 0.875216, 2.5
side: 0, 0, 0
front only
else
else
else
front: 0, 0, 2.5
side: 0, 0, 0
front only
else
front: 0, 2.15295, 2.5
side: 0, 0, 0
front only
else
front: 0, 0, 2.5
side: 0, 0, 0
front only
else
else
else
else
front: 0.989711, 0, 2.5
side: 0, 0, 0
front only
else
front: 0, 1.35742, 2.5
side: 0, 0, 0
front only
else
front: 2.06999, 1.02898, 2.5
side: 0, 0, 0
front only
else
else
else
else
else
front: 0.605822, 0.345766, 2.5
back: 1.81746, 1.0373, 7.5
front back
photon_ene: 661.6 photon_theta: 2.86949 photon_phi: 3.66022
traject_len: 5.19098
pe_len: 31.9606 cs_len: 1.88283
---
else
else
else
else
front: 0, 1.92659, 2.5
side: 0, 0, 0
front only
else
else
else
front: 0.847903, 0.465283, 2.5
side: 0, 0, 0
front only
else
front: 0, 0, 2.5
side: 0, 0, 0
front only
else
front: 0, 1.20216, 2.5
side: 0, 0, 0
front only
front: 0, 0.610403, 2.5
side: 0, 0, 0
front only
front: 0, 0, 2.5
side: 0, 0, 0
front only
else
front: 0.514256, 0.712528, 2.5
side: 0, 0, 0
front only
front: 0, 1.90193, 2.5
side: 0, 0, 0
front only
else
else
else
else
else
else
else
else
else
else
front: 0.839763, 0, 2.5
side: 0, 0, 0
front only
else
else
else
front: 0, 0.285096, 2.5
back: 0, 0.855289, 7.5
front back
photon_ene: 661.6 photon_theta: 2.93964 photon_phi: 5.69244
traject_len: 5.03241
pe_len: 60.9122 cs_len: 1.85323
---
else
front: 0, 0, 2.5
side: 0, 0, 0
front only
front: 1.46552, 1.35528, 2.5
side: 0, 0, 0
front only
else
else
else
else
else
else
else
else
else
front: 0, 0, 2.5
side: 0, 0, 0
front only
else
else
front: 0.781603, 0, 2.5
side: 0, 0, 0
front only
front: 0.514798, 0.486812, 2.5
back: 1.54439, 1.46044, 7.5
front back
photon_ene: 661.6 photon_theta: 0.276167 photon_phi: 0.757464
traject_len: 5.19692
pe_len: 24.3512 cs_len: 0.156323
---
else
front: 0, 0.248436, 2.5
side: 0, 0, 0
front only
else
else
else
front: 0.222858, 0.0305579, 2.5
back: 0.668575, 0.0916736, 7.5
front back
photon_ene: 661.6 photon_theta: 0.0897358 photon_phi: 0.136268
traject_len: 5.0202
pe_len: 20.7508 cs_len: 7.60864
---
front: 1.59355, 1.12255, 2.5
side: 0, 0, 0
front only
else
else
else
front: 1.03609, 0.852947, 2.5
side: 0, 0, 0
front only
else
front: 0, 1.49415, 2.5
side: 0, 0, 0
front only
else
else
front: 0.36272, 0.282578, 2.5
back: 1.08816, 0.847733, 7.5
front back
photon_ene: 661.6 photon_theta: 2.95971 photon_phi: 3.80343
traject_len: 5.08386
pe_len: 31.2688 cs_len: 4.81078
---
front: 0, 0, 2.5
side: 0, 0, 0
front only
else
front: 0, 1.04299, 2.5
side: 0, 0, 0
front only
front: 0, 0, 2.5
side: 0, 0, 0
front only
front: 1.15578, 1.26729, 2.5
side: 0, 0, 0
front only
else
else
else
front: 0, 1.9964, 2.5
side: 0, 0, 0
front only
else
else
else
front: 0, 0.611918, 2.5
side: 0, 0, 0
front only
front: 1.25098, 0.997491, 2.5
side: 0, 0, 0
front only
front: 0, 0, 2.5
side: 0, 0, 0
front only
front: 0, 0, 2.5
side: 0, 0, 0
front only
else
front: 1.54957, 0, 2.5
side: 0, 0, 0
front only
front: 0.0379786, 0.664823, 2.5
back: 0.113936, 1.99447, 7.5
front back
photon_ene: 661.6 photon_theta: 2.88127 photon_phi: 4.65533
traject_len: 5.17433
pe_len: 13.657 cs_len: 7.73989
---
else
front: 0, 0, 2.5
side: 0, 0, 0
front only
front: 0, 0, 2.5
side: 0, 0, 0
front only
else
front: 0, 1.44478, 2.5
side: 0, 0, 0
front only
front: 0, 0.176609, 2.5
back: 0, 0.529827, 7.5
front back
photon_ene: 661.6 photon_theta: 0.274462 photon_phi: 2.88799
traject_len: 5.01246
pe_len: 13.0585 cs_len: 2.47458
---
else
else
else
else
front: 0.100016, 0, 2.5
back: 0.300048, 0, 7.5
front back
photon_ene: 661.6 photon_theta: 0.184071 photon_phi: 4.92896
traject_len: 5.004
pe_len: 18.2455 cs_len: 3.87867
---
else
front: 1.53851, 0, 2.5
side: 0, 0, 0
front only
else
front: 0.178239, 0.52219, 2.5
back: 0.534718, 1.56657, 7.5
front back
photon_ene: 661.6 photon_theta: 2.92437 photon_phi: 4.38346
traject_len: 5.12033
pe_len: 60.2794 cs_len: 0.422372
---
front: 0, 0, 2.5
side: 0, 0, 0
front only
else
else
else
else
else
else
else
front: 0.788089, 0, 2.5
side: 0, 0, 0
front only
else
else
else
else
else
else
front: 0, 0.849189, 2.5
side: 0, 0, 0
front only
else
else
else
else
front: 0.786978, 0.716705, 2.5
side: 0, 0, 0
front only
else
else
else
front: 0.296173, 0, 2.5
back: 0.88852, 0, 7.5
front back
photon_ene: 661.6 photon_theta: 0.227475 photon_phi: 5.24965
traject_len: 5.03497
pe_len: 3.17241 cs_len: 1.13628
---
else
else
front: 0, 0, 2.5
side: 0, 0, 0
front only
else
else
front: 1.58605, 0, 2.5
side: 0, 0, 0
front only
front: 0.646854, 0.531016, 2.5
side: 0, 0, 0
front only
else
else
else
else
else
else
front: 0.24324, 0, 2.5
side: 0, 0, 0
front only
else
else
front: 0.863823, 0, 2.5
side: 0, 0, 0
front only
else
else
else
front: 0, 0.772676, 2.5
side: 0, 0, 0
front only
else
else
front: 0.0523955, 0, 2.5
back: 0.157186, 0, 7.5
front back
photon_ene: 661.6 photon_theta: 2.92407 photon_phi: 1.66576
traject_len: 5.0011
pe_len: 37.8702 cs_len: 0.991719
---
else
else
else
else
front: 0.687153, 0, 2.5
side: 0, 0, 0
front only
else
else
else
else
front: 0, 0, 2.5
side: 0, 0, 0
front only
else
else
else
else
else
front: 0.821709, 0, 2.5
side: 0, 0, 0
front only
front: 0.345112, 0.92255, 2.5
side: 0, 0, 0
front only
else
else
else
else
else
else
else
else
front: 1.63061, 1.69925, 2.5
side: 0, 0, 0
front only
else
front: 0, 0, 2.5
side: 0, 0, 0
front only
else
front: 0, 0.556945, 2.5
side: 0, 0, 0
front only
front: 0.590352, 0.737225, 2.5
side: 0, 0, 0
front only
else
else
front: 0, 0, 2.5
back: 0, 0, 7.5
front back
photon_ene: 661.6 photon_theta: 0.13441 photon_phi: 3.25623
traject_len: 5
pe_len: 43.8764 cs_len: 1.48315
---
else
front: 0.349514, 1.35407, 2.5
side: 0, 0, 0
front only
front: 0, 0, 2.5
side: 0, 0, 0
front only
front: 2.2989, 0.00342599, 2.5
side: 0, 0, 0
front only
else
front: 1.30197, 0, 2.5
side: 0, 0, 0
front only
else
else
front: 1.59151, 0, 2.5
side: 0, 0, 0
front only
front: 2.02502, 0, 2.5
side: 0, 0, 0
front only
else
front: 0.988648, 0, 2.5
side: 0, 0, 0
front only
else
front: 0, 0, 2.5
back: 0, 0, 7.5
front back
photon_ene: 661.6 photon_theta: 0.214355 photon_phi: 4.47578
traject_len: 5
pe_len: 6.53612 cs_len: 3.41914
---
else
front: 0, 0.897853, 2.5
side: 0, 0, 0
front only
else
else
else
else
else
else
else
front: 0, 0, 2.5
side: 0, 0, 0
front only
else
else
else
else
front: 0, 0.268272, 2.5
side: 0, 0, 0
front only
else
front: 0.899398, 0.881843, 2.5
side: 0, 0, 0
front only
else
front: 0, 1.76415, 2.5
side: 0, 0, 0
front only
front: 1.00319, 0, 2.5
side: 0, 0, 0
front only
else
else
else
front: 0.209852, 0, 2.5
back: 0.629557, 0, 7.5
front back
photon_ene: 661.6 photon_theta: 3.04022 photon_phi: 2.54138
traject_len: 5.01758
pe_len: 53.8027 cs_len: 8.60199
---
front: 0.572052, 0, 2.5
side: 0, 0, 0
front only
else
else
else
front: 0, 0, 2.5
side: 0, 0, 0
front only
front: 0, 1.75156, 2.5
side: 0, 0, 0
front only
else
front: 0, 0, 2.5
back: 0, 0, 7.5
front back
photon_ene: 661.6 photon_theta: 3.00967 photon_phi: 1.53088
traject_len: 5
pe_len: 43.0244 cs_len: 13.8058
---
else
else
front: 2.19419, 0.157525, 2.5
side: 0, 0, 0
front only
else
else
else
front: 1.78847, 0.298726, 2.5
side: 0, 0, 0
front only
else
else
front: 0.405818, 0, 2.5
side: 0, 0, 0
front only
else
else
else
else
else
else
else
front: 1.61758, 0, 2.5
side: 0, 0, 0
front only
else
else
else
else
else
else
front: 0, 0, 2.5
side: 0, 0, 0
front only
else
else
else
else
else
else
else
else
else
front: 0, 0, 2.5
side: 0, 0, 0
front only
else
else
front: 0.501162, 0.907406, 2.5
side: 0, 0, 0
front only
else
else
else
front: 1.27557, 0, 2.5
side: 0, 0, 0
front only
front: 0, 0, 2.5
side: 0, 0, 0
front only
else
front: 2.11198, 0, 2.5
side: 0, 0, 0
front only
else
else
else
else
else
front: 0, 0, 2.5
side: 0, 0, 0
front only
else
else
else
front: 0.998123, 0, 2.5
side: 0, 0, 0
front only
else
else
front: 2.38335, 0.492843, 2.5
side: 0, 0, 0
front only
else
front: 0.708821, 0.0798281, 2.5
back: 2.12646, 0.239484, 7.5
front back
photon_ene: 661.6 photon_theta: 0.277936 photon_phi: 0.112148
traject_len: 5.19954
pe_len: 16.483 cs_len: 2.87931
---
else
else
front: 0, 0.399678, 2.5
side: 0, 0, 0
front only
else
else
else
else
else
else
else
else
else
else
else
else
else
else
front: 0, 0, 2.5
side: 0, 0, 0
front only
else
else
front: 0.17728, 1.53798, 2.5
side: 0, 0, 0
front only
else
else
front: 2.11155, 0, 2.5
side: 0, 0, 0
front only
front: 0, 1.7911, 2.5
side: 0, 0, 0
front only
else
else
else
else
else
else
else
else
front: 0, 0.0356131, 2.5
side: 0, 0, 0
front only
else
else
front: 1.57157, 0, 2.5
side: 0, 0, 0
front only
else
front: 0.461557, 0.162452, 2.5
back: 1.38467, 0.487357, 7.5
front back
photon_ene: 661.6 photon_theta: 0.193281 photon_phi: 0.338425
traject_len: 5.09487
pe_len: 181.735 cs_len: 12.4026
---
else
else
else
front: 0, 1.50129, 2.5
side: 0, 0, 0
front only
front: 0, 1.45967, 2.5
side: 0, 0, 0
front only
front: 0, 0.843105, 2.5
side: 0, 0, 0
front only
else
else
else
else
else
else
else
else
else
else
else
else
else
front: 0, 0, 2.5
side: 0, 0, 0
front only
front: 0, 0.35428, 2.5
side: 0, 0, 0
front only
else
front: 2.45043, 0, 2.5
side: 0, 0, 0
front only
else
else
else
else
else
front: 2.19947, 0.506105, 2.5
side: 0, 0, 0
front only
else
front: 0, 0.340522, 2.5
back: 0, 1.02157, 7.5
front back
photon_ene: 661.6 photon_theta: 2.91631 photon_phi: 5.64672
traject_len: 5.04617
pe_len: 17.0117 cs_len: 5.39199
---
else
else
else
else
else
else
front: 0, 0, 2.5
side: 0, 0, 0
front only
else
front: 0, 0, 2.5
side: 0, 0, 0
front only
else
else
else
else
else
front: 0.656804, 0, 2.5
back: 1.97041, 0, 7.5
front back
photon_ene: 661.6 photon_theta: 0.271265 photon_phi: 5.94886
traject_len: 5.16968
pe_len: 37.9459 cs_len: 0.167002
---
else
else
else
else
else
else
front: 0, 1.408, 2.5
side: 0, 0, 0
front only
front: 0, 0, 2.5
side: 0, 0, 0
front only
front: 2.2684, 0.734309, 2.5
side: 0, 0, 0
front only
else
else
else
front: 1.18849, 0.377085, 2.5
side: 0, 0, 0
front only
else
else
else
front: 2.43099, 0.454909, 2.5
side: 0, 0, 0
front only
else
else
else
front: 0, 1.78317, 2.5
side: 0, 0, 0
front only
else
else
else
else
front: 0, 0, 2.5
side: 0, 0, 0
front only
front: 0.607407, 0.567916, 2.5
back: 1.82222, 1.70375, 7.5
front back
photon_ene: 661.6 photon_theta: 0.321108 photon_phi: 0.751811
traject_len: 5.26933
pe_len: 8.47554 cs_len: 1.03255
---
else
front: 0, 0, 2.5
side: 0, 0, 0
front only
else
else
front: 0, 0, 2.5
side: 0, 0, 0
front only
else
else
else
else
else
else
front: 0, 0.956694, 2.5
side: 0, 0, 0
front only
else
else
front: 2.04111, 0.45164, 2.5
side: 0, 0, 0
front only
else
front: 0, 0.144292, 2.5
side: 0, 0, 0
front only
front: 0, 0, 2.5
side: 0, 0, 0
front only
else
front: 0, 1.48193, 2.5
side: 0, 0, 0
front only
else
else
else
else
else
else
else
front: 1.16269, 0, 2.5
side: 0, 0, 0
front only
front: 0, 1.03064, 2.5
side: 0, 0, 0
front only
else
else
else
else
else
front: 0.620719, 0, 2.5
side: 0, 0, 0
front only
else
front: 0, 0, 2.5
back: 0, 0, 7.5
front back
photon_ene: 661.6 photon_theta: 0.100096 photon_phi: 4.60945
traject_len: 5
pe_len: 16.9446 cs_len: 3.26075
---
else
front: 1.54139, 0.530822, 2.5
side: 0, 0, 0
front only
else
front: 0.086012, 0.0323205, 2.5
back: 0.258036, 0.0969614, 7.5
front back
photon_ene: 661.6 photon_theta: 3.10486 photon_phi: 3.50104
traject_len: 5.00338
pe_len: 27.0688 cs_len: 6.24637
---
front: 0.718221, 0, 2.5
side: 0, 0, 0
front only
front: 0.559312, 0, 2.5
side: 0, 0, 0
front only
else
else
front: 0, 0, 2.5
back: 0, 0, 7.5
front back
photon_ene: 661.6 photon_theta: 0.268342 photon_phi: 3.94319
traject_len: 5
pe_len: 19.196 cs_len: 2.38164
---
else
else
else
front: 0, 0.876183, 2.5
side: 0, 0, 0
front only
front: 0.104636, 0, 2.5
back: 0.313908, 0, 7.5
front back
photon_ene: 661.6 photon_theta: 0.0690229 photon_phi: 5.36268
traject_len: 5.00438
pe_len: 52.5741 cs_len: 3.03605
---
else
front: 1.24744, 0.565397, 2.5
side: 0, 0, 0
front only
else
else
else
else
else
front: 0, 0, 2.5
back: 0, 0, 7.5
front back
photon_ene: 661.6 photon_theta: 0.154424 photon_phi: 4.61809
traject_len: 5
pe_len: 120.766 cs_len: 1.17836
---
else
front: 0, 0, 2.5
side: 0, 0, 0
front only
else
else
front: 2.23103, 0.35519, 2.5
side: 0, 0, 0
front only
else
else
front: 0, 2.08154, 2.5
side: 0, 0, 0
front only
else
else
else
else
front: 0.666234, 1.89046, 2.5
side: 0, 0, 0
front only
front: 0.213003, 0, 2.5
back: 0.63901, 0, 7.5
front back
photon_ene: 661.6 photon_theta: 2.84054 photon_phi: 1.84878
traject_len: 5.01812
pe_len: 10.3938 cs_len: 1.70683
---
else
else
front: 0, 0.73719, 2.5
side: 0, 0, 0
front only
else
else
else
else
else
else
else
else
else
else
front: 0, 1.2717, 2.5
side: 0, 0, 0
front only
else
front: 2.06684, 0.747534, 2.5
side: 0, 0, 0
front only
else
else
front: 0, 0.317753, 2.5
side: 0, 0, 0
front only
else
else
else
front: 0, 0, 2.5
side: 0, 0, 0
front only
front: 0.0609357, 1.09791, 2.5
side: 0, 0, 0
front only
else
else
else
else
front: 1.13933, 0, 2.5
side: 0, 0, 0
front only
front: 0.225854, 2.0576, 2.5
side: 0, 0, 0
front only
else
front: 0, 0.481309, 2.5
back: 0, 1.44393, 7.5
front back
photon_ene: 661.6 photon_theta: 0.27789 photon_phi: 2.40079
traject_len: 5.09182
pe_len: 28.7236 cs_len: 0.789554
---
else
else
else
else
else
front: 0.72695, 0, 2.5
back: 2.18085, 0, 7.5
front back
photon_ene: 661.6 photon_theta: 2.84803 photon_phi: 2.86463
traject_len: 5.20709
pe_len: 85.0898 cs_len: 0.586651
---
front: 0, 0, 2.5
side: 0, 0, 0
front only
front: 0, 1.64635, 2.5
side: 0, 0, 0
front only
else
front: 2.35442, 0, 2.5
side: 0, 0, 0
front only
else
front: 0, 1.93332, 2.5
side: 0, 0, 0
front only
front: 0, 0, 2.5
side: 0, 0, 0
front only
else
front: 0, 0.647157, 2.5
back: 0, 1.94147, 7.5
front back
photon_ene: 661.6 photon_theta: 0.263474 photon_phi: 1.8558
traject_len: 5.16481
pe_len: 9.46291 cs_len: 12.2079
---
front: 0, 0, 2.5
side: 0, 0, 0
front only
front: 0.660517, 0, 2.5
back: 1.98155, 0, 7.5
front back
photon_ene: 661.6 photon_theta: 2.85558 photon_phi: 2.68701
traject_len: 5.17157
pe_len: 19.9905 cs_len: 1.34854
---
front: 0, 2.04936, 2.5
side: 0, 0, 0
front only
else
front: 0, 2.17203, 2.5
side: 0, 0, 0
front only
front: 0.149227, 0, 2.5
side: 0, 0, 0
front only
else
else
else
front: 0.0384145, 1.68893, 2.5
side: 0, 0, 0
front only
else
front: 0, 0.988044, 2.5
side: 0, 0, 0
front only
front: 0, 0.989035, 2.5
side: 0, 0, 0
front only
else
front: 0.902216, 0, 2.5
side: 0, 0, 0
front only
else
front: 0, 0, 2.5
side: 0, 0, 0
front only
else
front: 0, 0, 2.5
side: 0, 0, 0
front only
front: 0, 0.124059, 2.5
side: 0, 0, 0
front only
else
front: 0.0869105, 1.29588, 2.5
side: 0, 0, 0
front only
else
else
else
else
else
front: 0.966554, 0, 2.5
side: 0, 0, 0
front only
else
else
else
else
else
else
else
else
else
front: 1.13998, 0.136662, 2.5
side: 0, 0, 0
front only
front: 0, 1.96767, 2.5
side: 0, 0, 0
front only
else
front: 1.17823, 1.89239, 2.5
side: 0, 0, 0
front only
else
else
front: 0, 0, 2.5
side: 0, 0, 0
front only
else
else
else
else
else
else
else
front: 0, 0, 2.5
side: 0, 0, 0
front only
else
else
else
else
else
else
front: 1.10744, 0, 2.5
side: 0, 0, 0
front only
else
front: 0, 0.295628, 2.5
side: 0, 0, 0
front only
front: 1.06662, 0, 2.5
side: 0, 0, 0
front only
else
else
else
front: 0.587542, 0, 2.5
back: 1.76263, 0, 7.5
front back
photon_ene: 661.6 photon_theta: 2.91075 photon_phi: 3.13016
traject_len: 5.13623
pe_len: 29.0204 cs_len: 3.99324
---
front: 0, 1.50377, 2.5
side: 0, 0, 0
front only
front: 0.869854, 0, 2.5
side: 0, 0, 0
front only
front: 0.571, 2.0968, 2.5
side: 0, 0, 0
front only
else
else
front: 0.258916, 0, 2.5
side: 0, 0, 0
front only
front: 0, 0, 2.5
side: 0, 0, 0
front only
front: 0, 0, 2.5
side: 0, 0, 0
front only
else
else
front: 1.40524, 0, 2.5
side: 0, 0, 0
front only
else
else
else
else
else
front: 0.211392, 0, 2.5
side: 0, 0, 0
front only
front: 0.622861, 0, 2.5
side: 0, 0, 0
front only
else
else
else
else
else
else
else
else
else
front: 1.5033, 1.53353, 2.5
side: 0, 0, 0
front only
else
front: 0.970137, 0, 2.5
side: 0, 0, 0
front only
else
else
else
else
else
front: 2.02731, 1.39978, 2.5
side: 0, 0, 0
front only
else
front: 0, 0, 2.5
back: 0, 0, 7.5
front back
photon_ene: 661.6 photon_theta: 2.83405 photon_phi: 1.385
traject_len: 5
pe_len: 59.0859 cs_len: 1.00379
---
else
front: 0, 0.609836, 2.5
side: 0, 0, 0
front only
else
else
else
front: 1.14296, 2.00746, 2.5
side: 0, 0, 0
front only
front: 0.258714, 0, 2.5
back: 0.776141, 0, 7.5
front back
photon_ene: 661.6 photon_theta: 0.169713 photon_phi: 5.36078
traject_len: 5.0267
pe_len: 16.8441 cs_len: 1.48362
---
else
else
else
else
else
front: 0, 1.15809, 2.5
side: 0, 0, 0
front only
else
front: 1.43924, 0.573651, 2.5
side: 0, 0, 0
front only
front: 0, 0, 2.5
side: 0, 0, 0
front only
else
else
else
else
else
else
else
front: 0, 0, 2.5
side: 0, 0, 0
front only
else
else
front: 0.918543, 1.04235, 2.5
side: 0, 0, 0
front only
else
else
front: 0, 1.22684, 2.5
side: 0, 0, 0
front only
else
front: 2.38666, 0.68512, 2.5
side: 0, 0, 0
front only
else
front: 0, 0, 2.5
side: 0, 0, 0
front only
else
else
front: 0, 1.2665, 2.5
side: 0, 0, 0
front only
else
front: 1.48098, 0, 2.5
side: 0, 0, 0
front only
else
else
else
else
else
else
else
front: 0, 0, 2.5
side: 0, 0, 0
front only
else
front: 0, 0, 2.5
side: 0, 0, 0
front only
else
front: 0.293852, 1.59667, 2.5
side: 0, 0, 0
front only
else
else
front: 0.209455, 0, 2.5
side: 0, 0, 0
front only
front: 1.44302, 0.845698, 2.5
side: 0, 0, 0
front only
else
else
front: 0, 0.467979, 2.5
back: 0, 1.40394, 7.5
front back
photon_ene: 661.6 photon_theta: 0.237913 photon_phi: 2.25976
traject_len: 5.08685
pe_len: 35.9199 cs_len: 9.87881
---
front: 1.87409, 0, 2.5
side: 0, 0, 0
front only
front: 1.26351, 0, 2.5
side: 0, 0, 0
front only
else
front: 0, 0.595908, 2.5
side: 0, 0, 0
front only
front: 0.610158, 0.0965388, 2.5
back: 1.83047, 0.289617, 7.5
front back
photon_ene: 661.6 photon_theta: 0.242247 photon_phi: 0.156919
traject_len: 5.15038
pe_len: 17.2943 cs_len: 1.22806
---
else
else
front: 0, 0.965999, 2.5
side: 0, 0, 0
front only
else
else
front: 0, 0, 2.5
side: 0, 0, 0
front only
front: 0.285913, 1.14857, 2.5
side: 0, 0, 0
front only
else
front: 0.628912, 0, 2.5
side: 0, 0, 0
front only
else
else
front: 0.35451, 0.684416, 2.5
back: 1.06353, 2.05325, 7.5
front back
photon_ene: 661.6 photon_theta: 2.84253 photon_phi: 4.23447
traject_len: 5.23225
pe_len: 13.069 cs_len: 0.953941
---
else
else
front: 0.0872547, 2.49393, 2.5
side: 0, 0, 0
front only
else
front: 0, 0, 2.5
side: 0, 0, 0
front only
front: 0.63944, 0.603152, 2.5
side: 0, 0, 0
front only
else
else
front: 0, 0.436202, 2.5
side: 0, 0, 0
front only
front: 0.772916, 0, 2.5
side: 0, 0, 0
front only
front: 0.142641, 0, 2.5
side: 0, 0, 0
front only
else
else
else
front: 0, 0, 2.5
side: 0, 0, 0
front only
else
else
else
else
else
else
front: 0, 0, 2.5
back: 0, 0, 7.5
front back
photon_ene: 661.6 photon_theta: 0.144465 photon_phi: 4.52393
traject_len: 5
pe_len: 46.2516 cs_len: 3.9711
---
else
else
front: 1.72719, 0, 2.5
side: 0, 0, 0
front only
else
front: 0, 0.957196, 2.5
side: 0, 0, 0
front only
else
front: 0, 0, 2.5
side: 0, 0, 0
front only
front: 0.788854, 1.22123, 2.5
side: 0, 0, 0
front only
else
else
else
front: 0.819191, 0, 2.5
side: 0, 0, 0
front only
else
else
else
front: 2.14661, 0.315654, 2.5
side: 0, 0, 0
front only
front: 2.21254, 0, 2.5
side: 0, 0, 0
front only
else
else
front: 1.13057, 0, 2.5
side: 0, 0, 0
front only
else
front: 2.11107, 0.781166, 2.5
side: 0, 0, 0
front only
else
else
else
else
else
front: 0, 0, 2.5
side: 0, 0, 0
front only
else
else
front: 0, 0.613644, 2.5
side: 0, 0, 0
front only
front: 0, 0, 2.5
side: 0, 0, 0
front only
else
front: 0, 0, 2.5
back: 0, 0, 7.5
front back
photon_ene: 661.6 photon_theta: 2.9263 photon_phi: 1.43542
traject_len: 5
pe_len: 142.76 cs_len: 1.36222
---
else
front: 0, 0, 2.5
side: 0, 0, 0
front only
front: 1.16928, 0.18145, 2.5
side: 0, 0, 0
front only
else
else
else
front: 0.305082, 2.19958, 2.5
side: 0, 0, 0
front only
front: 1.14789, 1.23391, 2.5
side: 0, 0, 0
front only
else
else
else
else
else
else
front: 0, 0.560539, 2.5
side: 0, 0, 0
front only
else
front: 0, 0.476856, 2.5
side: 0, 0, 0
front only
front: 0, 1.54631, 2.5
side: 0, 0, 0
front only
else
else
else
else
else
else
front: 0, 0, 2.5
side: 0, 0, 0
front only
front: 1.43715, 0.701431, 2.5
side: 0, 0, 0
front only
front: 0, 1.08102, 2.5
side: 0, 0, 0
front only
else
else
else
else
else
front: 2.07485, 0.353525, 2.5
side: 0, 0, 0
front only
else
else
else
else
else
else
else
else
else
else
else
front: 0.536983, 0, 2.5
side: 0, 0, 0
front only
front: 0, 0.515587, 2.5
back: 0, 1.54676, 7.5
front back
photon_ene: 661.6 photon_theta: 2.90057 photon_phi: 5.28767
traject_len: 5.10522
pe_len: 41.3211 cs_len: 4.68808
---
else
else
front: 0.128364, 0, 2.5
side: 0, 0, 0
front only
else
else
front: 0.121251, 0, 2.5
side: 0, 0, 0
front only
front: 1.17737, 1.13192, 2.5
side: 0, 0, 0
front only
else
else
else
else
else
else
else
else
else
else
else
else
else
else
else
else
else
else
front: 0, 0.393406, 2.5
side: 0, 0, 0
front only
else
else
front: 0, 0, 2.5
side: 0, 0, 0
front only
else
else
front: 0, 0, 2.5
side: 0, 0, 0
front only
front: 0.681758, 0, 2.5
side: 0, 0, 0
front only
else
else
else
else
else
else
else
front: 1.84051, 0, 2.5
side: 0, 0, 0
front only
else
else
front: 0, 1.42137, 2.5
side: 0, 0, 0
front only
front: 1.40631, 0.18612, 2.5
side: 0, 0, 0
front only
front: 0, 1.16039, 2.5
side: 0, 0, 0
front only
front: 1.19569, 0, 2.5
side: 0, 0, 0
front only
else
else
else
else
else
else
else
front: 0, 0.213215, 2.5
back: 0, 0.639644, 7.5
front back
photon_ene: 661.6 photon_theta: 0.240267 photon_phi: 2.78604
traject_len: 5.01815
pe_len: 20.6636 cs_len: 0.410143
---
else
else
else
else
else
else
else
else
front: 0, 1.52491, 2.5
side: 0, 0, 0
front only
else
else
front: 0.973969, 0, 2.5
side: 0, 0, 0
front only
else
else
else
else
front: 0.672689, 0, 2.5
side: 0, 0, 0
front only
else
else
else
front: 0, 1.70192, 2.5
side: 0, 0, 0
front only
front: 1.83151, 0.418973, 2.5
side: 0, 0, 0
front only
else
else
front: 0.832227, 0, 2.5
side: 0, 0, 0
front only
front: 0, 0, 2.5
side: 0, 0, 0
front only
else
else
else
else
else
else
front: 0.368457, 1.42141, 2.5
side: 0, 0, 0
front only
front: 1.49293, 0.265541, 2.5
side: 0, 0, 0
front only
else
else
else
else
else
front: 0.225955, 0, 2.5
back: 0.677865, 0, 7.5
front back
photon_ene: 661.6 photon_theta: 2.83771 photon_phi: 1.86316
traject_len: 5.02038
pe_len: 19.5457 cs_len: 7.05239
---
front: 2.18058, 0.151227, 2.5
side: 0, 0, 0
front only
else
else
else
else
else
else
else
front: 0, 0.704644, 2.5
side: 0, 0, 0
front only
else
front: 1.72481, 0.428043, 2.5
side: 0, 0, 0
front only
else
else
else
front: 1.62228, 0, 2.5
side: 0, 0, 0
front only
else
else
front: 0, 0, 2.5
side: 0, 0, 0
front only
else
front: 0, 0, 2.5
side: 0, 0, 0
front only
else
else
front: 0.459191, 0, 2.5
side: 0, 0, 0
front only
else
front: 0, 0.947877, 2.5
side: 0, 0, 0
front only
front: 1.57946, 0.309825, 2.5
side: 0, 0, 0
front only
front: 0, 1.0651, 2.5
side: 0, 0, 0
front only
else
else
front: 0, 0, 2.5
side: 0, 0, 0
front only
else
else
else
else
front: 0, 0.296923, 2.5
back: 0, 0.890769, 7.5
front back
photon_ene: 661.6 photon_theta: 2.82189 photon_phi: 5.91625
traject_len: 5.03514
pe_len: 33.3239 cs_len: 2.85884
---
else
else
else
else
else
else
else
front: 0, 0.628009, 2.5
side: 0, 0, 0
front only
front: 0.309677, 1.94495, 2.5
side: 0, 0, 0
front only
else
else
front: 0.493773, 0, 2.5
side: 0, 0, 0
front only
else
else
else
else
else
else
else
else
else
else
front: 0, 0, 2.5
back: 0, 0, 7.5
front back
photon_ene: 661.6 photon_theta: 2.91397 photon_phi: 0.379206
traject_len: 5
pe_len: 15.5227 cs_len: 2.42794
---
else
else
front: 0.982581, 0, 2.5
side: 0, 0, 0
front only
else
front: 0.489767, 0.742748, 2.5
side: 0, 0, 0
front only
else
front: 0.619429, 0.541087, 2.5
back: 1.85829, 1.62326, 7.5
front back
photon_ene: 661.6 photon_theta: 2.82376 photon_phi: 3.85959
traject_len: 5.26364
pe_len: 3.03065 cs_len: 2.28564
---
else
else
else
front: 1.30964, 0, 2.5
side: 0, 0, 0
front only
front: 0, 0, 2.5
side: 0, 0, 0
front only
else
else
else
else
else
front: 0, 0, 2.5
back: 0, 0, 7.5
front back
photon_ene: 661.6 photon_theta: 2.98216 photon_phi: 0.0595916
traject_len: 5
pe_len: 42.6545 cs_len: 1.51981
---
else
front: 0, 0, 2.5
side: 0, 0, 0
front only
front: 0, 1.42108, 2.5
side: 0, 0, 0
front only
front: 0, 0, 2.5
side: 0, 0, 0
front only
else
else
else
else
else
else
front: 0, 0, 2.5
side: 0, 0, 0
front only
else
else
else
else
else
else
else
else
front: 1.10097, 0, 2.5
side: 0, 0, 0
front only
else
front: 0, 0, 2.5
back: 0, 0, 7.5
front back
photon_ene: 661.6 photon_theta: 2.97921 photon_phi: 0.074802
traject_len: 5
pe_len: 32.69 cs_len: 10.4374
---
front: 0, 0, 2.5
side: 0, 0, 0
front only
else
else
front: 0, 0, 2.5
back: 0, 0, 7.5
front back
photon_ene: 661.6 photon_theta: 2.86001 photon_phi: 0.257059
traject_len: 5
pe_len: 54.2395 cs_len: 5.37735
---
else
else
else
front: 0, 0, 2.5
side: 0, 0, 0
front only
else
else
else
else
else
else
else
front: 0.0932383, 0, 2.5
back: 0.279715, 0, 7.5
front back
photon_ene: 661.6 photon_theta: 3.01832 photon_phi: 1.87655
traject_len: 5.00348
pe_len: 27.3618 cs_len: 0.697821
---
front: 1.21195, 0.966852, 2.5
side: 0, 0, 0
front only
front: 0, 0, 2.5
side: 0, 0, 0
front only
front: 0.299497, 1.52291, 2.5
side: 0, 0, 0
front only
else
else
front: 0.527614, 2.33608, 2.5
side: 0, 0, 0
front only
else
front: 1.21275, 1.83354, 2.5
side: 0, 0, 0
front only
front: 0, 0, 2.5
side: 0, 0, 0
front only
else
front: 0, 0, 2.5
side: 0, 0, 0
front only
else
front: 0, 0, 2.5
side: 0, 0, 0
front only
else
front: 0, 2.12826, 2.5
side: 0, 0, 0
front only
else
else
front: 1.96358, 0, 2.5
side: 0, 0, 0
front only
else
else
else
else
front: 0, 1.76625, 2.5
side: 0, 0, 0
front only
front: 0.257317, 1.51431, 2.5
side: 0, 0, 0
front only
front: 0.44748, 0, 2.5
side: 0, 0, 0
front only
else
front: 0, 0, 2.5
side: 0, 0, 0
front only
front: 0.332439, 0, 2.5
side: 0, 0, 0
front only
front: 0, 0, 2.5
side: 0, 0, 0
front only
else
front: 0, 0, 2.5
side: 0, 0, 0
front only
else
else
else
front: 0.846073, 0, 2.5
side: 0, 0, 0
front only
else
else
front: 0, 1.44659, 2.5
side: 0, 0, 0
front only
else
front: 1.13357, 0, 2.5
side: 0, 0, 0
front only
else
else
else
front: 0, 0.472885, 2.5
side: 0, 0, 0
front only
else
else
else
else
front: 0, 0, 2.5
side: 0, 0, 0
front only
else
else
front: 1.93633, 0, 2.5
side: 0, 0, 0
front only
else
front: 2.14041, 1.25333, 2.5
side: 0, 0, 0
front only
else
else
else
else
front: 1.83067, 0, 2.5
side: 0, 0, 0
front only
else
else
front: 1.13302, 0, 2.5
side: 0, 0, 0
front only
front: 0.725453, 2.24386, 2.5
side: 0, 0, 0
front only
else
else
front: 0, 0.164715, 2.5
side: 0, 0, 0
front only
else
front: 0.989495, 1.02019, 2.5
side: 0, 0, 0
front only
front: 0.0134151, 0, 2.5
side: 0, 0, 0
front only
else
front: 1.97345, 1.15237, 2.5
side: 0, 0, 0
front only
front: 0, 1.00102, 2.5
side: 0, 0, 0
front only
front: 2.14437, 0.0793987, 2.5
side: 0, 0, 0
front only
else
else
else
else
else
else
else
else
else
front: 1.51518, 1.87482, 2.5
side: 0, 0, 0
front only
else
else
else
else
else
else
else
else
front: 0, 0, 2.5
back: 0, 0, 7.5
front back
photon_ene: 661.6 photon_theta: 0.0669709 photon_phi: 4.52207
traject_len: 5
pe_len: 43.8268 cs_len: 1.64012
---
else
else
else
else
else
else
front: 0.0623127, 0, 2.5
side: 0, 0, 0
front only
else
else
else
else
front: 1.05212, 0.353174, 2.5
side: 0, 0, 0
front only
front: 1.48539, 0, 2.5
side: 0, 0, 0
front only
front: 0, 0.494909, 2.5
side: 0, 0, 0
front only
front: 0, 0.698049, 2.5
side: 0, 0, 0
front only
front: 0.157863, 0.859847, 2.5
side: 0, 0, 0
front only
front: 0.514473, 0, 2.5
side: 0, 0, 0
front only
else
front: 1.67608, 0, 2.5
side: 0, 0, 0
front only
front: 0, 1.48383, 2.5
side: 0, 0, 0
front only
else
front: 0, 0, 2.5
side: 0, 0, 0
front only
else
front: 0, 0, 2.5
side: 0, 0, 0
front only
else
else
front: 0.878535, 0, 2.5
side: 0, 0, 0
front only
else
front: 1.05002, 0, 2.5
side: 0, 0, 0
front only
else
else
else
else
front: 1.23505, 0, 2.5
side: 0, 0, 0
front only
front: 0.641086, 1.2213, 2.5
side: 0, 0, 0
front only
else
else
else
front: 0, 0.206401, 2.5
side: 0, 0, 0
front only
else
else
else
front: 2.04654, 1.25928, 2.5
side: 0, 0, 0
front only
front: 0, 0, 2.5
back: 0, 0, 7.5
front back
photon_ene: 661.6 photon_theta: 0.306433 photon_phi: 4.14572
traject_len: 5
pe_len: 150.914 cs_len: 2.66157
---
else
else
front: 0, 0.132137, 2.5
back: 0, 0.396411, 7.5
front back
photon_ene: 661.6 photon_theta: 0.3058 photon_phi: 2.97338
traject_len: 5.00698
pe_len: 92.8582 cs_len: 2.64991
---
else
front: 0, 0.955507, 2.5
side: 0, 0, 0
front only
else
else
else
front: 0.299509, 0, 2.5
side: 0, 0, 0
front only
else
else
else
else
else
front: 1.26122, 0, 2.5
side: 0, 0, 0
front only
else
front: 1.79845, 1.44038, 2.5
side: 0, 0, 0
front only
else
else
front: 0.070505, 2.35107, 2.5
side: 0, 0, 0
front only
front: 0, 0, 2.5
side: 0, 0, 0
front only
else
else
else
else
else
else
else
else
front: 0, 0, 2.5
side: 0, 0, 0
front only
front: 1.44445, 0, 2.5
side: 0, 0, 0
front only
else
else
else
front: 0, 0.0326358, 2.5
side: 0, 0, 0
front only
front: 2.11877, 0, 2.5
side: 0, 0, 0
front only
else
else
else
else
else
else
else
else
front: 1.92147, 0.301924, 2.5
side: 0, 0, 0
front only
front: 0.67405, 0, 2.5
side: 0, 0, 0
front only
else
else
else
else
else
else
else
else
else
front: 1.75506, 0, 2.5
side: 0, 0, 0
front only
front: 1.73032, 0.475393, 2.5
side: 0, 0, 0
front only
else
else
front: 0, 0, 2.5
side: 0, 0, 0
front only
else
front: 0.557945, 0, 2.5
side: 0, 0, 0
front only
else
front: 0.246504, 0, 2.5
back: 0.739512, 0, 7.5
front back
photon_ene: 661.6 photon_theta: 0.161032 photon_phi: 5.36468
traject_len: 5.02425
pe_len: 24.288 cs_len: 0.0591674
---
front: 0.111042, 0, 2.5
side: 0, 0, 0
front only
front: 0.469495, 2.23512, 2.5
side: 0, 0, 0
front only
else
front: 0, 0.482989, 2.5
back: 0, 1.44897, 7.5
front back
photon_ene: 661.6 photon_theta: 2.93484 photon_phi: 5.11233
traject_len: 5.09246
pe_len: 30.1212 cs_len: 7.12311
---
else
else
else
front: 0, 0, 2.5
side: 0, 0, 0
front only
front: 0, 1.8647, 2.5
side: 0, 0, 0
front only
else
front: 0, 0, 2.5
side: 0, 0, 0
front only
else
else
front: 0.539902, 0.361854, 2.5
back: 1.61971, 1.08556, 7.5
front back
photon_ene: 661.6 photon_theta: 0.254349 photon_phi: 0.59046
traject_len: 5.16621
pe_len: 31.1411 cs_len: 0.331844
---
else
else
else
front: 0, 0, 2.5
side: 0, 0, 0
front only
front: 0, 1.21304, 2.5
side: 0, 0, 0
front only
front: 0, 0.845162, 2.5
side: 0, 0, 0
front only
front: 0.218283, 0, 2.5
side: 0, 0, 0
front only
else
else
else
front: 1.87268, 0, 2.5
side: 0, 0, 0
front only
else
front: 0, 0.166298, 2.5
side: 0, 0, 0
front only
else
front: 2.12597, 0, 2.5
side: 0, 0, 0
front only
else
front: 0.731923, 0, 2.5
side: 0, 0, 0
front only
else
else
front: 1.72639, 1.44775, 2.5
side: 0, 0, 0
front only
else
else
front: 0, 0, 2.5
back: 0, 0, 7.5
front back
photon_ene: 661.6 photon_theta: 0.208529 photon_phi: 4.57699
traject_len: 5
pe_len: 251.414 cs_len: 6.2376
---
else
else
else
else
else
else
else
else
front: 0.155233, 0.0738258, 2.5
back: 0.4657, 0.221477, 7.5
front back
photon_ene: 661.6 photon_theta: 3.07294 photon_phi: 3.58551
traject_len: 5.01181
pe_len: 6.25185 cs_len: 3.36865
---
front: 1.37822, 0.861405, 2.5
side: 0, 0, 0
front only
front: 0, 1.34171, 2.5
side: 0, 0, 0
front only
else
front: 0.0885694, 0.514525, 2.5
back: 0.265708, 1.54357, 7.5
front back
photon_ene: 661.6 photon_theta: 2.93571 photon_phi: 4.54192
traject_len: 5.10787
pe_len: 64.1661 cs_len: 0.790586
---
front: 0.385227, 0.638635, 2.5
back: 1.15568, 1.91591, 7.5
front back
photon_ene: 661.6 photon_theta: 2.85167 photon_phi: 4.16962
traject_len: 5.21776
pe_len: 55.7187 cs_len: 9.25473
---
front: 0.228334, 2.41339, 2.5
side: 0, 0, 0
front only
else
front: 0, 0.0458994, 2.5
back: 0, 0.137698, 7.5
front back
photon_ene: 661.6 photon_theta: 3.06658 photon_phi: 6.03638
traject_len: 5.00084
pe_len: 4.87323 cs_len: 1.12023
---
front: 0, 0, 2.5
side: 0, 0, 0
front only
else
front: 0, 0, 2.5
side: 0, 0, 0
front only
else
front: 0, 0, 2.5
side: 0, 0, 0
front only
else
else
front: 2.42641, 0.465233, 2.5
side: 0, 0, 0
front only
else
else
else
else
else
else
else
front: 0, 2.35267, 2.5
side: 0, 0, 0
front only
else
else
else
else
front: 0.537257, 1.71955, 2.5
side: 0, 0, 0
front only
else
front: 0, 0.826602, 2.5
side: 0, 0, 0
front only
else
front: 1.50616, 0.232874, 2.5
side: 0, 0, 0
front only
else
else
else
else
front: 1.08343, 2.05689, 2.5
side: 0, 0, 0
front only
else
front: 0, 0.163079, 2.5
side: 0, 0, 0
front only
else
else
front: 0, 0, 2.5
side: 0, 0, 0
front only
front: 2.44488, 0, 2.5
side: 0, 0, 0
front only
front: 0, 1.84414, 2.5
side: 0, 0, 0
front only
else
else
else
front: 0, 1.70116, 2.5
side: 0, 0, 0
front only
front: 0, 0, 2.5
side: 0, 0, 0
front only
else
else
else
else
else
else
else
front: 1.66711, 0.0550075, 2.5
side: 0, 0, 0
front only
else
front: 0, 1.76657, 2.5
side: 0, 0, 0
front only
front: 0, 0, 2.5
side: 0, 0, 0
front only
else
else
front: 0, 0, 2.5
side: 0, 0, 0
front only
else
else
else
front: 0, 1.03596, 2.5
side: 0, 0, 0
front only
front: 0.729219, 0, 2.5
side: 0, 0, 0
front only
else
else
else
else
front: 0.921977, 0, 2.5
side: 0, 0, 0
front only
front: 0, 0, 2.5
side: 0, 0, 0
front only
else
else
else
else
front: 0, 0.23582, 2.5
back: 0, 0.70746, 7.5
front back
photon_ene: 661.6 photon_theta: 0.314208 photon_phi: 2.84709
traject_len: 5.0222
pe_len: 27.5806 cs_len: 0.686604
---
else
front: 0, 0, 2.5
side: 0, 0, 0
front only
front: 0, 0, 2.5
back: 0, 0, 7.5
front back
photon_ene: 661.6 photon_theta: 0.150045 photon_phi: 3.44315
traject_len: 5
pe_len: 85.1554 cs_len: 6.63577
---
front: 0, 0, 2.5
side: 0, 0, 0
front only
else
else
front: 0, 0.227129, 2.5
back: 0, 0.681388, 7.5
front back
photon_ene: 661.6 photon_theta: 2.97209 photon_phi: 5.72357
traject_len: 5.02059
pe_len: 12.4779 cs_len: 5.30869
---
else
else
front: 0, 0, 2.5
side: 0, 0, 0
front only
else
else
front: 0, 0, 2.5
side: 0, 0, 0
front only
front: 0.0360814, 1.39558, 2.5
side: 0, 0, 0
front only
else
else
front: 0.972678, 0.660113, 2.5
side: 0, 0, 0
front only
else
else
front: 0.80999, 0, 2.5
side: 0, 0, 0
front only
else
else
front: 0, 0, 2.5
side: 0, 0, 0
front only
front: 1.3279, 0.834378, 2.5
side: 0, 0, 0
front only
front: 0, 0, 2.5
side: 0, 0, 0
front only
else
front: 0.448598, 0.973364, 2.5
side: 0, 0, 0
front only
front: 0, 1.42632, 2.5
side: 0, 0, 0
front only
front: 0, 0, 2.5
side: 0, 0, 0
front only
else
front: 0.742611, 0, 2.5
side: 0, 0, 0
front only
else
else
front: 0.16846, 0.720129, 2.5
back: 0.50538, 2.16039, 7.5
front back
photon_ene: 661.6 photon_theta: 2.85397 photon_phi: 4.48259
traject_len: 5.2142
pe_len: 26.5349 cs_len: 5.56283
---
else
front: 0, 0, 2.5
side: 0, 0, 0
front only
else
else
else
else
else
front: 0, 0.848853, 2.5
side: 0, 0, 0
front only
else
else
front: 1.26018, 0, 2.5
side: 0, 0, 0
front only
else
else
else
else
front: 0, 0.268514, 2.5
side: 0, 0, 0
front only
else
front: 0, 0, 2.5
side: 0, 0, 0
front only
else
else
else
front: 1.57898, 1.11744, 2.5
side: 0, 0, 0
front only
front: 1.77219, 1.06042, 2.5
side: 0, 0, 0
front only
front: 0, 0, 2.5
side: 0, 0, 0
front only
else
else
front: 0.0894886, 1.99122, 2.5
side: 0, 0, 0
front only
else
else
front: 0.122332, 0, 2.5
side: 0, 0, 0
front only
else
else
else
else
else
else
else
front: 0, 0, 2.5
back: 0, 0, 7.5
front back
photon_ene: 661.6 photon_theta: 2.87869 photon_phi: 1.26572
traject_len: 5
pe_len: 39.5078 cs_len: 0.0904811
---
else
else
front: 1.89214, 1.51189, 2.5
side: 0, 0, 0
front only
else
front: 0.84705, 1.0417, 2.5
side: 0, 0, 0
front only
else
else
else
else
else
else
else
else
else
else
front: 0.865836, 1.19726, 2.5
side: 0, 0, 0
front only
front: 1.15402, 1.31865, 2.5
side: 0, 0, 0
front only
else
else
front: 0, 2.06494, 2.5
side: 0, 0, 0
front only
else
front: 0.0308626, 0, 2.5
back: 0.0925877, 0, 7.5
front back
photon_ene: 661.6 photon_theta: 0.0955512 photon_phi: 4.84155
traject_len: 5.00038
pe_len: 25.1543 cs_len: 1.30018
---
else
else
front: 2.1363, 0, 2.5
side: 0, 0, 0
front only
front: 0, 0, 2.5
side: 0, 0, 0
front only
else
else
front: 0.10585, 0.115938, 2.5
back: 0.317551, 0.347813, 7.5
front back
photon_ene: 661.6 photon_theta: 3.07888 photon_phi: 3.97244
traject_len: 5.00985
pe_len: 123.66 cs_len: 3.84478
---
else
else
else
front: 0.582321, 0, 2.5
side: 0, 0, 0
front only
else
else
else
else
front: 0.902114, 1.79179, 2.5
side: 0, 0, 0
front only
else
else
front: 0, 0, 2.5
side: 0, 0, 0
front only
else
else
else
else
else
front: 0.781587, 0, 2.5
side: 0, 0, 0
front only
else
else
front: 0, 0.126948, 2.5
back: 0, 0.380844, 7.5
front back
photon_ene: 661.6 photon_theta: 3.01882 photon_phi: 5.85906
traject_len: 5.00644
pe_len: 83.6928 cs_len: 8.57002
---
else
front: 0, 0, 2.5
side: 0, 0, 0
front only
else
front: 2.08119, 0, 2.5
side: 0, 0, 0
front only
else
else
else
else
else
front: 0, 0.870662, 2.5
side: 0, 0, 0
front only
else
else
else
else
else
front: 0.392426, 2.29306, 2.5
side: 0, 0, 0
front only
front: 1.32943, 0, 2.5
side: 0, 0, 0
front only
else
else
front: 0, 1.36679, 2.5
side: 0, 0, 0
front only
front: 0.425744, 0, 2.5
side: 0, 0, 0
front only
else
else
else
front: 0.84309, 0, 2.5
side: 0, 0, 0
front only
else
else
front: 1.60138, 0.221955, 2.5
side: 0, 0, 0
front only
else
front: 2.44182, 0.522602, 2.5
side: 0, 0, 0
front only
front: 0.888089, 0.050196, 2.5
side: 0, 0, 0
front only
front: 0, 1.25211, 2.5
side: 0, 0, 0
front only
else
front: 1.11616, 0.434772, 2.5
side: 0, 0, 0
front only
else
else
front: 0.194063, 0.265494, 2.5
back: 0.58219, 0.796482, 7.5
front back
photon_ene: 661.6 photon_theta: 0.130792 photon_phi: 0.939598
traject_len: 5.04307
pe_len: 17.5518 cs_len: 3.15433
---
front: 0.79375, 2.01769, 2.5
side: 0, 0, 0
front only
else
front: 0, 0, 2.5
back: 0, 0, 7.5
front back
photon_ene: 661.6 photon_theta: 0.312079 photon_phi: 3.35428
traject_len: 5
pe_len: 88.6487 cs_len: 0.734479
---
else
else
else
else
else
front: 0, 0.431232, 2.5
side: 0, 0, 0
front only
else
else
else
front: 1.07588, 0, 2.5
side: 0, 0, 0
front only
else
else
else
else
front: 1.04416, 0, 2.5
side: 0, 0, 0
front only
else
else
else
else
else
front: 0, 0, 2.5
side: 0, 0, 0
front only
else
else
else
front: 0, 0.703954, 2.5
side: 0, 0, 0
front only
else
else
else
else
else
else
else
else
front: 2.22625, 0.603192, 2.5
side: 0, 0, 0
front only
else
else
else
else
front: 0, 0, 2.5
side: 0, 0, 0
front only
else
else
else
else
front: 0, 0, 2.5
side: 0, 0, 0
front only
else
else
else
else
else
else
else
else
else
else
else
front: 0, 0, 2.5
back: 0, 0, 7.5
front back
photon_ene: 661.6 photon_theta: 2.82759 photon_phi: 0.738533
traject_len: 5
pe_len: 17.6106 cs_len: 0.260141
---
front: 0.952565, 0, 2.5
side: 0, 0, 0
front only
front: 0, 0, 2.5
side: 0, 0, 0
front only
else
else
else
else
else
front: 0.976235, 0, 2.5
side: 0, 0, 0
front only
else
front: 2.1279, 0, 2.5
side: 0, 0, 0
front only
else
else
else
else
else
front: 0, 0, 2.5
side: 0, 0, 0
front only
else
front: 0, 0, 2.5
side: 0, 0, 0
front only
else
else
front: 0.613398, 0.143259, 2.5
back: 1.84019, 0.429778, 7.5
front back
photon_ene: 661.6 photon_theta: 2.89477 photon_phi: 3.37103
traject_len: 5.15627
pe_len: 1.94073 cs_len: 7.08955
---
front: 1.85343, 0.039335, 2.5
side: 0, 0, 0
front only
else
else
else
else
else
else
front: 0.468851, 2.20724, 2.5
side: 0, 0, 0
front only
front: 0, 2.25575, 2.5
side: 0, 0, 0
front only
front: 0, 0, 2.5
side: 0, 0, 0
front only
else
else
else
else
else
front: 1.51632, 0, 2.5
side: 0, 0, 0
front only
front: 1.96281, 1.24461, 2.5
side: 0, 0, 0
front only
else
front: 0.766822, 0.225404, 2.5
back: 2.30047, 0.676213, 7.5
front back
photon_ene: 661.6 photon_theta: 0.309436 photon_phi: 0.285893
traject_len: 5.24931
pe_len: 1.0003 cs_len: 0.190341
---
else
else
else
front: 1.69131, 0, 2.5
side: 0, 0, 0
front only
else
else
else
else
else
else
else
front: 0.297584, 0.100335, 2.5
back: 0.892751, 0.301004, 7.5
front back
photon_ene: 661.6 photon_theta: 0.124963 photon_phi: 0.325194
traject_len: 5.03929
pe_len: 18.7492 cs_len: 0.899419
---
else
else
else
else
front: 1.16711, 0, 2.5
side: 0, 0, 0
front only
else
front: 0.63908, 0, 2.5
back: 1.91724, 0, 7.5
front back
photon_ene: 661.6 photon_theta: 0.273649 photon_phi: 5.85742
traject_len: 5.16078
pe_len: 38.1523 cs_len: 7.99564
---
else
front: 0, 1.57696, 2.5
side: 0, 0, 0
front only
else
front: 0, 1.01948, 2.5
side: 0, 0, 0
front only
else
else
front: 1.24156, 0.29195, 2.5
side: 0, 0, 0
front only
else
else
else
else
else
else
front: 0, 1.25795, 2.5
side: 0, 0, 0
front only
else
else
else
else
else
else
else
else
else
else
else
else
else
else
else
front: 1.32421, 0, 2.5
side: 0, 0, 0
front only
else
else
else
front: 1.61668, 1.85622, 2.5
side: 0, 0, 0
front only
else
else
else
else
front: 0.489929, 0.562253, 2.5
back: 1.46979, 1.68676, 7.5
front back
photon_ene: 661.6 photon_theta: 0.2899 photon_phi: 0.854027
traject_len: 5.21772
pe_len: 18.6395 cs_len: 2.39187
---
else
else
else
else
else
else
front: 0.807295, 0, 2.5
side: 0, 0, 0
front only
else
else
front: 0, 1.05103, 2.5
side: 0, 0, 0
front only
front: 0, 0, 2.5
side: 0, 0, 0
front only
else
front: 0, 0, 2.5
side: 0, 0, 0
front only
else
else
else
else
else
else
else
else
else
else
front: 0.164037, 0, 2.5
back: 0.492111, 0, 7.5
front back
photon_ene: 661.6 photon_theta: 0.0923626 photon_phi: 5.49959
traject_len: 5.01075
pe_len: 0.472794 cs_len: 0.851665
---
else
front: 1.57322, 0.357184, 2.5
side: 0, 0, 0
front only
else
else
else
front: 0, 0.897786, 2.5
side: 0, 0, 0
front only
else
else
else
else
front: 0, 0, 2.5
back: 0, 0, 7.5
front back
photon_ene: 661.6 photon_theta: 0.266592 photon_phi: 3.86149
traject_len: 5
pe_len: 1.91573 cs_len: 12.0134
---
front: 0, 0, 2.5
side: 0, 0, 0
front only
else
else
else
front: 1.17486, 0, 2.5
side: 0, 0, 0
front only
front: 0.90233, 0, 2.5
side: 0, 0, 0
front only
front: 0, 0, 2.5
side: 0, 0, 0
front only
else
else
else
else
else
else
front: 0, 0, 2.5
side: 0, 0, 0
front only
else
else
else
else
else
else
else
else
else
front: 0.596818, 0, 2.5
side: 0, 0, 0
front only
front: 0.356226, 0.0987545, 2.5
back: 1.06868, 0.296264, 7.5
front back
photon_ene: 661.6 photon_theta: 2.99479 photon_phi: 3.41203
traject_len: 5.05436
pe_len: 21.6837 cs_len: 1.27551
---
else
else
else
front: 1.30929, 1.16546, 2.5
side: 0, 0, 0
front only
else
front: 0, 1.19835, 2.5
side: 0, 0, 0
front only
front: 0, 1.1723, 2.5
side: 0, 0, 0
front only
front: 0.248105, 0, 2.5
side: 0, 0, 0
front only
else
else
else
else
else
else
front: 0, 0, 2.5
side: 0, 0, 0
front only
else
else
else
else
else
else
else
front: 0, 0.185805, 2.5
side: 0, 0, 0
front only
else
front: 0, 0.34053, 2.5
back: 0, 1.02159, 7.5
front back
photon_ene: 661.6 photon_theta: 2.85473 photon_phi: 5.80324
traject_len: 5.04617
pe_len: 4.71494 cs_len: 4.66828
---
else
else
else
else
else
else
else
else
else
else
else
front: 0.0530559, 0, 2.5
back: 0.159168, 0, 7.5
front back
photon_ene: 661.6 photon_theta: 3.11992 photon_phi: 2.93636
traject_len: 5.00113
pe_len: 32.1242 cs_len: 4.73406
---
front: 0.441948, 0.277187, 2.5
back: 1.32584, 0.831561, 7.5
front back
photon_ene: 661.6 photon_theta: 2.93587 photon_phi: 3.70177
traject_len: 5.1077
pe_len: 5.78785 cs_len: 3.45751
---
else
else
else
else
front: 1.34474, 0, 2.5
side: 0, 0, 0
front only
front: 0, 1.2566, 2.5
side: 0, 0, 0
front only
else
else
else
front: 0.31097, 0.628898, 2.5
back: 0.932911, 1.88669, 7.5
front back
photon_ene: 661.6 photon_theta: 2.868 photon_phi: 4.25318
traject_len: 5.19316
pe_len: 79.3171 cs_len: 0.145689
---
front: 0, 1.729, 2.5
side: 0, 0, 0
front only
else
else
else
else
else
else
else
else
front: 0.363753, 0.0771374, 2.5
back: 1.09126, 0.231412, 7.5
front back
photon_ene: 661.6 photon_theta: 2.99394 photon_phi: 3.35056
traject_len: 5.055
pe_len: 35.9289 cs_len: 7.22456
---
else
else
else
else
else
front: 0, 0, 2.5
side: 0, 0, 0
front only
front: 0.622704, 0, 2.5
side: 0, 0, 0
front only
else
else
else
front: 0.749114, 1.94763, 2.5
side: 0, 0, 0
front only
front: 1.27031, 0, 2.5
side: 0, 0, 0
front only
front: 0, 0, 2.5
side: 0, 0, 0
front only
else
else
else
else
else
else
front: 1.24625, 0.671558, 2.5
side: 0, 0, 0
front only
else
front: 0.391729, 0, 2.5
back: 1.17519, 0, 7.5
front back
photon_ene: 661.6 photon_theta: 0.211064 photon_phi: 5.53266
traject_len: 5.06101
pe_len: 5.5629 cs_len: 8.45849
---
else
else
else
else
else
else
else
else
else
else
else
else
else
else
else
else
else
else
else
else
else
front: 0, 0, 2.5
side: 0, 0, 0
front only
front: 1.33149, 0.697359, 2.5
side: 0, 0, 0
front only
front: 0, 0.601364, 2.5
back: 0, 1.80409, 7.5
front back
photon_ene: 661.6 photon_theta: 0.274174 photon_phi: 2.11555
traject_len: 5.14262
pe_len: 58.0604 cs_len: 1.22797
---
front: 0.964781, 0.350318, 2.5
side: 0, 0, 0
front only
front: 0, 1.33939, 2.5
side: 0, 0, 0
front only
front: 0, 1.89761, 2.5
side: 0, 0, 0
front only
else
else
front: 0, 1.88946, 2.5
side: 0, 0, 0
front only
front: 0.824197, 0, 2.5
side: 0, 0, 0
front only
else
else
front: 0.908091, 0.333075, 2.5
side: 0, 0, 0
front only
else
else
front: 1.97638, 0.853813, 2.5
side: 0, 0, 0
front only
else
else
else
front: 0, 0.182944, 2.5
side: 0, 0, 0
front only
front: 0, 0, 2.5
back: 0, 0, 7.5
front back
photon_ene: 661.6 photon_theta: 0.0675411 photon_phi: 4.24098
traject_len: 5
pe_len: 25.5642 cs_len: 4.57855
---
front: 0, 0, 2.5
back: 0, 0, 7.5
front back
photon_ene: 661.6 photon_theta: 2.82846 photon_phi: 0.522532
traject_len: 5
pe_len: 13.83 cs_len: 3.10769
---
front: 0.972115, 1.73545, 2.5
side: 0, 0, 0
front only
front: 0, 0, 2.5
side: 0, 0, 0
front only
front: 0.189942, 0.651841, 2.5
back: 0.569827, 1.95552, 7.5
front back
photon_ene: 661.6 photon_theta: 0.265185 photon_phi: 1.28725
traject_len: 5.18111
pe_len: 12.608 cs_len: 9.28189
---
front: 0.681352, 0.323314, 2.5
back: 2.04406, 0.969942, 7.5
front back
photon_ene: 661.6 photon_theta: 0.292986 photon_phi: 0.443056
traject_len: 5.22256
pe_len: 59.5932 cs_len: 1.68535
---
front: 2.26783, 0.0068138, 2.5
side: 0, 0, 0
front only
else
front: 2.03079, 0, 2.5
side: 0, 0, 0
front only
else
else
else
else
front: 0, 0, 2.5
back: 0, 0, 7.5
front back
photon_ene: 661.6 photon_theta: 0.0518043 photon_phi: 4.26092
traject_len: 5
pe_len: 26.8206 cs_len: 8.01731
---
else
front: 0.813383, 0, 2.5
side: 0, 0, 0
front only
else
else
else
else
else
else
front: 0.704455, 0, 2.5
side: 0, 0, 0
front only
front: 0.843535, 0, 2.5
side: 0, 0, 0
front only
else
else
else
front: 1.34221, 0.378811, 2.5
side: 0, 0, 0
front only
else
else
else
else
else
front: 0, 1.65219, 2.5
side: 0, 0, 0
front only
else
else
else
front: 1.55948, 0, 2.5
side: 0, 0, 0
front only
else
else
front: 0.651024, 1.60654, 2.5
side: 0, 0, 0
front only
else
else
else
else
else
else
front: 1.19119, 0, 2.5
side: 0, 0, 0
front only
front: 0, 0.941032, 2.5
side: 0, 0, 0
front only
else
front: 0, 0, 2.5
side: 0, 0, 0
front only
else
front: 0.223354, 1.58709, 2.5
side: 0, 0, 0
front only
else
else
else
front: 0, 1.25484, 2.5
side: 0, 0, 0
front only
else
else
else
else
else
front: 0, 0, 2.5
side: 0, 0, 0
front only
else
else
else
else
front: 0.347062, 0, 2.5
side: 0, 0, 0
front only
front: 0, 0.887688, 2.5
side: 0, 0, 0
front only
else
front: 0, 0, 2.5
side: 0, 0, 0
front only
front: 0.808634, 0.529833, 2.5
side: 0, 0, 0
front only
else
else
else
front: 2.24989, 0, 2.5
side: 0, 0, 0
front only
else
else
else
else
front: 1.12106, 0.718743, 2.5
side: 0, 0, 0
front only
front: 1.29467, 0.248655, 2.5
side: 0, 0, 0
front only
else
else
front: 0.877736, 1.11247, 2.5
side: 0, 0, 0
front only
else
else
else
front: 0.622086, 2.3099, 2.5
side: 0, 0, 0
front only
else
else
else
front: 1.96073, 0.874092, 2.5
side: 0, 0, 0
front only
else
else
else
else
else
else
front: 0.581163, 0.606863, 2.5
side: 0, 0, 0
front only
else
else
else
front: 0, 1.45572, 2.5
side: 0, 0, 0
front only
front: 0, 0.229692, 2.5
side: 0, 0, 0
front only
else
else
else
front: 1.14634, 0, 2.5
side: 0, 0, 0
front only
else
else
else
else
front: 0, 0, 2.5
side: 0, 0, 0
front only
else
else
front: 0, 2.2816, 2.5
side: 0, 0, 0
front only
front: 0, 0.896451, 2.5
side: 0, 0, 0
front only
front: 1.21476, 0.0388232, 2.5
side: 0, 0, 0
front only
else
front: 0, 0.970678, 2.5
side: 0, 0, 0
front only
else
front: 0, 0.309039, 2.5
side: 0, 0, 0
front only
else
front: 1.8149, 0.515501, 2.5
side: 0, 0, 0
front only
else
front: 0, 0, 2.5
side: 0, 0, 0
front only
else
else
else
else
front: 0, 0, 2.5
side: 0, 0, 0
front only
else
else
else
else
else
else
front: 0, 0.991895, 2.5
side: 0, 0, 0
front only
else
front: 0, 0.618855, 2.5
back: 0, 1.85656, 7.5
front back
photon_ene: 661.6 photon_theta: 0.244133 photon_phi: 1.68277
traject_len: 5.15091
pe_len: 56.2611 cs_len: 2.17023
---
else
else
else
front: 0, 0, 2.5
side: 0, 0, 0
front only
front: 0, 1.95091, 2.5
side: 0, 0, 0
front only
front: 0, 2.09719, 2.5
side: 0, 0, 0
front only
else
else
else
else
else
else
front: 0.771867, 1.12154, 2.5
side: 0, 0, 0
front only
else
else
else
else
else
front: 0.7637, 0, 2.5
side: 0, 0, 0
front only
else
else
else
front: 0, 0.482294, 2.5
side: 0, 0, 0
front only
else
else
else
front: 0.878096, 0, 2.5
side: 0, 0, 0
front only
else
else
else
else
else
else
else
else
front: 0, 0, 2.5
side: 0, 0, 0
front only
front: 0, 0.653378, 2.5
back: 0, 1.96013, 7.5
front back
photon_ene: 661.6 photon_theta: 0.315874 photon_phi: 2.21482
traject_len: 5.16794
pe_len: 39.6703 cs_len: 12.6229
---
else
else
else
else
front: 0.491703, 0.377963, 2.5
back: 1.47511, 1.13389, 7.5
front back
photon_ene: 661.6 photon_theta: 0.243165 photon_phi: 0.65535
traject_len: 5.15155
pe_len: 90.1589 cs_len: 1.89304
---
else
else
else
front: 0, 0.539914, 2.5
side: 0, 0, 0
front only
else
else
front: 0.515976, 1.56909, 2.5
side: 0, 0, 0
front only
else
front: 0, 0, 2.5
side: 0, 0, 0
front only
else
else
front: 1.4762, 0, 2.5
side: 0, 0, 0
front only
else
else
else
front: 1.12296, 0.28716, 2.5
side: 0, 0, 0
front only
else
else
else
front: 0.437203, 1.24467, 2.5
side: 0, 0, 0
front only
front: 1.41612, 1.71412, 2.5
side: 0, 0, 0
front only
else
front: 0, 0, 2.5
side: 0, 0, 0
front only
else
else
front: 0, 0, 2.5
side: 0, 0, 0
front only
else
else
else
else
else
else
front: 0, 1.33901, 2.5
side: 0, 0, 0
front only
front: 1.54626, 0, 2.5
side: 0, 0, 0
front only
front: 0, 0.407439, 2.5
back: 0, 1.22232, 7.5
front back
photon_ene: 661.6 photon_theta: 2.84029 photon_phi: 5.73114
traject_len: 5.06597
pe_len: 23.0084 cs_len: 0.737831
---
else
else
front: 0, 0, 2.5
side: 0, 0, 0
front only
else
else
front: 1.01025, 0, 2.5
side: 0, 0, 0
front only
else
else
front: 0.769731, 1.40741, 2.5
side: 0, 0, 0
front only
else
front: 1.54158, 0.736836, 2.5
side: 0, 0, 0
front only
else
else
front: 1.88369, 0, 2.5
side: 0, 0, 0
front only
else
else
else
front: 0, 1.67049, 2.5
side: 0, 0, 0
front only
else
front: 0, 0, 2.5
side: 0, 0, 0
front only
front: 0, 0, 2.5
side: 0, 0, 0
front only
else
else
else
else
front: 0, 0, 2.5
side: 0, 0, 0
front only
else
else
else
front: 0.0598406, 0, 2.5
back: 0.179522, 0, 7.5
front back
photon_ene: 661.6 photon_theta: 0.244278 photon_phi: 4.80857
traject_len: 5.00143
pe_len: 11.0259 cs_len: 2.53814
---
else
front: 2.07638, 0, 2.5
side: 0, 0, 0
front only
front: 0.316322, 0, 2.5
side: 0, 0, 0
front only
front: 2.06593, 0.524475, 2.5
side: 0, 0, 0
front only
else
else
else
else
else
else
else
else
front: 1.74186, 0, 2.5
side: 0, 0, 0
front only
else
front: 0, 0.0422899, 2.5
side: 0, 0, 0
front only
else
front: 1.73507, 0.477194, 2.5
side: 0, 0, 0
front only
else
else
front: 0.29983, 0, 2.5
side: 0, 0, 0
front only
else
else
front: 1.68625, 0, 2.5
side: 0, 0, 0
front only
front: 1.4264, 0.604908, 2.5
side: 0, 0, 0
front only
else
else
front: 0.914189, 0, 2.5
side: 0, 0, 0
front only
front: 0, 0, 2.5
side: 0, 0, 0
front only
else
front: 0, 0, 2.5
side: 0, 0, 0
front only
front: 0, 0.161828, 2.5
back: 0, 0.485485, 7.5
front back
photon_ene: 661.6 photon_theta: 0.0718394 photon_phi: 2.02296
traject_len: 5.01046
pe_len: 32.6239 cs_len: 3.66755
---
front: 0.853831, 0.956915, 2.5
side: 0, 0, 0
front only
front: 0, 0, 2.5
side: 0, 0, 0
front only
front: 1.07871, 0, 2.5
side: 0, 0, 0
front only
else
else
else
front: 0, 0, 2.5
side: 0, 0, 0
front only
front: 1.14614, 0, 2.5
side: 0, 0, 0
front only
else
else
else
front: 1.17287, 0.0654982, 2.5
side: 0, 0, 0
front only
else
else
else
else
else
front: 0.320233, 0, 2.5
back: 0.9607, 0, 7.5
front back
photon_ene: 661.6 photon_theta: 2.93766 photon_phi: 2.23876
traject_len: 5.04085
pe_len: 10.3753 cs_len: 3.87787
---
else
else
front: 0.421214, 0, 2.5
side: 0, 0, 0
front only
else
else
else
front: 0.1972, 0, 2.5
side: 0, 0, 0
front only
else
else
front: 0, 0.751433, 2.5
side: 0, 0, 0
front only
front: 0, 0, 2.5
side: 0, 0, 0
front only
else
else
else
else
else
else
front: 0.197194, 0, 2.5
back: 0.591582, 0, 7.5
front back
photon_ene: 661.6 photon_theta: 3.06278 photon_phi: 3.09127
traject_len: 5.01553
pe_len: 34.0842 cs_len: 0.381584
---
else
front: 0.217837, 2.25195, 2.5
side: 0, 0, 0
front only
else
else
else
front: 0.954115, 1.99162, 2.5
side: 0, 0, 0
front only
else
else
front: 0.32031, 0, 2.5
side: 0, 0, 0
front only
else
front: 1.95547, 0, 2.5
side: 0, 0, 0
front only
else
else
front: 0, 0.336069, 2.5
side: 0, 0, 0
front only
else
else
else
else
front: 0.484776, 1.50451, 2.5
side: 0, 0, 0
front only
else
front: 0, 0, 2.5
side: 0, 0, 0
front only
front: 1.49377, 0, 2.5
side: 0, 0, 0
front only
else
else
else
front: 1.97784, 1.1547, 2.5
side: 0, 0, 0
front only
front: 0, 2.46268, 2.5
side: 0, 0, 0
front only
else
front: 0, 0.557067, 2.5
side: 0, 0, 0
front only
else
else
else
else
else
else
else
else
else
else
else
front: 1.19663, 0, 2.5
side: 0, 0, 0
front only
front: 0.207207, 0.271593, 2.5
back: 0.621622, 0.814779, 7.5
front back
photon_ene: 661.6 photon_theta: 3.00579 photon_phi: 4.06066
traject_len: 5.04646
pe_len: 66.0601 cs_len: 5.46904
---
else
front: 0.380068, 0, 2.5
back: 1.1402, 0, 7.5
front back
photon_ene: 661.6 photon_theta: 0.155545 photon_phi: 6.03552
traject_len: 5.05745
pe_len: 21.945 cs_len: 0.179474
---
front: 0, 0.037926, 2.5
back: 0, 0.113778, 7.5
front back
photon_ene: 661.6 photon_theta: 0.181572 photon_phi: 3.05887
traject_len: 5.00058
pe_len: 25.3589 cs_len: 0.368665
---
else
else
front: 1.17902, 0, 2.5
side: 0, 0, 0
front only
else
front: 0, 0.501382, 2.5
side: 0, 0, 0
front only
else
else
else
else
else
front: 0.25014, 1.63821, 2.5
side: 0, 0, 0
front only
else
front: 0, 0, 2.5
side: 0, 0, 0
front only
else
else
else
else
else
else
front: 0.27929, 0, 2.5
side: 0, 0, 0
front only
front: 0, 0, 2.5
side: 0, 0, 0
front only
else
else
else
else
else
else
front: 1.72068, 0.306581, 2.5
side: 0, 0, 0
front only
else
else
front: 1.94037, 0.42068, 2.5
side: 0, 0, 0
front only
front: 0, 0.6753, 2.5
side: 0, 0, 0
front only
else
front: 0, 1.18969, 2.5
side: 0, 0, 0
front only
else
front: 0, 0, 2.5
side: 0, 0, 0
front only
else
else
else
else
else
else
else
else
else
else
front: 2.0176, 0.826946, 2.5
side: 0, 0, 0
front only
front: 1.89575, 0, 2.5
side: 0, 0, 0
front only
else
front: 0.681865, 0.846619, 2.5
side: 0, 0, 0
front only
else
else
front: 0, 0, 2.5
back: 0, 0, 7.5
front back
photon_ene: 661.6 photon_theta: 0.180938 photon_phi: 4.28314
traject_len: 5
pe_len: 16.4576 cs_len: 8.67186
---
else
else
front: 0, 0, 2.5
side: 0, 0, 0
front only
front: 0.607879, 0.829613, 2.5
side: 0, 0, 0
front only
front: 2.02302, 0.452075, 2.5
side: 0, 0, 0
front only
else
front: 0.396789, 2.20956, 2.5
side: 0, 0, 0
front only
else
else
else
else
else
else
else
front: 0, 0.492008, 2.5
back: 0, 1.47602, 7.5
front back
photon_ene: 661.6 photon_theta: 0.241457 photon_phi: 2.21569
traject_len: 5.09591
pe_len: 9.0205 cs_len: 9.07534
---
else
else
else
else
else
else
else
else
else
else
front: 0, 0, 2.5
side: 0, 0, 0
front only
else
else
front: 0.484499, 0, 2.5
back: 1.4535, 0, 7.5
front back
photon_ene: 661.6 photon_theta: 0.289416 photon_phi: 5.42105
traject_len: 5.09303
pe_len: 9.86182 cs_len: 3.96819
---
else
else
else
else
else
else
front: 0, 1.73392, 2.5
side: 0, 0, 0
front only
else
front: 2.17075, 1.21446, 2.5
side: 0, 0, 0
front only
else
else
else
else
front: 0, 0, 2.5
side: 0, 0, 0
front only
else
else
else
front: 0, 1.22201, 2.5
side: 0, 0, 0
front only
front: 0, 0.426476, 2.5
back: 0, 1.27943, 7.5
front back
photon_ene: 661.6 photon_theta: 2.97053 photon_phi: 4.87089
traject_len: 5.07223
pe_len: 6.43151 cs_len: 6.34422
---
else
else
else
front: 0, 0, 2.5
side: 0, 0, 0
front only
else
front: 1.52083, 0, 2.5
side: 0, 0, 0
front only
front: 0, 0, 2.5
side: 0, 0, 0
front only
else
else
else
else
front: 0.441021, 0, 2.5
back: 1.32306, 0, 7.5
front back
photon_ene: 661.6 photon_theta: 0.269051 photon_phi: 5.40659
traject_len: 5.0772
pe_len: 25.6438 cs_len: 8.68387
---
front: 2.46905, 0, 2.5
side: 0, 0, 0
front only
else
else
else
else
else
else
front: 1.77083, 1.27921, 2.5
side: 0, 0, 0
front only
else
front: 0.681708, 0.390307, 2.5
back: 2.04512, 1.17092, 7.5
front back
photon_ene: 661.6 photon_theta: 0.304446 photon_phi: 0.519986
traject_len: 5.24102
pe_len: 64.6657 cs_len: 2.26085
---
else
else
else
else
else
front: 0.801506, 0, 2.5
side: 0, 0, 0
front only
front: 0.776127, 0.78335, 2.5
side: 0, 0, 0
front only
else
else
else
else
else
front: 1.15887, 1.86846, 2.5
side: 0, 0, 0
front only
front: 0, 0, 2.5
back: 0, 0, 7.5
front back
photon_ene: 661.6 photon_theta: 2.97045 photon_phi: 1.03544
traject_len: 5
pe_len: 43.2268 cs_len: 2.55475
---
front: 0, 0, 2.5
side: 0, 0, 0
front only
front: 1.70672, 0, 2.5
side: 0, 0, 0
front only
else
else
front: 1.2222, 0, 2.5
side: 0, 0, 0
front only
front: 1.49217, 0, 2.5
side: 0, 0, 0
front only
else
else
else
else
else
else
front: 1.83248, 0, 2.5
side: 0, 0, 0
front only
else
front: 1.84385, 0.413239, 2.5
side: 0, 0, 0
front only
else
else
front: 2.20227, 0, 2.5
side: 0, 0, 0
front only
else
else
else
else
else
else
else
else
else
else
else
else
front: 0, 1.06804, 2.5
side: 0, 0, 0
front only
front: 0, 0, 2.5
back: 0, 0, 7.5
front back
photon_ene: 661.6 photon_theta: 3.05079 photon_phi: 0.324212
traject_len: 5
pe_len: 7.48675 cs_len: 2.47139
---
else
else
else
front: 0.855135, 0, 2.5
side: 0, 0, 0
front only
else
else
else
else
front: 0, 0.144228, 2.5
back: 0, 0.432683, 7.5
front back
photon_ene: 661.6 photon_theta: 2.92726 photon_phi: 6.01495
traject_len: 5.00831
pe_len: 33.184 cs_len: 9.21997
---
front: 1.49724, 1.09079, 2.5
side: 0, 0, 0
front only
else
else
front: 0.38451, 0.774613, 2.5
side: 0, 0, 0
front only
else
front: 0, 0, 2.5
back: 0, 0, 7.5
front back
photon_ene: 661.6 photon_theta: 0.14215 photon_phi: 4.24856
traject_len: 5
pe_len: 9.68471 cs_len: 2.05222
---
else
else
else
front: 0, 0, 2.5
side: 0, 0, 0
front only
else
front: 0, 0, 2.5
side: 0, 0, 0
front only
front: 1.95183, 0, 2.5
side: 0, 0, 0
front only
else
else
else
front: 1.81492, 0.252416, 2.5
side: 0, 0, 0
front only
front: 1.81809, 0, 2.5
side: 0, 0, 0
front only
else
front: 1.91013, 0, 2.5
side: 0, 0, 0
front only
else
else
else
else
front: 0.645637, 0, 2.5
side: 0, 0, 0
front only
else
else
front: 0.0300931, 0, 2.5
side: 0, 0, 0
front only
else
else
else
else
else
else
else
front: 0.300717, 0.0467412, 2.5
back: 0.902151, 0.140224, 7.5
front back
photon_ene: 661.6 photon_theta: 3.02046 photon_phi: 3.29579
traject_len: 5.03691
pe_len: 33.9059 cs_len: 7.17007
---
else
front: 0, 0.869209, 2.5
side: 0, 0, 0
front only
else
else
front: 0, 0, 2.5
side: 0, 0, 0
front only
else
else
front: 0, 1.0503, 2.5
side: 0, 0, 0
front only
else
else
else
else
else
else
else
else
else
else
else
else
front: 0, 0, 2.5
side: 0, 0, 0
front only
else
front: 1.27592, 1.54465, 2.5
side: 0, 0, 0
front only
front: 0.199412, 0.302706, 2.5
back: 0.598235, 0.908119, 7.5
front back
photon_ene: 661.6 photon_theta: 0.143991 photon_phi: 0.988285
traject_len: 5.05229
pe_len: 21.8257 cs_len: 1.44607
---
else
else
else
else
front: 0.735108, 0, 2.5
side: 0, 0, 0
front only
else
front: 0, 0.785549, 2.5
side: 0, 0, 0
front only
else
else
else
else
else
else
else
else
else
front: 0, 1.10685, 2.5
side: 0, 0, 0
front only
else
else
front: 0.0672857, 0.0744746, 2.5
back: 0.201857, 0.223424, 7.5
front back
photon_ene: 661.6 photon_theta: 0.0401258 photon_phi: 0.836066
traject_len: 5.00403
pe_len: 27.7867 cs_len: 6.72325
---
else
front: 0, 1.2022, 2.5
side: 0, 0, 0
front only
else
else
else
else
else
else
else
front: 1.13464, 0.36711, 2.5
side: 0, 0, 0
front only
else
else
else
else
front: 0, 0, 2.5
side: 0, 0, 0
front only
else
else
else
else
else
front: 0, 0.626854, 2.5
back: 0, 1.88056, 7.5
front back
photon_ene: 661.6 photon_theta: 2.87666 photon_phi: 5.10424
traject_len: 5.15478
pe_len: 1.34937 cs_len: 0.574473
---
front: 0, 0.483409, 2.5
side: 0, 0, 0
front only
else
else
else
front: 0, 0, 2.5
side: 0, 0, 0
front only
else
else
else
else
else
front: 0.720867, 0.34329, 2.5
back: 2.1626, 1.02987, 7.5
front back
photon_ene: 661.6 photon_theta: 0.309135 photon_phi: 0.444442
traject_len: 5.24881
pe_len: 30.5479 cs_len: 11.4245
---
front: 1.42668, 0, 2.5
side: 0, 0, 0
front only
front: 0, 0, 2.5
side: 0, 0, 0
front only
else
else
front: 0, 0.805687, 2.5
side: 0, 0, 0
front only
front: 0.226066, 0.159173, 2.5
back: 0.678198, 0.477519, 7.5
front back
photon_ene: 661.6 photon_theta: 0.110145 photon_phi: 0.613472
traject_len: 5.03048
pe_len: 31.4533 cs_len: 3.09797
---
else
front: 0, 0.970524, 2.5
side: 0, 0, 0
front only
front: 0.178482, 0, 2.5
side: 0, 0, 0
front only
else
front: 0, 0.149882, 2.5
side: 0, 0, 0
front only
else
else
else
else
else
else
else
else
else
else
else
else
else
else
else
else
else
else
else
else
front: 0, 0, 2.5
side: 0, 0, 0
front only
else
else
else
else
else
else
else
front: 0.462736, 1.49053, 2.5
side: 0, 0, 0
front only
else
else
front: 0, 0, 2.5
side: 0, 0, 0
front only
front: 0, 0.556434, 2.5
back: 0, 1.6693, 7.5
front back
photon_ene: 661.6 photon_theta: 0.238346 photon_phi: 1.98341
traject_len: 5.12235
pe_len: 24.8065 cs_len: 1.8941
---
else
else
front: 1.37653, 1.20277, 2.5
side: 0, 0, 0
front only
else
else
else
front: 0.172876, 0.378232, 2.5
back: 0.518629, 1.13469, 7.5
front back
photon_ene: 661.6 photon_theta: 0.164837 photon_phi: 1.14208
traject_len: 5.06871
pe_len: 17.215 cs_len: 0.944401
---
front: 0, 1.69421, 2.5
side: 0, 0, 0
front only
front: 0, 0, 2.5
side: 0, 0, 0
front only
front: 0, 0, 2.5
side: 0, 0, 0
front only
else
front: 0, 0, 2.5
side: 0, 0, 0
front only
else
else
else
else
else
else
else
else
front: 0, 1.38026, 2.5
side: 0, 0, 0
front only
front: 0, 0, 2.5
side: 0, 0, 0
front only
front: 0.62701, 0, 2.5
back: 1.88103, 0, 7.5
front back
photon_ene: 661.6 photon_theta: 2.87129 photon_phi: 2.70256
traject_len: 5.15486
pe_len: 1.31908 cs_len: 6.0998
---
else
front: 0, 0, 2.5
side: 0, 0, 0
front only
front: 0, 0, 2.5
side: 0, 0, 0
front only
front: 2.49583, 0.141735, 2.5
side: 0, 0, 0
front only
front: 0, 0.107913, 2.5
side: 0, 0, 0
front only
else
front: 1.46551, 0.603737, 2.5
side: 0, 0, 0
front only
else
else
else
else
else
else
else
front: 1.29004, 0, 2.5
side: 0, 0, 0
front only
front: 1.14445, 0, 2.5
side: 0, 0, 0
front only
else
else
else
else
front: 0.772428, 0.884145, 2.5
side: 0, 0, 0
front only
else
else
else
else
else
else
front: 0.0827081, 0.237729, 2.5
back: 0.248124, 0.713187, 7.5
front back
photon_ene: 661.6 photon_theta: 3.04125 photon_phi: 4.37758
traject_len: 5.02528
pe_len: 45.4673 cs_len: 1.91614
---
else
else
else
front: 1.30971, 0, 2.5
side: 0, 0, 0
front only
front: 2.43951, 0, 2.5
side: 0, 0, 0
front only
else
front: 1.74313, 0.530946, 2.5
side: 0, 0, 0
front only
else
else
front: 0, 0, 2.5
side: 0, 0, 0
front only
front: 0, 2.06302, 2.5
side: 0, 0, 0
front only
else
front: 1.15766, 0, 2.5
side: 0, 0, 0
front only
front: 1.35922, 0, 2.5
side: 0, 0, 0
front only
else
else
front: 0.57419, 0.290069, 2.5
back: 1.72257, 0.870206, 7.5
front back
photon_ene: 661.6 photon_theta: 0.251856 photon_phi: 0.467783
traject_len: 5.16288
pe_len: 27.7404 cs_len: 0.678947
---
front: 0.808785, 1.66095, 2.5
side: 0, 0, 0
front only
else
else
else
else
front: 1.39743, 0.479291, 2.5
side: 0, 0, 0
front only
else
front: 0, 0, 2.5
side: 0, 0, 0
front only
front: 0.861658, 0, 2.5
side: 0, 0, 0
front only
else
else
else
front: 1.04169, 1.96063, 2.5
side: 0, 0, 0
front only
else
else
else
front: 0.242842, 0.380428, 2.5
back: 0.728526, 1.14128, 7.5
front back
photon_ene: 661.6 photon_theta: 0.178608 photon_phi: 1.00266
traject_len: 5.08083
pe_len: 4.26948 cs_len: 1.55207
---
front: 0, 0, 2.5
side: 0, 0, 0
front only
else
else
else
else
else
else
else
else
front: 0, 1.08037, 2.5
side: 0, 0, 0
front only
else
else
else
else
else
else
else
else
front: 0, 0.209151, 2.5
back: 0, 0.627453, 7.5
front back
photon_ene: 661.6 photon_theta: 0.263734 photon_phi: 2.82658
traject_len: 5.01747
pe_len: 30.6259 cs_len: 3.14191
---
front: 1.79357, 1.35438, 2.5
side: 0, 0, 0
front only
else
front: 0.585447, 0.116057, 2.5
back: 1.75634, 0.348172, 7.5
front back
photon_ene: 661.6 photon_theta: 2.90724 photon_phi: 3.33729
traject_len: 5.14051
pe_len: 55.0857 cs_len: 1.55144
---
else
else
front: 0.145143, 0, 2.5
back: 0.43543, 0, 7.5
front back
photon_ene: 661.6 photon_theta: 3.01138 photon_phi: 2.03012
traject_len: 5.00842
pe_len: 44.1379 cs_len: 2.16411
---
front: 0, 0, 2.5
back: 0, 0, 7.5
front back
photon_ene: 661.6 photon_theta: 2.91156 photon_phi: 1.30511
traject_len: 5
pe_len: 133.635 cs_len: 4.03051
---
else
else
front: 0.155202, 0, 2.5
side: 0, 0, 0
front only
front: 1.44499, 0, 2.5
side: 0, 0, 0
front only
else
else
else
else
else
else
front: 1.67124, 0.8529, 2.5
side: 0, 0, 0
front only
else
else
else
else
else
else
else
else
else
else
else
front: 0, 2.0983, 2.5
side: 0, 0, 0
front only
else
front: 1.45042, 0, 2.5
side: 0, 0, 0
front only
front: 0, 0, 2.5
side: 0, 0, 0
front only
front: 0, 0, 2.5
side: 0, 0, 0
front only
else
front: 0, 0.214479, 2.5
side: 0, 0, 0
front only
else
front: 0, 1.65102, 2.5
side: 0, 0, 0
front only
else
else
front: 1.57605, 0, 2.5
side: 0, 0, 0
front only
else
else
else
else
front: 2.1888, 0.869786, 2.5
side: 0, 0, 0
front only
front: 0, 0, 2.5
side: 0, 0, 0
front only
else
else
else
else
else
else
else
else
else
else
else
front: 0, 0, 2.5
side: 0, 0, 0
front only
else
else
else
else
else
front: 0, 0, 2.5
side: 0, 0, 0
front only
front: 0, 0.34541, 2.5
side: 0, 0, 0
front only
front: 0, 0, 2.5
side: 0, 0, 0
front only
else
else
else
else
else
front: 0, 0.699129, 2.5
side: 0, 0, 0
front only
front: 0, 2.32647, 2.5
side: 0, 0, 0
front only
else
else
else
else
front: 0, 0, 2.5
side: 0, 0, 0
front only
front: 2.05102, 0, 2.5
side: 0, 0, 0
front only
else
else
front: 0.351006, 0, 2.5
back: 1.05302, 0, 7.5
front back
photon_ene: 661.6 photon_theta: 0.191075 photon_phi: 5.52464
traject_len: 5.04904
pe_len: 21.3352 cs_len: 2.92512
---
else
front: 0, 0.409242, 2.5
side: 0, 0, 0
front only
else
else
front: 0, 0, 2.5
side: 0, 0, 0
front only
else
else
else
else
else
else
else
else
else
front: 0.916638, 0.235418, 2.5
side: 0, 0, 0
front only
else
front: 0, 0.510284, 2.5
side: 0, 0, 0
front only
else
else
front: 0, 0, 2.5
side: 0, 0, 0
front only
else
else
else
front: 0, 0, 2.5
side: 0, 0, 0
front only
else
else
else
front: 0, 0.296964, 2.5
side: 0, 0, 0
front only
front: 2.06066, 0, 2.5
side: 0, 0, 0
front only
else
else
else
else
else
else
front: 0, 0, 2.5
side: 0, 0, 0
front only
else
else
else
else
else
else
else
front: 0.278038, 0, 2.5
side: 0, 0, 0
front only
else
front: 0, 0, 2.5
back: 0, 0, 7.5
front back
photon_ene: 661.6 photon_theta: 0.131971 photon_phi: 3.24644
traject_len: 5
pe_len: 186.494 cs_len: 0.122485
---
else
front: 0, 0, 2.5
side: 0, 0, 0
front only
else
front: 2.03443, 0.284809, 2.5
side: 0, 0, 0
front only
front: 0.692532, 0, 2.5
side: 0, 0, 0
front only
else
else
else
else
else
else
else
front: 0, 0, 2.5
side: 0, 0, 0
front only
else
front: 0.601315, 2.384, 2.5
side: 0, 0, 0
front only
else
else
else
else
front: 0, 0, 2.5
side: 0, 0, 0
front only
else
else
else
front: 2.08407, 0.644415, 2.5
side: 0, 0, 0
front only
else
front: 0, 1.53787, 2.5
side: 0, 0, 0
front only
else
else
else
else
else
else
front: 0.493272, 2.36894, 2.5
side: 0, 0, 0
front only
else
front: 0, 0, 2.5
side: 0, 0, 0
front only
else
else
front: 0, 0, 2.5
side: 0, 0, 0
front only
front: 0.749217, 0.263197, 2.5
back: 2.24765, 0.789592, 7.5
front back
photon_ene: 661.6 photon_theta: 2.83403 photon_phi: 3.47942
traject_len: 5.24618
pe_len: 64.6546 cs_len: 0.108409
---
else
else
front: 0, 0, 2.5
back: 0, 0, 7.5
front back
photon_ene: 661.6 photon_theta: 2.87317 photon_phi: 1.14584
traject_len: 5
pe_len: 0.518631 cs_len: 4.57127
---
front: 0, 0.928831, 2.5
side: 0, 0, 0
front only
front: 0.508467, 1.86358, 2.5
side: 0, 0, 0
front only
else
else
front: 1.16139, 0, 2.5
side: 0, 0, 0
front only
front: 0.0964158, 0, 2.5
side: 0, 0, 0
front only
else
else
else
else
front: 0, 0.317911, 2.5
side: 0, 0, 0
front only
else
else
else
else
else
else
front: 0, 0, 2.5
side: 0, 0, 0
front only
else
front: 0, 0.681897, 2.5
side: 0, 0, 0
front only
else
else
else
front: 0, 0.0274678, 2.5
back: 0, 0.0824035, 7.5
front back
photon_ene: 661.6 photon_theta: 2.84532 photon_phi: 6.24718
traject_len: 5.0003
pe_len: 11.0514 cs_len: 1.2814
---
else
front: 0, 0.693435, 2.5
side: 0, 0, 0
front only
else
front: 0, 0, 2.5
side: 0, 0, 0
front only
else
front: 0, 0.201548, 2.5
back: 0, 0.604644, 7.5
front back
photon_ene: 661.6 photon_theta: 0.118563 photon_phi: 2.39822
traject_len: 5.01622
pe_len: 24.7868 cs_len: 1.22292
---
else
else
else
front: 1.08068, 0, 2.5
side: 0, 0, 0
front only
front: 1.14024, 0.785186, 2.5
side: 0, 0, 0
front only
front: 0, 0.763924, 2.5
back: 0, 2.29177, 7.5
front back
photon_ene: 661.6 photon_theta: 0.3002 photon_phi: 1.73144
traject_len: 5.22822
pe_len: 6.16886 cs_len: 0.826159
---
else
else
front: 0, 0.0462814, 2.5
side: 0, 0, 0
front only
else
else
else
else
else
else
else
else
else
front: 0, 0.440454, 2.5
side: 0, 0, 0
front only
front: 0.0802258, 1.35607, 2.5
side: 0, 0, 0
front only
else
front: 0, 0, 2.5
side: 0, 0, 0
front only
front: 1.1004, 2.04964, 2.5
side: 0, 0, 0
front only
front: 1.61214, 1.09141, 2.5
side: 0, 0, 0
front only
else
front: 1.76673, 0, 2.5
side: 0, 0, 0
front only
else
else
else
front: 0, 0, 2.5
back: 0, 0, 7.5
front back
photon_ene: 661.6 photon_theta: 2.89612 photon_phi: 1.03778
traject_len: 5
pe_len: 114.979 cs_len: 6.06005
---
else
else
else
front: 1.74998, 0.92269, 2.5
side: 0, 0, 0
front only
else
else
else
else
else
else
else
else
front: 0, 0.516296, 2.5
back: 0, 1.54889, 7.5
front back
photon_ene: 661.6 photon_theta: 2.91745 photon_phi: 5.14976
traject_len: 5.10551
pe_len: 3.03753 cs_len: 0.76833
---
front: 0, 0.0235572, 2.5
back: 0, 0.0706717, 7.5
front back
photon_ene: 661.6 photon_theta: 0.0263886 photon_phi: 2.77654
traject_len: 5.00022
pe_len: 0.430835 cs_len: 1.32408
---
front: 0, 1.56871, 2.5
side: 0, 0, 0
front only
front: 0.591086, 2.37575, 2.5
side: 0, 0, 0
front only
else
else
else
else
else
else
else
else
front: 1.86965, 0.782777, 2.5
side: 0, 0, 0
front only
else
else
else
front: 0, 0.151493, 2.5
back: 0, 0.454479, 7.5
front back
photon_ene: 661.6 photon_theta: 0.135136 photon_phi: 2.67966
traject_len: 5.00917
pe_len: 22.9716 cs_len: 1.79935
---
else
else
else
else
else
else
else
else
else
else
else
front: 0, 0.481421, 2.5
back: 0, 1.44426, 7.5
front back
photon_ene: 661.6 photon_theta: 2.86045 photon_phi: 5.55326
traject_len: 5.09186
pe_len: 48.5177 cs_len: 6.44904
---
else
else
else
else
else
else
front: 0.749339, 1.45356, 2.5
side: 0, 0, 0
front only
else
front: 0.156721, 0, 2.5
side: 0, 0, 0
front only
else
front: 0, 0, 2.5
side: 0, 0, 0
front only
front: 0.0696232, 0, 2.5
side: 0, 0, 0
front only
front: 0.750312, 0, 2.5
side: 0, 0, 0
front only
else
else
else
else
else
else
else
else
front: 0, 1.29266, 2.5
side: 0, 0, 0
front only
else
else
front: 1.80313, 1.55285, 2.5
side: 0, 0, 0
front only
else
front: 0, 0, 2.5
side: 0, 0, 0
front only
else
else
else
else
front: 0, 0, 2.5
side: 0, 0, 0
front only
else
else
else
else
else
else
front: 0.838049, 1.00163, 2.5
side: 0, 0, 0
front only
else
else
else
else
front: 0, 2.43757, 2.5
side: 0, 0, 0
front only
else
else
else
else
front: 1.47828, 1.54565, 2.5
side: 0, 0, 0
front only
else
else
else
else
else
front: 0.745178, 0, 2.5
back: 2.23553, 0, 7.5
front back
photon_ene: 661.6 photon_theta: 2.85181 photon_phi: 3.11482
traject_len: 5.21739
pe_len: 30.9607 cs_len: 3.87801
---
else
front: 1.19218, 0, 2.5
side: 0, 0, 0
front only
else
front: 0.0230208, 0, 2.5
side: 0, 0, 0
front only
else
else
else
front: 0.346416, 0.790153, 2.5
side: 0, 0, 0
front only
else
front: 2.00382, 1.18987, 2.5
side: 0, 0, 0
front only
else
else
else
front: 0, 0, 2.5
side: 0, 0, 0
front only
else
else
else
else
else
else
else
else
front: 0, 1.60556, 2.5
side: 0, 0, 0
front only
front: 0.734116, 2.01886, 2.5
side: 0, 0, 0
front only
else
front: 0.780953, 0.41288, 2.5
side: 0, 0, 0
front only
else
front: 0, 0, 2.5
side: 0, 0, 0
front only
else
else
else
else
front: 0, 0.481189, 2.5
side: 0, 0, 0
front only
else
else
else
front: 0, 0.216827, 2.5
side: 0, 0, 0
front only
else
front: 0, 1.26739, 2.5
side: 0, 0, 0
front only
else
else
else
front: 0.897994, 1.38285, 2.5
side: 0, 0, 0
front only
front: 0, 0, 2.5
side: 0, 0, 0
front only
else
front: 0, 0, 2.5
side: 0, 0, 0
front only
else
else
else
else
else
else
front: 0.573649, 0, 2.5
side: 0, 0, 0
front only
else
else
else
front: 0.237181, 0.64918, 2.5
back: 0.711544, 1.94754, 7.5
front back
photon_ene: 661.6 photon_theta: 0.269724 photon_phi: 1.22051
traject_len: 5.18756
pe_len: 18.1268 cs_len: 13.2828
---
else
else
else
else
front: 0, 0, 2.5
side: 0, 0, 0
front only
else
front: 0, 1.25255, 2.5
side: 0, 0, 0
front only
else
else
else
else
front: 0.533076, 0, 2.5
back: 1.59923, 0, 7.5
front back
photon_ene: 661.6 photon_theta: 2.84548 photon_phi: 2.34468
traject_len: 5.1124
pe_len: 45.1489 cs_len: 3.3243
---
else
front: 0.478765, 0, 2.5
side: 0, 0, 0
front only
front: 0, 0, 2.5
side: 0, 0, 0
front only
else
else
else
else
else
else
front: 0.276361, 0.822248, 2.5
side: 0, 0, 0
front only
else
else
else
else
else
else
else
else
else
else
else
else
else
else
else
front: 0, 1.71079, 2.5
side: 0, 0, 0
front only
else
else
front: 0, 0.0615066, 2.5
back: 0, 0.18452, 7.5
front back
photon_ene: 661.6 photon_theta: 0.287119 photon_phi: 3.05818
traject_len: 5.00151
pe_len: 140.26 cs_len: 2.33454
---
else
front: 0, 0.399823, 2.5
back: 0, 1.19947, 7.5
front back
photon_ene: 661.6 photon_theta: 0.159694 photon_phi: 1.68964
traject_len: 5.06354
pe_len: 26.5051 cs_len: 2.66779
---
front: 0.781725, 1.26458, 2.5
side: 0, 0, 0
front only
else
else
else
else
else
else
front: 1.78209, 0.328518, 2.5
side: 0, 0, 0
front only
else
front: 1.54634, 0, 2.5
side: 0, 0, 0
front only
else
front: 0, 0.112337, 2.5
side: 0, 0, 0
front only
else
front: 0, 1.15374, 2.5
side: 0, 0, 0
front only
else
front: 0.878367, 1.34998, 2.5
side: 0, 0, 0
front only
front: 0, 0, 2.5
side: 0, 0, 0
front only
front: 0, 0, 2.5
side: 0, 0, 0
front only
front: 0, 0, 2.5
side: 0, 0, 0
front only
front: 0, 0, 2.5
side: 0, 0, 0
front only
front: 0.593484, 0, 2.5
side: 0, 0, 0
front only
else
else
front: 2.10032, 0.779293, 2.5
side: 0, 0, 0
front only
else
else
else
front: 0, 1.19839, 2.5
side: 0, 0, 0
front only
front: 1.5027, 0, 2.5
side: 0, 0, 0
front only
front: 0, 0, 2.5
side: 0, 0, 0
front only
else
front: 0.300536, 0, 2.5
side: 0, 0, 0
front only
else
front: 0.0517872, 1.71571, 2.5
side: 0, 0, 0
front only
else
front: 1.07569, 0.162235, 2.5
side: 0, 0, 0
front only
front: 0.398797, 0.784238, 2.5
side: 0, 0, 0
front only
else
else
else
else
else
else
else
else
else
else
else
else
else
else
front: 0.197801, 0, 2.5
back: 0.593404, 0, 7.5
front back
photon_ene: 661.6 photon_theta: 0.156731 photon_phi: 5.23677
traject_len: 5.01563
pe_len: 105.673 cs_len: 1.20061
---
else
else
else
else
else
front: 0, 1.5032, 2.5
side: 0, 0, 0
front only
else
else
else
front: 0, 0, 2.5
side: 0, 0, 0
front only
else
else
front: 1.11579, 1.18818, 2.5
side: 0, 0, 0
front only
front: 0.628481, 0, 2.5
side: 0, 0, 0
front only
else
front: 0, 0.652871, 2.5
side: 0, 0, 0
front only
else
else
else
front: 0, 1.38847, 2.5
side: 0, 0, 0
front only
else
front: 0, 0.115404, 2.5
back: 0, 0.346211, 7.5
front back
photon_ene: 661.6 photon_theta: 0.306938 photon_phi: 2.99543
traject_len: 5.00532
pe_len: 35.9258 cs_len: 3.36457
---
front: 0, 1.82571, 2.5
side: 0, 0, 0
front only
else
else
else
else
else
front: 0.135142, 0, 2.5
side: 0, 0, 0
front only
else
else
else
front: 1.66764, 1.29179, 2.5
side: 0, 0, 0
front only
else
else
else
else
front: 0.865546, 0, 2.5
side: 0, 0, 0
front only
else
else
front: 0, 0.443383, 2.5
back: 0, 1.33015, 7.5
front back
photon_ene: 661.6 photon_theta: 2.91514 photon_phi: 5.40474
traject_len: 5.07803
pe_len: 165.709 cs_len: 0.355088
---
else
else
else
else
front: 0, 0.322288, 2.5
side: 0, 0, 0
front only
else
else
else
else
else
else
else
else
else
else
front: 0.371646, 0, 2.5
side: 0, 0, 0
front only
else
else
else
front: 0.973505, 0.0131796, 2.5
side: 0, 0, 0
front only
else
else
else
front: 0, 0.0209735, 2.5
back: 0, 0.0629204, 7.5
front back
photon_ene: 661.6 photon_theta: 0.228251 photon_phi: 3.10547
traject_len: 5.00018
pe_len: 12.6423 cs_len: 8.17344
---
front: 1.71456, 1.53446, 2.5
side: 0, 0, 0
front only
else
front: 0, 0.976543, 2.5
side: 0, 0, 0
front only
front: 0, 0, 2.5
side: 0, 0, 0
front only
else
else
front: 0, 0.439369, 2.5
side: 0, 0, 0
front only
else
else
else
front: 0.27679, 0.01451, 2.5
back: 0.830369, 0.0435301, 7.5
front back
photon_ene: 661.6 photon_theta: 0.110417 photon_phi: 0.0523746
traject_len: 5.03064
pe_len: 89.7535 cs_len: 10.5158
---
else
else
else
else
front: 0.175509, 0.868253, 2.5
side: 0, 0, 0
front only
front: 0, 0, 2.5
side: 0, 0, 0
front only
else
front: 0, 0, 2.5
side: 0, 0, 0
front only
front: 0, 1.98668, 2.5
side: 0, 0, 0
front only
front: 1.75895, 0.668477, 2.5
side: 0, 0, 0
front only
else
front: 0, 0, 2.5
side: 0, 0, 0
front only
else
else
else
else
front: 0.504717, 0, 2.5
back: 1.51415, 0, 7.5
front back
photon_ene: 661.6 photon_theta: 0.230521 photon_phi: 5.74808
traject_len: 5.10088
pe_len: 34.4102 cs_len: 1.35039
---
else
front: 1.03844, 0, 2.5
side: 0, 0, 0
front only
front: 0, 1.67319, 2.5
side: 0, 0, 0
front only
front: 0, 0, 2.5
side: 0, 0, 0
front only
else
else
front: 0.667245, 1.71352, 2.5
side: 0, 0, 0
front only
else
else
else
else
else
else
else
else
front: 2.39334, 0.412386, 2.5
side: 0, 0, 0
front only
else
else
front: 0, 1.44009, 2.5
side: 0, 0, 0
front only
else
else
else
else
else
else
else
front: 0.19058, 0, 2.5
side: 0, 0, 0
front only
front: 0.46764, 0, 2.5
side: 0, 0, 0
front only
else
front: 0, 0, 2.5
side: 0, 0, 0
front only
else
else
else
else
else
else
front: 0, 0.645411, 2.5
back: 0, 1.93623, 7.5
front back
photon_ene: 661.6 photon_theta: 2.88894 photon_phi: 4.72032
traject_len: 5.16393
pe_len: 24.6913 cs_len: 0.670664
---
else
front: 0, 0, 2.5
side: 0, 0, 0
front only
else
front: 0.834465, 0.973822, 2.5
side: 0, 0, 0
front only
else
else
front: 0, 0, 2.5
side: 0, 0, 0
front only
else
else
else
front: 1.89527, 0.166371, 2.5
side: 0, 0, 0
front only
else
else
front: 2.1741, 0, 2.5
side: 0, 0, 0
front only
else
front: 0.740807, 0, 2.5
side: 0, 0, 0
front only
else
else
front: 0.891388, 0, 2.5
side: 0, 0, 0
front only
else
else
else
else
front: 0.708334, 1.10746, 2.5
side: 0, 0, 0
front only
else
else
else
else
front: 0.723785, 0, 2.5
side: 0, 0, 0
front only
front: 0, 0, 2.5
back: 0, 0, 7.5
front back
photon_ene: 661.6 photon_theta: 0.220605 photon_phi: 4.4502
traject_len: 5
pe_len: 61.6638 cs_len: 0.894238
---
else
else
else
else
else
else
front: 0.955621, 2.09915, 2.5
side: 0, 0, 0
front only
front: 1.897, 1.5146, 2.5
side: 0, 0, 0
front only
else
front: 0.0972175, 0, 2.5
back: 0.291652, 0, 7.5
front back
photon_ene: 661.6 photon_theta: 3.00151 photon_phi: 1.85019
traject_len: 5.00378
pe_len: 27.9445 cs_len: 10.7618
---
front: 1.6267, 0, 2.5
side: 0, 0, 0
front only
else
else
else
else
else
front: 0, 0, 2.5
side: 0, 0, 0
front only
front: 0.309824, 0, 2.5
side: 0, 0, 0
front only
front: 0, 0, 2.5
side: 0, 0, 0
front only
else
else
else
front: 0.687186, 0.020389, 2.5
back: 2.06156, 0.0611669, 7.5
front back
photon_ene: 661.6 photon_theta: 2.87323 photon_phi: 3.17125
traject_len: 5.18561
pe_len: 7.7022 cs_len: 6.80522
---
else
front: 0, 0, 2.5
back: 0, 0, 7.5
front back
photon_ene: 661.6 photon_theta: 0.304893 photon_phi: 4.19884
traject_len: 5
pe_len: 29.7588 cs_len: 10.782
---
else
else
else
front: 0.938929, 0, 2.5
side: 0, 0, 0
front only
else
front: 0, 0, 2.5
side: 0, 0, 0
front only
else
else
front: 1.17087, 0.249709, 2.5
side: 0, 0, 0
front only
else
else
else
else
else
else
else
front: 0, 0.867939, 2.5
side: 0, 0, 0
front only
else
else
else
front: 1.14555, 1.4647, 2.5
side: 0, 0, 0
front only
front: 0, 0, 2.5
side: 0, 0, 0
front only
else
else
else
else
front: 1.42813, 0, 2.5
side: 0, 0, 0
front only
front: 0, 0.39292, 2.5
side: 0, 0, 0
front only
front: 0, 0, 2.5
side: 0, 0, 0
front only
front: 1.60884, 0.482855, 2.5
side: 0, 0, 0
front only
front: 0, 0, 2.5
side: 0, 0, 0
front only
else
front: 0, 0.399924, 2.5
side: 0, 0, 0
front only
front: 0, 1.76885, 2.5
side: 0, 0, 0
front only
else
else
else
else
else
else
else
else
else
else
else
front: 0, 0, 2.5
back: 0, 0, 7.5
front back
photon_ene: 661.6 photon_theta: 2.84685 photon_phi: 1.05639
traject_len: 5
pe_len: 23.5358 cs_len: 1.77699
---
else
else
front: 0, 1.47171, 2.5
side: 0, 0, 0
front only
else
front: 0, 1.96848, 2.5
side: 0, 0, 0
front only
front: 1.3433, 0.0501659, 2.5
side: 0, 0, 0
front only
else
front: 0, 0.286525, 2.5
back: 0, 0.859574, 7.5
front back
photon_ene: 661.6 photon_theta: 0.160601 photon_phi: 2.35566
traject_len: 5.03273
pe_len: 17.937 cs_len: 1.09849
---
front: 0.327723, 0, 2.5
back: 0.98317, 0, 7.5
front back
photon_ene: 661.6 photon_theta: 3.01124 photon_phi: 3.13468
traject_len: 5.04278
pe_len: 7.42689 cs_len: 3.10842
---
else
front: 0, 0, 2.5
side: 0, 0, 0
front only
front: 0.440807, 1.40141, 2.5
side: 0, 0, 0
front only
else
else
else
front: 0.34966, 0.914077, 2.5
side: 0, 0, 0
front only
else
else
else
front: 0, 0, 2.5
side: 0, 0, 0
front only
else
else
front: 0, 1.02091, 2.5
side: 0, 0, 0
front only
else
else
else
else
else
else
else
else
else
else
else
front: 1.8156, 1.47047, 2.5
side: 0, 0, 0
front only
else
front: 0.229817, 0.0962385, 2.5
back: 0.68945, 0.288716, 7.5
front back
photon_ene: 661.6 photon_theta: 0.0993334 photon_phi: 0.396576
traject_len: 5.02477
pe_len: 29.7459 cs_len: 7.62174
---
front: 0, 0, 2.5
side: 0, 0, 0
front only
front: 0.396199, 0, 2.5
back: 1.1886, 0, 7.5
front back
photon_ene: 661.6 photon_theta: 2.92379 photon_phi: 2.36897
traject_len: 5.0624
pe_len: 16.8137 cs_len: 0.0292811
---
else
else
else
else
else
else
else
else
else
front: 0, 0, 2.5
side: 0, 0, 0
front only
front: 0.0414864, 0, 2.5
side: 0, 0, 0
front only
else
else
else
front: 0, 0.549065, 2.5
back: 0, 1.64719, 7.5
front back
photon_ene: 661.6 photon_theta: 0.269941 photon_phi: 2.22465
traject_len: 5.11917
pe_len: 22.1064 cs_len: 5.14176
---
front: 0, 0, 2.5
back: 0, 0, 7.5
front back
photon_ene: 661.6 photon_theta: 2.8343 photon_phi: 0.917305
traject_len: 5
pe_len: 137.056 cs_len: 0.482818
---
front: 2.13933, 0, 2.5
side: 0, 0, 0
front only
else
else
else
else
front: 0, 0, 2.5
side: 0, 0, 0
front only
else
else
else
front: 0, 0, 2.5
side: 0, 0, 0
front only
front: 0.71072, 0, 2.5
side: 0, 0, 0
front only
else
else
else
else
else
else
else
else
else
else
else
else
front: 1.42669, 0.756401, 2.5
side: 0, 0, 0
front only
else
front: 0, 0, 2.5
side: 0, 0, 0
front only
else
else
front: 0, 0, 2.5
side: 0, 0, 0
front only
front: 0, 0.0303338, 2.5
side: 0, 0, 0
front only
else
else
else
else
front: 0, 0.673194, 2.5
side: 0, 0, 0
front only
else
front: 0, 0, 2.5
side: 0, 0, 0
front only
else
else
else
else
front: 0, 1.13074, 2.5
side: 0, 0, 0
front only
else
else
else
front: 1.02892, 0, 2.5
side: 0, 0, 0
front only
else
front: 1.59436, 0, 2.5
side: 0, 0, 0
front only
else
front: 0.884705, 0, 2.5
side: 0, 0, 0
front only
else
else
else
front: 0.846743, 0, 2.5
side: 0, 0, 0
front only
front: 0.0852396, 1.82944, 2.5
side: 0, 0, 0
front only
else
front: 1.06346, 1.20057, 2.5
side: 0, 0, 0
front only
else
front: 0.581474, 0, 2.5
side: 0, 0, 0
front only
front: 0, 0, 2.5
side: 0, 0, 0
front only
else
else
else
else
front: 1.79486, 0.565952, 2.5
side: 0, 0, 0
front only
else
else
else
else
else
else
front: 0, 0, 2.5
back: 0, 0, 7.5
front back
photon_ene: 661.6 photon_theta: 2.86299 photon_phi: 1.40726
traject_len: 5
pe_len: 3.6739 cs_len: 5.86763
---
else
else
else
front: 0, 0.759673, 2.5
back: 0, 2.27902, 7.5
front back
photon_ene: 661.6 photon_theta: 2.84297 photon_phi: 4.87303
traject_len: 5.22574
pe_len: 58.3901 cs_len: 14.1312
---
front: 0.1779, 0, 2.5
back: 0.533699, 0, 7.5
front back
photon_ene: 661.6 photon_theta: 2.88103 photon_phi: 1.84096
traject_len: 5.01264
pe_len: 24.0075 cs_len: 3.65552
---
else
front: 0.659382, 0, 2.5
side: 0, 0, 0
front only
else
else
else
else
else
else
else
else
else
else
else
else
else
front: 1.22286, 1.388, 2.5
side: 0, 0, 0
front only
else
else
else
else
front: 0.333596, 0, 2.5
back: 1.00079, 0, 7.5
front back
photon_ene: 661.6 photon_theta: 2.86084 photon_phi: 2.05187
traject_len: 5.04432
pe_len: 3.64614 cs_len: 0.445
---
else
else
else
else
else
else
front: 0, 0, 2.5
side: 0, 0, 0
front only
front: 0.174861, 0, 2.5
side: 0, 0, 0
front only
front: 0.85741, 0, 2.5
side: 0, 0, 0
front only
else
else
else
front: 0, 0.303517, 2.5
side: 0, 0, 0
front only
else
else
else
else
else
else
else
front: 1.09002, 0, 2.5
side: 0, 0, 0
front only
else
else
else
else
else
else
else
else
front: 1.22206, 0, 2.5
side: 0, 0, 0
front only
else
else
front: 0, 0.993435, 2.5
side: 0, 0, 0
front only
else
else
else
else
front: 0, 0, 2.5
back: 0, 0, 7.5
front back
photon_ene: 661.6 photon_theta: 0.149633 photon_phi: 3.27319
traject_len: 5
pe_len: 1.59407 cs_len: 2.47166
---
else
else
front: 1.13891, 1.40249, 2.5
side: 0, 0, 0
front only
else
else
else
else
else
else
else
else
else
else
else
else
else
else
else
else
else
else
else
else
else
else
front: 0.333772, 0, 2.5
back: 1.00132, 0, 7.5
front back
photon_ene: 661.6 photon_theta: 0.290969 photon_phi: 5.17448
traject_len: 5.04436
pe_len: 41.8426 cs_len: 2.65614
---
else
else
front: 0.638692, 0.468079, 2.5
back: 1.91608, 1.40424, 7.5
front back
photon_ene: 661.6 photon_theta: 2.83485 photon_phi: 3.77404
traject_len: 5.24482
pe_len: 19.0116 cs_len: 3.75875
---
front: 0.00446644, 0, 2.5
back: 0.0133993, 0, 7.5
front back
photon_ene: 661.6 photon_theta: 3.10833 photon_phi: 1.62451
traject_len: 5.00001
pe_len: 74.9954 cs_len: 6.38404
---
else
else
front: 1.62137, 0.959999, 2.5
side: 0, 0, 0
front only
else
front: 0.276807, 0, 2.5
side: 0, 0, 0
front only
else
else
else
front: 1.25106, 1.12238, 2.5
side: 0, 0, 0
front only
else
else
else
else
else
else
else
front: 0, 1.23998, 2.5
side: 0, 0, 0
front only
else
else
else
front: 1.66723, 0, 2.5
side: 0, 0, 0
front only
else
front: 0, 0, 2.5
side: 0, 0, 0
front only
else
else
else
else
front: 0.182497, 0.767564, 2.5
back: 0.54749, 2.30269, 7.5
front back
photon_ene: 661.6 photon_theta: 2.8359 photon_phi: 4.47896
traject_len: 5.24308
pe_len: 2.54802 cs_len: 7.30811
---
front: 0, 1.90983, 2.5
side: 0, 0, 0
front only
else
front: 0.241795, 0, 2.5
back: 0.725384, 0, 7.5
front back
photon_ene: 661.6 photon_theta: 0.136733 photon_phi: 5.4919
traject_len: 5.02333
pe_len: 28.2804 cs_len: 0.762529
---
else
else
else
front: 0, 0, 2.5
side: 0, 0, 0
front only
else
front: 1.59492, 0, 2.5
side: 0, 0, 0
front only
else
else
else
else
else
else
front: 0, 1.45209, 2.5
side: 0, 0, 0
front only
else
else
front: 0, 0, 2.5
side: 0, 0, 0
front only
else
else
front: 0, 0, 2.5
side: 0, 0, 0
front only
else
else
front: 0, 0, 2.5
side: 0, 0, 0
front only
else
else
else
front: 0, 0, 2.5
side: 0, 0, 0
front only
else
else
front: 0.971831, 1.46367, 2.5
side: 0, 0, 0
front only
else
else
else
else
front: 0, 0, 2.5
side: 0, 0, 0
front only
else
front: 0, 1.83825, 2.5
side: 0, 0, 0
front only
else
else
else
else
else
front: 0.497999, 1.98974, 2.5
side: 0, 0, 0
front only
else
front: 0, 0, 2.5
back: 0, 0, 7.5
front back
photon_ene: 661.6 photon_theta: 0.146084 photon_phi: 4.30199
traject_len: 5
pe_len: 10.8951 cs_len: 0.027756
---
else
front: 0.501397, 0, 2.5
side: 0, 0, 0
front only
else
else
else
else
else
else
front: 0, 0, 2.5
side: 0, 0, 0
front only
else
else
else
else
else
front: 0.0678816, 1.04112, 2.5
side: 0, 0, 0
front only
else
else
else
else
front: 0, 2.40496, 2.5
side: 0, 0, 0
front only
else
else
else
front: 0.0591454, 0, 2.5
side: 0, 0, 0
front only
else
front: 0.671618, 0, 2.5
side: 0, 0, 0
front only
front: 0, 0, 2.5
back: 0, 0, 7.5
front back
photon_ene: 661.6 photon_theta: 2.89271 photon_phi: 1.24223
traject_len: 5
pe_len: 132.866 cs_len: 3.64875
---
else
else
front: 0, 0.744572, 2.5
side: 0, 0, 0
front only
else
else
else
front: 0, 0, 2.5
side: 0, 0, 0
front only
else
else
else
front: 1.27706, 0, 2.5
side: 0, 0, 0
front only
front: 1.01239, 0, 2.5
side: 0, 0, 0
front only
else
else
else
else
else
else
front: 0, 0, 2.5
back: 0, 0, 7.5
front back
photon_ene: 661.6 photon_theta: 2.93025 photon_phi: 0.166223
traject_len: 5
pe_len: 64.2394 cs_len: 7.79119
---
front: 0.096471, 2.38533, 2.5
side: 0, 0, 0
front only
else
else
else
else
else
else
else
front: 1.05694, 0.406805, 2.5
side: 0, 0, 0
front only
else
else
front: 2.16125, 0.00395355, 2.5
side: 0, 0, 0
front only
else
front: 0, 1.17693, 2.5
side: 0, 0, 0
front only
else
else
else
else
else
else
else
else
else
else
else
front: 0, 0, 2.5
side: 0, 0, 0
front only
else
front: 1.65921, 0, 2.5
side: 0, 0, 0
front only
front: 1.60975, 1.09623, 2.5
side: 0, 0, 0
front only
else
else
else
front: 0, 0, 2.5
side: 0, 0, 0
front only
else
else
front: 0, 0, 2.5
side: 0, 0, 0
front only
front: 0, 0.412488, 2.5
back: 0, 1.23746, 7.5
front back
photon_ene: 661.6 photon_theta: 2.85241 photon_phi: 5.69535
traject_len: 5.0676
pe_len: 50.9513 cs_len: 2.06668
---
else
else
front: 1.37369, 0, 2.5
side: 0, 0, 0
front only
front: 0, 0.641641, 2.5
back: 0, 1.92492, 7.5
front back
photon_ene: 661.6 photon_theta: 0.266727 photon_phi: 1.92096
traject_len: 5.16206
pe_len: 8.07079 cs_len: 5.05294
---
else
else
front: 0.420361, 0, 2.5
side: 0, 0, 0
front only
else
else
else
else
front: 0, 0, 2.5
side: 0, 0, 0
front only
front: 0, 0.28596, 2.5
side: 0, 0, 0
front only
else
else
else
else
else
front: 0.561782, 0, 2.5
back: 1.68535, 0, 7.5
front back
photon_ene: 661.6 photon_theta: 0.306529 photon_phi: 5.50186
traject_len: 5.12469
pe_len: 14.2521 cs_len: 10.0721
---
else
else
else
else
front: 0.102592, 0, 2.5
side: 0, 0, 0
front only
else
else
front: 1.49702, 0, 2.5
side: 0, 0, 0
front only
else
front: 1.30251, 0, 2.5
side: 0, 0, 0
front only
else
else
front: 0, 0.760972, 2.5
side: 0, 0, 0
front only
else
else
else
front: 2.27258, 0, 2.5
side: 0, 0, 0
front only
else
else
front: 0, 0, 2.5
side: 0, 0, 0
front only
else
front: 0, 0, 2.5
back: 0, 0, 7.5
front back
photon_ene: 661.6 photon_theta: 2.83936 photon_phi: 0.418011
traject_len: 5
pe_len: 34.1206 cs_len: 0.906639
---
front: 0.229239, 0, 2.5
side: 0, 0, 0
front only
else
else
else
else
else
else
else
else
front: 0, 0, 2.5
side: 0, 0, 0
front only
front: 0, 0, 2.5
side: 0, 0, 0
front only
else
else
else
else
else
front: 0.280363, 2.05488, 2.5
side: 0, 0, 0
front only
else
else
else
else
else
front: 0, 0, 2.5
back: 0, 0, 7.5
front back
photon_ene: 661.6 photon_theta: 2.94746 photon_phi: 0.000223404
traject_len: 5
pe_len: 33.2156 cs_len: 1.02914
---
else
front: 1.9803, 0, 2.5
side: 0, 0, 0
front only
else
else
else
else
else
else
else
front: 0.724939, 0.228229, 2.5
back: 2.17482, 0.684687, 7.5
front back
photon_ene: 661.6 photon_theta: 0.295129 photon_phi: 0.305002
traject_len: 5.22595
pe_len: 41.3633 cs_len: 6.07204
---
else
front: 0, 1.94059, 2.5
side: 0, 0, 0
front only
else
front: 0, 0, 2.5
side: 0, 0, 0
front only
else
else
else
else
else
else
front: 0, 0.105853, 2.5
back: 0, 0.317558, 7.5
front back
photon_ene: 661.6 photon_theta: 2.88567 photon_phi: 6.12065
traject_len: 5.00448
pe_len: 47.1455 cs_len: 2.69058
---
front: 0, 0, 2.5
back: 0, 0, 7.5
front back
photon_ene: 661.6 photon_theta: 2.93582 photon_phi: 1.43723
traject_len: 5
pe_len: 3.12257 cs_len: 13.1909
---
else
front: 0, 0.859396, 2.5
side: 0, 0, 0
front only
else
else
else
front: 0, 0.555694, 2.5
side: 0, 0, 0
front only
else
front: 0.000208492, 0, 2.5
side: 0, 0, 0
front only
front: 0, 0.346981, 2.5
back: 0, 1.04094, 7.5
front back
photon_ene: 661.6 photon_theta: 2.94977 photon_phi: 5.48707
traject_len: 5.04793
pe_len: 69.6706 cs_len: 0.213384
---
else
else
else
else
else
else
else
else
else
else
else
front: 0.125348, 0, 2.5
side: 0, 0, 0
front only
else
else
front: 0, 0.355424, 2.5
side: 0, 0, 0
front only
else
front: 0, 0, 2.5
side: 0, 0, 0
front only
front: 0.181059, 0.351995, 2.5
back: 0.543176, 1.05599, 7.5
front back
photon_ene: 661.6 photon_theta: 0.157029 photon_phi: 1.09571
traject_len: 5.06229
pe_len: 24.7777 cs_len: 0.194651
---
else
else
else
else
front: 0, 1.22285, 2.5
side: 0, 0, 0
front only
else
front: 0.142031, 1.80032, 2.5
side: 0, 0, 0
front only
else
else
front: 0, 0, 2.5
side: 0, 0, 0
front only
else
else
front: 0, 1.29758, 2.5
side: 0, 0, 0
front only
else
else
front: 1.02006, 0, 2.5
side: 0, 0, 0
front only
front: 0, 1.43479, 2.5
side: 0, 0, 0
front only
else
else
else
front: 0, 0, 2.5
side: 0, 0, 0
front only
front: 1.28423, 0, 2.5
side: 0, 0, 0
front only
else
else
front: 1.23459, 0, 2.5
side: 0, 0, 0
front only
else
front: 0, 0, 2.5
back: 0, 0, 7.5
front back
photon_ene: 661.6 photon_theta: 2.94099 photon_phi: 0.760309
traject_len: 5
pe_len: 22.2363 cs_len: 0.798864
---
front: 0, 0.66172, 2.5
side: 0, 0, 0
front only
front: 0.210228, 0.00550583, 2.5
back: 0.630683, 0.0165175, 7.5
front back
photon_ene: 661.6 photon_theta: 3.05767 photon_phi: 3.16778
traject_len: 5.01766
pe_len: 39.6399 cs_len: 5.30398
---
front: 0, 0, 2.5
side: 0, 0, 0
front only
else
else
else
front: 0.574261, 0.925277, 2.5
side: 0, 0, 0
front only
else
front: 0.266747, 0.906246, 2.5
side: 0, 0, 0
front only
else
front: 0, 1.52926, 2.5
side: 0, 0, 0
front only
else
front: 0, 0, 2.5
back: 0, 0, 7.5
front back
photon_ene: 661.6 photon_theta: 0.211413 photon_phi: 4.5045
traject_len: 5
pe_len: 5.05784 cs_len: 5.87134
---
else
front: 0, 0, 2.5
side: 0, 0, 0
front only
else
else
else
else
else
front: 0, 0, 2.5
side: 0, 0, 0
front only
front: 0, 1.60214, 2.5
side: 0, 0, 0
front only
else
else
else
else
else
front: 0.18791, 0, 2.5
back: 0.563731, 0, 7.5
front back
photon_ene: 661.6 photon_theta: 2.95392 photon_phi: 1.97772
traject_len: 5.0141
pe_len: 48.0472 cs_len: 10.7182
---
front: 0, 0.181989, 2.5
side: 0, 0, 0
front only
else
front: 0.552221, 0, 2.5
side: 0, 0, 0
front only
front: 0, 1.54289, 2.5
side: 0, 0, 0
front only
else
else
else
front: 0, 0.772216, 2.5
back: 0, 2.31665, 7.5
front back
photon_ene: 661.6 photon_theta: 0.303514 photon_phi: 1.73677
traject_len: 5.23309
pe_len: 13.7288 cs_len: 6.92491
---
front: 2.14639, 0, 2.5
side: 0, 0, 0
front only
else
else
else
else
else
else
else
front: 1.90317, 0.259193, 2.5
side: 0, 0, 0
front only
else
else
front: 0.379997, 1.29503, 2.5
side: 0, 0, 0
front only
else
else
else
else
else
front: 1.42396, 0, 2.5
side: 0, 0, 0
front only
else
front: 0, 0, 2.5
side: 0, 0, 0
front only
else
else
else
else
else
else
else
front: 0, 0.30856, 2.5
side: 0, 0, 0
front only
else
else
front: 1.9287, 0, 2.5
side: 0, 0, 0
front only
else
else
else
else
front: 0, 1.75471, 2.5
side: 0, 0, 0
front only
front: 0.344782, 1.51069, 2.5
side: 0, 0, 0
front only
front: 0.859849, 2.10106, 2.5
side: 0, 0, 0
front only
else
else
else
else
else
front: 1.41621, 0, 2.5
side: 0, 0, 0
front only
front: 0, 0, 2.5
side: 0, 0, 0
front only
else
else
front: 0, 0, 2.5
side: 0, 0, 0
front only
else
else
else
else
else
front: 0, 0, 2.5
side: 0, 0, 0
front only
front: 1.44431, 0, 2.5
side: 0, 0, 0
front only
else
front: 0, 0, 2.5
side: 0, 0, 0
front only
else
else
else
front: 0, 0.545459, 2.5
side: 0, 0, 0
front only
else
else
front: 0, 0, 2.5
side: 0, 0, 0
front only
else
else
front: 0, 0, 2.5
side: 0, 0, 0
front only
else
front: 0.184476, 0, 2.5
side: 0, 0, 0
front only
front: 0, 0.108483, 2.5
back: 0, 0.325449, 7.5
front back
photon_ene: 661.6 photon_theta: 0.11651 photon_phi: 2.76177
traject_len: 5.00471
pe_len: 34.5467 cs_len: 0.39105
---
else
front: 0, 0, 2.5
side: 0, 0, 0
front only
else
else
front: 1.30472, 1.3966, 2.5
side: 0, 0, 0
front only
else
else
else
else
else
front: 0, 0.892273, 2.5
side: 0, 0, 0
front only
else
else
else
else
front: 0, 0, 2.5
back: 0, 0, 7.5
front back
photon_ene: 661.6 photon_theta: 2.87014 photon_phi: 0.553687
traject_len: 5
pe_len: 5.57631 cs_len: 3.91593
---
else
else
else
front: 1.45981, 1.46424, 2.5
side: 0, 0, 0
front only
else
else
else
else
else
front: 2.12188, 0.21587, 2.5
side: 0, 0, 0
front only
else
front: 0.0663796, 0.890851, 2.5
side: 0, 0, 0
front only
front: 0, 1.11224, 2.5
side: 0, 0, 0
front only
else
else
front: 0, 1.32678, 2.5
side: 0, 0, 0
front only
else
else
else
front: 0, 0, 2.5
back: 0, 0, 7.5
front back
photon_ene: 661.6 photon_theta: 3.04087 photon_phi: 1.18539
traject_len: 5
pe_len: 122.441 cs_len: 4.35117
---
else
front: 0, 0.0566031, 2.5
back: 0, 0.169809, 7.5
front back
photon_ene: 661.6 photon_theta: 0.047951 photon_phi: 2.65025
traject_len: 5.00128
pe_len: 34.0271 cs_len: 0.4851
---
front: 0, 0.243062, 2.5
back: 0, 0.729187, 7.5
front back
photon_ene: 661.6 photon_theta: 2.84815 photon_phi: 5.95559
traject_len: 5.02358
pe_len: 8.86549 cs_len: 2.69527
---
else
else
else
front: 0, 1.93144, 2.5
side: 0, 0, 0
front only
else
front: 0, 0, 2.5
side: 0, 0, 0
front only
else
else
else
front: 0, 0, 2.5
side: 0, 0, 0
front only
else
front: 0, 1.35116, 2.5
side: 0, 0, 0
front only
front: 0, 0, 2.5
side: 0, 0, 0
front only
else
else
else
else
front: 0, 0.646527, 2.5
back: 0, 1.93958, 7.5
front back
photon_ene: 661.6 photon_theta: 0.256748 photon_phi: 1.74408
traject_len: 5.16449
pe_len: 18.5549 cs_len: 0.77288
---
else
front: 0.579886, 0, 2.5
side: 0, 0, 0
front only
else
else
else
else
else
front: 0, 1.18985, 2.5
side: 0, 0, 0
front only
front: 0.904746, 0.0291364, 2.5
side: 0, 0, 0
front only
else
else
else
else
else
else
front: 0, 0, 2.5
side: 0, 0, 0
front only
else
else
else
front: 0, 0.287607, 2.5
side: 0, 0, 0
front only
front: 0, 0, 2.5
side: 0, 0, 0
front only
else
else
front: 0.0662873, 1.2491, 2.5
side: 0, 0, 0
front only
else
else
else
else
front: 0, 0, 2.5
side: 0, 0, 0
front only
else
else
else
else
else
front: 1.50141, 0, 2.5
side: 0, 0, 0
front only
else
else
front: 1.1119, 0, 2.5
side: 0, 0, 0
front only
front: 0, 0.0524156, 2.5
back: 0, 0.157247, 7.5
front back
photon_ene: 661.6 photon_theta: 0.0305334 photon_phi: 2.38499
traject_len: 5.0011
pe_len: 47.3699 cs_len: 1.20516
---
else
else
else
else
front: 0, 1.28826, 2.5
side: 0, 0, 0
front only
else
else
else
else
else
else
else
else
front: 1.63407, 0.748175, 2.5
side: 0, 0, 0
front only
front: 0, 0, 2.5
back: 0, 0, 7.5
front back
photon_ene: 661.6 photon_theta: 0.0784735 photon_phi: 3.75421
traject_len: 5
pe_len: 38.5662 cs_len: 6.38275
---
else
front: 0, 0, 2.5
side: 0, 0, 0
front only
else
else
else
else
front: 0, 0.26184, 2.5
back: 0, 0.785519, 7.5
front back
photon_ene: 661.6 photon_theta: 2.92655 photon_phi: 5.78308
traject_len: 5.02735
pe_len: 47.5262 cs_len: 0.946281
---
else
else
else
front: 0.682724, 1.36693, 2.5
side: 0, 0, 0
front only
else
else
else
else
else
else
else
front: 0, 0.491652, 2.5
back: 0, 1.47496, 7.5
front back
photon_ene: 661.6 photon_theta: 2.83568 photon_phi: 5.61102
traject_len: 5.09577
pe_len: 36.2186 cs_len: 0.174935
---
front: 1.20478, 0, 2.5
side: 0, 0, 0
front only
else
else
else
front: 0.360524, 0, 2.5
back: 1.08157, 0, 7.5
front back
photon_ene: 661.6 photon_theta: 2.92497 photon_phi: 2.28535
traject_len: 5.05172
pe_len: 69.5168 cs_len: 4.13627
---
else
else
front: 0, 1.02294, 2.5
side: 0, 0, 0
front only
front: 1.50476, 0.983798, 2.5
side: 0, 0, 0
front only
else
else
else
else
else
else
else
else
else
front: 0, 0, 2.5
side: 0, 0, 0
front only
else
front: 1.95355, 1.11454, 2.5
side: 0, 0, 0
front only
else
else
else
else
else
else
front: 0.291149, 0, 2.5
back: 0.873446, 0, 7.5
front back
photon_ene: 661.6 photon_theta: 0.193371 photon_phi: 5.34932
traject_len: 5.03379
pe_len: 15.2181 cs_len: 3.769
---
front: 1.15864, 0, 2.5
side: 0, 0, 0
front only
front: 1.6244, 0, 2.5
side: 0, 0, 0
front only
front: 0, 0.291611, 2.5
back: 0, 0.874832, 7.5
front back
photon_ene: 661.6 photon_theta: 2.97105 photon_phi: 5.53907
traject_len: 5.0339
pe_len: 5.40521 cs_len: 0.932659
---
else
else
front: 0, 0, 2.5
side: 0, 0, 0
front only
else
front: 1.31018, 0, 2.5
side: 0, 0, 0
front only
front: 0.877165, 1.55345, 2.5
side: 0, 0, 0
front only
else
else
front: 0, 0.416052, 2.5
side: 0, 0, 0
front only
else
front: 0.34884, 1.90638, 2.5
side: 0, 0, 0
front only
else
else
front: 0.301841, 0, 2.5
back: 0.905523, 0, 7.5
front back
photon_ene: 661.6 photon_theta: 0.151101 photon_phi: 5.62803
traject_len: 5.03631
pe_len: 60.478 cs_len: 2.26201
---
else
front: 0, 0.0468493, 2.5
side: 0, 0, 0
front only
front: 0.621139, 0, 2.5
side: 0, 0, 0
front only
else
else
front: 2.28563, 0, 2.5
side: 0, 0, 0
front only
else
else
else
else
else
else
front: 0.823656, 0, 2.5
side: 0, 0, 0
front only
else
else
front: 0.0540086, 0, 2.5
side: 0, 0, 0
front only
else
else
else
else
else
else
front: 0, 0.747831, 2.5
back: 0, 2.24349, 7.5
front back
photon_ene: 661.6 photon_theta: 2.82408 photon_phi: 5.13934
traject_len: 5.21891
pe_len: 52.8755 cs_len: 1.17628
---
front: 1.55223, 0.493573, 2.5
side: 0, 0, 0
front only
front: 0, 0, 2.5
side: 0, 0, 0
front only
else
else
else
front: 0.367895, 1.70881, 2.5
side: 0, 0, 0
front only
else
else
front: 0, 2.46735, 2.5
side: 0, 0, 0
front only
front: 0, 1.09391, 2.5
side: 0, 0, 0
front only
else
front: 0.129605, 0.740026, 2.5
back: 0.388814, 2.22008, 7.5
front back
photon_ene: 661.6 photon_theta: 2.84966 photon_phi: 4.53901
traject_len: 5.22089
pe_len: 3.57045 cs_len: 13.3445
---
else
else
front: 0.757151, 2.2152, 2.5
side: 0, 0, 0
front only
else
else
else
front: 1.09487, 0.772198, 2.5
side: 0, 0, 0
front only
else
front: 0, 0, 2.5
side: 0, 0, 0
front only
else
else
else
else
else
else
else
else
else
else
else
front: 0, 0, 2.5
side: 0, 0, 0
front only
front: 0, 2.27243, 2.5
side: 0, 0, 0
front only
front: 0, 1.3383, 2.5
side: 0, 0, 0
front only
else
else
front: 0.915593, 1.8171, 2.5
side: 0, 0, 0
front only
else
else
else
else
else
else
else
front: 0.58921, 0, 2.5
back: 1.76763, 0, 7.5
front back
photon_ene: 661.6 photon_theta: 2.8817 photon_phi: 2.66018
traject_len: 5.13699
pe_len: 26.5229 cs_len: 4.3702
---
else
else
else
else
else
front: 0.775385, 0.726871, 2.5
side: 0, 0, 0
front only
else
front: 0, 0, 2.5
back: 0, 0, 7.5
front back
photon_ene: 661.6 photon_theta: 0.221689 photon_phi: 3.64558
traject_len: 5
pe_len: 3.42682 cs_len: 12.9715
---
else
else
else
else
else
else
else
front: 0.860593, 1.44796, 2.5
side: 0, 0, 0
front only
else
else
else
else
else
else
front: 0, 0.063456, 2.5
back: 0, 0.190368, 7.5
front back
photon_ene: 661.6 photon_theta: 2.841 photon_phi: 6.20121
traject_len: 5.00161
pe_len: 25.4891 cs_len: 12.0913
---
else
else
front: 0, 0, 2.5
side: 0, 0, 0
front only
front: 0.703746, 0.513673, 2.5
side: 0, 0, 0
front only
else
else
else
else
else
else
else
front: 0, 0, 2.5
side: 0, 0, 0
front only
front: 0.312159, 0, 2.5
side: 0, 0, 0
front only
else
else
else
else
else
front: 0, 1.60929, 2.5
side: 0, 0, 0
front only
else
else
else
else
front: 0, 0.78359, 2.5
back: 0, 2.35077, 7.5
front back
photon_ene: 661.6 photon_theta: 0.317728 photon_phi: 1.87837
traject_len: 5.23985
pe_len: 64.3582 cs_len: 0.801881
---
front: 0, 0, 2.5
side: 0, 0, 0
front only
else
else
front: 0, 1.07144, 2.5
side: 0, 0, 0
front only
front: 0, 0.694249, 2.5
side: 0, 0, 0
front only
else
else
else
else
else
front: 0.233559, 0, 2.5
back: 0.700678, 0, 7.5
front back
photon_ene: 661.6 photon_theta: 0.0971045 photon_phi: 5.99608
traject_len: 5.02177
pe_len: 25.006 cs_len: 3.14647
---
front: 0.927231, 0, 2.5
side: 0, 0, 0
front only
front: 0, 1.97152, 2.5
side: 0, 0, 0
front only
else
else
else
else
else
else
else
front: 1.60167, 0, 2.5
side: 0, 0, 0
front only
else
else
else
else
else
front: 1.7487, 0.00878224, 2.5
side: 0, 0, 0
front only
else
else
else
else
else
else
else
else
front: 0.196248, 0, 2.5
side: 0, 0, 0
front only
else
front: 1.79386, 0, 2.5
side: 0, 0, 0
front only
else
front: 1.44197, 0, 2.5
side: 0, 0, 0
front only
front: 0.261276, 1.00912, 2.5
side: 0, 0, 0
front only
else
front: 1.35211, 0, 2.5
side: 0, 0, 0
front only
else
front: 0, 0, 2.5
side: 0, 0, 0
front only
front: 0.0210395, 0, 2.5
side: 0, 0, 0
front only
else
front: 0.688794, 0.751773, 2.5
side: 0, 0, 0
front only
else
front: 0, 0, 2.5
side: 0, 0, 0
front only
front: 0.727627, 1.84872, 2.5
side: 0, 0, 0
front only
else
else
front: 1.42532, 0, 2.5
side: 0, 0, 0
front only
front: 2.39769, 0.50585, 2.5
side: 0, 0, 0
front only
else
else
else
else
else
front: 0, 0, 2.5
side: 0, 0, 0
front only
else
front: 0, 0, 2.5
side: 0, 0, 0
front only
front: 1.92608, 0, 2.5
side: 0, 0, 0
front only
else
else
else
else
else
else
front: 0, 0, 2.5
side: 0, 0, 0
front only
front: 0.102008, 0, 2.5
back: 0.306023, 0, 7.5
front back
photon_ene: 661.6 photon_theta: 0.294839 photon_phi: 4.84715
traject_len: 5.00416
pe_len: 2.38797 cs_len: 1.09708
---
else
else
front: 1.42785, 1.03641, 2.5
side: 0, 0, 0
front only
else
else
else
else
front: 0, 1.54272, 2.5
side: 0, 0, 0
front only
else
else
else
else
else
else
front: 2.00271, 0, 2.5
side: 0, 0, 0
front only
front: 0, 0.856815, 2.5
side: 0, 0, 0
front only
else
else
else
else
else
front: 0, 0, 2.5
side: 0, 0, 0
front only
else
front: 0, 0, 2.5
side: 0, 0, 0
front only
else
front: 1.13475, 0.624975, 2.5
side: 0, 0, 0
front only
front: 1.91875, 0, 2.5
side: 0, 0, 0
front only
else
front: 0, 0, 2.5
side: 0, 0, 0
front only
front: 0, 1.84245, 2.5
side: 0, 0, 0
front only
else
else
else
else
else
else
else
else
front: 1.1648, 0, 2.5
side: 0, 0, 0
front only
else
front: 0.63633, 0.883591, 2.5
side: 0, 0, 0
front only
front: 0, 0.120134, 2.5
side: 0, 0, 0
front only
else
else
else
else
else
else
front: 0, 0, 2.5
side: 0, 0, 0
front only
else
else
else
front: 0, 0.520957, 2.5
back: 0, 1.56287, 7.5
front back
photon_ene: 661.6 photon_theta: 0.252451 photon_phi: 2.20114
traject_len: 5.1074
pe_len: 12.1681 cs_len: 7.00719
---
front: 2.315, 0.644721, 2.5
side: 0, 0, 0
front only
else
front: 0, 0, 2.5
side: 0, 0, 0
front only
else
else
front: 0, 0.224753, 2.5
side: 0, 0, 0
front only
else
front: 1.59209, 1.8795, 2.5
side: 0, 0, 0
front only
else
front: 0, 0.754955, 2.5
side: 0, 0, 0
front only
else
else
else
front: 1.10037, 0, 2.5
side: 0, 0, 0
front only
else
else
else
else
front: 0, 0, 2.5
side: 0, 0, 0
front only
else
front: 0, 0, 2.5
side: 0, 0, 0
front only
front: 0, 0.413879, 2.5
side: 0, 0, 0
front only
else
front: 0.520205, 0, 2.5
back: 1.56062, 0, 7.5
front back
photon_ene: 661.6 photon_theta: 0.250965 photon_phi: 5.65936
traject_len: 5.1071
pe_len: 32.4511 cs_len: 0.31652
---
else
else
front: 1.77879, 0, 2.5
side: 0, 0, 0
front only
else
else
else
else
else
else
else
else
else
else
else
else
else
else
else
front: 1.39253, 0, 2.5
side: 0, 0, 0
front only
else
else
else
front: 0, 0.463239, 2.5
side: 0, 0, 0
front only
else
else
else
front: 0.0269992, 0, 2.5
side: 0, 0, 0
front only
else
else
else
else
front: 0, 0, 2.5
side: 0, 0, 0
front only
else
else
else
front: 1.3638, 1.7543, 2.5
side: 0, 0, 0
front only
else
else
front: 0, 0, 2.5
side: 0, 0, 0
front only
else
else
else
else
else
else
else
else
else
else
else
front: 0, 0, 2.5
back: 0, 0, 7.5
front back
photon_ene: 661.6 photon_theta: 2.86981 photon_phi: 0.597108
traject_len: 5
pe_len: 24.2461 cs_len: 0.243225
---
else
else
else
else
else
else
front: 1.64314, 0.242293, 2.5
side: 0, 0, 0
front only
front: 0, 0, 2.5
side: 0, 0, 0
front only
else
else
front: 0.265569, 1.97925, 2.5
side: 0, 0, 0
front only
else
else
else
else
front: 0, 0, 2.5
back: 0, 0, 7.5
front back
photon_ene: 661.6 photon_theta: 2.9136 photon_phi: 1.54029
traject_len: 5
pe_len: 21.1276 cs_len: 13.5274
---
else
else
else
front: 0, 0.0944406, 2.5
back: 0, 0.283322, 7.5
front back
photon_ene: 661.6 photon_theta: 2.86311 photon_phi: 6.15067
traject_len: 5.00357
pe_len: 13.2041 cs_len: 1.14919
---
else
else
front: 0.495282, 0.948694, 2.5
side: 0, 0, 0
front only
else
else
else
else
else
front: 0, 0, 2.5
side: 0, 0, 0
front only
else
front: 0, 0, 2.5
side: 0, 0, 0
front only
else
front: 0, 0.69052, 2.5
side: 0, 0, 0
front only
else
else
front: 0, 0, 2.5
side: 0, 0, 0
front only
else
front: 0.83121, 0.922287, 2.5
side: 0, 0, 0
front only
else
else
else
front: 0, 0, 2.5
back: 0, 0, 7.5
front back
photon_ene: 661.6 photon_theta: 0.224496 photon_phi: 3.78311
traject_len: 5
pe_len: 35.8953 cs_len: 3.37828
---
else
front: 0, 1.75345, 2.5
side: 0, 0, 0
front only
else
else
else
front: 0, 0, 2.5
side: 0, 0, 0
front only
else
else
else
else
front: 0, 0, 2.5
back: 0, 0, 7.5
front back
photon_ene: 661.6 photon_theta: 0.316652 photon_phi: 3.68171
traject_len: 5
pe_len: 77.7983 cs_len: 0.141904
---
else
front: 0, 0, 2.5
side: 0, 0, 0
front only
else
else
else
else
else
front: 0, 0.442684, 2.5
side: 0, 0, 0
front only
else
else
else
front: 0.941462, 1.40725, 2.5
side: 0, 0, 0
front only
else
front: 0.332244, 0, 2.5
back: 0.996732, 0, 7.5
front back
photon_ene: 661.6 photon_theta: 2.8703 photon_phi: 2.06894
traject_len: 5.04396
pe_len: 4.96852 cs_len: 2.89465
---
else
front: 0, 0, 2.5
side: 0, 0, 0
front only
else
front: 0, 0, 2.5
side: 0, 0, 0
front only
front: 0, 0, 2.5
back: 0, 0, 7.5
front back
photon_ene: 661.6 photon_theta: 2.8691 photon_phi: 1.10394
traject_len: 5
pe_len: 55.3016 cs_len: 0.315192
---
else
else
else
front: 1.64126, 1.31848, 2.5
side: 0, 0, 0
front only
else
else
else
else
front: 2.38514, 0.695842, 2.5
side: 0, 0, 0
front only
else
else
front: 0, 0, 2.5
side: 0, 0, 0
front only
else
else
else
front: 0.80908, 0, 2.5
side: 0, 0, 0
front only
else
front: 1.13144, 0, 2.5
side: 0, 0, 0
front only
else
else
else
else
else
front: 0, 0, 2.5
side: 0, 0, 0
front only
else
else
else
else
else
else
else
else
else
front: 0.12487, 0, 2.5
side: 0, 0, 0
front only
else
else
else
else
else
front: 0, 0, 2.5
side: 0, 0, 0
front only
else
front: 0, 1.49617, 2.5
side: 0, 0, 0
front only
else
front: 0.545587, 0, 2.5
side: 0, 0, 0
front only
else
front: 1.18894, 0, 2.5
side: 0, 0, 0
front only
else
else
else
front: 0, 0, 2.5
side: 0, 0, 0
front only
else
else
front: 0, 0, 2.5
side: 0, 0, 0
front only
front: 0, 1.10384, 2.5
side: 0, 0, 0
front only
else
front: 0, 0, 2.5
back: 0, 0, 7.5
front back
photon_ene: 661.6 photon_theta: 0.152106 photon_phi: 4.1166
traject_len: 5
pe_len: 22.5315 cs_len: 0.321197
---
front: 0, 0, 2.5
side: 0, 0, 0
front only
else
else
front: 0, 0.518471, 2.5
side: 0, 0, 0
front only
else
else
front: 0.747957, 1.91033, 2.5
side: 0, 0, 0
front only
front: 0, 0, 2.5
back: 0, 0, 7.5
front back
photon_ene: 661.6 photon_theta: 0.314325 photon_phi: 3.90732
traject_len: 5
pe_len: 5.11771 cs_len: 2.77548
---
else
else
else
else
else
else
else
else
else
else
else
else
else
else
else
else
else
else
else
else
front: 0, 0, 2.5
back: 0, 0, 7.5
front back
photon_ene: 661.6 photon_theta: 3.09084 photon_phi: 0.713249
traject_len: 5
pe_len: 7.42261 cs_len: 9.52048
---
front: 1.97037, 0, 2.5
side: 0, 0, 0
front only
else
front: 0, 0.0765528, 2.5
side: 0, 0, 0
front only
else
else
else
else
front: 0, 1.2932, 2.5
side: 0, 0, 0
front only
else
else
front: 0, 0, 2.5
side: 0, 0, 0
front only
front: 0.0383564, 0.654112, 2.5
back: 0.115069, 1.96233, 7.5
front back
photon_ene: 661.6 photon_theta: 2.88526 photon_phi: 4.65382
traject_len: 5.16888
pe_len: 47.6326 cs_len: 3.66353
---
front: 1.84486, 0, 2.5
side: 0, 0, 0
front only
else
else
else
else
else
else
front: 0.391924, 0, 2.5
side: 0, 0, 0
front only
front: 0.132786, 1.53743, 2.5
side: 0, 0, 0
front only
else
front: 0, 0, 2.5
side: 0, 0, 0
front only
front: 2.3004, 0.120027, 2.5
side: 0, 0, 0
front only
front: 1.03553, 0, 2.5
side: 0, 0, 0
front only
else
else
front: 0, 1.60124, 2.5
side: 0, 0, 0
front only
front: 1.57376, 0, 2.5
side: 0, 0, 0
front only
else
else
else
else
else
else
else
else
else
front: 1.17961, 0, 2.5
side: 0, 0, 0
front only
front: 0, 0.630742, 2.5
back: 0, 1.89223, 7.5
front back
photon_ene: 661.6 photon_theta: 0.257526 photon_phi: 1.86186
traject_len: 5.15668
pe_len: 13.223 cs_len: 2.8422
---
else
else
else
else
else
else
front: 0, 0, 2.5
side: 0, 0, 0
front only
front: 0, 1.04222, 2.5
side: 0, 0, 0
front only
else
front: 1.28671, 0, 2.5
side: 0, 0, 0
front only
front: 1.02792, 1.76828, 2.5
side: 0, 0, 0
front only
else
else
else
front: 0, 0, 2.5
side: 0, 0, 0
front only
front: 0, 0, 2.5
side: 0, 0, 0
front only
else
front: 0.554243, 0.412654, 2.5
back: 1.66273, 1.23796, 7.5
front back
photon_ene: 661.6 photon_theta: 0.269664 photon_phi: 0.639995
traject_len: 5.18747
pe_len: 8.70761 cs_len: 1.33207
---
else
front: 1.81658, 0.94405, 2.5
side: 0, 0, 0
front only
else
else
else
else
front: 1.32781, 1.15038, 2.5
side: 0, 0, 0
front only
else
else
else
else
else
else
front: 0.125126, 0, 2.5
side: 0, 0, 0
front only
else
else
else
else
front: 0, 1.50318, 2.5
side: 0, 0, 0
front only
front: 1.0258, 0.705666, 2.5
side: 0, 0, 0
front only
else
else
else
front: 1.01546, 0.995708, 2.5
side: 0, 0, 0
front only
front: 0, 1.02476, 2.5
side: 0, 0, 0
front only
front: 1.18915, 0, 2.5
side: 0, 0, 0
front only
front: 0.745162, 0, 2.5
side: 0, 0, 0
front only
else
front: 0, 0.605165, 2.5
back: 0, 1.8155, 7.5
front back
photon_ene: 661.6 photon_theta: 2.87756 photon_phi: 5.17384
traject_len: 5.1444
pe_len: 156.262 cs_len: 0.00189932
---
front: 1.50643, 0.705217, 2.5
side: 0, 0, 0
front only
else
else
front: 0.0703646, 0.33762, 2.5
back: 0.211094, 1.01286, 7.5
front back
photon_ene: 661.6 photon_theta: 0.137084 photon_phi: 1.36532
traject_len: 5.04735
pe_len: 56.7047 cs_len: 5.89749
---
front: 0, 0.515532, 2.5
side: 0, 0, 0
front only
else
else
else
else
front: 0.650744, 0, 2.5
side: 0, 0, 0
front only
front: 0.778057, 0, 2.5
back: 2.33417, 0, 7.5
front back
photon_ene: 661.6 photon_theta: 0.310602 photon_phi: 6.03584
traject_len: 5.23655
pe_len: 46.2063 cs_len: 3.47065
---
else
front: 0, 0, 2.5
side: 0, 0, 0
front only
else
front: 0, 1.136, 2.5
side: 0, 0, 0
front only
front: 0.898481, 0, 2.5
side: 0, 0, 0
front only
front: 0.325968, 1.63273, 2.5
side: 0, 0, 0
front only
front: 0, 1.47353, 2.5
side: 0, 0, 0
front only
else
else
else
else
else
front: 1.06421, 0, 2.5
side: 0, 0, 0
front only
else
else
else
else
else
else
else
else
else
else
else
else
else
else
else
else
front: 1.98227, 0, 2.5
side: 0, 0, 0
front only
front: 1.0037, 1.48648, 2.5
side: 0, 0, 0
front only
else
else
else
else
else
front: 0, 0, 2.5
side: 0, 0, 0
front only
else
else
else
front: 0, 2.15957, 2.5
side: 0, 0, 0
front only
front: 1.26411, 0.160074, 2.5
side: 0, 0, 0
front only
else
else
front: 0, 1.11777, 2.5
side: 0, 0, 0
front only
front: 0, 0.289853, 2.5
side: 0, 0, 0
front only
else
else
front: 0, 0, 2.5
side: 0, 0, 0
front only
else
else
front: 2.30637, 0.358168, 2.5
side: 0, 0, 0
front only
else
front: 0.148055, 0.153634, 2.5
back: 0.444166, 0.460903, 7.5
front back
photon_ene: 661.6 photon_theta: 0.085139 photon_phi: 0.803889
traject_len: 5.01818
pe_len: 35.9701 cs_len: 0.709012
---
front: 0, 0, 2.5
side: 0, 0, 0
front only
else
else
else
else
else
else
else
else
front: 1.77709, 0, 2.5
side: 0, 0, 0
front only
else
front: 0, 0, 2.5
side: 0, 0, 0
front only
else
front: 0.609316, 1.49546, 2.5
side: 0, 0, 0
front only
else
else
front: 1.09674, 0, 2.5
side: 0, 0, 0
front only
else
else
front: 1.07123, 0, 2.5
side: 0, 0, 0
front only
else
front: 1.46355, 0, 2.5
side: 0, 0, 0
front only
else
else
else
else
else
else
front: 0, 0, 2.5
side: 0, 0, 0
front only
else
else
front: 0, 0, 2.5
side: 0, 0, 0
front only
else
front: 0, 0, 2.5
back: 0, 0, 7.5
front back
photon_ene: 661.6 photon_theta: 3.06761 photon_phi: 0.558376
traject_len: 5
pe_len: 32.8014 cs_len: 2.24267
---
front: 0, 0, 2.5
side: 0, 0, 0
front only
else
front: 0, 0, 2.5
back: 0, 0, 7.5
front back
photon_ene: 661.6 photon_theta: 0.23821 photon_phi: 4.64076
traject_len: 5
pe_len: 31.8589 cs_len: 5.17839
---
else
else
else
front: 0, 0, 2.5
side: 0, 0, 0
front only
front: 0.480511, 0, 2.5
back: 1.44153, 0, 7.5
front back
photon_ene: 661.6 photon_theta: 0.204798 photon_phi: 5.89435
traject_len: 5.09152
pe_len: 45.778 cs_len: 3.99014
---
else
else
front: 0, 0.575555, 2.5
side: 0, 0, 0
front only
else
else
else
else
else
else
else
else
front: 0, 1.18788, 2.5
side: 0, 0, 0
front only
front: 1.12508, 0, 2.5
side: 0, 0, 0
front only
front: 0, 1.81846, 2.5
side: 0, 0, 0
front only
else
else
else
front: 0.721414, 2.16963, 2.5
side: 0, 0, 0
front only
else
front: 0.198032, 0, 2.5
back: 0.594095, 0, 7.5
front back
photon_ene: 661.6 photon_theta: 3.0084 photon_phi: 2.20336
traject_len: 5.01566
pe_len: 154.671 cs_len: 4.57422
---
else
else
front: 0.362189, 0.571782, 2.5
back: 1.08657, 1.71535, 7.5
front back
photon_ene: 661.6 photon_theta: 0.264398 photon_phi: 1.00615
traject_len: 5.18001
pe_len: 32.1016 cs_len: 1.09721
---
else
else
front: 0.904965, 0.449011, 2.5
side: 0, 0, 0
front only
else
else
else
else
else
front: 1.73912, 0.516845, 2.5
side: 0, 0, 0
front only
front: 0.497246, 1.79963, 2.5
side: 0, 0, 0
front only
else
else
else
else
front: 0, 0, 2.5
back: 0, 0, 7.5
front back
photon_ene: 661.6 photon_theta: 2.94103 photon_phi: 0.609593
traject_len: 5
pe_len: 14.945 cs_len: 1.66116
---
front: 0.31543, 0, 2.5
side: 0, 0, 0
front only
else
else
else
front: 0, 0, 2.5
side: 0, 0, 0
front only
front: 0.708184, 1.61475, 2.5
side: 0, 0, 0
front only
else
else
else
else
else
else
else
else
else
else
else
else
front: 0, 1.06483, 2.5
side: 0, 0, 0
front only
else
else
else
else
front: 0, 1.6038, 2.5
side: 0, 0, 0
front only
else
front: 0.339167, 0, 2.5
side: 0, 0, 0
front only
else
else
else
else
front: 0, 1.61931, 2.5
side: 0, 0, 0
front only
front: 0, 0.943669, 2.5
side: 0, 0, 0
front only
else
else
else
else
front: 1.21932, 2.05758, 2.5
side: 0, 0, 0
front only
else
front: 0.765076, 0, 2.5
side: 0, 0, 0
front only
else
front: 0, 0.234979, 2.5
side: 0, 0, 0
front only
front: 0, 2.00628, 2.5
side: 0, 0, 0
front only
front: 0, 0, 2.5
side: 0, 0, 0
front only
else
front: 0, 0, 2.5
side: 0, 0, 0
front only
front: 0.0216955, 1.12192, 2.5
side: 0, 0, 0
front only
else
else
front: 0, 0.563412, 2.5
side: 0, 0, 0
front only
else
else
else
else
else
else
front: 1.63721, 0, 2.5
side: 0, 0, 0
front only
else
else
else
front: 0.784751, 0, 2.5
side: 0, 0, 0
front only
else
else
else
else
else
else
else
else
else
else
else
else
else
else
front: 0.593171, 1.26701, 2.5
side: 0, 0, 0
front only
else
else
else
else
else
else
else
else
else
else
else
else
else
else
front: 1.39376, 0, 2.5
side: 0, 0, 0
front only
else
else
else
else
else
else
else
front: 0.937134, 0.124722, 2.5
side: 0, 0, 0
front only
else
else
else
else
front: 1.68067, 0, 2.5
side: 0, 0, 0
front only
else
else
else
else
else
front: 0, 1.30872, 2.5
side: 0, 0, 0
front only
else
front: 0, 0.153357, 2.5
back: 0, 0.460071, 7.5
front back
photon_ene: 661.6 photon_theta: 2.92795 photon_phi: 5.99654
traject_len: 5.0094
pe_len: 72.608 cs_len: 1.49764
---
front: 0.302842, 0.530174, 2.5
back: 0.908525, 1.59052, 7.5
front back
photon_ene: 661.6 photon_theta: 2.90205 photon_phi: 4.19341
traject_len: 5.14696
pe_len: 5.28941 cs_len: 3.44645
---
else
else
else
else
front: 0, 0, 2.5
side: 0, 0, 0
front only
else
else
front: 0.37378, 0, 2.5
side: 0, 0, 0
front only
else
front: 0.908059, 0, 2.5
side: 0, 0, 0
front only
front: 0, 1.73651, 2.5
side: 0, 0, 0
front only
else
else
else
front: 0, 0.0322348, 2.5
back: 0, 0.0967043, 7.5
front back
photon_ene: 661.6 photon_theta: 2.98126 photon_phi: 6.20337
traject_len: 5.00042
pe_len: 56.0712 cs_len: 13.2893
---
else
else
front: 0, 1.16588, 2.5
side: 0, 0, 0
front only
else
else
else
else
else
front: 0, 0, 2.5
side: 0, 0, 0
front only
front: 0, 0, 2.5
back: 0, 0, 7.5
front back
photon_ene: 661.6 photon_theta: 2.86454 photon_phi: 0.678801
traject_len: 5
pe_len: 6.71309 cs_len: 13.3716
---
else
front: 1.76606, 1.56597, 2.5
side: 0, 0, 0
front only
else
else
else
else
else
else
else
else
else
else
front: 0.220177, 0, 2.5
back: 0.660531, 0, 7.5
front back
photon_ene: 661.6 photon_theta: 0.167006 photon_phi: 5.2621
traject_len: 5.01935
pe_len: 60.7891 cs_len: 14.9346
---
front: 1.33345, 0.329404, 2.5
side: 0, 0, 0
front only
front: 0.656686, 0, 2.5
side: 0, 0, 0
front only
front: 1.92316, 0, 2.5
side: 0, 0, 0
front only
else
front: 0.304126, 1.17822, 2.5
side: 0, 0, 0
front only
front: 0, 0.273313, 2.5
side: 0, 0, 0
front only
else
front: 0, 0.0753836, 2.5
side: 0, 0, 0
front only
front: 0, 0, 2.5
side: 0, 0, 0
front only
else
else
front: 1.9646, 0.671731, 2.5
side: 0, 0, 0
front only
else
front: 1.41048, 0, 2.5
side: 0, 0, 0
front only
else
else
front: 1.50574, 0, 2.5
side: 0, 0, 0
front only
else
front: 0, 0, 2.5
side: 0, 0, 0
front only
else
else
else
front: 0.268538, 0.151489, 2.5
back: 0.805613, 0.454467, 7.5
front back
photon_ene: 661.6 photon_theta: 3.01888 photon_phi: 3.65522
traject_len: 5.03788
pe_len: 54.2231 cs_len: 0.511647
---
else
else
else
front: 0, 0, 2.5
side: 0, 0, 0
front only
else
front: 1.3732, 0, 2.5
side: 0, 0, 0
front only
else
front: 0, 0, 2.5
side: 0, 0, 0
front only
else
else
else
else
else
else
else
else
front: 1.00983, 0, 2.5
side: 0, 0, 0
front only
front: 0.480343, 0.390728, 2.5
back: 1.44103, 1.17218, 7.5
front back
photon_ene: 661.6 photon_theta: 0.242791 photon_phi: 0.68288
traject_len: 5.15108
pe_len: 49.5732 cs_len: 4.22388
---
else
else
else
else
else
else
else
else
front: 1.10585, 1.64229, 2.5
side: 0, 0, 0
front only
else
else
front: 0, 2.10843, 2.5
side: 0, 0, 0
front only
else
front: 0.573026, 1.48252, 2.5
side: 0, 0, 0
front only
else
else
front: 1.2975, 0, 2.5
side: 0, 0, 0
front only
else
front: 1.15755, 2.1827, 2.5
side: 0, 0, 0
front only
else
else
front: 0.987247, 0, 2.5
side: 0, 0, 0
front only
front: 0.783233, 1.86771, 2.5
side: 0, 0, 0
front only
front: 0, 0.37433, 2.5
back: 0, 1.12299, 7.5
front back
photon_ene: 661.6 photon_theta: 0.300258 photon_phi: 2.63683
traject_len: 5.05574
pe_len: 48.938 cs_len: 1.25686
---
else
else
else
else
front: 0, 1.77858, 2.5
side: 0, 0, 0
front only
front: 0.988405, 0, 2.5
side: 0, 0, 0
front only
front: 1.12909, 0.814103, 2.5
side: 0, 0, 0
front only
else
front: 0, 0, 2.5
side: 0, 0, 0
front only
else
else
else
else
front: 0.903752, 0, 2.5
side: 0, 0, 0
front only
front: 0.453551, 0, 2.5
side: 0, 0, 0
front only
else
front: 0, 0.694628, 2.5
side: 0, 0, 0
front only
else
else
front: 0.514088, 0, 2.5
back: 1.54226, 0, 7.5
front back
photon_ene: 661.6 photon_theta: 2.90624 photon_phi: 2.60129
traject_len: 5.10462
pe_len: 19.0939 cs_len: 1.95591
---
else
else
else
else
else
front: 1.41768, 0.829559, 2.5
side: 0, 0, 0
front only
else
else
else
else
else
else
else
else
front: 1.57093, 0, 2.5
side: 0, 0, 0
front only
front: 1.41113, 1.34156, 2.5
side: 0, 0, 0
front only
else
front: 0.512157, 0, 2.5
back: 1.53647, 0, 7.5
front back
photon_ene: 661.6 photon_theta: 2.83635 photon_phi: 2.2786
traject_len: 5.10384
pe_len: 82.2044 cs_len: 2.60739
---
else
else
front: 0, 0, 2.5
side: 0, 0, 0
front only
front: 0.67214, 1.65305, 2.5
side: 0, 0, 0
front only
else
else
else
else
else
front: 1.05451, 0, 2.5
side: 0, 0, 0
front only
else
else
front: 1.64352, 0, 2.5
side: 0, 0, 0
front only
else
front: 0, 0, 2.5
side: 0, 0, 0
front only
else
front: 0, 0, 2.5
side: 0, 0, 0
front only
front: 1.15265, 0.449982, 2.5
side: 0, 0, 0
front only
else
else
else
else
else
else
front: 0, 0, 2.5
side: 0, 0, 0
front only
else
else
else
else
else
else
else
else
else
front: 0, 0, 2.5
side: 0, 0, 0
front only
else
else
else
front: 0, 0, 2.5
side: 0, 0, 0
front only
else
else
front: 0, 0.219313, 2.5
side: 0, 0, 0
front only
else
front: 1.84171, 1.19538, 2.5
side: 0, 0, 0
front only
else
front: 0.318573, 0, 2.5
side: 0, 0, 0
front only
else
else
else
else
front: 0.810427, 0, 2.5
side: 0, 0, 0
front only
else
else
else
else
else
front: 0, 0, 2.5
side: 0, 0, 0
front only
else
else
else
else
front: 0, 0.214311, 2.5
side: 0, 0, 0
front only
else
front: 0, 0.182891, 2.5
side: 0, 0, 0
front only
else
else
else
else
else
else
else
else
front: 1.19971, 1.34249, 2.5
side: 0, 0, 0
front only
front: 0.175275, 0, 2.5
side: 0, 0, 0
front only
else
front: 0, 0, 2.5
side: 0, 0, 0
front only
else
front: 0, 0.55532, 2.5
side: 0, 0, 0
front only
else
else
front: 0.808433, 1.54451, 2.5
side: 0, 0, 0
front only
front: 0, 0.891556, 2.5
side: 0, 0, 0
front only
front: 1.87145, 0, 2.5
side: 0, 0, 0
front only
else
front: 0.613591, 0.350197, 2.5
back: 1.84077, 1.05059, 7.5
front back
photon_ene: 661.6 photon_theta: 2.86618 photon_phi: 3.66021
traject_len: 5.19582
pe_len: 21.1249 cs_len: 2.33768
---
else
front: 1.68876, 0, 2.5
side: 0, 0, 0
front only
else
else
front: 1.30561, 0, 2.5
side: 0, 0, 0
front only
front: 0, 0.435519, 2.5
side: 0, 0, 0
front only
else
front: 0.83281, 0, 2.5
side: 0, 0, 0
front only
else
else
else
front: 0.809708, 0, 2.5
back: 2.42912, 0, 7.5
front back
photon_ene: 661.6 photon_theta: 0.314164 photon_phi: 6.20308
traject_len: 5.25571
pe_len: 7.27379 cs_len: 0.65088
---
else
else
front: 0, 1.7984, 2.5
side: 0, 0, 0
front only
else
else
else
else
front: 0, 0.957899, 2.5
side: 0, 0, 0
front only
else
else
else
else
else
else
else
else
else
front: 0, 0, 2.5
side: 0, 0, 0
front only
else
else
else
else
else
else
else
else
else
front: 1.73352, 0, 2.5
side: 0, 0, 0
front only
else
front: 0, 0, 2.5
side: 0, 0, 0
front only
front: 1.50672, 0.349278, 2.5
side: 0, 0, 0
front only
else
else
front: 0, 0, 2.5
back: 0, 0, 7.5
front back
photon_ene: 661.6 photon_theta: 2.8341 photon_phi: 0.0412368
traject_len: 5
pe_len: 8.8347 cs_len: 15.9942
---
else
else
front: 0.332722, 0, 2.5
side: 0, 0, 0
front only
front: 0, 1.76509, 2.5
side: 0, 0, 0
front only
else
else
else
else
else
front: 0.775268, 0, 2.5
side: 0, 0, 0
front only
else
else
else
else
else
else
front: 0, 0.551649, 2.5
side: 0, 0, 0
front only
else
else
else
front: 0.994022, 2.20927, 2.5
side: 0, 0, 0
front only
else
else
else
else
else
else
else
front: 1.77734, 0, 2.5
side: 0, 0, 0
front only
front: 0, 0, 2.5
side: 0, 0, 0
front only
else
else
else
front: 0, 0.63364, 2.5
side: 0, 0, 0
front only
front: 0, 0.563088, 2.5
side: 0, 0, 0
front only
else
else
else
else
front: 0, 1.88135, 2.5
side: 0, 0, 0
front only
else
else
else
else
else
else
front: 1.77459, 0, 2.5
side: 0, 0, 0
front only
front: 2.2441, 0.230492, 2.5
side: 0, 0, 0
front only
else
else
front: 0, 0.654942, 2.5
side: 0, 0, 0
front only
else
else
else
else
else
else
front: 0, 0, 2.5
side: 0, 0, 0
front only
else
else
front: 0, 0.839149, 2.5
side: 0, 0, 0
front only
else
else
else
else
else
else
front: 0, 0, 2.5
side: 0, 0, 0
front only
else
else
else
front: 0, 0, 2.5
side: 0, 0, 0
front only
else
else
front: 0.410579, 0, 2.5
side: 0, 0, 0
front only
else
else
else
else
else
else
front: 0, 0, 2.5
side: 0, 0, 0
front only
else
front: 0, 0, 2.5
back: 0, 0, 7.5
front back
photon_ene: 661.6 photon_theta: 0.310124 photon_phi: 4.63133
traject_len: 5
pe_len: 13.9578 cs_len: 15.1191
---
else
else
front: 0.655404, 1.65664, 2.5
side: 0, 0, 0
front only
else
front: 0, 0, 2.5
side: 0, 0, 0
front only
front: 0, 0, 2.5
side: 0, 0, 0
front only
front: 1.63992, 0, 2.5
side: 0, 0, 0
front only
front: 1.48947, 0, 2.5
side: 0, 0, 0
front only
else
else
front: 0.557947, 0, 2.5
back: 1.67384, 0, 7.5
front back
photon_ene: 661.6 photon_theta: 0.279025 photon_phi: 5.60544
traject_len: 5.12301
pe_len: 4.52058 cs_len: 1.71639
---
else
else
else
front: 0.902733, 0, 2.5
side: 0, 0, 0
front only
else
else
front: 0, 0.188177, 2.5
back: 0, 0.564532, 7.5
front back
photon_ene: 661.6 photon_theta: 3.0572 photon_phi: 5.1864
traject_len: 5.01414
pe_len: 15.4598 cs_len: 0.309561
---
else
else
front: 0, 0.826707, 2.5
side: 0, 0, 0
front only
else
else
front: 0, 1.93444, 2.5
side: 0, 0, 0
front only
else
front: 0.286235, 0.408711, 2.5
back: 0.858705, 1.22613, 7.5
front back
photon_ene: 661.6 photon_theta: 2.94459 photon_phi: 4.10144
traject_len: 5.09862
pe_len: 19.2411 cs_len: 1.42479
---
front: 0, 0.0431456, 2.5
side: 0, 0, 0
front only
else
else
front: 0, 0.640747, 2.5
side: 0, 0, 0
front only
else
else
front: 0, 1.13935, 2.5
side: 0, 0, 0
front only
else
front: 0, 0, 2.5
side: 0, 0, 0
front only
else
else
front: 0.62471, 0, 2.5
side: 0, 0, 0
front only
else
else
else
front: 0.0759546, 0, 2.5
side: 0, 0, 0
front only
else
else
else
else
front: 2.25599, 0, 2.5
side: 0, 0, 0
front only
front: 1.23655, 1.60229, 2.5
side: 0, 0, 0
front only
else
front: 1.46787, 0, 2.5
side: 0, 0, 0
front only
else
else
else
else
else
else
else
else
else
front: 1.14937, 0.976701, 2.5
side: 0, 0, 0
front only
front: 0.479595, 1.21762, 2.5
side: 0, 0, 0
front only
else
front: 0, 1.15392, 2.5
side: 0, 0, 0
front only
else
else
else
else
else
front: 0, 0, 2.5
back: 0, 0, 7.5
front back
photon_ene: 661.6 photon_theta: 2.83523 photon_phi: 0.948838
traject_len: 5
pe_len: 11.9233 cs_len: 0.575712
---
front: 0, 0, 2.5
side: 0, 0, 0
front only
front: 0, 1.37891, 2.5
side: 0, 0, 0
front only
else
else
else
else
else
else
else
front: 0.457851, 2.20057, 2.5
side: 0, 0, 0
front only
else
else
else
else
front: 0, 0.00108361, 2.5
side: 0, 0, 0
front only
front: 1.14721, 1.07244, 2.5
side: 0, 0, 0
front only
else
else
else
else
else
else
else
front: 0.932573, 0, 2.5
side: 0, 0, 0
front only
front: 0.200205, 0.697828, 2.5
back: 0.600615, 2.09348, 7.5
front back
photon_ene: 661.6 photon_theta: 0.282619 photon_phi: 1.2914
traject_len: 5.20655
pe_len: 41.4566 cs_len: 1.69379
---
else
else
else
else
else
front: 0, 0.650673, 2.5
side: 0, 0, 0
front only
else
else
else
else
else
else
else
else
else
else
else
front: 0, 1.61335, 2.5
side: 0, 0, 0
front only
else
else
else
front: 0.810181, 0, 2.5
side: 0, 0, 0
front only
else
else
front: 1.95248, 0, 2.5
side: 0, 0, 0
front only
else
front: 0, 0, 2.5
side: 0, 0, 0
front only
else
else
front: 0.658259, 1.07267, 2.5
side: 0, 0, 0
front only
else
front: 0.637539, 0, 2.5
back: 1.91262, 0, 7.5
front back
photon_ene: 661.6 photon_theta: 0.25773 photon_phi: 6.02739
traject_len: 5.16002
pe_len: 49.7931 cs_len: 1.34271
---
else
else
else
front: 0, 0, 2.5
side: 0, 0, 0
front only
front: 0, 1.07006, 2.5
side: 0, 0, 0
front only
else
else
else
else
else
else
else
else
else
else
else
else
else
else
else
else
else
else
else
else
else
else
else
else
else
front: 0, 0, 2.5
side: 0, 0, 0
front only
else
else
else
front: 0.665501, 0, 2.5
side: 0, 0, 0
front only
else
else
else
else
else
else
else
front: 0, 0, 2.5
side: 0, 0, 0
front only
front: 0.582397, 0, 2.5
side: 0, 0, 0
front only
front: 0, 0, 2.5
back: 0, 0, 7.5
front back
photon_ene: 661.6 photon_theta: 2.92416 photon_phi: 0.139724
traject_len: 5
pe_len: 40.8729 cs_len: 1.55214
---
else
else
front: 0, 0, 2.5
side: 0, 0, 0
front only
else
front: 0.136259, 2.13149, 2.5
side: 0, 0, 0
front only
else
front: 0, 1.23886, 2.5
side: 0, 0, 0
front only
else
else
else
front: 1.44058, 0, 2.5
side: 0, 0, 0
front only
else
front: 0, 0.606515, 2.5
side: 0, 0, 0
front only
else
front: 1.56764, 0, 2.5
side: 0, 0, 0
front only
else
else
else
else
front: 0, 0, 2.5
back: 0, 0, 7.5
front back
photon_ene: 661.6 photon_theta: 0.20345 photon_phi: 3.7669
traject_len: 5
pe_len: 31.3679 cs_len: 4.21573
---
else
else
else
else
else
else
else
else
front: 1.08463, 0, 2.5
side: 0, 0, 0
front only
front: 0.29581, 1.33439, 2.5
side: 0, 0, 0
front only
front: 1.47304, 0, 2.5
side: 0, 0, 0
front only
else
else
front: 0, 0.531246, 2.5
side: 0, 0, 0
front only
else
else
else
else
else
front: 0, 0, 2.5
side: 0, 0, 0
front only
else
front: 0, 0, 2.5
side: 0, 0, 0
front only
else
front: 0, 0.904042, 2.5
side: 0, 0, 0
front only
else
else
else
else
else
else
else
else
else
front: 0, 0, 2.5
back: 0, 0, 7.5
front back
photon_ene: 661.6 photon_theta: 0.138672 photon_phi: 4.29285
traject_len: 5
pe_len: 44.4925 cs_len: 0.299226
---
else
else
else
else
else
else
front: 0, 0, 2.5
side: 0, 0, 0
front only
else
front: 1.36587, 0, 2.5
side: 0, 0, 0
front only
else
else
else
else
else
front: 0.720404, 0, 2.5
side: 0, 0, 0
front only
front: 0, 0, 2.5
side: 0, 0, 0
front only
else
else
else
else
else
front: 0, 1.21222, 2.5
side: 0, 0, 0
front only
else
else
else
front: 0.211983, 0.944171, 2.5
side: 0, 0, 0
front only
front: 0.8678, 0, 2.5
side: 0, 0, 0
front only
else
front: 0, 0, 2.5
side: 0, 0, 0
front only
else
else
else
front: 0, 0, 2.5
side: 0, 0, 0
front only
else
else
front: 0, 1.49718, 2.5
side: 0, 0, 0
front only
else
else
else
front: 0.702411, 0.780367, 2.5
side: 0, 0, 0
front only
else
else
else
else
front: 0, 0, 2.5
back: 0, 0, 7.5
front back
photon_ene: 661.6 photon_theta: 0.2792 photon_phi: 4.22757
traject_len: 5
pe_len: 4.24715 cs_len: 3.66703
---
else
else
else
front: 0.982618, 0.861829, 2.5
side: 0, 0, 0
front only
else
else
front: 1.43723, 0, 2.5
side: 0, 0, 0
front only
front: 0, 0, 2.5
back: 0, 0, 7.5
front back
photon_ene: 661.6 photon_theta: 0.225704 photon_phi: 3.68745
traject_len: 5
pe_len: 2.54922 cs_len: 6.2172
---
else
else
else
else
else
else
else
else
else
else
front: 0, 1.17261, 2.5
side: 0, 0, 0
front only
front: 0, 0.811225, 2.5
side: 0, 0, 0
front only
front: 0, 0.599252, 2.5
side: 0, 0, 0
front only
else
front: 0.737449, 1.21543, 2.5
side: 0, 0, 0
front only
else
front: 0, 0, 2.5
side: 0, 0, 0
front only
else
else
else
else
else
front: 0.234523, 0.491763, 2.5
back: 0.703569, 1.47529, 7.5
front back
photon_ene: 661.6 photon_theta: 2.92702 photon_phi: 4.26739
traject_len: 5.11736
pe_len: 50.1749 cs_len: 5.13244
---
else
else
front: 2.00924, 0, 2.5
side: 0, 0, 0
front only
else
front: 0, 1.53511, 2.5
side: 0, 0, 0
front only
else
else
front: 0, 0.353368, 2.5
back: 0, 1.0601, 7.5
front back
photon_ene: 661.6 photon_theta: 0.270239 photon_phi: 2.60612
traject_len: 5.0497
pe_len: 4.392 cs_len: 5.30919
---
front: 0.899684, 0, 2.5
side: 0, 0, 0
front only
else
else
front: 1.05241, 0, 2.5
side: 0, 0, 0
front only
else
else
else
front: 0, 0.325583, 2.5
back: 0, 0.976749, 7.5
front back
photon_ene: 661.6 photon_theta: 2.872 photon_phi: 5.79241
traject_len: 5.04222
pe_len: 16.0846 cs_len: 12.1939
---
else
front: 0, 1.20531, 2.5
side: 0, 0, 0
front only
else
else
else
front: 1.908, 0, 2.5
side: 0, 0, 0
front only
front: 0, 0, 2.5
side: 0, 0, 0
front only
front: 2.11551, 1.10177, 2.5
side: 0, 0, 0
front only
else
else
else
else
else
else
else
else
else
front: 0.0341049, 0.215342, 2.5
back: 0.102315, 0.646027, 7.5
front back
photon_ene: 661.6 photon_theta: 0.0869904 photon_phi: 1.41373
traject_len: 5.01898
pe_len: 4.72466 cs_len: 3.55863
---
else
else
else
else
front: 0.703149, 1.55692, 2.5
side: 0, 0, 0
front only
front: 0, 0, 2.5
side: 0, 0, 0
front only
front: 0, 0, 2.5
side: 0, 0, 0
front only
else
else
else
else
else
else
front: 1.84023, 0.450013, 2.5
side: 0, 0, 0
front only
else
else
front: 0.767086, 1.70325, 2.5
side: 0, 0, 0
front only
front: 0, 0, 2.5
back: 0, 0, 7.5
front back
photon_ene: 661.6 photon_theta: 3.13069 photon_phi: 1.39744
traject_len: 5
pe_len: 10.982 cs_len: 1.67036
---
else
front: 0, 0, 2.5
side: 0, 0, 0
front only
else
else
else
front: 0.252352, 1.50466, 2.5
side: 0, 0, 0
front only
else
else
else
front: 0, 0.365585, 2.5
side: 0, 0, 0
front only
else
else
else
else
else
else
else
else
else
front: 0, 0, 2.5
back: 0, 0, 7.5
front back
photon_ene: 661.6 photon_theta: 3.0189 photon_phi: 0.77103
traject_len: 5
pe_len: 43.6814 cs_len: 6.25451
---
else
front: 2.36419, 0, 2.5
side: 0, 0, 0
front only
front: 0, 0.676888, 2.5
back: 0, 2.03066, 7.5
front back
photon_ene: 661.6 photon_theta: 2.83574 photon_phi: 5.25287
traject_len: 5.18003
pe_len: 13.775 cs_len: 8.18473
---
front: 0, 0, 2.5
side: 0, 0, 0
front only
front: 0, 1.37513, 2.5
side: 0, 0, 0
front only
front: 0, 0, 2.5
side: 0, 0, 0
front only
else
else
else
else
else
else
else
else
else
else
else
front: 0.307505, 0, 2.5
back: 0.922516, 0, 7.5
front back
photon_ene: 661.6 photon_theta: 2.99767 photon_phi: 2.58436
traject_len: 5.03768
pe_len: 42.6173 cs_len: 3.91443
---
else
front: 0, 0, 2.5
side: 0, 0, 0
front only
else
else
else
front: 0, 1.0445, 2.5
side: 0, 0, 0
front only
else
else
else
else
front: 0, 0, 2.5
side: 0, 0, 0
front only
else
else
front: 1.97436, 0, 2.5
side: 0, 0, 0
front only
front: 0, 1.68703, 2.5
side: 0, 0, 0
front only
else
else
front: 0, 1.3121, 2.5
side: 0, 0, 0
front only
else
else
else
else
else
front: 0, 0, 2.5
back: 0, 0, 7.5
front back
photon_ene: 661.6 photon_theta: 2.86188 photon_phi: 0.440573
traject_len: 5
pe_len: 79.0601 cs_len: 1.23853
---
front: 0.167419, 0.390295, 2.5
back: 0.502256, 1.17089, 7.5
front back
photon_ene: 661.6 photon_theta: 0.168269 photon_phi: 1.16558
traject_len: 5.07163
pe_len: 1.18148 cs_len: 3.70128
---
front: 0, 0, 2.5
side: 0, 0, 0
front only
else
else
else
front: 0, 0, 2.5
side: 0, 0, 0
front only
front: 1.07627, 0, 2.5
side: 0, 0, 0
front only
else
else
else
else
else
else
else
else
else
else
else
else
else
else
else
else
else
else
else
else
else
else
front: 0.335877, 0, 2.5
side: 0, 0, 0
front only
else
front: 0, 0, 2.5
side: 0, 0, 0
front only
front: 0, 0, 2.5
side: 0, 0, 0
front only
else
else
front: 0, 0, 2.5
side: 0, 0, 0
front only
else
else
else
else
else
else
else
else
else
else
front: 0, 0, 2.5
back: 0, 0, 7.5
front back
photon_ene: 661.6 photon_theta: 0.251744 photon_phi: 4.47672
traject_len: 5
pe_len: 18.2564 cs_len: 1.95948
---
else
else
else
else
else
front: 0.488815, 0, 2.5
side: 0, 0, 0
front only
front: 0, 0.302731, 2.5
side: 0, 0, 0
front only
else
else
front: 2.32805, 0.333721, 2.5
side: 0, 0, 0
front only
front: 0, 0, 2.5
side: 0, 0, 0
front only
else
else
front: 0.00581944, 0, 2.5
back: 0.0174583, 0, 7.5
front back
photon_ene: 661.6 photon_theta: 2.87779 photon_phi: 1.57941
traject_len: 5.00001
pe_len: 15.0069 cs_len: 0.831037
---
front: 0, 0, 2.5
side: 0, 0, 0
front only
else
front: 0.944738, 1.97751, 2.5
side: 0, 0, 0
front only
else
else
else
else
else
else
else
else
front: 0.037886, 1.09053, 2.5
side: 0, 0, 0
front only
else
else
else
else
else
else
else
front: 0.663617, 0, 2.5
side: 0, 0, 0
front only
else
else
else
else
front: 0, 0, 2.5
side: 0, 0, 0
front only
else
else
else
front: 0, 0, 2.5
side: 0, 0, 0
front only
else
else
else
else
else
else
else
else
else
else
else
else
else
else
else
front: 1.84845, 0.812005, 2.5
side: 0, 0, 0
front only
else
front: 0, 0, 2.5
side: 0, 0, 0
front only
else
else
else
else
else
front: 1.75085, 0, 2.5
side: 0, 0, 0
front only
else
else
front: 0, 0.225817, 2.5
side: 0, 0, 0
front only
front: 0.735806, 0, 2.5
side: 0, 0, 0
front only
else
else
front: 0, 1.11405, 2.5
side: 0, 0, 0
front only
else
front: 0.199841, 2.37412, 2.5
side: 0, 0, 0
front only
front: 0, 0, 2.5
side: 0, 0, 0
front only
else
else
else
else
else
else
else
front: 0, 1.58356, 2.5
side: 0, 0, 0
front only
else
front: 0, 0, 2.5
side: 0, 0, 0
front only
else
else
else
front: 0, 1.55079, 2.5
side: 0, 0, 0
front only
else
else
front: 1.79469, 0.639236, 2.5
side: 0, 0, 0
front only
else
else
else
else
front: 0, 1.41738, 2.5
side: 0, 0, 0
front only
front: 1.25432, 0, 2.5
side: 0, 0, 0
front only
else
else
else
else
else
else
else
else
else
else
front: 0, 1.22189, 2.5
side: 0, 0, 0
front only
else
else
else
else
else
else
else
front: 0, 0, 2.5
back: 0, 0, 7.5
front back
photon_ene: 661.6 photon_theta: 0.321232 photon_phi: 3.69833
traject_len: 5
pe_len: 53.5946 cs_len: 0.189534
---
else
else
else
else
front: 0, 0, 2.5
side: 0, 0, 0
front only
else
else
else
else
front: 0, 1.45449, 2.5
side: 0, 0, 0
front only
else
front: 1.02414, 0, 2.5
side: 0, 0, 0
front only
else
else
else
front: 0, 1.35961, 2.5
side: 0, 0, 0
front only
else
front: 0, 0, 2.5
side: 0, 0, 0
front only
else
else
else
front: 0, 2.2756, 2.5
side: 0, 0, 0
front only
else
else
else
else
front: 0, 0.836972, 2.5
side: 0, 0, 0
front only
front: 0.122117, 0.66256, 2.5
back: 0.366352, 1.98768, 7.5
front back
photon_ene: 661.6 photon_theta: 2.87836 photon_phi: 4.53012
traject_len: 5.17838
pe_len: 23.9174 cs_len: 0.335752
---
else
front: 0.286196, 0, 2.5
side: 0, 0, 0
front only
front: 0, 0.522255, 2.5
back: 0, 1.56676, 7.5
front back
photon_ene: 661.6 photon_theta: 0.220113 photon_phi: 1.93701
traject_len: 5.10794
pe_len: 17.3262 cs_len: 1.35292
---
front: 1.78199, 0, 2.5
side: 0, 0, 0
front only
else
else
front: 0, 1.7381, 2.5
side: 0, 0, 0
front only
else
else
else
front: 0.104841, 0.410017, 2.5
back: 0.314522, 1.23005, 7.5
front back
photon_ene: 661.6 photon_theta: 2.9739 photon_phi: 4.46205
traject_len: 5.07114
pe_len: 79.2636 cs_len: 10.1895
---
else
else
else
front: 0.0212932, 0, 2.5
side: 0, 0, 0
front only
front: 0.486841, 0, 2.5
back: 1.46052, 0, 7.5
front back
photon_ene: 661.6 photon_theta: 0.315298 photon_phi: 5.35217
traject_len: 5.09392
pe_len: 16.33 cs_len: 0.693907
---
front: 0, 1.06335, 2.5
side: 0, 0, 0
front only
else
else
front: 0, 0.27505, 2.5
side: 0, 0, 0
front only
front: 1.67663, 0, 2.5
side: 0, 0, 0
front only
front: 1.04173, 0.0350341, 2.5
side: 0, 0, 0
front only
else
else
else
else
else
else
else
else
else
front: 0.187131, 0, 2.5
side: 0, 0, 0
front only
else
front: 0, 0.121138, 2.5
side: 0, 0, 0
front only
else
else
else
else
front: 1.07452, 0, 2.5
side: 0, 0, 0
front only
else
else
else
else
else
else
else
else
else
else
else
front: 0, 0, 2.5
side: 0, 0, 0
front only
front: 0, 1.90924, 2.5
side: 0, 0, 0
front only
else
else
front: 1.08108, 0, 2.5
side: 0, 0, 0
front only
else
front: 0, 0, 2.5
side: 0, 0, 0
front only
else
front: 0, 0, 2.5
side: 0, 0, 0
front only
else
else
else
else
else
else
else
else
else
else
front: 0.702927, 0, 2.5
side: 0, 0, 0
front only
else
else
else
else
front: 0, 0, 2.5
side: 0, 0, 0
front only
else
else
else
else
else
else
else
front: 0, 0, 2.5
back: 0, 0, 7.5
front back
photon_ene: 661.6 photon_theta: 0.284625 photon_phi: 3.91781
traject_len: 5
pe_len: 5.82824 cs_len: 0.423416
---
else
else
else
else
else
else
else
else
else
else
else
else
front: 0, 0, 2.5
side: 0, 0, 0
front only
else
front: 0.883996, 0, 2.5
side: 0, 0, 0
front only
else
front: 0.0282079, 0, 2.5
back: 0.0846236, 0, 7.5
front back
photon_ene: 661.6 photon_theta: 0.225194 photon_phi: 4.76166
traject_len: 5.00032
pe_len: 20.4114 cs_len: 4.59895
---
else
front: 0, 0, 2.5
side: 0, 0, 0
front only
else
else
front: 0, 0, 2.5
side: 0, 0, 0
front only
else
else
front: 0, 0, 2.5
side: 0, 0, 0
front only
else
else
else
front: 1.59393, 0, 2.5
side: 0, 0, 0
front only
front: 0.610024, 0, 2.5
back: 1.83007, 0, 7.5
front back
photon_ene: 661.6 photon_theta: 2.84007 photon_phi: 2.47282
traject_len: 5.1467
pe_len: 32.9267 cs_len: 1.99014
---
else
else
else
front: 1.64586, 0, 2.5
side: 0, 0, 0
front only
else
front: 0, 0, 2.5
side: 0, 0, 0
front only
else
else
else
else
else
front: 1.25386, 0, 2.5
side: 0, 0, 0
front only
else
else
else
else
front: 0, 0.49521, 2.5
side: 0, 0, 0
front only
else
front: 0, 0, 2.5
side: 0, 0, 0
front only
else
else
else
else
else
else
front: 1.833, 0, 2.5
side: 0, 0, 0
front only
else
else
else
front: 0, 0, 2.5
back: 0, 0, 7.5
front back
photon_ene: 661.6 photon_theta: 2.899 photon_phi: 1.4789
traject_len: 5
pe_len: 21.3356 cs_len: 4.803
---
else
else
front: 0, 0.2377, 2.5
back: 0, 0.713099, 7.5
front back
photon_ene: 661.6 photon_theta: 0.218614 photon_phi: 2.69935
traject_len: 5.02255
pe_len: 225.235 cs_len: 0.15374
---
else
else
else
else
else
else
else
else
else
front: 0.789032, 2.27405, 2.5
side: 0, 0, 0
front only
front: 1.88848, 0, 2.5
side: 0, 0, 0
front only
else
else
else
else
else
else
front: 1.21462, 0.741085, 2.5
side: 0, 0, 0
front only
else
else
else
else
front: 0.623293, 1.58725, 2.5
side: 0, 0, 0
front only
else
else
else
else
else
else
front: 0, 0, 2.5
side: 0, 0, 0
front only
front: 0.585431, 0, 2.5
side: 0, 0, 0
front only
else
else
else
front: 0.268319, 0.662038, 2.5
back: 0.804957, 1.98611, 7.5
front back
photon_ene: 661.6 photon_theta: 2.86327 photon_phi: 4.32733
traject_len: 5.20011
pe_len: 19.3083 cs_len: 2.83003
---
front: 0.664041, 0.640193, 2.5
side: 0, 0, 0
front only
else
else
else
else
else
else
else
else
else
else
else
front: 0, 0, 2.5
side: 0, 0, 0
front only
else
else
front: 0, 0.205223, 2.5
side: 0, 0, 0
front only
else
else
else
else
front: 0.381345, 0.587162, 2.5
back: 1.14404, 1.76149, 7.5
front back
photon_ene: 661.6 photon_theta: 2.86854 photon_phi: 4.13638
traject_len: 5.19237
pe_len: 32.764 cs_len: 0.747654
---
else
else
else
front: 2.12912, 0, 2.5
side: 0, 0, 0
front only
front: 0, 0, 2.5
side: 0, 0, 0
front only
else
front: 0.234679, 0, 2.5
side: 0, 0, 0
front only
else
else
front: 0.354983, 0.679762, 2.5
back: 1.06495, 2.03929, 7.5
front back
photon_ene: 661.6 photon_theta: 2.84396 photon_phi: 4.23113
traject_len: 5.22995
pe_len: 15.1701 cs_len: 0.329575
---
else
else
else
front: 0.170638, 1.23361, 2.5
side: 0, 0, 0
front only
front: 1.326, 0, 2.5
side: 0, 0, 0
front only
else
else
else
else
front: 0, 1.76254, 2.5
side: 0, 0, 0
front only
front: 0, 0, 2.5
back: 0, 0, 7.5
front back
photon_ene: 661.6 photon_theta: 2.89041 photon_phi: 1.10623
traject_len: 5
pe_len: 23.3639 cs_len: 6.29022
---
else
else
else
else
else
else
else
front: 0, 0, 2.5
side: 0, 0, 0
front only
else
else
front: 0.0508151, 1.44248, 2.5
side: 0, 0, 0
front only
else
else
front: 1.19062, 0.106718, 2.5
side: 0, 0, 0
front only
else
front: 0.711423, 0, 2.5
side: 0, 0, 0
front only
else
else
else
else
front: 0.281902, 0.162406, 2.5
back: 0.845705, 0.487219, 7.5
front back
photon_ene: 661.6 photon_theta: 3.01218 photon_phi: 3.66426
traject_len: 5.04216
pe_len: 0.299841 cs_len: 2.15285
---
front: 0, 1.9752, 2.5
side: 0, 0, 0
front only
else
front: 1.13038, 0, 2.5
side: 0, 0, 0
front only
front: 0, 0, 2.5
side: 0, 0, 0
front only
else
else
else
else
else
front: 1.94539, 0, 2.5
side: 0, 0, 0
front only
else
else
else
else
else
else
else
front: 0, 2.41515, 2.5
side: 0, 0, 0
front only
front: 0, 1.22061, 2.5
side: 0, 0, 0
front only
else
else
else
front: 0, 0.554405, 2.5
side: 0, 0, 0
front only
else
else
else
else
front: 0.225151, 0.703247, 2.5
back: 0.675452, 2.10974, 7.5
front back
photon_ene: 661.6 photon_theta: 0.287198 photon_phi: 1.26095
traject_len: 5.21354
pe_len: 35.6426 cs_len: 0.211332
---
else
front: 0, 0, 2.5
side: 0, 0, 0
front only
front: 0.0936778, 0, 2.5
side: 0, 0, 0
front only
else
front: 0.736082, 1.33312, 2.5
side: 0, 0, 0
front only
front: 0, 0, 2.5
side: 0, 0, 0
front only
else
else
else
else
else
else
front: 0, 1.01311, 2.5
side: 0, 0, 0
front only
else
else
else
else
front: 0.456003, 1.03602, 2.5
side: 0, 0, 0
front only
front: 1.45232, 0, 2.5
side: 0, 0, 0
front only
else
else
else
else
front: 0.702151, 0, 2.5
side: 0, 0, 0
front only
front: 0, 1.65396, 2.5
side: 0, 0, 0
front only
front: 0, 0, 2.5
side: 0, 0, 0
front only
else
else
front: 0.0716734, 1.24576, 2.5
side: 0, 0, 0
front only
front: 0, 0, 2.5
side: 0, 0, 0
front only
else
front: 0.037079, 0.894782, 2.5
side: 0, 0, 0
front only
else
else
else
else
front: 0.0585999, 0, 2.5
back: 0.1758, 0, 7.5
front back
photon_ene: 661.6 photon_theta: 2.86167 photon_phi: 1.65242
traject_len: 5.00137
pe_len: 28.3323 cs_len: 4.49592
---
front: 0.61635, 0.182284, 2.5
back: 1.84905, 0.546853, 7.5
front back
photon_ene: 661.6 photon_theta: 0.251646 photon_phi: 0.287552
traject_len: 5.1626
pe_len: 26.9443 cs_len: 3.08883
---
else
else
else
front: 0, 0, 2.5
side: 0, 0, 0
front only
else
else
else
front: 0, 0.529658, 2.5
side: 0, 0, 0
front only
else
front: 0, 0.83088, 2.5
side: 0, 0, 0
front only
else
else
front: 0, 0, 2.5
back: 0, 0, 7.5
front back
photon_ene: 661.6 photon_theta: 2.98322 photon_phi: 1.02303
traject_len: 5
pe_len: 0.638961 cs_len: 1.1126
---
front: 0, 0, 2.5
side: 0, 0, 0
front only
else
front: 0.659307, 1.8948, 2.5
side: 0, 0, 0
front only
front: 0.429304, 1.79031, 2.5
side: 0, 0, 0
front only
else
else
front: 2.32927, 0.153975, 2.5
side: 0, 0, 0
front only
front: 1.14255, 0.635963, 2.5
side: 0, 0, 0
front only
else
else
else
else
front: 0.248389, 0.485535, 2.5
back: 0.745166, 1.45661, 7.5
front back
photon_ene: 661.6 photon_theta: 2.92681 photon_phi: 4.23952
traject_len: 5.11759
pe_len: 65.0464 cs_len: 6.28366
---
front: 0, 0.690426, 2.5
back: 0, 2.07128, 7.5
front back
photon_ene: 661.6 photon_theta: 2.83254 photon_phi: 5.23809
traject_len: 5.18717
pe_len: 12.0989 cs_len: 2.59129
---
else
front: 0, 1.17576, 2.5
side: 0, 0, 0
front only
front: 0.142293, 1.19504, 2.5
side: 0, 0, 0
front only
else
else
front: 0, 0.562045, 2.5
back: 0, 1.68614, 7.5
front back
photon_ene: 661.6 photon_theta: 0.249392 photon_phi: 2.06002
traject_len: 5.1248
pe_len: 41.9263 cs_len: 5.62425
---
else
front: 0, 1.04717, 2.5
side: 0, 0, 0
front only
else
else
else
front: 0, 0, 2.5
back: 0, 0, 7.5
front back
photon_ene: 661.6 photon_theta: 3.01844 photon_phi: 1.07127
traject_len: 5
pe_len: 7.77199 cs_len: 6.02077
---
front: 0.1094, 1.44027, 2.5
side: 0, 0, 0
front only
else
front: 0.402362, 0, 2.5
back: 1.20709, 0, 7.5
front back
photon_ene: 661.6 photon_theta: 0.178262 photon_phi: 5.81696
traject_len: 5.06434
pe_len: 29.2337 cs_len: 5.78295
---
else
else
else
else
front: 0.511699, 0.829989, 2.5
side: 0, 0, 0
front only
else
else
else
else
else
else
front: 0.74316, 0, 2.5
side: 0, 0, 0
front only
front: 1.33344, 0.248662, 2.5
side: 0, 0, 0
front only
else
else
else
else
front: 0, 0, 2.5
side: 0, 0, 0
front only
front: 0, 0.295378, 2.5
back: 0, 0.886135, 7.5
front back
photon_ene: 661.6 photon_theta: 2.8601 photon_phi: 5.86227
traject_len: 5.03478
pe_len: 85.8224 cs_len: 1.30211
---
else
else
else
else
else
else
else
else
else
else
else
else
else
front: 1.11246, 0, 2.5
side: 0, 0, 0
front only
else
front: 0.472583, 0, 2.5
back: 1.41775, 0, 7.5
front back
photon_ene: 661.6 photon_theta: 2.94608 photon_phi: 2.83881
traject_len: 5.08855
pe_len: 116.859 cs_len: 0.318622
---
else
else
else
else
else
else
front: 0, 0, 2.5
side: 0, 0, 0
front only
front: 0, 0.578299, 2.5
side: 0, 0, 0
front only
else
else
else
else
else
front: 2.17434, 0.0523947, 2.5
side: 0, 0, 0
front only
front: 1.48559, 0, 2.5
side: 0, 0, 0
front only
front: 0.710548, 0, 2.5
back: 2.13164, 0, 7.5
front back
photon_ene: 661.6 photon_theta: 2.82531 photon_phi: 2.62286
traject_len: 5.19803
pe_len: 24.7584 cs_len: 1.85288
---
else
else
else
else
front: 0, 0, 2.5
side: 0, 0, 0
front only
else
front: 0.716477, 0.818115, 2.5
side: 0, 0, 0
front only
else
front: 0, 0, 2.5
side: 0, 0, 0
front only
front: 0, 0, 2.5
side: 0, 0, 0
front only
front: 0, 0.373677, 2.5
side: 0, 0, 0
front only
else
else
else
else
else
else
else
else
else
else
else
else
front: 0, 0.328854, 2.5
back: 0, 0.986561, 7.5
front back
photon_ene: 661.6 photon_theta: 0.200621 photon_phi: 2.43814
traject_len: 5.04307
pe_len: 12.0138 cs_len: 15.6489
---
else
else
else
else
front: 0, 0.20482, 2.5
side: 0, 0, 0
front only
else
front: 0, 0, 2.5
side: 0, 0, 0
front only
else
else
else
else
front: 0.449303, 0, 2.5
side: 0, 0, 0
front only
else
else
front: 0.890993, 0.677163, 2.5
side: 0, 0, 0
front only
else
else
else
else
front: 0.112026, 0, 2.5
back: 0.336078, 0, 7.5
front back
photon_ene: 661.6 photon_theta: 0.105575 photon_phi: 5.14899
traject_len: 5.00502
pe_len: 167.063 cs_len: 6.79927
---
front: 0.313111, 0, 2.5
side: 0, 0, 0
front only
else
front: 0, 0, 2.5
side: 0, 0, 0
front only
else
else
else
else
else
front: 0.606486, 1.59888, 2.5
side: 0, 0, 0
front only
front: 0, 0, 2.5
side: 0, 0, 0
front only
front: 1.72035, 0.0437671, 2.5
side: 0, 0, 0
front only
else
else
front: 0, 0, 2.5
side: 0, 0, 0
front only
else
front: 0, 0, 2.5
back: 0, 0, 7.5
front back
photon_ene: 661.6 photon_theta: 2.97021 photon_phi: 0.146135
traject_len: 5
pe_len: 1.01645 cs_len: 0.227967
---
else
front: 0, 0.100251, 2.5
side: 0, 0, 0
front only
else
else
front: 0.0981701, 0.119208, 2.5
back: 0.29451, 0.357624, 7.5
front back
photon_ene: 661.6 photon_theta: 3.0799 photon_phi: 4.02347
traject_len: 5.00953
pe_len: 50.1316 cs_len: 1.14606
---
front: 0.444199, 0, 2.5
side: 0, 0, 0
front only
else
else
else
front: 1.22576, 0, 2.5
side: 0, 0, 0
front only
else
else
else
front: 0, 0, 2.5
side: 0, 0, 0
front only
front: 0, 1.05736, 2.5
side: 0, 0, 0
front only
else
else
else
front: 0.457253, 0, 2.5
back: 1.37176, 0, 7.5
front back
photon_ene: 661.6 photon_theta: 2.95116 photon_phi: 2.82032
traject_len: 5.08294
pe_len: 20.1447 cs_len: 2.30413
---
else
else
front: 0, 0, 2.5
back: 0, 0, 7.5
front back
photon_ene: 661.6 photon_theta: 2.9018 photon_phi: 0.513185
traject_len: 5
pe_len: 36.3177 cs_len: 2.55413
---
else
front: 0, 0, 2.5
side: 0, 0, 0
front only
else
front: 1.0923, 0, 2.5
side: 0, 0, 0
front only
else
else
else
front: 0, 0.64486, 2.5
side: 0, 0, 0
front only
front: 0.426976, 0.181198, 2.5
back: 1.28093, 0.543595, 7.5
front back
photon_ene: 661.6 photon_theta: 0.183448 photon_phi: 0.401342
traject_len: 5.08533
pe_len: 1.21669 cs_len: 4.23011
---
front: 0, 0.0234618, 2.5
back: 0, 0.0703853, 7.5
front back
photon_ene: 661.6 photon_theta: 3.12381 photon_phi: 5.72723
traject_len: 5.00022
pe_len: 61.546 cs_len: 3.37424
---
front: 0.392138, 0.295435, 2.5
back: 1.17642, 0.886304, 7.5
front back
photon_ene: 661.6 photon_theta: 0.193921 photon_phi: 0.64567
traject_len: 5.09551
pe_len: 7.13423 cs_len: 2.91004
---
else
front: 1.16311, 1.5945, 2.5
side: 0, 0, 0
front only
front: 0, 0, 2.5
side: 0, 0, 0
front only
else
else
front: 0.887928, 0.540986, 2.5
side: 0, 0, 0
front only
front: 0, 1.00904, 2.5
side: 0, 0, 0
front only
else
front: 0.742934, 1.14009, 2.5
side: 0, 0, 0
front only
else
else
else
else
front: 2.10828, 0.201208, 2.5
side: 0, 0, 0
front only
else
else
else
front: 0.104199, 0, 2.5
side: 0, 0, 0
front only
front: 0, 1.92475, 2.5
side: 0, 0, 0
front only
front: 0, 0, 2.5
side: 0, 0, 0
front only
else
else
front: 0, 0, 2.5
side: 0, 0, 0
front only
front: 0, 0, 2.5
side: 0, 0, 0
front only
else
else
else
else
front: 0, 0.60262, 2.5
side: 0, 0, 0
front only
front: 0, 0, 2.5
side: 0, 0, 0
front only
else
else
else
else
else
else
front: 0, 0.495004, 2.5
back: 0, 1.48501, 7.5
front back
photon_ene: 661.6 photon_theta: 0.200799 photon_phi: 1.80466
traject_len: 5.09707
pe_len: 27.8333 cs_len: 3.73502
---
else
else
else
else
front: 0.426763, 0, 2.5
back: 1.28029, 0, 7.5
front back
photon_ene: 661.6 photon_theta: 2.97184 photon_phi: 3.05138
traject_len: 5.07233
pe_len: 16.5062 cs_len: 2.59886
---
front: 0.878954, 1.22372, 2.5
side: 0, 0, 0
front only
else
front: 1.10058, 0, 2.5
side: 0, 0, 0
front only
else
else
front: 0.721533, 0, 2.5
side: 0, 0, 0
front only
front: 0.389427, 0.399357, 2.5
back: 1.16828, 1.19807, 7.5
front back
photon_ene: 661.6 photon_theta: 2.92207 photon_phi: 3.93958
traject_len: 5.12294
pe_len: 34.3183 cs_len: 16.7777
---
else
front: 0, 0.84051, 2.5
side: 0, 0, 0
front only
front: 0, 0.0931698, 2.5
side: 0, 0, 0
front only
front: 2.0553, 0, 2.5
side: 0, 0, 0
front only
else
else
front: 0.425875, 0, 2.5
side: 0, 0, 0
front only
front: 1.23635, 0, 2.5
side: 0, 0, 0
front only
else
else
else
front: 0.754289, 0, 2.5
side: 0, 0, 0
front only
else
else
else
else
front: 1.7242, 0, 2.5
side: 0, 0, 0
front only
else
else
front: 0.614277, 0, 2.5
back: 1.84283, 0, 7.5
front back
photon_ene: 661.6 photon_theta: 2.86389 photon_phi: 2.60986
traject_len: 5.14872
pe_len: 25.8909 cs_len: 0.108505
---
front: 0, 0, 2.5
side: 0, 0, 0
front only
else
else
front: 0, 0, 2.5
back: 0, 0, 7.5
front back
photon_ene: 661.6 photon_theta: 0.286184 photon_phi: 4.55656
traject_len: 5
pe_len: 0.359367 cs_len: 3.61277
---
else
else
front: 0.803523, 0.590555, 2.5
side: 0, 0, 0
front only
front: 0, 0, 2.5
side: 0, 0, 0
front only
else
else
else
front: 1.22015, 0.870049, 2.5
side: 0, 0, 0
front only
else
else
front: 0, 0, 2.5
back: 0, 0, 7.5
front back
photon_ene: 661.6 photon_theta: 0.103353 photon_phi: 3.76408
traject_len: 5
pe_len: 13.3584 cs_len: 3.22127
---
front: 0, 0, 2.5
side: 0, 0, 0
front only
else
front: 0, 0, 2.5
side: 0, 0, 0
front only
front: 0, 0, 2.5
side: 0, 0, 0
front only
else
front: 0.600609, 0, 2.5
back: 1.80183, 0, 7.5
front back
photon_ene: 661.6 photon_theta: 0.28175 photon_phi: 5.6915
traject_len: 5.14227
pe_len: 13.8233 cs_len: 2.12905
---
else
else
else
else
else
else
else
else
else
else
else
else
else
else
else
front: 0, 0, 2.5
back: 0, 0, 7.5
front back
photon_ene: 661.6 photon_theta: 0.267398 photon_phi: 3.30686
traject_len: 5
pe_len: 40.4203 cs_len: 2.80847
---
else
else
else
else
else
else
else
front: 0, 0, 2.5
back: 0, 0, 7.5
front back
photon_ene: 661.6 photon_theta: 0.174428 photon_phi: 4.51331
traject_len: 5
pe_len: 80.6632 cs_len: 5.47934
---
else
front: 0.0800616, 0, 2.5
back: 0.240185, 0, 7.5
front back
photon_ene: 661.6 photon_theta: 0.122562 photon_phi: 4.97539
traject_len: 5.00256
pe_len: 115.069 cs_len: 2.18983
---
front: 0, 0, 2.5
side: 0, 0, 0
front only
else
else
front: 2.33603, 0, 2.5
side: 0, 0, 0
front only
else
else
front: 0, 0, 2.5
side: 0, 0, 0
front only
else
front: 0.746951, 0, 2.5
side: 0, 0, 0
front only
else
front: 1.20947, 0, 2.5
side: 0, 0, 0
front only
front: 0, 0, 2.5
side: 0, 0, 0
front only
else
else
front: 1.34447, 0, 2.5
side: 0, 0, 0
front only
else
else
front: 0.16568, 0, 2.5
back: 0.49704, 0, 7.5
front back
photon_ene: 661.6 photon_theta: 2.84569 photon_phi: 1.78994
traject_len: 5.01097
pe_len: 79.9684 cs_len: 5.31007
---
else
else
else
else
else
front: 1.98069, 0, 2.5
side: 0, 0, 0
front only
else
else
front: 1.32421, 0, 2.5
side: 0, 0, 0
front only
else
else
else
else
else
else
else
else
front: 0, 0, 2.5
back: 0, 0, 7.5
front back
photon_ene: 661.6 photon_theta: 0.26451 photon_phi: 4.66196
traject_len: 5
pe_len: 6.9608 cs_len: 5.63984
---
else
else
front: 1.15355, 0, 2.5
side: 0, 0, 0
front only
else
else
else
else
else
else
else
else
else
else
front: 0, 0, 2.5
back: 0, 0, 7.5
front back
photon_ene: 661.6 photon_theta: 3.10843 photon_phi: 0.410597
traject_len: 5
pe_len: 8.88108 cs_len: 0.748552
---
else
else
else
else
else
front: 1.28174, 0, 2.5
side: 0, 0, 0
front only
front: 0.766122, 0.192842, 2.5
back: 2.29837, 0.578525, 7.5
front back
photon_ene: 661.6 photon_theta: 2.83552 photon_phi: 3.38818
traject_len: 5.24371
pe_len: 51.4478 cs_len: 1.1746
---
front: 2.33687, 0, 2.5
side: 0, 0, 0
front only
else
else
front: 0.230511, 0.407924, 2.5
back: 0.691532, 1.22377, 7.5
front back
photon_ene: 661.6 photon_theta: 2.95632 photon_phi: 4.19804
traject_len: 5.08706
pe_len: 25.3178 cs_len: 0.33779
---
else
else
else
front: 0, 0, 2.5
side: 0, 0, 0
front only
else
else
front: 0.87647, 0, 2.5
side: 0, 0, 0
front only
else
else
else
else
else
else
front: 0.0165905, 1.64614, 2.5
side: 0, 0, 0
front only
front: 0, 0, 2.5
side: 0, 0, 0
front only
else
else
else
else
else
else
else
front: 0, 0, 2.5
side: 0, 0, 0
front only
else
front: 0, 0, 2.5
side: 0, 0, 0
front only
else
else
else
else
front: 0, 0.141145, 2.5
side: 0, 0, 0
front only
else
else
else
else
else
else
else
else
else
else
else
else
else
front: 0, 0.969605, 2.5
side: 0, 0, 0
front only
else
else
front: 1.25974, 0.23736, 2.5
side: 0, 0, 0
front only
else
front: 0.445708, 1.05616, 2.5
side: 0, 0, 0
front only
else
front: 0, 0, 2.5
side: 0, 0, 0
front only
else
else
front: 0, 0.284146, 2.5
back: 0, 0.852439, 7.5
front back
photon_ene: 661.6 photon_theta: 3.02692 photon_phi: 4.87503
traject_len: 5.03219
pe_len: 11.3525 cs_len: 7.31688
---
else
else
else
else
else
else
else
else
else
else
else
else
else
else
front: 0, 0.930279, 2.5
side: 0, 0, 0
front only
front: 0, 1.6431, 2.5
side: 0, 0, 0
front only
else
else
else
else
else
else
else
else
front: 0, 0.0941541, 2.5
side: 0, 0, 0
front only
front: 0, 0, 2.5
side: 0, 0, 0
front only
front: 2.27572, 0.162141, 2.5
side: 0, 0, 0
front only
else
front: 0, 0, 2.5
side: 0, 0, 0
front only
front: 0, 1.11092, 2.5
side: 0, 0, 0
front only
else
else
else
else
front: 0.432085, 0.591597, 2.5
back: 1.29625, 1.77479, 7.5
front back
photon_ene: 661.6 photon_theta: 2.85654 photon_phi: 4.08157
traject_len: 5.21025
pe_len: 20.5085 cs_len: 2.00913
---
else
front: 0, 1.81108, 2.5
side: 0, 0, 0
front only
else
front: 0.400488, 0, 2.5
side: 0, 0, 0
front only
else
else
else
else
else
else
else
front: 0, 0, 2.5
side: 0, 0, 0
front only
front: 0.9588, 0, 2.5
side: 0, 0, 0
front only
else
front: 0, 0, 2.5
side: 0, 0, 0
front only
else
front: 0, 0, 2.5
side: 0, 0, 0
front only
else
else
else
else
else
else
else
else
else
else
else
else
front: 0.406577, 0.28119, 2.5
back: 1.21973, 0.84357, 7.5
front back
photon_ene: 661.6 photon_theta: 0.195218 photon_phi: 0.605068
traject_len: 5.09681
pe_len: 126.524 cs_len: 6.68609
---
front: 0, 0.0770737, 2.5
side: 0, 0, 0
front only
front: 1.80485, 0, 2.5
side: 0, 0, 0
front only
else
else
else
else
front: 0.0834425, 1.44097, 2.5
side: 0, 0, 0
front only
else
else
else
else
front: 1.09979, 1.45113, 2.5
side: 0, 0, 0
front only
else
else
else
else
else
front: 0, 0.968, 2.5
side: 0, 0, 0
front only
else
else
front: 0.141422, 0, 2.5
side: 0, 0, 0
front only
else
front: 0, 0, 2.5
back: 0, 0, 7.5
front back
photon_ene: 661.6 photon_theta: 3.01118 photon_phi: 0.577513
traject_len: 5
pe_len: 3.78746 cs_len: 8.68467
---
else
else
else
front: 1.36753, 0, 2.5
side: 0, 0, 0
front only
else
else
else
front: 0, 0, 2.5
side: 0, 0, 0
front only
front: 0, 0, 2.5
side: 0, 0, 0
front only
else
front: 0, 0.836446, 2.5
side: 0, 0, 0
front only
else
else
else
front: 0, 0.824671, 2.5
side: 0, 0, 0
front only
else
front: 0, 0, 2.5
side: 0, 0, 0
front only
else
front: 0, 0, 2.5
side: 0, 0, 0
front only
else
else
front: 1.95794, 0, 2.5
side: 0, 0, 0
front only
else
else
front: 0.402292, 0.451019, 2.5
back: 1.20688, 1.35306, 7.5
front back
photon_ene: 661.6 photon_theta: 2.9044 photon_phi: 3.98403
traject_len: 5.14403
pe_len: 22.6214 cs_len: 2.66768
---
else
else
else
else
front: 0, 1.02324, 2.5
side: 0, 0, 0
front only
else
else
else
else
else
front: 1.46678, 1.27111, 2.5
side: 0, 0, 0
front only
else
else
else
front: 0, 0.963202, 2.5
side: 0, 0, 0
front only
else
else
else
front: 0.101249, 0.257564, 2.5
back: 0.303747, 0.772693, 7.5
front back
photon_ene: 661.6 photon_theta: 3.03134 photon_phi: 4.33784
traject_len: 5.03054
pe_len: 12.9022 cs_len: 2.65941
---
else
front: 1.12185, 0, 2.5
side: 0, 0, 0
front only
front: 1.16255, 0, 2.5
side: 0, 0, 0
front only
front: 0.873954, 0, 2.5
side: 0, 0, 0
front only
front: 0.351758, 0, 2.5
back: 1.05527, 0, 7.5
front back
photon_ene: 661.6 photon_theta: 0.188323 photon_phi: 5.54291
traject_len: 5.04925
pe_len: 43.0509 cs_len: 3.1612
---
front: 1.792, 0, 2.5
side: 0, 0, 0
front only
else
front: 0.633296, 0, 2.5
side: 0, 0, 0
front only
front: 0, 0.184395, 2.5
back: 0, 0.553186, 7.5
front back
photon_ene: 661.6 photon_theta: 0.265942 photon_phi: 2.86739
traject_len: 5.01358
pe_len: 68.4994 cs_len: 2.90051
---
else
front: 1.0275, 0, 2.5
side: 0, 0, 0
front only
else
front: 0.97472, 0, 2.5
side: 0, 0, 0
front only
front: 0, 0.309546, 2.5
side: 0, 0, 0
front only
else
else
else
else
front: 2.31507, 0, 2.5
side: 0, 0, 0
front only
else
front: 0.994584, 0.346255, 2.5
side: 0, 0, 0
front only
else
else
front: 0.195696, 2.13314, 2.5
side: 0, 0, 0
front only
else
front: 0.133866, 0.297873, 2.5
back: 0.401599, 0.893619, 7.5
front back
photon_ene: 661.6 photon_theta: 0.129893 photon_phi: 1.14844
traject_len: 5.04248
pe_len: 55.2139 cs_len: 2.23218
---
else
else
else
front: 0, 1.07617, 2.5
side: 0, 0, 0
front only
else
front: 1.85119, 0.153308, 2.5
side: 0, 0, 0
front only
else
front: 0, 1.60995, 2.5
side: 0, 0, 0
front only
else
else
front: 1.86905, 0.832883, 2.5
side: 0, 0, 0
front only
else
else
else
front: 0, 0.989492, 2.5
side: 0, 0, 0
front only
else
else
else
else
else
else
else
front: 0, 1.48852, 2.5
side: 0, 0, 0
front only
else
else
front: 0, 1.2482, 2.5
side: 0, 0, 0
front only
else
else
front: 1.1291, 0.284792, 2.5
side: 0, 0, 0
front only
front: 0, 0.24411, 2.5
side: 0, 0, 0
front only
else
else
else
else
else
front: 0, 1.06829, 2.5
side: 0, 0, 0
front only
else
else
else
else
front: 0, 0, 2.5
side: 0, 0, 0
front only
else
else
else
else
front: 0, 0.448823, 2.5
back: 0, 1.34647, 7.5
front back
photon_ene: 661.6 photon_theta: 2.95132 photon_phi: 5.0829
traject_len: 5.07994
pe_len: 17.381 cs_len: 4.48859
---
else
front: 0.254067, 0.279413, 2.5
back: 0.762201, 0.83824, 7.5
front back
photon_ene: 661.6 photon_theta: 0.149928 photon_phi: 0.832874
traject_len: 5.05673
pe_len: 9.59388 cs_len: 5.41172
---
front: 0.327118, 0.877832, 2.5
side: 0, 0, 0
front only
front: 0, 0.000320559, 2.5
back: 0, 0.000961676, 7.5
front back
photon_ene: 661.6 photon_theta: 0.09467 photon_phi: 3.14024
traject_len: 5
pe_len: 67.4685 cs_len: 4.37424
---
else
else
else
else
else
else
else
else
else
else
else
else
else
front: 0.421285, 0.926885, 2.5
side: 0, 0, 0
front only
else
else
else
else
front: 0, 1.35754, 2.5
side: 0, 0, 0
front only
else
else
else
else
front: 0.7448, 0, 2.5
side: 0, 0, 0
front only
front: 0, 0, 2.5
side: 0, 0, 0
front only
front: 0.0171303, 1.0525, 2.5
side: 0, 0, 0
front only
else
else
front: 2.46114, 0, 2.5
side: 0, 0, 0
front only
front: 0, 0, 2.5
side: 0, 0, 0
front only
else
else
else
else
else
else
else
else
else
else
front: 0, 1.34539, 2.5
side: 0, 0, 0
front only
else
else
else
else
else
front: 0, 0, 2.5
side: 0, 0, 0
front only
else
else
else
front: 0.636188, 2.03025, 2.5
side: 0, 0, 0
front only
else
else
else
front: 0.442826, 1.91356, 2.5
side: 0, 0, 0
front only
front: 0, 1.32084, 2.5
side: 0, 0, 0
front only
else
front: 0, 1.34992, 2.5
side: 0, 0, 0
front only
front: 0.179133, 0, 2.5
back: 0.537398, 0, 7.5
front back
photon_ene: 661.6 photon_theta: 2.86543 photon_phi: 1.8264
traject_len: 5.01282
pe_len: 10.5656 cs_len: 2.26178
---
else
front: 0, 0, 2.5
side: 0, 0, 0
front only
else
front: 0, 0.178554, 2.5
side: 0, 0, 0
front only
else
else
else
else
front: 0, 0, 2.5
side: 0, 0, 0
front only
else
front: 0, 1.47847, 2.5
side: 0, 0, 0
front only
else
front: 0, 1.12135, 2.5
side: 0, 0, 0
front only
else
else
else
front: 0.511228, 0.0572317, 2.5
back: 1.53368, 0.171695, 7.5
front back
photon_ene: 661.6 photon_theta: 0.202936 photon_phi: 0.111485
traject_len: 5.10475
pe_len: 12.0973 cs_len: 4.62394
---
else
else
else
else
else
front: 0, 0, 2.5
side: 0, 0, 0
front only
front: 0, 0, 2.5
side: 0, 0, 0
front only
else
front: 0, 0.0772584, 2.5
back: 0, 0.231775, 7.5
front back
photon_ene: 661.6 photon_theta: 0.247897 photon_phi: 3.01919
traject_len: 5.00239
pe_len: 18.4134 cs_len: 0.636573
---
else
else
else
front: 0, 0, 2.5
side: 0, 0, 0
front only
else
front: 2.25894, 0.975108, 2.5
side: 0, 0, 0
front only
else
front: 1.52767, 0.982259, 2.5
side: 0, 0, 0
front only
front: 0, 0.231381, 2.5
back: 0, 0.694142, 7.5
front back
photon_ene: 661.6 photon_theta: 0.20264 photon_phi: 2.67431
traject_len: 5.02137
pe_len: 41.5351 cs_len: 0.000472611
---
else
front: 1.13926, 0, 2.5
side: 0, 0, 0
front only
else
else
else
front: 0, 1.57023, 2.5
side: 0, 0, 0
front only
else
else
else
else
front: 1.4237, 0, 2.5
side: 0, 0, 0
front only
front: 0, 0, 2.5
side: 0, 0, 0
front only
front: 0, 0, 2.5
side: 0, 0, 0
front only
else
else
else
else
else
else
else
else
front: 0.35857, 0, 2.5
side: 0, 0, 0
front only
else
front: 0, 0, 2.5
back: 0, 0, 7.5
front back
photon_ene: 661.6 photon_theta: 2.8911 photon_phi: 0.604275
traject_len: 5
pe_len: 18.6609 cs_len: 0.221528
---
else
else
front: 0, 0.176588, 2.5
back: 0, 0.529765, 7.5
front back
photon_ene: 661.6 photon_theta: 3.05232 photon_phi: 5.37384
traject_len: 5.01246
pe_len: 40.5563 cs_len: 2.20373
---
else
else
else
else
else
front: 0.751202, 1.46865, 2.5
side: 0, 0, 0
front only
front: 0, 0, 2.5
side: 0, 0, 0
front only
else
front: 1.40134, 0.733507, 2.5
side: 0, 0, 0
front only
else
else
else
else
else
else
else
else
front: 1.44453, 0, 2.5
side: 0, 0, 0
front only
front: 0, 0.258129, 2.5
side: 0, 0, 0
front only
else
front: 0, 0.974508, 2.5
side: 0, 0, 0
front only
else
else
else
else
front: 0, 1.75122, 2.5
side: 0, 0, 0
front only
else
front: 0, 0, 2.5
side: 0, 0, 0
front only
front: 0.49737, 0, 2.5
back: 1.49211, 0, 7.5
front back
photon_ene: 661.6 photon_theta: 2.86295 photon_phi: 2.3398
traject_len: 5.09799
pe_len: 2.77786 cs_len: 1.79763
---
else
front: 0.659495, 0, 2.5
side: 0, 0, 0
front only
else
else
else
else
else
else
else
else
else
else
front: 0.226761, 0, 2.5
side: 0, 0, 0
front only
else
front: 0, 1.52695, 2.5
side: 0, 0, 0
front only
front: 1.11392, 0, 2.5
side: 0, 0, 0
front only
front: 0.099899, 1.85562, 2.5
side: 0, 0, 0
front only
else
front: 1.59886, 0.750897, 2.5
side: 0, 0, 0
front only
front: 0, 2.09082, 2.5
side: 0, 0, 0
front only
else
else
else
front: 2.08877, 0.438994, 2.5
side: 0, 0, 0
front only
else
else
else
else
else
front: 0.50827, 0, 2.5
side: 0, 0, 0
front only
else
else
else
front: 0.269585, 0, 2.5
back: 0.808755, 0, 7.5
front back
photon_ene: 661.6 photon_theta: 3.03255 photon_phi: 2.96792
traject_len: 5.02899
pe_len: 53.4385 cs_len: 8.10184
---
else
else
else
front: 0.145325, 0, 2.5
side: 0, 0, 0
front only
else
else
front: 1.01946, 0, 2.5
side: 0, 0, 0
front only
front: 0, 0, 2.5
side: 0, 0, 0
front only
else
else
front: 0.945719, 1.12486, 2.5
side: 0, 0, 0
front only
front: 0.806107, 0, 2.5
side: 0, 0, 0
front only
front: 0, 2.28335, 2.5
side: 0, 0, 0
front only
else
else
else
else
else
front: 0, 0.167606, 2.5
side: 0, 0, 0
front only
else
front: 1.82086, 0, 2.5
side: 0, 0, 0
front only
else
else
else
else
front: 0.22016, 0, 2.5
back: 0.660479, 0, 7.5
front back
photon_ene: 661.6 photon_theta: 2.99488 photon_phi: 2.20921
traject_len: 5.01935
pe_len: 5.79003 cs_len: 1.42879
---
front: 1.0798, 1.46199, 2.5
side: 0, 0, 0
front only
else
else
else
front: 1.53522, 0, 2.5
side: 0, 0, 0
front only
front: 1.12317, 2.07386, 2.5
side: 0, 0, 0
front only
else
else
else
else
front: 1.81482, 0, 2.5
side: 0, 0, 0
front only
else
else
front: 0, 0.377037, 2.5
side: 0, 0, 0
front only
else
else
else
else
else
else
else
else
front: 0, 0.2545, 2.5
side: 0, 0, 0
front only
front: 0, 0.189914, 2.5
back: 0, 0.569741, 7.5
front back
photon_ene: 661.6 photon_theta: 2.9025 photon_phi: 5.96626
traject_len: 5.01441
pe_len: 13.374 cs_len: 5.72743
---
front: 0, 1.84825, 2.5
side: 0, 0, 0
front only
else
else
else
else
front: 1.29546, 0.488872, 2.5
side: 0, 0, 0
front only
front: 0, 0, 2.5
side: 0, 0, 0
front only
else
front: 1.43402, 1.42016, 2.5
side: 0, 0, 0
front only
else
front: 1.64554, 1.814, 2.5
side: 0, 0, 0
front only
else
else
else
else
else
else
front: 1.15404, 0, 2.5
side: 0, 0, 0
front only
front: 0, 0.92211, 2.5
side: 0, 0, 0
front only
else
else
else
front: 0.641289, 0.416976, 2.5
back: 1.92387, 1.25093, 7.5
front back
photon_ene: 661.6 photon_theta: 2.84467 photon_phi: 3.71812
traject_len: 5.22881
pe_len: 2.81133 cs_len: 11.6956
---
else
else
else
else
else
front: 1.44845, 0, 2.5
side: 0, 0, 0
front only
else
front: 0, 0.333594, 2.5
back: 0, 1.00078, 7.5
front back
photon_ene: 661.6 photon_theta: 0.133972 photon_phi: 1.71204
traject_len: 5.04432
pe_len: 24.1707 cs_len: 10.3148
---
else
front: 0, 1.01362, 2.5
side: 0, 0, 0
front only
else
front: 0.261609, 0, 2.5
back: 0.784826, 0, 7.5
front back
photon_ene: 661.6 photon_theta: 3.0157 photon_phi: 2.54426
traject_len: 5.0273
pe_len: 112.007 cs_len: 0.546383
---
else
else
else
else
else
front: 0.110321, 0, 2.5
side: 0, 0, 0
front only
front: 0.931664, 0, 2.5
side: 0, 0, 0
front only
front: 0.227704, 0, 2.5
side: 0, 0, 0
front only
else
front: 0, 0, 2.5
side: 0, 0, 0
front only
front: 1.5567, 0.98405, 2.5
side: 0, 0, 0
front only
else
else
else
front: 0, 0, 2.5
side: 0, 0, 0
front only
else
else
else
front: 0, 0, 2.5
side: 0, 0, 0
front only
else
else
else
else
else
front: 0, 0, 2.5
back: 0, 0, 7.5
front back
photon_ene: 661.6 photon_theta: 0.268743 photon_phi: 3.51554
traject_len: 5
pe_len: 17.1682 cs_len: 6.16796
---
front: 0, 0.0747544, 2.5
side: 0, 0, 0
front only
else
else
else
else
else
else
else
front: 0.59014, 0.00866177, 2.5
back: 1.77042, 0.0259853, 7.5
front back
photon_ene: 661.6 photon_theta: 2.90976 photon_phi: 3.15627
traject_len: 5.13745
pe_len: 98.7836 cs_len: 4.65575
---
else
front: 0.959139, 2.28165, 2.5
side: 0, 0, 0
front only
front: 0.588015, 6.78398e-05, 2.5
back: 1.76405, 0.000203519, 7.5
front back
photon_ene: 661.6 photon_theta: 2.91059 photon_phi: 3.14171
traject_len: 5.13644
pe_len: 33.5042 cs_len: 3.67336
---
front: 0.267563, 0.883299, 2.5
side: 0, 0, 0
front only
else
front: 2.43254, 0.17108, 2.5
side: 0, 0, 0
front only
front: 0.711364, 0.00970393, 2.5
back: 2.13409, 0.0291118, 7.5
front back
photon_ene: 661.6 photon_theta: 2.86435 photon_phi: 3.15523
traject_len: 5.19851
pe_len: 19.9917 cs_len: 1.27312
---
else
else
else
else
front: 0, 0.223961, 2.5
side: 0, 0, 0
front only
else
else
else
front: 1.8657, 0, 2.5
side: 0, 0, 0
front only
else
else
else
front: 0, 0, 2.5
side: 0, 0, 0
front only
else
else
else
else
else
else
else
else
else
else
else
front: 1.6693, 0.515119, 2.5
side: 0, 0, 0
front only
front: 1.48313, 1.88869, 2.5
side: 0, 0, 0
front only
else
else
else
else
else
else
front: 0.635964, 1.83134, 2.5
side: 0, 0, 0
front only
else
else
else
else
else
front: 0.391457, 0, 2.5
side: 0, 0, 0
front only
else
else
else
else
else
front: 0.916718, 1.00055, 2.5
side: 0, 0, 0
front only
front: 1.55658, 0, 2.5
side: 0, 0, 0
front only
front: 1.82043, 0, 2.5
side: 0, 0, 0
front only
else
else
front: 0, 0.344377, 2.5
side: 0, 0, 0
front only
else
front: 0, 1.05974, 2.5
side: 0, 0, 0
front only
else
else
front: 0, 0.527051, 2.5
side: 0, 0, 0
front only
front: 0.101661, 0, 2.5
side: 0, 0, 0
front only
front: 0, 1.35183, 2.5
side: 0, 0, 0
front only
else
else
else
else
front: 0, 0, 2.5
back: 0, 0, 7.5
front back
photon_ene: 661.6 photon_theta: 0.0870125 photon_phi: 3.54871
traject_len: 5
pe_len: 60.5542 cs_len: 2.9222
---
else
front: 1.85884, 0, 2.5
side: 0, 0, 0
front only
else
else
else
else
else
else
else
front: 0, 0.585022, 2.5
back: 0, 1.75506, 7.5
front back
photon_ene: 661.6 photon_theta: 0.274616 photon_phi: 2.16141
traject_len: 5.13508
pe_len: 19.97 cs_len: 0.222755
---
else
else
else
else
else
else
else
front: 1.45218, 0, 2.5
side: 0, 0, 0
front only
front: 2.16505, 0, 2.5
side: 0, 0, 0
front only
else
front: 0, 0, 2.5
side: 0, 0, 0
front only
front: 0, 0.960157, 2.5
side: 0, 0, 0
front only
front: 0.790838, 0, 2.5
side: 0, 0, 0
front only
else
else
else
else
front: 0, 0, 2.5
side: 0, 0, 0
front only
else
front: 0, 2.37123, 2.5
side: 0, 0, 0
front only
else
front: 0, 0, 2.5
side: 0, 0, 0
front only
else
else
else
else
else
else
else
front: 0, 1.30147, 2.5
side: 0, 0, 0
front only
else
front: 1.23219, 0, 2.5
side: 0, 0, 0
front only
front: 0, 0.133198, 2.5
side: 0, 0, 0
front only
front: 0.794874, 1.22599, 2.5
side: 0, 0, 0
front only
front: 0, 0.673198, 2.5
side: 0, 0, 0
front only
else
else
else
front: 0, 0, 2.5
back: 0, 0, 7.5
front back
photon_ene: 661.6 photon_theta: 0.26379 photon_phi: 4.20105
traject_len: 5
pe_len: 9.985 cs_len: 2.57044
---
front: 0.177885, 0, 2.5
side: 0, 0, 0
front only
front: 0, 0, 2.5
side: 0, 0, 0
front only
front: 0.214786, 0.651398, 2.5
back: 0.644358, 1.95419, 7.5
front back
photon_ene: 661.6 photon_theta: 0.267769 photon_phi: 1.25229
traject_len: 5.18477
pe_len: 40.1509 cs_len: 0.994396
---
else
else
else
else
else
else
else
else
front: 0, 0.552297, 2.5
back: 0, 1.65689, 7.5
front back
photon_ene: 661.6 photon_theta: 0.254968 photon_phi: 2.13015
traject_len: 5.12056
pe_len: 12.5163 cs_len: 0.604968
---
else
front: 0.0195574, 0, 2.5
side: 0, 0, 0
front only
else
else
front: 0.752334, 0.23731, 2.5
back: 2.257, 0.711929, 7.5
front back
photon_ene: 661.6 photon_theta: 0.305661 photon_phi: 0.305553
traject_len: 5.24302
pe_len: 69.4513 cs_len: 0.991322
---
front: 0, 1.16536, 2.5
side: 0, 0, 0
front only
else
front: 0.195999, 0.87026, 2.5
side: 0, 0, 0
front only
front: 1.88958, 0.757247, 2.5
side: 0, 0, 0
front only
else
front: 1.15869, 0, 2.5
side: 0, 0, 0
front only
front: 0, 2.41433, 2.5
side: 0, 0, 0
front only
else
else
front: 0, 1.25587, 2.5
side: 0, 0, 0
front only
else
front: 0.506427, 0.246733, 2.5
back: 1.51928, 0.740199, 7.5
front back
photon_ene: 661.6 photon_theta: 2.91996 photon_phi: 3.59495
traject_len: 5.12537
pe_len: 44.9953 cs_len: 7.48767
---
else
front: 0, 0, 2.5
side: 0, 0, 0
front only
else
else
else
else
front: 0, 0, 2.5
side: 0, 0, 0
front only
else
else
else
else
front: 0, 2.22557, 2.5
side: 0, 0, 0
front only
else
else
else
else
else
else
else
else
else
else
front: 1.00791, 0, 2.5
side: 0, 0, 0
front only
else
else
front: 0, 0, 2.5
back: 0, 0, 7.5
front back
photon_ene: 661.6 photon_theta: 0.15813 photon_phi: 3.58878
traject_len: 5
pe_len: 44.2323 cs_len: 8.69477
---
else
else
front: 0, 0.0419442, 2.5
side: 0, 0, 0
front only
front: 0, 1.85298, 2.5
side: 0, 0, 0
front only
else
front: 0.312516, 0, 2.5
back: 0.937549, 0, 7.5
front back
photon_ene: 661.6 photon_theta: 2.96931 photon_phi: 2.3723
traject_len: 5.03892
pe_len: 5.81312 cs_len: 0.0928701
---
else
else
else
else
else
else
front: 0.335264, 0.889799, 2.5
side: 0, 0, 0
front only
else
else
front: 0.063553, 0, 2.5
side: 0, 0, 0
front only
else
front: 0.299976, 0.150745, 2.5
back: 0.899927, 0.452236, 7.5
front back
photon_ene: 661.6 photon_theta: 3.0081 photon_phi: 3.60726
traject_len: 5.04488
pe_len: 2.83582 cs_len: 19.2599
---
else
front: 1.18239, 0.689083, 2.5
side: 0, 0, 0
front only
else
else
front: 0, 2.11231, 2.5
side: 0, 0, 0
front only
else
else
else
else
else
front: 0, 0.19337, 2.5
side: 0, 0, 0
front only
else
else
else
else
else
else
else
front: 0, 0, 2.5
side: 0, 0, 0
front only
else
else
else
else
else
front: 0, 0.404287, 2.5
side: 0, 0, 0
front only
front: 1.30176, 0, 2.5
side: 0, 0, 0
front only
front: 0, 0.979139, 2.5
side: 0, 0, 0
front only
else
else
else
else
front: 0.308212, 0.487915, 2.5
back: 0.924637, 1.46375, 7.5
front back
photon_ene: 661.6 photon_theta: 2.91472 photon_phi: 4.14899
traject_len: 5.13149
pe_len: 29.6865 cs_len: 5.02332
---
front: 1.27712, 0, 2.5
side: 0, 0, 0
front only
front: 0, 0.777722, 2.5
side: 0, 0, 0
front only
front: 1.26681, 0.614249, 2.5
side: 0, 0, 0
front only
else
else
else
else
else
else
else
else
else
else
else
else
else
front: 0, 0.347845, 2.5
back: 0, 1.04354, 7.5
front back
photon_ene: 661.6 photon_theta: 0.145903 photon_phi: 1.89827
traject_len: 5.04817
pe_len: 5.08646 cs_len: 6.50493
---
front: 0, 2.23058, 2.5
side: 0, 0, 0
front only
front: 0.345156, 0.714649, 2.5
back: 1.03547, 2.14395, 7.5
front back
photon_ene: 661.6 photon_theta: 2.8342 photon_phi: 4.26246
traject_len: 5.2459
pe_len: 16.0997 cs_len: 10.5584
---
else
else
else
else
else
front: 1.50275, 0, 2.5
side: 0, 0, 0
front only
else
front: 0, 0.820991, 2.5
side: 0, 0, 0
front only
else
else
else
front: 0.222708, 0, 2.5
side: 0, 0, 0
front only
else
else
else
else
else
else
else
else
else
front: 0, 0, 2.5
side: 0, 0, 0
front only
else
front: 1.26218, 0.77242, 2.5
side: 0, 0, 0
front only
else
else
front: 0, 1.55606, 2.5
side: 0, 0, 0
front only
else
else
front: 0, 2.27948, 2.5
side: 0, 0, 0
front only
else
else
else
else
front: 0, 0, 2.5
side: 0, 0, 0
front only
else
else
else
else
front: 0.843897, 1.88527, 2.5
side: 0, 0, 0
front only
else
else
else
else
else
else
else
else
else
else
else
else
else
front: 0, 0, 2.5
back: 0, 0, 7.5
front back
photon_ene: 661.6 photon_theta: 2.92138 photon_phi: 1.34024
traject_len: 5
pe_len: 70.0409 cs_len: 3.18069
---
else
front: 1.61564, 0.0211331, 2.5
side: 0, 0, 0
front only
else
else
else
else
front: 0, 0.76782, 2.5
side: 0, 0, 0
front only
else
else
else
front: 1.13335, 2.05451, 2.5
side: 0, 0, 0
front only
else
else
else
else
front: 1.72661, 0, 2.5
side: 0, 0, 0
front only
else
else
else
front: 0, 0, 2.5
side: 0, 0, 0
front only
front: 0, 0.978786, 2.5
side: 0, 0, 0
front only
else
else
else
front: 1.68136, 0.407574, 2.5
side: 0, 0, 0
front only
else
front: 1.12177, 0, 2.5
side: 0, 0, 0
front only
else
else
else
else
else
front: 0.946626, 0, 2.5
side: 0, 0, 0
front only
else
else
else
else
else
else
front: 0, 0.919329, 2.5
side: 0, 0, 0
front only
else
else
front: 0, 0.14346, 2.5
side: 0, 0, 0
front only
else
else
else
else
else
else
front: 1.5446, 1.06647, 2.5
side: 0, 0, 0
front only
front: 0, 0, 2.5
side: 0, 0, 0
front only
else
front: 0, 0.503061, 2.5
back: 0, 1.50918, 7.5
front back
photon_ene: 661.6 photon_theta: 2.86217 photon_phi: 5.50596
traject_len: 5.10022
pe_len: 3.66333 cs_len: 3.52521
---
front: 0, 0.842034, 2.5
side: 0, 0, 0
front only
front: 1.88272, 0, 2.5
side: 0, 0, 0
front only
else
else
front: 0, 0, 2.5
side: 0, 0, 0
front only
front: 0, 0, 2.5
side: 0, 0, 0
front only
front: 0.917811, 1.62727, 2.5
side: 0, 0, 0
front only
front: 0.8135, 0, 2.5
side: 0, 0, 0
front only
else
front: 0, 0, 2.5
back: 0, 0, 7.5
front back
photon_ene: 661.6 photon_theta: 2.97604 photon_phi: 1.2863
traject_len: 5
pe_len: 36.1729 cs_len: 0.992902
---
else
else
else
front: 0, 0, 2.5
side: 0, 0, 0
front only
else
front: 0.269898, 0, 2.5
side: 0, 0, 0
front only
else
front: 1.91062, 0.89205, 2.5
side: 0, 0, 0
front only
else
else
front: 0, 0, 2.5
side: 0, 0, 0
front only
else
else
else
else
front: 0, 0, 2.5
side: 0, 0, 0
front only
front: 0.338956, 1.34346, 2.5
side: 0, 0, 0
front only
front: 0.731358, 0, 2.5
side: 0, 0, 0
front only
else
else
else
else
else
else
else
else
else
else
else
else
front: 1.58523, 0, 2.5
side: 0, 0, 0
front only
else
else
else
else
front: 0.783185, 0, 2.5
back: 2.34956, 0, 7.5
front back
photon_ene: 661.6 photon_theta: 2.8339 photon_phi: 2.97284
traject_len: 5.23961
pe_len: 2.71971 cs_len: 0.787414
---
else
else
else
else
front: 0, 1.51132, 2.5
side: 0, 0, 0
front only
else
else
else
else
else
front: 0.0338493, 0.48127, 2.5
back: 0.101548, 1.44381, 7.5
front back
photon_ene: 661.6 photon_theta: 2.95095 photon_phi: 4.64217
traject_len: 5.09226
pe_len: 31.965 cs_len: 3.75977
---
else
front: 0, 0.583308, 2.5
side: 0, 0, 0
front only
else
else
else
else
else
front: 0, 0, 2.5
back: 0, 0, 7.5
front back
photon_ene: 661.6 photon_theta: 2.90651 photon_phi: 0.789549
traject_len: 5
pe_len: 31.6342 cs_len: 0.255467
---
else
else
else
front: 0.689328, 0.301396, 2.5
back: 2.06798, 0.904187, 7.5
front back
photon_ene: 661.6 photon_theta: 0.292315 photon_phi: 0.412185
traject_len: 5.2215
pe_len: 10.3452 cs_len: 0.378382
---
else
front: 0, 0, 2.5
side: 0, 0, 0
front only
else
front: 1.33175, 0.4162, 2.5
side: 0, 0, 0
front only
else
else
else
else
else
front: 1.88284, 1.55807, 2.5
side: 0, 0, 0
front only
else
else
else
else
else
front: 0, 1.47816, 2.5
side: 0, 0, 0
front only
else
else
front: 0.238632, 0, 2.5
side: 0, 0, 0
front only
else
front: 0, 0.388897, 2.5
back: 0, 1.16669, 7.5
front back
photon_ene: 661.6 photon_theta: 0.174565 photon_phi: 2.06139
traject_len: 5.06013
pe_len: 18.0459 cs_len: 4.47647
---
else
else
else
else
else
else
front: 0, 0, 2.5
side: 0, 0, 0
front only
else
front: 0.402418, 0, 2.5
side: 0, 0, 0
front only
else
else
else
else
front: 0, 2.22223, 2.5
side: 0, 0, 0
front only
else
else
else
else
front: 0.942844, 0, 2.5
side: 0, 0, 0
front only
else
else
front: 0, 0.328948, 2.5
back: 0, 0.986844, 7.5
front back
photon_ene: 661.6 photon_theta: 0.13239 photon_phi: 1.72545
traject_len: 5.0431
pe_len: 128.384 cs_len: 9.64028
---
else
else
else
else
front: 0.291284, 0.55076, 2.5
back: 0.873851, 1.65228, 7.5
front back
photon_ene: 661.6 photon_theta: 0.244242 photon_phi: 1.08432
traject_len: 5.15293
pe_len: 72.3551 cs_len: 9.46275
---
else
else
else
else
else
front: 1.85861, 0, 2.5
side: 0, 0, 0
front only
else
else
else
else
else
else
else
else
else
front: 0, 1.50644, 2.5
side: 0, 0, 0
front only
front: 0.915428, 1.17064, 2.5
side: 0, 0, 0
front only
front: 0, 0, 2.5
side: 0, 0, 0
front only
front: 1.38424, 0, 2.5
side: 0, 0, 0
front only
else
front: 0.577686, 0.0579213, 2.5
back: 1.73306, 0.173764, 7.5
front back
photon_ene: 661.6 photon_theta: 0.228188 photon_phi: 0.0999304
traject_len: 5.13306
pe_len: 38.6705 cs_len: 1.01278
---
else
else
else
else
front: 1.27187, 0.0202319, 2.5
side: 0, 0, 0
front only
front: 0.433562, 0.467092, 2.5
back: 1.30069, 1.40128, 7.5
front back
photon_ene: 661.6 photon_theta: 0.249604 photon_phi: 0.82261
traject_len: 5.1599
pe_len: 39.592 cs_len: 0.830452
---
else
else
else
else
else
front: 0, 0.293987, 2.5
side: 0, 0, 0
front only
front: 1.80878, 0, 2.5
side: 0, 0, 0
front only
else
front: 0.205724, 2.4611, 2.5
side: 0, 0, 0
front only
front: 0.997428, 0, 2.5
side: 0, 0, 0
front only
else
else
front: 1.41733, 0, 2.5
side: 0, 0, 0
front only
else
front: 0, 0, 2.5
side: 0, 0, 0
front only
front: 0.899325, 0, 2.5
side: 0, 0, 0
front only
else
else
else
else
front: 0, 0.966527, 2.5
side: 0, 0, 0
front only
else
front: 1.36725, 0.1963, 2.5
side: 0, 0, 0
front only
else
front: 0.0775777, 2.29715, 2.5
side: 0, 0, 0
front only
else
else
front: 0.259396, 0, 2.5
side: 0, 0, 0
front only
else
else
front: 0, 0.464066, 2.5
side: 0, 0, 0
front only
else
else
else
else
else
front: 0, 0, 2.5
side: 0, 0, 0
front only
front: 1.2989, 0, 2.5
side: 0, 0, 0
front only
else
else
else
else
else
else
front: 0, 0, 2.5
side: 0, 0, 0
front only
front: 0, 0, 2.5
side: 0, 0, 0
front only
else
else
else
else
else
else
else
front: 2.0237, 0, 2.5
side: 0, 0, 0
front only
front: 1.99595, 0, 2.5
side: 0, 0, 0
front only
else
else
else
else
else
else
front: 0.687724, 0, 2.5
side: 0, 0, 0
front only
else
else
else
front: 1.56184, 0, 2.5
side: 0, 0, 0
front only
else
else
front: 1.04879, 1.1448, 2.5
side: 0, 0, 0
front only
else
else
front: 1.71418, 0.159293, 2.5
side: 0, 0, 0
front only
front: 0, 1.79663, 2.5
side: 0, 0, 0
front only
else
front: 0, 1.01053, 2.5
side: 0, 0, 0
front only
else
else
else
else
else
else
else
else
else
else
else
else
front: 0, 0, 2.5
side: 0, 0, 0
front only
front: 0, 0.871275, 2.5
side: 0, 0, 0
front only
front: 1.77986, 1.33769, 2.5
side: 0, 0, 0
front only
else
else
else
else
else
else
else
else
else
else
else
front: 1.25786, 0.826235, 2.5
side: 0, 0, 0
front only
else
front: 0.535037, 0, 2.5
back: 1.60511, 0, 7.5
front back
photon_ene: 661.6 photon_theta: 2.91758 photon_phi: 2.79151
traject_len: 5.11322
pe_len: 34.3073 cs_len: 11.9393
---
else
else
else
else
else
front: 0.017368, 0.443953, 2.5
back: 0.052104, 1.33186, 7.5
front back
photon_ene: 661.6 photon_theta: 0.175881 photon_phi: 1.5317
traject_len: 5.07834
pe_len: 16.5039 cs_len: 1.43292
---
else
else
front: 0, 0.894618, 2.5
side: 0, 0, 0
front only
else
else
else
else
else
else
front: 0, 0, 2.5
back: 0, 0, 7.5
front back
photon_ene: 661.6 photon_theta: 0.077165 photon_phi: 4.21926
traject_len: 5
pe_len: 16.8099 cs_len: 5.93042
---
else
else
front: 0, 0, 2.5
side: 0, 0, 0
front only
else
else
else
else
else
else
front: 0, 0.689379, 2.5
side: 0, 0, 0
front only
front: 0, 0, 2.5
side: 0, 0, 0
front only
else
else
else
else
else
else
else
front: 0.660035, 1.42153, 2.5
side: 0, 0, 0
front only
else
else
front: 0.588352, 0, 2.5
side: 0, 0, 0
front only
front: 0.643197, 0, 2.5
side: 0, 0, 0
front only
else
else
else
else
front: 0, 0.387343, 2.5
back: 0, 1.16203, 7.5
front back
photon_ene: 661.6 photon_theta: 0.31575 photon_phi: 2.64745
traject_len: 5.05966
pe_len: 22.3253 cs_len: 10.2609
---
else
else
else
front: 0, 0, 2.5
side: 0, 0, 0
front only
else
front: 0, 0, 2.5
side: 0, 0, 0
front only
front: 0.885282, 0, 2.5
side: 0, 0, 0
front only
else
else
else
else
else
else
else
front: 0, 0.610155, 2.5
side: 0, 0, 0
front only
else
else
else
else
front: 0, 1.27732, 2.5
side: 0, 0, 0
front only
else
else
front: 0.524975, 0, 2.5
back: 1.57493, 0, 7.5
front back
photon_ene: 661.6 photon_theta: 0.250504 photon_phi: 5.67496
traject_len: 5.10905
pe_len: 34.5804 cs_len: 1.28354
---
else
else
front: 0, 0.838588, 2.5
side: 0, 0, 0
front only
front: 1.90781, 0, 2.5
side: 0, 0, 0
front only
front: 0, 0, 2.5
side: 0, 0, 0
front only
else
else
else
else
front: 0, 0.828936, 2.5
side: 0, 0, 0
front only
front: 0, 0.494331, 2.5
side: 0, 0, 0
front only
else
else
else
else
else
else
else
else
else
else
else
front: 0.025852, 0, 2.5
side: 0, 0, 0
front only
else
else
front: 0, 1.42985, 2.5
side: 0, 0, 0
front only
else
else
else
else
else
front: 0, 1.13413, 2.5
side: 0, 0, 0
front only
front: 1.47935, 1.23185, 2.5
side: 0, 0, 0
front only
else
front: 0, 1.39568, 2.5
side: 0, 0, 0
front only
else
front: 0, 0, 2.5
side: 0, 0, 0
front only
front: 1.65703, 1.39811, 2.5
side: 0, 0, 0
front only
front: 0, 0, 2.5
side: 0, 0, 0
front only
front: 0.128758, 0, 2.5
back: 0.386273, 0, 7.5
front back
photon_ene: 661.6 photon_theta: 0.306474 photon_phi: 4.87587
traject_len: 5.00663
pe_len: 48.0881 cs_len: 8.2416
---
else
else
else
else
else
else
else
else
else
else
else
else
front: 2.45297, 0.0896391, 2.5
side: 0, 0, 0
front only
front: 1.75002, 1.11822, 2.5
side: 0, 0, 0
front only
front: 0, 0, 2.5
side: 0, 0, 0
front only
else
front: 0, 0, 2.5
side: 0, 0, 0
front only
else
else
else
else
front: 0.922888, 0, 2.5
side: 0, 0, 0
front only
else
front: 0, 0, 2.5
back: 0, 0, 7.5
front back
photon_ene: 661.6 photon_theta: 2.84357 photon_phi: 0.452737
traject_len: 5
pe_len: 22.7616 cs_len: 1.13789
---
front: 0, 0, 2.5
side: 0, 0, 0
front only
front: 0.448668, 0, 2.5
side: 0, 0, 0
front only
else
else
else
else
else
else
else
else
front: 0, 1.32214, 2.5
side: 0, 0, 0
front only
else
front: 0, 0, 2.5
side: 0, 0, 0
front only
else
else
front: 2.15671, 0, 2.5
side: 0, 0, 0
front only
else
else
front: 0, 1.51235, 2.5
side: 0, 0, 0
front only
else
front: 2.01002, 0.0573225, 2.5
side: 0, 0, 0
front only
front: 0, 0.715068, 2.5
side: 0, 0, 0
front only
front: 0.640707, 2.00607, 2.5
side: 0, 0, 0
front only
else
else
else
else
front: 1.32334, 0, 2.5
side: 0, 0, 0
front only
else
else
else
else
else
else
else
front: 0, 1.80751, 2.5
side: 0, 0, 0
front only
else
else
front: 0, 0, 2.5
side: 0, 0, 0
front only
else
else
else
else
else
front: 0, 0, 2.5
side: 0, 0, 0
front only
else
else
else
else
else
front: 0.1212, 0.059415, 2.5
back: 0.3636, 0.178245, 7.5
front back
photon_ene: 661.6 photon_theta: 0.0539396 photon_phi: 0.455795
traject_len: 5.00728
pe_len: 2.86869 cs_len: 14.5451
---
else
else
else
else
else
else
else
else
else
else
else
front: 1.36726, 0, 2.5
side: 0, 0, 0
front only
front: 2.14476, 0.24375, 2.5
side: 0, 0, 0
front only
else
front: 0, 0, 2.5
side: 0, 0, 0
front only
else
front: 0, 0.801065, 2.5
side: 0, 0, 0
front only
else
else
else
else
else
front: 0, 0.798863, 2.5
side: 0, 0, 0
front only
else
else
else
front: 0.221991, 0.127796, 2.5
back: 0.665972, 0.383388, 7.5
front back
photon_ene: 661.6 photon_theta: 3.03949 photon_phi: 3.66394
traject_len: 5.02618
pe_len: 42.5645 cs_len: 0.0751205
---
else
else
else
else
else
front: 0, 0.223327, 2.5
back: 0, 0.669982, 7.5
front back
photon_ene: 661.6 photon_theta: 0.219011 photon_phi: 2.72861
traject_len: 5.01991
pe_len: 1.0703 cs_len: 2.01899
---
front: 0.1295, 0, 2.5
back: 0.3885, 0, 7.5
front back
photon_ene: 661.6 photon_theta: 3.03613 photon_phi: 2.08215
traject_len: 5.0067
pe_len: 24.2846 cs_len: 1.3156
---
else
else
else
else
else
else
front: 0.654776, 0, 2.5
side: 0, 0, 0
front only
else
else
else
else
front: 0, 0, 2.5
side: 0, 0, 0
front only
else
else
else
else
front: 0, 1.19018, 2.5
side: 0, 0, 0
front only
front: 0, 0, 2.5
side: 0, 0, 0
front only
front: 0, 0.519563, 2.5
side: 0, 0, 0
front only
else
front: 0, 1.08415, 2.5
side: 0, 0, 0
front only
else
front: 1.8504, 0, 2.5
side: 0, 0, 0
front only
front: 0, 0.716097, 2.5
side: 0, 0, 0
front only
else
else
else
else
else
else
front: 0, 0, 2.5
side: 0, 0, 0
front only
front: 1.59544, 0, 2.5
side: 0, 0, 0
front only
else
else
else
front: 1.5014, 0, 2.5
side: 0, 0, 0
front only
else
else
else
else
else
front: 0, 0, 2.5
side: 0, 0, 0
front only
else
else
front: 0.593711, 2.24259, 2.5
side: 0, 0, 0
front only
else
else
front: 0, 0.212063, 2.5
back: 0, 0.636188, 7.5
front back
photon_ene: 661.6 photon_theta: 3.01471 photon_phi: 5.55578
traject_len: 5.01796
pe_len: 11.8961 cs_len: 4.92208
---
else
else
else
else
else
else
else
front: 0.642571, 0, 2.5
back: 1.92771, 0, 7.5
front back
photon_ene: 661.6 photon_theta: 2.88287 photon_phi: 2.90091
traject_len: 5.16252
pe_len: 70.5327 cs_len: 7.13863
---
else
else
front: 0, 0, 2.5
side: 0, 0, 0
front only
front: 0, 0, 2.5
side: 0, 0, 0
front only
else
front: 1.89107, 0, 2.5
side: 0, 0, 0
front only
else
else
else
else
else
else
else
else
else
else
else
else
front: 1.2252, 0.229909, 2.5
side: 0, 0, 0
front only
else
else
else
else
else
else
else
else
front: 1.75619, 1.50706, 2.5
side: 0, 0, 0
front only
else
else
else
else
front: 1.35586, 0, 2.5
side: 0, 0, 0
front only
else
else
else
else
front: 0, 1.55165, 2.5
side: 0, 0, 0
front only
else
front: 0, 0.143006, 2.5
side: 0, 0, 0
front only
front: 0.489626, 0, 2.5
side: 0, 0, 0
front only
front: 0, 0, 2.5
side: 0, 0, 0
front only
else
else
else
else
else
else
else
else
else
else
else
else
else
else
else
else
front: 1.41872, 0.877107, 2.5
side: 0, 0, 0
front only
else
else
else
else
else
else
else
else
else
front: 0.56038, 1.72251, 2.5
side: 0, 0, 0
front only
else
else
else
else
else
front: 0, 0, 2.5
side: 0, 0, 0
front only
else
else
else
else
else
else
front: 0.330876, 0, 2.5
side: 0, 0, 0
front only
else
else
else
else
front: 0.692236, 0.88855, 2.5
side: 0, 0, 0
front only
else
front: 0, 0.74175, 2.5
side: 0, 0, 0
front only
else
else
else
else
else
else
else
front: 1.47778, 0, 2.5
side: 0, 0, 0
front only
else
else
else
front: 0.316211, 2.31004, 2.5
side: 0, 0, 0
front only
else
else
else
else
front: 0.698831, 0.345752, 2.5
back: 2.09649, 1.03726, 7.5
front back
photon_ene: 661.6 photon_theta: 2.83928 photon_phi: 3.60104
traject_len: 5.23752
pe_len: 44.1964 cs_len: 0.524992
---
else
else
front: 0, 0.0872907, 2.5
side: 0, 0, 0
front only
else
else
else
front: 2.1093, 0.396258, 2.5
side: 0, 0, 0
front only
front: 0.306909, 1.58285, 2.5
side: 0, 0, 0
front only
else
else
else
else
else
else
else
else
else
front: 0, 0.252545, 2.5
side: 0, 0, 0
front only
else
front: 0.0733475, 0, 2.5
side: 0, 0, 0
front only
else
else
else
else
else
else
else
else
else
else
front: 2.08392, 0.554907, 2.5
side: 0, 0, 0
front only
else
front: 0, 0.0714136, 2.5
side: 0, 0, 0
front only
else
front: 1.23765, 1.30705, 2.5
side: 0, 0, 0
front only
else
else
else
else
else
else
else
else
front: 0.820893, 0.499888, 2.5
side: 0, 0, 0
front only
else
front: 1.54939, 0, 2.5
side: 0, 0, 0
front only
front: 0, 1.19385, 2.5
side: 0, 0, 0
front only
else
else
else
else
else
else
front: 1.44187, 1.09664, 2.5
side: 0, 0, 0
front only
else
front: 0.661694, 0, 2.5
back: 1.98508, 0, 7.5
front back
photon_ene: 661.6 photon_theta: 2.87101 photon_phi: 2.83768
traject_len: 5.17217
pe_len: 67.8104 cs_len: 1.30647
---
front: 2.03691, 0, 2.5
side: 0, 0, 0
front only
front: 0, 0.736044, 2.5
side: 0, 0, 0
front only
else
front: 2.03319, 0.356423, 2.5
side: 0, 0, 0
front only
front: 0, 0, 2.5
back: 0, 0, 7.5
front back
photon_ene: 661.6 photon_theta: 2.95054 photon_phi: 1.43566
traject_len: 5
pe_len: 7.59941 cs_len: 0.491717
---
else
else
else
front: 0.192373, 0, 2.5
side: 0, 0, 0
front only
front: 0.872335, 0.937478, 2.5
side: 0, 0, 0
front only
else
else
front: 0, 1.52843, 2.5
side: 0, 0, 0
front only
front: 1.3337, 0, 2.5
side: 0, 0, 0
front only
front: 0, 0, 2.5
side: 0, 0, 0
front only
else
else
else
else
front: 0, 0.947037, 2.5
side: 0, 0, 0
front only
else
else
front: 0, 0.651647, 2.5
side: 0, 0, 0
front only
else
front: 2.20219, 0, 2.5
side: 0, 0, 0
front only
else
else
else
front: 0.370375, 0, 2.5
side: 0, 0, 0
front only
else
else
else
else
else
else
else
front: 0.34653, 0.0810022, 2.5
back: 1.03959, 0.243007, 7.5
front back
photon_ene: 661.6 photon_theta: 3.00019 photon_phi: 3.37122
traject_len: 5.0504
pe_len: 14.9994 cs_len: 1.26817
---
front: 0, 0, 2.5
back: 0, 0, 7.5
front back
photon_ene: 661.6 photon_theta: 0.19871 photon_phi: 3.23464
traject_len: 5
pe_len: 22.6609 cs_len: 8.08485
---
front: 0, 1.14349, 2.5
side: 0, 0, 0
front only
else
else
else
else
else
else
else
else
else
else
else
else
else
front: 0.13198, 0, 2.5
side: 0, 0, 0
front only
else
else
front: 0.940422, 0, 2.5
side: 0, 0, 0
front only
else
else
else
front: 0.101218, 0, 2.5
side: 0, 0, 0
front only
front: 0.0969424, 0, 2.5
back: 0.290827, 0, 7.5
front back
photon_ene: 661.6 photon_theta: 2.98654 photon_phi: 1.8215
traject_len: 5.00376
pe_len: 7.11089 cs_len: 4.76095
---
else
else
else
else
else
else
front: 0, 1.99982, 2.5
side: 0, 0, 0
front only
else
else
else
else
else
else
front: 0, 0.704091, 2.5
side: 0, 0, 0
front only
else
else
else
else
else
else
else
front: 0, 0, 2.5
side: 0, 0, 0
front only
front: 0, 0.599638, 2.5
side: 0, 0, 0
front only
else
front: 0, 0, 2.5
side: 0, 0, 0
front only
else
front: 0, 0, 2.5
side: 0, 0, 0
front only
else
else
front: 0.544282, 0.315458, 2.5
back: 1.63285, 0.946374, 7.5
front back
photon_ene: 661.6 photon_theta: 2.89507 photon_phi: 3.66687
traject_len: 5.15587
pe_len: 0.572921 cs_len: 3.01947
---
else
front: 1.56977, 0, 2.5
side: 0, 0, 0
front only
else
front: 0, 0, 2.5
side: 0, 0, 0
front only
front: 0, 0.803645, 2.5
side: 0, 0, 0
front only
else
else
front: 1.65096, 0.374578, 2.5
side: 0, 0, 0
front only
front: 0, 0.0532833, 2.5
back: 0, 0.15985, 7.5
front back
photon_ene: 661.6 photon_theta: 2.86613 photon_phi: 6.20771
traject_len: 5.00114
pe_len: 13.7551 cs_len: 3.53344
---
else
else
front: 0.206557, 0, 2.5
back: 0.61967, 0, 7.5
front back
photon_ene: 661.6 photon_theta: 0.106253 photon_phi: 5.59859
traject_len: 5.01704
pe_len: 10.9136 cs_len: 3.08666
---
else
front: 0, 0, 2.5
side: 0, 0, 0
front only
front: 1.89898, 1.31761, 2.5
side: 0, 0, 0
front only
else
front: 0, 1.45543, 2.5
side: 0, 0, 0
front only
front: 0, 2.08882, 2.5
side: 0, 0, 0
front only
else
else
else
front: 1.48023, 1.31048, 2.5
side: 0, 0, 0
front only
front: 0, 1.53868, 2.5
side: 0, 0, 0
front only
front: 0, 0.77794, 2.5
side: 0, 0, 0
front only
else
else
front: 0, 0, 2.5
side: 0, 0, 0
front only
else
else
else
front: 0.534213, 0, 2.5
side: 0, 0, 0
front only
else
else
front: 0, 1.1465, 2.5
side: 0, 0, 0
front only
else
else
else
else
else
front: 0, 1.1958, 2.5
side: 0, 0, 0
front only
front: 0, 0, 2.5
side: 0, 0, 0
front only
else
else
else
front: 0.785108, 0, 2.5
side: 0, 0, 0
front only
else
else
else
front: 2.28964, 0, 2.5
side: 0, 0, 0
front only
else
front: 0, 0, 2.5
side: 0, 0, 0
front only
else
else
else
front: 0.197419, 1.14365, 2.5
side: 0, 0, 0
front only
else
front: 0.272527, 0.921432, 2.5
side: 0, 0, 0
front only
else
else
else
else
front: 0, 1.53419, 2.5
side: 0, 0, 0
front only
else
else
else
front: 0, 0, 2.5
side: 0, 0, 0
front only
else
else
else
else
front: 0, 0, 2.5
side: 0, 0, 0
front only
else
else
else
front: 0.579102, 0, 2.5
side: 0, 0, 0
front only
else
front: 0.284265, 0, 2.5
side: 0, 0, 0
front only
else
else
else
else
else
else
front: 0, 0.811344, 2.5
side: 0, 0, 0
front only
else
else
else
else
else
else
else
else
else
front: 0, 1.15708, 2.5
side: 0, 0, 0
front only
else
else
front: 0.948581, 0, 2.5
side: 0, 0, 0
front only
else
else
front: 0, 0.186694, 2.5
back: 0, 0.560083, 7.5
front back
photon_ene: 661.6 photon_theta: 2.96821 photon_phi: 5.84269
traject_len: 5.01392
pe_len: 14.5662 cs_len: 5.83294
---
else
else
else
else
else
else
front: 1.70237, 0.456741, 2.5
side: 0, 0, 0
front only
else
else
front: 2.04344, 0, 2.5
side: 0, 0, 0
front only
else
front: 0, 0, 2.5
side: 0, 0, 0
front only
front: 0.419405, 0, 2.5
side: 0, 0, 0
front only
front: 1.75288, 1.08835, 2.5
side: 0, 0, 0
front only
else
else
else
else
else
else
else
else
else
else
else
else
front: 1.77817, 0, 2.5
side: 0, 0, 0
front only
else
else
else
front: 0, 0, 2.5
side: 0, 0, 0
front only
else
front: 0, 0.376525, 2.5
back: 0, 1.12957, 7.5
front back
photon_ene: 661.6 photon_theta: 2.87664 photon_phi: 5.69473
traject_len: 5.05639
pe_len: 84.4528 cs_len: 4.31915
---
front: 0.668197, 1.21688, 2.5
side: 0, 0, 0
front only
front: 0, 0.38727, 2.5
back: 0, 1.16181, 7.5
front back
photon_ene: 661.6 photon_theta: 0.267374 photon_phi: 2.54056
traject_len: 5.05964
pe_len: 62.7332 cs_len: 0.197006
---
else
else
else
else
front: 0, 0, 2.5
side: 0, 0, 0
front only
else
else
front: 1.2225, 1.64978, 2.5
side: 0, 0, 0
front only
else
else
else
else
else
front: 0, 0, 2.5
side: 0, 0, 0
front only
else
else
else
else
else
front: 0, 0.316743, 2.5
back: 0, 0.95023, 7.5
front back
photon_ene: 661.6 photon_theta: 0.31151 photon_phi: 2.73718
traject_len: 5.03997
pe_len: 62.4073 cs_len: 0.802384
---
else
else
else
front: 1.10303, 0, 2.5
side: 0, 0, 0
front only
else
else
front: 1.16684, 1.86479, 2.5
side: 0, 0, 0
front only
else
else
else
else
else
else
front: 0, 0.235298, 2.5
back: 0, 0.705894, 7.5
front back
photon_ene: 661.6 photon_theta: 2.91031 photon_phi: 5.87203
traject_len: 5.0221
pe_len: 10.5832 cs_len: 4.82861
---
front: 0, 0, 2.5
back: 0, 0, 7.5
front back
photon_ene: 661.6 photon_theta: 0.141857 photon_phi: 3.59015
traject_len: 5
pe_len: 21.0569 cs_len: 1.06293
---
else
else
front: 0.123352, 0.122461, 2.5
back: 0.370057, 0.367383, 7.5
front back
photon_ene: 661.6 photon_theta: 0.0694152 photon_phi: 0.781772
traject_len: 5.01207
pe_len: 25.3733 cs_len: 0.564397
---
else
front: 2.0949, 1.07995, 2.5
side: 0, 0, 0
front only
else
else
else
front: 0, 1.79214, 2.5
side: 0, 0, 0
front only
else
else
else
else
front: 0, 0, 2.5
side: 0, 0, 0
front only
else
else
front: 0, 0, 2.5
side: 0, 0, 0
front only
front: 0.433482, 0, 2.5
side: 0, 0, 0
front only
else
else
front: 0, 0.807777, 2.5
side: 0, 0, 0
front only
else
else
else
else
else
else
else
front: 0.386244, 0, 2.5
side: 0, 0, 0
front only
else
else
else
else
else
else
else
else
else
front: 0, 0, 2.5
side: 0, 0, 0
front only
else
front: 0, 0.144153, 2.5
back: 0, 0.43246, 7.5
front back
photon_ene: 661.6 photon_theta: 0.0754627 photon_phi: 2.27419
traject_len: 5.00831
pe_len: 6.45557 cs_len: 1.47348
---
else
front: 0.628241, 0, 2.5
side: 0, 0, 0
front only
else
front: 1.74624, 0, 2.5
side: 0, 0, 0
front only
else
else
front: 0, 1.64599, 2.5
side: 0, 0, 0
front only
else
front: 2.32239, 0, 2.5
side: 0, 0, 0
front only
else
front: 0, 0.465284, 2.5
side: 0, 0, 0
front only
else
else
front: 1.95579, 0, 2.5
side: 0, 0, 0
front only
front: 0, 0, 2.5
side: 0, 0, 0
front only
front: 0.850149, 0, 2.5
side: 0, 0, 0
front only
else
front: 0, 0, 2.5
side: 0, 0, 0
front only
else
else
else
front: 0.565539, 0, 2.5
side: 0, 0, 0
front only
else
else
else
front: 1.57183, 0, 2.5
side: 0, 0, 0
front only
else
front: 0, 1.28601, 2.5
side: 0, 0, 0
front only
else
front: 0.507617, 0, 2.5
side: 0, 0, 0
front only
else
front: 1.61521, 0, 2.5
side: 0, 0, 0
front only
else
front: 1.17253, 1.58053, 2.5
side: 0, 0, 0
front only
else
front: 1.98333, 1.27633, 2.5
side: 0, 0, 0
front only
else
front: 0, 0, 2.5
back: 0, 0, 7.5
front back
photon_ene: 661.6 photon_theta: 0.271202 photon_phi: 4.12595
traject_len: 5
pe_len: 12.7151 cs_len: 5.01997
---
else
else
else
front: 1.17582, 0, 2.5
side: 0, 0, 0
front only
else
front: 1.94628, 0, 2.5
side: 0, 0, 0
front only
else
else
else
else
front: 0.276016, 0.719052, 2.5
back: 0.828047, 2.15716, 7.5
front back
photon_ene: 661.6 photon_theta: 0.298856 photon_phi: 1.20428
traject_len: 5.23191
pe_len: 6.54485 cs_len: 1.61221
---
else
else
else
else
else
else
else
front: 0, 0, 2.5
side: 0, 0, 0
front only
front: 0, 0.209182, 2.5
side: 0, 0, 0
front only
front: 1.42423, 0, 2.5
side: 0, 0, 0
front only
else
else
front: 0.486716, 0, 2.5
side: 0, 0, 0
front only
else
front: 0, 0, 2.5
side: 0, 0, 0
front only
else
else
else
else
else
front: 0.447137, 0, 2.5
side: 0, 0, 0
front only
front: 0, 0.0257303, 2.5
back: 0, 0.0771908, 7.5
front back
photon_ene: 661.6 photon_theta: 2.86001 photon_phi: 6.2476
traject_len: 5.00026
pe_len: 24.6534 cs_len: 3.97148
---
else
else
else
front: 1.47483, 1.01364, 2.5
side: 0, 0, 0
front only
front: 1.06438, 1.84738, 2.5
side: 0, 0, 0
front only
else
else
else
front: 0, 0, 2.5
side: 0, 0, 0
front only
else
front: 1.84136, 0.444483, 2.5
side: 0, 0, 0
front only
else
else
else
else
else
front: 0, 0, 2.5
side: 0, 0, 0
front only
else
else
else
else
else
else
front: 0, 0, 2.5
back: 0, 0, 7.5
front back
photon_ene: 661.6 photon_theta: 2.88397 photon_phi: 1.26263
traject_len: 5
pe_len: 2.56845 cs_len: 0.942907
---
else
else
else
front: 0, 1.32857, 2.5
side: 0, 0, 0
front only
else
front: 0, 0, 2.5
side: 0, 0, 0
front only
else
else
else
else
front: 0, 1.0425, 2.5
side: 0, 0, 0
front only
else
front: 0, 0.294305, 2.5
side: 0, 0, 0
front only
front: 2.01805, 0.664872, 2.5
side: 0, 0, 0
front only
else
else
front: 0, 1.14747, 2.5
side: 0, 0, 0
front only
else
front: 2.35494, 0, 2.5
side: 0, 0, 0
front only
else
else
else
else
else
front: 1.61224, 0, 2.5
side: 0, 0, 0
front only
front: 0.0246263, 0.554857, 2.5
back: 0.0738788, 1.66457, 7.5
front back
photon_ene: 661.6 photon_theta: 2.92298 photon_phi: 4.66804
traject_len: 5.1219
pe_len: 41.9554 cs_len: 1.9503
---
front: 2.15788, 0.458382, 2.5
side: 0, 0, 0
front only
else
front: 1.15859, 0, 2.5
side: 0, 0, 0
front only
else
else
front: 0.992048, 0.321812, 2.5
side: 0, 0, 0
front only
else
else
else
else
else
front: 0, 1.14069, 2.5
side: 0, 0, 0
front only
front: 0.458884, 0, 2.5
back: 1.37665, 0, 7.5
front back
photon_ene: 661.6 photon_theta: 0.183274 photon_phi: 6.1437
traject_len: 5.08353
pe_len: 14.8901 cs_len: 2.30156
---
front: 0.113584, 1.12777, 2.5
side: 0, 0, 0
front only
front: 0, 2.12936, 2.5
side: 0, 0, 0
front only
front: 0, 0.0379586, 2.5
back: 0, 0.113876, 7.5
front back
photon_ene: 661.6 photon_theta: 0.0820048 photon_phi: 2.95579
traject_len: 5.00058
pe_len: 9.50502 cs_len: 2.36809
---
front: 0.380458, 0, 2.5
side: 0, 0, 0
front only
else
else
else
else
front: 0.85348, 0, 2.5
side: 0, 0, 0
front only
else
else
front: 0.726738, 0, 2.5
side: 0, 0, 0
front only
else
else
front: 1.29953, 0, 2.5
side: 0, 0, 0
front only
else
else
else
else
else
else
front: 0, 0.426491, 2.5
side: 0, 0, 0
front only
else
front: 0.229656, 1.06511, 2.5
side: 0, 0, 0
front only
else
else
else
else
else
else
else
else
front: 0, 0.357815, 2.5
side: 0, 0, 0
front only
else
else
front: 0, 0.766358, 2.5
side: 0, 0, 0
front only
else
front: 0, 1.66692, 2.5
side: 0, 0, 0
front only
else
else
else
front: 0.761477, 0.768978, 2.5
side: 0, 0, 0
front only
else
else
front: 0, 0.63741, 2.5
side: 0, 0, 0
front only
else
else
else
else
front: 0, 0, 2.5
side: 0, 0, 0
front only
else
front: 0.00820643, 1.76172, 2.5
side: 0, 0, 0
front only
else
front: 0.255487, 0, 2.5
side: 0, 0, 0
front only
front: 0.935333, 0.64182, 2.5
side: 0, 0, 0
front only
else
front: 1.40401, 0.0229033, 2.5
side: 0, 0, 0
front only
front: 0, 0, 2.5
side: 0, 0, 0
front only
else
else
else
else
else
else
front: 0, 0, 2.5
back: 0, 0, 7.5
front back
photon_ene: 661.6 photon_theta: 0.228562 photon_phi: 3.42745
traject_len: 5
pe_len: 22.1235 cs_len: 0.508715
---
else
else
else
else
else
else
front: 1.83734, 0, 2.5
side: 0, 0, 0
front only
else
front: 0.773259, 1.44063, 2.5
side: 0, 0, 0
front only
else
else
else
else
else
else
else
else
else
front: 0, 0, 2.5
side: 0, 0, 0
front only
else
else
front: 0, 0, 2.5
side: 0, 0, 0
front only
front: 0.857923, 0, 2.5
side: 0, 0, 0
front only
else
else
else
else
else
front: 0.661349, 0.727648, 2.5
side: 0, 0, 0
front only
else
else
else
else
else
else
else
front: 0, 0, 2.5
side: 0, 0, 0
front only
else
else
else
else
else
else
else
front: 0, 0.638598, 2.5
back: 0, 1.91579, 7.5
front back
photon_ene: 661.6 photon_theta: 2.8446 photon_phi: 5.2957
traject_len: 5.16055
pe_len: 45.3075 cs_len: 13.713
---
else
else
else
front: 0.940628, 0, 2.5
side: 0, 0, 0
front only
else
else
front: 0, 0, 2.5
back: 0, 0, 7.5
front back
photon_ene: 661.6 photon_theta: 2.87975 photon_phi: 0.686504
traject_len: 5
pe_len: 14.9153 cs_len: 5.6341
---
else
else
front: 0, 1.39094, 2.5
side: 0, 0, 0
front only
front: 0, 1.53316, 2.5
side: 0, 0, 0
front only
else
else
front: 0, 0.971027, 2.5
side: 0, 0, 0
front only
front: 0, 0.59296, 2.5
back: 0, 1.77888, 7.5
front back
photon_ene: 661.6 photon_theta: 2.82659 photon_phi: 5.46796
traject_len: 5.13872
pe_len: 51.438 cs_len: 0.844473
---
else
front: 0.432586, 0, 2.5
back: 1.29776, 0, 7.5
front back
photon_ene: 661.6 photon_theta: 2.95402 photon_phi: 2.71811
traject_len: 5.0743
pe_len: 47.9899 cs_len: 13.376
---
else
else
else
else
else
front: 0.468287, 0.873954, 2.5
side: 0, 0, 0
front only
front: 0, 0, 2.5
side: 0, 0, 0
front only
else
else
else
else
else
front: 0, 0, 2.5
side: 0, 0, 0
front only
else
front: 0, 0.994286, 2.5
side: 0, 0, 0
front only
front: 0, 0, 2.5
side: 0, 0, 0
front only
else
front: 1.14809, 0, 2.5
side: 0, 0, 0
front only
front: 0, 0, 2.5
side: 0, 0, 0
front only
else
else
else
front: 0.609748, 0.143031, 2.5
back: 1.82925, 0.429092, 7.5
front back
photon_ene: 661.6 photon_theta: 2.89612 photon_phi: 3.372
traject_len: 5.15451
pe_len: 34.6592 cs_len: 3.63635
---
else
else
else
else
front: 0, 0, 2.5
side: 0, 0, 0
front only
else
else
else
else
else
front: 0.78015, 0, 2.5
side: 0, 0, 0
front only
front: 0, 0.371677, 2.5
side: 0, 0, 0
front only
else
else
else
else
else
else
else
else
front: 1.38146, 1.71216, 2.5
side: 0, 0, 0
front only
else
else
else
front: 0.662834, 0.725191, 2.5
side: 0, 0, 0
front only
front: 0.382023, 1.28558, 2.5
side: 0, 0, 0
front only
else
else
front: 0, 0, 2.5
side: 0, 0, 0
front only
else
else
front: 0, 0, 2.5
side: 0, 0, 0
front only
else
front: 0.0875364, 0, 2.5
side: 0, 0, 0
front only
front: 0.808693, 0.93421, 2.5
side: 0, 0, 0
front only
else
front: 1.03916, 0, 2.5
side: 0, 0, 0
front only
else
else
else
front: 0, 0.427578, 2.5
side: 0, 0, 0
front only
else
else
else
else
front: 0, 0, 2.5
side: 0, 0, 0
front only
else
else
else
front: 0, 0, 2.5
side: 0, 0, 0
front only
else
else
else
else
front: 0, 0.85109, 2.5
side: 0, 0, 0
front only
else
else
else
front: 0, 1.69673, 2.5
side: 0, 0, 0
front only
front: 0, 0, 2.5
side: 0, 0, 0
front only
else
else
else
else
else
front: 1.698, 0, 2.5
side: 0, 0, 0
front only
else
else
else
else
front: 1.13941, 0, 2.5
side: 0, 0, 0
front only
else
else
front: 0.660854, 0.228307, 2.5
back: 1.98256, 0.684922, 7.5
front back
photon_ene: 661.6 photon_theta: 0.272705 photon_phi: 0.332636
traject_len: 5.19186
pe_len: 38.698 cs_len: 3.16636
---
else
front: 0, 0.0304471, 2.5
side: 0, 0, 0
front only
front: 0.32813, 0, 2.5
side: 0, 0, 0
front only
front: 0, 0, 2.5
back: 0, 0, 7.5
front back
photon_ene: 661.6 photon_theta: 0.248181 photon_phi: 3.83198
traject_len: 5
pe_len: 32.6967 cs_len: 0.178334
---
else
front: 0, 0.558809, 2.5
side: 0, 0, 0
front only
else
front: 0, 2.04181, 2.5
side: 0, 0, 0
front only
front: 0.663713, 0, 2.5
back: 1.99114, 0, 7.5
front back
photon_ene: 661.6 photon_theta: 0.259502 photon_phi: 6.27822
traject_len: 5.17321
pe_len: 34.4796 cs_len: 6.60463
---
else
else
else
front: 0.159456, 0, 2.5
back: 0.478369, 0, 7.5
front back
photon_ene: 661.6 photon_theta: 2.94497 photon_phi: 1.89674
traject_len: 5.01016
pe_len: 18.5387 cs_len: 4.35339
---
else
front: 1.36848, 0, 2.5
side: 0, 0, 0
front only
front: 1.31487, 0, 2.5
side: 0, 0, 0
front only
else
else
else
else
else
else
else
else
else
else
else
else
else
else
else
else
else
else
else
front: 0, 0.35738, 2.5
side: 0, 0, 0
front only
else
else
else
else
else
else
else
else
else
else
else
else
else
else
else
else
front: 0, 0, 2.5
side: 0, 0, 0
front only
else
else
else
else
else
else
front: 0, 0.270146, 2.5
side: 0, 0, 0
front only
else
else
else
else
else
else
else
else
front: 0, 0, 2.5
side: 0, 0, 0
front only
front: 1.1965, 0, 2.5
side: 0, 0, 0
front only
front: 0.0330675, 1.1977, 2.5
side: 0, 0, 0
front only
else
else
front: 1.72731, 0, 2.5
side: 0, 0, 0
front only
else
else
front: 0, 0, 2.5
side: 0, 0, 0
front only
front: 0, 0, 2.5
side: 0, 0, 0
front only
else
front: 0, 0, 2.5
side: 0, 0, 0
front only
else
front: 0.456588, 0.438736, 2.5
back: 1.36977, 1.31621, 7.5
front back
photon_ene: 661.6 photon_theta: 2.89352 photon_phi: 3.90705
traject_len: 5.15789
pe_len: 18.3891 cs_len: 0.122266
---
front: 0, 0, 2.5
side: 0, 0, 0
front only
else
front: 1.32202, 0, 2.5
side: 0, 0, 0
front only
else
front: 0, 0.189787, 2.5
side: 0, 0, 0
front only
front: 0.797611, 0.15151, 2.5
back: 2.39283, 0.45453, 7.5
front back
photon_ene: 661.6 photon_theta: 2.82759 photon_phi: 3.32931
traject_len: 5.25705
pe_len: 8.94699 cs_len: 2.13055
---
else
else
else
else
else
else
front: 1.57634, 0, 2.5
side: 0, 0, 0
front only
else
else
else
front: 0, 0.0145357, 2.5
back: 0, 0.043607, 7.5
front back
photon_ene: 661.6 photon_theta: 2.94755 photon_phi: 6.25359
traject_len: 5.00008
pe_len: 94.8155 cs_len: 17.995
---
else
else
else
front: 0, 1.59969, 2.5
side: 0, 0, 0
front only
front: 0.0145402, 1.96535, 2.5
side: 0, 0, 0
front only
else
else
else
front: 0.0393238, 1.40856, 2.5
side: 0, 0, 0
front only
else
else
front: 0.792213, 0.192176, 2.5
back: 2.37664, 0.576527, 7.5
front back
photon_ene: 661.6 photon_theta: 2.82639 photon_phi: 3.37958
traject_len: 5.2591
pe_len: 17.4216 cs_len: 1.72121
---
else
else
else
front: 0, 2.40399, 2.5
side: 0, 0, 0
front only
front: 0, 0.47583, 2.5
back: 0, 1.42749, 7.5
front back
photon_ene: 661.6 photon_theta: 0.26651 photon_phi: 2.37014
traject_len: 5.08976
pe_len: 16.5629 cs_len: 1.04536
---
else
else
else
else
else
else
else
else
else
front: 0, 0, 2.5
side: 0, 0, 0
front only
else
else
else
else
else
else
else
front: 0, 0, 2.5
side: 0, 0, 0
front only
else
else
front: 1.75454, 0.311091, 2.5
side: 0, 0, 0
front only
else
else
front: 0, 1.03477, 2.5
side: 0, 0, 0
front only
front: 0.688295, 0, 2.5
side: 0, 0, 0
front only
else
else
else
front: 0.506787, 0, 2.5
side: 0, 0, 0
front only
front: 0, 0, 2.5
side: 0, 0, 0
front only
else
else
else
else
else
front: 0.00428203, 0, 2.5
side: 0, 0, 0
front only
front: 0, 0, 2.5
side: 0, 0, 0
front only
else
else
front: 1.38021, 0, 2.5
side: 0, 0, 0
front only
else
else
else
front: 0, 0, 2.5
side: 0, 0, 0
front only
else
else
else
else
else
else
else
front: 0.979469, 0.477818, 2.5
side: 0, 0, 0
front only
else
front: 0.960252, 2.19709, 2.5
side: 0, 0, 0
front only
front: 0, 0.0876791, 2.5
side: 0, 0, 0
front only
else
else
else
else
else
front: 0.675545, 0, 2.5
side: 0, 0, 0
front only
else
front: 1.93216, 0.851714, 2.5
side: 0, 0, 0
front only
else
else
else
front: 0, 0, 2.5
side: 0, 0, 0
front only
front: 0, 0.195307, 2.5
back: 0, 0.585922, 7.5
front back
photon_ene: 661.6 photon_theta: 2.89127 photon_phi: 5.97267
traject_len: 5.01523
pe_len: 22.2844 cs_len: 1.00016
---
else
else
front: 0, 0, 2.5
side: 0, 0, 0
front only
front: 1.02175, 0, 2.5
side: 0, 0, 0
front only
else
else
else
else
front: 0.120844, 0.677783, 2.5
back: 0.362531, 2.03335, 7.5
front back
photon_ene: 661.6 photon_theta: 0.268727 photon_phi: 1.39436
traject_len: 5.18613
pe_len: 53.2696 cs_len: 0.083672
---
front: 0, 0.562081, 2.5
side: 0, 0, 0
front only
front: 0.843607, 0, 2.5
side: 0, 0, 0
front only
else
else
else
else
else
front: 0, 0, 2.5
side: 0, 0, 0
front only
else
front: 0, 1.57358, 2.5
side: 0, 0, 0
front only
else
else
else
else
front: 0.55916, 0, 2.5
side: 0, 0, 0
front only
else
else
else
else
else
else
front: 0, 0.98318, 2.5
side: 0, 0, 0
front only
front: 2.25369, 0.0437855, 2.5
side: 0, 0, 0
front only
else
else
else
else
front: 0.273628, 0, 2.5
back: 0.820883, 0, 7.5
front back
photon_ene: 661.6 photon_theta: 2.91987 photon_phi: 2.07776
traject_len: 5.02986
pe_len: 1.34468 cs_len: 1.30813
---
else
else
else
else
else
else
else
else
front: 0.839874, 0.747667, 2.5
side: 0, 0, 0
front only
else
else
else
else
else
else
else
else
front: 0, 0.722463, 2.5
side: 0, 0, 0
front only
else
else
else
else
else
else
else
else
front: 0.827491, 0, 2.5
side: 0, 0, 0
front only
else
else
front: 0, 0, 2.5
side: 0, 0, 0
front only
front: 0.250977, 0, 2.5
side: 0, 0, 0
front only
front: 1.22718, 1.74815, 2.5
side: 0, 0, 0
front only
else
front: 0.45674, 0, 2.5
back: 1.37022, 0, 7.5
front back
photon_ene: 661.6 photon_theta: 2.82218 photon_phi: 2.15602
traject_len: 5.08276
pe_len: 57.1698 cs_len: 0.959718
---
else
else
else
else
else
front: 1.16113, 1.9827, 2.5
side: 0, 0, 0
front only
front: 1.52007, 0.8193, 2.5
side: 0, 0, 0
front only
else
else
front: 0.689592, 0, 2.5
back: 2.06878, 0, 7.5
front back
photon_ene: 661.6 photon_theta: 2.87134 photon_phi: 3.04895
traject_len: 5.18673
pe_len: 3.36599 cs_len: 9.56242
---
else
else
front: 0, 0.283236, 2.5
side: 0, 0, 0
front only
else
else
else
front: 0.368609, 0.877385, 2.5
side: 0, 0, 0
front only
else
else
else
else
front: 0, 0, 2.5
side: 0, 0, 0
front only
else
else
front: 1.84414, 0.629414, 2.5
side: 0, 0, 0
front only
else
else
else
else
front: 0, 0, 2.5
side: 0, 0, 0
front only
else
else
else
else
front: 0.668647, 1.32768, 2.5
side: 0, 0, 0
front only
else
else
else
else
else
else
else
else
else
else
else
else
else
else
else
else
else
front: 1.62689, 0.452052, 2.5
side: 0, 0, 0
front only
else
else
else
front: 0, 0.543707, 2.5
side: 0, 0, 0
front only
else
else
else
else
else
else
front: 0.58458, 0.784988, 2.5
side: 0, 0, 0
front only
else
front: 0.561738, 0.136151, 2.5
back: 1.68521, 0.408452, 7.5
front back
photon_ene: 661.6 photon_theta: 2.91438 photon_phi: 3.37938
traject_len: 5.1319
pe_len: 75.9272 cs_len: 0.0860906
---
else
else
else
else
front: 1.31466, 0.118403, 2.5
side: 0, 0, 0
front only
else
else
else
front: 1.85796, 0, 2.5
side: 0, 0, 0
front only
else
else
front: 0.155451, 0.114477, 2.5
back: 0.466354, 0.343432, 7.5
front back
photon_ene: 661.6 photon_theta: 0.077069 photon_phi: 0.634753
traject_len: 5.01489
pe_len: 26.0533 cs_len: 2.05544
---
else
front: 0.508152, 0, 2.5
back: 1.52446, 0, 7.5
front back
photon_ene: 661.6 photon_theta: 2.94096 photon_phi: 3.10859
traject_len: 5.10224
pe_len: 14.1105 cs_len: 13.7092
---
else
else
else
front: 0, 0, 2.5
side: 0, 0, 0
front only
front: 0.355941, 0.0591056, 2.5
back: 1.06782, 0.177317, 7.5
front back
photon_ene: 661.6 photon_theta: 2.99826 photon_phi: 3.30615
traject_len: 5.05181
pe_len: 1.90432 cs_len: 14.5311
---
else
else
front: 0.830441, 0, 2.5
side: 0, 0, 0
front only
else
else
else
else
else
front: 0, 1.51841, 2.5
side: 0, 0, 0
front only
front: 1.00338, 0.692448, 2.5
side: 0, 0, 0
front only
else
else
front: 0, 0, 2.5
side: 0, 0, 0
front only
else
else
else
else
else
else
else
else
else
else
else
else
front: 0, 0.768114, 2.5
side: 0, 0, 0
front only
else
else
front: 0, 1.44699, 2.5
side: 0, 0, 0
front only
else
else
front: 1.13019, 0.661339, 2.5
side: 0, 0, 0
front only
else
else
front: 0, 0.735298, 2.5
back: 0, 2.20589, 7.5
front back
photon_ene: 661.6 photon_theta: 0.307856 photon_phi: 1.96055
traject_len: 5.21178
pe_len: 18.4035 cs_len: 4.12069
---
else
else
front: 0.689162, 1.12189, 2.5
side: 0, 0, 0
front only
else
front: 0.859837, 0.572546, 2.5
side: 0, 0, 0
front only
else
else
else
else
else
else
else
else
front: 1.68854, 0.693358, 2.5
side: 0, 0, 0
front only
else
else
else
front: 0.511608, 1.20798, 2.5
side: 0, 0, 0
front only
front: 0, 1.19332, 2.5
side: 0, 0, 0
front only
else
front: 0, 0, 2.5
side: 0, 0, 0
front only
else
front: 1.24194, 0, 2.5
side: 0, 0, 0
front only
else
else
else
front: 1.12846, 1.29279, 2.5
side: 0, 0, 0
front only
else
else
else
front: 0, 0.111531, 2.5
side: 0, 0, 0
front only
else
else
else
else
front: 0, 0, 2.5
side: 0, 0, 0
front only
else
else
else
else
else
front: 1.12504, 2.18052, 2.5
side: 0, 0, 0
front only
else
else
else
front: 0, 0, 2.5
back: 0, 0, 7.5
front back
photon_ene: 661.6 photon_theta: 2.97684 photon_phi: 1.55389
traject_len: 5
pe_len: 34.8233 cs_len: 2.78635
---
front: 0.792598, 0.325847, 2.5
side: 0, 0, 0
front only
front: 1.07197, 0.834165, 2.5
side: 0, 0, 0
front only
else
else
front: 1.15271, 0.125199, 2.5
side: 0, 0, 0
front only
else
else
else
else
front: 1.05475, 0.464072, 2.5
side: 0, 0, 0
front only
else
else
else
else
else
else
else
front: 0, 0, 2.5
side: 0, 0, 0
front only
else
else
else
front: 0, 0, 2.5
side: 0, 0, 0
front only
else
front: 0.0324162, 0, 2.5
back: 0.0972485, 0, 7.5
front back
photon_ene: 661.6 photon_theta: 0.202024 photon_phi: 4.77574
traject_len: 5.00042
pe_len: 107.224 cs_len: 1.58016
---
else
else
else
else
else
else
else
else
front: 0, 0, 2.5
side: 0, 0, 0
front only
else
front: 0, 0, 2.5
side: 0, 0, 0
front only
front: 1.74533, 0.822039, 2.5
side: 0, 0, 0
front only
else
front: 0, 1.89223, 2.5
side: 0, 0, 0
front only
front: 0.203549, 0.96369, 2.5
side: 0, 0, 0
front only
else
else
front: 0, 0.324712, 2.5
side: 0, 0, 0
front only
front: 0, 0.51187, 2.5
side: 0, 0, 0
front only
else
else
else
front: 0, 2.35707, 2.5
side: 0, 0, 0
front only
front: 0, 0.840301, 2.5
side: 0, 0, 0
front only
else
else
else
else
else
front: 0.257945, 0, 2.5
back: 0.773834, 0, 7.5
front back
photon_ene: 661.6 photon_theta: 2.97583 photon_phi: 2.23536
traject_len: 5.02654
pe_len: 25.9771 cs_len: 2.72003
---
front: 1.39741, 0.16456, 2.5
side: 0, 0, 0
front only
else
else
else
else
else
front: 0.309487, 2.02555, 2.5
side: 0, 0, 0
front only
front: 0.43244, 0.445736, 2.5
back: 1.29732, 1.33721, 7.5
front back
photon_ene: 661.6 photon_theta: 2.89811 photon_phi: 3.94213
traject_len: 5.15196
pe_len: 135.893 cs_len: 3.41986
---
else
else
front: 0.844055, 0.126335, 2.5
side: 0, 0, 0
front only
front: 0, 0, 2.5
side: 0, 0, 0
front only
else
else
else
else
else
front: 1.49528, 0, 2.5
side: 0, 0, 0
front only
else
else
else
else
else
front: 0, 1.60007, 2.5
side: 0, 0, 0
front only
front: 0, 0, 2.5
side: 0, 0, 0
front only
else
else
else
front: 0, 1.05156, 2.5
side: 0, 0, 0
front only
else
front: 0.82336, 0, 2.5
side: 0, 0, 0
front only
else
else
front: 1.67731, 0, 2.5
side: 0, 0, 0
front only
front: 0.616859, 0, 2.5
side: 0, 0, 0
front only
else
else
else
else
else
front: 0, 0, 2.5
side: 0, 0, 0
front only
else
front: 0.795814, 0.997109, 2.5
side: 0, 0, 0
front only
else
else
else
else
else
else
else
front: 1.57783, 0, 2.5
side: 0, 0, 0
front only
front: 0, 0, 2.5
side: 0, 0, 0
front only
else
front: 1.12113, 1.72944, 2.5
side: 0, 0, 0
front only
front: 0, 0.781379, 2.5
side: 0, 0, 0
front only
else
front: 1.79716, 0, 2.5
side: 0, 0, 0
front only
front: 0, 0, 2.5
back: 0, 0, 7.5
front back
photon_ene: 661.6 photon_theta: 0.280076 photon_phi: 3.78955
traject_len: 5
pe_len: 113.223 cs_len: 6.99444
---
else
else
else
else
front: 0, 0, 2.5
side: 0, 0, 0
front only
front: 0.463863, 2.24349, 2.5
side: 0, 0, 0
front only
else
front: 0.854735, 0, 2.5
side: 0, 0, 0
front only
front: 0, 1.06851, 2.5
side: 0, 0, 0
front only
else
else
else
front: 0, 0.984874, 2.5
side: 0, 0, 0
front only
else
else
front: 0, 0, 2.5
back: 0, 0, 7.5
front back
photon_ene: 661.6 photon_theta: 0.314192 photon_phi: 3.95031
traject_len: 5
pe_len: 13.0647 cs_len: 1.15775
---
else
else
else
else
else
front: 0, 0, 2.5
side: 0, 0, 0
front only
else
front: 0.342184, 1.68727, 2.5
side: 0, 0, 0
front only
front: 0.806862, 1.054, 2.5
side: 0, 0, 0
front only
else
else
front: 0, 0.871383, 2.5
side: 0, 0, 0
front only
else
front: 0, 0.688321, 2.5
side: 0, 0, 0
front only
else
else
front: 1.80062, 0.791205, 2.5
side: 0, 0, 0
front only
else
front: 0, 0, 2.5
side: 0, 0, 0
front only
else
else
else
else
else
else
else
else
front: 0, 1.38015, 2.5
side: 0, 0, 0
front only
front: 0.291684, 0.103264, 2.5
back: 0.875051, 0.309791, 7.5
front back
photon_ene: 661.6 photon_theta: 0.123143 photon_phi: 0.340257
traject_len: 5.03815
pe_len: 42.5951 cs_len: 7.08473
---
front: 0.976875, 1.73276, 2.5
side: 0, 0, 0
front only
front: 0, 0, 2.5
side: 0, 0, 0
front only
front: 0.446648, 0, 2.5
back: 1.33994, 0, 7.5
front back
photon_ene: 661.6 photon_theta: 2.933 photon_phi: 2.57553
traject_len: 5.07917
pe_len: 25.3857 cs_len: 2.4296
---
else
else
else
else
else
else
else
else
front: 0, 0, 2.5
side: 0, 0, 0
front only
front: 0.498605, 0.253164, 2.5
back: 1.49582, 0.759492, 7.5
front back
photon_ene: 661.6 photon_theta: 0.220056 photon_phi: 0.469824
traject_len: 5.12355
pe_len: 29.5628 cs_len: 0.493772
---
else
front: 0.322624, 1.01908, 2.5
side: 0, 0, 0
front only
front: 0, 0, 2.5
side: 0, 0, 0
front only
else
else
else
else
else
front: 0, 0.726117, 2.5
side: 0, 0, 0
front only
front: 1.75896, 0, 2.5
side: 0, 0, 0
front only
front: 1.16468, 1.35538, 2.5
side: 0, 0, 0
front only
else
else
else
else
front: 0.526469, 0.400369, 2.5
back: 1.57941, 1.20111, 7.5
front back
photon_ene: 661.6 photon_theta: 2.88295 photon_phi: 3.79177
traject_len: 5.17203
pe_len: 52.6808 cs_len: 0.804975
---
else
else
else
front: 0, 1.03818, 2.5
side: 0, 0, 0
front only
else
else
front: 1.14282, 0.819188, 2.5
side: 0, 0, 0
front only
front: 0.912469, 0, 2.5
side: 0, 0, 0
front only
else
else
else
else
else
else
else
else
else
else
else
front: 1.93037, 0.485122, 2.5
side: 0, 0, 0
front only
else
front: 0.0127963, 0.758787, 2.5
back: 0.0383888, 2.27636, 7.5
front back
photon_ene: 661.6 photon_theta: 2.84687 photon_phi: 4.69553
traject_len: 5.22529
pe_len: 32.4775 cs_len: 5.77295
---
else
front: 0, 0, 2.5
side: 0, 0, 0
front only
front: 0, 2.26308, 2.5
side: 0, 0, 0
front only
else
else
front: 0, 0.676177, 2.5
side: 0, 0, 0
front only
else
else
else
else
front: 0.356212, 0.558532, 2.5
back: 1.06864, 1.6756, 7.5
front back
photon_ene: 661.6 photon_theta: 0.259028 photon_phi: 1.00307
traject_len: 5.17256
pe_len: 134.272 cs_len: 2.36367
---
else
else
else
front: 0.577199, 1.62505, 2.5
side: 0, 0, 0
front only
front: 0.565626, 0, 2.5
side: 0, 0, 0
front only
front: 0, 1.23484, 2.5
side: 0, 0, 0
front only
else
else
front: 0, 2.02299, 2.5
side: 0, 0, 0
front only
else
front: 1.85507, 0, 2.5
side: 0, 0, 0
front only
else
else
front: 0, 0, 2.5
side: 0, 0, 0
front only
else
else
front: 0, 0, 2.5
side: 0, 0, 0
front only
else
front: 0, 2.0753, 2.5
side: 0, 0, 0
front only
else
else
else
else
else
else
front: 0.868302, 0, 2.5
side: 0, 0, 0
front only
front: 0.409714, 0, 2.5
side: 0, 0, 0
front only
front: 1.11358, 1.85177, 2.5
side: 0, 0, 0
front only
else
else
front: 0, 0, 2.5
back: 0, 0, 7.5
front back
photon_ene: 661.6 photon_theta: 0.124316 photon_phi: 3.40919
traject_len: 5
pe_len: 9.40111 cs_len: 0.0478668
---
else
else
front: 0.613082, 0, 2.5
back: 1.83925, 0, 7.5
front back
photon_ene: 661.6 photon_theta: 0.298194 photon_phi: 5.63615
traject_len: 5.14815
pe_len: 83.6724 cs_len: 8.45371
---
else
front: 0, 1.05078, 2.5
side: 0, 0, 0
front only
else
front: 0, 1.41948, 2.5
side: 0, 0, 0
front only
else
else
front: 0, 0, 2.5
side: 0, 0, 0
front only
front: 0.465491, 0, 2.5
side: 0, 0, 0
front only
else
else
else
front: 0.15179, 0, 2.5
side: 0, 0, 0
front only
else
else
else
else
front: 0, 0.139824, 2.5
back: 0, 0.419472, 7.5
front back
photon_ene: 661.6 photon_theta: 3.02041 photon_phi: 5.80602
traject_len: 5.00781
pe_len: 20.4207 cs_len: 6.91886
---
else
else
else
else
front: 2.24933, 0, 2.5
side: 0, 0, 0
front only
else
else
else
else
else
else
front: 0, 0, 2.5
back: 0, 0, 7.5
front back
photon_ene: 661.6 photon_theta: 0.204177 photon_phi: 4.07415
traject_len: 5
pe_len: 12.5423 cs_len: 0.922275
---
else
else
front: 0, 0.0329944, 2.5
back: 0, 0.0989831, 7.5
front back
photon_ene: 661.6 photon_theta: 0.277023 photon_phi: 3.09516
traject_len: 5.00044
pe_len: 93.0568 cs_len: 1.07936
---
front: 0, 0, 2.5
side: 0, 0, 0
front only
front: 0.00510323, 2.00404, 2.5
side: 0, 0, 0
front only
else
else
else
else
front: 1.61356, 0, 2.5
side: 0, 0, 0
front only
else
else
else
else
else
front: 0, 0, 2.5
back: 0, 0, 7.5
front back
photon_ene: 661.6 photon_theta: 3.08241 photon_phi: 0.877834
traject_len: 5
pe_len: 59.1591 cs_len: 8.53824
---
front: 0, 1.85927, 2.5
side: 0, 0, 0
front only
else
front: 0.154657, 0.20867, 2.5
back: 0.463971, 0.62601, 7.5
front back
photon_ene: 661.6 photon_theta: 0.103522 photon_phi: 0.932979
traject_len: 5.02691
pe_len: 67.1008 cs_len: 4.85956
---
else
front: 0.410748, 2.1134, 2.5
side: 0, 0, 0
front only
else
else
else
else
else
front: 0, 0.464506, 2.5
side: 0, 0, 0
front only
front: 0, 0, 2.5
side: 0, 0, 0
front only
else
else
else
else
else
front: 0.249632, 0.0803629, 2.5
back: 0.748895, 0.241089, 7.5
front back
photon_ene: 661.6 photon_theta: 3.03708 photon_phi: 3.45304
traject_len: 5.02743
pe_len: 75.3954 cs_len: 3.37633
---
else
else
else
front: 0, 0, 2.5
side: 0, 0, 0
front only
else
front: 1.75699, 0, 2.5
side: 0, 0, 0
front only
else
front: 1.50629, 0.107684, 2.5
side: 0, 0, 0
front only
else
front: 0, 0, 2.5
side: 0, 0, 0
front only
else
front: 0, 0, 2.5
side: 0, 0, 0
front only
front: 0.705472, 0, 2.5
side: 0, 0, 0
front only
else
front: 0, 0, 2.5
side: 0, 0, 0
front only
front: 0, 0, 2.5
back: 0, 0, 7.5
front back
photon_ene: 661.6 photon_theta: 2.82315 photon_phi: 0.645898
traject_len: 5
pe_len: 7.82927 cs_len: 11.3095
---
else
front: 0.732584, 0, 2.5
side: 0, 0, 0
front only
else
else
else
else
else
else
else
else
else
front: 0, 0, 2.5
side: 0, 0, 0
front only
else
front: 1.45776, 0.631319, 2.5
side: 0, 0, 0
front only
else
front: 0, 0, 2.5
back: 0, 0, 7.5
front back
photon_ene: 661.6 photon_theta: 2.95888 photon_phi: 1.00378
traject_len: 5
pe_len: 30.6911 cs_len: 7.98717
---
else
else
else
front: 1.52807, 0, 2.5
side: 0, 0, 0
front only
else
else
else
front: 0.0931874, 0.421317, 2.5
back: 0.279562, 1.26395, 7.5
front back
photon_ene: 661.6 photon_theta: 2.97068 photon_phi: 4.49471
traject_len: 5.07393
pe_len: 41.6759 cs_len: 10.4845
---
else
else
else
else
else
else
front: 1.1413, 0, 2.5
side: 0, 0, 0
front only
else
else
else
else
else
else
else
else
else
else
front: 0, 0.271493, 2.5
back: 0, 0.814478, 7.5
front back
photon_ene: 661.6 photon_theta: 0.311846 photon_phi: 2.79799
traject_len: 5.0294
pe_len: 41.0944 cs_len: 0.167049
---
else
front: 0, 0, 2.5
side: 0, 0, 0
front only
else
else
else
else
else
else
else
else
front: 2.1152, 0, 2.5
side: 0, 0, 0
front only
front: 1.42403, 1.41217, 2.5
side: 0, 0, 0
front only
front: 0, 0, 2.5
back: 0, 0, 7.5
front back
photon_ene: 661.6 photon_theta: 2.87105 photon_phi: 0.457917
traject_len: 5
pe_len: 66.1491 cs_len: 7.20169
---
front: 0, 0, 2.5
side: 0, 0, 0
front only
else
else
front: 1.86473, 0, 2.5
side: 0, 0, 0
front only
else
else
else
front: 0, 0, 2.5
side: 0, 0, 0
front only
else
else
else
else
else
else
else
else
front: 0, 0, 2.5
side: 0, 0, 0
front only
else
else
else
else
front: 0.63832, 1.39328, 2.5
side: 0, 0, 0
front only
front: 1.83879, 0.911147, 2.5
side: 0, 0, 0
front only
else
else
else
front: 1.45258, 0, 2.5
side: 0, 0, 0
front only
front: 0, 0.703716, 2.5
side: 0, 0, 0
front only
else
front: 0.083542, 1.15532, 2.5
side: 0, 0, 0
front only
else
front: 0, 1.71208, 2.5
side: 0, 0, 0
front only
else
else
else
else
front: 0.414909, 1.44287, 2.5
side: 0, 0, 0
front only
else
front: 0, 0.65225, 2.5
back: 0, 1.95675, 7.5
front back
photon_ene: 661.6 photon_theta: 0.304968 photon_phi: 2.16461
traject_len: 5.16737
pe_len: 19.405 cs_len: 1.06467
---
front: 0.388586, 0, 2.5
side: 0, 0, 0
front only
else
else
else
front: 1.09107, 1.3007, 2.5
side: 0, 0, 0
front only
else
else
else
front: 1.32135, 0, 2.5
side: 0, 0, 0
front only
else
else
else
else
front: 0, 0.930751, 2.5
side: 0, 0, 0
front only
else
else
else
else
else
else
else
else
else
else
else
front: 0, 0, 2.5
back: 0, 0, 7.5
front back
photon_ene: 661.6 photon_theta: 0.169801 photon_phi: 3.43904
traject_len: 5
pe_len: 63.8846 cs_len: 0.449793
---
else
else
else
front: 0.348025, 0.0469948, 2.5
back: 1.04407, 0.140985, 7.5
front back
photon_ene: 661.6 photon_theta: 3.00203 photon_phi: 3.27581
traject_len: 5.04909
pe_len: 16.6907 cs_len: 0.272928
---
else
else
else
else
else
front: 0, 0, 2.5
side: 0, 0, 0
front only
else
else
else
else
else
else
else
front: 0.428777, 0.61279, 2.5
back: 1.28633, 1.83837, 7.5
front back
photon_ene: 661.6 photon_theta: 2.8509 photon_phi: 4.10186
traject_len: 5.21895
pe_len: 101.938 cs_len: 5.955
---
front: 0, 1.96082, 2.5
side: 0, 0, 0
front only
else
else
else
else
front: 1.1551, 0.0780733, 2.5
side: 0, 0, 0
front only
front: 0, 0, 2.5
side: 0, 0, 0
front only
front: 0, 0, 2.5
back: 0, 0, 7.5
front back
photon_ene: 661.6 photon_theta: 2.86568 photon_phi: 0.819738
traject_len: 5
pe_len: 78.4488 cs_len: 5.84952
---
else
else
front: 0, 0, 2.5
side: 0, 0, 0
front only
front: 0.701414, 1.96284, 2.5
side: 0, 0, 0
front only
else
else
else
else
front: 0.171493, 0, 2.5
side: 0, 0, 0
front only
else
else
front: 0, 0.567681, 2.5
side: 0, 0, 0
front only
else
else
front: 0, 2.26339, 2.5
side: 0, 0, 0
front only
else
else
else
front: 0, 0, 2.5
side: 0, 0, 0
front only
front: 0, 0, 2.5
side: 0, 0, 0
front only
else
else
front: 0, 1.29371, 2.5
side: 0, 0, 0
front only
front: 0, 0, 2.5
side: 0, 0, 0
front only
else
else
else
front: 1.00084, 0, 2.5
side: 0, 0, 0
front only
else
front: 0, 0, 2.5
side: 0, 0, 0
front only
else
else
else
front: 0.278339, 0.504703, 2.5
back: 0.835016, 1.51411, 7.5
front back
photon_ene: 661.6 photon_theta: 0.226587 photon_phi: 1.06681
traject_len: 5.13116
pe_len: 24.5787 cs_len: 0.857631
---
front: 0.325035, 0.434819, 2.5
back: 0.975106, 1.30446, 7.5
front back
photon_ene: 661.6 photon_theta: 0.213831 photon_phi: 0.928885
traject_len: 5.11653
pe_len: 19.108 cs_len: 3.92519
---
else
front: 1.64707, 1.37208, 2.5
side: 0, 0, 0
front only
front: 0.473899, 0, 2.5
side: 0, 0, 0
front only
else
else
else
else
front: 0, 0.0555121, 2.5
side: 0, 0, 0
front only
else
else
else
else
else
else
front: 0.442777, 0, 2.5
side: 0, 0, 0
front only
else
else
front: 0, 0, 2.5
back: 0, 0, 7.5
front back
photon_ene: 661.6 photon_theta: 2.92776 photon_phi: 0.425261
traject_len: 5
pe_len: 29.583 cs_len: 4.11431
---
else
front: 1.92021, 0, 2.5
side: 0, 0, 0
front only
else
else
front: 0, 2.04387, 2.5
side: 0, 0, 0
front only
else
else
else
else
else
front: 0, 1.22248, 2.5
side: 0, 0, 0
front only
else
else
front: 0.464176, 0, 2.5
side: 0, 0, 0
front only
else
front: 1.48697, 1.43403, 2.5
side: 0, 0, 0
front only
front: 0.519346, 0.623761, 2.5
back: 1.55804, 1.87128, 7.5
front back
photon_ene: 661.6 photon_theta: 0.313929 photon_phi: 0.876488
traject_len: 5.25692
pe_len: 40.5169 cs_len: 4.09923
---
else
else
front: 0, 0, 2.5
side: 0, 0, 0
front only
else
else
else
front: 0, 0.513948, 2.5
side: 0, 0, 0
front only
else
else
front: 0.144214, 0, 2.5
back: 0.432641, 0, 7.5
front back
photon_ene: 661.6 photon_theta: 0.275714 photon_phi: 4.91772
traject_len: 5.00831
pe_len: 32.5894 cs_len: 1.26328
---
else
else
front: 0.427942, 0.795183, 2.5
side: 0, 0, 0
front only
front: 0.660296, 0, 2.5
side: 0, 0, 0
front only
else
front: 0, 0, 2.5
side: 0, 0, 0
front only
else
else
else
front: 0.877196, 2.33492, 2.5
side: 0, 0, 0
front only
else
else
else
else
else
front: 1.74706, 0, 2.5
side: 0, 0, 0
front only
else
else
else
else
else
else
else
front: 0, 0, 2.5
side: 0, 0, 0
front only
front: 0, 0, 2.5
side: 0, 0, 0
front only
else
else
else
front: 1.89201, 0, 2.5
side: 0, 0, 0
front only
front: 1.29584, 0.0352676, 2.5
side: 0, 0, 0
front only
else
else
else
else
else
else
else
else
else
else
front: 0.262289, 0, 2.5
back: 0.786868, 0, 7.5
front back
photon_ene: 661.6 photon_theta: 2.96826 photon_phi: 2.21332
traject_len: 5.02744
pe_len: 123.358 cs_len: 5.62826
---
else
else
else
else
else
else
front: 1.24932, 0.978455, 2.5
side: 0, 0, 0
front only
else
front: 0, 0.693847, 2.5
back: 0, 2.08154, 7.5
front back
photon_ene: 661.6 photon_theta: 2.86086 photon_phi: 4.98712
traject_len: 5.189
pe_len: 4.44854 cs_len: 1.1324
---
else
else
else
else
front: 0, 0.983449, 2.5
side: 0, 0, 0
front only
else
else
front: 0.903531, 0, 2.5
side: 0, 0, 0
front only
else
else
else
else
else
front: 1.78157, 0.683528, 2.5
side: 0, 0, 0
front only
else
front: 0, 0.727834, 2.5
side: 0, 0, 0
front only
front: 1.86786, 0.74283, 2.5
side: 0, 0, 0
front only
else
else
else
front: 0, 0, 2.5
side: 0, 0, 0
front only
else
else
else
front: 0, 1.21382, 2.5
side: 0, 0, 0
front only
else
front: 0, 0.257068, 2.5
back: 0, 0.771203, 7.5
front back
photon_ene: 661.6 photon_theta: 0.320235 photon_phi: 2.82635
traject_len: 5.02636
pe_len: 27.3761 cs_len: 5.24534
---
else
front: 0.390395, 1.10725, 2.5
side: 0, 0, 0
front only
else
front: 2.14135, 0, 2.5
side: 0, 0, 0
front only
else
else
else
front: 0.942806, 0.0791149, 2.5
side: 0, 0, 0
front only
front: 1.84455, 1.55637, 2.5
side: 0, 0, 0
front only
else
else
front: 0, 0, 2.5
side: 0, 0, 0
front only
else
else
else
front: 0, 0, 2.5
back: 0, 0, 7.5
front back
photon_ene: 661.6 photon_theta: 0.304825 photon_phi: 3.22884
traject_len: 5
pe_len: 15.9009 cs_len: 4.0288
---
front: 0, 0, 2.5
side: 0, 0, 0
front only
else
else
else
else
else
else
else
else
else
front: 1.55038, 0.638419, 2.5
side: 0, 0, 0
front only
else
else
else
else
front: 0, 0, 2.5
side: 0, 0, 0
front only
else
front: 0, 0, 2.5
side: 0, 0, 0
front only
else
else
front: 0.550698, 1.09188, 2.5
side: 0, 0, 0
front only
front: 0, 0, 2.5
side: 0, 0, 0
front only
else
front: 0, 0.360805, 2.5
side: 0, 0, 0
front only
front: 0, 2.27094, 2.5
side: 0, 0, 0
front only
front: 0.99793, 0.544326, 2.5
side: 0, 0, 0
front only
else
front: 1.92374, 0.00756682, 2.5
side: 0, 0, 0
front only
else
else
else
else
else
front: 0, 1.15531, 2.5
side: 0, 0, 0
front only
front: 0, 1.74986, 2.5
side: 0, 0, 0
front only
else
else
else
else
else
else
else
else
else
front: 0, 0.192983, 2.5
side: 0, 0, 0
front only
else
else
front: 0, 0, 2.5
side: 0, 0, 0
front only
else
else
else
else
else
else
else
else
front: 1.29569, 0, 2.5
side: 0, 0, 0
front only
else
else
front: 0, 0, 2.5
back: 0, 0, 7.5
front back
photon_ene: 661.6 photon_theta: 0.209098 photon_phi: 3.95379
traject_len: 5
pe_len: 36.6543 cs_len: 12.2153
---
front: 0, 0, 2.5
side: 0, 0, 0
front only
else
else
else
else
else
else
else
front: 0.102993, 0, 2.5
side: 0, 0, 0
front only
else
front: 0, 0, 2.5
side: 0, 0, 0
front only
else
else
else
else
else
front: 0.27684, 0.908956, 2.5
side: 0, 0, 0
front only
else
else
else
front: 0.0339283, 2.28352, 2.5
side: 0, 0, 0
front only
front: 0, 1.06027, 2.5
side: 0, 0, 0
front only
else
else
front: 1.84113, 1.53965, 2.5
side: 0, 0, 0
front only
else
else
else
else
else
else
else
else
else
else
else
else
else
else
else
else
else
else
front: 0.615372, 1.99352, 2.5
side: 0, 0, 0
front only
else
front: 0.401712, 0, 2.5
back: 1.20513, 0, 7.5
front back
photon_ene: 661.6 photon_theta: 2.95153 photon_phi: 2.55936
traject_len: 5.06414
pe_len: 4.29088 cs_len: 0.535015
---
front: 0, 0, 2.5
side: 0, 0, 0
front only
else
else
else
else
else
front: 0, 0, 2.5
side: 0, 0, 0
front only
else
else
front: 0, 1.26125, 2.5
side: 0, 0, 0
front only
else
else
else
front: 0.162434, 0, 2.5
back: 0.487302, 0, 7.5
front back
photon_ene: 661.6 photon_theta: 2.98742 photon_phi: 2.00214
traject_len: 5.01054
pe_len: 34.1243 cs_len: 3.14172
---
front: 0, 0, 2.5
back: 0, 0, 7.5
front back
photon_ene: 661.6 photon_theta: 2.93907 photon_phi: 0.843495
traject_len: 5
pe_len: 2.78136 cs_len: 0.546036
---
else
front: 0, 0.163731, 2.5
back: 0, 0.491192, 7.5
front back
photon_ene: 661.6 photon_theta: 0.197523 photon_phi: 2.80821
traject_len: 5.01071
pe_len: 49.6123 cs_len: 0.083952
---
else
front: 0.26937, 0, 2.5
back: 0.808109, 0, 7.5
front back
photon_ene: 661.6 photon_theta: 0.183279 photon_phi: 5.33271
traject_len: 5.02894
pe_len: 0.526715 cs_len: 0.544398
---
front: 0, 0, 2.5
side: 0, 0, 0
front only
else
else
else
else
else
else
front: 0.00651302, 0, 2.5
side: 0, 0, 0
front only
front: 2.02843, 0.537008, 2.5
side: 0, 0, 0
front only
front: 0.0304414, 0, 2.5
back: 0.0913243, 0, 7.5
front back
photon_ene: 661.6 photon_theta: 0.156684 photon_phi: 4.78954
traject_len: 5.00037
pe_len: 173.099 cs_len: 6.81678
---
else
else
else
else
else
else
else
else
else
front: 0, 0.194196, 2.5
side: 0, 0, 0
front only
else
front: 0, 0, 2.5
side: 0, 0, 0
front only
front: 0, 0.0527339, 2.5
back: 0, 0.158202, 7.5
front back
photon_ene: 661.6 photon_theta: 3.02228 photon_phi: 6.10631
traject_len: 5.00111
pe_len: 31.1823 cs_len: 9.46566
---
else
else
front: 0.418849, 1.09677, 2.5
side: 0, 0, 0
front only
else
else
else
front: 1.23291, 0, 2.5
side: 0, 0, 0
front only
else
front: 2.29265, 0.563799, 2.5
side: 0, 0, 0
front only
else
else
front: 0.838339, 0, 2.5
side: 0, 0, 0
front only
else
front: 0.962787, 0.52136, 2.5
side: 0, 0, 0
front only
else
else
front: 2.16614, 0, 2.5
side: 0, 0, 0
front only
else
front: 0, 0.756866, 2.5
side: 0, 0, 0
front only
else
else
else
else
else
else
else
else
front: 0.363257, 2.28737, 2.5
side: 0, 0, 0
front only
else
else
else
else
front: 0, 0, 2.5
side: 0, 0, 0
front only
else
else
else
front: 1.37043, 0, 2.5
side: 0, 0, 0
front only
front: 1.31921, 0, 2.5
side: 0, 0, 0
front only
front: 2.29385, 0.946245, 2.5
side: 0, 0, 0
front only
front: 0.902767, 0.5275, 2.5
side: 0, 0, 0
front only
front: 0, 0, 2.5
side: 0, 0, 0
front only
else
front: 0, 0, 2.5
side: 0, 0, 0
front only
front: 1.19575, 1.90459, 2.5
side: 0, 0, 0
front only
else
else
else
else
else
front: 0, 0, 2.5
side: 0, 0, 0
front only
front: 0, 2.20733, 2.5
side: 0, 0, 0
front only
front: 1.56692, 0, 2.5
side: 0, 0, 0
front only
else
else
else
else
else
else
else
else
else
else
else
else
else
else
else
else
else
else
else
else
else
front: 0, 0.281123, 2.5
back: 0, 0.843369, 7.5
front back
photon_ene: 661.6 photon_theta: 2.82083 photon_phi: 5.9379
traject_len: 5.03151
pe_len: 4.99157 cs_len: 1.24997
---
else
else
else
else
front: 1.05566, 0, 2.5
side: 0, 0, 0
front only
front: 0, 1.24286, 2.5
side: 0, 0, 0
front only
else
front: 0.0518579, 0, 2.5
side: 0, 0, 0
front only
else
else
else
else
else
else
else
front: 1.12841, 0.478255, 2.5
side: 0, 0, 0
front only
else
else
else
else
else
else
front: 0, 0.571638, 2.5
side: 0, 0, 0
front only
else
front: 2.24767, 0, 2.5
side: 0, 0, 0
front only
else
front: 0.613112, 0.564911, 2.5
side: 0, 0, 0
front only
front: 0.00587346, 0, 2.5
back: 0.0176204, 0, 7.5
front back
photon_ene: 661.6 photon_theta: 0.3094 photon_phi: 4.71974
traject_len: 5.00001
pe_len: 27.2054 cs_len: 0.876252
---
else
else
else
else
front: 0, 0, 2.5
side: 0, 0, 0
front only
else
else
else
else
else
else
else
else
else
else
front: 0.0819912, 1.17227, 2.5
side: 0, 0, 0
front only
else
else
else
else
front: 0, 0, 2.5
side: 0, 0, 0
front only
else
else
else
else
else
else
front: 0, 0, 2.5
side: 0, 0, 0
front only
else
else
else
front: 0, 0, 2.5
side: 0, 0, 0
front only
else
else
else
else
front: 1.03785, 0.922295, 2.5
side: 0, 0, 0
front only
else
front: 1.40334, 0, 2.5
side: 0, 0, 0
front only
front: 1.01181, 0, 2.5
side: 0, 0, 0
front only
else
else
else
front: 0, 0, 2.5
side: 0, 0, 0
front only
front: 0, 0, 2.5
back: 0, 0, 7.5
front back
photon_ene: 661.6 photon_theta: 0.311675 photon_phi: 4.69764
traject_len: 5
pe_len: 7.07142 cs_len: 0.294538
---
else
else
else
else
front: 0.159805, 0, 2.5
side: 0, 0, 0
front only
front: 0.772069, 0, 2.5
side: 0, 0, 0
front only
else
else
else
else
else
else
else
else
front: 1.35723, 0, 2.5
side: 0, 0, 0
front only
front: 0, 1.45139, 2.5
side: 0, 0, 0
front only
else
else
else
else
else
else
front: 0.951276, 2.23225, 2.5
side: 0, 0, 0
front only
front: 1.06022, 0, 2.5
side: 0, 0, 0
front only
else
else
front: 0, 0, 2.5
side: 0, 0, 0
front only
else
front: 0, 0, 2.5
side: 0, 0, 0
front only
else
else
else
front: 0, 0, 2.5
side: 0, 0, 0
front only
else
else
else
front: 0, 0.537642, 2.5
side: 0, 0, 0
front only
else
front: 0.493345, 0, 2.5
side: 0, 0, 0
front only
else
else
front: 1.32904, 0, 2.5
side: 0, 0, 0
front only
front: 0.155094, 0, 2.5
back: 0.465281, 0, 7.5
front back
photon_ene: 661.6 photon_theta: 0.112076 photon_phi: 5.2962
traject_len: 5.00961
pe_len: 60.4973 cs_len: 6.9924
---
else
else
else
else
front: 0, 0.286531, 2.5
back: 0, 0.859594, 7.5
front back
photon_ene: 661.6 photon_theta: 2.83321 photon_phi: 5.91513
traject_len: 5.03273
pe_len: 45.5469 cs_len: 2.18644
---
else
else
else
else
else
else
else
else
else
front: 0.155291, 0, 2.5
back: 0.465873, 0, 7.5
front back
photon_ene: 661.6 photon_theta: 0.0733598 photon_phi: 5.71936
traject_len: 5.00964
pe_len: 96.2473 cs_len: 0.105861
---
else
else
else
else
else
else
else
else
front: 0, 0, 2.5
back: 0, 0, 7.5
front back
photon_ene: 661.6 photon_theta: 0.267 photon_phi: 4.2891
traject_len: 5
pe_len: 39.1766 cs_len: 2.90785
---
else
else
else
front: 0, 0, 2.5
back: 0, 0, 7.5
front back
photon_ene: 661.6 photon_theta: 0.195875 photon_phi: 4.15013
traject_len: 5
pe_len: 13.0042 cs_len: 3.05447
---
else
else
front: 2.18128, 0, 2.5
side: 0, 0, 0
front only
front: 0, 0.203853, 2.5
back: 0, 0.611558, 7.5
front back
photon_ene: 661.6 photon_theta: 0.0860804 photon_phi: 1.90423
traject_len: 5.01659
pe_len: 45.13 cs_len: 3.80293
---
else
else
else
else
front: 1.44462, 0, 2.5
side: 0, 0, 0
front only
else
else
else
else
front: 1.51151, 1.09736, 2.5
side: 0, 0, 0
front only
else
else
else
else
else
else
else
else
else
else
else
else
else
else
else
else
front: 1.05011, 1.22068, 2.5
side: 0, 0, 0
front only
else
else
else
else
else
else
else
else
else
else
else
else
front: 0, 0, 2.5
back: 0, 0, 7.5
front back
photon_ene: 661.6 photon_theta: 3.04376 photon_phi: 0.531238
traject_len: 5
pe_len: 36.8662 cs_len: 0.971485
---
front: 0, 0.476642, 2.5
back: 0, 1.42993, 7.5
front back
photon_ene: 661.6 photon_theta: 2.9525 photon_phi: 4.7996
traject_len: 5.09006
pe_len: 36.7747 cs_len: 0.75695
---
else
else
else
else
else
else
else
else
else
front: 0.318838, 0, 2.5
side: 0, 0, 0
front only
front: 0, 1.68957, 2.5
side: 0, 0, 0
front only
else
else
front: 0.335892, 1.86883, 2.5
side: 0, 0, 0
front only
else
else
front: 0, 0, 2.5
side: 0, 0, 0
front only
else
else
front: 0, 0, 2.5
side: 0, 0, 0
front only
else
else
else
else
else
else
front: 0, 2.2067, 2.5
side: 0, 0, 0
front only
front: 1.01311, 0, 2.5
side: 0, 0, 0
front only
else
front: 0, 0.246405, 2.5
side: 0, 0, 0
front only
else
front: 0, 0.890365, 2.5
side: 0, 0, 0
front only
else
else
else
else
else
else
front: 1.23726, 1.7644, 2.5
side: 0, 0, 0
front only
else
front: 1.31304, 0, 2.5
side: 0, 0, 0
front only
front: 2.01215, 0.900369, 2.5
side: 0, 0, 0
front only
front: 0, 0, 2.5
back: 0, 0, 7.5
front back
photon_ene: 661.6 photon_theta: 2.88267 photon_phi: 0.055385
traject_len: 5
pe_len: 20.4346 cs_len: 4.25503
---
else
else
else
else
else
else
front: 2.13132, 0, 2.5
side: 0, 0, 0
front only
else
else
else
front: 0, 1.97446, 2.5
side: 0, 0, 0
front only
else
front: 0.516331, 0.151649, 2.5
back: 1.54899, 0.454948, 7.5
front back
photon_ene: 661.6 photon_theta: 0.212021 photon_phi: 0.285672
traject_len: 5.11453
pe_len: 7.12307 cs_len: 4.53318
---
else
else
front: 1.22387, 1.21461, 2.5
side: 0, 0, 0
front only
else
else
front: 1.05836, 0.139171, 2.5
side: 0, 0, 0
front only
else
else
else
else
else
else
front: 1.31436, 0, 2.5
side: 0, 0, 0
front only
front: 2.23133, 0.627839, 2.5
side: 0, 0, 0
front only
front: 1.6491, 0.00641102, 2.5
side: 0, 0, 0
front only
else
else
else
front: 0, 0, 2.5
side: 0, 0, 0
front only
else
front: 0, 0, 2.5
back: 0, 0, 7.5
front back
photon_ene: 661.6 photon_theta: 0.29784 photon_phi: 4.27863
traject_len: 5
pe_len: 34.9814 cs_len: 0.888427
---
else
front: 0, 0.201707, 2.5
back: 0, 0.60512, 7.5
front back
photon_ene: 661.6 photon_theta: 3.03034 photon_phi: 5.47617
traject_len: 5.01625
pe_len: 35.3415 cs_len: 5.95299
---
else
front: 0.112113, 0, 2.5
back: 0.33634, 0, 7.5
front back
photon_ene: 661.6 photon_theta: 2.98387 photon_phi: 1.85664
traject_len: 5.00503
pe_len: 35.117 cs_len: 0.034618
---
else
front: 0.676732, 0, 2.5
back: 2.0302, 0, 7.5
front back
photon_ene: 661.6 photon_theta: 0.264506 photon_phi: 6.24881
traject_len: 5.17995
pe_len: 6.49973 cs_len: 1.84481
---
else
else
else
else
front: 0.879951, 1.47556, 2.5
side: 0, 0, 0
front only
front: 1.03102, 0, 2.5
side: 0, 0, 0
front only
front: 0, 0, 2.5
side: 0, 0, 0
front only
front: 2.0497, 0, 2.5
side: 0, 0, 0
front only
front: 0, 0, 2.5
side: 0, 0, 0
front only
else
else
front: 0.845183, 0.892028, 2.5
side: 0, 0, 0
front only
else
else
else
else
else
else
else
else
else
else
else
front: 0, 0, 2.5
side: 0, 0, 0
front only
front: 0, 0, 2.5
side: 0, 0, 0
front only
else
else
else
front: 0, 0, 2.5
side: 0, 0, 0
front only
front: 0, 1.20787, 2.5
side: 0, 0, 0
front only
else
else
front: 0, 0.0568423, 2.5
side: 0, 0, 0
front only
else
else
else
else
else
else
else
else
else
else
front: 1.97432, 0, 2.5
side: 0, 0, 0
front only
else
front: 2.11883, 0, 2.5
side: 0, 0, 0
front only
front: 0, 0, 2.5
side: 0, 0, 0
front only
else
else
else
front: 0.314044, 0, 2.5
side: 0, 0, 0
front only
else
else
front: 0, 0, 2.5
back: 0, 0, 7.5
front back
photon_ene: 661.6 photon_theta: 2.92974 photon_phi: 0.890885
traject_len: 5
pe_len: 20.5035 cs_len: 5.66577
---
else
else
else
front: 0, 1.05005, 2.5
side: 0, 0, 0
front only
else
else
else
front: 1.00773, 1.30861, 2.5
side: 0, 0, 0
front only
front: 0, 0, 2.5
side: 0, 0, 0
front only
front: 0.00835577, 0, 2.5
back: 0.0250673, 0, 7.5
front back
photon_ene: 661.6 photon_theta: 0.131461 photon_phi: 4.73767
traject_len: 5.00003
pe_len: 53.2735 cs_len: 1.22641
---
else
else
else
else
front: 0, 0, 2.5
side: 0, 0, 0
front only
else
front: 0, 0.363707, 2.5
side: 0, 0, 0
front only
else
else
else
else
else
else
front: 0, 0, 2.5
side: 0, 0, 0
front only
else
else
front: 0.999912, 0, 2.5
side: 0, 0, 0
front only
front: 0.287861, 0, 2.5
back: 0.863582, 0, 7.5
front back
photon_ene: 661.6 photon_theta: 0.198637 photon_phi: 5.32137
traject_len: 5.03304
pe_len: 17.0677 cs_len: 1.61458
---
else
else
else
else
else
front: 0, 2.27803, 2.5
side: 0, 0, 0
front only
else
else
else
else
else
else
else
front: 0.261888, 0.53275, 2.5
back: 0.785663, 1.59825, 7.5
front back
photon_ene: 661.6 photon_theta: 2.90845 photon_phi: 4.2555
traject_len: 5.13903
pe_len: 1.76024 cs_len: 16.4418
---
front: 0.484411, 2.02789, 2.5
side: 0, 0, 0
front only
else
else
front: 0, 0.962758, 2.5
side: 0, 0, 0
front only
else
front: 0, 1.94296, 2.5
side: 0, 0, 0
front only
else
front: 0, 0, 2.5
side: 0, 0, 0
front only
else
front: 0, 0.761859, 2.5
side: 0, 0, 0
front only
else
else
else
front: 0, 0.0515335, 2.5
back: 0, 0.154601, 7.5
front back
photon_ene: 661.6 photon_theta: 3.06181 photon_phi: 6.02242
traject_len: 5.00106
pe_len: 7.87027 cs_len: 0.621427
---
else
else
front: 0.173731, 0.204439, 2.5
back: 0.521194, 0.613317, 7.5
front back
photon_ene: 661.6 photon_theta: 3.03469 photon_phi: 4.00801
traject_len: 5.02871
pe_len: 60.9505 cs_len: 1.03734
---
else
front: 2.28507, 0.231493, 2.5
side: 0, 0, 0
front only
else
else
else
else
front: 0.0312167, 0.62197, 2.5
back: 0.0936501, 1.86591, 7.5
front back
photon_ene: 661.6 photon_theta: 0.244133 photon_phi: 1.52065
traject_len: 5.15279
pe_len: 4.34438 cs_len: 7.69059
---
else
else
else
front: 1.58802, 0, 2.5
side: 0, 0, 0
front only
else
else
else
else
front: 0, 0, 2.5
side: 0, 0, 0
front only
else
else
else
else
else
front: 0, 0, 2.5
side: 0, 0, 0
front only
else
front: 0, 0, 2.5
side: 0, 0, 0
front only
else
else
front: 1.50606, 0, 2.5
side: 0, 0, 0
front only
else
else
else
front: 2.2104, 0.601412, 2.5
side: 0, 0, 0
front only
else
else
else
else
front: 2.04106, 0.680242, 2.5
side: 0, 0, 0
front only
else
else
else
else
front: 0, 0, 2.5
side: 0, 0, 0
front only
else
front: 0, 0, 2.5
side: 0, 0, 0
front only
front: 0.600993, 1.23696, 2.5
side: 0, 0, 0
front only
else
front: 0.0198955, 1.13049, 2.5
side: 0, 0, 0
front only
else
else
else
else
front: 0, 1.83532, 2.5
side: 0, 0, 0
front only
else
else
front: 0.220486, 0, 2.5
back: 0.661459, 0, 7.5
front back
photon_ene: 661.6 photon_theta: 2.91616 photon_phi: 1.96554
traject_len: 5.01941
pe_len: 42.4424 cs_len: 1.91625
---
else
else
else
else
else
front: 0.509757, 0, 2.5
back: 1.52927, 0, 7.5
front back
photon_ene: 661.6 photon_theta: 0.201256 photon_phi: 6.24966
traject_len: 5.10288
pe_len: 32.132 cs_len: 3.62503
---
else
else
else
else
else
else
else
else
else
else
else
else
else
front: 2.17127, 0.394605, 2.5
side: 0, 0, 0
front only
else
else
else
else
else
else
front: 0, 1.54229, 2.5
side: 0, 0, 0
front only
else
else
else
else
else
else
else
else
else
else
front: 1.80347, 0.0587102, 2.5
side: 0, 0, 0
front only
front: 0, 0.425982, 2.5
side: 0, 0, 0
front only
else
else
else
else
else
else
else
else
else
else
else
else
else
else
else
else
else
else
else
else
else
else
else
else
else
front: 1.63951, 1.06772, 2.5
side: 0, 0, 0
front only
else
else
else
else
else
else
else
front: 0.342576, 1.55781, 2.5
side: 0, 0, 0
front only
else
else
else
front: 0, 1.409, 2.5
side: 0, 0, 0
front only
front: 0, 1.57585, 2.5
side: 0, 0, 0
front only
front: 0.357671, 0.191012, 2.5
back: 1.07301, 0.573036, 7.5
front back
photon_ene: 661.6 photon_theta: 2.9808 photon_phi: 3.6321
traject_len: 5.06534
pe_len: 39.4856 cs_len: 8.23448
---
front: 0, 0, 2.5
side: 0, 0, 0
front only
else
front: 0, 0, 2.5
side: 0, 0, 0
front only
front: 0, 0, 2.5
side: 0, 0, 0
front only
else
else
else
front: 0, 0.334964, 2.5
side: 0, 0, 0
front only
else
else
else
front: 0.334048, 0.0710438, 2.5
back: 1.00214, 0.213131, 7.5
front back
photon_ene: 661.6 photon_theta: 0.135767 photon_phi: 0.209553
traject_len: 5.04644
pe_len: 95.7641 cs_len: 2.60826
---
else
else
else
front: 0, 1.24648, 2.5
side: 0, 0, 0
front only
front: 0, 0.524611, 2.5
side: 0, 0, 0
front only
else
front: 0.646793, 0, 2.5
side: 0, 0, 0
front only
front: 0.178148, 2.29612, 2.5
side: 0, 0, 0
front only
front: 0, 0, 2.5
back: 0, 0, 7.5
front back
photon_ene: 661.6 photon_theta: 0.245269 photon_phi: 4.54948
traject_len: 5
pe_len: 101.06 cs_len: 0.51157
---
front: 0, 0, 2.5
back: 0, 0, 7.5
front back
photon_ene: 661.6 photon_theta: 0.261857 photon_phi: 4.44612
traject_len: 5
pe_len: 14.7773 cs_len: 3.29777
---
front: 0.810585, 0.615312, 2.5
side: 0, 0, 0
front only
else
else
else
front: 1.00591, 1.95003, 2.5
side: 0, 0, 0
front only
else
else
else
else
else
else
front: 0, 0.746423, 2.5
side: 0, 0, 0
front only
else
front: 0, 2.18534, 2.5
side: 0, 0, 0
front only
front: 1.17418, 0, 2.5
side: 0, 0, 0
front only
else
else
else
else
else
else
else
else
else
else
else
else
else
else
else
front: 0.748339, 1.29888, 2.5
side: 0, 0, 0
front only
else
front: 0.72065, 0, 2.5
side: 0, 0, 0
front only
else
front: 2.24743, 0, 2.5
side: 0, 0, 0
front only
else
else
else
else
else
else
else
front: 0, 0.692163, 2.5
side: 0, 0, 0
front only
else
else
front: 0, 0, 2.5
side: 0, 0, 0
front only
else
else
else
front: 0.845885, 0.639632, 2.5
side: 0, 0, 0
front only
else
else
front: 1.06979, 0, 2.5
side: 0, 0, 0
front only
front: 0, 0.366044, 2.5
side: 0, 0, 0
front only
else
else
else
front: 0.278137, 1.22222, 2.5
side: 0, 0, 0
front only
front: 1.6976, 0, 2.5
side: 0, 0, 0
front only
else
front: 0.910367, 0, 2.5
side: 0, 0, 0
front only
else
front: 2.24132, 0, 2.5
side: 0, 0, 0
front only
else
else
front: 0, 0, 2.5
side: 0, 0, 0
front only
else
front: 0, 0.903084, 2.5
side: 0, 0, 0
front only
front: 0, 0, 2.5
side: 0, 0, 0
front only
front: 0, 0, 2.5
side: 0, 0, 0
front only
else
front: 0, 0.319692, 2.5
back: 0, 0.959077, 7.5
front back
photon_ene: 661.6 photon_theta: 2.98701 photon_phi: 5.32063
traject_len: 5.04072
pe_len: 77.6176 cs_len: 0.839838
---
else
else
front: 0.450406, 0, 2.5
side: 0, 0, 0
front only
front: 1.18987, 0, 2.5
side: 0, 0, 0
front only
else
else
else
else
else
front: 0, 0, 2.5
side: 0, 0, 0
front only
front: 0, 1.057, 2.5
side: 0, 0, 0
front only
front: 1.51262, 0, 2.5
side: 0, 0, 0
front only
front: 1.85243, 0.16061, 2.5
side: 0, 0, 0
front only
front: 0, 0, 2.5
side: 0, 0, 0
front only
else
else
front: 2.23921, 0.4323, 2.5
side: 0, 0, 0
front only
front: 0.257842, 0.219968, 2.5
back: 0.773526, 0.659904, 7.5
front back
photon_ene: 661.6 photon_theta: 3.00685 photon_phi: 3.84789
traject_len: 5.04574
pe_len: 5.03826 cs_len: 1.96993
---
else
front: 0, 1.50131, 2.5
side: 0, 0, 0
front only
else
else
else
front: 1.19038, 1.45644, 2.5
side: 0, 0, 0
front only
else
else
else
front: 0, 0.0583753, 2.5
side: 0, 0, 0
front only
else
front: 0, 1.4444, 2.5
side: 0, 0, 0
front only
else
front: 0.509157, 0, 2.5
back: 1.52747, 0, 7.5
front back
photon_ene: 661.6 photon_theta: 0.289724 photon_phi: 5.46449
traject_len: 5.10264
pe_len: 1.41384 cs_len: 2.00525
---
else
front: 1.81513, 0, 2.5
side: 0, 0, 0
front only
else
else
front: 0, 0, 2.5
side: 0, 0, 0
front only
front: 0.193888, 0.56515, 2.5
back: 0.581664, 1.69545, 7.5
front back
photon_ene: 661.6 photon_theta: 0.234593 photon_phi: 1.24031
traject_len: 5.14081
pe_len: 97.9826 cs_len: 16.5982
---
else
else
front: 0.90147, 0, 2.5
side: 0, 0, 0
front only
front: 0, 0, 2.5
side: 0, 0, 0
front only
else
front: 0, 0, 2.5
side: 0, 0, 0
front only
else
else
front: 0.6951, 0, 2.5
side: 0, 0, 0
front only
else
else
front: 0, 0, 2.5
side: 0, 0, 0
front only
else
else
else
else
front: 0, 0, 2.5
side: 0, 0, 0
front only
else
else
front: 0.559512, 0, 2.5
side: 0, 0, 0
front only
front: 0, 1.90138, 2.5
side: 0, 0, 0
front only
front: 0, 0, 2.5
side: 0, 0, 0
front only
else
else
else
else
else
else
else
front: 0.472906, 0.867566, 2.5
side: 0, 0, 0
front only
else
else
else
else
else
else
else
front: 0, 0.291919, 2.5
side: 0, 0, 0
front only
else
front: 0.00427624, 0, 2.5
side: 0, 0, 0
front only
else
else
else
else
else
front: 0, 2.04489, 2.5
side: 0, 0, 0
front only
else
else
else
else
else
else
else
else
else
else
front: 0, 0, 2.5
side: 0, 0, 0
front only
else
front: 0.859384, 0.674251, 2.5
side: 0, 0, 0
front only
else
else
else
front: 0, 0, 2.5
side: 0, 0, 0
front only
front: 1.015, 0, 2.5
side: 0, 0, 0
front only
else
front: 0, 0.772925, 2.5
side: 0, 0, 0
front only
front: 0.795917, 0, 2.5
back: 2.38775, 0, 7.5
front back
photon_ene: 661.6 photon_theta: 0.308939 photon_phi: 6.21276
traject_len: 5.24728
pe_len: 12.265 cs_len: 2.12542
---
else
else
else
else
front: 0.917415, 0, 2.5
side: 0, 0, 0
front only
else
front: 0, 1.82601, 2.5
side: 0, 0, 0
front only
else
else
front: 0, 0, 2.5
side: 0, 0, 0
front only
else
else
else
front: 0.718591, 0, 2.5
side: 0, 0, 0
front only
front: 0, 0, 2.5
side: 0, 0, 0
front only
else
else
else
else
else
else
else
else
else
else
front: 0, 0.164138, 2.5
back: 0, 0.492413, 7.5
front back
photon_ene: 661.6 photon_theta: 0.121841 photon_phi: 2.57568
traject_len: 5.01076
pe_len: 39.1058 cs_len: 10.7126
---
else
else
else
front: 0, 0, 2.5
side: 0, 0, 0
front only
else
front: 2.22582, 0.961488, 2.5
side: 0, 0, 0
front only
else
front: 0.850837, 0.553642, 2.5
side: 0, 0, 0
front only
else
front: 0.125016, 0, 2.5
back: 0.375048, 0, 7.5
front back
photon_ene: 661.6 photon_theta: 0.214768 photon_phi: 4.94369
traject_len: 5.00625
pe_len: 36.0522 cs_len: 4.53274
---
else
else
else
else
else
else
else
front: 0, 0.628653, 2.5
side: 0, 0, 0
front only
front: 0.072639, 0, 2.5
side: 0, 0, 0
front only
else
else
front: 0, 0.801476, 2.5
back: 0, 2.40443, 7.5
front back
photon_ene: 661.6 photon_theta: 2.82427 photon_phi: 4.93124
traject_len: 5.25066
pe_len: 24.1414 cs_len: 6.32798
---
else
else
else
else
else
else
front: 0, 1.29209, 2.5
side: 0, 0, 0
front only
else
else
front: 0, 2.17602, 2.5
side: 0, 0, 0
front only
else
else
front: 1.08687, 0, 2.5
side: 0, 0, 0
front only
front: 0, 0, 2.5
side: 0, 0, 0
front only
else
else
else
front: 0, 0, 2.5
side: 0, 0, 0
front only
else
else
else
else
else
front: 0, 0.297317, 2.5
side: 0, 0, 0
front only
else
else
else
front: 0.491666, 0.0803034, 2.5
back: 1.475, 0.24091, 7.5
front back
photon_ene: 661.6 photon_theta: 0.196696 photon_phi: 0.1619
traject_len: 5.09831
pe_len: 150.884 cs_len: 0.992351
---
front: 0, 0, 2.5
side: 0, 0, 0
front only
else
front: 0.916693, 0.193112, 2.5
side: 0, 0, 0
front only
else
else
front: 1.96152, 0, 2.5
side: 0, 0, 0
front only
else
else
front: 1.29253, 0, 2.5
side: 0, 0, 0
front only
front: 0, 1.74517, 2.5
side: 0, 0, 0
front only
front: 1.70278, 1.17453, 2.5
side: 0, 0, 0
front only
front: 0, 0, 2.5
side: 0, 0, 0
front only
else
else
else
front: 0, 2.27125, 2.5
side: 0, 0, 0
front only
front: 1.85986, 0.401148, 2.5
side: 0, 0, 0
front only
else
else
front: 0.585528, 0.314133, 2.5
back: 1.75658, 0.9424, 7.5
front back
photon_ene: 661.6 photon_theta: 0.259782 photon_phi: 0.492416
traject_len: 5.1736
pe_len: 28.5261 cs_len: 16.8775
---
front: 0.501005, 1.62428, 2.5
side: 0, 0, 0
front only
else
front: 0, 0, 2.5
back: 0, 0, 7.5
front back
photon_ene: 661.6 photon_theta: 2.85081 photon_phi: 0.484598
traject_len: 5
pe_len: 31.6958 cs_len: 3.36109
---
front: 0.796883, 0.749941, 2.5
side: 0, 0, 0
front only
else
else
front: 1.43139, 0, 2.5
side: 0, 0, 0
front only
else
front: 2.18875, 0.145573, 2.5
side: 0, 0, 0
front only
front: 0.430142, 0.59019, 2.5
back: 1.29043, 1.77057, 7.5
front back
photon_ene: 661.6 photon_theta: 2.85738 photon_phi: 4.08258
traject_len: 5.20897
pe_len: 93.0602 cs_len: 3.94251
---
else
else
else
else
else
front: 0, 0, 2.5
side: 0, 0, 0
front only
front: 1.17815, 0.85482, 2.5
side: 0, 0, 0
front only
front: 2.12158, 1.1738, 2.5
side: 0, 0, 0
front only
else
front: 0, 1.34223, 2.5
side: 0, 0, 0
front only
front: 2.33042, 0.04394, 2.5
side: 0, 0, 0
front only
front: 0, 0, 2.5
side: 0, 0, 0
front only
else
front: 0.596661, 0.419175, 2.5
back: 1.78998, 1.25752, 7.5
front back
photon_ene: 661.6 photon_theta: 2.85779 photon_phi: 3.75402
traject_len: 5.20834
pe_len: 74.6411 cs_len: 2.57398
---
else
else
else
front: 0, 0.75845, 2.5
back: 0, 2.27535, 7.5
front back
photon_ene: 661.6 photon_theta: 0.300526 photon_phi: 1.77648
traject_len: 5.22503
pe_len: 80.3903 cs_len: 4.13491
---
else
else
front: 1.92536, 0, 2.5
side: 0, 0, 0
front only
front: 0, 0, 2.5
side: 0, 0, 0
front only
else
else
else
else
else
else
else
else
front: 0, 1.93576, 2.5
side: 0, 0, 0
front only
else
else
else
else
front: 1.59296, 0, 2.5
side: 0, 0, 0
front only
front: 0.187107, 0.524706, 2.5
back: 0.561321, 1.57412, 7.5
front back
photon_ene: 661.6 photon_theta: 2.92235 photon_phi: 4.36985
traject_len: 5.12263
pe_len: 16.7493 cs_len: 1.67874
---
else
front: 0, 0, 2.5
back: 0, 0, 7.5
front back
photon_ene: 661.6 photon_theta: 2.87073 photon_phi: 0.489896
traject_len: 5
pe_len: 6.15394 cs_len: 8.66388
---
else
else
else
else
else
else
else
else
else
else
else
front: 0, 0.643551, 2.5
side: 0, 0, 0
front only
else
else
front: 0, 0.550681, 2.5
side: 0, 0, 0
front only
else
front: 0.636898, 1.72905, 2.5
side: 0, 0, 0
front only
front: 0, 0, 2.5
side: 0, 0, 0
front only
front: 1.08788, 0, 2.5
side: 0, 0, 0
front only
front: 0.694365, 0, 2.5
side: 0, 0, 0
front only
else
else
front: 0, 0.878383, 2.5
side: 0, 0, 0
front only
else
else
else
front: 0, 1.9109, 2.5
side: 0, 0, 0
front only
else
else
else
front: 0, 1.12772, 2.5
side: 0, 0, 0
front only
front: 0, 0, 2.5
side: 0, 0, 0
front only
else
else
front: 0, 0.929839, 2.5
side: 0, 0, 0
front only
else
front: 0, 0.850608, 2.5
side: 0, 0, 0
front only
else
front: 0.909392, 0.930686, 2.5
side: 0, 0, 0
front only
else
else
else
else
else
else
else
front: 0.517241, 0.824743, 2.5
side: 0, 0, 0
front only
front: 0.956184, 0, 2.5
side: 0, 0, 0
front only
front: 0, 0.52228, 2.5
side: 0, 0, 0
front only
front: 0, 0, 2.5
side: 0, 0, 0
front only
front: 0, 1.48235, 2.5
side: 0, 0, 0
front only
else
else
else
else
else
else
front: 0.966228, 0, 2.5
side: 0, 0, 0
front only
else
front: 0.526898, 0, 2.5
side: 0, 0, 0
front only
front: 1.31093, 2.07327, 2.5
side: 0, 0, 0
front only
else
else
else
front: 0.165834, 1.29525, 2.5
side: 0, 0, 0
front only
front: 0.268938, 1.01801, 2.5
side: 0, 0, 0
front only
else
else
else
else
else
else
front: 0, 0, 2.5
side: 0, 0, 0
front only
else
else
else
else
front: 0.991431, 0, 2.5
side: 0, 0, 0
front only
else
front: 0, 0, 2.5
side: 0, 0, 0
front only
else
else
else
else
else
front: 0, 1.49349, 2.5
side: 0, 0, 0
front only
else
front: 0, 0, 2.5
back: 0, 0, 7.5
front back
photon_ene: 661.6 photon_theta: 0.315846 photon_phi: 3.87352
traject_len: 5
pe_len: 57.6886 cs_len: 0.817447
---
else
else
else
front: 0.32687, 1.29518, 2.5
side: 0, 0, 0
front only
else
else
front: 0, 0.0246346, 2.5
side: 0, 0, 0
front only
front: 0, 0.412634, 2.5
side: 0, 0, 0
front only
else
else
else
else
else
front: 0, 0, 2.5
side: 0, 0, 0
front only
front: 0, 0, 2.5
side: 0, 0, 0
front only
else
else
front: 1.00012, 0, 2.5
side: 0, 0, 0
front only
else
else
else
front: 0.766581, 0, 2.5
side: 0, 0, 0
front only
else
else
else
front: 1.91966, 0.786546, 2.5
side: 0, 0, 0
front only
front: 0.524501, 0.227474, 2.5
back: 1.5735, 0.682422, 7.5
front back
photon_ene: 661.6 photon_theta: 2.91678 photon_phi: 3.55081
traject_len: 5.12907
pe_len: 2.1662 cs_len: 7.32533
---
front: 0, 0, 2.5
side: 0, 0, 0
front only
front: 0, 0, 2.5
side: 0, 0, 0
front only
else
else
else
else
else
else
front: 0.671928, 0.391614, 2.5
back: 2.01578, 1.17484, 7.5
front back
photon_ene: 661.6 photon_theta: 2.83999 photon_phi: 3.66929
traject_len: 5.23635
pe_len: 174.414 cs_len: 0.356699
---
else
else
else
else
front: 0, 0, 2.5
side: 0, 0, 0
front only
else
else
front: 0.627223, 0, 2.5
back: 1.88167, 0, 7.5
front back
photon_ene: 661.6 photon_theta: 2.85018 photon_phi: 2.56153
traject_len: 5.15496
pe_len: 44.2992 cs_len: 2.86576
---
else
else
else
front: 2.43021, 0, 2.5
side: 0, 0, 0
front only
else
front: 1.11827, 1.54556, 2.5
side: 0, 0, 0
front only
front: 0, 0.629727, 2.5
side: 0, 0, 0
front only
else
else
else
else
else
else
else
else
else
else
else
else
else
front: 0, 0.964105, 2.5
side: 0, 0, 0
front only
else
else
else
front: 0, 2.15226, 2.5
side: 0, 0, 0
front only
else
else
front: 0, 0, 2.5
side: 0, 0, 0
front only
else
front: 1.38667, 0, 2.5
side: 0, 0, 0
front only
front: 0, 2.41822, 2.5
side: 0, 0, 0
front only
else
else
else
else
else
else
else
front: 0.725047, 0, 2.5
side: 0, 0, 0
front only
else
else
else
else
else
else
else
else
else
else
else
else
else
else
front: 0.514233, 0.164982, 2.5
back: 1.5427, 0.494947, 7.5
front back
photon_ene: 661.6 photon_theta: 0.212751 photon_phi: 0.310458
traject_len: 5.11533
pe_len: 14.2292 cs_len: 5.2734
---
front: 1.82945, 0.208116, 2.5
side: 0, 0, 0
front only
else
else
else
else
else
else
else
else
else
else
front: 0, 0.43453, 2.5
side: 0, 0, 0
front only
front: 0, 1.2687, 2.5
side: 0, 0, 0
front only
front: 0.664306, 0.975602, 2.5
side: 0, 0, 0
front only
else
else
else
else
else
else
else
front: 0.0419614, 1.27782, 2.5
side: 0, 0, 0
front only
else
front: 0, 0, 2.5
side: 0, 0, 0
front only
else
else
front: 0.443432, 0, 2.5
side: 0, 0, 0
front only
else
else
front: 0, 0.568468, 2.5
side: 0, 0, 0
front only
else
else
front: 0, 0.1669, 2.5
back: 0, 0.500701, 7.5
front back
photon_ene: 661.6 photon_theta: 0.0854689 photon_phi: 2.2482
traject_len: 5.01113
pe_len: 42.1795 cs_len: 9.09306
---
else
else
else
else
else
else
front: 1.15402, 0, 2.5
side: 0, 0, 0
front only
else
else
else
else
else
front: 0.274308, 0, 2.5
back: 0.822924, 0, 7.5
front back
photon_ene: 661.6 photon_theta: 3.03213 photon_phi: 3.08375
traject_len: 5.03001
pe_len: 20.3995 cs_len: 4.13475
---
else
else
else
else
else
front: 0, 0.493831, 2.5
back: 0, 1.48149, 7.5
front back
photon_ene: 661.6 photon_theta: 2.9438 photon_phi: 4.88225
traject_len: 5.09661
pe_len: 25.5233 cs_len: 2.01218
---
else
front: 0.854653, 0.709802, 2.5
side: 0, 0, 0
front only
else
else
else
else
else
else
else
front: 1.44916, 0, 2.5
side: 0, 0, 0
front only
front: 0.339468, 0, 2.5
side: 0, 0, 0
front only
else
else
else
else
front: 0.21956, 0.0956806, 2.5
back: 0.658679, 0.287042, 7.5
front back
photon_ene: 661.6 photon_theta: 3.04608 photon_phi: 3.55256
traject_len: 5.02289
pe_len: 44.6647 cs_len: 2.48411
---
front: 0.363775, 0, 2.5
back: 1.09132, 0, 7.5
front back
photon_ene: 661.6 photon_theta: 0.162623 photon_phi: 5.8029
traject_len: 5.05266
pe_len: 124.092 cs_len: 5.0755
---
else
else
front: 0, 0.0346124, 2.5
back: 0, 0.103837, 7.5
front back
photon_ene: 661.6 photon_theta: 2.89813 photon_phi: 6.22742
traject_len: 5.00048
pe_len: 3.81985 cs_len: 2.39598
---
front: 0.136463, 0.335629, 2.5
back: 0.40939, 1.00689, 7.5
front back
photon_ene: 661.6 photon_theta: 2.99767 photon_phi: 4.32621
traject_len: 5.05223
pe_len: 72.9092 cs_len: 4.7188
---
else
front: 0, 1.34714, 2.5
side: 0, 0, 0
front only
else
else
front: 0, 0, 2.5
side: 0, 0, 0
front only
else
else
else
front: 1.41315, 0.134343, 2.5
side: 0, 0, 0
front only
front: 0, 0.685212, 2.5
side: 0, 0, 0
front only
else
else
front: 0, 0, 2.5
side: 0, 0, 0
front only
front: 0, 0, 2.5
back: 0, 0, 7.5
front back
photon_ene: 661.6 photon_theta: 3.09228 photon_phi: 1.41577
traject_len: 5
pe_len: 86.0704 cs_len: 8.39529
---
else
else
else
else
else
front: 0, 0.98375, 2.5
side: 0, 0, 0
front only
else
else
else
front: 0.397726, 0, 2.5
side: 0, 0, 0
front only
else
else
else
else
else
else
front: 0.339512, 1.05189, 2.5
side: 0, 0, 0
front only
else
else
front: 1.65962, 0, 2.5
side: 0, 0, 0
front only
else
front: 0, 0, 2.5
side: 0, 0, 0
front only
else
else
front: 0, 0, 2.5
side: 0, 0, 0
front only
else
else
else
else
else
else
front: 0, 0, 2.5
side: 0, 0, 0
front only
else
else
front: 2.04571, 1.24817, 2.5
side: 0, 0, 0
front only
else
else
else
else
front: 0, 0.716633, 2.5
back: 0, 2.1499, 7.5
front back
photon_ene: 661.6 photon_theta: 2.82549 photon_phi: 5.21478
traject_len: 5.20137
pe_len: 205.123 cs_len: 3.77247
---
else
else
else
else
else
else
else
else
else
else
else
front: 0, 1.31814, 2.5
side: 0, 0, 0
front only
else
else
else
else
else
front: 1.22113, 0.390812, 2.5
side: 0, 0, 0
front only
else
else
front: 0.126992, 0.148288, 2.5
back: 0.380976, 0.444863, 7.5
front back
photon_ene: 661.6 photon_theta: 0.0779352 photon_phi: 0.862604
traject_len: 5.01522
pe_len: 1.62877 cs_len: 0.186725
---
else
front: 0, 0.990535, 2.5
side: 0, 0, 0
front only
else
else
else
else
front: 0.0629202, 0, 2.5
side: 0, 0, 0
front only
else
else
front: 0, 0.501203, 2.5
side: 0, 0, 0
front only
front: 0, 0.739959, 2.5
side: 0, 0, 0
front only
else
else
else
else
else
front: 0.815999, 2.08077, 2.5
side: 0, 0, 0
front only
else
else
else
else
front: 0.385442, 1.02292, 2.5
side: 0, 0, 0
front only
else
front: 0.43395, 0, 2.5
back: 1.30185, 0, 7.5
front back
photon_ene: 661.6 photon_theta: 2.86465 photon_phi: 2.22769
traject_len: 5.07477
pe_len: 54.6939 cs_len: 1.33292
---
else
else
else
else
else
else
front: 0, 0.958237, 2.5
side: 0, 0, 0
front only
front: 0, 0, 2.5
side: 0, 0, 0
front only
else
else
front: 0, 0, 2.5
back: 0, 0, 7.5
front back
photon_ene: 661.6 photon_theta: 0.317332 photon_phi: 3.27014
traject_len: 5
pe_len: 23.0954 cs_len: 10.5272
---
else
else
front: 0, 0, 2.5
side: 0, 0, 0
front only
else
else
else
else
else
front: 0, 0.28251, 2.5
back: 0, 0.847529, 7.5
front back
photon_ene: 661.6 photon_theta: 2.95049 photon_phi: 5.65941
traject_len: 5.03182
pe_len: 15.3967 cs_len: 0.770196
---
else
front: 1.40633, 0.172993, 2.5
side: 0, 0, 0
front only
else
else
else
front: 0.363625, 0, 2.5
side: 0, 0, 0
front only
else
else
else
else
else
else
else
else
else
else
else
front: 1.29458, 0, 2.5
side: 0, 0, 0
front only
else
else
else
else
else
front: 0, 1.15401, 2.5
side: 0, 0, 0
front only
front: 0.941684, 0.852181, 2.5
side: 0, 0, 0
front only
else
else
else
else
else
else
else
else
front: 0, 0.0707218, 2.5
back: 0, 0.212165, 7.5
front back
photon_ene: 661.6 photon_theta: 3.06342 photon_phi: 5.91372
traject_len: 5.002
pe_len: 6.92672 cs_len: 6.81965
---
else
else
else
front: 0, 0, 2.5
side: 0, 0, 0
front only
else
front: 1.76189, 0, 2.5
side: 0, 0, 0
front only
front: 0.889982, 0, 2.5
side: 0, 0, 0
front only
else
else
else
front: 0.857811, 0, 2.5
side: 0, 0, 0
front only
else
else
front: 0.375455, 1.4927, 2.5
side: 0, 0, 0
front only
else
else
else
else
front: 0, 0, 2.5
side: 0, 0, 0
front only
else
else
front: 0.562097, 0, 2.5
side: 0, 0, 0
front only
front: 0.718991, 1.68464, 2.5
side: 0, 0, 0
front only
front: 0, 0, 2.5
side: 0, 0, 0
front only
else
else
else
else
front: 1.00961, 0, 2.5
side: 0, 0, 0
front only
else
front: 0.274576, 1.41935, 2.5
side: 0, 0, 0
front only
else
front: 0, 0, 2.5
side: 0, 0, 0
front only
else
else
else
else
else
else
front: 0, 0.546258, 2.5
back: 0, 1.63877, 7.5
front back
photon_ene: 661.6 photon_theta: 0.221456 photon_phi: 1.81437
traject_len: 5.11797
pe_len: 29.2084 cs_len: 3.5016
---
front: 0, 1.16251, 2.5
side: 0, 0, 0
front only
else
front: 0, 0, 2.5
side: 0, 0, 0
front only
else
else
front: 0, 0.565218, 2.5
side: 0, 0, 0
front only
front: 0, 0.655009, 2.5
side: 0, 0, 0
front only
front: 0, 0, 2.5
side: 0, 0, 0
front only
else
else
else
else
else
else
front: 0.982339, 0, 2.5
side: 0, 0, 0
front only
else
else
else
front: 0, 0.536579, 2.5
back: 0, 1.60974, 7.5
front back
photon_ene: 661.6 photon_theta: 2.91013 photon_phi: 5.13829
traject_len: 5.11387
pe_len: 58.537 cs_len: 0.884118
---
else
else
front: 0, 0, 2.5
side: 0, 0, 0
front only
else
front: 0, 0, 2.5
side: 0, 0, 0
front only
else
else
else
front: 0.0901135, 0, 2.5
back: 0.270341, 0, 7.5
front back
photon_ene: 661.6 photon_theta: 0.157527 photon_phi: 4.94131
traject_len: 5.00325
pe_len: 36.9612 cs_len: 7.88676
---
else
else
else
else
else
else
front: 1.45781, 0.57421, 2.5
side: 0, 0, 0
front only
else
front: 0, 0, 2.5
side: 0, 0, 0
front only
else
front: 1.16371, 0, 2.5
side: 0, 0, 0
front only
else
else
else
front: 0.92692, 0, 2.5
side: 0, 0, 0
front only
else
front: 0.463971, 1.35724, 2.5
side: 0, 0, 0
front only
else
else
else
else
front: 0.5692, 0, 2.5
back: 1.7076, 0, 7.5
front back
photon_ene: 661.6 photon_theta: 0.294439 photon_phi: 5.56165
traject_len: 5.12796
pe_len: 61.0793 cs_len: 0.524868
---
front: 0.744984, 0.400712, 2.5
side: 0, 0, 0
front only
else
front: 1.3553, 0, 2.5
side: 0, 0, 0
front only
else
else
else
front: 0, 0, 2.5
side: 0, 0, 0
front only
front: 1.61886, 1.8198, 2.5
side: 0, 0, 0
front only
else
else
else
else
else
front: 0.438347, 0, 2.5
side: 0, 0, 0
front only
else
else
else
else
else
else
front: 0.642815, 0, 2.5
side: 0, 0, 0
front only
front: 0, 0, 2.5
side: 0, 0, 0
front only
else
else
else
else
else
else
front: 0.852937, 0, 2.5
side: 0, 0, 0
front only
else
else
else
front: 1.4721, 0.603291, 2.5
side: 0, 0, 0
front only
else
front: 0.722549, 0, 2.5
side: 0, 0, 0
front only
front: 0, 1.13715, 2.5
side: 0, 0, 0
front only
else
else
else
else
front: 0.381477, 0, 2.5
side: 0, 0, 0
front only
else
else
else
else
else
else
front: 0, 0.240026, 2.5
back: 0, 0.720079, 7.5
front back
photon_ene: 661.6 photon_theta: 3.04587 photon_phi: 4.7201
traject_len: 5.02299
pe_len: 46.3858 cs_len: 3.31439
---
else
else
else
else
else
else
else
else
else
else
else
else
else
else
else
else
else
else
front: 1.20555, 0.857171, 2.5
side: 0, 0, 0
front only
front: 0, 1.31612, 2.5
side: 0, 0, 0
front only
else
else
else
else
front: 1.86989, 0.609643, 2.5
side: 0, 0, 0
front only
front: 1.37303, 0, 2.5
side: 0, 0, 0
front only
front: 1.46319, 0.050106, 2.5
side: 0, 0, 0
front only
else
else
else
else
else
front: 0, 0, 2.5
side: 0, 0, 0
front only
else
front: 0, 1.61054, 2.5
side: 0, 0, 0
front only
else
front: 0, 0, 2.5
side: 0, 0, 0
front only
else
else
else
else
else
front: 0, 2.1165, 2.5
side: 0, 0, 0
front only
front: 1.14428, 0, 2.5
side: 0, 0, 0
front only
front: 0, 1.40184, 2.5
side: 0, 0, 0
front only
else
else
else
else
else
else
else
else
else
front: 0, 0, 2.5
side: 0, 0, 0
front only
else
else
else
else
else
else
front: 0, 0, 2.5
back: 0, 0, 7.5
front back
photon_ene: 661.6 photon_theta: 2.92571 photon_phi: 0.45446
traject_len: 5
pe_len: 6.77818 cs_len: 5.91661
---
else
else
front: 1.08733, 0, 2.5
side: 0, 0, 0
front only
else
front: 0.493212, 0, 2.5
side: 0, 0, 0
front only
front: 1.36098, 0, 2.5
side: 0, 0, 0
front only
else
else
else
else
else
else
else
else
front: 0, 0, 2.5
back: 0, 0, 7.5
front back
photon_ene: 661.6 photon_theta: 0.19365 photon_phi: 4.42026
traject_len: 5
pe_len: 21.1837 cs_len: 0.644817
---
front: 0, 1.03707, 2.5
side: 0, 0, 0
front only
else
else
front: 1.13599, 0.266143, 2.5
side: 0, 0, 0
front only
front: 0.380555, 0.209911, 2.5
back: 1.14167, 0.629732, 7.5
front back
photon_ene: 661.6 photon_theta: 0.172123 photon_phi: 0.504064
traject_len: 5.07499
pe_len: 30.6261 cs_len: 4.55671
---
else
else
else
else
else
else
else
else
front: 0.0782001, 0, 2.5
back: 0.2346, 0, 7.5
front back
photon_ene: 661.6 photon_theta: 2.91152 photon_phi: 1.70475
traject_len: 5.00245
pe_len: 48.2784 cs_len: 5.63126
---
else
else
front: 0, 0, 2.5
side: 0, 0, 0
front only
else
else
front: 0, 0.24608, 2.5
side: 0, 0, 0
front only
else
else
else
front: 0.284421, 0, 2.5
back: 0.853262, 0, 7.5
front back
photon_ene: 661.6 photon_theta: 0.238443 photon_phi: 5.19948
traject_len: 5.03225
pe_len: 17.0537 cs_len: 2.72149
---
else
else
else
else
front: 0, 0, 2.5
side: 0, 0, 0
front only
else
else
else
else
else
else
front: 0.194245, 0.780522, 2.5
back: 0.582734, 2.34157, 7.5
front back
photon_ene: 661.6 photon_theta: 2.83032 photon_phi: 4.46848
traject_len: 5.25241
pe_len: 31.4702 cs_len: 2.03216
---
else
else
else
else
front: 0, 0, 2.5
back: 0, 0, 7.5
front back
photon_ene: 661.6 photon_theta: 2.88234 photon_phi: 0.39014
traject_len: 5
pe_len: 67.0724 cs_len: 0.437822
---
else
else
front: 0.315297, 0, 2.5
side: 0, 0, 0
front only
else
front: 0, 0, 2.5
back: 0, 0, 7.5
front back
photon_ene: 661.6 photon_theta: 0.311221 photon_phi: 3.62942
traject_len: 5
pe_len: 18.1796 cs_len: 0.0584691
---
else
front: 0.756684, 0.176214, 2.5
back: 2.27005, 0.528641, 7.5
front back
photon_ene: 661.6 photon_theta: 0.30131 photon_phi: 0.228799
traject_len: 5.23588
pe_len: 35.0733 cs_len: 2.38184
---
else
else
else
else
front: 1.52371, 1.85122, 2.5
side: 0, 0, 0
front only
front: 0, 0, 2.5
side: 0, 0, 0
front only
front: 0, 0.718185, 2.5
side: 0, 0, 0
front only
front: 0.709926, 1.08296, 2.5
side: 0, 0, 0
front only
front: 0, 0, 2.5
back: 0, 0, 7.5
front back
photon_ene: 661.6 photon_theta: 0.125257 photon_phi: 3.90562
traject_len: 5
pe_len: 22.1558 cs_len: 1.69362
---
else
front: 0.449591, 0, 2.5
side: 0, 0, 0
front only
else
else
front: 0.040546, 1.12674, 2.5
side: 0, 0, 0
front only
front: 0, 0, 2.5
side: 0, 0, 0
front only
front: 1.11625, 0, 2.5
side: 0, 0, 0
front only
else
else
else
front: 0.62502, 0.228771, 2.5
back: 1.87506, 0.686312, 7.5
front back
photon_ene: 661.6 photon_theta: 0.260193 photon_phi: 0.350876
traject_len: 5.17416
pe_len: 44.9212 cs_len: 6.27812
---
else
front: 0, 0.408201, 2.5
back: 0, 1.2246, 7.5
front back
photon_ene: 661.6 photon_theta: 0.298159 photon_phi: 2.58145
traject_len: 5.06621
pe_len: 11.0258 cs_len: 12.0066
---
front: 0.760714, 0, 2.5
side: 0, 0, 0
front only
else
front: 0.543753, 0.893848, 2.5
side: 0, 0, 0
front only
front: 2.04567, 0.591536, 2.5
side: 0, 0, 0
front only
front: 0, 0.0718386, 2.5
back: 0, 0.215516, 7.5
front back
photon_ene: 661.6 photon_theta: 3.03462 photon_phi: 6.0123
traject_len: 5.00206
pe_len: 31.7624 cs_len: 1.85841
---
else
front: 1.17778, 0, 2.5
side: 0, 0, 0
front only
else
front: 1.14078, 1.79669, 2.5
side: 0, 0, 0
front only
else
front: 1.03672, 0, 2.5
side: 0, 0, 0
front only
else
front: 2.08017, 1.13265, 2.5
side: 0, 0, 0
front only
front: 0, 1.08804, 2.5
side: 0, 0, 0
front only
front: 0.357548, 0, 2.5
back: 1.07264, 0, 7.5
front back
photon_ene: 661.6 photon_theta: 2.92294 photon_phi: 2.27002
traject_len: 5.05088
pe_len: 22.9955 cs_len: 0.0790619
---
front: 0.407597, 0.549823, 2.5
back: 1.22279, 1.64947, 7.5
front back
photon_ene: 661.6 photon_theta: 0.267223 photon_phi: 0.932871
traject_len: 5.18399
pe_len: 25.9302 cs_len: 10.9717
---
else
front: 1.50472, 0, 2.5
side: 0, 0, 0
front only
else
else
front: 0.8679, 0, 2.5
side: 0, 0, 0
front only
front: 0, 0, 2.5
back: 0, 0, 7.5
front back
photon_ene: 661.6 photon_theta: 2.95802 photon_phi: 0.280894
traject_len: 5
pe_len: 1.17618 cs_len: 1.76095
---
else
front: 0, 0.910821, 2.5
side: 0, 0, 0
front only
else
else
else
front: 0.0515194, 0, 2.5
side: 0, 0, 0
front only
else
front: 0, 0.183667, 2.5
side: 0, 0, 0
front only
else
else
else
else
front: 0.031382, 0, 2.5
back: 0.094146, 0, 7.5
front back
photon_ene: 661.6 photon_theta: 0.0640518 photon_phi: 4.90937
traject_len: 5.00039
pe_len: 17.5121 cs_len: 2.93619
---
else
else
else
else
else
front: 0, 0, 2.5
side: 0, 0, 0
front only
else
front: 0, 0, 2.5
side: 0, 0, 0
front only
front: 0.126305, 0.409635, 2.5
back: 0.378915, 1.22891, 7.5
front back
photon_ene: 661.6 photon_theta: 0.169815 photon_phi: 1.27171
traject_len: 5.07297
pe_len: 24.0352 cs_len: 3.71772
---
else
else
else
else
front: 0, 0.546518, 2.5
back: 0, 1.63956, 7.5
front back
photon_ene: 661.6 photon_theta: 0.222972 photon_phi: 1.83947
traject_len: 5.11808
pe_len: 4.91092 cs_len: 12.7894
---
else
else
front: 0.294793, 0.69607, 2.5
back: 0.884379, 2.08821, 7.5
front back
photon_ene: 661.6 photon_theta: 0.293628 photon_phi: 1.17019
traject_len: 5.22357
pe_len: 20.8473 cs_len: 8.1796
---
else
else
else
else
else
else
else
else
front: 0.449986, 0, 2.5
side: 0, 0, 0
front only
else
else
else
front: 0, 0, 2.5
side: 0, 0, 0
front only
else
else
else
else
else
else
front: 0.659423, 0, 2.5
side: 0, 0, 0
front only
else
front: 0, 0.899245, 2.5
side: 0, 0, 0
front only
front: 0, 0, 2.5
side: 0, 0, 0
front only
front: 0, 1.39293, 2.5
side: 0, 0, 0
front only
front: 0.888748, 1.52958, 2.5
side: 0, 0, 0
front only
else
front: 1.70767, 0.214649, 2.5
side: 0, 0, 0
front only
else
else
else
front: 0.808839, 1.6792, 2.5
side: 0, 0, 0
front only
else
front: 0.247714, 2.21524, 2.5
side: 0, 0, 0
front only
else
else
front: 0, 0, 2.5
side: 0, 0, 0
front only
else
else
else
else
else
front: 0, 0, 2.5
side: 0, 0, 0
front only
else
else
else
else
else
front: 0, 0, 2.5
side: 0, 0, 0
front only
else
else
front: 0.244951, 0.412349, 2.5
back: 0.734853, 1.23705, 7.5
front back
photon_ene: 661.6 photon_theta: 2.95205 photon_phi: 4.17636
traject_len: 5.09118
pe_len: 128.198 cs_len: 1.61513
---
else
else
front: 1.30954, 1.77624, 2.5
side: 0, 0, 0
front only
else
front: 1.55167, 0, 2.5
side: 0, 0, 0
front only
front: 0, 1.54633, 2.5
side: 0, 0, 0
front only
front: 0, 0, 2.5
back: 0, 0, 7.5
front back
photon_ene: 661.6 photon_theta: 2.88322 photon_phi: 1.47119
traject_len: 5
pe_len: 2.76302 cs_len: 4.2308
---
else
else
front: 0.619069, 1.8242, 2.5
side: 0, 0, 0
front only
else
front: 1.83163, 0.135612, 2.5
side: 0, 0, 0
front only
else
front: 0.0219885, 0, 2.5
back: 0.0659654, 0, 7.5
front back
photon_ene: 661.6 photon_theta: 0.277492 photon_phi: 4.74327
traject_len: 5.00019
pe_len: 4.4406 cs_len: 1.19587
---
front: 0, 0.781239, 2.5
side: 0, 0, 0
front only
else
else
else
front: 0, 0, 2.5
side: 0, 0, 0
front only
else
else
else
front: 0.191372, 0, 2.5
side: 0, 0, 0
front only
front: 0.642242, 0.104942, 2.5
back: 1.92673, 0.314825, 7.5
front back
photon_ene: 661.6 photon_theta: 2.88694 photon_phi: 3.30356
traject_len: 5.16662
pe_len: 153.408 cs_len: 0.457445
---
else
else
front: 1.84537, 0.314394, 2.5
side: 0, 0, 0
front only
else
front: 0.392977, 1.68854, 2.5
side: 0, 0, 0
front only
front: 0, 1.59094, 2.5
side: 0, 0, 0
front only
front: 0, 0, 2.5
back: 0, 0, 7.5
front back
photon_ene: 661.6 photon_theta: 0.286901 photon_phi: 3.59427
traject_len: 5
pe_len: 89.4003 cs_len: 0.256845
---
else
else
else
else
else
else
else
front: 0.493529, 0, 2.5
back: 1.48059, 0, 7.5
front back
photon_ene: 661.6 photon_theta: 2.88082 photon_phi: 2.40356
traject_len: 5.0965
pe_len: 16.3349 cs_len: 2.70788
---
front: 1.23277, 0.368818, 2.5
side: 0, 0, 0
front only
front: 0, 1.20604, 2.5
side: 0, 0, 0
front only
else
else
else
front: 0, 0.590976, 2.5
back: 0, 1.77293, 7.5
front back
photon_ene: 661.6 photon_theta: 2.90529 photon_phi: 4.904
traject_len: 5.1378
pe_len: 44.4963 cs_len: 4.55172
---
front: 0, 0.582881, 2.5
back: 0, 1.74864, 7.5
front back
photon_ene: 661.6 photon_theta: 2.8242 photon_phi: 5.49404
traject_len: 5.1341
pe_len: 6.81523 cs_len: 2.31612
---
else
else
front: 1.22592, 1.46666, 2.5
side: 0, 0, 0
front only
else
front: 1.49905, 1.48549, 2.5
side: 0, 0, 0
front only
else
else
front: 0, 0.602464, 2.5
back: 0, 1.80739, 7.5
front back
photon_ene: 661.6 photon_theta: 0.312194 photon_phi: 2.29856
traject_len: 5.14314
pe_len: 30.3108 cs_len: 0.74653
---
front: 0, 0, 2.5
side: 0, 0, 0
front only
else
else
else
else
else
else
else
else
else
else
else
else
else
else
else
front: 0.924037, 2.32061, 2.5
side: 0, 0, 0
front only
else
else
else
else
else
else
else
else
else
front: 0, 1.85985, 2.5
side: 0, 0, 0
front only
else
front: 0, 1.78508, 2.5
side: 0, 0, 0
front only
else
front: 0, 1.01139, 2.5
side: 0, 0, 0
front only
else
else
else
front: 0, 1.79504, 2.5
side: 0, 0, 0
front only
else
else
front: 0, 1.60712, 2.5
side: 0, 0, 0
front only
else
front: 0, 0, 2.5
side: 0, 0, 0
front only
else
else
front: 1.23344, 2.03424, 2.5
side: 0, 0, 0
front only
front: 0, 0.286736, 2.5
side: 0, 0, 0
front only
front: 0, 0, 2.5
side: 0, 0, 0
front only
else
else
front: 0, 0.834689, 2.5
side: 0, 0, 0
front only
else
front: 0, 1.4404, 2.5
side: 0, 0, 0
front only
front: 1.94783, 1.34869, 2.5
side: 0, 0, 0
front only
front: 0.916059, 0, 2.5
side: 0, 0, 0
front only
else
else
else
else
else
else
else
else
else
front: 0, 0.986236, 2.5
side: 0, 0, 0
front only
front: 1.4098, 1.44055, 2.5
side: 0, 0, 0
front only
else
else
else
else
else
front: 0, 0, 2.5
back: 0, 0, 7.5
front back
photon_ene: 661.6 photon_theta: 0.200915 photon_phi: 3.58393
traject_len: 5
pe_len: 79.4498 cs_len: 0.287479
---
else
else
front: 1.69065, 0, 2.5
side: 0, 0, 0
front only
front: 0, 0, 2.5
back: 0, 0, 7.5
front back
photon_ene: 661.6 photon_theta: 0.205853 photon_phi: 4.00096
traject_len: 5
pe_len: 109.414 cs_len: 15.328
---
front: 0.487072, 1.95295, 2.5
side: 0, 0, 0
front only
front: 2.15317, 0.221849, 2.5
side: 0, 0, 0
front only
else
else
else
else
else
front: 0.775341, 0, 2.5
side: 0, 0, 0
front only
front: 0, 0, 2.5
side: 0, 0, 0
front only
else
else
front: 0.479239, 0, 2.5
side: 0, 0, 0
front only
else
else
else
else
front: 0, 0, 2.5
back: 0, 0, 7.5
front back
photon_ene: 661.6 photon_theta: 2.88399 photon_phi: 0.690096
traject_len: 5
pe_len: 21.3875 cs_len: 4.43133
---
else
else
else
else
else
else
front: 0.759927, 0, 2.5
side: 0, 0, 0
front only
else
else
else
else
else
else
else
front: 0, 0.209002, 2.5
back: 0, 0.627007, 7.5
front back
photon_ene: 661.6 photon_theta: 2.86094 photon_phi: 5.98894
traject_len: 5.01744
pe_len: 2.66361 cs_len: 5.10624
---
else
else
else
else
else
else
else
else
else
else
else
else
else
front: 2.27504, 0, 2.5
side: 0, 0, 0
front only
else
else
else
else
else
else
else
else
else
front: 0, 1.14328, 2.5
side: 0, 0, 0
front only
else
front: 0.118601, 0, 2.5
back: 0.355802, 0, 7.5
front back
photon_ene: 661.6 photon_theta: 2.90357 photon_phi: 1.7676
traject_len: 5.00562
pe_len: 36.0188 cs_len: 6.9026
---
front: 2.06857, 0.500349, 2.5
side: 0, 0, 0
front only
else
front: 0, 0, 2.5
side: 0, 0, 0
front only
front: 0.305092, 0.215668, 2.5
back: 0.915277, 0.647004, 7.5
front back
photon_ene: 661.6 photon_theta: 0.148351 photon_phi: 0.615338
traject_len: 5.05553
pe_len: 60.4613 cs_len: 10.2064
---
front: 0, 0.0388625, 2.5
side: 0, 0, 0
front only
front: 0.325914, 0, 2.5
back: 0.977741, 0, 7.5
front back
photon_ene: 661.6 photon_theta: 2.98178 photon_phi: 2.5129
traject_len: 5.04231
pe_len: 4.90861 cs_len: 7.50909
---
else
else
front: 0, 1.81028, 2.5
side: 0, 0, 0
front only
else
else
front: 0.226781, 0, 2.5
back: 0.680343, 0, 7.5
front back
photon_ene: 661.6 photon_theta: 0.0941217 photon_phi: 6.00273
traject_len: 5.02053
pe_len: 8.92754 cs_len: 3.45174
---
else
else
else
front: 0.576469, 0, 2.5
back: 1.72941, 0, 7.5
front back
photon_ene: 661.6 photon_theta: 2.82943 photon_phi: 2.36675
traject_len: 5.13121
pe_len: 17.9429 cs_len: 0.504778
---
front: 0, 0, 2.5
side: 0, 0, 0
front only
else
front: 0, 0, 2.5
side: 0, 0, 0
front only
else
else
else
else
front: 0.63342, 0.589295, 2.5
side: 0, 0, 0
front only
front: 0.987169, 1.56073, 2.5
side: 0, 0, 0
front only
else
else
front: 0, 0, 2.5
back: 0, 0, 7.5
front back
photon_ene: 661.6 photon_theta: 2.9514 photon_phi: 1.01325
traject_len: 5
pe_len: 58.2918 cs_len: 19.5117
---
front: 0, 0, 2.5
back: 0, 0, 7.5
front back
photon_ene: 661.6 photon_theta: 0.100058 photon_phi: 3.66378
traject_len: 5
pe_len: 64.4979 cs_len: 15.8748
---
else
else
else
front: 0, 1.49208, 2.5
side: 0, 0, 0
front only
front: 1.54844, 0, 2.5
side: 0, 0, 0
front only
else
else
else
else
else
front: 0.283043, 0.262844, 2.5
back: 0.849128, 0.788531, 7.5
front back
photon_ene: 661.6 photon_theta: 2.9883 photon_phi: 3.89001
traject_len: 5.05933
pe_len: 59.2103 cs_len: 13.8644
---
else
else
else
else
else
else
front: 0, 0.898366, 2.5
side: 0, 0, 0
front only
front: 0.857383, 0.738606, 2.5
side: 0, 0, 0
front only
front: 0, 0, 2.5
side: 0, 0, 0
front only
else
else
else
front: 0.528667, 0.0630895, 2.5
back: 1.586, 0.189268, 7.5
front back
photon_ene: 661.6 photon_theta: 2.93176 photon_phi: 3.26037
traject_len: 5.11213
pe_len: 6.97237 cs_len: 5.48024
---
else
else
else
else
front: 0, 0, 2.5
side: 0, 0, 0
front only
front: 0, 2.27506, 2.5
side: 0, 0, 0
front only
front: 0, 0, 2.5
side: 0, 0, 0
front only
else
else
else
front: 1.18315, 0, 2.5
side: 0, 0, 0
front only
else
else
front: 0.817295, 0, 2.5
side: 0, 0, 0
front only
else
else
else
else
else
front: 0, 0, 2.5
side: 0, 0, 0
front only
front: 1.68154, 0, 2.5
side: 0, 0, 0
front only
front: 0.312825, 0.0493117, 2.5
back: 0.938475, 0.147935, 7.5
front back
photon_ene: 661.6 photon_theta: 3.01559 photon_phi: 3.29794
traject_len: 5.03996
pe_len: 45.1666 cs_len: 1.65599
---
front: 0.362414, 0, 2.5
back: 1.08724, 0, 7.5
front back
photon_ene: 661.6 photon_theta: 2.90415 photon_phi: 2.21305
traject_len: 5.05226
pe_len: 6.66858 cs_len: 6.09229
---
front: 0, 0, 2.5
side: 0, 0, 0
front only
front: 2.31354, 0.350603, 2.5
side: 0, 0, 0
front only
else
else
front: 0.965228, 0.851103, 2.5
side: 0, 0, 0
front only
else
front: 0, 0, 2.5
side: 0, 0, 0
front only
else
else
else
front: 0.280496, 0, 2.5
back: 0.841487, 0, 7.5
front back
photon_ene: 661.6 photon_theta: 0.291677 photon_phi: 5.09538
traject_len: 5.03137
pe_len: 31.2474 cs_len: 1.15436
---
else
else
else
else
else
else
else
front: 0.72108, 0, 2.5
side: 0, 0, 0
front only
else
front: 0, 0.168927, 2.5
back: 0, 0.50678, 7.5
front back
photon_ene: 661.6 photon_theta: 0.0896334 photon_phi: 2.29075
traject_len: 5.0114
pe_len: 1.42476 cs_len: 0.674883
---
else
front: 0, 1.11242, 2.5
side: 0, 0, 0
front only
else
else
else
front: 0, 0.410761, 2.5
side: 0, 0, 0
front only
else
front: 0, 0, 2.5
side: 0, 0, 0
front only
else
else
else
else
else
front: 0, 0, 2.5
side: 0, 0, 0
front only
front: 0.565461, 1.69173, 2.5
side: 0, 0, 0
front only
else
front: 0, 1.62746, 2.5
side: 0, 0, 0
front only
else
front: 0.927837, 1.29349, 2.5
side: 0, 0, 0
front only
else
else
else
else
front: 0.639643, 0, 2.5
back: 1.91893, 0, 7.5
front back
photon_ene: 661.6 photon_theta: 0.252721 photon_phi: 6.14715
traject_len: 5.16106
pe_len: 68.7829 cs_len: 4.6629
---
front: 0, 0, 2.5
side: 0, 0, 0
front only
else
front: 0, 0, 2.5
side: 0, 0, 0
front only
else
else
else
else
else
else
else
else
else
else
else
else
front: 0, 0.645091, 2.5
side: 0, 0, 0
front only
else
else
front: 0, 0, 2.5
side: 0, 0, 0
front only
else
else
front: 1.66353, 1.17314, 2.5
side: 0, 0, 0
front only
else
else
else
front: 0, 1.39487, 2.5
side: 0, 0, 0
front only
else
front: 0.779313, 0, 2.5
side: 0, 0, 0
front only
else
else
front: 1.44874, 0.287851, 2.5
side: 0, 0, 0
front only
else
front: 0.783435, 1.69286, 2.5
side: 0, 0, 0
front only
else
else
else
else
front: 0, 0, 2.5
side: 0, 0, 0
front only
else
else
else
else
else
else
else
else
front: 0, 1.78582, 2.5
side: 0, 0, 0
front only
front: 1.53249, 0, 2.5
side: 0, 0, 0
front only
front: 0, 0, 2.5
back: 0, 0, 7.5
front back
photon_ene: 661.6 photon_theta: 0.22804 photon_phi: 3.39242
traject_len: 5
pe_len: 113.214 cs_len: 6.11648
---
else
else
front: 0, 0, 2.5
back: 0, 0, 7.5
front back
photon_ene: 661.6 photon_theta: 0.10767 photon_phi: 4.35887
traject_len: 5
pe_len: 25.6089 cs_len: 6.79501
---
else
else
else
else
front: 1.21795, 1.54439, 2.5
side: 0, 0, 0
front only
else
front: 0.785368, 0.143457, 2.5
back: 2.35611, 0.430372, 7.5
front back
photon_ene: 661.6 photon_theta: 2.83248 photon_phi: 3.32226
traject_len: 5.24877
pe_len: 51.1294 cs_len: 4.51245
---
else
else
front: 0, 0.239758, 2.5
back: 0, 0.719275, 7.5
front back
photon_ene: 661.6 photon_theta: 0.234707 photon_phi: 2.7289
traject_len: 5.02294
pe_len: 3.00958 cs_len: 2.85639
---
else
else
else
else
else
front: 0, 0.441653, 2.5
side: 0, 0, 0
front only
else
front: 0, 0, 2.5
side: 0, 0, 0
front only
front: 0, 0, 2.5
side: 0, 0, 0
front only
else
else
else
else
else
front: 0.254022, 0, 2.5
side: 0, 0, 0
front only
else
else
else
front: 1.52517, 0, 2.5
side: 0, 0, 0
front only
else
else
else
else
front: 0, 0.367929, 2.5
side: 0, 0, 0
front only
else
else
else
else
else
front: 0.680912, 0.475217, 2.5
back: 2.04274, 1.42565, 7.5
front back
photon_ene: 661.6 photon_theta: 2.82092 photon_phi: 3.75092
traject_len: 5.26858
pe_len: 49.4229 cs_len: 2.20932
---
front: 0, 0, 2.5
side: 0, 0, 0
front only
front: 0, 0.293201, 2.5
back: 0, 0.879603, 7.5
front back
photon_ene: 661.6 photon_theta: 0.28319 photon_phi: 2.72679
traject_len: 5.03427
pe_len: 12.1928 cs_len: 0.614991
---
else
front: 0.397565, 2.13032, 2.5
side: 0, 0, 0
front only
else
else
else
front: 0.740579, 0.100722, 2.5
back: 2.22174, 0.302167, 7.5
front back
photon_ene: 661.6 photon_theta: 2.85109 photon_phi: 3.27677
traject_len: 5.21866
pe_len: 144.825 cs_len: 0.52915
---
front: 1.63308, 0, 2.5
side: 0, 0, 0
front only
front: 1.45605, 0, 2.5
side: 0, 0, 0
front only
else
else
else
else
front: 0, 1.05207, 2.5
side: 0, 0, 0
front only
else
front: 0.672804, 0, 2.5
side: 0, 0, 0
front only
else
front: 1.18471, 0, 2.5
side: 0, 0, 0
front only
front: 0.776412, 0.430274, 2.5
side: 0, 0, 0
front only
front: 0, 0.151098, 2.5
back: 0, 0.453293, 7.5
front back
photon_ene: 661.6 photon_theta: 0.0720132 photon_phi: 2.1483
traject_len: 5.00912
pe_len: 78.203 cs_len: 0.604143
---
else
else
else
else
else
front: 0.652751, 0, 2.5
side: 0, 0, 0
front only
front: 0, 1.08325, 2.5
side: 0, 0, 0
front only
else
front: 0, 1.09077, 2.5
side: 0, 0, 0
front only
else
else
else
else
front: 0, 1.99772, 2.5
side: 0, 0, 0
front only
else
else
else
else
else
else
else
else
front: 0, 1.29544, 2.5
side: 0, 0, 0
front only
else
front: 0, 0.31558, 2.5
side: 0, 0, 0
front only
front: 1.69043, 0.228922, 2.5
side: 0, 0, 0
front only
front: 0, 1.66951, 2.5
side: 0, 0, 0
front only
else
else
else
front: 1.68568, 1.12029, 2.5
side: 0, 0, 0
front only
else
else
else
else
else
else
front: 1.25463, 0.950776, 2.5
side: 0, 0, 0
front only
else
else
front: 0.825998, 1.65157, 2.5
side: 0, 0, 0
front only
else
else
else
else
else
else
else
else
else
else
else
else
else
else
else
else
front: 0.0620958, 0, 2.5
side: 0, 0, 0
front only
else
else
else
else
else
front: 0, 0, 2.5
side: 0, 0, 0
front only
else
else
else
else
front: 1.71568, 0, 2.5
side: 0, 0, 0
front only
else
else
else
else
front: 0, 0, 2.5
side: 0, 0, 0
front only
else
else
else
front: 0.370872, 0.901692, 2.5
side: 0, 0, 0
front only
front: 1.61376, 0, 2.5
side: 0, 0, 0
front only
else
else
else
else
else
else
else
else
front: 0, 1.88298, 2.5
side: 0, 0, 0
front only
else
else
else
else
else
else
else
else
else
else
front: 0, 2.06385, 2.5
side: 0, 0, 0
front only
else
else
else
else
front: 0, 0.498461, 2.5
side: 0, 0, 0
front only
front: 0, 1.34045, 2.5
side: 0, 0, 0
front only
else
else
else
else
else
else
else
else
front: 0.35532, 0, 2.5
side: 0, 0, 0
front only
else
else
else
else
else
else
front: 0.714365, 0, 2.5
side: 0, 0, 0
front only
else
else
else
else
front: 1.29628, 0, 2.5
side: 0, 0, 0
front only
else
else
else
front: 0.847569, 0, 2.5
side: 0, 0, 0
front only
else
else
else
front: 0, 0, 2.5
side: 0, 0, 0
front only
front: 0.285011, 0, 2.5
side: 0, 0, 0
front only
else
else
front: 0, 0, 2.5
side: 0, 0, 0
front only
else
else
else
else
else
else
else
else
front: 0, 0, 2.5
side: 0, 0, 0
front only
else
else
front: 0, 0, 2.5
side: 0, 0, 0
front only
else
front: 0, 0, 2.5
side: 0, 0, 0
front only
front: 1.9756, 0, 2.5
side: 0, 0, 0
front only
front: 0, 0, 2.5
side: 0, 0, 0
front only
front: 0, 0.329295, 2.5
side: 0, 0, 0
front only
else
else
else
else
else
else
front: 0, 0.434421, 2.5
side: 0, 0, 0
front only
else
else
else
else
else
else
else
else
else
else
else
else
else
else
front: 0, 1.74182, 2.5
side: 0, 0, 0
front only
else
front: 2.02103, 0, 2.5
side: 0, 0, 0
front only
else
front: 0.498368, 0, 2.5
back: 1.4951, 0, 7.5
front back
photon_ene: 661.6 photon_theta: 2.86921 photon_phi: 2.36554
traject_len: 5.09838
pe_len: 0.802308 cs_len: 13.006
---
else
front: 0, 0, 2.5
side: 0, 0, 0
front only
front: 0, 0, 2.5
back: 0, 0, 7.5
front back
photon_ene: 661.6 photon_theta: 2.98965 photon_phi: 1.35263
traject_len: 5
pe_len: 66.7187 cs_len: 0.411583
---
else
else
else
else
front: 0, 1.76208, 2.5
side: 0, 0, 0
front only
front: 0, 0, 2.5
side: 0, 0, 0
front only
else
else
else
front: 0, 0, 2.5
side: 0, 0, 0
front only
else
else
else
else
else
else
else
else
else
front: 1.17072, 0.0683446, 2.5
side: 0, 0, 0
front only
else
else
front: 0.422586, 0.0198629, 2.5
back: 1.26776, 0.0595888, 7.5
front back
photon_ene: 661.6 photon_theta: 2.97396 photon_phi: 3.18856
traject_len: 5.07108
pe_len: 41.3486 cs_len: 1.09334
---
else
front: 0, 0.732509, 2.5
side: 0, 0, 0
front only
front: 0, 0, 2.5
side: 0, 0, 0
front only
front: 0.967834, 0.814416, 2.5
side: 0, 0, 0
front only
else
front: 0, 1.26737, 2.5
side: 0, 0, 0
front only
else
front: 0, 2.11832, 2.5
side: 0, 0, 0
front only
else
front: 0.176414, 0.746044, 2.5
back: 0.529242, 2.23813, 7.5
front back
photon_ene: 661.6 photon_theta: 2.84405 photon_phi: 4.48019
traject_len: 5.2298
pe_len: 30.9026 cs_len: 0.912873
---
else
else
else
front: 0, 0, 2.5
back: 0, 0, 7.5
front back
photon_ene: 661.6 photon_theta: 2.89108 photon_phi: 1.5153
traject_len: 5
pe_len: 187.964 cs_len: 8.44072
---
front: 0.333768, 2.10912, 2.5
side: 0, 0, 0
front only
front: 0.542129, 0, 2.5
side: 0, 0, 0
front only
else
front: 0, 0, 2.5
side: 0, 0, 0
front only
front: 0, 0.204688, 2.5
back: 0, 0.614065, 7.5
front back
photon_ene: 661.6 photon_theta: 2.99842 photon_phi: 5.67918
traject_len: 5.01673
pe_len: 6.14809 cs_len: 0.338971
---
else
else
else
front: 0, 0, 2.5
side: 0, 0, 0
front only
else
front: 0.0972231, 0.463634, 2.5
back: 0.291669, 1.3909, 7.5
front back
photon_ene: 661.6 photon_theta: 2.95433 photon_phi: 4.50569
traject_len: 5.08897
pe_len: 69.1481 cs_len: 0.337428
---
front: 1.27834, 1.00235, 2.5
side: 0, 0, 0
front only
front: 2.35195, 0.736775, 2.5
side: 0, 0, 0
front only
else
front: 0, 2.04992, 2.5
side: 0, 0, 0
front only
else
front: 0, 0.853687, 2.5
side: 0, 0, 0
front only
else
front: 1.89402, 1.10892, 2.5
side: 0, 0, 0
front only
else
front: 0, 0.356854, 2.5
back: 0, 1.07056, 7.5
front back
photon_ene: 661.6 photon_theta: 2.87936 photon_phi: 5.72247
traject_len: 5.05068
pe_len: 39.3619 cs_len: 3.9902
---
else
else
else
else
else
else
front: 0, 1.52304, 2.5
side: 0, 0, 0
front only
else
front: 0, 1.2562, 2.5
side: 0, 0, 0
front only
front: 0.384788, 0.853785, 2.5
side: 0, 0, 0
front only
else
else
else
front: 0, 0, 2.5
side: 0, 0, 0
front only
front: 0, 1.3477, 2.5
side: 0, 0, 0
front only
else
front: 0, 0.17123, 2.5
back: 0, 0.513691, 7.5
front back
photon_ene: 661.6 photon_theta: 0.292909 photon_phi: 2.91249
traject_len: 5.01171
pe_len: 10.1337 cs_len: 2.75743
---
else
else
front: 0.176313, 0.799231, 2.5
back: 0.52894, 2.39769, 7.5
front back
photon_ene: 661.6 photon_theta: 0.316382 photon_phi: 1.35367
traject_len: 5.26112
pe_len: 20.9476 cs_len: 1.72702
---
else
else
front: 1.54708, 0, 2.5
side: 0, 0, 0
front only
front: 0, 0, 2.5
side: 0, 0, 0
front only
else
else
front: 0.344861, 0.632046, 2.5
back: 1.03458, 1.89614, 7.5
front back
photon_ene: 661.6 photon_theta: 2.86118 photon_phi: 4.21291
traject_len: 5.20323
pe_len: 16.3432 cs_len: 11.3369
---
else
front: 0.521757, 0, 2.5
side: 0, 0, 0
front only
else
front: 0.46029, 1.61369, 2.5
side: 0, 0, 0
front only
else
else
front: 0, 1.00153, 2.5
side: 0, 0, 0
front only
else
else
else
front: 0.661291, 0.574506, 2.5
side: 0, 0, 0
front only
front: 0, 0.337655, 2.5
back: 0, 1.01297, 7.5
front back
photon_ene: 661.6 photon_theta: 2.82705 photon_phi: 5.85509
traject_len: 5.0454
pe_len: 6.77128 cs_len: 1.25179
---
else
else
else
else
front: 0, 0.646433, 2.5
side: 0, 0, 0
front only
else
else
else
front: 0, 1.13808, 2.5
side: 0, 0, 0
front only
else
else
else
else
else
else
else
else
else
front: 0, 0, 2.5
side: 0, 0, 0
front only
front: 0, 0, 2.5
side: 0, 0, 0
front only
else
else
else
else
front: 0, 0.429626, 2.5
back: 0, 1.28888, 7.5
front back
photon_ene: 661.6 photon_theta: 2.96068 photon_phi: 5.06195
traject_len: 5.07329
pe_len: 128.128 cs_len: 0.551302
---
else
else
else
else
else
else
else
else
front: 0.290122, 0, 2.5
side: 0, 0, 0
front only
front: 0, 0, 2.5
side: 0, 0, 0
front only
else
front: 0, 0.752688, 2.5
side: 0, 0, 0
front only
else
else
else
else
else
else
else
front: 0, 0.815964, 2.5
back: 0, 2.44789, 7.5
front back
photon_ene: 661.6 photon_theta: 2.82524 photon_phi: 4.78907
traject_len: 5.25958
pe_len: 8.55339 cs_len: 1.18969
---
front: 1.33768, 0, 2.5
side: 0, 0, 0
front only
else
front: 0, 0.185305, 2.5
back: 0, 0.555914, 7.5
front back
photon_ene: 661.6 photon_theta: 0.255779 photon_phi: 2.85421
traject_len: 5.01372
pe_len: 24.4872 cs_len: 3.51576
---
front: 2.30923, 0.461067, 2.5
side: 0, 0, 0
front only
else
else
else
else
front: 0, 0.550348, 2.5
back: 0, 1.65105, 7.5
front back
photon_ene: 661.6 photon_theta: 0.224143 photon_phi: 1.83372
traject_len: 5.11972
pe_len: 3.16966 cs_len: 7.53537
---
front: 0.0869278, 0.16535, 2.5
back: 0.260784, 0.49605, 7.5
front back
photon_ene: 661.6 photon_theta: 0.0745844 photon_phi: 1.08678
traject_len: 5.01394
pe_len: 12.3144 cs_len: 9.36821
---
else
front: 0, 0, 2.5
side: 0, 0, 0
front only
front: 0, 1.64906, 2.5
side: 0, 0, 0
front only
else
else
else
else
front: 0, 0, 2.5
back: 0, 0, 7.5
front back
photon_ene: 661.6 photon_theta: 0.258479 photon_phi: 3.5507
traject_len: 5
pe_len: 2.43684 cs_len: 3.96454
---
else
else
else
else
front: 0.643112, 0, 2.5
side: 0, 0, 0
front only
front: 0, 0, 2.5
side: 0, 0, 0
front only
else
front: 0.849418, 1.04764, 2.5
side: 0, 0, 0
front only
front: 0, 0, 2.5
side: 0, 0, 0
front only
front: 0.209899, 0, 2.5
back: 0.629697, 0, 7.5
front back
photon_ene: 661.6 photon_theta: 0.230115 photon_phi: 5.07894
traject_len: 5.01759
pe_len: 24.0172 cs_len: 1.97403
---
else
else
front: 1.94326, 0, 2.5
side: 0, 0, 0
front only
else
else
else
else
else
else
else
else
else
front: 0, 0, 2.5
side: 0, 0, 0
front only
else
else
else
else
front: 0, 0, 2.5
back: 0, 0, 7.5
front back
photon_ene: 661.6 photon_theta: 2.83093 photon_phi: 0.158974
traject_len: 5
pe_len: 47.9246 cs_len: 0.381598
---
front: 0, 0.141916, 2.5
side: 0, 0, 0
front only
else
front: 0, 0.491446, 2.5
side: 0, 0, 0
front only
front: 0, 0, 2.5
side: 0, 0, 0
front only
else
front: 1.0228, 1.29462, 2.5
side: 0, 0, 0
front only
else
else
else
else
front: 0.542428, 0, 2.5
back: 1.62728, 0, 7.5
front back
photon_ene: 661.6 photon_theta: 0.229792 photon_phi: 5.90013
traject_len: 5.11634
pe_len: 117.333 cs_len: 2.41684
---
else
else
front: 0, 0, 2.5
side: 0, 0, 0
front only
else
else
else
else
else
front: 0, 0.131269, 2.5
side: 0, 0, 0
front only
else
front: 0, 0.193736, 2.5
back: 0, 0.581208, 7.5
front back
photon_ene: 661.6 photon_theta: 2.96742 photon_phi: 5.82711
traject_len: 5.01499
pe_len: 2.97548 cs_len: 1.81353
---
else
front: 0, 0.356314, 2.5
back: 0, 1.06894, 7.5
front back
photon_ene: 661.6 photon_theta: 0.295162 photon_phi: 2.6537
traject_len: 5.05053
pe_len: 58.1319 cs_len: 0.68912
---
else
else
else
else
else
else
else
front: 0.881947, 0, 2.5
side: 0, 0, 0
front only
else
else
front: 1.82563, 1.19506, 2.5
side: 0, 0, 0
front only
front: 0.518336, 0.0781173, 2.5
back: 1.55501, 0.234352, 7.5
front back
photon_ene: 661.6 photon_theta: 0.206682 photon_phi: 0.149582
traject_len: 5.10873
pe_len: 6.7222 cs_len: 1.4523
---
else
else
front: 0, 0, 2.5
back: 0, 0, 7.5
front back
photon_ene: 661.6 photon_theta: 3.02544 photon_phi: 1.28975
traject_len: 5
pe_len: 17.1298 cs_len: 0.731544
---
front: 1.48216, 0.60974, 2.5
side: 0, 0, 0
front only
else
else
front: 0, 0, 2.5
side: 0, 0, 0
front only
else
else
front: 0, 0, 2.5
side: 0, 0, 0
front only
front: 0, 0, 2.5
side: 0, 0, 0
front only
else
front: 0.414153, 0, 2.5
back: 1.24246, 0, 7.5
front back
photon_ene: 661.6 photon_theta: 0.176397 photon_phi: 5.90511
traject_len: 5.06814
pe_len: 0.588462 cs_len: 0.0457364
---
front: 0.669772, 1.02254, 2.5
side: 0, 0, 0
front only
else
else
else
else
else
else
else
else
else
front: 0, 1.1149, 2.5
side: 0, 0, 0
front only
else
else
else
front: 1.38442, 0, 2.5
side: 0, 0, 0
front only
else
else
else
else
front: 0, 0.194582, 2.5
back: 0, 0.583746, 7.5
front back
photon_ene: 661.6 photon_theta: 0.222175 photon_phi: 2.78985
traject_len: 5.01512
pe_len: 48.8802 cs_len: 2.29742
---
else
else
else
front: 0.0868302, 1.39426, 2.5
side: 0, 0, 0
front only
else
else
front: 1.93071, 0.923763, 2.5
side: 0, 0, 0
front only
else
else
else
else
else
else
else
else
else
else
else
else
front: 0.113792, 0, 2.5
side: 0, 0, 0
front only
else
else
else
else
front: 1.20894, 0.964481, 2.5
side: 0, 0, 0
front only
else
else
else
else
else
else
else
front: 0.877028, 0, 2.5
side: 0, 0, 0
front only
else
else
else
else
else
else
front: 0.836063, 0, 2.5
side: 0, 0, 0
front only
else
front: 0, 1.70127, 2.5
side: 0, 0, 0
front only
else
else
else
else
else
else
else
front: 0.914252, 1.07719, 2.5
side: 0, 0, 0
front only
front: 0, 1.13749, 2.5
side: 0, 0, 0
front only
else
else
else
else
front: 0, 1.2912, 2.5
side: 0, 0, 0
front only
else
else
else
else
else
else
else
else
else
front: 1.04656, 1.50874, 2.5
side: 0, 0, 0
front only
front: 0, 0.555282, 2.5
side: 0, 0, 0
front only
else
front: 0.770377, 0, 2.5
side: 0, 0, 0
front only
else
else
else
else
else
else
else
else
else
else
front: 0, 0, 2.5
side: 0, 0, 0
front only
front: 0, 0.228645, 2.5
back: 0, 0.685936, 7.5
front back
photon_ene: 661.6 photon_theta: 0.178082 photon_phi: 2.60858
traject_len: 5.02087
pe_len: 102.455 cs_len: 2.099
---
front: 0.90108, 1.81976, 2.5
side: 0, 0, 0
front only
front: 0.456422, 0, 2.5
back: 1.36927, 0, 7.5
front back
photon_ene: 661.6 photon_theta: 0.257734 photon_phi: 5.47748
traject_len: 5.08265
pe_len: 11.9169 cs_len: 7.2012
---
else
else
else
front: 0.526237, 0, 2.5
side: 0, 0, 0
front only
else
else
front: 1.1452, 0, 2.5
side: 0, 0, 0
front only
else
front: 0, 1.75796, 2.5
side: 0, 0, 0
front only
front: 0, 0, 2.5
side: 0, 0, 0
front only
else
else
else
front: 1.24387, 0, 2.5
side: 0, 0, 0
front only
front: 0.208613, 0, 2.5
side: 0, 0, 0
front only
front: 0.183394, 0, 2.5
back: 0.550182, 0, 7.5
front back
photon_ene: 661.6 photon_theta: 2.89765 photon_phi: 1.86996
traject_len: 5.01344
pe_len: 3.53158 cs_len: 6.54695
---
else
front: 0, 0.286481, 2.5
back: 0, 0.859444, 7.5
front back
photon_ene: 661.6 photon_theta: 2.89657 photon_phi: 5.80712
traject_len: 5.03272
pe_len: 22.3112 cs_len: 8.22988
---
else
else
else
front: 1.41943, 0, 2.5
side: 0, 0, 0
front only
else
else
else
else
front: 0, 1.84142, 2.5
side: 0, 0, 0
front only
front: 0.92251, 0, 2.5
side: 0, 0, 0
front only
else
front: 0, 0.0151234, 2.5
back: 0, 0.0453703, 7.5
front back
photon_ene: 661.6 photon_theta: 0.0431071 photon_phi: 3.00088
traject_len: 5.00009
pe_len: 8.36245 cs_len: 0.40075
---
else
front: 0, 0, 2.5
side: 0, 0, 0
front only
else
else
else
else
else
else
else
else
else
front: 0.899586, 0, 2.5
side: 0, 0, 0
front only
else
front: 0, 2.03478, 2.5
side: 0, 0, 0
front only
else
else
front: 0, 0.535469, 2.5
back: 0, 1.60641, 7.5
front back
photon_ene: 661.6 photon_theta: 0.279077 photon_phi: 2.29737
traject_len: 5.1134
pe_len: 32.2304 cs_len: 3.759
---
else
else
front: 0.437456, 0, 2.5
side: 0, 0, 0
front only
front: 0.286643, 0.919423, 2.5
side: 0, 0, 0
front only
else
else
else
else
front: 2.20924, 0.0265257, 2.5
side: 0, 0, 0
front only
else
front: 0, 0, 2.5
side: 0, 0, 0
front only
else
else
front: 0.906986, 0.757655, 2.5
side: 0, 0, 0
front only
else
else
else
else
else
front: 0.839011, 1.80597, 2.5
side: 0, 0, 0
front only
else
front: 0, 1.49498, 2.5
side: 0, 0, 0
front only
front: 1.55823, 0, 2.5
side: 0, 0, 0
front only
front: 1.11914, 0, 2.5
side: 0, 0, 0
front only
front: 0.81155, 0, 2.5
side: 0, 0, 0
front only
else
else
else
else
else
front: 0, 0, 2.5
side: 0, 0, 0
front only
else
else
front: 0, 0.715093, 2.5
back: 0, 2.14528, 7.5
front back
photon_ene: 661.6 photon_theta: 0.294168 photon_phi: 1.90659
traject_len: 5.20052
pe_len: 21.2922 cs_len: 0.575284
---
else
else
front: 0, 1.03323, 2.5
side: 0, 0, 0
front only
else
else
else
front: 1.39528, 0, 2.5
side: 0, 0, 0
front only
else
else
else
else
else
else
else
else
else
front: 2.38098, 0, 2.5
side: 0, 0, 0
front only
front: 1.85135, 0, 2.5
side: 0, 0, 0
front only
else
else
front: 0, 1.50106, 2.5
side: 0, 0, 0
front only
else
front: 1.4668, 0, 2.5
side: 0, 0, 0
front only
else
else
else
else
else
else
front: 0, 0.935573, 2.5
side: 0, 0, 0
front only
front: 0.892732, 0, 2.5
side: 0, 0, 0
front only
else
else
else
else
else
else
else
else
else
front: 0, 0, 2.5
side: 0, 0, 0
front only
else
else
else
front: 0, 0.317559, 2.5
back: 0, 0.952678, 7.5
front back
photon_ene: 661.6 photon_theta: 2.90586 photon_phi: 5.72595
traject_len: 5.04018
pe_len: 4.8666 cs_len: 1.13974
---
front: 0, 1.71792, 2.5
side: 0, 0, 0
front only
else
else
else
front: 0.174264, 0, 2.5
side: 0, 0, 0
front only
else
else
else
else
else
else
front: 1.30661, 1.47547, 2.5
side: 0, 0, 0
front only
else
front: 0, 0, 2.5
side: 0, 0, 0
front only
front: 0, 0, 2.5
side: 0, 0, 0
front only
else
front: 1.18557, 1.54458, 2.5
side: 0, 0, 0
front only
front: 0.293259, 0, 2.5
side: 0, 0, 0
front only
else
else
front: 0.0247278, 1.61676, 2.5
side: 0, 0, 0
front only
front: 0, 0, 2.5
side: 0, 0, 0
front only
front: 2.34923, 0, 2.5
side: 0, 0, 0
front only
else
else
else
else
else
else
front: 0, 1.47665, 2.5
side: 0, 0, 0
front only
else
else
else
front: 0.937585, 0, 2.5
side: 0, 0, 0
front only
else
front: 0, 0, 2.5
side: 0, 0, 0
front only
front: 0.477326, 0, 2.5
side: 0, 0, 0
front only
else
else
else
else
else
else
else
else
front: 2.2321, 0.317992, 2.5
side: 0, 0, 0
front only
front: 0, 0.4537, 2.5
side: 0, 0, 0
front only
front: 0.731208, 0, 2.5
side: 0, 0, 0
front only
else
front: 0, 0.944236, 2.5
side: 0, 0, 0
front only
else
else
else
front: 1.57015, 0.790728, 2.5
side: 0, 0, 0
front only
else
else
else
front: 0, 0, 2.5
side: 0, 0, 0
front only
else
else
else
front: 1.23649, 0.902426, 2.5
side: 0, 0, 0
front only
else
else
front: 1.30054, 0.338437, 2.5
side: 0, 0, 0
front only
else
else
front: 0, 0, 2.5
back: 0, 0, 7.5
front back
photon_ene: 661.6 photon_theta: 2.8978 photon_phi: 1.33664
traject_len: 5
pe_len: 33.0787 cs_len: 9.51647
---
front: 1.27064, 0, 2.5
side: 0, 0, 0
front only
else
else
else
else
front: 0.468591, 0.0663222, 2.5
back: 1.40577, 0.198967, 7.5
front back
photon_ene: 661.6 photon_theta: 0.18709 photon_phi: 0.140602
traject_len: 5.0888
pe_len: 15.1151 cs_len: 0.295329
---
else
else
else
else
front: 0.311884, 0, 2.5
side: 0, 0, 0
front only
else
else
front: 0, 0, 2.5
back: 0, 0, 7.5
front back
photon_ene: 661.6 photon_theta: 2.90871 photon_phi: 0.485202
traject_len: 5
pe_len: 13.6555 cs_len: 6.18757
---
else
else
front: 0, 0, 2.5
side: 0, 0, 0
front only
else
else
else
else
else
else
front: 0, 0.657205, 2.5
back: 0, 1.97161, 7.5
front back
photon_ene: 661.6 photon_theta: 2.88104 photon_phi: 4.87984
traject_len: 5.16988
pe_len: 10.6675 cs_len: 6.58556
---
front: 0, 0, 2.5
side: 0, 0, 0
front only
else
front: 0, 0, 2.5
side: 0, 0, 0
front only
else
else
else
else
front: 0.284816, 1.09913, 2.5
side: 0, 0, 0
front only
else
front: 1.44436, 1.35818, 2.5
side: 0, 0, 0
front only
else
front: 0, 0.631933, 2.5
back: 0, 1.8958, 7.5
front back
photon_ene: 661.6 photon_theta: 0.263715 photon_phi: 1.92998
traject_len: 5.15726
pe_len: 32.7115 cs_len: 1.21256
---
else
else
else
else
front: 1.04838, 1.30527, 2.5
side: 0, 0, 0
front only
front: 1.22726, 0, 2.5
side: 0, 0, 0
front only
front: 0.952395, 0, 2.5
side: 0, 0, 0
front only
else
else
front: 0, 0, 2.5
back: 0, 0, 7.5
front back
photon_ene: 661.6 photon_theta: 0.212644 photon_phi: 3.17473
traject_len: 5
pe_len: 28.3816 cs_len: 0.912875
---
else
else
front: 0.157355, 0.185186, 2.5
back: 0.472064, 0.555557, 7.5
front back
photon_ene: 661.6 photon_theta: 0.0968998 photon_phi: 0.866469
traject_len: 5.02357
pe_len: 11.6933 cs_len: 7.9529
---
else
else
else
front: 0, 0, 2.5
side: 0, 0, 0
front only
else
else
front: 0.193414, 0.485904, 2.5
back: 0.580241, 1.45771, 7.5
front back
photon_ene: 661.6 photon_theta: 2.93537 photon_phi: 4.33357
traject_len: 5.10823
pe_len: 0.395452 cs_len: 8.62106
---
else
else
front: 0, 0, 2.5
side: 0, 0, 0
front only
else
else
front: 0, 0.0152647, 2.5
back: 0, 0.045794, 7.5
front back
photon_ene: 661.6 photon_theta: 3.08925 photon_phi: 6.16638
traject_len: 5.00009
pe_len: 41.8075 cs_len: 2.20877
---
else
else
else
else
front: 0, 0.519536, 2.5
side: 0, 0, 0
front only
else
else
else
else
else
else
else
else
front: 0, 0, 2.5
side: 0, 0, 0
front only
else
front: 1.75747, 0, 2.5
side: 0, 0, 0
front only
front: 0.250223, 1.61318, 2.5
side: 0, 0, 0
front only
else
front: 0.35841, 1.59779, 2.5
side: 0, 0, 0
front only
else
front: 0, 1.64193, 2.5
side: 0, 0, 0
front only
else
front: 1.17704, 0.0254351, 2.5
side: 0, 0, 0
front only
else
else
else
else
front: 0, 0.253588, 2.5
side: 0, 0, 0
front only
front: 0, 0.406474, 2.5
side: 0, 0, 0
front only
else
else
else
front: 0, 0.262489, 2.5
back: 0, 0.787467, 7.5
front back
photon_ene: 661.6 photon_theta: 3.00144 photon_phi: 5.44378
traject_len: 5.02748
pe_len: 61.3995 cs_len: 1.1605
---
else
else
front: 0.752826, 0, 2.5
side: 0, 0, 0
front only
else
else
else
front: 0, 0, 2.5
side: 0, 0, 0
front only
else
else
else
front: 0, 1.68662, 2.5
side: 0, 0, 0
front only
else
front: 0, 1.55307, 2.5
side: 0, 0, 0
front only
front: 0, 1.46978, 2.5
side: 0, 0, 0
front only
else
else
else
front: 0, 0.0906451, 2.5
side: 0, 0, 0
front only
front: 0, 0, 2.5
side: 0, 0, 0
front only
else
else
else
else
else
else
else
else
front: 0, 0.873546, 2.5
side: 0, 0, 0
front only
else
else
else
else
front: 0.0655506, 0, 2.5
back: 0.196652, 0, 7.5
front back
photon_ene: 661.6 photon_theta: 0.0279272 photon_phi: 5.93103
traject_len: 5.00172
pe_len: 38.3799 cs_len: 0.715102
---
else
else
front: 1.73236, 0, 2.5
side: 0, 0, 0
front only
front: 0.420547, 2.33446, 2.5
side: 0, 0, 0
front only
front: 0.376322, 0, 2.5
side: 0, 0, 0
front only
else
else
else
else
else
else
else
front: 0, 0, 2.5
side: 0, 0, 0
front only
else
else
front: 0, 0.0111155, 2.5
back: 0, 0.0333466, 7.5
front back
photon_ene: 661.6 photon_theta: 3.05581 photon_phi: 6.23146
traject_len: 5.00005
pe_len: 12.3225 cs_len: 2.74794
---
else
else
else
else
front: 1.81144, 0, 2.5
side: 0, 0, 0
front only
else
else
else
front: 0.702781, 0, 2.5
side: 0, 0, 0
front only
else
else
front: 0, 0, 2.5
back: 0, 0, 7.5
front back
photon_ene: 661.6 photon_theta: 2.99202 photon_phi: 1.53951
traject_len: 5
pe_len: 42.6707 cs_len: 3.3229
---
else
else
front: 0, 0, 2.5
side: 0, 0, 0
front only
else
else
else
front: 0.500073, 1.04116, 2.5
side: 0, 0, 0
front only
else
else
else
else
front: 0, 0.363513, 2.5
back: 0, 1.09054, 7.5
front back
photon_ene: 661.6 photon_theta: 0.153547 photon_phi: 1.92036
traject_len: 5.05258
pe_len: 16.0173 cs_len: 0.978387
---
else
else
else
else
else
else
else
else
else
else
else
front: 0, 0, 2.5
side: 0, 0, 0
front only
else
else
front: 0.503518, 0.19639, 2.5
back: 1.51055, 0.58917, 7.5
front back
photon_ene: 661.6 photon_theta: 0.212909 photon_phi: 0.371887
traject_len: 5.11551
pe_len: 17.5279 cs_len: 0.542489
---
front: 0.238377, 0, 2.5
back: 0.715131, 0, 7.5
front back
photon_ene: 661.6 photon_theta: 3.02385 photon_phi: 2.50829
traject_len: 5.02268
pe_len: 8.31113 cs_len: 3.12602
---
else
else
front: 0, 0, 2.5
back: 0, 0, 7.5
front back
photon_ene: 661.6 photon_theta: 0.265948 photon_phi: 3.68039
traject_len: 5
pe_len: 263.219 cs_len: 2.6856
---
else
front: 0, 0.954482, 2.5
side: 0, 0, 0
front only
else
else
else
front: 0, 0.991816, 2.5
side: 0, 0, 0
front only
front: 0.496172, 0.235444, 2.5
back: 1.48852, 0.706331, 7.5
front back
photon_ene: 661.6 photon_theta: 0.216245 photon_phi: 0.443057
traject_len: 5.11923
pe_len: 29.0523 cs_len: 7.13023
---
else
else
else
else
else
front: 1.01898, 0.0309553, 2.5
side: 0, 0, 0
front only
else
front: 0, 0, 2.5
side: 0, 0, 0
front only
else
else
else
front: 0, 0, 2.5
side: 0, 0, 0
front only
else
else
else
else
front: 0.233559, 0, 2.5
side: 0, 0, 0
front only
else
front: 0.67236, 0.824298, 2.5
side: 0, 0, 0
front only
else
else
front: 0, 1.25221, 2.5
side: 0, 0, 0
front only
else
else
else
else
else
else
else
else
else
front: 2.05309, 0.566529, 2.5
side: 0, 0, 0
front only
front: 0, 0, 2.5
back: 0, 0, 7.5
front back
photon_ene: 661.6 photon_theta: 2.92364 photon_phi: 0.513815
traject_len: 5
pe_len: 0.0303506 cs_len: 7.57226
---
else
front: 0, 1.10942, 2.5
side: 0, 0, 0
front only
else
else
front: 0.418563, 1.86292, 2.5
side: 0, 0, 0
front only
else
front: 0, 1.04073, 2.5
side: 0, 0, 0
front only
else
front: 0, 0, 2.5
side: 0, 0, 0
front only
front: 1.10439, 0, 2.5
side: 0, 0, 0
front only
else
else
front: 0, 0.385191, 2.5
side: 0, 0, 0
front only
front: 0, 0.481536, 2.5
back: 0, 1.44461, 7.5
front back
photon_ene: 661.6 photon_theta: 0.235667 photon_phi: 2.21074
traject_len: 5.09191
pe_len: 0.500381 cs_len: 0.735943
---
front: 1.44632, 0, 2.5
side: 0, 0, 0
front only
else
else
else
else
front: 1.20986, 0, 2.5
side: 0, 0, 0
front only
else
else
front: 0.953144, 0, 2.5
side: 0, 0, 0
front only
front: 0, 0, 2.5
side: 0, 0, 0
front only
else
else
else
else
front: 0.24316, 1.96294, 2.5
side: 0, 0, 0
front only
else
else
else
else
else
front: 0, 2.27808, 2.5
side: 0, 0, 0
front only
front: 1.38109, 0.771878, 2.5
side: 0, 0, 0
front only
else
else
else
else
front: 0.835276, 0, 2.5
side: 0, 0, 0
front only
else
else
else
else
else
else
else
else
else
else
else
front: 0, 0, 2.5
side: 0, 0, 0
front only
front: 0, 0, 2.5
side: 0, 0, 0
front only
else
else
else
else
front: 0.327658, 0, 2.5
back: 0.982974, 0, 7.5
front back
photon_ene: 661.6 photon_theta: 0.152549 photon_phi: 5.7331
traject_len: 5.04276
pe_len: 13.2182 cs_len: 5.30343
---
front: 1.61158, 0, 2.5
side: 0, 0, 0
front only
front: 0.646874, 1.20938, 2.5
side: 0, 0, 0
front only
else
front: 1.77228, 0, 2.5
side: 0, 0, 0
front only
front: 0, 0, 2.5
side: 0, 0, 0
front only
front: 1.78511, 0, 2.5
side: 0, 0, 0
front only
front: 0, 0, 2.5
back: 0, 0, 7.5
front back
photon_ene: 661.6 photon_theta: 0.211684 photon_phi: 3.70735
traject_len: 5
pe_len: 4.24541 cs_len: 1.23529
---
else
else
front: 0.656903, 0.708621, 2.5
side: 0, 0, 0
front only
else
front: 1.17093, 0, 2.5
side: 0, 0, 0
front only
front: 0.102212, 0.160929, 2.5
back: 0.306635, 0.482788, 7.5
front back
photon_ene: 661.6 photon_theta: 0.0761106 photon_phi: 1.00494
traject_len: 5.01452
pe_len: 8.40332 cs_len: 0.70806
---
else
else
front: 0, 0, 2.5
side: 0, 0, 0
front only
else
else
else
else
else
else
front: 1.33302, 0.895816, 2.5
side: 0, 0, 0
front only
else
front: 0.799439, 0, 2.5
side: 0, 0, 0
front only
else
else
else
else
else
else
else
else
front: 0, 0, 2.5
side: 0, 0, 0
front only
else
else
else
else
else
else
else
else
else
else
else
front: 1.48675, 0, 2.5
side: 0, 0, 0
front only
else
else
else
front: 0, 0, 2.5
back: 0, 0, 7.5
front back
photon_ene: 661.6 photon_theta: 0.184018 photon_phi: 3.45891
traject_len: 5
pe_len: 24.6123 cs_len: 4.10185
---
else
front: 0.963407, 0.673619, 2.5
side: 0, 0, 0
front only
else
else
front: 0, 0.922512, 2.5
side: 0, 0, 0
front only
else
front: 0, 0.735106, 2.5
side: 0, 0, 0
front only
front: 0.645179, 0, 2.5
side: 0, 0, 0
front only
front: 2.15189, 0, 2.5
side: 0, 0, 0
front only
else
else
else
else
front: 1.50676, 0.980772, 2.5
side: 0, 0, 0
front only
else
front: 1.89577, 0, 2.5
side: 0, 0, 0
front only
else
front: 1.8779, 0, 2.5
side: 0, 0, 0
front only
front: 0.697316, 1.51263, 2.5
side: 0, 0, 0
front only
else
else
front: 0.51289, 0.815932, 2.5
side: 0, 0, 0
front only
else
else
else
else
front: 0, 0.00253276, 2.5
side: 0, 0, 0
front only
else
else
else
front: 0.539836, 0.802522, 2.5
side: 0, 0, 0
front only
front: 2.02503, 0, 2.5
side: 0, 0, 0
front only
else
else
else
else
else
else
else
else
else
front: 2.42679, 0, 2.5
side: 0, 0, 0
front only
else
front: 0, 0, 2.5
side: 0, 0, 0
front only
else
else
else
else
else
else
front: 0.613521, 0.187233, 2.5
back: 1.84056, 0.561698, 7.5
front back
photon_ene: 661.6 photon_theta: 0.251164 photon_phi: 0.2962
traject_len: 5.16196
pe_len: 27.0257 cs_len: 0.687718
---
else
else
front: 0, 0, 2.5
side: 0, 0, 0
front only
else
front: 0, 0, 2.5
side: 0, 0, 0
front only
else
else
else
else
else
else
front: 0.391281, 2.02221, 2.5
side: 0, 0, 0
front only
else
else
front: 1.20186, 0.0988479, 2.5
side: 0, 0, 0
front only
else
else
else
front: 0.456422, 0, 2.5
side: 0, 0, 0
front only
else
else
else
front: 0, 0, 2.5
side: 0, 0, 0
front only
else
front: 0, 1.16857, 2.5
side: 0, 0, 0
front only
else
else
else
else
else
else
front: 1.23845, 1.4664, 2.5
side: 0, 0, 0
front only
else
else
else
else
else
else
front: 0.452522, 0, 2.5
side: 0, 0, 0
front only
front: 0, 0, 2.5
side: 0, 0, 0
front only
else
else
front: 0, 1.1181, 2.5
side: 0, 0, 0
front only
else
else
front: 0.69757, 0, 2.5
back: 2.09271, 0, 7.5
front back
photon_ene: 661.6 photon_theta: 2.85403 photon_phi: 2.80366
traject_len: 5.19099
pe_len: 5.41407 cs_len: 3.88935
---
else
else
front: 0.723569, 0.162903, 2.5
back: 2.17071, 0.488708, 7.5
front back
photon_ene: 661.6 photon_theta: 0.288401 photon_phi: 0.221446
traject_len: 5.2154
pe_len: 53.2182 cs_len: 5.46334
---
else
else
else
else
else
else
else
else
else
front: 0, 1.55273, 2.5
side: 0, 0, 0
front only
else
front: 1.51259, 0.0337313, 2.5
side: 0, 0, 0
front only
else
else
else
else
else
else
front: 0, 0, 2.5
side: 0, 0, 0
front only
else
front: 0.932608, 0, 2.5
side: 0, 0, 0
front only
else
front: 0.67262, 0.924931, 2.5
side: 0, 0, 0
front only
front: 1.2308, 0, 2.5
side: 0, 0, 0
front only
else
else
else
else
else
else
else
else
else
else
else
else
front: 0.750093, 0.962551, 2.5
side: 0, 0, 0
front only
else
else
else
else
else
else
else
else
front: 0, 0.914312, 2.5
side: 0, 0, 0
front only
else
else
else
front: 0, 0.622041, 2.5
back: 0, 1.86612, 7.5
front back
photon_ene: 661.6 photon_theta: 0.256385 photon_phi: 1.89116
traject_len: 5.15245
pe_len: 0.769492 cs_len: 0.513223
---
else
front: 0, 1.03866, 2.5
side: 0, 0, 0
front only
else
else
else
else
front: 0, 0.732671, 2.5
back: 0, 2.19801, 7.5
front back
photon_ene: 661.6 photon_theta: 2.85541 photon_phi: 4.80239
traject_len: 5.2103
pe_len: 40.4002 cs_len: 2.57068
---
front: 0, 0, 2.5
side: 0, 0, 0
front only
front: 0.515459, 0.916295, 2.5
side: 0, 0, 0
front only
else
else
else
else
front: 0, 0, 2.5
side: 0, 0, 0
front only
else
front: 1.92472, 0, 2.5
side: 0, 0, 0
front only
else
else
front: 0, 0, 2.5
side: 0, 0, 0
front only
else
front: 0, 0, 2.5
side: 0, 0, 0
front only
else
else
front: 0, 0.027998, 2.5
side: 0, 0, 0
front only
else
front: 0, 0, 2.5
side: 0, 0, 0
front only
else
else
front: 0.309606, 0, 2.5
back: 0.928818, 0, 7.5
front back
photon_ene: 661.6 photon_theta: 2.88915 photon_phi: 2.07158
traject_len: 5.0382
pe_len: 23.775 cs_len: 2.01295
---
else
else
else
else
else
else
else
front: 0, 1.15014, 2.5
side: 0, 0, 0
front only
else
else
else
front: 0, 0, 2.5
side: 0, 0, 0
front only
else
front: 0.243365, 0, 2.5
back: 0.730094, 0, 7.5
front back
photon_ene: 661.6 photon_theta: 3.00677 photon_phi: 2.37122
traject_len: 5.02363
pe_len: 17.5533 cs_len: 0.545399
---
else
front: 1.02531, 0, 2.5
side: 0, 0, 0
front only
else
else
else
else
else
front: 0.648099, 0, 2.5
side: 0, 0, 0
front only
else
else
else
front: 0, 0.0988299, 2.5
back: 0, 0.29649, 7.5
front back
photon_ene: 661.6 photon_theta: 0.225312 photon_phi: 2.96825
traject_len: 5.00391
pe_len: 6.78542 cs_len: 7.13505
---
front: 0, 1.10189, 2.5
side: 0, 0, 0
front only
else
else
else
else
front: 1.3976, 0, 2.5
side: 0, 0, 0
front only
front: 0, 0, 2.5
side: 0, 0, 0
front only
else
else
else
else
else
else
else
else
front: 0, 0, 2.5
side: 0, 0, 0
front only
else
else
front: 0, 1.8256, 2.5
side: 0, 0, 0
front only
front: 0, 1.31675, 2.5
side: 0, 0, 0
front only
else
else
else
front: 0, 0, 2.5
side: 0, 0, 0
front only
else
front: 0.383749, 0, 2.5
back: 1.15125, 0, 7.5
front back
photon_ene: 661.6 photon_theta: 2.94422 photon_phi: 2.44587
traject_len: 5.05856
pe_len: 13.9525 cs_len: 0.588761
---
else
front: 0, 0.215686, 2.5
back: 0, 0.647058, 7.5
front back
photon_ene: 661.6 photon_theta: 2.96233 photon_phi: 5.78695
traject_len: 5.01857
pe_len: 3.49856 cs_len: 0.790896
---
else
front: 0.474349, 0, 2.5
side: 0, 0, 0
front only
else
front: 0, 0, 2.5
back: 0, 0, 7.5
front back
photon_ene: 661.6 photon_theta: 0.213234 photon_phi: 3.42703
traject_len: 5
pe_len: 26.0717 cs_len: 4.45169
---
else
else
else
else
else
else
else
front: 0, 0, 2.5
side: 0, 0, 0
front only
else
else
else
else
else
else
else
else
else
front: 1.117, 1.85988, 2.5
side: 0, 0, 0
front only
front: 1.41713, 2.04805, 2.5
side: 0, 0, 0
front only
front: 0.730016, 0, 2.5
side: 0, 0, 0
front only
else
else
else
front: 0, 0, 2.5
side: 0, 0, 0
front only
else
front: 2.09341, 0.349435, 2.5
side: 0, 0, 0
front only
else
else
front: 0, 0.641254, 2.5
side: 0, 0, 0
front only
else
else
else
else
else
front: 0, 0, 2.5
back: 0, 0, 7.5
front back
photon_ene: 661.6 photon_theta: 0.276878 photon_phi: 3.38523
traject_len: 5
pe_len: 2.32243 cs_len: 0.547095
---
else
else
else
else
else
front: 0, 0.505979, 2.5
side: 0, 0, 0
front only
front: 0, 0, 2.5
back: 0, 0, 7.5
front back
photon_ene: 661.6 photon_theta: 2.85483 photon_phi: 0.635103
traject_len: 5
pe_len: 20.31 cs_len: 0.432431
---
front: 0.364251, 0, 2.5
side: 0, 0, 0
front only
else
front: 0, 0, 2.5
side: 0, 0, 0
front only
else
else
else
else
else
front: 2.40579, 0, 2.5
side: 0, 0, 0
front only
else
front: 2.21906, 0, 2.5
side: 0, 0, 0
front only
else
else
else
else
else
else
else
else
else
front: 0, 0, 2.5
side: 0, 0, 0
front only
else
else
else
front: 0.216993, 0.181789, 2.5
back: 0.650978, 0.545368, 7.5
front back
photon_ene: 661.6 photon_theta: 0.112751 photon_phi: 0.697349
traject_len: 5.03195
pe_len: 92.9258 cs_len: 3.89422
---
else
else
front: 0.491429, 0, 2.5
back: 1.47429, 0, 7.5
front back
photon_ene: 661.6 photon_theta: 2.91381 photon_phi: 2.58299
traject_len: 5.09569
pe_len: 32.9265 cs_len: 3.19895
---
front: 0.330477, 0, 2.5
side: 0, 0, 0
front only
else
else
else
else
else
else
else
else
else
else
else
else
else
else
else
front: 1.64012, 0, 2.5
side: 0, 0, 0
front only
else
else
front: 0, 1.03102, 2.5
side: 0, 0, 0
front only
else
else
else
else
front: 1.5323, 0, 2.5
side: 0, 0, 0
front only
front: 0, 0, 2.5
side: 0, 0, 0
front only
else
front: 0, 0, 2.5
side: 0, 0, 0
front only
else
else
else
else
else
else
front: 0, 0, 2.5
back: 0, 0, 7.5
front back
photon_ene: 661.6 photon_theta: 2.93017 photon_phi: 1.07803
traject_len: 5
pe_len: 34.7807 cs_len: 2.22969
---
else
else
else
else
front: 0, 0.121304, 2.5
side: 0, 0, 0
front only
else
else
front: 0, 0, 2.5
side: 0, 0, 0
front only
else
else
else
else
else
front: 0.150776, 1.2495, 2.5
side: 0, 0, 0
front only
front: 1.63106, 0, 2.5
side: 0, 0, 0
front only
else
else
else
front: 1.545, 1.40467, 2.5
side: 0, 0, 0
front only
front: 1.97098, 0, 2.5
side: 0, 0, 0
front only
else
else
else
front: 1.38907, 0, 2.5
side: 0, 0, 0
front only
front: 0, 0.0162534, 2.5
side: 0, 0, 0
front only
else
front: 0.361656, 1.49583, 2.5
side: 0, 0, 0
front only
front: 1.77663, 1.13251, 2.5
side: 0, 0, 0
front only
else
else
front: 0, 0.190202, 2.5
back: 0, 0.570605, 7.5
front back
photon_ene: 661.6 photon_theta: 0.257383 photon_phi: 2.84837
traject_len: 5.01445
pe_len: 20.7423 cs_len: 0.201315
---
else
front: 0, 0, 2.5
side: 0, 0, 0
front only
else
else
front: 0.538085, 0.00164354, 2.5
back: 1.61426, 0.00493063, 7.5
front back
photon_ene: 661.6 photon_theta: 2.92959 photon_phi: 3.14465
traject_len: 5.1145
pe_len: 2.03218 cs_len: 3.93564
---
front: 1.63367, 1.23523, 2.5
side: 0, 0, 0
front only
front: 1.58289, 0.7194, 2.5
side: 0, 0, 0
front only
else
else
else
front: 2.15684, 0, 2.5
side: 0, 0, 0
front only
else
front: 0, 1.28741, 2.5
side: 0, 0, 0
front only
else
else
else
front: 1.0976, 0, 2.5
side: 0, 0, 0
front only
else
front: 0.327776, 1.45191, 2.5
side: 0, 0, 0
front only
else
else
else
else
else
front: 0.103842, 0, 2.5
side: 0, 0, 0
front only
else
else
else
front: 0, 0, 2.5
side: 0, 0, 0
front only
else
else
else
else
else
else
else
front: 0.299414, 0, 2.5
back: 0.898241, 0, 7.5
front back
photon_ene: 661.6 photon_theta: 3.02234 photon_phi: 3.11236
traject_len: 5.03573
pe_len: 6.87454 cs_len: 2.69992
---
else
else
else
else
else
front: 0.563624, 0.187554, 2.5
back: 1.69087, 0.562661, 7.5
front back
photon_ene: 661.6 photon_theta: 2.90831 photon_phi: 3.46283
traject_len: 5.1392
pe_len: 13.8032 cs_len: 2.97826
---
else
else
else
front: 1.90186, 0, 2.5
side: 0, 0, 0
front only
front: 0, 1.02106, 2.5
side: 0, 0, 0
front only
front: 0.485389, 1.90362, 2.5
side: 0, 0, 0
front only
else
else
else
front: 0, 0, 2.5
side: 0, 0, 0
front only
else
else
else
else
else
front: 0, 0.511622, 2.5
side: 0, 0, 0
front only
else
else
else
else
else
else
else
front: 0.796484, 0.41801, 2.5
side: 0, 0, 0
front only
else
else
else
front: 0.244051, 1.72274, 2.5
side: 0, 0, 0
front only
else
else
else
else
else
else
front: 0, 0.979845, 2.5
side: 0, 0, 0
front only
else
front: 0, 0.943243, 2.5
side: 0, 0, 0
front only
else
else
else
else
else
else
else
else
else
else
else
front: 0.353983, 0.480435, 2.5
back: 1.06195, 1.4413, 7.5
front back
photon_ene: 661.6 photon_theta: 2.90727 photon_phi: 4.07739
traject_len: 5.14048
pe_len: 31.7066 cs_len: 10.2246
---
else
else
else
front: 0, 0, 2.5
side: 0, 0, 0
front only
front: 0.449791, 1.59467, 2.5
side: 0, 0, 0
front only
else
front: 0, 1.23761, 2.5
side: 0, 0, 0
front only
else
front: 1.46174, 1.21361, 2.5
side: 0, 0, 0
front only
else
else
else
front: 1.06311, 0.883227, 2.5
side: 0, 0, 0
front only
else
else
else
else
front: 0, 0, 2.5
side: 0, 0, 0
front only
else
else
front: 0, 0, 2.5
side: 0, 0, 0
front only
front: 0, 0.190819, 2.5
side: 0, 0, 0
front only
front: 0, 0, 2.5
side: 0, 0, 0
front only
else
front: 1.20152, 0, 2.5
side: 0, 0, 0
front only
else
front: 0, 1.4476, 2.5
side: 0, 0, 0
front only
else
else
else
front: 0, 0, 2.5
side: 0, 0, 0
front only
else
front: 0.774353, 0.0028205, 2.5
back: 2.32306, 0.00846149, 7.5
front back
photon_ene: 661.6 photon_theta: 2.84122 photon_phi: 3.14524
traject_len: 5.23436
pe_len: 142.262 cs_len: 2.93671
---
front: 0, 0, 2.5
back: 0, 0, 7.5
front back
photon_ene: 661.6 photon_theta: 0.226221 photon_phi: 3.86291
traject_len: 5
pe_len: 7.35243 cs_len: 7.90549
---
else
else
else
else
else
else
front: 2.10599, 0, 2.5
side: 0, 0, 0
front only
else
else
else
else
else
else
else
else
else
else
else
else
front: 0, 1.19452, 2.5
side: 0, 0, 0
front only
else
else
front: 0, 1.13603, 2.5
side: 0, 0, 0
front only
front: 0, 1.54518, 2.5
side: 0, 0, 0
front only
front: 0, 1.42328, 2.5
side: 0, 0, 0
front only
else
front: 1.1132, 0.175734, 2.5
side: 0, 0, 0
front only
else
else
front: 0, 0.443678, 2.5
side: 0, 0, 0
front only
else
else
else
else
front: 1.27888, 0, 2.5
side: 0, 0, 0
front only
else
else
else
else
front: 1.08112, 0.538805, 2.5
side: 0, 0, 0
front only
else
front: 0.274151, 0, 2.5
side: 0, 0, 0
front only
else
front: 0.122834, 0.329697, 2.5
back: 0.368503, 0.989092, 7.5
front back
photon_ene: 661.6 photon_theta: 0.139816 photon_phi: 1.21416
traject_len: 5.04927
pe_len: 6.73385 cs_len: 3.99235
---
front: 0, 0, 2.5
side: 0, 0, 0
front only
else
else
else
else
else
front: 0, 0, 2.5
side: 0, 0, 0
front only
else
else
else
else
else
else
front: 0, 0.674001, 2.5
back: 0, 2.022, 7.5
front back
photon_ene: 661.6 photon_theta: 2.84428 photon_phi: 5.20747
traject_len: 5.17852
pe_len: 24.2648 cs_len: 7.0769
---
else
else
front: 0.640504, 0, 2.5
side: 0, 0, 0
front only
else
else
else
front: 0.335521, 1.22078, 2.5
side: 0, 0, 0
front only
else
else
else
front: 0, 1.54108, 2.5
side: 0, 0, 0
front only
else
front: 0, 0.121186, 2.5
back: 0, 0.363558, 7.5
front back
photon_ene: 661.6 photon_theta: 2.88692 photon_phi: 6.09589
traject_len: 5.00587
pe_len: 30.4864 cs_len: 1.67064
---
else
else
front: 0.601648, 0.260058, 2.5
back: 1.80494, 0.780173, 7.5
front back
photon_ene: 661.6 photon_theta: 2.88519 photon_phi: 3.54958
traject_len: 5.16899
pe_len: 19.2454 cs_len: 7.53061
---
else
front: 0.940804, 0, 2.5
side: 0, 0, 0
front only
else
else
else
else
front: 0.468173, 0.511998, 2.5
back: 1.40452, 1.53599, 7.5
front back
photon_ene: 661.6 photon_theta: 0.270699 photon_phi: 0.83008
traject_len: 5.18896
pe_len: 27.6443 cs_len: 0.514993
---
front: 0, 0.97068, 2.5
side: 0, 0, 0
front only
else
else
else
front: 0.498121, 1.66563, 2.5
side: 0, 0, 0
front only
front: 0.597314, 0, 2.5
side: 0, 0, 0
front only
else
else
else
else
else
else
front: 0.334464, 1.39538, 2.5
side: 0, 0, 0
front only
else
else
else
front: 0, 0.0570652, 2.5
side: 0, 0, 0
front only
front: 0.264061, 0, 2.5
side: 0, 0, 0
front only
front: 0.152744, 2.26411, 2.5
side: 0, 0, 0
front only
else
else
else
front: 0, 0.257114, 2.5
side: 0, 0, 0
front only
else
front: 0, 0, 2.5
side: 0, 0, 0
front only
front: 0.7668, 0, 2.5
side: 0, 0, 0
front only
else
front: 0, 1.08083, 2.5
side: 0, 0, 0
front only
else
front: 2.19995, 1.05949, 2.5
side: 0, 0, 0
front only
else
front: 0, 0.115809, 2.5
side: 0, 0, 0
front only
else
else
else
front: 0, 0, 2.5
side: 0, 0, 0
front only
else
else
else
else
else
else
else
else
else
else
else
front: 0.215442, 1.41779, 2.5
side: 0, 0, 0
front only
else
else
else
front: 0, 2.19115, 2.5
side: 0, 0, 0
front only
front: 0, 1.11659, 2.5
side: 0, 0, 0
front only
else
front: 0, 0.942944, 2.5
side: 0, 0, 0
front only
front: 0.14704, 0, 2.5
back: 0.441119, 0, 7.5
front back
photon_ene: 661.6 photon_theta: 2.92691 photon_phi: 1.84393
traject_len: 5.00864
pe_len: 37.209 cs_len: 0.930299
---
else
front: 1.26862, 1.58284, 2.5
side: 0, 0, 0
front only
else
else
else
front: 1.55228, 0.851419, 2.5
side: 0, 0, 0
front only
else
else
else
else
front: 1.1252, 2.01487, 2.5
side: 0, 0, 0
front only
front: 0, 0.746273, 2.5
side: 0, 0, 0
front only
front: 0.847428, 0.513339, 2.5
side: 0, 0, 0
front only
front: 0, 0.408565, 2.5
side: 0, 0, 0
front only
else
else
else
front: 0, 0.450805, 2.5
back: 0, 1.35242, 7.5
front back
photon_ene: 661.6 photon_theta: 2.92423 photon_phi: 5.32786
traject_len: 5.08064
pe_len: 40.5378 cs_len: 2.72704
---
else
front: 1.35669, 0, 2.5
side: 0, 0, 0
front only
front: 0.268043, 0, 2.5
side: 0, 0, 0
front only
front: 1.29093, 0.796618, 2.5
side: 0, 0, 0
front only
front: 0, 0.260441, 2.5
side: 0, 0, 0
front only
else
else
else
else
else
front: 0, 0.621119, 2.5
back: 0, 1.86336, 7.5
front back
photon_ene: 661.6 photon_theta: 2.89134 photon_phi: 4.9497
traject_len: 5.152
pe_len: 26.1037 cs_len: 0.631702
---
else
front: 2.21943, 0, 2.5
side: 0, 0, 0
front only
front: 1.21354, 0.196215, 2.5
side: 0, 0, 0
front only
else
else
front: 0, 0, 2.5
side: 0, 0, 0
front only
front: 0.948698, 0, 2.5
side: 0, 0, 0
front only
else
else
else
else
else
else
front: 0.910235, 0, 2.5
side: 0, 0, 0
front only
front: 0, 0, 2.5
back: 0, 0, 7.5
front back
photon_ene: 661.6 photon_theta: 2.96304 photon_phi: 1.00308
traject_len: 5
pe_len: 5.47879 cs_len: 8.27982
---
else
else
front: 0.478128, 1.68988, 2.5
side: 0, 0, 0
front only
else
else
else
else
else
else
else
else
front: 0, 0, 2.5
back: 0, 0, 7.5
front back
photon_ene: 661.6 photon_theta: 2.92321 photon_phi: 1.5206
traject_len: 5
pe_len: 10.6994 cs_len: 9.3484
---
else
front: 1.53332, 0, 2.5
side: 0, 0, 0
front only
front: 0, 0.573929, 2.5
side: 0, 0, 0
front only
else
front: 0.366277, 0.217549, 2.5
back: 1.09883, 0.652647, 7.5
front back
photon_ene: 661.6 photon_theta: 0.168784 photon_phi: 0.535957
traject_len: 5.07208
pe_len: 12.5849 cs_len: 1.82984
---
else
else
front: 0, 0, 2.5
back: 0, 0, 7.5
front back
photon_ene: 661.6 photon_theta: 0.242814 photon_phi: 4.67529
traject_len: 5
pe_len: 53.2231 cs_len: 8.00134
---
else
else
front: 0.590295, 0.16936, 2.5
back: 1.77089, 0.508079, 7.5
front back
photon_ene: 661.6 photon_theta: 0.240875 photon_phi: 0.279402
traject_len: 5.14864
pe_len: 2.96706 cs_len: 1.92556
---
else
else
else
front: 0, 0.8204, 2.5
side: 0, 0, 0
front only
else
else
front: 0, 0, 2.5
side: 0, 0, 0
front only
else
else
else
front: 1.8395, 0, 2.5
side: 0, 0, 0
front only
else
else
front: 0, 0, 2.5
side: 0, 0, 0
front only
else
else
front: 0.572852, 0, 2.5
back: 1.71856, 0, 7.5
front back
photon_ene: 661.6 photon_theta: 0.246008 photon_phi: 5.86191
traject_len: 5.12958
pe_len: 12.4998 cs_len: 19.693
---
else
else
else
else
else
else
else
front: 0.436325, 0, 2.5
back: 1.30898, 0, 7.5
front back
photon_ene: 661.6 photon_theta: 2.95248 photon_phi: 2.71856
traject_len: 5.07558
pe_len: 9.37621 cs_len: 4.35212
---
else
else
else
else
else
front: 1.50182, 1.8214, 2.5
side: 0, 0, 0
front only
else
else
else
front: 0.680769, 0.339404, 2.5
back: 2.04231, 1.01821, 7.5
front back
photon_ene: 661.6 photon_theta: 2.84622 photon_phi: 3.60409
traject_len: 5.22633
pe_len: 43.6548 cs_len: 3.08793
---
front: 0, 1.05333, 2.5
side: 0, 0, 0
front only
else
else
front: 0.29018, 0, 2.5
back: 0.870539, 0, 7.5
front back
photon_ene: 661.6 photon_theta: 3.00004 photon_phi: 2.5227
traject_len: 5.03357
pe_len: 25.3373 cs_len: 1.23824
---
else
else
front: 1.10988, 0.642345, 2.5
side: 0, 0, 0
front only
else
front: 0.235129, 0, 2.5
back: 0.705388, 0, 7.5
front back
photon_ene: 661.6 photon_theta: 0.279283 photon_phi: 5.04653
traject_len: 5.02207
pe_len: 33.7858 cs_len: 0.284466
---
else
else
front: 0.265539, 1.12694, 2.5
side: 0, 0, 0
front only
else
else
else
else
else
front: 1.32127, 0, 2.5
side: 0, 0, 0
front only
else
else
else
front: 0.330541, 2.20193, 2.5
side: 0, 0, 0
front only
else
else
else
else
front: 0, 0, 2.5
side: 0, 0, 0
front only
else
else
else
front: 0, 0, 2.5
side: 0, 0, 0
front only
front: 0, 0.225394, 2.5
side: 0, 0, 0
front only
else
front: 0, 1.55549, 2.5
side: 0, 0, 0
front only
else
else
else
else
else
front: 2.04294, 0, 2.5
side: 0, 0, 0
front only
front: 0.393244, 0, 2.5
side: 0, 0, 0
front only
front: 0.439822, 0, 2.5
side: 0, 0, 0
front only
else
front: 1.05688, 0, 2.5
side: 0, 0, 0
front only
else
else
front: 0.61273, 1.05084, 2.5
side: 0, 0, 0
front only
else
else
front: 0, 0.0141832, 2.5
side: 0, 0, 0
front only
else
else
else
else
front: 0.644369, 0.886108, 2.5
side: 0, 0, 0
front only
else
front: 1.10782, 0, 2.5
side: 0, 0, 0
front only
front: 0.82183, 0, 2.5
side: 0, 0, 0
front only
else
else
front: 0.788493, 1.83622, 2.5
side: 0, 0, 0
front only
else
else
else
front: 0.842351, 0, 2.5
side: 0, 0, 0
front only
else
front: 0, 1.09454, 2.5
side: 0, 0, 0
front only
else
else
front: 0, 1.12487, 2.5
side: 0, 0, 0
front only
front: 0, 0, 2.5
back: 0, 0, 7.5
front back
photon_ene: 661.6 photon_theta: 2.97842 photon_phi: 0.186879
traject_len: 5
pe_len: 14.014 cs_len: 2.66185
---
else
front: 0, 0.454402, 2.5
side: 0, 0, 0
front only
front: 0.702172, 0, 2.5
back: 2.10652, 0, 7.5
front back
photon_ene: 661.6 photon_theta: 2.85848 photon_phi: 2.87789
traject_len: 5.19348
pe_len: 26.5277 cs_len: 1.31425
---
else
else
front: 0, 0.999608, 2.5
side: 0, 0, 0
front only
front: 0.104102, 0, 2.5
side: 0, 0, 0
front only
else
front: 0.139397, 0, 2.5
side: 0, 0, 0
front only
else
else
front: 1.01832, 0, 2.5
side: 0, 0, 0
front only
front: 0.857846, 0, 2.5
side: 0, 0, 0
front only
else
front: 0.219518, 0, 2.5
side: 0, 0, 0
front only
else
else
front: 0, 0, 2.5
side: 0, 0, 0
front only
else
front: 0.0506655, 0, 2.5
side: 0, 0, 0
front only
else
else
else
front: 0, 0.315581, 2.5
side: 0, 0, 0
front only
else
else
else
else
else
else
else
else
else
else
else
front: 0, 0.0582471, 2.5
side: 0, 0, 0
front only
else
else
front: 0, 0.16705, 2.5
back: 0, 0.50115, 7.5
front back
photon_ene: 661.6 photon_theta: 3.04069 photon_phi: 5.56241
traject_len: 5.01115
pe_len: 23.2774 cs_len: 4.02702
---
else
else
else
front: 0, 0.924117, 2.5
side: 0, 0, 0
front only
front: 0, 0, 2.5
side: 0, 0, 0
front only
front: 0, 0.46971, 2.5
side: 0, 0, 0
front only
else
else
else
front: 1.009, 0.857257, 2.5
side: 0, 0, 0
front only
else
front: 0.562624, 0.676551, 2.5
side: 0, 0, 0
front only
else
front: 0.0191213, 0.891586, 2.5
side: 0, 0, 0
front only
else
front: 0.0416837, 0, 2.5
back: 0.125051, 0, 7.5
front back
photon_ene: 661.6 photon_theta: 0.298141 photon_phi: 4.76667
traject_len: 5.00069
pe_len: 34.1748 cs_len: 6.13619
---
else
else
else
front: 0, 0, 2.5
side: 0, 0, 0
front only
else
front: 0, 0.950003, 2.5
side: 0, 0, 0
front only
else
else
else
else
else
else
else
front: 0.0787969, 0, 2.5
side: 0, 0, 0
front only
else
else
front: 0, 0, 2.5
side: 0, 0, 0
front only
else
front: 0.551146, 1.07411, 2.5
side: 0, 0, 0
front only
else
else
else
front: 0, 0, 2.5
side: 0, 0, 0
front only
front: 0.627107, 0, 2.5
side: 0, 0, 0
front only
else
else
else
else
else
front: 0, 0, 2.5
side: 0, 0, 0
front only
else
else
else
front: 0, 0.133918, 2.5
side: 0, 0, 0
front only
else
front: 1.77256, 0, 2.5
side: 0, 0, 0
front only
front: 0, 0, 2.5
back: 0, 0, 7.5
front back
photon_ene: 661.6 photon_theta: 0.29688 photon_phi: 4.64384
traject_len: 5
pe_len: 7.39554 cs_len: 1.62466
---
else
front: 0, 0, 2.5
side: 0, 0, 0
front only
else
else
front: 0, 1.15573, 2.5
side: 0, 0, 0
front only
else
else
else
front: 1.58942, 0.220329, 2.5
side: 0, 0, 0
front only
else
else
front: 0, 0, 2.5
side: 0, 0, 0
front only
else
front: 0, 0, 2.5
side: 0, 0, 0
front only
front: 0, 0.532905, 2.5
back: 0, 1.59871, 7.5
front back
photon_ene: 661.6 photon_theta: 2.92493 photon_phi: 4.9645
traject_len: 5.11233
pe_len: 10.6928 cs_len: 3.81015
---
else
else
front: 0, 0, 2.5
side: 0, 0, 0
front only
else
else
else
front: 0, 0.42025, 2.5
back: 0, 1.26075, 7.5
front back
photon_ene: 661.6 photon_theta: 0.221239 photon_phi: 2.29749
traject_len: 5.07015
pe_len: 12.7746 cs_len: 6.57643
---
front: 0, 0, 2.5
side: 0, 0, 0
front only
else
else
front: 0, 1.44752, 2.5
side: 0, 0, 0
front only
front: 0, 0, 2.5
side: 0, 0, 0
front only
else
else
else
else
front: 0, 1.28472, 2.5
side: 0, 0, 0
front only
else
else
front: 0, 0, 2.5
side: 0, 0, 0
front only
front: 0.0155542, 0.380736, 2.5
back: 0.0466626, 1.14221, 7.5
front back
photon_ene: 661.6 photon_theta: 0.151257 photon_phi: 1.52997
traject_len: 5.05775
pe_len: 83.2864 cs_len: 0.632396
---
else
else
else
else
front: 0, 0, 2.5
side: 0, 0, 0
front only
else
else
else
else
front: 0, 0, 2.5
side: 0, 0, 0
front only
front: 0, 0, 2.5
side: 0, 0, 0
front only
else
else
front: 1.34692, 0.883769, 2.5
side: 0, 0, 0
front only
else
else
front: 0.761235, 0, 2.5
side: 0, 0, 0
front only
front: 0, 0.169551, 2.5
side: 0, 0, 0
front only
front: 0, 1.54006, 2.5
side: 0, 0, 0
front only
else
front: 0, 1.1625, 2.5
side: 0, 0, 0
front only
front: 1.34544, 0, 2.5
side: 0, 0, 0
front only
front: 1.50598, 0.408496, 2.5
side: 0, 0, 0
front only
else
front: 0, 0.522876, 2.5
side: 0, 0, 0
front only
else
else
front: 0.419085, 0, 2.5
side: 0, 0, 0
front only
else
else
else
else
front: 0, 0, 2.5
back: 0, 0, 7.5
front back
photon_ene: 661.6 photon_theta: 0.123556 photon_phi: 3.57604
traject_len: 5
pe_len: 69.9521 cs_len: 5.03133
---
front: 0, 0, 2.5
side: 0, 0, 0
front only
front: 0.725822, 0, 2.5
side: 0, 0, 0
front only
front: 1.1066, 0.254825, 2.5
side: 0, 0, 0
front only
else
else
front: 0, 0, 2.5
side: 0, 0, 0
front only
front: 0.00385249, 0.535995, 2.5
back: 0.0115575, 1.60799, 7.5
front back
photon_ene: 661.6 photon_theta: 2.93039 photon_phi: 4.7052
traject_len: 5.11363
pe_len: 33.1383 cs_len: 1.15717
---
front: 0, 1.34919, 2.5
side: 0, 0, 0
front only
else
else
else
else
else
else
front: 1.87545, 0.879994, 2.5
side: 0, 0, 0
front only
else
front: 0.645122, 0, 2.5
side: 0, 0, 0
front only
else
else
else
front: 0, 0.669897, 2.5
side: 0, 0, 0
front only
else
else
else
else
else
front: 0.185478, 0, 2.5
side: 0, 0, 0
front only
front: 0.630921, 1.0816, 2.5
side: 0, 0, 0
front only
front: 0, 0, 2.5
side: 0, 0, 0
front only
else
else
front: 0, 0.478131, 2.5
side: 0, 0, 0
front only
else
else
front: 2.12196, 0.0859536, 2.5
side: 0, 0, 0
front only
else
front: 0, 0, 2.5
side: 0, 0, 0
front only
else
else
else
front: 1.57591, 1.6787, 2.5
side: 0, 0, 0
front only
else
else
front: 2.3576, 0.437881, 2.5
side: 0, 0, 0
front only
front: 0.910238, 1.99565, 2.5
side: 0, 0, 0
front only
front: 1.19222, 1.47502, 2.5
side: 0, 0, 0
front only
front: 0.928861, 0, 2.5
side: 0, 0, 0
front only
else
else
else
else
else
else
else
else
else
else
front: 0, 0.379169, 2.5
back: 0, 1.13751, 7.5
front back
photon_ene: 661.6 photon_theta: 0.241686 photon_phi: 2.47886
traject_len: 5.05718
pe_len: 0.114929 cs_len: 1.89398
---
else
front: 1.15855, 0.134719, 2.5
side: 0, 0, 0
front only
else
else
front: 1.04837, 1.81728, 2.5
side: 0, 0, 0
front only
else
front: 0, 1.30802, 2.5
side: 0, 0, 0
front only
else
else
else
else
else
else
front: 0, 0, 2.5
side: 0, 0, 0
front only
front: 0, 1.69048, 2.5
side: 0, 0, 0
front only
front: 0.990176, 0, 2.5
side: 0, 0, 0
front only
else
front: 0, 0, 2.5
side: 0, 0, 0
front only
front: 1.13252, 1.37819, 2.5
side: 0, 0, 0
front only
front: 1.23594, 0, 2.5
side: 0, 0, 0
front only
else
front: 1.48652, 0, 2.5
side: 0, 0, 0
front only
else
else
front: 0, 0, 2.5
side: 0, 0, 0
front only
else
front: 0, 0, 2.5
side: 0, 0, 0
front only
front: 1.96052, 0.438763, 2.5
side: 0, 0, 0
front only
front: 0.732426, 0, 2.5
back: 2.19728, 0, 7.5
front back
photon_ene: 661.6 photon_theta: 0.290351 photon_phi: 6.08542
traject_len: 5.21016
pe_len: 61.3389 cs_len: 1.33239
---
else
else
else
else
else
else
else
else
else
front: 0.768235, 1.78417, 2.5
side: 0, 0, 0
front only
else
front: 1.39436, 0.169004, 2.5
side: 0, 0, 0
front only
front: 0, 1.21124, 2.5
side: 0, 0, 0
front only
else
else
else
else
else
front: 0.670363, 0.671244, 2.5
side: 0, 0, 0
front only
front: 1.57116, 1.12216, 2.5
side: 0, 0, 0
front only
else
front: 0.2791, 0, 2.5
side: 0, 0, 0
front only
else
else
else
else
else
else
front: 0.033232, 1.32675, 2.5
side: 0, 0, 0
front only
else
else
else
else
else
front: 0, 0, 2.5
side: 0, 0, 0
front only
front: 0, 0.359969, 2.5
side: 0, 0, 0
front only
front: 0, 0, 2.5
back: 0, 0, 7.5
front back
photon_ene: 661.6 photon_theta: 2.90436 photon_phi: 0.121968
traject_len: 5
pe_len: 110.719 cs_len: 7.46432
---
front: 0.165651, 0.945476, 2.5
side: 0, 0, 0
front only
else
front: 0, 0.813087, 2.5
side: 0, 0, 0
front only
else
else
else
front: 1.40147, 0, 2.5
side: 0, 0, 0
front only
else
else
else
front: 0.869798, 0, 2.5
side: 0, 0, 0
front only
else
front: 0, 0, 2.5
side: 0, 0, 0
front only
else
else
else
else
else
else
else
else
else
front: 0.51604, 0, 2.5
side: 0, 0, 0
front only
else
else
else
front: 0, 0.543306, 2.5
side: 0, 0, 0
front only
else
else
else
front: 0.0624071, 0, 2.5
back: 0.187221, 0, 7.5
front back
photon_ene: 661.6 photon_theta: 0.249562 photon_phi: 4.81049
traject_len: 5.00156
pe_len: 3.00874 cs_len: 0.0320425
---
else
else
front: 0, 0, 2.5
side: 0, 0, 0
front only
front: 0.546111, 0.00180432, 2.5
back: 1.63833, 0.00541296, 7.5
front back
photon_ene: 661.6 photon_theta: 0.215067 photon_phi: 0.00330394
traject_len: 5.11791
pe_len: 59.1597 cs_len: 2.06551
---
front: 1.24206, 0, 2.5
side: 0, 0, 0
front only
front: 0.864221, 0, 2.5
side: 0, 0, 0
front only
front: 0, 0, 2.5
side: 0, 0, 0
front only
front: 1.05025, 0.985545, 2.5
side: 0, 0, 0
front only
else
else
else
front: 0, 0, 2.5
side: 0, 0, 0
front only
else
else
front: 0, 0.832305, 2.5
side: 0, 0, 0
front only
else
front: 0.0444281, 0.721778, 2.5
back: 0.133284, 2.16534, 7.5
front back
photon_ene: 661.6 photon_theta: 0.281573 photon_phi: 1.50932
traject_len: 5.20497
pe_len: 1.00609 cs_len: 3.36157
---
else
front: 0, 0, 2.5
side: 0, 0, 0
front only
front: 0, 0, 2.5
side: 0, 0, 0
front only
else
else
else
front: 0, 1.29492, 2.5
side: 0, 0, 0
front only
front: 0, 2.23818, 2.5
side: 0, 0, 0
front only
front: 0.538764, 0.376394, 2.5
back: 1.61629, 1.12918, 7.5
front back
photon_ene: 661.6 photon_theta: 0.257072 photon_phi: 0.609803
traject_len: 5.16989
pe_len: 12.9624 cs_len: 5.46488
---
else
else
else
front: 0, 0, 2.5
side: 0, 0, 0
front only
front: 0, 0, 2.5
side: 0, 0, 0
front only
front: 0.572406, 0, 2.5
side: 0, 0, 0
front only
front: 0, 0, 2.5
side: 0, 0, 0
front only
front: 0.496905, 0, 2.5
side: 0, 0, 0
front only
else
front: 0.328102, 0, 2.5
side: 0, 0, 0
front only
else
else
else
front: 0, 0, 2.5
side: 0, 0, 0
front only
else
else
else
else
else
else
front: 0, 0.0287395, 2.5
side: 0, 0, 0
front only
else
front: 0.38412, 0.290535, 2.5
back: 1.15236, 0.871604, 7.5
front back
photon_ene: 661.6 photon_theta: 0.190317 photon_phi: 0.647562
traject_len: 5.09194
pe_len: 28.5971 cs_len: 0.0927677
---
front: 1.51763, 0, 2.5
side: 0, 0, 0
front only
else
front: 0, 1.16507, 2.5
side: 0, 0, 0
front only
else
else
else
else
else
front: 0, 0, 2.5
back: 0, 0, 7.5
front back
photon_ene: 661.6 photon_theta: 0.205548 photon_phi: 3.19269
traject_len: 5
pe_len: 0.365191 cs_len: 0.452954
---
else
else
else
else
else
front: 0, 0, 2.5
side: 0, 0, 0
front only
else
front: 0.157334, 1.52745, 2.5
side: 0, 0, 0
front only
else
front: 1.0137, 0.248664, 2.5
side: 0, 0, 0
front only
front: 0.0907809, 1.58005, 2.5
side: 0, 0, 0
front only
else
else
else
else
else
else
front: 0, 1.66741, 2.5
side: 0, 0, 0
front only
else
else
else
else
else
front: 0, 0.909789, 2.5
side: 0, 0, 0
front only
else
front: 0.694489, 0, 2.5
side: 0, 0, 0
front only
else
front: 0, 0, 2.5
side: 0, 0, 0
front only
else
else
else
else
else
else
else
else
else
front: 1.71098, 0.441479, 2.5
side: 0, 0, 0
front only
else
front: 0, 0, 2.5
side: 0, 0, 0
front only
else
else
else
else
else
front: 0, 0.718134, 2.5
side: 0, 0, 0
front only
front: 1.88924, 0, 2.5
side: 0, 0, 0
front only
else
else
else
else
front: 0, 0.704932, 2.5
side: 0, 0, 0
front only
else
else
else
else
else
else
else
else
else
else
else
else
else
front: 0, 0, 2.5
back: 0, 0, 7.5
front back
photon_ene: 661.6 photon_theta: 2.94646 photon_phi: 1.25535
traject_len: 5
pe_len: 17.989 cs_len: 1.59667
---
else
else
else
else
else
else
else
front: 0, 0, 2.5
side: 0, 0, 0
front only
front: 0.280817, 0.469167, 2.5
back: 0.842452, 1.4075, 7.5
front back
photon_ene: 661.6 photon_theta: 2.92627 photon_phi: 4.17304
traject_len: 5.11819
pe_len: 16.7787 cs_len: 0.0852189
---
else
front: 0, 0.40483, 2.5
side: 0, 0, 0
front only
else
else
else
else
else
front: 0, 1.13351, 2.5
side: 0, 0, 0
front only
else
else
else
else
else
else
else
front: 0.074707, 1.37725, 2.5
side: 0, 0, 0
front only
else
else
front: 1.34946, 0, 2.5
side: 0, 0, 0
front only
front: 0.991178, 0, 2.5
side: 0, 0, 0
front only
else
else
else
else
front: 0.360627, 0, 2.5
side: 0, 0, 0
front only
else
else
else
else
front: 1.22173, 0, 2.5
side: 0, 0, 0
front only
else
front: 0, 0, 2.5
side: 0, 0, 0
front only
front: 0, 0, 2.5
side: 0, 0, 0
front only
front: 1.43247, 0.623996, 2.5
side: 0, 0, 0
front only
front: 1.38123, 0, 2.5
side: 0, 0, 0
front only
else
else
else
else
else
else
front: 0, 0.592857, 2.5
back: 0, 1.77857, 7.5
front back
photon_ene: 661.6 photon_theta: 0.299536 photon_phi: 2.26607
traject_len: 5.13867
pe_len: 0.0770863 cs_len: 1.37903
---
front: 0.834521, 0, 2.5
side: 0, 0, 0
front only
else
front: 2.09021, 0.455558, 2.5
side: 0, 0, 0
front only
front: 0.536154, 1.28342, 2.5
side: 0, 0, 0
front only
else
else
front: 0, 1.2303, 2.5
side: 0, 0, 0
front only
else
else
else
front: 0, 0.85961, 2.5
side: 0, 0, 0
front only
else
else
else
else
else
front: 0, 0.280619, 2.5
back: 0, 0.841858, 7.5
front back
photon_ene: 661.6 photon_theta: 2.8833 photon_phi: 5.84437
traject_len: 5.0314
pe_len: 36.364 cs_len: 2.62978
---
else
else
else
else
else
front: 0, 0.333659, 2.5
back: 0, 1.00098, 7.5
front back
photon_ene: 661.6 photon_theta: 0.181425 photon_phi: 2.32684
traject_len: 5.04433
pe_len: 12.4119 cs_len: 8.10047
---
front: 1.49288, 0, 2.5
side: 0, 0, 0
front only
front: 0.0727283, 0, 2.5
side: 0, 0, 0
front only
front: 0.114969, 1.90215, 2.5
side: 0, 0, 0
front only
else
else
else
else
else
else
else
else
else
else
front: 0, 0, 2.5
side: 0, 0, 0
front only
else
front: 0, 0, 2.5
side: 0, 0, 0
front only
else
else
else
else
else
else
else
else
else
else
else
front: 1.08383, 0, 2.5
side: 0, 0, 0
front only
front: 0, 0, 2.5
side: 0, 0, 0
front only
else
else
front: 0.584148, 0, 2.5
back: 1.75245, 0, 7.5
front back
photon_ene: 661.6 photon_theta: 0.274283 photon_phi: 5.69225
traject_len: 5.13468
pe_len: 31.3551 cs_len: 2.0103
---
front: 0.842098, 0, 2.5
side: 0, 0, 0
front only
else
else
else
else
front: 2.09663, 0, 2.5
side: 0, 0, 0
front only
else
else
else
else
else
else
else
else
else
else
front: 0, 1.5772, 2.5
side: 0, 0, 0
front only
else
else
else
front: 0, 1.09247, 2.5
side: 0, 0, 0
front only
else
else
front: 0, 0, 2.5
side: 0, 0, 0
front only
else
else
else
front: 0, 0.392939, 2.5
side: 0, 0, 0
front only
else
else
front: 1.49359, 1.72769, 2.5
side: 0, 0, 0
front only
else
else
else
else
else
front: 0.937028, 0, 2.5
side: 0, 0, 0
front only
front: 1.395, 1.75354, 2.5
side: 0, 0, 0
front only
else
else
front: 1.81506, 0, 2.5
side: 0, 0, 0
front only
else
else
else
else
else
else
else
else
else
else
else
else
front: 0.0205391, 2.16381, 2.5
side: 0, 0, 0
front only
front: 0.514669, 0.261084, 2.5
back: 1.54401, 0.783251, 7.5
front back
photon_ene: 661.6 photon_theta: 0.226868 photon_phi: 0.469458
traject_len: 5.13149
pe_len: 38.652 cs_len: 1.1071
---
else
else
else
else
else
else
else
else
front: 0, 1.70979, 2.5
side: 0, 0, 0
front only
front: 0.721599, 0.332678, 2.5
back: 2.1648, 0.998033, 7.5
front back
photon_ene: 661.6 photon_theta: 2.83385 photon_phi: 3.57358
traject_len: 5.24648
pe_len: 3.16874 cs_len: 8.34324
---
front: 0, 1.00884, 2.5
side: 0, 0, 0
front only
else
else
front: 0.398784, 0, 2.5
side: 0, 0, 0
front only
else
else
front: 0, 0, 2.5
side: 0, 0, 0
front only
else
else
else
front: 0.893396, 0, 2.5
side: 0, 0, 0
front only
else
front: 0.384508, 0.881045, 2.5
side: 0, 0, 0
front only
else
else
else
else
else
else
else
front: 0, 0.707141, 2.5
side: 0, 0, 0
front only
else
else
front: 0, 0, 2.5
side: 0, 0, 0
front only
front: 0.68057, 0, 2.5
back: 2.04171, 0, 7.5
front back
photon_ene: 661.6 photon_theta: 0.292379 photon_phi: 5.84235
traject_len: 5.18196
pe_len: 38.54 cs_len: 4.89888
---
front: 0.267221, 0.780513, 2.5
back: 0.801664, 2.34154, 7.5
front back
photon_ene: 661.6 photon_theta: 2.82285 photon_phi: 4.38253
traject_len: 5.26521
pe_len: 2.96274 cs_len: 5.33661
---
else
else
front: 0, 0, 2.5
side: 0, 0, 0
front only
else
else
else
front: 2.4736, 0.22999, 2.5
side: 0, 0, 0
front only
else
else
else
else
else
else
else
front: 0.235757, 0.366891, 2.5
back: 0.707272, 1.10067, 7.5
front back
photon_ene: 661.6 photon_theta: 2.96889 photon_phi: 4.14125
traject_len: 5.07551
pe_len: 120.58 cs_len: 5.3447
---
else
else
front: 1.29356, 0, 2.5
side: 0, 0, 0
front only
else
front: 0, 0, 2.5
side: 0, 0, 0
front only
else
else
else
else
front: 0, 0, 2.5
side: 0, 0, 0
front only
else
else
front: 0, 1.76928, 2.5
side: 0, 0, 0
front only
else
else
else
else
else
else
else
else
else
else
else
else
else
front: 0, 0, 2.5
side: 0, 0, 0
front only
front: 0.101988, 1.75703, 2.5
side: 0, 0, 0
front only
front: 1.40379, 0, 2.5
side: 0, 0, 0
front only
front: 0.590171, 0, 2.5
back: 1.77051, 0, 7.5
front back
photon_ene: 661.6 photon_theta: 0.319817 photon_phi: 5.50587
traject_len: 5.13743
pe_len: 43.0782 cs_len: 0.460369
---
else
else
else
else
else
else
else
front: 2.10605, 0.767985, 2.5
side: 0, 0, 0
front only
else
front: 2.0084, 0.44226, 2.5
side: 0, 0, 0
front only
else
front: 0, 0, 2.5
side: 0, 0, 0
front only
else
else
else
else
front: 0, 0, 2.5
side: 0, 0, 0
front only
front: 2.1027, 0.206885, 2.5
side: 0, 0, 0
front only
else
front: 1.39648, 0, 2.5
side: 0, 0, 0
front only
else
front: 1.24199, 0, 2.5
side: 0, 0, 0
front only
else
front: 0.526343, 1.83923, 2.5
side: 0, 0, 0
front only
else
else
else
else
front: 0, 2.35308, 2.5
side: 0, 0, 0
front only
front: 0, 1.10306, 2.5
side: 0, 0, 0
front only
front: 0, 0, 2.5
side: 0, 0, 0
front only
else
front: 0, 0, 2.5
side: 0, 0, 0
front only
else
front: 1.85293, 1.2018, 2.5
side: 0, 0, 0
front only
front: 0, 1.69422, 2.5
side: 0, 0, 0
front only
else
else
else
else
front: 0.746692, 0, 2.5
side: 0, 0, 0
front only
front: 1.36711, 1.77664, 2.5
side: 0, 0, 0
front only
else
front: 0, 0, 2.5
back: 0, 0, 7.5
front back
photon_ene: 661.6 photon_theta: 0.0639998 photon_phi: 3.80702
traject_len: 5
pe_len: 36.9727 cs_len: 5.39373
---
else
else
else
else
else
else
front: 1.32561, 0.705762, 2.5
side: 0, 0, 0
front only
else
else
front: 1.62737, 0.00768208, 2.5
side: 0, 0, 0
front only
else
else
else
else
else
else
else
else
else
else
front: 1.11514, 0.0538481, 2.5
side: 0, 0, 0
front only
else
else
front: 0.453397, 1.203, 2.5
side: 0, 0, 0
front only
front: 0, 0, 2.5
side: 0, 0, 0
front only
else
front: 1.45965, 0.922257, 2.5
side: 0, 0, 0
front only
front: 1.97273, 0.347309, 2.5
side: 0, 0, 0
front only
else
front: 0, 0, 2.5
back: 0, 0, 7.5
front back
photon_ene: 661.6 photon_theta: 2.84588 photon_phi: 0.674391
traject_len: 5
pe_len: 7.5098 cs_len: 0.700501
---
front: 0, 1.34284, 2.5
side: 0, 0, 0
front only
else
else
front: 0.815602, 0.409646, 2.5
side: 0, 0, 0
front only
else
else
else
else
front: 0, 0, 2.5
back: 0, 0, 7.5
front back
photon_ene: 661.6 photon_theta: 0.320489 photon_phi: 3.77162
traject_len: 5
pe_len: 13.0619 cs_len: 34.5762
---
else
else
front: 0, 0, 2.5
side: 0, 0, 0
front only
else
else
else
else
front: 0.862141, 0, 2.5
side: 0, 0, 0
front only
else
else
else
else
else
else
front: 0, 0, 2.5
side: 0, 0, 0
front only
front: 0, 0.518617, 2.5
side: 0, 0, 0
front only
else
front: 0, 0, 2.5
side: 0, 0, 0
front only
else
else
else
else
else
front: 0, 0.346451, 2.5
back: 0, 1.03935, 7.5
front back
photon_ene: 661.6 photon_theta: 0.141231 photon_phi: 1.79622
traject_len: 5.04778
pe_len: 5.71195 cs_len: 2.16701
---
front: 0, 0, 2.5
side: 0, 0, 0
front only
front: 1.58655, 0.939417, 2.5
side: 0, 0, 0
front only
front: 2.08243, 1.06976, 2.5
side: 0, 0, 0
front only
else
else
else
else
front: 0, 0, 2.5
back: 0, 0, 7.5
front back
photon_ene: 661.6 photon_theta: 2.84261 photon_phi: 1.26914
traject_len: 5
pe_len: 89.5531 cs_len: 3.04591
---
else
else
front: 0.401201, 0.909637, 2.5
side: 0, 0, 0
front only
front: 0.468992, 0, 2.5
side: 0, 0, 0
front only
else
else
front: 0, 1.22115, 2.5
side: 0, 0, 0
front only
else
front: 0.251117, 0, 2.5
back: 0.75335, 0, 7.5
front back
photon_ene: 661.6 photon_theta: 0.100131 photon_phi: 6.26312
traject_len: 5.02516
pe_len: 31.6754 cs_len: 1.43556
---
else
else
front: 0.378089, 0.795792, 2.5
side: 0, 0, 0
front only
else
else
else
else
else
else
else
front: 0, 0, 2.5
side: 0, 0, 0
front only
else
front: 0, 1.51163, 2.5
side: 0, 0, 0
front only
else
else
else
else
front: 0.0826918, 0, 2.5
back: 0.248076, 0, 7.5
front back
photon_ene: 661.6 photon_theta: 2.95692 photon_phi: 1.74881
traject_len: 5.00273
pe_len: 1.39795 cs_len: 5.17909
---
front: 0.415474, 1.07183, 2.5
side: 0, 0, 0
front only
else
else
front: 1.03054, 0, 2.5
side: 0, 0, 0
front only
else
else
else
front: 1.70505, 0, 2.5
side: 0, 0, 0
front only
else
else
else
else
else
else
front: 1.43515, 0.0372151, 2.5
side: 0, 0, 0
front only
else
else
else
else
else
front: 0, 0.141299, 2.5
side: 0, 0, 0
front only
front: 0, 1.85677, 2.5
side: 0, 0, 0
front only
else
front: 1.94295, 0.0291344, 2.5
side: 0, 0, 0
front only
else
front: 1.60328, 0, 2.5
side: 0, 0, 0
front only
else
else
else
else
else
else
front: 0, 0, 2.5
back: 0, 0, 7.5
front back
photon_ene: 661.6 photon_theta: 0.192333 photon_phi: 3.99286
traject_len: 5
pe_len: 21.1542 cs_len: 1.39704
---
else
else
else
else
front: 2.17415, 0.945908, 2.5
side: 0, 0, 0
front only
front: 0, 0, 2.5
side: 0, 0, 0
front only
front: 0.990513, 0, 2.5
side: 0, 0, 0
front only
else
else
else
else
else
front: 1.03876, 0, 2.5
side: 0, 0, 0
front only
front: 0.444062, 0.831638, 2.5
side: 0, 0, 0
front only
else
front: 0.0638377, 1.63028, 2.5
side: 0, 0, 0
front only
front: 0, 0, 2.5
back: 0, 0, 7.5
front back
photon_ene: 661.6 photon_theta: 0.244573 photon_phi: 3.17234
traject_len: 5
pe_len: 17.0393 cs_len: 0.278893
---
else
else
front: 0.882497, 0, 2.5
side: 0, 0, 0
front only
front: 1.00517, 1.44296, 2.5
side: 0, 0, 0
front only
front: 0, 0, 2.5
side: 0, 0, 0
front only
else
front: 0, 0, 2.5
side: 0, 0, 0
front only
front: 0, 0.46104, 2.5
side: 0, 0, 0
front only
else
else
front: 0, 0, 2.5
back: 0, 0, 7.5
front back
photon_ene: 661.6 photon_theta: 0.317135 photon_phi: 3.71548
traject_len: 5
pe_len: 3.06076 cs_len: 5.47525
---
front: 1.97735, 0.520142, 2.5
side: 0, 0, 0
front only
else
else
else
front: 0, 1.47453, 2.5
side: 0, 0, 0
front only
else
front: 0.849802, 0, 2.5
side: 0, 0, 0
front only
else
front: 0.0839536, 0, 2.5
back: 0.251861, 0, 7.5
front back
photon_ene: 661.6 photon_theta: 2.92357 photon_phi: 1.72296
traject_len: 5.00282
pe_len: 8.01371 cs_len: 17.1399
---
front: 0.356836, 0, 2.5
back: 1.07051, 0, 7.5
front back
photon_ene: 661.6 photon_theta: 2.99953 photon_phi: 3.07736
traject_len: 5.05068
pe_len: 42.6074 cs_len: 2.48436
---
else
else
front: 0, 0, 2.5
side: 0, 0, 0
front only
else
else
else
else
front: 0, 1.17941, 2.5
side: 0, 0, 0
front only
front: 0, 0, 2.5
side: 0, 0, 0
front only
front: 0, 0, 2.5
side: 0, 0, 0
front only
front: 1.07189, 0, 2.5
side: 0, 0, 0
front only
else
else
else
front: 0.430573, 0, 2.5
side: 0, 0, 0
front only
front: 0.774107, 0.217934, 2.5
back: 2.32232, 0.653802, 7.5
front back
photon_ene: 661.6 photon_theta: 2.83037 photon_phi: 3.41602
traject_len: 5.25233
pe_len: 24.7849 cs_len: 1.49439
---
else
front: 0, 0, 2.5
side: 0, 0, 0
front only
else
front: 0.94056, 1.72622, 2.5
side: 0, 0, 0
front only
else
else
front: 0, 1.76977, 2.5
side: 0, 0, 0
front only
else
else
else
else
else
front: 2.06883, 0, 2.5
side: 0, 0, 0
front only
else
else
else
else
else
else
front: 0.739435, 0.190917, 2.5
back: 2.2183, 0.57275, 7.5
front back
photon_ene: 661.6 photon_theta: 0.296471 photon_phi: 0.252675
traject_len: 5.22808
pe_len: 20.5016 cs_len: 0.0200629
---
else
else
else
else
else
front: 0, 0.844335, 2.5
side: 0, 0, 0
front only
else
else
front: 0.647902, 0, 2.5
side: 0, 0, 0
front only
else
else
front: 0, 0, 2.5
side: 0, 0, 0
front only
else
front: 0, 0, 2.5
back: 0, 0, 7.5
front back
photon_ene: 661.6 photon_theta: 0.130279 photon_phi: 4.41626
traject_len: 5
pe_len: 115.78 cs_len: 4.43499
---
else
else
else
else
else
else
front: 0.133779, 0, 2.5
back: 0.401337, 0, 7.5
front back
photon_ene: 661.6 photon_theta: 3.05089 photon_phi: 2.19978
traject_len: 5.00715
pe_len: 95.3868 cs_len: 0.242332
---
else
else
else
front: 0.927478, 1.28036, 2.5
side: 0, 0, 0
front only
front: 0.887806, 0, 2.5
side: 0, 0, 0
front only
front: 0, 0, 2.5
side: 0, 0, 0
front only
else
else
else
front: 0.0592212, 0.0708701, 2.5
back: 0.177664, 0.21261, 7.5
front back
photon_ene: 661.6 photon_theta: 0.0369258 photon_phi: 0.874704
traject_len: 5.00341
pe_len: 36.5282 cs_len: 5.85074
---
else
else
else
front: 0.582673, 1.08084, 2.5
side: 0, 0, 0
front only
else
else
else
front: 1.44961, 0, 2.5
side: 0, 0, 0
front only
else
front: 0.534134, 0.179975, 2.5
back: 1.6024, 0.539926, 7.5
front back
photon_ene: 661.6 photon_theta: 0.221749 photon_phi: 0.325
traject_len: 5.1255
pe_len: 0.444474 cs_len: 3.376
---
else
front: 0.91799, 0, 2.5
side: 0, 0, 0
front only
else
front: 0.376537, 0.430137, 2.5
back: 1.12961, 1.29041, 7.5
front back
photon_ene: 661.6 photon_theta: 2.91679 photon_phi: 3.99334
traject_len: 5.12905
pe_len: 20.6867 cs_len: 4.03962
---
else
else
front: 2.22324, 0, 2.5
side: 0, 0, 0
front only
else
front: 0, 0.208925, 2.5
side: 0, 0, 0
front only
else
front: 0, 0.398762, 2.5
back: 0, 1.19628, 7.5
front back
photon_ene: 661.6 photon_theta: 0.320768 photon_phi: 2.64084
traject_len: 5.0632
pe_len: 10.3312 cs_len: 2.41948
---
front: 0, 0, 2.5
side: 0, 0, 0
front only
else
else
else
else
else
else
front: 0.860755, 2.27614, 2.5
side: 0, 0, 0
front only
else
else
else
front: 0.707644, 0.689797, 2.5
side: 0, 0, 0
front only
front: 0, 1.40719, 2.5
side: 0, 0, 0
front only
else
front: 0.34988, 0, 2.5
back: 1.04964, 0, 7.5
front back
photon_ene: 661.6 photon_theta: 2.98454 photon_phi: 2.65469
traject_len: 5.04873
pe_len: 16.1949 cs_len: 0.144113
---
else
else
else
front: 0.0364581, 1.43848, 2.5
side: 0, 0, 0
front only
else
front: 0, 0, 2.5
side: 0, 0, 0
front only
else
else
else
else
front: 0.379167, 0, 2.5
back: 1.1375, 0, 7.5
front back
photon_ene: 661.6 photon_theta: 0.161777 photon_phi: 5.90494
traject_len: 5.05718
pe_len: 106.734 cs_len: 4.13704
---
else
else
else
else
else
else
else
front: 0.101849, 1.59441, 2.5
side: 0, 0, 0
front only
front: 1.2461, 0, 2.5
side: 0, 0, 0
front only
else
else
else
else
else
front: 0, 0, 2.5
side: 0, 0, 0
front only
front: 0, 1.1119, 2.5
side: 0, 0, 0
front only
else
else
front: 0.514687, 0, 2.5
side: 0, 0, 0
front only
else
else
else
else
else
else
else
else
front: 0.279757, 0, 2.5
back: 0.839271, 0, 7.5
front back
photon_ene: 661.6 photon_theta: 2.93511 photon_phi: 2.13437
traject_len: 5.03121
pe_len: 4.8461 cs_len: 0.988009
---
else
else
front: 0.346458, 2.09952, 2.5
side: 0, 0, 0
front only
else
front: 0, 0, 2.5
side: 0, 0, 0
front only
else
front: 0.161658, 1.59419, 2.5
side: 0, 0, 0
front only
else
else
else
else
else
else
else
else
else
else
front: 0, 0, 2.5
side: 0, 0, 0
front only
else
else
else
else
else
front: 0, 0, 2.5
side: 0, 0, 0
front only
front: 0.152725, 0, 2.5
back: 0.458174, 0, 7.5
front back
photon_ene: 661.6 photon_theta: 0.13115 photon_phi: 5.19391
traject_len: 5.00932
pe_len: 49.0189 cs_len: 0.862256
---
front: 0, 0, 2.5
side: 0, 0, 0
front only
else
else
front: 0, 0, 2.5
side: 0, 0, 0
front only
else
else
else
front: 0, 0.326998, 2.5
back: 0, 0.980993, 7.5
front back
photon_ene: 661.6 photon_theta: 2.92608 photon_phi: 5.64281
traject_len: 5.04259
pe_len: 2.14481 cs_len: 4.81257
---
else
else
front: 0, 0.25828, 2.5
side: 0, 0, 0
front only
else
else
else
else
else
else
else
else
else
else
else
else
front: 1.54654, 1.11336, 2.5
side: 0, 0, 0
front only
front: 0.163163, 2.03305, 2.5
side: 0, 0, 0
front only
else
else
front: 1.75079, 0, 2.5
side: 0, 0, 0
front only
front: 0, 0.0766931, 2.5
side: 0, 0, 0
front only
else
else
else
front: 0, 0.667034, 2.5
back: 0, 2.0011, 7.5
front back
photon_ene: 661.6 photon_theta: 2.87326 photon_phi: 4.9565
traject_len: 5.17491
pe_len: 3.13127 cs_len: 6.03012
---
else
else
else
else
else
else
else
else
else
else
else
else
else
else
front: 0.521247, 0, 2.5
side: 0, 0, 0
front only
front: 0, 0.0572269, 2.5
side: 0, 0, 0
front only
else
else
else
else
else
else
front: 0, 0, 2.5
side: 0, 0, 0
front only
else
else
front: 1.05536, 1.83729, 2.5
side: 0, 0, 0
front only
front: 0, 0, 2.5
side: 0, 0, 0
front only
else
else
front: 1.91448, 0, 2.5
side: 0, 0, 0
front only
else
else
else
else
else
front: 0.141566, 0, 2.5
side: 0, 0, 0
front only
else
else
else
else
else
else
front: 0, 1.54573, 2.5
side: 0, 0, 0
front only
else
front: 1.18205, 1.02691, 2.5
side: 0, 0, 0
front only
front: 0.833525, 0.251241, 2.5
side: 0, 0, 0
front only
else
front: 0.982441, 0, 2.5
side: 0, 0, 0
front only
front: 0, 0, 2.5
side: 0, 0, 0
front only
else
else
front: 0.125352, 0.504884, 2.5
back: 0.376056, 1.51465, 7.5
front back
photon_ene: 661.6 photon_theta: 0.205158 photon_phi: 1.32744
traject_len: 5.1071
pe_len: 14.2682 cs_len: 7.73626
---
front: 0, 0.118981, 2.5
back: 0, 0.356942, 7.5
front back
photon_ene: 661.6 photon_theta: 0.268782 photon_phi: 2.96794
traject_len: 5.00566
pe_len: 20.084 cs_len: 1.11547
---
else
front: 0.370024, 1.11103, 2.5
side: 0, 0, 0
front only
else
else
else
front: 0, 0.744767, 2.5
side: 0, 0, 0
front only
else
else
else
else
front: 1.03916, 1.83867, 2.5
side: 0, 0, 0
front only
else
else
front: 0.883565, 0.218995, 2.5
side: 0, 0, 0
front only
front: 0, 0.816688, 2.5
side: 0, 0, 0
front only
front: 1.41245, 0.61172, 2.5
side: 0, 0, 0
front only
else
else
else
else
else
front: 0.92463, 1.36839, 2.5
side: 0, 0, 0
front only
front: 0.472157, 1.27572, 2.5
side: 0, 0, 0
front only
else
else
else
else
front: 2.08458, 0, 2.5
side: 0, 0, 0
front only
else
else
front: 0, 0.163505, 2.5
side: 0, 0, 0
front only
else
else
else
else
else
else
else
else
front: 0, 0, 2.5
side: 0, 0, 0
front only
else
front: 0.16109, 0.419005, 2.5
back: 0.48327, 1.25702, 7.5
front back
photon_ene: 661.6 photon_theta: 0.177669 photon_phi: 1.20376
traject_len: 5.07997
pe_len: 7.64801 cs_len: 2.47987
---
else
else
else
front: 0, 0.901697, 2.5
side: 0, 0, 0
front only
front: 0.416937, 1.20443, 2.5
side: 0, 0, 0
front only
else
else
else
else
else
else
else
else
front: 0, 0, 2.5
side: 0, 0, 0
front only
else
else
else
else
front: 2.0258, 0.322545, 2.5
side: 0, 0, 0
front only
else
else
else
else
front: 0, 0, 2.5
side: 0, 0, 0
front only
else
else
front: 1.50974, 0, 2.5
side: 0, 0, 0
front only
else
front: 0, 0.658063, 2.5
side: 0, 0, 0
front only
else
front: 0, 1.03825, 2.5
side: 0, 0, 0
front only
else
else
else
front: 0.36968, 0.0160016, 2.5
back: 1.10904, 0.0480047, 7.5
front back
photon_ene: 661.6 photon_theta: 0.146944 photon_phi: 0.0432579
traject_len: 5.05447
pe_len: 69.7599 cs_len: 3.47165
---
else
else
else
front: 0, 1.94659, 2.5
side: 0, 0, 0
front only
else
else
front: 1.44809, 0, 2.5
side: 0, 0, 0
front only
front: 0.757151, 1.06685, 2.5
side: 0, 0, 0
front only
else
else
else
else
else
front: 0, 2.15125, 2.5
side: 0, 0, 0
front only
else
else
else
else
else
else
else
else
else
front: 0, 0.860678, 2.5
side: 0, 0, 0
front only
else
front: 0.10949, 0.141775, 2.5
back: 0.328469, 0.425325, 7.5
front back
photon_ene: 661.6 photon_theta: 3.07006 photon_phi: 4.05478
traject_len: 5.01282
pe_len: 14.6045 cs_len: 0.739654
---
else
else
front: 0, 0, 2.5
side: 0, 0, 0
front only
else
else
else
front: 0, 0.121987, 2.5
back: 0, 0.365961, 7.5
front back
photon_ene: 661.6 photon_theta: 0.069456 photon_phi: 2.36423
traject_len: 5.00595
pe_len: 48.0611 cs_len: 8.46214
---
else
front: 0, 0, 2.5
side: 0, 0, 0
front only
else
else
else
front: 0, 0.360156, 2.5
back: 0, 1.08047, 7.5
front back
photon_ene: 661.6 photon_theta: 2.93499 photon_phi: 5.52538
traject_len: 5.05162
pe_len: 17.2777 cs_len: 5.00317
---
else
else
else
else
front: 0, 0, 2.5
side: 0, 0, 0
front only
else
else
front: 0.134417, 0.880028, 2.5
side: 0, 0, 0
front only
else
else
else
front: 0, 0.845868, 2.5
side: 0, 0, 0
front only
else
front: 0, 0.258881, 2.5
back: 0, 0.776644, 7.5
front back
photon_ene: 661.6 photon_theta: 2.91919 photon_phi: 5.80755
traject_len: 5.02674
pe_len: 13.2688 cs_len: 10.5859
---
else
else
front: 0, 1.08433, 2.5
side: 0, 0, 0
front only
else
front: 0, 0, 2.5
side: 0, 0, 0
front only
else
else
else
else
else
else
else
front: 0.406652, 0.924995, 2.5
side: 0, 0, 0
front only
else
else
front: 1.04557, 0, 2.5
side: 0, 0, 0
front only
else
else
front: 0, 0.0123398, 2.5
side: 0, 0, 0
front only
else
else
else
else
front: 0, 1.96899, 2.5
side: 0, 0, 0
front only
else
else
else
else
else
else
front: 0.00716344, 0.41591, 2.5
back: 0.0214903, 1.24773, 7.5
front back
photon_ene: 661.6 photon_theta: 0.164878 photon_phi: 1.55357
traject_len: 5.06874
pe_len: 2.13244 cs_len: 7.06672
---
else
else
else
else
else
else
else
else
else
else
front: 0, 0, 2.5
side: 0, 0, 0
front only
front: 1.23975, 1.3594, 2.5
side: 0, 0, 0
front only
else
else
front: 1.06397, 1.51785, 2.5
side: 0, 0, 0
front only
front: 0, 0, 2.5
side: 0, 0, 0
front only
front: 0.27968, 0, 2.5
side: 0, 0, 0
front only
front: 0.626809, 0.227406, 2.5
back: 1.88043, 0.682217, 7.5
front back
photon_ene: 661.6 photon_theta: 2.88095 photon_phi: 3.48962
traject_len: 5.17479
pe_len: 12.3578 cs_len: 7.60679
---
else
else
else
else
else
else
else
else
front: 0, 1.44915, 2.5
side: 0, 0, 0
front only
front: 0, 0, 2.5
side: 0, 0, 0
front only
else
else
else
else
else
front: 1.31694, 0.040604, 2.5
side: 0, 0, 0
front only
else
else
else
else
else
else
front: 0, 0, 2.5
side: 0, 0, 0
front only
else
else
front: 0.558842, 0.460549, 2.5
back: 1.67653, 1.38165, 7.5
front back
photon_ene: 661.6 photon_theta: 2.85964 photon_phi: 3.83086
traject_len: 5.20554
pe_len: 26.5618 cs_len: 9.22019
---
else
front: 0.516495, 0, 2.5
side: 0, 0, 0
front only
front: 0, 1.73104, 2.5
side: 0, 0, 0
front only
else
else
front: 0.0246238, 2.32055, 2.5
side: 0, 0, 0
front only
else
front: 0, 0.725397, 2.5
side: 0, 0, 0
front only
else
else
else
front: 0, 0, 2.5
side: 0, 0, 0
front only
else
else
else
front: 0.208768, 0.935282, 2.5
side: 0, 0, 0
front only
front: 0.255902, 0, 2.5
side: 0, 0, 0
front only
else
front: 1.36559, 0.0225817, 2.5
side: 0, 0, 0
front only
else
else
front: 0, 0.700652, 2.5
side: 0, 0, 0
front only
else
front: 1.23379, 0.584856, 2.5
side: 0, 0, 0
front only
else
else
else
else
else
front: 0, 0.619809, 2.5
side: 0, 0, 0
front only
front: 0, 0, 2.5
side: 0, 0, 0
front only
else
else
else
front: 0, 0.517718, 2.5
back: 0, 1.55315, 7.5
front back
photon_ene: 661.6 photon_theta: 0.240617 photon_phi: 2.13694
traject_len: 5.10609
pe_len: 113.599 cs_len: 0.730349
---
else
front: 1.0619, 0.759619, 2.5
side: 0, 0, 0
front only
else
else
else
else
else
front: 0.3102, 0, 2.5
side: 0, 0, 0
front only
else
else
else
else
else
else
else
front: 0, 0, 2.5
back: 0, 0, 7.5
front back
photon_ene: 661.6 photon_theta: 2.96945 photon_phi: 0.21122
traject_len: 5
pe_len: 33.0541 cs_len: 4.86673
---
else
else
else
else
front: 0, 0.979092, 2.5
side: 0, 0, 0
front only
else
else
front: 0, 0, 2.5
side: 0, 0, 0
front only
front: 0, 0.184229, 2.5
back: 0, 0.552688, 7.5
front back
photon_ene: 661.6 photon_theta: 2.94749 photon_phi: 5.89892
traject_len: 5.01356
pe_len: 4.9516 cs_len: 4.44929
---
else
else
front: 0, 0, 2.5
side: 0, 0, 0
front only
else
else
else
else
else
else
else
else
else
front: 0, 0.523263, 2.5
back: 0, 1.56979, 7.5
front back
photon_ene: 661.6 photon_theta: 0.206576 photon_phi: 1.62064
traject_len: 5.10835
pe_len: 83.2222 cs_len: 4.53066
---
front: 2.3868, 0, 2.5
side: 0, 0, 0
front only
else
else
else
else
else
else
else
front: 1.49355, 0, 2.5
side: 0, 0, 0
front only
else
else
else
else
else
front: 0, 0, 2.5
side: 0, 0, 0
front only
else
front: 2.1572, 0, 2.5
side: 0, 0, 0
front only
else
front: 0, 0.384815, 2.5
back: 0, 1.15445, 7.5
front back
photon_ene: 661.6 photon_theta: 0.276122 photon_phi: 2.56733
traject_len: 5.05889
pe_len: 56.8132 cs_len: 5.98873
---
else
front: 0, 0, 2.5
side: 0, 0, 0
front only
else
front: 0, 0, 2.5
side: 0, 0, 0
front only
else
else
front: 0, 0.286865, 2.5
side: 0, 0, 0
front only
else
else
front: 0, 0, 2.5
side: 0, 0, 0
front only
front: 0.0478469, 0, 2.5
back: 0.143541, 0, 7.5
front back
photon_ene: 661.6 photon_theta: 3.0311 photon_phi: 1.74418
traject_len: 5.00092
pe_len: 8.47964 cs_len: 4.42539
---
else
else
else
front: 0.105805, 0, 2.5
side: 0, 0, 0
front only
else
else
else
front: 0, 0.305521, 2.5
side: 0, 0, 0
front only
else
else
else
else
else
else
else
front: 0.515373, 2.02944, 2.5
side: 0, 0, 0
front only
else
front: 1.74747, 1.14715, 2.5
side: 0, 0, 0
front only
else
else
else
front: 1.85936, 0.534384, 2.5
side: 0, 0, 0
front only
else
else
else
front: 0.244921, 0, 2.5
side: 0, 0, 0
front only
else
else
else
else
else
else
else
else
front: 0, 0, 2.5
side: 0, 0, 0
front only
else
front: 0, 0, 2.5
side: 0, 0, 0
front only
else
else
else
else
else
front: 0.284766, 0, 2.5
side: 0, 0, 0
front only
else
else
front: 0.496252, 0.905613, 2.5
side: 0, 0, 0
front only
front: 0, 1.68775, 2.5
side: 0, 0, 0
front only
else
else
else
else
front: 0, 0, 2.5
side: 0, 0, 0
front only
else
else
front: 2.26325, 0, 2.5
side: 0, 0, 0
front only
front: 0, 0, 2.5
side: 0, 0, 0
front only
else
front: 0.549642, 0, 2.5
side: 0, 0, 0
front only
else
else
front: 0, 0, 2.5
side: 0, 0, 0
front only
front: 1.60173, 0, 2.5
side: 0, 0, 0
front only
else
else
front: 0.897035, 0, 2.5
side: 0, 0, 0
front only
else
else
else
else
else
else
else
else
else
front: 0, 0, 2.5
side: 0, 0, 0
front only
front: 0.326034, 0, 2.5
side: 0, 0, 0
front only
front: 0.149937, 0, 2.5
back: 0.449811, 0, 7.5
front back
photon_ene: 661.6 photon_theta: 3.00156 photon_phi: 2.0103
traject_len: 5.00898
pe_len: 6.17803 cs_len: 2.28945
---
else
front: 1.25328, 1.35426, 2.5
side: 0, 0, 0
front only
else
front: 0.860108, 1.41376, 2.5
side: 0, 0, 0
front only
else
front: 0.506321, 1.99424, 2.5
side: 0, 0, 0
front only
else
else
else
else
else
front: 1.40349, 0, 2.5
side: 0, 0, 0
front only
else
else
front: 0.701736, 0.438707, 2.5
back: 2.10521, 1.31612, 7.5
front back
photon_ene: 661.6 photon_theta: 0.31968 photon_phi: 0.558725
traject_len: 5.26684
pe_len: 6.74245 cs_len: 0.111048
---
front: 1.83414, 0.404316, 2.5
side: 0, 0, 0
front only
front: 0, 0.00565972, 2.5
back: 0, 0.0169792, 7.5
front back
photon_ene: 661.6 photon_theta: 3.09527 photon_phi: 6.23433
traject_len: 5.00001
pe_len: 5.40473 cs_len: 3.50497
---
else
else
else
else
else
else
else
front: 0.157882, 0.604198, 2.5
back: 0.473645, 1.81259, 7.5
front back
photon_ene: 661.6 photon_theta: 2.89681 photon_phi: 4.4568
traject_len: 5.15363
pe_len: 41.7534 cs_len: 0.865093
---
else
front: 0.530802, 0, 2.5
side: 0, 0, 0
front only
else
front: 0, 0, 2.5
side: 0, 0, 0
front only
else
else
else
else
front: 0, 0.373924, 2.5
back: 0, 1.12177, 7.5
front back
photon_ene: 661.6 photon_theta: 2.97216 photon_phi: 5.21917
traject_len: 5.05562
pe_len: 13.2901 cs_len: 0.618982
---
else
front: 0, 0, 2.5
side: 0, 0, 0
front only
else
else
front: 0.670596, 0, 2.5
back: 2.01179, 0, 7.5
front back
photon_ene: 661.6 photon_theta: 2.83065 photon_phi: 2.55834
traject_len: 5.17676
pe_len: 92.1218 cs_len: 5.11382
---
else
else
else
front: 0.961327, 0, 2.5
side: 0, 0, 0
front only
front: 1.98505, 0, 2.5
side: 0, 0, 0
front only
front: 0.50561, 0, 2.5
back: 1.51683, 0, 7.5
front back
photon_ene: 661.6 photon_theta: 0.216759 photon_phi: 5.87635
traject_len: 5.10123
pe_len: 15.9709 cs_len: 3.02969
---
else
front: 0.516342, 0, 2.5
side: 0, 0, 0
front only
front: 1.4353, 0.315419, 2.5
side: 0, 0, 0
front only
else
else
else
else
front: 0.533285, 2.27273, 2.5
side: 0, 0, 0
front only
else
else
else
front: 0, 0, 2.5
back: 0, 0, 7.5
front back
photon_ene: 661.6 photon_theta: 2.8776 photon_phi: 0.429145
traject_len: 5
pe_len: 49.6713 cs_len: 2.99912
---
else
else
front: 0.639952, 0.489169, 2.5
back: 1.91986, 1.46751, 7.5
front back
photon_ene: 661.6 photon_theta: 2.8299 photon_phi: 3.79424
traject_len: 5.25312
pe_len: 59.0931 cs_len: 3.24347
---
else
front: 0, 1.08598, 2.5
side: 0, 0, 0
front only
else
else
front: 0.865483, 1.41538, 2.5
side: 0, 0, 0
front only
else
front: 1.81903, 0, 2.5
side: 0, 0, 0
front only
else
front: 0, 1.25739, 2.5
side: 0, 0, 0
front only
else
else
front: 1.46166, 0.924993, 2.5
side: 0, 0, 0
front only
else
else
front: 0, 0, 2.5
side: 0, 0, 0
front only
else
else
else
else
front: 0.700868, 1.86464, 2.5
side: 0, 0, 0
front only
front: 0, 0, 2.5
back: 0, 0, 7.5
front back
photon_ene: 661.6 photon_theta: 0.172872 photon_phi: 3.79099
traject_len: 5
pe_len: 2.23756 cs_len: 6.96954
---
else
front: 0, 0.485035, 2.5
back: 0, 1.4551, 7.5
front back
photon_ene: 661.6 photon_theta: 2.84274 photon_phi: 5.60194
traject_len: 5.09323
pe_len: 19.0577 cs_len: 1.92494
---
front: 0, 0.886053, 2.5
side: 0, 0, 0
front only
else
front: 0, 0, 2.5
side: 0, 0, 0
front only
else
else
front: 1.19654, 1.143, 2.5
side: 0, 0, 0
front only
else
front: 0, 1.56399, 2.5
side: 0, 0, 0
front only
front: 1.37383, 0, 2.5
side: 0, 0, 0
front only
front: 0, 0.40942, 2.5
side: 0, 0, 0
front only
else
else
front: 0, 0, 2.5
side: 0, 0, 0
front only
front: 0, 0, 2.5
side: 0, 0, 0
front only
else
else
else
else
else
else
front: 0.180398, 2.11299, 2.5
side: 0, 0, 0
front only
else
else
front: 0, 0, 2.5
side: 0, 0, 0
front only
else
front: 0, 0.991584, 2.5
side: 0, 0, 0
front only
front: 0.939421, 0, 2.5
side: 0, 0, 0
front only
else
else
else
else
front: 0.283925, 1.23466, 2.5
side: 0, 0, 0
front only
front: 0, 0, 2.5
side: 0, 0, 0
front only
front: 0.502578, 0.25625, 2.5
back: 1.50773, 0.768749, 7.5
front back
photon_ene: 661.6 photon_theta: 0.221937 photon_phi: 0.471513
traject_len: 5.12572
pe_len: 96.9905 cs_len: 2.77132
---
else
else
else
front: 0.891071, 0.686772, 2.5
side: 0, 0, 0
front only
else
front: 0.21316, 0, 2.5
back: 0.639479, 0, 7.5
front back
photon_ene: 661.6 photon_theta: 0.119871 photon_phi: 5.49889
traject_len: 5.01814
pe_len: 70.4628 cs_len: 2.37214
---
else
front: 0.736124, 1.79712, 2.5
side: 0, 0, 0
front only
else
else
else
else
else
else
else
else
else
else
else
else
else
else
else
else
else
front: 0.457629, 0, 2.5
back: 1.37289, 0, 7.5
front back
photon_ene: 661.6 photon_theta: 2.95894 photon_phi: 3.00734
traject_len: 5.08308
pe_len: 40.4085 cs_len: 1.26881
---
else
else
else
front: 0, 0, 2.5
side: 0, 0, 0
front only
else
front: 2.22335, 0, 2.5
side: 0, 0, 0
front only
else
front: 0, 0, 2.5
side: 0, 0, 0
front only
else
else
else
front: 0, 1.13305, 2.5
side: 0, 0, 0
front only
front: 0, 0, 2.5
back: 0, 0, 7.5
front back
photon_ene: 661.6 photon_theta: 2.83157 photon_phi: 1.05058
traject_len: 5
pe_len: 41.8181 cs_len: 4.01728
---
else
else
else
else
front: 0, 0, 2.5
side: 0, 0, 0
front only
else
front: 0, 1.32949, 2.5
side: 0, 0, 0
front only
front: 0.0249396, 0, 2.5
side: 0, 0, 0
front only
else
front: 0, 0.167238, 2.5
back: 0, 0.501714, 7.5
front back
photon_ene: 661.6 photon_theta: 0.294129 photon_phi: 2.91892
traject_len: 5.01117
pe_len: 17.3958 cs_len: 1.78042
---
else
else
else
else
else
else
else
front: 0, 0, 2.5
side: 0, 0, 0
front only
else
else
else
front: 0.093865, 0, 2.5
side: 0, 0, 0
front only
front: 0, 0, 2.5
side: 0, 0, 0
front only
else
else
else
else
else
else
front: 1.36354, 0.386213, 2.5
side: 0, 0, 0
front only
else
else
else
else
front: 0, 1.84696, 2.5
side: 0, 0, 0
front only
front: 0.834832, 0, 2.5
side: 0, 0, 0
front only
else
else
front: 1.62391, 1.67857, 2.5
side: 0, 0, 0
front only
front: 0.940281, 0, 2.5
side: 0, 0, 0
front only
else
else
else
front: 0, 0.406087, 2.5
back: 0, 1.21826, 7.5
front back
photon_ene: 661.6 photon_theta: 2.90511 photon_phi: 5.54353
traject_len: 5.06553
pe_len: 14.0283 cs_len: 0.8097
---
else
else
else
front: 0.94019, 0, 2.5
side: 0, 0, 0
front only
else
else
else
else
else
else
else
else
else
else
else
else
else
else
else
else
else
else
front: 2.24189, 0.61927, 2.5
side: 0, 0, 0
front only
else
else
else
else
else
front: 0, 0.389169, 2.5
side: 0, 0, 0
front only
front: 0, 2.41792, 2.5
side: 0, 0, 0
front only
else
front: 0, 0, 2.5
side: 0, 0, 0
front only
else
front: 0, 0.331077, 2.5
back: 0, 0.993231, 7.5
front back
photon_ene: 661.6 photon_theta: 0.140943 photon_phi: 1.93788
traject_len: 5.04365
pe_len: 21.1493 cs_len: 9.79459
---
else
front: 0.529802, 1.23423, 2.5
side: 0, 0, 0
front only
front: 0, 0, 2.5
side: 0, 0, 0
front only
else
else
else
else
front: 1.75057, 0, 2.5
side: 0, 0, 0
front only
front: 0, 0.066833, 2.5
back: 0, 0.200499, 7.5
front back
photon_ene: 661.6 photon_theta: 0.0996833 photon_phi: 2.87101
traject_len: 5.00179
pe_len: 28.7365 cs_len: 2.08242
---
else
front: 1.84628, 0, 2.5
side: 0, 0, 0
front only
front: 0, 0, 2.5
side: 0, 0, 0
front only
else
else
else
else
front: 0, 0, 2.5
back: 0, 0, 7.5
front back
photon_ene: 661.6 photon_theta: 2.89349 photon_phi: 0.595319
traject_len: 5
pe_len: 51.9715 cs_len: 1.46193
---
else
front: 0.834058, 0.194548, 2.5
side: 0, 0, 0
front only
else
else
front: 0.805217, 0, 2.5
side: 0, 0, 0
front only
else
else
else
else
front: 1.26166, 0, 2.5
side: 0, 0, 0
front only
front: 0, 0, 2.5
side: 0, 0, 0
front only
front: 1.50684, 0, 2.5
side: 0, 0, 0
front only
else
else
else
else
else
else
front: 0.976803, 1.51057, 2.5
side: 0, 0, 0
front only
front: 0.31784, 1.50356, 2.5
side: 0, 0, 0
front only
front: 1.87225, 0, 2.5
side: 0, 0, 0
front only
else
else
front: 0, 0.856099, 2.5
side: 0, 0, 0
front only
else
else
else
front: 0, 1.48628, 2.5
side: 0, 0, 0
front only
else
front: 0.54212, 0, 2.5
back: 1.62636, 0, 7.5
front back
photon_ene: 661.6 photon_theta: 0.261657 photon_phi: 5.65611
traject_len: 5.11621
pe_len: 33.6934 cs_len: 1.35119
---
front: 2.38826, 0.393613, 2.5
side: 0, 0, 0
front only
else
front: 1.85923, 0, 2.5
side: 0, 0, 0
front only
else
else
else
else
else
else
else
front: 0, 0.10978, 2.5
back: 0, 0.32934, 7.5
front back
photon_ene: 661.6 photon_theta: 0.303042 photon_phi: 3.00069
traject_len: 5.00482
pe_len: 13.4986 cs_len: 17.1415
---
else
else
else
else
else
else
else
front: 2.45585, 0.388381, 2.5
side: 0, 0, 0
front only
else
front: 2.07453, 0, 2.5
side: 0, 0, 0
front only
else
else
front: 0.181471, 1.68951, 2.5
side: 0, 0, 0
front only
else
else
else
else
front: 1.14919, 0.806276, 2.5
side: 0, 0, 0
front only
else
else
else
else
else
front: 1.01251, 0, 2.5
side: 0, 0, 0
front only
else
front: 0, 1.10816, 2.5
side: 0, 0, 0
front only
front: 0.46336, 0, 2.5
back: 1.39008, 0, 7.5
front back
photon_ene: 661.6 photon_theta: 2.87365 photon_phi: 2.31188
traject_len: 5.08516
pe_len: 7.68081 cs_len: 4.53129
---
else
else
else
front: 1.4165, 1.45168, 2.5
side: 0, 0, 0
front only
else
else
front: 1.16405, 1.11882, 2.5
side: 0, 0, 0
front only
else
else
front: 0.208038, 0, 2.5
back: 0.624113, 0, 7.5
front back
photon_ene: 661.6 photon_theta: 0.276051 photon_phi: 5.01054
traject_len: 5.01728
pe_len: 43.1657 cs_len: 14.2794
---
else
else
else
else
else
else
else
else
else
else
front: 0.491021, 0, 2.5
side: 0, 0, 0
front only
else
else
else
else
front: 0.694174, 0, 2.5
side: 0, 0, 0
front only
else
else
else
else
else
front: 0, 0, 2.5
side: 0, 0, 0
front only
else
else
else
else
front: 1.66672, 0, 2.5
side: 0, 0, 0
front only
else
else
else
front: 0.311044, 0, 2.5
side: 0, 0, 0
front only
else
else
front: 0.661273, 0, 2.5
side: 0, 0, 0
front only
else
else
front: 1.10116, 0, 2.5
side: 0, 0, 0
front only
front: 0, 2.16908, 2.5
side: 0, 0, 0
front only
front: 2.05564, 0, 2.5
side: 0, 0, 0
front only
else
else
front: 0, 0.904564, 2.5
side: 0, 0, 0
front only
front: 0, 0.498076, 2.5
side: 0, 0, 0
front only
else
front: 0.886965, 0, 2.5
side: 0, 0, 0
front only
front: 1.4097, 0.297084, 2.5
side: 0, 0, 0
front only
else
front: 1.91933, 1.185, 2.5
side: 0, 0, 0
front only
else
front: 0.740208, 0, 2.5
side: 0, 0, 0
front only
else
front: 1.45637, 1.12748, 2.5
side: 0, 0, 0
front only
else
else
else
else
else
else
else
front: 0, 1.46656, 2.5
side: 0, 0, 0
front only
else
else
front: 2.30969, 0.627156, 2.5
side: 0, 0, 0
front only
front: 0, 0, 2.5
side: 0, 0, 0
front only
else
else
else
front: 0.765519, 0, 2.5
side: 0, 0, 0
front only
else
front: 0.286795, 0.5584, 2.5
back: 0.860385, 1.6752, 7.5
front back
photon_ene: 661.6 photon_theta: 0.246011 photon_phi: 1.09633
traject_len: 5.15522
pe_len: 40.014 cs_len: 9.13997
---
else
else
else
else
front: 2.16209, 0, 2.5
side: 0, 0, 0
front only
else
else
else
else
else
else
else
front: 1.83825, 0, 2.5
side: 0, 0, 0
front only
else
front: 1.36114, 0, 2.5
side: 0, 0, 0
front only
else
front: 0, 1.02463, 2.5
side: 0, 0, 0
front only
else
front: 0.343709, 1.70122, 2.5
side: 0, 0, 0
front only
else
else
else
else
front: 0, 0, 2.5
side: 0, 0, 0
front only
else
else
else
else
else
else
front: 0, 0.0228123, 2.5
back: 0, 0.068437, 7.5
front back
photon_ene: 661.6 photon_theta: 0.193693 photon_phi: 3.09506
traject_len: 5.00021
pe_len: 19.6189 cs_len: 4.94673
---
else
else
else
front: 2.23823, 0.114696, 2.5
side: 0, 0, 0
front only
else
else
front: 0.859601, 1.49097, 2.5
side: 0, 0, 0
front only
else
front: 0, 0, 2.5
back: 0, 0, 7.5
front back
photon_ene: 661.6 photon_theta: 0.231373 photon_phi: 3.77277
traject_len: 5
pe_len: 24.8317 cs_len: 6.9574
---
else
else
else
else
else
front: 0, 0.022579, 2.5
side: 0, 0, 0
front only
else
else
else
else
else
else
front: 0.106915, 0, 2.5
side: 0, 0, 0
front only
front: 0, 1.54904, 2.5
side: 0, 0, 0
front only
front: 0.159579, 0, 2.5
back: 0.478736, 0, 7.5
front back
photon_ene: 661.6 photon_theta: 0.113069 photon_phi: 5.30934
traject_len: 5.01018
pe_len: 1.09881 cs_len: 4.20291
---
else
else
else
else
else
else
else
else
else
front: 0.959182, 0, 2.5
side: 0, 0, 0
front only
front: 0, 1.18304, 2.5
side: 0, 0, 0
front only
else
else
front: 1.27707, 0.420347, 2.5
side: 0, 0, 0
front only
else
front: 0.346166, 0, 2.5
back: 1.0385, 0, 7.5
front back
photon_ene: 661.6 photon_theta: 0.164977 photon_phi: 5.69451
traject_len: 5.0477
pe_len: 67.1015 cs_len: 4.15064
---
front: 0.0274504, 0, 2.5
back: 0.0823511, 0, 7.5
front back
photon_ene: 661.6 photon_theta: 2.86236 photon_phi: 1.6091
traject_len: 5.0003
pe_len: 14.4205 cs_len: 10.5396
---
else
else
else
else
else
else
else
else
front: 0, 1.11685, 2.5
side: 0, 0, 0
front only
front: 0.267712, 0.0412813, 2.5
back: 0.803137, 0.123844, 7.5
front back
photon_ene: 661.6 photon_theta: 0.10793 photon_phi: 0.152995
traject_len: 5.02926
pe_len: 50.7986 cs_len: 3.39641
---
else
else
front: 1.86641, 1.24309, 2.5
side: 0, 0, 0
front only
else
front: 0.948376, 1.77488, 2.5
side: 0, 0, 0
front only
else
else
front: 0.393328, 0, 2.5
side: 0, 0, 0
front only
else
front: 0, 0, 2.5
side: 0, 0, 0
front only
else
front: 0, 0, 2.5
side: 0, 0, 0
front only
front: 1.31801, 0.649531, 2.5
side: 0, 0, 0
front only
else
else
else
else
else
else
else
else
else
else
else
front: 0, 2.1778, 2.5
side: 0, 0, 0
front only
front: 0, 1.16602, 2.5
side: 0, 0, 0
front only
else
else
front: 0.127315, 0, 2.5
side: 0, 0, 0
front only
else
else
else
else
else
else
else
else
else
else
front: 0, 0.206797, 2.5
side: 0, 0, 0
front only
else
front: 0, 0, 2.5
side: 0, 0, 0
front only
front: 0.163199, 0.552324, 2.5
back: 0.489598, 1.65697, 7.5
front back
photon_ene: 661.6 photon_theta: 2.91517 photon_phi: 4.42509
traject_len: 5.13096
pe_len: 5.27774 cs_len: 17.0029
---
front: 0.528222, 0, 2.5
side: 0, 0, 0
front only
else
else
else
front: 0, 0, 2.5
side: 0, 0, 0
front only
front: 1.51014, 1.91247, 2.5
side: 0, 0, 0
front only
else
else
else
front: 0, 0.406552, 2.5
side: 0, 0, 0
front only
else
front: 0, 1.13316, 2.5
side: 0, 0, 0
front only
else
else
front: 0, 0.756576, 2.5
side: 0, 0, 0
front only
else
front: 0, 0, 2.5
side: 0, 0, 0
front only
else
else
else
else
else
else
else
front: 0, 0, 2.5
side: 0, 0, 0
front only
front: 0, 0, 2.5
back: 0, 0, 7.5
front back
photon_ene: 661.6 photon_theta: 2.85341 photon_phi: 1.4012
traject_len: 5
pe_len: 39.6243 cs_len: 2.80691
---
else
front: 0, 1.70517, 2.5
side: 0, 0, 0
front only
front: 1.23218, 1.16741, 2.5
side: 0, 0, 0
front only
else
else
front: 0, 1.20188, 2.5
side: 0, 0, 0
front only
else
else
else
front: 1.14888, 2.02443, 2.5
side: 0, 0, 0
front only
else
front: 1.84248, 1.27018, 2.5
side: 0, 0, 0
front only
front: 1.24651, 1.53189, 2.5
side: 0, 0, 0
front only
else
else
else
else
else
front: 0.521013, 0.173726, 2.5
back: 1.56304, 0.521177, 7.5
front back
photon_ene: 661.6 photon_theta: 0.21625 photon_phi: 0.321845
traject_len: 5.11923
pe_len: 0.586924 cs_len: 6.17698
---
front: 0, 0, 2.5
side: 0, 0, 0
front only
else
else
else
else
front: 1.96766, 0, 2.5
side: 0, 0, 0
front only
front: 0.466145, 1.50567, 2.5
side: 0, 0, 0
front only
else
else
else
else
front: 0, 0, 2.5
side: 0, 0, 0
front only
else
else
else
else
else
else
front: 0, 0, 2.5
back: 0, 0, 7.5
front back
photon_ene: 661.6 photon_theta: 0.0285916 photon_phi: 4.03436
traject_len: 5
pe_len: 54.519 cs_len: 1.38062
---
else
else
else
else
else
else
front: 1.74093, 1.04309, 2.5
side: 0, 0, 0
front only
front: 0.834309, 0, 2.5
side: 0, 0, 0
front only
else
else
else
else
else
else
else
else
else
else
else
else
front: 0.152361, 0.039725, 2.5
back: 0.457082, 0.119175, 7.5
front back
photon_ene: 661.6 photon_theta: 0.0628987 photon_phi: 0.255051
traject_len: 5.00991
pe_len: 54.902 cs_len: 6.31569
---
front: 0, 0, 2.5
back: 0, 0, 7.5
front back
photon_ene: 661.6 photon_theta: 0.27365 photon_phi: 3.87945
traject_len: 5
pe_len: 0.97911 cs_len: 0.0698883
---
else
else
else
else
front: 1.70701, 0.864404, 2.5
side: 0, 0, 0
front only
else
front: 0, 2.16497, 2.5
side: 0, 0, 0
front only
else
else
else
else
else
else
else
else
else
front: 0, 0.266305, 2.5
back: 0, 0.798916, 7.5
front back
photon_ene: 661.6 photon_theta: 0.11448 photon_phi: 1.95681
traject_len: 5.02829
pe_len: 2.89655 cs_len: 13.4155
---
front: 0, 0.542671, 2.5
back: 0, 1.62801, 7.5
front back
photon_ene: 661.6 photon_theta: 0.27066 photon_phi: 2.24322
traject_len: 5.11644
pe_len: 27.4385 cs_len: 1.08211
---
else
else
else
front: 0, 0, 2.5
side: 0, 0, 0
front only
front: 0, 1.17671, 2.5
side: 0, 0, 0
front only
else
else
else
else
else
else
front: 0, 0, 2.5
back: 0, 0, 7.5
front back
photon_ene: 661.6 photon_theta: 2.84956 photon_phi: 0.337073
traject_len: 5
pe_len: 37.8275 cs_len: 3.6008
---
else
else
front: 0, 0, 2.5
side: 0, 0, 0
front only
front: 1.39213, 0, 2.5
side: 0, 0, 0
front only
front: 0, 0.432508, 2.5
side: 0, 0, 0
front only
else
else
else
front: 0, 0, 2.5
side: 0, 0, 0
front only
else
else
else
else
else
front: 0.877835, 0, 2.5
side: 0, 0, 0
front only
else
else
front: 0.0112735, 1.26863, 2.5
side: 0, 0, 0
front only
else
front: 0, 0.384128, 2.5
side: 0, 0, 0
front only
else
else
else
else
else
else
else
else
else
else
else
front: 0.720906, 2.19531, 2.5
side: 0, 0, 0
front only
front: 0.534557, 0, 2.5
back: 1.60367, 0, 7.5
front back
photon_ene: 661.6 photon_theta: 0.278522 photon_phi: 5.55706
traject_len: 5.11302
pe_len: 16.0653 cs_len: 9.56374
---
else
front: 0, 0.559799, 2.5
side: 0, 0, 0
front only
else
else
else
else
else
else
else
front: 1.43754, 0, 2.5
side: 0, 0, 0
front only
else
front: 0.966167, 0.383816, 2.5
side: 0, 0, 0
front only
else
front: 0, 0, 2.5
side: 0, 0, 0
front only
else
else
front: 0, 1.85942, 2.5
side: 0, 0, 0
front only
else
else
front: 1.14297, 0, 2.5
side: 0, 0, 0
front only
else
front: 0, 0, 2.5
side: 0, 0, 0
front only
else
else
front: 0, 0, 2.5
back: 0, 0, 7.5
front back
photon_ene: 661.6 photon_theta: 0.0918509 photon_phi: 3.94707
traject_len: 5
pe_len: 11.0224 cs_len: 1.84423
---
else
front: 0.33939, 0, 2.5
side: 0, 0, 0
front only
else
else
else
else
else
else
else
else
front: 0, 0.477766, 2.5
side: 0, 0, 0
front only
else
front: 0, 1.0234, 2.5
side: 0, 0, 0
front only
else
else
front: 0.861797, 0.468613, 2.5
side: 0, 0, 0
front only
front: 1.54117, 0.750367, 2.5
side: 0, 0, 0
front only
front: 0, 0.438853, 2.5
side: 0, 0, 0
front only
else
else
else
else
else
else
else
front: 1.83526, 0, 2.5
side: 0, 0, 0
front only
front: 0.58443, 0, 2.5
back: 1.75329, 0, 7.5
front back
photon_ene: 661.6 photon_theta: 0.234426 photon_phi: 6.07727
traject_len: 5.13481
pe_len: 27.3009 cs_len: 0.515487
---
else
front: 1.32243, 0.603214, 2.5
side: 0, 0, 0
front only
else
front: 0.0391689, 0, 2.5
back: 0.117507, 0, 7.5
front back
photon_ene: 661.6 photon_theta: 2.82018 photon_phi: 1.61787
traject_len: 5.00061
pe_len: 83.7603 cs_len: 2.64715
---
else
else
else
else
else
front: 0.695306, 1.8393, 2.5
side: 0, 0, 0
front only
else
else
else
front: 0, 0.344933, 2.5
side: 0, 0, 0
front only
front: 0, 1.02189, 2.5
side: 0, 0, 0
front only
else
else
else
else
else
front: 0, 0, 2.5
side: 0, 0, 0
front only
front: 0.51958, 0.28956, 2.5
back: 1.55874, 0.86868, 7.5
front back
photon_ene: 661.6 photon_theta: 2.90801 photon_phi: 3.65002
traject_len: 5.13958
pe_len: 11.7753 cs_len: 1.57649
---
front: 0, 0.616939, 2.5
side: 0, 0, 0
front only
front: 0, 0, 2.5
side: 0, 0, 0
front only
else
else
else
else
else
front: 0.117613, 0.264245, 2.5
back: 0.352838, 0.792736, 7.5
front back
photon_ene: 661.6 photon_theta: 3.02641 photon_phi: 4.29363
traject_len: 5.03335
pe_len: 9.44696 cs_len: 0.200598
---
else
else
else
else
front: 0.932391, 1.51938, 2.5
side: 0, 0, 0
front only
front: 0.861097, 0, 2.5
side: 0, 0, 0
front only
front: 1.6799, 0, 2.5
side: 0, 0, 0
front only
front: 0.338676, 0, 2.5
side: 0, 0, 0
front only
front: 1.3746, 0.323145, 2.5
side: 0, 0, 0
front only
else
front: 1.52063, 0, 2.5
side: 0, 0, 0
front only
else
front: 0, 0.050098, 2.5
side: 0, 0, 0
front only
else
front: 0, 1.13338, 2.5
side: 0, 0, 0
front only
front: 2.1983, 0.116747, 2.5
side: 0, 0, 0
front only
else
else
front: 0, 1.22215, 2.5
side: 0, 0, 0
front only
else
else
else
front: 0, 2.2429, 2.5
side: 0, 0, 0
front only
front: 0, 0.543275, 2.5
side: 0, 0, 0
front only
else
else
front: 0, 2.28074, 2.5
side: 0, 0, 0
front only
else
front: 1.30205, 0, 2.5
side: 0, 0, 0
front only
else
else
else
else
front: 0, 0, 2.5
back: 0, 0, 7.5
front back
photon_ene: 661.6 photon_theta: 2.92624 photon_phi: 1.14473
traject_len: 5
pe_len: 9.0667 cs_len: 2.70968
---
else
else
else
else
else
front: 0, 1.15286, 2.5
side: 0, 0, 0
front only
else
else
else
else
front: 0.457271, 0, 2.5
back: 1.37181, 0, 7.5
front back
photon_ene: 661.6 photon_theta: 2.95121 photon_phi: 2.82123
traject_len: 5.08295
pe_len: 24.7988 cs_len: 3.18853
---
else
else
else
front: 0, 0, 2.5
side: 0, 0, 0
front only
else
front: 0.748283, 0, 2.5
side: 0, 0, 0
front only
front: 0.413848, 0, 2.5
side: 0, 0, 0
front only
front: 0.181861, 0, 2.5
side: 0, 0, 0
front only
else
front: 1.66748, 0, 2.5
side: 0, 0, 0
front only
else
front: 1.58629, 0, 2.5
side: 0, 0, 0
front only
front: 0, 0, 2.5
side: 0, 0, 0
front only
front: 1.68005, 0.216206, 2.5
side: 0, 0, 0
front only
front: 1.15648, 0, 2.5
side: 0, 0, 0
front only
front: 0.368527, 1.43164, 2.5
side: 0, 0, 0
front only
else
front: 0, 0.653897, 2.5
side: 0, 0, 0
front only
front: 0, 0, 2.5
side: 0, 0, 0
front only
front: 0.832418, 0, 2.5
side: 0, 0, 0
front only
front: 0, 0, 2.5
side: 0, 0, 0
front only
front: 0, 0.488921, 2.5
side: 0, 0, 0
front only
else
else
else
front: 0, 0, 2.5
side: 0, 0, 0
front only
else
else
else
else
front: 1.09878, 0, 2.5
side: 0, 0, 0
front only
else
else
else
else
else
front: 0, 0, 2.5
back: 0, 0, 7.5
front back
photon_ene: 661.6 photon_theta: 3.06246 photon_phi: 1.10626
traject_len: 5
pe_len: 28.6868 cs_len: 4.24855
---
else
else
else
else
else
else
else
else
else
else
else
else
else
else
else
front: 0, 0, 2.5
side: 0, 0, 0
front only
front: 0, 0, 2.5
side: 0, 0, 0
front only
else
else
front: 0, 0, 2.5
side: 0, 0, 0
front only
else
else
else
else
else
else
else
else
else
else
front: 0.151026, 0, 2.5
side: 0, 0, 0
front only
else
else
front: 0, 0.602498, 2.5
side: 0, 0, 0
front only
else
else
else
else
front: 1.62581, 0.116848, 2.5
side: 0, 0, 0
front only
else
else
else
front: 0.867993, 0, 2.5
side: 0, 0, 0
front only
else
else
else
else
else
front: 1.45432, 0, 2.5
side: 0, 0, 0
front only
front: 0, 2.0266, 2.5
side: 0, 0, 0
front only
else
front: 1.16103, 0, 2.5
side: 0, 0, 0
front only
else
else
else
else
front: 0, 0, 2.5
side: 0, 0, 0
front only
else
else
front: 0.582566, 0.12348, 2.5
back: 1.7477, 0.37044, 7.5
front back
photon_ene: 661.6 photon_theta: 0.233846 photon_phi: 0.208868
traject_len: 5.1399
pe_len: 124.341 cs_len: 0.395565
---
front: 0, 0, 2.5
side: 0, 0, 0
front only
front: 0, 0, 2.5
side: 0, 0, 0
front only
front: 0.81359, 2.26668, 2.5
side: 0, 0, 0
front only
else
else
else
front: 1.77636, 1.0068, 2.5
side: 0, 0, 0
front only
front: 1.12143, 0, 2.5
side: 0, 0, 0
front only
else
front: 0, 0, 2.5
side: 0, 0, 0
front only
front: 1.77974, 0.926594, 2.5
side: 0, 0, 0
front only
front: 0, 0, 2.5
back: 0, 0, 7.5
front back
photon_ene: 661.6 photon_theta: 2.9748 photon_phi: 0.541477
traject_len: 5
pe_len: 50.4396 cs_len: 1.38273
---
front: 0.995187, 0.663546, 2.5
side: 0, 0, 0
front only
else
else
front: 0.143421, 0.78163, 2.5
back: 0.430263, 2.34489, 7.5
front back
photon_ene: 661.6 photon_theta: 0.307771 photon_phi: 1.38933
traject_len: 5.24653
pe_len: 36.9189 cs_len: 2.81139
---
else
else
else
front: 0, 0, 2.5
side: 0, 0, 0
front only
else
front: 1.06719, 0, 2.5
side: 0, 0, 0
front only
front: 1.26258, 0.0190271, 2.5
side: 0, 0, 0
front only
else
else
else
front: 0.397433, 0, 2.5
side: 0, 0, 0
front only
else
front: 0.838722, 0, 2.5
side: 0, 0, 0
front only
else
else
front: 0, 1.05987, 2.5
side: 0, 0, 0
front only
else
else
else
else
else
else
else
else
else
front: 0.42518, 1.74457, 2.5
side: 0, 0, 0
front only
else
else
else
else
else
else
else
front: 0.718021, 2.1143, 2.5
side: 0, 0, 0
front only
front: 0, 2.21307, 2.5
side: 0, 0, 0
front only
front: 2.47127, 0.268023, 2.5
side: 0, 0, 0
front only
else
front: 1.91934, 1.15273, 2.5
side: 0, 0, 0
front only
else
else
else
front: 1.91318, 1.13314, 2.5
side: 0, 0, 0
front only
else
else
else
else
else
else
else
else
front: 1.06624, 0.537989, 2.5
side: 0, 0, 0
front only
else
else
front: 0.791314, 1.35692, 2.5
side: 0, 0, 0
front only
front: 0.915625, 1.11192, 2.5
side: 0, 0, 0
front only
else
else
else
front: 0, 0.92855, 2.5
side: 0, 0, 0
front only
else
else
else
else
else
else
else
front: 0, 0, 2.5
side: 0, 0, 0
front only
else
front: 0.855497, 0, 2.5
side: 0, 0, 0
front only
front: 1.01865, 0, 2.5
side: 0, 0, 0
front only
else
front: 0.817145, 0, 2.5
side: 0, 0, 0
front only
else
else
else
else
front: 0.080003, 0, 2.5
side: 0, 0, 0
front only
else
else
else
front: 0, 2.02122, 2.5
side: 0, 0, 0
front only
else
else
else
else
else
front: 1.36103, 0, 2.5
side: 0, 0, 0
front only
front: 1.08299, 0, 2.5
side: 0, 0, 0
front only
front: 0, 0.379192, 2.5
back: 0, 1.13758, 7.5
front back
photon_ene: 661.6 photon_theta: 2.97565 photon_phi: 5.15031
traject_len: 5.05719
pe_len: 56.6214 cs_len: 2.85595
---
else
else
front: 0, 1.94382, 2.5
side: 0, 0, 0
front only
front: 1.31046, 0.607666, 2.5
side: 0, 0, 0
front only
front: 1.20062, 1.04802, 2.5
side: 0, 0, 0
front only
else
else
else
else
else
front: 0, 1.53138, 2.5
side: 0, 0, 0
front only
else
else
else
front: 2.31768, 0.820938, 2.5
side: 0, 0, 0
front only
else
else
else
else
else
else
front: 0.336322, 0.606561, 2.5
back: 1.00897, 1.81968, 7.5
front back
photon_ene: 661.6 photon_theta: 0.270619 photon_phi: 1.06452
traject_len: 5.18885
pe_len: 34.5151 cs_len: 0.578141
---
else
else
front: 0, 0.466723, 2.5
side: 0, 0, 0
front only
else
front: 0, 0.995751, 2.5
side: 0, 0, 0
front only
front: 1.48744, 0, 2.5
side: 0, 0, 0
front only
front: 0.0263393, 1.77378, 2.5
side: 0, 0, 0
front only
else
else
else
else
front: 0.803063, 1.28842, 2.5
side: 0, 0, 0
front only
else
front: 2.0268, 0.0712945, 2.5
side: 0, 0, 0
front only
else
else
else
else
else
else
else
else
else
else
front: 0.329656, 0, 2.5
side: 0, 0, 0
front only
else
else
else
else
else
else
front: 0, 0, 2.5
back: 0, 0, 7.5
front back
photon_ene: 661.6 photon_theta: 3.02494 photon_phi: 0.568738
traject_len: 5
pe_len: 34.6703 cs_len: 1.59473
---
else
else
else
front: 0, 0, 2.5
side: 0, 0, 0
front only
else
else
else
else
else
front: 1.88868, 0.49222, 2.5
side: 0, 0, 0
front only
front: 0.271213, 1.21768, 2.5
side: 0, 0, 0
front only
else
front: 0.470615, 0, 2.5
back: 1.41184, 0, 7.5
front back
photon_ene: 661.6 photon_theta: 2.89729 photon_phi: 2.42666
traject_len: 5.08782
pe_len: 16.8326 cs_len: 0.503923
---
front: 0, 1.04847, 2.5
side: 0, 0, 0
front only
front: 0, 0.990294, 2.5
side: 0, 0, 0
front only
else
else
else
front: 0, 0, 2.5
side: 0, 0, 0
front only
else
else
else
else
else
front: 1.19499, 0, 2.5
side: 0, 0, 0
front only
front: 0, 1.945, 2.5
side: 0, 0, 0
front only
else
else
else
else
front: 1.04896, 0.560432, 2.5
side: 0, 0, 0
front only
front: 0, 0, 2.5
back: 0, 0, 7.5
front back
photon_ene: 661.6 photon_theta: 3.00805 photon_phi: 0.407104
traject_len: 5
pe_len: 39.5827 cs_len: 0.0287167
---
else
else
else
front: 0, 2.13002, 2.5
side: 0, 0, 0
front only
front: 0, 0, 2.5
side: 0, 0, 0
front only
else
front: 0.0393532, 1.39977, 2.5
side: 0, 0, 0
front only
front: 0, 0, 2.5
side: 0, 0, 0
front only
front: 0.153057, 0.667541, 2.5
back: 0.459171, 2.00262, 7.5
front back
photon_ene: 661.6 photon_theta: 0.267385 photon_phi: 1.34541
traject_len: 5.18422
pe_len: 30.3906 cs_len: 6.85593
---
else
else
else
else
else
else
else
else
else
front: 0, 0.306727, 2.5
back: 0, 0.920181, 7.5
front back
photon_ene: 661.6 photon_theta: 0.156311 photon_phi: 2.2493
traject_len: 5.03749
pe_len: 53.2911 cs_len: 7.33393
---
else
else
front: 0.686417, 1.26116, 2.5
side: 0, 0, 0
front only
else
else
front: 0, 0, 2.5
side: 0, 0, 0
front only
front: 1.70608, 0.992776, 2.5
side: 0, 0, 0
front only
else
else
else
else
else
front: 0, 0, 2.5
back: 0, 0, 7.5
front back
photon_ene: 661.6 photon_theta: 0.216697 photon_phi: 3.30514
traject_len: 5
pe_len: 12.458 cs_len: 7.07065
---
else
else
else
front: 0, 0, 2.5
side: 0, 0, 0
front only
front: 0, 0.753602, 2.5
side: 0, 0, 0
front only
else
else
front: 0, 0, 2.5
side: 0, 0, 0
front only
else
front: 0, 1.19089, 2.5
side: 0, 0, 0
front only
else
else
else
else
else
else
else
front: 0.0424811, 0, 2.5
side: 0, 0, 0
front only
front: 1.4073, 0.135154, 2.5
side: 0, 0, 0
front only
else
else
front: 0, 0.828927, 2.5
side: 0, 0, 0
front only
front: 0, 0.786225, 2.5
back: 0, 2.35867, 7.5
front back
photon_ene: 661.6 photon_theta: 2.83664 photon_phi: 4.75429
traject_len: 5.24143
pe_len: 7.97233 cs_len: 2.80008
---
else
front: 0, 0, 2.5
back: 0, 0, 7.5
front back
photon_ene: 661.6 photon_theta: 2.98506 photon_phi: 1.32571
traject_len: 5
pe_len: 34.2583 cs_len: 5.38814
---
else
else
else
else
else
else
else
else
else
else
front: 0, 0, 2.5
back: 0, 0, 7.5
front back
photon_ene: 661.6 photon_theta: 2.83207 photon_phi: 1.38203
traject_len: 5
pe_len: 22.1888 cs_len: 16.4679
---
front: 0, 1.58478, 2.5
side: 0, 0, 0
front only
front: 2.19923, 0, 2.5
side: 0, 0, 0
front only
else
else
else
else
else
else
else
front: 0, 1.94518, 2.5
side: 0, 0, 0
front only
else
else
else
else
else
front: 0.965765, 0, 2.5
side: 0, 0, 0
front only
front: 0, 0, 2.5
back: 0, 0, 7.5
front back
photon_ene: 661.6 photon_theta: 0.259259 photon_phi: 4.40264
traject_len: 5
pe_len: 33.6416 cs_len: 5.17326
---
front: 0, 0.0960996, 2.5
side: 0, 0, 0
front only
front: 1.65722, 0.3253, 2.5
side: 0, 0, 0
front only
else
else
else
front: 0.43724, 2.20199, 2.5
side: 0, 0, 0
front only
else
else
else
else
else
front: 0, 0, 2.5
side: 0, 0, 0
front only
front: 0, 1.56685, 2.5
side: 0, 0, 0
front only
else
else
else
else
else
front: 0.309699, 0.559388, 2.5
back: 0.929096, 1.67816, 7.5
front back
photon_ene: 661.6 photon_theta: 2.8912 photon_phi: 4.20676
traject_len: 5.16094
pe_len: 22.8871 cs_len: 3.58882
---
else
else
else
front: 0.542077, 0, 2.5
side: 0, 0, 0
front only
else
else
front: 0, 0.970246, 2.5
side: 0, 0, 0
front only
front: 0.888925, 0.844865, 2.5
side: 0, 0, 0
front only
else
else
else
front: 0, 1.36076, 2.5
side: 0, 0, 0
front only
else
else
else
front: 0, 1.23234, 2.5
side: 0, 0, 0
front only
front: 1.67914, 0.494466, 2.5
side: 0, 0, 0
front only
else
else
else
else
else
front: 0, 1.392, 2.5
side: 0, 0, 0
front only
else
front: 1.34194, 1.56949, 2.5
side: 0, 0, 0
front only
else
else
else
else
else
front: 0.116743, 1.17376, 2.5
side: 0, 0, 0
front only
front: 2.08337, 0, 2.5
side: 0, 0, 0
front only
front: 0.761524, 0.709023, 2.5
side: 0, 0, 0
front only
else
front: 0, 0, 2.5
side: 0, 0, 0
front only
front: 0.458692, 0, 2.5
back: 1.37608, 0, 7.5
front back
photon_ene: 661.6 photon_theta: 0.181621 photon_phi: 6.24045
traject_len: 5.08346
pe_len: 79.3113 cs_len: 1.76342
---
else
front: 0, 0, 2.5
side: 0, 0, 0
front only
else
front: 0, 0.601258, 2.5
side: 0, 0, 0
front only
else
else
front: 1.18883, 0.88902, 2.5
side: 0, 0, 0
front only
else
else
else
else
else
else
else
else
else
else
front: 1.06671, 0.430416, 2.5
side: 0, 0, 0
front only
else
else
front: 1.82985, 0, 2.5
side: 0, 0, 0
front only
else
front: 0.210631, 1.76215, 2.5
side: 0, 0, 0
front only
front: 2.01794, 0, 2.5
side: 0, 0, 0
front only
front: 0.400593, 1.96496, 2.5
side: 0, 0, 0
front only
else
else
else
front: 0.320146, 0, 2.5
side: 0, 0, 0
front only
else
front: 0, 0.909897, 2.5
side: 0, 0, 0
front only
front: 1.29261, 0.511947, 2.5
side: 0, 0, 0
front only
else
else
else
else
else
else
front: 1.21978, 2.15187, 2.5
side: 0, 0, 0
front only
else
else
else
else
else
else
else
else
else
else
else
else
else
else
else
front: 0.28074, 0.642398, 2.5
back: 0.842221, 1.92719, 7.5
front back
photon_ene: 661.6 photon_theta: 2.86819 photon_phi: 4.30038
traject_len: 5.19288
pe_len: 18.5792 cs_len: 6.31146
---
front: 0, 0, 2.5
side: 0, 0, 0
front only
front: 0, 0.242298, 2.5
side: 0, 0, 0
front only
else
else
front: 0.473773, 0, 2.5
back: 1.42132, 0, 7.5
front back
photon_ene: 661.6 photon_theta: 0.189979 photon_phi: 6.11267
traject_len: 5.08899
pe_len: 62.6568 cs_len: 7.91662
---
else
else
else
else
else
else
else
front: 0.741, 0, 2.5
back: 2.223, 0, 7.5
front back
photon_ene: 661.6 photon_theta: 2.84033 photon_phi: 2.83679
traject_len: 5.21501
pe_len: 113.665 cs_len: 12.4118
---
else
else
front: 0, 0.986775, 2.5
side: 0, 0, 0
front only
else
else
else
front: 0, 0.837497, 2.5
side: 0, 0, 0
front only
else
else
else
else
front: 0.367556, 0, 2.5
side: 0, 0, 0
front only
else
else
front: 1.37346, 0, 2.5
side: 0, 0, 0
front only
else
front: 2.38605, 0.121577, 2.5
side: 0, 0, 0
front only
front: 0, 0, 2.5
side: 0, 0, 0
front only
else
else
else
front: 0, 2.0399, 2.5
side: 0, 0, 0
front only
else
else
else
front: 0.312364, 0, 2.5
side: 0, 0, 0
front only
else
front: 0.596358, 0, 2.5
side: 0, 0, 0
front only
else
front: 0.286466, 0, 2.5
side: 0, 0, 0
front only
else
else
else
else
front: 1.82607, 1.49501, 2.5
side: 0, 0, 0
front only
else
front: 0.219062, 0.681823, 2.5
back: 0.657185, 2.04547, 7.5
front back
photon_ene: 661.6 photon_theta: 0.278989 photon_phi: 1.25993
traject_len: 5.2011
pe_len: 54.3811 cs_len: 3.30077
---
else
else
else
front: 0.49449, 0, 2.5
back: 1.48347, 0, 7.5
front back
photon_ene: 661.6 photon_theta: 0.306087 photon_phi: 5.38867
traject_len: 5.09687
pe_len: 46.8184 cs_len: 11.0866
---
else
else
else
else
else
else
else
else
else
else
else
front: 0, 0, 2.5
side: 0, 0, 0
front only
else
front: 0, 0, 2.5
side: 0, 0, 0
front only
front: 0, 0, 2.5
side: 0, 0, 0
front only
else
else
else
else
else
front: 0, 0, 2.5
back: 0, 0, 7.5
front back
photon_ene: 661.6 photon_theta: 0.236179 photon_phi: 3.28886
traject_len: 5
pe_len: 46.0714 cs_len: 7.32028
---
else
else
else
else
front: 0, 0.802024, 2.5
side: 0, 0, 0
front only
else
else
else
else
front: 1.46483, 0.265616, 2.5
side: 0, 0, 0
front only
else
else
else
front: 0, 0, 2.5
side: 0, 0, 0
front only
else
else
else
else
else
else
else
else
else
else
else
front: 0, 0, 2.5
side: 0, 0, 0
front only
front: 0.732843, 0, 2.5
back: 2.19853, 0, 7.5
front back
photon_ene: 661.6 photon_theta: 0.302972 photon_phi: 5.92849
traject_len: 5.2104
pe_len: 62.3157 cs_len: 2.53083
---
else
else
else
else
else
front: 0, 0, 2.5
side: 0, 0, 0
front only
front: 0, 0, 2.5
side: 0, 0, 0
front only
front: 0.231248, 0.300973, 2.5
back: 0.693745, 0.902919, 7.5
front back
photon_ene: 661.6 photon_theta: 2.99092 photon_phi: 4.05726
traject_len: 5.0573
pe_len: 104.86 cs_len: 1.2854
---
else
front: 0.174488, 0.0925449, 2.5
back: 0.523464, 0.277635, 7.5
front back
photon_ene: 661.6 photon_theta: 0.0788407 photon_phi: 0.487655
traject_len: 5.01558
pe_len: 37.1155 cs_len: 5.5791
---
else
else
else
front: 0, 0, 2.5
side: 0, 0, 0
front only
front: 0.395872, 0, 2.5
side: 0, 0, 0
front only
front: 1.97797, 0, 2.5
side: 0, 0, 0
front only
else
front: 0, 0, 2.5
side: 0, 0, 0
front only
else
else
front: 0.148356, 0.372749, 2.5
back: 0.445069, 1.11825, 7.5
front back
photon_ene: 661.6 photon_theta: 0.159119 photon_phi: 1.19201
traject_len: 5.06397
pe_len: 6.06515 cs_len: 1.93481
---
front: 1.09746, 0.157458, 2.5
side: 0, 0, 0
front only
else
else
else
front: 0, 1.11318, 2.5
side: 0, 0, 0
front only
front: 0, 0, 2.5
side: 0, 0, 0
front only
else
else
else
else
else
front: 0.822343, 1.79132, 2.5
side: 0, 0, 0
front only
else
else
else
front: 0, 0.910583, 2.5
side: 0, 0, 0
front only
else
else
else
else
else
front: 1.22786, 0, 2.5
side: 0, 0, 0
front only
else
front: 2.33754, 0, 2.5
side: 0, 0, 0
front only
else
front: 0, 0, 2.5
side: 0, 0, 0
front only
else
else
else
else
front: 1.9422, 1.06628, 2.5
side: 0, 0, 0
front only
front: 1.19993, 0, 2.5
side: 0, 0, 0
front only
else
else
front: 0, 1.01604, 2.5
side: 0, 0, 0
front only
else
else
front: 0, 0.683224, 2.5
side: 0, 0, 0
front only
else
else
front: 0.437856, 0, 2.5
back: 1.31357, 0, 7.5
front back
photon_ene: 661.6 photon_theta: 2.91046 photon_phi: 2.41017
traject_len: 5.07611
pe_len: 2.97072 cs_len: 1.64411
---
else
else
else
else
else
else
else
else
else
front: 0.124502, 0.245853, 2.5
back: 0.373506, 0.737559, 7.5
front back
photon_ene: 661.6 photon_theta: 0.109789 photon_phi: 1.10204
traject_len: 5.03029
pe_len: 63.4298 cs_len: 4.96719
---
else
else
else
else
else
front: 0, 0, 2.5
side: 0, 0, 0
front only
else
else
else
else
else
else
front: 0, 0.145547, 2.5
back: 0, 0.43664, 7.5
front back
photon_ene: 661.6 photon_theta: 0.229558 photon_phi: 2.8898
traject_len: 5.00847
pe_len: 64.8223 cs_len: 4.96234
---
else
else
else
else
front: 0.977675, 2.25356, 2.5
side: 0, 0, 0
front only
else
else
else
else
else
else
front: 0, 1.82861, 2.5
side: 0, 0, 0
front only
else
front: 0, 0.446293, 2.5
back: 0, 1.33888, 7.5
front back
photon_ene: 661.6 photon_theta: 0.176893 photon_phi: 1.62313
traject_len: 5.07905
pe_len: 9.48449 cs_len: 2.67818
---
else
else
front: 0.402511, 0, 2.5
side: 0, 0, 0
front only
else
else
front: 0, 0, 2.5
side: 0, 0, 0
front only
else
else
else
else
else
else
else
else
else
else
else
else
else
else
else
else
else
front: 0.428324, 1.82494, 2.5
side: 0, 0, 0
front only
else
else
front: 0.853311, 0, 2.5
side: 0, 0, 0
front only
else
front: 0, 0, 2.5
back: 0, 0, 7.5
front back
photon_ene: 661.6 photon_theta: 0.28516 photon_phi: 3.51014
traject_len: 5
pe_len: 0.525879 cs_len: 4.58945
---
front: 0.730871, 1.9249, 2.5
side: 0, 0, 0
front only
else
front: 0.0369582, 0, 2.5
back: 0.110875, 0, 7.5
front back
photon_ene: 661.6 photon_theta: 2.91403 photon_phi: 1.63468
traject_len: 5.00055
pe_len: 25.1119 cs_len: 3.461
---
front: 0, 0.105256, 2.5
back: 0, 0.315768, 7.5
front back
photon_ene: 661.6 photon_theta: 2.98262 photon_phi: 6.01747
traject_len: 5.00443
pe_len: 25.5778 cs_len: 3.53257
---
else
front: 1.06722, 0, 2.5
side: 0, 0, 0
front only
else
else
else
front: 0, 0, 2.5
side: 0, 0, 0
front only
else
else
front: 1.06729, 0.819822, 2.5
side: 0, 0, 0
front only
else
else
else
else
else
else
else
else
else
else
else
front: 0.257123, 0.188312, 2.5
back: 0.771368, 0.564936, 7.5
front back
photon_ene: 661.6 photon_theta: 3.01479 photon_phi: 3.77372
traject_len: 5.04047
pe_len: 71.0296 cs_len: 2.55263
---
else
else
front: 0.968854, 0.931505, 2.5
side: 0, 0, 0
front only
else
front: 0, 1.00156, 2.5
side: 0, 0, 0
front only
else
front: 0, 0, 2.5
side: 0, 0, 0
front only
else
else
else
else
else
else
front: 0, 1.19557, 2.5
side: 0, 0, 0
front only
else
else
front: 0.0288069, 2.4755, 2.5
side: 0, 0, 0
front only
else
else
front: 0, 0, 2.5
side: 0, 0, 0
front only
front: 0.924701, 0, 2.5
side: 0, 0, 0
front only
else
else
else
front: 0, 0.57641, 2.5
back: 0, 1.72923, 7.5
front back
photon_ene: 661.6 photon_theta: 0.300255 photon_phi: 2.30154
traject_len: 5.13118
pe_len: 0.671676 cs_len: 0.359439
---
else
else
front: 0, 0.157787, 2.5
side: 0, 0, 0
front only
else
front: 0, 2.26988, 2.5
side: 0, 0, 0
front only
front: 0, 0.407249, 2.5
side: 0, 0, 0
front only
else
else
else
else
else
else
else
front: 0.665958, 0, 2.5
side: 0, 0, 0
front only
else
front: 1.18941, 1.47243, 2.5
side: 0, 0, 0
front only
else
else
else
else
else
else
else
else
front: 0, 1.223, 2.5
side: 0, 0, 0
front only
else
else
else
else
else
else
else
else
else
else
front: 0.725635, 1.78308, 2.5
side: 0, 0, 0
front only
else
front: 0, 2.2288, 2.5
side: 0, 0, 0
front only
else
front: 1.19453, 1.17346, 2.5
side: 0, 0, 0
front only
else
front: 0.307568, 0.1366, 2.5
back: 0.922704, 0.409799, 7.5
front back
photon_ene: 661.6 photon_theta: 3.00778 photon_phi: 3.55955
traject_len: 5.0451
pe_len: 11.3998 cs_len: 0.185838
---
front: 0.850258, 0, 2.5
side: 0, 0, 0
front only
else
front: 0.840414, 0, 2.5
side: 0, 0, 0
front only
else
front: 0.0209032, 0.0390059, 2.5
back: 0.0627095, 0.117018, 7.5
front back
photon_ene: 661.6 photon_theta: 3.12389 photon_phi: 4.22044
traject_len: 5.00078
pe_len: 9.68912 cs_len: 4.36811
---
else
front: 0.578694, 0.803511, 2.5
side: 0, 0, 0
front only
else
else
else
else
else
front: 0, 0, 2.5
side: 0, 0, 0
front only
else
else
else
else
else
front: 1.11736, 0, 2.5
side: 0, 0, 0
front only
else
else
front: 0.351209, 0.190911, 2.5
back: 1.05363, 0.572732, 7.5
front back
photon_ene: 661.6 photon_theta: 0.158555 photon_phi: 0.497903
traject_len: 5.06351
pe_len: 0.260077 cs_len: 0.496479
---
front: 0, 0, 2.5
side: 0, 0, 0
front only
front: 0.522875, 2.19367, 2.5
side: 0, 0, 0
front only
else
else
front: 0, 1.2089, 2.5
side: 0, 0, 0
front only
else
else
else
front: 0.607282, 0, 2.5
side: 0, 0, 0
front only
front: 0.491083, 0.209359, 2.5
back: 1.47325, 0.628076, 7.5
front back
photon_ene: 661.6 photon_theta: 0.21038 photon_phi: 0.402988
traject_len: 5.11273
pe_len: 68.7839 cs_len: 0.553361
---
front: 0.318797, 0, 2.5
back: 0.95639, 0, 7.5
front back
photon_ene: 661.6 photon_theta: 2.94683 photon_phi: 2.27371
traject_len: 5.04049
pe_len: 44.771 cs_len: 0.0087844
---
else
else
else
else
else
else
else
else
else
front: 0, 0, 2.5
side: 0, 0, 0
front only
else
else
else
else
else
front: 1.63759, 0.360797, 2.5
side: 0, 0, 0
front only
else
else
front: 0, 0, 2.5
side: 0, 0, 0
front only
else
front: 0.427571, 1.78581, 2.5
side: 0, 0, 0
front only
front: 0, 0.370405, 2.5
back: 0, 1.11121, 7.5
front back
photon_ene: 661.6 photon_theta: 0.148475 photon_phi: 1.70839
traject_len: 5.05458
pe_len: 3.08457 cs_len: 0.400153
---
front: 0, 0, 2.5
side: 0, 0, 0
front only
front: 0, 0.393363, 2.5
side: 0, 0, 0
front only
else
else
front: 0.972279, 0.111669, 2.5
side: 0, 0, 0
front only
else
else
front: 1.66359, 1.30336, 2.5
side: 0, 0, 0
front only
front: 0.316175, 0, 2.5
back: 0.948524, 0, 7.5
front back
photon_ene: 661.6 photon_theta: 3.01359 photon_phi: 2.95478
traject_len: 5.03983
pe_len: 17.3777 cs_len: 0.183239
---
else
else
else
front: 0, 0.662943, 2.5
back: 0, 1.98883, 7.5
front back
photon_ene: 661.6 photon_theta: 0.277786 photon_phi: 1.94737
traject_len: 5.17281
pe_len: 44.6294 cs_len: 3.07399
---
front: 0, 1.84908, 2.5
side: 0, 0, 0
front only
else
else
else
else
front: 0, 0, 2.5
side: 0, 0, 0
front only
front: 0.840766, 0, 2.5
side: 0, 0, 0
front only
else
else
else
front: 0, 1.60013, 2.5
side: 0, 0, 0
front only
else
front: 0.231576, 0, 2.5
side: 0, 0, 0
front only
else
else
else
else
front: 1.90312, 0, 2.5
side: 0, 0, 0
front only
else
front: 0, 0, 2.5
side: 0, 0, 0
front only
else
else
front: 0, 0.780341, 2.5
side: 0, 0, 0
front only
front: 0.741855, 0.95236, 2.5
side: 0, 0, 0
front only
else
front: 0, 0.578509, 2.5
back: 0, 1.73553, 7.5
front back
photon_ene: 661.6 photon_theta: 0.282167 photon_phi: 2.21727
traject_len: 5.13212
pe_len: 12.9163 cs_len: 8.77223
---
else
front: 0, 1.46088, 2.5
side: 0, 0, 0
front only
front: 0.296521, 0, 2.5
side: 0, 0, 0
front only
else
else
else
front: 1.04209, 0.174759, 2.5
side: 0, 0, 0
front only
else
else
else
else
else
else
else
else
else
front: 0, 0, 2.5
side: 0, 0, 0
front only
else
else
else
else
else
else
else
else
else
else
else
else
front: 1.4139, 0.115806, 2.5
side: 0, 0, 0
front only
front: 0, 0, 2.5
side: 0, 0, 0
front only
front: 0, 0.209678, 2.5
side: 0, 0, 0
front only
else
else
else
else
else
front: 0.243118, 0, 2.5
back: 0.729355, 0, 7.5
front back
photon_ene: 661.6 photon_theta: 0.109506 photon_phi: 5.79782
traject_len: 5.02359
pe_len: 35.1122 cs_len: 9.50547
---
front: 0, 0, 2.5
side: 0, 0, 0
front only
front: 0, 0, 2.5
side: 0, 0, 0
front only
else
else
front: 0, 0, 2.5
side: 0, 0, 0
front only
else
else
front: 0, 0, 2.5
side: 0, 0, 0
front only
front: 0, 0, 2.5
back: 0, 0, 7.5
front back
photon_ene: 661.6 photon_theta: 0.29862 photon_phi: 3.65004
traject_len: 5
pe_len: 34.3044 cs_len: 1.73329
---
else
else
else
else
front: 0, 0, 2.5
back: 0, 0, 7.5
front back
photon_ene: 661.6 photon_theta: 3.02556 photon_phi: 0.701046
traject_len: 5
pe_len: 169.008 cs_len: 2.13599
---
front: 0, 0, 2.5
side: 0, 0, 0
front only
else
front: 0, 0.588496, 2.5
side: 0, 0, 0
front only
else
else
front: 0, 0, 2.5
side: 0, 0, 0
front only
front: 1.21961, 0, 2.5
side: 0, 0, 0
front only
else
front: 0.45833, 0.121875, 2.5
back: 1.37499, 0.365625, 7.5
front back
photon_ene: 661.6 photon_theta: 2.95412 photon_phi: 3.40149
traject_len: 5.08917
pe_len: 42.8318 cs_len: 1.13402
---
else
else
else
else
front: 0, 1.63227, 2.5
side: 0, 0, 0
front only
else
else
else
else
else
front: 0, 0.727961, 2.5
back: 0, 2.18388, 7.5
front back
photon_ene: 661.6 photon_theta: 0.302815 photon_phi: 1.94165
traject_len: 5.20766
pe_len: 1.43066 cs_len: 8.85745
---
else
else
front: 0, 0, 2.5
side: 0, 0, 0
front only
else
else
else
else
else
else
else
else
else
else
front: 0, 1.02162, 2.5
side: 0, 0, 0
front only
else
else
front: 1.62996, 0.542193, 2.5
side: 0, 0, 0
front only
else
else
front: 0.648369, 0.314359, 2.5
back: 1.94511, 0.943076, 7.5
front back
photon_ene: 661.6 photon_theta: 2.86097 photon_phi: 3.59304
traject_len: 5.20354
pe_len: 35.3114 cs_len: 4.36346
---
else
else
else
else
else
else
else
front: 0.512514, 0, 2.5
back: 1.53754, 0, 7.5
front back
photon_ene: 661.6 photon_theta: 0.211301 photon_phi: 5.98451
traject_len: 5.10399
pe_len: 10.6099 cs_len: 2.4428
---
else
else
else
front: 0, 0, 2.5
back: 0, 0, 7.5
front back
photon_ene: 661.6 photon_theta: 2.89712 photon_phi: 1.16542
traject_len: 5
pe_len: 0.0923831 cs_len: 0.486241
---
else
else
else
else
else
else
else
else
else
front: 1.90439, 0.822818, 2.5
side: 0, 0, 0
front only
front: 0.345569, 0.547099, 2.5
back: 1.03671, 1.6413, 7.5
front back
photon_ene: 661.6 photon_theta: 0.25328 photon_phi: 1.00744
traject_len: 5.16478
pe_len: 23.192 cs_len: 4.90898
---
else
front: 0.468088, 0, 2.5
back: 1.40426, 0, 7.5
front back
photon_ene: 661.6 photon_theta: 0.187859 photon_phi: 6.10936
traject_len: 5.08689
pe_len: 91.5088 cs_len: 14.9817
---
else
else
else
else
else
else
else
else
else
else
front: 0, 0.512661, 2.5
side: 0, 0, 0
front only
else
else
front: 0.346013, 0.139038, 2.5
back: 1.03804, 0.417113, 7.5
front back
photon_ene: 661.6 photon_theta: 2.99352 photon_phi: 3.52367
traject_len: 5.05532
pe_len: 8.13046 cs_len: 1.58855
---
else
front: 0.923228, 0, 2.5
side: 0, 0, 0
front only
else
else
else
front: 0, 0, 2.5
side: 0, 0, 0
front only
else
else
else
else
else
front: 0, 1.25834, 2.5
side: 0, 0, 0
front only
else
else
else
front: 0, 0.12259, 2.5
side: 0, 0, 0
front only
else
else
else
else
else
else
else
else
else
front: 0.169062, 0, 2.5
back: 0.507187, 0, 7.5
front back
photon_ene: 661.6 photon_theta: 2.9562 photon_phi: 1.93969
traject_len: 5.01142
pe_len: 18.8156 cs_len: 1.82317
---
else
else
else
else
else
else
front: 2.13839, 0, 2.5
side: 0, 0, 0
front only
front: 0.483033, 1.61798, 2.5
side: 0, 0, 0
front only
else
front: 0, 0, 2.5
back: 0, 0, 7.5
front back
photon_ene: 661.6 photon_theta: 2.95068 photon_phi: 0.0563604
traject_len: 5
pe_len: 14.8638 cs_len: 1.48871
---
else
else
else
else
else
else
else
else
front: 0, 1.58116, 2.5
side: 0, 0, 0
front only
front: 0.253725, 0, 2.5
side: 0, 0, 0
front only
else
else
else
else
front: 1.06131, 0, 2.5
side: 0, 0, 0
front only
else
else
else
front: 0, 0, 2.5
side: 0, 0, 0
front only
else
else
front: 0, 1.65806, 2.5
side: 0, 0, 0
front only
else
else
else
else
front: 0.962329, 0.349616, 2.5
side: 0, 0, 0
front only
else
else
front: 0, 0, 2.5
side: 0, 0, 0
front only
front: 0, 1.03454, 2.5
side: 0, 0, 0
front only
else
else
else
front: 0, 0.505955, 2.5
back: 0, 1.51787, 7.5
front back
photon_ene: 661.6 photon_theta: 2.93427 photon_phi: 4.9884
traject_len: 5.10137
pe_len: 35.3171 cs_len: 14.7086
---
else
else
else
front: 0.25614, 0, 2.5
side: 0, 0, 0
front only
else
else
front: 0.465779, 0, 2.5
side: 0, 0, 0
front only
else
else
else
front: 1.12492, 0.746849, 2.5
side: 0, 0, 0
front only
else
else
front: 0.789676, 0.394015, 2.5
side: 0, 0, 0
front only
else
else
front: 0, 0, 2.5
side: 0, 0, 0
front only
front: 0, 0, 2.5
side: 0, 0, 0
front only
else
else
else
else
else
else
front: 0, 0, 2.5
side: 0, 0, 0
front only
else
front: 0, 0, 2.5
side: 0, 0, 0
front only
else
else
else
front: 0, 0, 2.5
back: 0, 0, 7.5
front back
photon_ene: 661.6 photon_theta: 0.189047 photon_phi: 3.65114
traject_len: 5
pe_len: 11.8019 cs_len: 4.76798
---
front: 1.80869, 1.55719, 2.5
side: 0, 0, 0
front only
else
else
front: 0.654943, 0, 2.5
side: 0, 0, 0
front only
else
else
else
else
else
else
front: 0, 0, 2.5
side: 0, 0, 0
front only
else
else
else
front: 1.18695, 0, 2.5
side: 0, 0, 0
front only
front: 0.397772, 0, 2.5
side: 0, 0, 0
front only
else
else
else
else
else
front: 0, 0.00510775, 2.5
side: 0, 0, 0
front only
else
else
front: 0.319598, 0, 2.5
side: 0, 0, 0
front only
else
front: 1.05177, 1.74055, 2.5
side: 0, 0, 0
front only
front: 0, 1.31172, 2.5
side: 0, 0, 0
front only
else
else
else
front: 1.40425, 0.865697, 2.5
side: 0, 0, 0
front only
else
else
else
else
else
else
else
else
else
else
else
else
else
else
else
else
else
else
front: 1.09429, 0.796802, 2.5
side: 0, 0, 0
front only
else
front: 0.346698, 0, 2.5
side: 0, 0, 0
front only
else
else
else
else
else
else
front: 0, 0, 2.5
side: 0, 0, 0
front only
else
else
front: 0.515745, 0.404822, 2.5
back: 1.54724, 1.21446, 7.5
front back
photon_ene: 661.6 photon_theta: 2.88511 photon_phi: 3.80707
traject_len: 5.16909
pe_len: 109.074 cs_len: 0.995264
---
else
else
else
front: 0, 0, 2.5
side: 0, 0, 0
front only
front: 0.5665, 0, 2.5
side: 0, 0, 0
front only
else
else
else
else
else
front: 0, 0, 2.5
side: 0, 0, 0
front only
else
else
else
else
else
front: 0, 0, 2.5
back: 0, 0, 7.5
front back
photon_ene: 661.6 photon_theta: 2.89116 photon_phi: 0.565974
traject_len: 5
pe_len: 28.3343 cs_len: 1.43894
---
else
front: 0.502677, 0, 2.5
side: 0, 0, 0
front only
else
else
front: 0.729424, 1.74775, 2.5
side: 0, 0, 0
front only
front: 0, 0, 2.5
side: 0, 0, 0
front only
front: 0, 0.768437, 2.5
side: 0, 0, 0
front only
else
else
else
else
front: 0, 0.0794133, 2.5
back: 0, 0.23824, 7.5
front back
photon_ene: 661.6 photon_theta: 3.08261 photon_phi: 5.71516
traject_len: 5.00252
pe_len: 27.7813 cs_len: 0.758454
---
front: 0, 1.84678, 2.5
side: 0, 0, 0
front only
front: 0, 0, 2.5
side: 0, 0, 0
front only
else
else
else
else
front: 0, 0, 2.5
side: 0, 0, 0
front only
else
front: 0, 0.236145, 2.5
side: 0, 0, 0
front only
front: 1.52387, 0, 2.5
side: 0, 0, 0
front only
front: 0.746076, 1.75984, 2.5
side: 0, 0, 0
front only
else
front: 0, 0, 2.5
side: 0, 0, 0
front only
else
front: 0, 0, 2.5
back: 0, 0, 7.5
front back
photon_ene: 661.6 photon_theta: 2.84904 photon_phi: 0.442574
traject_len: 5
pe_len: 25.2446 cs_len: 6.50076
---
else
front: 0, 0.323463, 2.5
side: 0, 0, 0
front only
else
else
else
else
else
else
else
front: 0.107528, 0.430808, 2.5
back: 0.322584, 1.29242, 7.5
front back
photon_ene: 661.6 photon_theta: 0.175777 photon_phi: 1.3262
traject_len: 5.07825
pe_len: 48.7467 cs_len: 3.25717
---
else
else
else
else
else
else
else
else
else
front: 0, 0, 2.5
side: 0, 0, 0
front only
else
else
front: 0.102202, 0.0477661, 2.5
back: 0.306606, 0.143298, 7.5
front back
photon_ene: 661.6 photon_theta: 0.0450947 photon_phi: 0.437205
traject_len: 5.00509
pe_len: 10.5655 cs_len: 4.36993
---
front: 0, 0, 2.5
back: 0, 0, 7.5
front back
photon_ene: 661.6 photon_theta: 3.06786 photon_phi: 0.912077
traject_len: 5
pe_len: 49.9577 cs_len: 4.87156
---
else
front: 0, 0, 2.5
side: 0, 0, 0
front only
else
front: 0, 0, 2.5
side: 0, 0, 0
front only
else
else
else
front: 0, 0, 2.5
side: 0, 0, 0
front only
else
else
front: 0, 0, 2.5
side: 0, 0, 0
front only
front: 0.624684, 0.495962, 2.5
back: 1.87405, 1.48789, 7.5
front back
photon_ene: 661.6 photon_theta: 2.83275 photon_phi: 3.81263
traject_len: 5.24832
pe_len: 14.3692 cs_len: 4.35693
---
else
front: 0, 1.87259, 2.5
side: 0, 0, 0
front only
else
else
else
else
else
front: 0, 0, 2.5
side: 0, 0, 0
front only
else
front: 0.296931, 0.601228, 2.5
back: 0.890793, 1.80368, 7.5
front back
photon_ene: 661.6 photon_theta: 0.262053 photon_phi: 1.11206
traject_len: 5.17673
pe_len: 88.3215 cs_len: 2.65438
---
else
else
else
else
front: 0.66862, 0, 2.5
side: 0, 0, 0
front only
front: 0, 0.484693, 2.5
back: 0, 1.45408, 7.5
front back
photon_ene: 661.6 photon_theta: 0.192876 photon_phi: 1.69174
traject_len: 5.0931
pe_len: 62.237 cs_len: 0.0482896
---
else
else
front: 0.484193, 0, 2.5
back: 1.45258, 0, 7.5
front back
photon_ene: 661.6 photon_theta: 0.254233 photon_phi: 5.55341
traject_len: 5.09291
pe_len: 9.98149 cs_len: 0.0856258
---
else
else
else
else
else
else
else
else
else
else
else
else
else
else
else
front: 0.127586, 1.82845, 2.5
side: 0, 0, 0
front only
else
else
front: 0, 1.30554, 2.5
side: 0, 0, 0
front only
front: 0, 0.273067, 2.5
side: 0, 0, 0
front only
else
else
else
front: 0, 2.30771, 2.5
side: 0, 0, 0
front only
front: 0.27837, 0, 2.5
back: 0.83511, 0, 7.5
front back
photon_ene: 661.6 photon_theta: 0.308468 photon_phi: 5.06937
traject_len: 5.0309
pe_len: 6.94217 cs_len: 0.0847399
---
front: 0.721199, 0.966689, 2.5
side: 0, 0, 0
front only
front: 0.432063, 0, 2.5
side: 0, 0, 0
front only
front: 0, 0.647208, 2.5
side: 0, 0, 0
front only
front: 0, 0.288195, 2.5
side: 0, 0, 0
front only
else
else
else
else
else
else
front: 1.14627, 1.9575, 2.5
side: 0, 0, 0
front only
else
front: 0.657308, 1.20368, 2.5
side: 0, 0, 0
front only
front: 0, 0, 2.5
side: 0, 0, 0
front only
else
else
else
front: 0.827083, 0.926715, 2.5
side: 0, 0, 0
front only
else
front: 2.25055, 0, 2.5
side: 0, 0, 0
front only
else
front: 0, 0.370173, 2.5
side: 0, 0, 0
front only
else
else
front: 2.18325, 0, 2.5
side: 0, 0, 0
front only
front: 0.300951, 0, 2.5
back: 0.902853, 0, 7.5
front back
photon_ene: 661.6 photon_theta: 0.27095 photon_phi: 5.16061
traject_len: 5.0361
pe_len: 64.63 cs_len: 2.89397
---
front: 0, 0.173205, 2.5
side: 0, 0, 0
front only
front: 0, 0, 2.5
back: 0, 0, 7.5
front back
photon_ene: 661.6 photon_theta: 2.85622 photon_phi: 1.15511
traject_len: 5
pe_len: 18.1162 cs_len: 1.55887
---
front: 0, 0, 2.5
back: 0, 0, 7.5
front back
photon_ene: 661.6 photon_theta: 2.88648 photon_phi: 0.217278
traject_len: 5
pe_len: 30.5767 cs_len: 13.6598
---
front: 0.507057, 0.42702, 2.5
back: 1.52117, 1.28106, 7.5
front back
photon_ene: 661.6 photon_theta: 2.88239 photon_phi: 3.84151
traject_len: 5.1728
pe_len: 76.8484 cs_len: 12.7628
---
front: 0.845018, 0.0607276, 2.5
side: 0, 0, 0
front only
else
else
front: 0, 0, 2.5
side: 0, 0, 0
front only
else
else
else
else
else
else
else
front: 0, 0, 2.5
side: 0, 0, 0
front only
else
else
else
front: 0, 0, 2.5
side: 0, 0, 0
front only
front: 0, 0, 2.5
side: 0, 0, 0
front only
else
else
else
front: 0, 1.08548, 2.5
side: 0, 0, 0
front only
else
else
else
else
front: 0.053596, 0, 2.5
back: 0.160788, 0, 7.5
front back
photon_ene: 661.6 photon_theta: 2.88055 photon_phi: 1.65114
traject_len: 5.00115
pe_len: 46.3123 cs_len: 6.74706
---
front: 0, 0, 2.5
side: 0, 0, 0
front only
else
else
else
else
front: 0.71071, 0.067554, 2.5
back: 2.13213, 0.202662, 7.5
front back
photon_ene: 661.6 photon_theta: 0.278162 photon_phi: 0.0947667
traject_len: 5.19987
pe_len: 93.2781 cs_len: 2.29175
---
else
else
else
else
front: 0.0676191, 2.42668, 2.5
side: 0, 0, 0
front only
else
front: 0, 1.40177, 2.5
side: 0, 0, 0
front only
else
front: 0, 0, 2.5
back: 0, 0, 7.5
front back
photon_ene: 661.6 photon_theta: 0.0102242 photon_phi: 3.45372
traject_len: 5
pe_len: 22.7016 cs_len: 3.04575
---
else
else
front: 0.629361, 0, 2.5
back: 1.88808, 0, 7.5
front back
photon_ene: 661.6 photon_theta: 2.89396 photon_phi: 3.04924
traject_len: 5.156
pe_len: 78.2234 cs_len: 0.0713131
---
front: 0, 0.462052, 2.5
back: 0, 1.38616, 7.5
front back
photon_ene: 661.6 photon_theta: 2.84316 photon_phi: 5.63867
traject_len: 5.08468
pe_len: 3.24164 cs_len: 1.19286
---
front: 1.71109, 0, 2.5
side: 0, 0, 0
front only
front: 1.22326, 1.08446, 2.5
side: 0, 0, 0
front only
else
front: 0.247308, 0, 2.5
side: 0, 0, 0
front only
else
else
front: 1.53708, 0.0594452, 2.5
side: 0, 0, 0
front only
else
else
else
else
else
else
else
else
front: 1.60451, 1.73719, 2.5
side: 0, 0, 0
front only
else
else
else
else
else
front: 1.76248, 0, 2.5
side: 0, 0, 0
front only
else
else
else
front: 0.506555, 0, 2.5
side: 0, 0, 0
front only
else
else
else
else
front: 1.88525, 0.539925, 2.5
side: 0, 0, 0
front only
else
else
front: 0, 0, 2.5
side: 0, 0, 0
front only
front: 0, 0.673747, 2.5
back: 0, 2.02124, 7.5
front back
photon_ene: 661.6 photon_theta: 2.87386 photon_phi: 4.90008
traject_len: 5.17839
pe_len: 19.1917 cs_len: 1.99155
---
front: 0, 0.796347, 2.5
side: 0, 0, 0
front only
front: 0, 0, 2.5
side: 0, 0, 0
front only
else
else
front: 0, 0, 2.5
side: 0, 0, 0
front only
front: 0, 0, 2.5
side: 0, 0, 0
front only
front: 1.0577, 0.542926, 2.5
side: 0, 0, 0
front only
front: 0, 1.4873, 2.5
side: 0, 0, 0
front only
else
else
else
else
else
else
front: 0.165663, 0, 2.5
back: 0.49699, 0, 7.5
front back
photon_ene: 661.6 photon_theta: 0.103747 photon_phi: 5.40224
traject_len: 5.01097
pe_len: 4.35721 cs_len: 3.89814
---
else
else
else
else
else
else
front: 0, 0, 2.5
side: 0, 0, 0
front only
else
front: 1.56465, 0, 2.5
side: 0, 0, 0
front only
else
front: 0.347794, 0, 2.5
side: 0, 0, 0
front only
else
else
else
front: 1.34467, 1.93775, 2.5
side: 0, 0, 0
front only
front: 0.133623, 1.50318, 2.5
side: 0, 0, 0
front only
else
else
front: 1.48406, 1.89235, 2.5
side: 0, 0, 0
front only
front: 0, 0, 2.5
side: 0, 0, 0
front only
front: 0, 0.405574, 2.5
side: 0, 0, 0
front only
else
front: 0, 0.148876, 2.5
back: 0, 0.446629, 7.5
front back
photon_ene: 661.6 photon_theta: 2.92884 photon_phi: 6.0039
traject_len: 5.00886
pe_len: 40.0061 cs_len: 2.12806
---
else
else
else
else
front: 0, 0, 2.5
side: 0, 0, 0
front only
front: 1.63051, 0, 2.5
side: 0, 0, 0
front only
else
front: 0, 1.27228, 2.5
side: 0, 0, 0
front only
else
else
else
front: 0, 0, 2.5
side: 0, 0, 0
front only
else
else
else
front: 0.00104431, 1.37858, 2.5
side: 0, 0, 0
front only
else
else
front: 0, 0, 2.5
side: 0, 0, 0
front only
else
else
else
else
else
front: 1.41055, 0, 2.5
side: 0, 0, 0
front only
else
front: 0.0166897, 0.770646, 2.5
back: 0.0500692, 2.31194, 7.5
front back
photon_ene: 661.6 photon_theta: 0.299082 photon_phi: 1.54914
traject_len: 5.23227
pe_len: 13.1516 cs_len: 4.23227
---
else
front: 0, 0, 2.5
side: 0, 0, 0
front only
else
else
else
front: 0.524961, 0, 2.5
side: 0, 0, 0
front only
else
else
else
else
else
else
else
else
else
else
front: 1.33776, 0, 2.5
side: 0, 0, 0
front only
else
else
else
else
front: 0, 1.35859, 2.5
side: 0, 0, 0
front only
else
else
else
front: 0, 0.0495476, 2.5
side: 0, 0, 0
front only
else
else
else
else
else
else
else
else
front: 0, 0.517529, 2.5
side: 0, 0, 0
front only
else
else
else
else
front: 0, 0.838355, 2.5
side: 0, 0, 0
front only
else
front: 0, 0, 2.5
side: 0, 0, 0
front only
else
else
else
else
else
else
else
front: 0, 1.00253, 2.5
side: 0, 0, 0
front only
else
else
else
else
front: 0, 0, 2.5
side: 0, 0, 0
front only
else
front: 0.637977, 0, 2.5
back: 1.91393, 0, 7.5
front back
photon_ene: 661.6 photon_theta: 0.29249 photon_phi: 5.72356
traject_len: 5.16024
pe_len: 97.6855 cs_len: 14.6053
---
front: 0, 0, 2.5
side: 0, 0, 0
front only
else
else
else
else
else
else
else
front: 1.18084, 0, 2.5
side: 0, 0, 0
front only
else
else
else
front: 0.829465, 1.28556, 2.5
side: 0, 0, 0
front only
else
front: 0.632066, 2.39213, 2.5
side: 0, 0, 0
front only
else
else
else
else
else
else
else
else
else
else
front: 1.79819, 0, 2.5
side: 0, 0, 0
front only
else
front: 0.0371581, 0, 2.5
side: 0, 0, 0
front only
else
front: 0, 0, 2.5
side: 0, 0, 0
front only
else
else
else
front: 0.585692, 2.20693, 2.5
side: 0, 0, 0
front only
else
else
front: 0, 0, 2.5
side: 0, 0, 0
front only
front: 0, 0.986171, 2.5
side: 0, 0, 0
front only
front: 0, 1.7136, 2.5
side: 0, 0, 0
front only
front: 0, 0, 2.5
side: 0, 0, 0
front only
else
else
front: 0, 0, 2.5
side: 0, 0, 0
front only
else
else
else
else
else
else
else
else
front: 0, 1.10021, 2.5
side: 0, 0, 0
front only
front: 1.44575, 0.835504, 2.5
side: 0, 0, 0
front only
front: 1.95898, 0.609959, 2.5
side: 0, 0, 0
front only
else
else
else
else
else
else
front: 0, 0, 2.5
side: 0, 0, 0
front only
front: 0, 0, 2.5
side: 0, 0, 0
front only
else
else
else
else
else
front: 2.08226, 0, 2.5
side: 0, 0, 0
front only
else
front: 1.05426, 0.437042, 2.5
side: 0, 0, 0
front only
else
front: 0, 0, 2.5
side: 0, 0, 0
front only
else
else
else
front: 0, 0.178752, 2.5
side: 0, 0, 0
front only
front: 0, 0, 2.5
back: 0, 0, 7.5
front back
photon_ene: 661.6 photon_theta: 2.83918 photon_phi: 0.396698
traject_len: 5
pe_len: 2.41201 cs_len: 10.2891
---
else
else
front: 0.367655, 2.06268, 2.5
side: 0, 0, 0
front only
else
front: 1.16319, 0.354205, 2.5
side: 0, 0, 0
front only
else
else
front: 0, 1.01701, 2.5
side: 0, 0, 0
front only
else
else
else
else
front: 0, 0.491185, 2.5
side: 0, 0, 0
front only
else
else
else
else
else
else
else
front: 0, 1.12936, 2.5
side: 0, 0, 0
front only
else
else
else
else
else
front: 2.18981, 0, 2.5
side: 0, 0, 0
front only
else
else
else
else
else
front: 0, 0.762717, 2.5
back: 0, 2.28815, 7.5
front back
photon_ene: 661.6 photon_theta: 2.83098 photon_phi: 5.02862
traject_len: 5.22752
pe_len: 14.386 cs_len: 11.0349
---
else
else
else
else
front: 0, 1.36257, 2.5
side: 0, 0, 0
front only
else
front: 0.318054, 1.17424, 2.5
side: 0, 0, 0
front only
front: 2.21921, 0, 2.5
side: 0, 0, 0
front only
front: 1.48653, 0.191613, 2.5
side: 0, 0, 0
front only
else
else
else
else
front: 0, 0, 2.5
side: 0, 0, 0
front only
else
else
else
else
front: 0.262823, 1.91922, 2.5
side: 0, 0, 0
front only
else
else
else
else
else
front: 0, 1.95194, 2.5
side: 0, 0, 0
front only
front: 0, 0.437344, 2.5
back: 0, 1.31203, 7.5
front back
photon_ene: 661.6 photon_theta: 2.82401 photon_phi: 5.72198
traject_len: 5.07593
pe_len: 61.8904 cs_len: 0.305981
---
front: 1.26679, 1.13508, 2.5
side: 0, 0, 0
front only
else
front: 0, 1.51763, 2.5
side: 0, 0, 0
front only
else
else
else
else
front: 1.07293, 0.469909, 2.5
side: 0, 0, 0
front only
else
else
else
else
front: 0, 0.146728, 2.5
back: 0, 0.440185, 7.5
front back
photon_ene: 661.6 photon_theta: 2.86634 photon_phi: 6.07384
traject_len: 5.0086
pe_len: 2.14496 cs_len: 1.33315
---
else
front: 0, 0.859165, 2.5
side: 0, 0, 0
front only
else
else
else
front: 1.98762, 0, 2.5
side: 0, 0, 0
front only
else
else
else
else
front: 0, 0.44631, 2.5
back: 0, 1.33893, 7.5
front back
photon_ene: 661.6 photon_theta: 0.178674 photon_phi: 1.72255
traject_len: 5.07905
pe_len: 88.582 cs_len: 2.70592
---
else
else
else
else
else
else
else
else
else
else
front: 1.38779, 0, 2.5
side: 0, 0, 0
front only
else
else
front: 0, 0, 2.5
side: 0, 0, 0
front only
else
else
else
front: 0.207342, 0, 2.5
side: 0, 0, 0
front only
else
else
else
else
else
else
front: 2.03506, 0, 2.5
side: 0, 0, 0
front only
else
else
front: 0.908421, 0, 2.5
side: 0, 0, 0
front only
else
else
front: 0.116805, 0, 2.5
side: 0, 0, 0
front only
else
else
else
else
else
else
front: 0, 1.39396, 2.5
side: 0, 0, 0
front only
else
else
else
else
else
front: 0, 0.197, 2.5
side: 0, 0, 0
front only
else
front: 0, 0.707153, 2.5
side: 0, 0, 0
front only
else
else
else
front: 0, 0.557872, 2.5
back: 0, 1.67361, 7.5
front back
photon_ene: 661.6 photon_theta: 0.22258 photon_phi: 1.73865
traject_len: 5.12298
pe_len: 22.8799 cs_len: 0.555907
---
front: 0.778106, 0, 2.5
back: 2.33432, 0, 7.5
front back
photon_ene: 661.6 photon_theta: 2.83953 photon_phi: 3.09394
traject_len: 5.23658
pe_len: 48.6226 cs_len: 1.08607
---
front: 0, 0, 2.5
side: 0, 0, 0
front only
else
front: 0.0499238, 0, 2.5
back: 0.149771, 0, 7.5
front back
photon_ene: 661.6 photon_theta: 0.13842 photon_phi: 4.85623
traject_len: 5.001
pe_len: 6.00337 cs_len: 2.67874
---
else
else
else
else
else
else
front: 0.391885, 1.80694, 2.5
side: 0, 0, 0
front only
else
else
front: 0, 0, 2.5
side: 0, 0, 0
front only
else
front: 1.43442, 1.1059, 2.5
side: 0, 0, 0
front only
else
else
else
else
else
front: 0.26419, 0, 2.5
side: 0, 0, 0
front only
front: 0, 0, 2.5
back: 0, 0, 7.5
front back
photon_ene: 661.6 photon_theta: 2.84717 photon_phi: 0.596416
traject_len: 5
pe_len: 12.7279 cs_len: 3.02586
---
else
else
front: 0, 1.16723, 2.5
side: 0, 0, 0
front only
else
else
else
else
front: 0, 0, 2.5
side: 0, 0, 0
front only
front: 2.0561, 0, 2.5
side: 0, 0, 0
front only
front: 0.0871364, 0.692659, 2.5
back: 0.261409, 2.07798, 7.5
front back
photon_ene: 661.6 photon_theta: 2.86928 photon_phi: 4.58725
traject_len: 5.19129
pe_len: 60.4089 cs_len: 1.3564
---
front: 0, 0.0602945, 2.5
side: 0, 0, 0
front only
front: 0, 1.10814, 2.5
side: 0, 0, 0
front only
front: 0, 0, 2.5
side: 0, 0, 0
front only
else
else
front: 1.39027, 0, 2.5
side: 0, 0, 0
front only
front: 0, 1.44273, 2.5
side: 0, 0, 0
front only
front: 0.532937, 0, 2.5
side: 0, 0, 0
front only
else
else
else
else
else
front: 0, 0, 2.5
side: 0, 0, 0
front only
else
else
front: 0.531169, 1.96959, 2.5
side: 0, 0, 0
front only
else
front: 1.04056, 1.15695, 2.5
side: 0, 0, 0
front only
else
else
else
front: 0, 0, 2.5
side: 0, 0, 0
front only
else
front: 0.697987, 0.789811, 2.5
side: 0, 0, 0
front only
else
else
else
else
else
else
else
front: 0, 2.0984, 2.5
side: 0, 0, 0
front only
else
front: 0, 1.04211, 2.5
side: 0, 0, 0
front only
else
else
front: 0.557198, 0, 2.5
back: 1.67159, 0, 7.5
front back
photon_ene: 661.6 photon_theta: 2.89653 photon_phi: 2.67075
traject_len: 5.12268
pe_len: 33.747 cs_len: 0.219804
---
front: 0.785968, 0.421956, 2.5
side: 0, 0, 0
front only
else
else
front: 0.660835, 0, 2.5
back: 1.9825, 0, 7.5
front back
photon_ene: 661.6 photon_theta: 0.316294 photon_phi: 5.65257
traject_len: 5.17173
pe_len: 18.5481 cs_len: 10.5121
---
else
front: 0, 0, 2.5
side: 0, 0, 0
front only
else
else
else
else
front: 0, 0.522331, 2.5
back: 0, 1.56699, 7.5
front back
photon_ene: 661.6 photon_theta: 0.285265 photon_phi: 2.34862
traject_len: 5.10797
pe_len: 64.5127 cs_len: 1.94848
---
else
else
front: 0, 0, 2.5
side: 0, 0, 0
front only
else
else
else
else
else
else
else
else
else
front: 0.18702, 0.223682, 2.5
back: 0.561059, 0.671045, 7.5
front back
photon_ene: 661.6 photon_theta: 0.116101 photon_phi: 0.874429
traject_len: 5.03389
pe_len: 15.8534 cs_len: 5.51831
---
front: 0.419468, 0.0184849, 2.5
back: 1.25841, 0.0554547, 7.5
front back
photon_ene: 661.6 photon_theta: 0.166397 photon_phi: 0.044039
traject_len: 5.07003
pe_len: 15.2378 cs_len: 8.84145
---
else
front: 0.0410703, 0.610982, 2.5
back: 0.123211, 1.83295, 7.5
front back
photon_ene: 661.6 photon_theta: 0.240215 photon_phi: 1.50368
traject_len: 5.14781
pe_len: 8.13365 cs_len: 2.1524
---
else
front: 0, 0, 2.5
side: 0, 0, 0
front only
front: 0, 0, 2.5
back: 0, 0, 7.5
front back
photon_ene: 661.6 photon_theta: 0.138463 photon_phi: 3.15351
traject_len: 5
pe_len: 0.0530816 cs_len: 1.37752
---
front: 1.46599, 0, 2.5
side: 0, 0, 0
front only
else
else
else
front: 2.04398, 0.542383, 2.5
side: 0, 0, 0
front only
else
else
else
front: 1.57523, 0, 2.5
side: 0, 0, 0
front only
front: 0.854053, 0.746384, 2.5
side: 0, 0, 0
front only
front: 0, 0.784132, 2.5
side: 0, 0, 0
front only
else
else
else
else
front: 0, 0, 2.5
side: 0, 0, 0
front only
else
else
else
front: 1.28213, 0, 2.5
side: 0, 0, 0
front only
else
front: 0, 0.45109, 2.5
side: 0, 0, 0
front only
else
else
front: 0, 0, 2.5
side: 0, 0, 0
front only
front: 0.948761, 0, 2.5
side: 0, 0, 0
front only
front: 0, 0, 2.5
side: 0, 0, 0
front only
else
else
else
else
else
else
front: 0.674204, 0, 2.5
side: 0, 0, 0
front only
else
else
else
else
else
else
else
else
front: 2.14485, 0, 2.5
side: 0, 0, 0
front only
else
front: 1.06575, 0, 2.5
side: 0, 0, 0
front only
else
else
else
else
else
else
else
else
else
front: 1.3206, 1.99458, 2.5
side: 0, 0, 0
front only
else
front: 0, 0, 2.5
side: 0, 0, 0
front only
front: 0, 1.66973, 2.5
side: 0, 0, 0
front only
else
else
else
else
else
front: 0, 1.44203, 2.5
side: 0, 0, 0
front only
else
front: 0, 0, 2.5
side: 0, 0, 0
front only
else
else
front: 0, 1.44564, 2.5
side: 0, 0, 0
front only
else
else
front: 0.909823, 1.43197, 2.5
side: 0, 0, 0
front only
else
front: 0.934859, 0, 2.5
side: 0, 0, 0
front only
front: 0, 0.424015, 2.5
back: 0, 1.27204, 7.5
front back
photon_ene: 661.6 photon_theta: 2.92994 photon_phi: 5.37343
traject_len: 5.07141
pe_len: 15.2414 cs_len: 2.52475
---
else
else
else
else
front: 0.332766, 0.985557, 2.5
side: 0, 0, 0
front only
else
else
else
else
else
else
else
else
front: 0, 0, 2.5
side: 0, 0, 0
front only
front: 0, 0, 2.5
side: 0, 0, 0
front only
else
else
else
else
front: 1.35731, 0, 2.5
side: 0, 0, 0
front only
else
else
else
else
else
else
front: 0.69998, 0, 2.5
side: 0, 0, 0
front only
else
else
front: 0, 0.841785, 2.5
side: 0, 0, 0
front only
front: 1.14443, 1.61863, 2.5
side: 0, 0, 0
front only
front: 0, 1.10624, 2.5
side: 0, 0, 0
front only
front: 0.485461, 1.66267, 2.5
side: 0, 0, 0
front only
else
else
else
else
else
front: 0, 0, 2.5
side: 0, 0, 0
front only
else
else
front: 1.83172, 0.338648, 2.5
side: 0, 0, 0
front only
else
else
else
else
else
else
else
else
else
else
else
else
else
else
front: 0.367925, 1.37106, 2.5
side: 0, 0, 0
front only
else
else
else
front: 0.658553, 0, 2.5
side: 0, 0, 0
front only
front: 0, 0.912571, 2.5
side: 0, 0, 0
front only
else
else
else
else
else
front: 0, 0, 2.5
side: 0, 0, 0
front only
else
front: 0, 2.25748, 2.5
side: 0, 0, 0
front only
else
else
else
else
front: 0, 1.6445, 2.5
side: 0, 0, 0
front only
front: 0.567775, 0, 2.5
back: 1.70332, 0, 7.5
front back
photon_ene: 661.6 photon_theta: 0.242462 photon_phi: 5.87604
traject_len: 5.12733
pe_len: 31.5132 cs_len: 1.16363
---
else
else
else
else
front: 0, 0.657074, 2.5
side: 0, 0, 0
front only
else
else
else
else
else
front: 0, 0, 2.5
side: 0, 0, 0
front only
else
else
else
else
front: 0.0262699, 2.24347, 2.5
side: 0, 0, 0
front only
else
else
else
else
front: 0, 1.13782, 2.5
side: 0, 0, 0
front only
else
else
else
else
front: 0, 1.70044, 2.5
side: 0, 0, 0
front only
front: 1.08674, 1.26502, 2.5
side: 0, 0, 0
front only
else
else
else
else
else
else
else
front: 0, 0, 2.5
side: 0, 0, 0
front only
else
else
else
front: 0.0193031, 1.3485, 2.5
side: 0, 0, 0
front only
else
else
front: 0.619552, 0, 2.5
side: 0, 0, 0
front only
front: 0, 0, 2.5
side: 0, 0, 0
front only
front: 1.30406, 0.198582, 2.5
side: 0, 0, 0
front only
front: 0, 0.310289, 2.5
side: 0, 0, 0
front only
front: 0, 1.16513, 2.5
side: 0, 0, 0
front only
else
front: 1.51042, 0.274415, 2.5
side: 0, 0, 0
front only
front: 0.0865388, 1.22173, 2.5
side: 0, 0, 0
front only
front: 0.614227, 0.342577, 2.5
back: 1.84268, 1.02773, 7.5
front back
photon_ene: 661.6 photon_theta: 2.86736 photon_phi: 3.65036
traject_len: 5.19409
pe_len: 75.6577 cs_len: 0.311561
---
else
else
front: 0, 0.213676, 2.5
back: 0, 0.641029, 7.5
front back
photon_ene: 661.6 photon_theta: 0.218846 photon_phi: 2.74715
traject_len: 5.01823
pe_len: 35.3051 cs_len: 1.98202
---
else
else
front: 0, 0, 2.5
back: 0, 0, 7.5
front back
photon_ene: 661.6 photon_theta: 0.280311 photon_phi: 3.25908
traject_len: 5
pe_len: 14.5725 cs_len: 0.190007
---
else
else
front: 0.841676, 0.655357, 2.5
side: 0, 0, 0
front only
else
front: 0.285045, 0.712621, 2.5
back: 0.855135, 2.13786, 7.5
front back
photon_ene: 661.6 photon_theta: 2.84372 photon_phi: 4.33189
traject_len: 5.23033
pe_len: 45.4919 cs_len: 3.29304
---
else
else
else
else
else
else
else
front: 0, 0.902147, 2.5
side: 0, 0, 0
front only
else
front: 0, 0, 2.5
side: 0, 0, 0
front only
else
else
front: 0, 0, 2.5
side: 0, 0, 0
front only
else
front: 0.525117, 1.41749, 2.5
side: 0, 0, 0
front only
else
else
else
else
else
else
else
else
else
front: 0, 0, 2.5
side: 0, 0, 0
front only
else
else
else
else
else
else
front: 0, 0, 2.5
side: 0, 0, 0
front only
else
else
front: 0.235671, 0, 2.5
side: 0, 0, 0
front only
else
else
else
else
front: 1.33142, 0.412304, 2.5
side: 0, 0, 0
front only
else
else
front: 0, 1.34278, 2.5
side: 0, 0, 0
front only
else
front: 0, 0.636119, 2.5
side: 0, 0, 0
front only
else
front: 0, 0.741717, 2.5
back: 0, 2.22515, 7.5
front back
photon_ene: 661.6 photon_theta: 0.319131 photon_phi: 2.02663
traject_len: 5.21542
pe_len: 5.25444 cs_len: 2.51441
---
else
front: 0, 0, 2.5
side: 0, 0, 0
front only
front: 2.15989, 0.662323, 2.5
side: 0, 0, 0
front only
else
front: 1.21443, 0, 2.5
side: 0, 0, 0
front only
else
else
else
front: 0.59491, 2.17044, 2.5
side: 0, 0, 0
front only
else
else
else
else
front: 0, 0.239823, 2.5
side: 0, 0, 0
front only
else
else
else
front: 0, 0.221688, 2.5
back: 0, 0.665065, 7.5
front back
photon_ene: 661.6 photon_theta: 2.96968 photon_phi: 5.74717
traject_len: 5.01962
pe_len: 23.411 cs_len: 2.71796
---
front: 0, 0.238025, 2.5
side: 0, 0, 0
front only
else
front: 0.277168, 1.25656, 2.5
side: 0, 0, 0
front only
front: 0, 0, 2.5
side: 0, 0, 0
front only
front: 1.17463, 1.84805, 2.5
side: 0, 0, 0
front only
else
front: 0.328137, 0, 2.5
back: 0.98441, 0, 7.5
front back
photon_ene: 661.6 photon_theta: 3.00992 photon_phi: 3.00801
traject_len: 5.04289
pe_len: 24.0941 cs_len: 1.60179
---
front: 0, 0.881573, 2.5
side: 0, 0, 0
front only
else
else
else
else
else
front: 1.12275, 0, 2.5
side: 0, 0, 0
front only
else
front: 0, 2.19395, 2.5
side: 0, 0, 0
front only
else
front: 0, 0, 2.5
back: 0, 0, 7.5
front back
photon_ene: 661.6 photon_theta: 2.92032 photon_phi: 1.44199
traject_len: 5
pe_len: 72.8075 cs_len: 2.93722
---
else
front: 1.42301, 0.54713, 2.5
side: 0, 0, 0
front only
else
front: 0.342846, 0.357253, 2.5
back: 1.02854, 1.07176, 7.5
front back
photon_ene: 661.6 photon_theta: 2.94606 photon_phi: 3.94757
traject_len: 5.09713
pe_len: 39.824 cs_len: 17.1393
---
else
front: 0.0437398, 0, 2.5
side: 0, 0, 0
front only
front: 0.79053, 1.80898, 2.5
side: 0, 0, 0
front only
front: 1.34249, 1.01684, 2.5
side: 0, 0, 0
front only
else
else
front: 0, 0.601765, 2.5
back: 0, 1.8053, 7.5
front back
photon_ene: 661.6 photon_theta: 2.87108 photon_phi: 5.23204
traject_len: 5.14281
pe_len: 72.9059 cs_len: 3.73523
---
front: 0, 1.1852, 2.5
side: 0, 0, 0
front only
front: 0, 0, 2.5
back: 0, 0, 7.5
front back
photon_ene: 661.6 photon_theta: 0.0772729 photon_phi: 4.02665
traject_len: 5
pe_len: 22.3253 cs_len: 1.66667
---
else
else
else
else
else
else
else
else
else
else
else
front: 0, 0.815396, 2.5
side: 0, 0, 0
front only
front: 0, 1.19314, 2.5
side: 0, 0, 0
front only
else
else
front: 0, 0, 2.5
side: 0, 0, 0
front only
else
front: 0, 2.36469, 2.5
side: 0, 0, 0
front only
front: 0, 0, 2.5
side: 0, 0, 0
front only
else
front: 0.365638, 0, 2.5
side: 0, 0, 0
front only
else
else
front: 0, 0, 2.5
side: 0, 0, 0
front only
else
front: 0, 1.46446, 2.5
side: 0, 0, 0
front only
else
else
else
front: 1.04509, 1.5549, 2.5
side: 0, 0, 0
front only
else
else
front: 0, 0.534563, 2.5
back: 0, 1.60369, 7.5
front back
photon_ene: 661.6 photon_theta: 2.89273 photon_phi: 5.28331
traject_len: 5.11303
pe_len: 4.73096 cs_len: 2.93705
---
else
else
front: 1.95621, 1.06148, 2.5
side: 0, 0, 0
front only
else
else
else
else
else
else
else
front: 0, 1.01477, 2.5
side: 0, 0, 0
front only
front: 0, 0, 2.5
side: 0, 0, 0
front only
else
else
else
else
else
else
else
else
else
else
front: 0.387283, 0.401635, 2.5
back: 1.16185, 1.20491, 7.5
front back
photon_ene: 661.6 photon_theta: 2.92201 photon_phi: 3.94518
traject_len: 5.12301
pe_len: 1.80767 cs_len: 3.81294
---
else
else
front: 0, 1.45212, 2.5
side: 0, 0, 0
front only
else
front: 0.588042, 1.19827, 2.5
side: 0, 0, 0
front only
else
else
front: 1.53211, 0, 2.5
side: 0, 0, 0
front only
else
else
else
else
front: 0.210021, 0, 2.5
back: 0.630063, 0, 7.5
front back
photon_ene: 661.6 photon_theta: 0.0898397 photon_phi: 5.91387
traject_len: 5.01761
pe_len: 49.3386 cs_len: 1.82656
---
else
else
front: 0.289358, 0, 2.5
back: 0.868074, 0, 7.5
front back
photon_ene: 661.6 photon_theta: 0.223411 photon_phi: 5.2469
traject_len: 5.03338
pe_len: 17.9119 cs_len: 2.0533
---
else
else
else
else
else
front: 2.26274, 0, 2.5
side: 0, 0, 0
front only
else
front: 1.2462, 1.99895, 2.5
side: 0, 0, 0
front only
front: 1.1517, 0, 2.5
side: 0, 0, 0
front only
front: 0.870155, 0.45637, 2.5
side: 0, 0, 0
front only
else
front: 0, 0, 2.5
side: 0, 0, 0
front only
else
else
else
else
else
front: 0, 1.80085, 2.5
side: 0, 0, 0
front only
else
else
else
else
else
front: 0, 0, 2.5
side: 0, 0, 0
front only
front: 0, 1.34238, 2.5
side: 0, 0, 0
front only
front: 0.915213, 1.60748, 2.5
side: 0, 0, 0
front only
front: 0, 0, 2.5
side: 0, 0, 0
front only
front: 0.040935, 0.52831, 2.5
back: 0.122805, 1.58493, 7.5
front back
photon_ene: 661.6 photon_theta: 0.208866 photon_phi: 1.49347
traject_len: 5.11108
pe_len: 32.1501 cs_len: 0.192136
---
else
else
else
else
else
else
front: 0, 0, 2.5
side: 0, 0, 0
front only
front: 1.42183, 0, 2.5
side: 0, 0, 0
front only
front: 1.20765, 1.77688, 2.5
side: 0, 0, 0
front only
else
else
else
else
else
else
front: 0.586278, 0.0692959, 2.5
back: 1.75883, 0.207888, 7.5
front back
photon_ene: 661.6 photon_theta: 2.9097 photon_phi: 3.25924
traject_len: 5.13752
pe_len: 26.1041 cs_len: 3.16
---
front: 0, 0, 2.5
side: 0, 0, 0
front only
else
front: 1.44635, 0.0704318, 2.5
side: 0, 0, 0
front only
front: 0, 0, 2.5
side: 0, 0, 0
front only
else
front: 0.720172, 0, 2.5
side: 0, 0, 0
front only
else
else
else
else
else
front: 0.716722, 0, 2.5
side: 0, 0, 0
front only
else
else
else
front: 0, 0, 2.5
back: 0, 0, 7.5
front back
photon_ene: 661.6 photon_theta: 2.86434 photon_phi: 0.685157
traject_len: 5
pe_len: 14.6259 cs_len: 7.55894
---
front: 0.0532855, 1.04723, 2.5
side: 0, 0, 0
front only
else
else
front: 0, 0, 2.5
back: 0, 0, 7.5
front back
photon_ene: 661.6 photon_theta: 0.298067 photon_phi: 3.4446
traject_len: 5
pe_len: 17.5358 cs_len: 1.15695
---
else
else
front: 0.0175252, 0, 2.5
back: 0.0525757, 0, 7.5
front back
photon_ene: 661.6 photon_theta: 0.17061 photon_phi: 4.75309
traject_len: 5.00012
pe_len: 29.6712 cs_len: 3.15489
---
else
front: 0, 0, 2.5
side: 0, 0, 0
front only
else
front: 0.856017, 0, 2.5
side: 0, 0, 0
front only
else
else
else
else
front: 1.13958, 0, 2.5
side: 0, 0, 0
front only
else
else
front: 1.19469, 0, 2.5
side: 0, 0, 0
front only
front: 1.94574, 1.46897, 2.5
side: 0, 0, 0
front only
else
else
else
else
else
front: 0, 0, 2.5
side: 0, 0, 0
front only
else
else
front: 0, 0, 2.5
back: 0, 0, 7.5
front back
photon_ene: 661.6 photon_theta: 0.205704 photon_phi: 4.17196
traject_len: 5
pe_len: 20.1228 cs_len: 1.23412
---
else
front: 0, 0, 2.5
back: 0, 0, 7.5
front back
photon_ene: 661.6 photon_theta: 0.272205 photon_phi: 4.06086
traject_len: 5
pe_len: 53.3248 cs_len: 3.57869
---
else
else
else
else
front: 0, 0.0356691, 2.5
side: 0, 0, 0
front only
else
front: 1.70014, 0.673919, 2.5
side: 0, 0, 0
front only
else
else
else
front: 0, 1.01593, 2.5
side: 0, 0, 0
front only
else
else
else
else
else
front: 0.72546, 0.979354, 2.5
side: 0, 0, 0
front only
else
front: 0, 0, 2.5
side: 0, 0, 0
front only
else
front: 0.47642, 0, 2.5
side: 0, 0, 0
front only
else
else
front: 0, 1.97762, 2.5
side: 0, 0, 0
front only
front: 0.106376, 0, 2.5
back: 0.319127, 0, 7.5
front back
photon_ene: 661.6 photon_theta: 0.0557769 photon_phi: 5.5789
traject_len: 5.00452
pe_len: 125.129 cs_len: 0.615254
---
else
else
front: 1.96929, 0, 2.5
side: 0, 0, 0
front only
else
front: 2.31265, 0.307767, 2.5
side: 0, 0, 0
front only
front: 0, 0, 2.5
side: 0, 0, 0
front only
else
front: 0.25884, 0, 2.5
back: 0.77652, 0, 7.5
front back
photon_ene: 661.6 photon_theta: 0.171668 photon_phi: 5.35237
traject_len: 5.02673
pe_len: 58.9641 cs_len: 2.67418
---
front: 0, 0.705546, 2.5
side: 0, 0, 0
front only
else
else
else
else
else
else
front: 0, 0, 2.5
side: 0, 0, 0
front only
front: 0, 0, 2.5
back: 0, 0, 7.5
front back
photon_ene: 661.6 photon_theta: 0.257624 photon_phi: 3.66432
traject_len: 5
pe_len: 29.5205 cs_len: 8.39386
---
else
front: 0.136621, 0, 2.5
side: 0, 0, 0
front only
else
else
front: 0.548378, 0, 2.5
side: 0, 0, 0
front only
else
else
else
else
else
else
else
front: 0, 0, 2.5
side: 0, 0, 0
front only
else
front: 0, 0.724304, 2.5
side: 0, 0, 0
front only
front: 0, 2.26772, 2.5
side: 0, 0, 0
front only
else
else
front: 0, 0, 2.5
side: 0, 0, 0
front only
else
else
front: 0.129626, 0.332095, 2.5
back: 0.388877, 0.996286, 7.5
front back
photon_ene: 661.6 photon_theta: 0.141644 photon_phi: 1.19866
traject_len: 5.05058
pe_len: 75.2103 cs_len: 20.5755
---
else
else
else
else
else
front: 0, 0, 2.5
side: 0, 0, 0
front only
else
front: 0, 1.37616, 2.5
side: 0, 0, 0
front only
else
else
else
front: 0.515455, 0, 2.5
side: 0, 0, 0
front only
else
front: 0, 0.181819, 2.5
side: 0, 0, 0
front only
else
else
else
else
front: 0, 0, 2.5
side: 0, 0, 0
front only
front: 0.334022, 1.31431, 2.5
side: 0, 0, 0
front only
else
else
else
else
else
else
else
front: 0, 0, 2.5
side: 0, 0, 0
front only
else
front: 0, 0, 2.5
side: 0, 0, 0
front only
front: 1.23527, 1.49983, 2.5
side: 0, 0, 0
front only
else
front: 0.913754, 0, 2.5
side: 0, 0, 0
front only
front: 0, 0.990474, 2.5
side: 0, 0, 0
front only
else
else
front: 0.506236, 0, 2.5
back: 1.51871, 0, 7.5
front back
photon_ene: 661.6 photon_theta: 0.200946 photon_phi: 6.17454
traject_len: 5.10148
pe_len: 23.9023 cs_len: 2.90841
---
else
else
else
else
else
front: 0.24028, 0.972198, 2.5
side: 0, 0, 0
front only
front: 0.362486, 1.72552, 2.5
side: 0, 0, 0
front only
else
else
else
else
else
else
else
front: 1.44522, 0.595379, 2.5
side: 0, 0, 0
front only
else
else
front: 0, 0.290289, 2.5
side: 0, 0, 0
front only
else
else
else
front: 0.0167885, 0, 2.5
side: 0, 0, 0
front only
else
else
else
else
else
front: 0, 1.3016, 2.5
side: 0, 0, 0
front only
else
front: 0, 0, 2.5
side: 0, 0, 0
front only
else
else
front: 0, 0, 2.5
side: 0, 0, 0
front only
else
else
else
else
else
else
front: 0, 2.22887, 2.5
side: 0, 0, 0
front only
else
front: 0, 0.634147, 2.5
back: 0, 1.90244, 7.5
front back
photon_ene: 661.6 photon_theta: 2.82194 photon_phi: 5.41006
traject_len: 5.15835
pe_len: 4.7355 cs_len: 18.0862
---
front: 0, 0, 2.5
side: 0, 0, 0
front only
front: 0, 0, 2.5
side: 0, 0, 0
front only
else
else
else
else
else
front: 1.16072, 0.200114, 2.5
side: 0, 0, 0
front only
else
else
else
front: 0.441591, 0, 2.5
back: 1.32477, 0, 7.5
front back
photon_ene: 661.6 photon_theta: 0.183367 photon_phi: 5.97365
traject_len: 5.0774
pe_len: 13.2399 cs_len: 8.69414
---
else
else
else
else
else
else
front: 0, 0, 2.5
side: 0, 0, 0
front only
else
else
else
front: 0.508259, 0, 2.5
back: 1.52478, 0, 7.5
front back
photon_ene: 661.6 photon_theta: 2.94069 photon_phi: 3.08341
traject_len: 5.10228
pe_len: 9.02316 cs_len: 1.30656
---
else
front: 0.222887, 0.465112, 2.5
back: 0.66866, 1.39534, 7.5
front back
photon_ene: 661.6 photon_theta: 0.203449 photon_phi: 1.12392
traject_len: 5.10529
pe_len: 99.7186 cs_len: 5.37073
---
front: 0, 0.383594, 2.5
back: 0, 1.15078, 7.5
front back
photon_ene: 661.6 photon_theta: 0.152278 photon_phi: 1.59018
traject_len: 5.05852
pe_len: 14.0654 cs_len: 8.39886
---
front: 0, 0, 2.5
side: 0, 0, 0
front only
front: 0, 0, 2.5
back: 0, 0, 7.5
front back
photon_ene: 661.6 photon_theta: 0.138175 photon_phi: 4.38118
traject_len: 5
pe_len: 7.84088 cs_len: 1.54817
---
front: 0, 0, 2.5
side: 0, 0, 0
front only
else
else
else
else
else
else
else
front: 0, 0.502256, 2.5
side: 0, 0, 0
front only
else
front: 0, 1.11903, 2.5
side: 0, 0, 0
front only
else
else
front: 0, 1.38829, 2.5
side: 0, 0, 0
front only
else
front: 0, 1.09405, 2.5
side: 0, 0, 0
front only
else
else
else
else
else
front: 0, 0.312999, 2.5
side: 0, 0, 0
front only
else
else
else
else
front: 0.252244, 0, 2.5
side: 0, 0, 0
front only
else
else
else
else
else
else
else
else
else
else
front: 0, 0.0715426, 2.5
side: 0, 0, 0
front only
else
front: 0, 2.24519, 2.5
side: 0, 0, 0
front only
front: 0, 0.25085, 2.5
side: 0, 0, 0
front only
else
else
else
else
else
else
front: 0.399101, 0, 2.5
back: 1.1973, 0, 7.5
front back
photon_ene: 661.6 photon_theta: 0.200464 photon_phi: 5.61615
traject_len: 5.06331
pe_len: 82.4401 cs_len: 1.9877
---
else
else
else
else
else
else
else
else
front: 1.96259, 0.453183, 2.5
side: 0, 0, 0
front only
else
front: 0, 0, 2.5
side: 0, 0, 0
front only
front: 0, 0, 2.5
side: 0, 0, 0
front only
else
front: 0, 1.50214, 2.5
side: 0, 0, 0
front only
else
front: 0, 0, 2.5
side: 0, 0, 0
front only
else
else
else
else
front: 0.836148, 1.61502, 2.5
side: 0, 0, 0
front only
front: 0, 0, 2.5
side: 0, 0, 0
front only
else
else
else
else
front: 0.816405, 0, 2.5
side: 0, 0, 0
front only
else
else
else
front: 2.04584, 0.811446, 2.5
side: 0, 0, 0
front only
else
front: 0.464412, 0, 2.5
side: 0, 0, 0
front only
front: 0.245684, 1.61709, 2.5
side: 0, 0, 0
front only
else
else
else
else
else
else
front: 0, 0.195861, 2.5
back: 0, 0.587582, 7.5
front back
photon_ene: 661.6 photon_theta: 0.189741 photon_phi: 2.7214
traject_len: 5.01532
pe_len: 65.9434 cs_len: 2.40044
---
else
front: 0, 0.353917, 2.5
side: 0, 0, 0
front only
else
else
else
else
front: 0, 1.14834, 2.5
side: 0, 0, 0
front only
front: 1.70253, 0.13956, 2.5
side: 0, 0, 0
front only
front: 0.802357, 0, 2.5
side: 0, 0, 0
front only
else
front: 0.868911, 0, 2.5
side: 0, 0, 0
front only
front: 0, 0.245472, 2.5
back: 0, 0.736416, 7.5
front back
photon_ene: 661.6 photon_theta: 0.109526 photon_phi: 2.03785
traject_len: 5.02404
pe_len: 66.0575 cs_len: 4.59721
---
else
else
front: 0.0794378, 2.24786, 2.5
side: 0, 0, 0
front only
else
else
else
else
else
else
else
front: 0.268327, 0, 2.5
back: 0.804982, 0, 7.5
front back
photon_ene: 661.6 photon_theta: 2.99236 photon_phi: 2.36581
traject_len: 5.02872
pe_len: 29.9225 cs_len: 0.967209
---
else
else
else
front: 0, 0.633244, 2.5
back: 0, 1.89973, 7.5
front back
photon_ene: 661.6 photon_theta: 2.8895 photon_phi: 4.89472
traject_len: 5.15791
pe_len: 24.876 cs_len: 5.50516
---
else
front: 0.226753, 1.56336, 2.5
side: 0, 0, 0
front only
front: 0, 0.792307, 2.5
side: 0, 0, 0
front only
front: 0.741377, 1.69264, 2.5
side: 0, 0, 0
front only
front: 0, 1.60789, 2.5
side: 0, 0, 0
front only
else
else
else
else
else
else
else
front: 0.715163, 0, 2.5
side: 0, 0, 0
front only
front: 0, 0, 2.5
side: 0, 0, 0
front only
else
else
else
else
front: 0, 0, 2.5
side: 0, 0, 0
front only
else
else
front: 0, 1.89622, 2.5
side: 0, 0, 0
front only
else
front: 0.773946, 0, 2.5
side: 0, 0, 0
front only
else
else
else
front: 0, 0.900188, 2.5
side: 0, 0, 0
front only
else
else
else
else
else
front: 0, 1.86911, 2.5
side: 0, 0, 0
front only
front: 0, 0.751245, 2.5
side: 0, 0, 0
front only
front: 0.762993, 1.72864, 2.5
side: 0, 0, 0
front only
else
else
front: 1.84353, 0.52237, 2.5
side: 0, 0, 0
front only
else
else
else
else
else
front: 0, 1.88522, 2.5
side: 0, 0, 0
front only
else
front: 0, 0, 2.5
back: 0, 0, 7.5
front back
photon_ene: 661.6 photon_theta: 0.259894 photon_phi: 3.63854
traject_len: 5
pe_len: 48.1997 cs_len: 0.251881
---
front: 0, 1.10016, 2.5
side: 0, 0, 0
front only
else
else
else
front: 0, 0.615175, 2.5
back: 0, 1.84552, 7.5
front back
photon_ene: 661.6 photon_theta: 2.8835 photon_phi: 5.08288
traject_len: 5.14915
pe_len: 40.4579 cs_len: 1.46032
---
else
else
else
else
front: 0, 1.77064, 2.5
side: 0, 0, 0
front only
else
else
else
else
else
else
else
else
else
else
front: 0, 0, 2.5
side: 0, 0, 0
front only
else
else
else
else
else
front: 0, 0, 2.5
side: 0, 0, 0
front only
front: 0.51209, 1.0925, 2.5
side: 0, 0, 0
front only
front: 0, 0.124849, 2.5
back: 0, 0.374547, 7.5
front back
photon_ene: 661.6 photon_theta: 0.126088 photon_phi: 2.73665
traject_len: 5.00623
pe_len: 33.355 cs_len: 9.01859
---
else
else
front: 0, 1.69815, 2.5
side: 0, 0, 0
front only
else
front: 0.259083, 0, 2.5
side: 0, 0, 0
front only
else
front: 0, 0, 2.5
side: 0, 0, 0
front only
front: 0.753624, 0.656058, 2.5
side: 0, 0, 0
front only
else
front: 1.6798, 1.32348, 2.5
side: 0, 0, 0
front only
else
else
else
else
else
else
else
else
else
else
front: 0.946604, 0, 2.5
side: 0, 0, 0
front only
else
else
else
else
else
else
else
else
front: 0.869514, 0, 2.5
side: 0, 0, 0
front only
else
else
else
else
else
else
else
else
else
else
else
else
else
front: 0.562491, 0.956955, 2.5
side: 0, 0, 0
front only
front: 0.852807, 0, 2.5
side: 0, 0, 0
front only
else
front: 1.34977, 0, 2.5
side: 0, 0, 0
front only
else
else
front: 1.86433, 0.506457, 2.5
side: 0, 0, 0
front only
else
else
else
else
else
else
else
else
front: 1.59276, 0.322828, 2.5
side: 0, 0, 0
front only
else
else
front: 0, 0.160354, 2.5
back: 0, 0.481063, 7.5
front back
photon_ene: 661.6 photon_theta: 3.07647 photon_phi: 4.89429
traject_len: 5.01027
pe_len: 1.11046 cs_len: 2.43931
---
else
else
else
else
else
else
else
else
else
else
else
else
else
else
else
front: 0, 0, 2.5
side: 0, 0, 0
front only
else
else
else
else
else
else
else
else
front: 0.764974, 0, 2.5
side: 0, 0, 0
front only
else
else
front: 0, 1.11846, 2.5
side: 0, 0, 0
front only
else
else
else
else
else
else
else
else
front: 0.982551, 0.120552, 2.5
side: 0, 0, 0
front only
else
else
else
front: 0, 0, 2.5
side: 0, 0, 0
front only
else
else
front: 0.370676, 0.183098, 2.5
back: 1.11203, 0.549293, 7.5
front back
photon_ene: 661.6 photon_theta: 2.9777 photon_phi: 3.60039
traject_len: 5.06791
pe_len: 10.6174 cs_len: 4.63994
---
front: 0.872782, 0, 2.5
side: 0, 0, 0
front only
else
else
else
front: 0.169125, 0, 2.5
back: 0.507375, 0, 7.5
front back
photon_ene: 661.6 photon_theta: 0.194935 photon_phi: 5.06211
traject_len: 5.01143
pe_len: 58.6776 cs_len: 1.7326
---
front: 0.891755, 0, 2.5
side: 0, 0, 0
front only
front: 1.7368, 0.805812, 2.5
side: 0, 0, 0
front only
front: 1.24623, 0, 2.5
side: 0, 0, 0
front only
else
else
front: 2.09033, 0.459494, 2.5
side: 0, 0, 0
front only
else
else
front: 0, 0, 2.5
side: 0, 0, 0
front only
front: 0, 1.9226, 2.5
side: 0, 0, 0
front only
else
else
else
else
else
front: 1.87167, 0.706054, 2.5
side: 0, 0, 0
front only
front: 1.16188, 0.895621, 2.5
side: 0, 0, 0
front only
else
else
front: 0.0934728, 0, 2.5
side: 0, 0, 0
front only
else
front: 1.85755, 0, 2.5
side: 0, 0, 0
front only
front: 0, 0.427657, 2.5
side: 0, 0, 0
front only
front: 1.10653, 1.77167, 2.5
side: 0, 0, 0
front only
else
else
else
front: 0, 0, 2.5
side: 0, 0, 0
front only
else
else
else
else
else
else
else
else
front: 1.73387, 0.336408, 2.5
side: 0, 0, 0
front only
else
front: 1.75302, 0.290006, 2.5
side: 0, 0, 0
front only
front: 0.538828, 1.10892, 2.5
side: 0, 0, 0
front only
front: 1.62258, 0.349982, 2.5
side: 0, 0, 0
front only
else
else
front: 0.984358, 1.04694, 2.5
side: 0, 0, 0
front only
front: 0.23727, 1.02433, 2.5
side: 0, 0, 0
front only
front: 1.00392, 0, 2.5
side: 0, 0, 0
front only
else
else
front: 0.108516, 2.32243, 2.5
side: 0, 0, 0
front only
else
front: 1.10689, 0.735835, 2.5
side: 0, 0, 0
front only
else
else
else
front: 0.937716, 0.244369, 2.5
side: 0, 0, 0
front only
else
else
front: 0, 1.19195, 2.5
side: 0, 0, 0
front only
else
else
else
front: 0, 0, 2.5
side: 0, 0, 0
front only
front: 0.295865, 0, 2.5
back: 0.887596, 0, 7.5
front back
photon_ene: 661.6 photon_theta: 3.02273 photon_phi: 3.00734
traject_len: 5.03489
pe_len: 106.053 cs_len: 6.28705
---
front: 0, 1.7488, 2.5
side: 0, 0, 0
front only
else
else
else
else
else
else
else
else
front: 0, 0, 2.5
side: 0, 0, 0
front only
else
else
else
front: 0, 0.0639759, 2.5
back: 0, 0.191928, 7.5
front back
photon_ene: 661.6 photon_theta: 2.85569 photon_phi: 6.19602
traject_len: 5.00164
pe_len: 71.2317 cs_len: 2.97747
---
front: 1.34516, 0.484298, 2.5
side: 0, 0, 0
front only
else
else
else
else
else
else
else
front: 0.051216, 0, 2.5
side: 0, 0, 0
front only
front: 0, 0, 2.5
side: 0, 0, 0
front only
else
front: 0, 0.251316, 2.5
side: 0, 0, 0
front only
front: 1.3295, 0, 2.5
side: 0, 0, 0
front only
else
front: 1.08168, 0, 2.5
side: 0, 0, 0
front only
front: 0.54924, 0, 2.5
side: 0, 0, 0
front only
else
front: 0.297676, 0, 2.5
side: 0, 0, 0
front only
else
else
front: 0.00427672, 0, 2.5
back: 0.0128302, 0, 7.5
front back
photon_ene: 661.6 photon_theta: 0.234601 photon_phi: 4.71955
traject_len: 5.00001
pe_len: 0.968262 cs_len: 0.416298
---
front: 0.684221, 0, 2.5
side: 0, 0, 0
front only
else
else
else
else
else
front: 0, 0.929658, 2.5
side: 0, 0, 0
front only
else
else
else
front: 1.03399, 0.617468, 2.5
side: 0, 0, 0
front only
else
else
else
front: 0, 0, 2.5
side: 0, 0, 0
front only
else
front: 0, 0.89717, 2.5
side: 0, 0, 0
front only
else
else
front: 0, 0, 2.5
side: 0, 0, 0
front only
front: 0, 0, 2.5
back: 0, 0, 7.5
front back
photon_ene: 661.6 photon_theta: 2.89192 photon_phi: 0.824497
traject_len: 5
pe_len: 16.0375 cs_len: 2.8693
---
front: 0.699098, 0, 2.5
side: 0, 0, 0
front only
else
front: 0.720427, 1.30453, 2.5
side: 0, 0, 0
front only
front: 0.0587008, 0.249795, 2.5
back: 0.176102, 0.749384, 7.5
front back
photon_ene: 661.6 photon_theta: 0.102281 photon_phi: 1.33999
traject_len: 5.02627
pe_len: 31.1071 cs_len: 2.63278
---
front: 0.107837, 1.59576, 2.5
side: 0, 0, 0
front only
else
front: 0, 0, 2.5
side: 0, 0, 0
front only
else
else
else
front: 0, 0, 2.5
back: 0, 0, 7.5
front back
photon_ene: 661.6 photon_theta: 2.84034 photon_phi: 1.46172
traject_len: 5
pe_len: 213.991 cs_len: 4.76117
---
else
front: 1.31918, 0.215046, 2.5
side: 0, 0, 0
front only
front: 0, 0, 2.5
side: 0, 0, 0
front only
front: 0, 0.745419, 2.5
back: 0, 2.23626, 7.5
front back
photon_ene: 661.6 photon_theta: 0.299811 photon_phi: 1.8379
traject_len: 5.21753
pe_len: 58.478 cs_len: 2.11545
---
else
front: 2.17479, 0, 2.5
side: 0, 0, 0
front only
else
else
else
else
else
front: 0, 0, 2.5
side: 0, 0, 0
front only
front: 0.548329, 0.00862586, 2.5
back: 1.64499, 0.0258776, 7.5
front back
photon_ene: 661.6 photon_theta: 2.92565 photon_phi: 3.15732
traject_len: 5.11888
pe_len: 20.3034 cs_len: 1.41021
---
else
else
front: 0.588728, 0.900783, 2.5
side: 0, 0, 0
front only
front: 0.544266, 2.41409, 2.5
side: 0, 0, 0
front only
else
else
else
else
else
else
else
else
else
else
else
else
else
else
front: 1.77619, 0, 2.5
side: 0, 0, 0
front only
else
front: 0.652591, 0, 2.5
back: 1.95777, 0, 7.5
front back
photon_ene: 661.6 photon_theta: 0.257434 photon_phi: 6.15266
traject_len: 5.16754
pe_len: 5.88214 cs_len: 5.71331
---
front: 0, 0.725186, 2.5
side: 0, 0, 0
front only
else
front: 0, 0.0231261, 2.5
side: 0, 0, 0
front only
else
else
front: 0, 0, 2.5
side: 0, 0, 0
front only
front: 0.996376, 1.19884, 2.5
side: 0, 0, 0
front only
front: 0.8666, 1.85275, 2.5
side: 0, 0, 0
front only
front: 0, 1.1679, 2.5
side: 0, 0, 0
front only
else
front: 0, 0, 2.5
side: 0, 0, 0
front only
front: 1.78124, 0.515869, 2.5
side: 0, 0, 0
front only
front: 1.09451, 0.697587, 2.5
side: 0, 0, 0
front only
else
else
else
else
front: 1.686, 0.288854, 2.5
side: 0, 0, 0
front only
else
else
front: 0.173754, 0, 2.5
side: 0, 0, 0
front only
front: 0, 0.811457, 2.5
side: 0, 0, 0
front only
else
front: 2.14468, 0, 2.5
side: 0, 0, 0
front only
else
else
front: 0, 0.470399, 2.5
back: 0, 1.4112, 7.5
front back
photon_ene: 661.6 photon_theta: 2.89337 photon_phi: 5.44654
traject_len: 5.08774
pe_len: 57.8512 cs_len: 1.20775
---
else
else
else
front: 0, 0, 2.5
side: 0, 0, 0
front only
else
else
else
else
else
else
else
front: 0.506645, 1.57931, 2.5
side: 0, 0, 0
front only
else
front: 0, 0, 2.5
back: 0, 0, 7.5
front back
photon_ene: 661.6 photon_theta: 2.8605 photon_phi: 1.24661
traject_len: 5
pe_len: 8.23384 cs_len: 0.107469
---
front: 1.02273, 0, 2.5
side: 0, 0, 0
front only
else
front: 0, 0, 2.5
back: 0, 0, 7.5
front back
photon_ene: 661.6 photon_theta: 2.98586 photon_phi: 0.582291
traject_len: 5
pe_len: 43.483 cs_len: 0.598721
---
front: 0, 0.619421, 2.5
side: 0, 0, 0
front only
else
front: 0, 0.715887, 2.5
side: 0, 0, 0
front only
else
else
else
else
front: 0, 0, 2.5
side: 0, 0, 0
front only
else
else
else
else
else
else
else
else
front: 0.24132, 0, 2.5
back: 0.72396, 0, 7.5
front back
photon_ene: 661.6 photon_theta: 2.94423 photon_phi: 2.07456
traject_len: 5.02324
pe_len: 20.6701 cs_len: 3.70757
---
else
front: 0, 0, 2.5
side: 0, 0, 0
front only
else
else
else
else
front: 0.676378, 1.29918, 2.5
side: 0, 0, 0
front only
front: 0, 0, 2.5
side: 0, 0, 0
front only
else
else
else
else
front: 0, 0, 2.5
side: 0, 0, 0
front only
front: 1.95285, 0, 2.5
side: 0, 0, 0
front only
else
else
else
else
else
front: 0, 0.587017, 2.5
side: 0, 0, 0
front only
else
front: 0, 0, 2.5
side: 0, 0, 0
front only
else
front: 0.484217, 2.18151, 2.5
side: 0, 0, 0
front only
else
else
front: 0, 0, 2.5
side: 0, 0, 0
front only
else
front: 0, 0, 2.5
side: 0, 0, 0
front only
else
else
else
else
else
else
front: 1.06668, 0, 2.5
side: 0, 0, 0
front only
else
else
else
front: 1.40989, 0, 2.5
side: 0, 0, 0
front only
else
else
else
else
else
else
front: 0, 0.804579, 2.5
side: 0, 0, 0
front only
else
front: 0, 2.00431, 2.5
side: 0, 0, 0
front only
front: 0, 1.45359, 2.5
side: 0, 0, 0
front only
else
else
else
else
else
else
else
front: 0, 0.171941, 2.5
back: 0, 0.515824, 7.5
front back
photon_ene: 661.6 photon_theta: 0.0990622 photon_phi: 2.37733
traject_len: 5.01181
pe_len: 118.522 cs_len: 3.68517
---
front: 0.392165, 0, 2.5
side: 0, 0, 0
front only
else
else
else
else
else
else
else
else
front: 2.28685, 0.407019, 2.5
side: 0, 0, 0
front only
else
else
else
front: 0.991906, 0, 2.5
side: 0, 0, 0
front only
front: 0, 0, 2.5
side: 0, 0, 0
front only
else
else
else
front: 0.996983, 0, 2.5
side: 0, 0, 0
front only
else
front: 0, 0, 2.5
side: 0, 0, 0
front only
else
else
else
else
else
else
else
else
else
else
front: 0, 0, 2.5
side: 0, 0, 0
front only
front: 0, 1.39108, 2.5
side: 0, 0, 0
front only
else
else
else
front: 1.69028, 1.54511, 2.5
side: 0, 0, 0
front only
front: 0, 0, 2.5
back: 0, 0, 7.5
front back
photon_ene: 661.6 photon_theta: 2.84279 photon_phi: 1.54433
traject_len: 5
pe_len: 145.855 cs_len: 4.74363
---
else
else
else
else
else
front: 1.36202, 0, 2.5
side: 0, 0, 0
front only
front: 0, 0.468688, 2.5
back: 0, 1.40606, 7.5
front back
photon_ene: 661.6 photon_theta: 2.95375 photon_phi: 4.87837
traject_len: 5.08711
pe_len: 19.0179 cs_len: 0.385942
---
else
front: 0, 0.0611921, 2.5
back: 0, 0.183576, 7.5
front back
photon_ene: 661.6 photon_theta: 0.0587873 photon_phi: 2.71268
traject_len: 5.0015
pe_len: 16.6531 cs_len: 1.84702
---
else
else
front: 1.8749, 0, 2.5
side: 0, 0, 0
front only
else
else
else
else
else
front: 0, 0, 2.5
side: 0, 0, 0
front only
else
front: 0.240343, 0, 2.5
back: 0.72103, 0, 7.5
front back
photon_ene: 661.6 photon_theta: 2.86302 photon_phi: 1.91361
traject_len: 5.02305
pe_len: 23.3389 cs_len: 0.753383
---
else
else
else
else
else
else
else
else
else
else
else
front: 0.7662, 0, 2.5
side: 0, 0, 0
front only
else
else
else
front: 0, 0, 2.5
side: 0, 0, 0
front only
else
else
front: 0.285619, 0.181106, 2.5
back: 0.856858, 0.543318, 7.5
front back
photon_ene: 661.6 photon_theta: 3.00713 photon_phi: 3.7067
traject_len: 5.04554
pe_len: 10.4073 cs_len: 5.29344
---
front: 0, 1.3122, 2.5
side: 0, 0, 0
front only
else
else
front: 0, 1.85349, 2.5
side: 0, 0, 0
front only
front: 0, 0, 2.5
side: 0, 0, 0
front only
front: 0, 0, 2.5
side: 0, 0, 0
front only
else
front: 0, 0.784079, 2.5
side: 0, 0, 0
front only
front: 0, 0, 2.5
side: 0, 0, 0
front only
else
else
else
else
else
else
else
else
else
else
front: 0, 0, 2.5
side: 0, 0, 0
front only
else
else
else
front: 1.93744, 1.16418, 2.5
side: 0, 0, 0
front only
front: 2.07957, 0, 2.5
side: 0, 0, 0
front only
else
else
else
else
else
front: 0, 2.00915, 2.5
side: 0, 0, 0
front only
front: 0.507645, 0.324592, 2.5
back: 1.52294, 0.973777, 7.5
front back
photon_ene: 661.6 photon_theta: 2.90508 photon_phi: 3.71049
traject_len: 5.14318
pe_len: 20.5949 cs_len: 6.5551
---
front: 2.33868, 0.336571, 2.5
side: 0, 0, 0
front only
else
else
else
front: 0, 0, 2.5
side: 0, 0, 0
front only
else
else
else
else
front: 0, 2.03809, 2.5
side: 0, 0, 0
front only
else
else
else
front: 1.05294, 2.05561, 2.5
side: 0, 0, 0
front only
front: 1.45145, 0, 2.5
side: 0, 0, 0
front only
else
front: 0, 1.66945, 2.5
side: 0, 0, 0
front only
else
front: 0.530785, 0, 2.5
side: 0, 0, 0
front only
else
else
else
else
else
else
else
else
front: 1.40954, 0, 2.5
side: 0, 0, 0
front only
else
else
else
else
front: 0, 0, 2.5
side: 0, 0, 0
front only
else
else
else
else
front: 0.0207168, 0, 2.5
side: 0, 0, 0
front only
front: 0, 0.123957, 2.5
back: 0, 0.371872, 7.5
front back
photon_ene: 661.6 photon_theta: 2.97281 photon_phi: 5.98794
traject_len: 5.00614
pe_len: 31.5056 cs_len: 0.225959
---
else
front: 1.82511, 0.346813, 2.5
side: 0, 0, 0
front only
else
front: 0, 2.06372, 2.5
side: 0, 0, 0
front only
else
front: 0.119099, 0, 2.5
side: 0, 0, 0
front only
front: 0.285534, 0, 2.5
side: 0, 0, 0
front only
front: 1.44568, 0.245739, 2.5
side: 0, 0, 0
front only
front: 0, 1.10977, 2.5
side: 0, 0, 0
front only
else
else
else
front: 0, 1.33194, 2.5
side: 0, 0, 0
front only
else
else
else
front: 0, 0, 2.5
side: 0, 0, 0
front only
else
front: 2.18444, 0.315369, 2.5
side: 0, 0, 0
front only
else
front: 1.31031, 0, 2.5
side: 0, 0, 0
front only
else
else
else
front: 0.515914, 0.96043, 2.5
side: 0, 0, 0
front only
else
else
front: 0.575995, 0, 2.5
side: 0, 0, 0
front only
else
else
else
else
else
else
else
else
else
else
else
else
else
front: 1.27917, 0, 2.5
side: 0, 0, 0
front only
else
else
front: 0, 0, 2.5
side: 0, 0, 0
front only
else
front: 1.89877, 0, 2.5
side: 0, 0, 0
front only
else
else
else
else
else
else
else
front: 0.264454, 1.94767, 2.5
side: 0, 0, 0
front only
else
front: 0, 0.377401, 2.5
back: 0, 1.1322, 7.5
front back
photon_ene: 661.6 photon_theta: 2.83538 photon_phi: 5.78539
traject_len: 5.05665
pe_len: 7.14127 cs_len: 13.5308
---
front: 0.326075, 0, 2.5
side: 0, 0, 0
front only
else
else
front: 1.14223, 0, 2.5
side: 0, 0, 0
front only
else
else
front: 1.09069, 0, 2.5
side: 0, 0, 0
front only
else
else
front: 0, 2.12945, 2.5
side: 0, 0, 0
front only
front: 2.0514, 0.918092, 2.5
side: 0, 0, 0
front only
else
else
else
else
else
front: 0, 1.36947, 2.5
side: 0, 0, 0
front only
else
else
else
front: 1.32473, 0, 2.5
side: 0, 0, 0
front only
else
front: 0, 0.179021, 2.5
side: 0, 0, 0
front only
else
else
front: 0.313931, 0, 2.5
back: 0.941793, 0, 7.5
front back
photon_ene: 661.6 photon_theta: 3.01653 photon_phi: 3.09314
traject_len: 5.03927
pe_len: 67.9541 cs_len: 2.13896
---
else
front: 0, 0, 2.5
side: 0, 0, 0
front only
front: 0, 0, 2.5
side: 0, 0, 0
front only
else
else
else
front: 0.406274, 0.128312, 2.5
back: 1.21882, 0.384937, 7.5
front back
photon_ene: 661.6 photon_theta: 2.97279 photon_phi: 3.44751
traject_len: 5.07209
pe_len: 295.027 cs_len: 3.20352
---
else
front: 0, 1.15172, 2.5
side: 0, 0, 0
front only
else
else
front: 0.470898, 0, 2.5
back: 1.41269, 0, 7.5
front back
photon_ene: 661.6 photon_theta: 2.92365 photon_phi: 2.58779
traject_len: 5.08792
pe_len: 16.4225 cs_len: 3.53368
---
front: 0.342692, 2.05511, 2.5
side: 0, 0, 0
front only
else
front: 1.19306, 1.00868, 2.5
side: 0, 0, 0
front only
else
else
else
else
front: 0, 1.20955, 2.5
side: 0, 0, 0
front only
front: 0, 0, 2.5
back: 0, 0, 7.5
front back
photon_ene: 661.6 photon_theta: 0.20764 photon_phi: 4.09256
traject_len: 5
pe_len: 2.06615 cs_len: 1.77045
---
else
else
front: 0.428071, 0, 2.5
side: 0, 0, 0
front only
else
else
front: 1.41274, 0.501766, 2.5
side: 0, 0, 0
front only
else
else
else
front: 1.98933, 0.730211, 2.5
side: 0, 0, 0
front only
else
else
front: 0, 0, 2.5
back: 0, 0, 7.5
front back
photon_ene: 661.6 photon_theta: 2.93059 photon_phi: 1.33147
traject_len: 5
pe_len: 6.4476 cs_len: 2.37527
---
else
else
front: 0.540468, 0.824439, 2.5
side: 0, 0, 0
front only
else
else
else
else
front: 0, 1.88946, 2.5
side: 0, 0, 0
front only
else
front: 0.452366, 0, 2.5
side: 0, 0, 0
front only
else
front: 0.881083, 0, 2.5
side: 0, 0, 0
front only
front: 0, 0, 2.5
side: 0, 0, 0
front only
else
else
else
else
front: 1.36485, 0, 2.5
side: 0, 0, 0
front only
else
else
front: 0.515396, 0.436297, 2.5
back: 1.54619, 1.30889, 7.5
front back
photon_ene: 661.6 photon_theta: 0.263812 photon_phi: 0.702475
traject_len: 5.17918
pe_len: 106.434 cs_len: 0.119295
---
else
front: 0, 0.962444, 2.5
side: 0, 0, 0
front only
else
else
front: 0.0252847, 1.20064, 2.5
side: 0, 0, 0
front only
else
else
front: 0, 0.757262, 2.5
back: 0, 2.27179, 7.5
front back
photon_ene: 661.6 photon_theta: 2.84477 photon_phi: 4.85158
traject_len: 5.22435
pe_len: 17.5847 cs_len: 10.7791
---
else
else
else
else
else
front: 0, 0, 2.5
side: 0, 0, 0
front only
front: 0, 0, 2.5
side: 0, 0, 0
front only
else
front: 0, 0.36609, 2.5
side: 0, 0, 0
front only
else
else
else
else
else
else
else
front: 1.15796, 0, 2.5
side: 0, 0, 0
front only
front: 2.00453, 0, 2.5
side: 0, 0, 0
front only
else
else
front: 0.507124, 0, 2.5
side: 0, 0, 0
front only
else
else
front: 0, 0, 2.5
side: 0, 0, 0
front only
front: 0, 0, 2.5
side: 0, 0, 0
front only
else
else
front: 2.3913, 0.0940024, 2.5
side: 0, 0, 0
front only
else
else
else
else
front: 0, 0, 2.5
side: 0, 0, 0
front only
front: 0, 0.394119, 2.5
back: 0, 1.18236, 7.5
front back
photon_ene: 661.6 photon_theta: 2.87582 photon_phi: 5.66552
traject_len: 5.06175
pe_len: 18.7219 cs_len: 7.11323
---
else
else
else
front: 0, 0, 2.5
side: 0, 0, 0
front only
else
else
else
else
else
else
front: 0, 0, 2.5
side: 0, 0, 0
front only
else
else
else
front: 0.696812, 0, 2.5
side: 0, 0, 0
front only
else
front: 0, 0.315534, 2.5
back: 0, 0.946601, 7.5
front back
photon_ene: 661.6 photon_theta: 0.232938 photon_phi: 2.58063
traject_len: 5.03967
pe_len: 3.37181 cs_len: 5.34729
---
front: 0.820372, 0, 2.5
side: 0, 0, 0
front only
else
front: 0, 0, 2.5
side: 0, 0, 0
front only
else
else
else
front: 0, 0, 2.5
side: 0, 0, 0
front only
else
else
else
else
else
else
else
else
else
front: 0, 0.517726, 2.5
back: 0, 1.55318, 7.5
front back
photon_ene: 661.6 photon_theta: 2.936 photon_phi: 4.83047
traject_len: 5.10609
pe_len: 8.00729 cs_len: 9.13914
---
else
else
else
front: 0.823945, 0.715838, 2.5
side: 0, 0, 0
front only
else
else
else
else
else
else
else
else
else
front: 1.26694, 0, 2.5
side: 0, 0, 0
front only
else
else
else
else
else
else
else
else
front: 0.930663, 0, 2.5
side: 0, 0, 0
front only
else
else
front: 0, 0, 2.5
side: 0, 0, 0
front only
else
front: 0, 0.29464, 2.5
back: 0, 0.88392, 7.5
front back
photon_ene: 661.6 photon_theta: 0.321325 photon_phi: 2.77967
traject_len: 5.03461
pe_len: 40.9214 cs_len: 4.28293
---
else
front: 0, 1.06029, 2.5
side: 0, 0, 0
front only
front: 1.9114, 0.704521, 2.5
side: 0, 0, 0
front only
else
else
else
else
else
else
else
else
else
front: 0.657675, 1.05252, 2.5
side: 0, 0, 0
front only
front: 0, 0, 2.5
side: 0, 0, 0
front only
else
else
else
else
front: 0, 0.208516, 2.5
side: 0, 0, 0
front only
else
else
else
else
front: 0, 0.238722, 2.5
back: 0, 0.716167, 7.5
front back
photon_ene: 661.6 photon_theta: 2.87029 photon_phi: 5.93278
traject_len: 5.02274
pe_len: 0.326045 cs_len: 5.60762
---
else
else
else
front: 0.53307, 0.726232, 2.5
side: 0, 0, 0
front only
else
else
else
else
front: 0.511046, 1.98508, 2.5
side: 0, 0, 0
front only
else
front: 1.45159, 0.802699, 2.5
side: 0, 0, 0
front only
else
else
else
front: 0.650389, 0, 2.5
side: 0, 0, 0
front only
else
front: 0.646603, 0, 2.5
back: 1.93981, 0, 7.5
front back
photon_ene: 661.6 photon_theta: 0.293008 photon_phi: 5.7424
traject_len: 5.16453
pe_len: 9.14258 cs_len: 6.14235
---
front: 0, 1.27955, 2.5
side: 0, 0, 0
front only
else
else
else
front: 0, 0.68216, 2.5
side: 0, 0, 0
front only
else
front: 0.874367, 1.54705, 2.5
side: 0, 0, 0
front only
else
else
front: 2.25301, 0.650275, 2.5
side: 0, 0, 0
front only
else
else
else
front: 0, 0.956235, 2.5
side: 0, 0, 0
front only
else
else
else
else
else
else
front: 0, 0, 2.5
side: 0, 0, 0
front only
else
else
front: 1.19226, 0, 2.5
side: 0, 0, 0
front only
else
else
else
else
else
front: 0.71101, 0, 2.5
side: 0, 0, 0
front only
front: 0, 0.762052, 2.5
side: 0, 0, 0
front only
else
else
front: 0, 0, 2.5
side: 0, 0, 0
front only
else
else
front: 0, 0, 2.5
side: 0, 0, 0
front only
front: 1.10612, 0, 2.5
side: 0, 0, 0
front only
else
else
front: 0.728415, 2.13681, 2.5
side: 0, 0, 0
front only
front: 1.44664, 1.72094, 2.5
side: 0, 0, 0
front only
else
front: 2.05092, 0.848237, 2.5
side: 0, 0, 0
front only
front: 0, 0.511123, 2.5
back: 0, 1.53337, 7.5
front back
photon_ene: 661.6 photon_theta: 2.90869 photon_phi: 5.24415
traject_len: 5.10343
pe_len: 39.3807 cs_len: 1.66895
---
else
front: 0, 0, 2.5
side: 0, 0, 0
front only
front: 0, 0, 2.5
side: 0, 0, 0
front only
else
else
else
front: 0, 0.999215, 2.5
side: 0, 0, 0
front only
else
else
else
front: 1.61438, 1.43124, 2.5
side: 0, 0, 0
front only
else
else
else
else
else
else
else
else
else
front: 0, 0, 2.5
side: 0, 0, 0
front only
else
else
else
else
else
else
front: 0, 0, 2.5
side: 0, 0, 0
front only
else
front: 0.623059, 0.532053, 2.5
back: 1.86918, 1.59616, 7.5
front back
photon_ene: 661.6 photon_theta: 2.8249 photon_phi: 3.84837
traject_len: 5.26167
pe_len: 7.4978 cs_len: 1.54205
---
else
else
front: 0.406517, 0.757997, 2.5
side: 0, 0, 0
front only
else
front: 0, 0.331692, 2.5
side: 0, 0, 0
front only
else
else
else
else
else
front: 0, 1.21547, 2.5
side: 0, 0, 0
front only
else
else
else
else
else
else
front: 0, 1.12572, 2.5
side: 0, 0, 0
front only
else
front: 0.437283, 0, 2.5
back: 1.31185, 0, 7.5
front back
photon_ene: 661.6 photon_theta: 0.254742 photon_phi: 5.4489
traject_len: 5.07591
pe_len: 26.9403 cs_len: 1.09208
---
front: 0, 0.517461, 2.5
back: 0, 1.55238, 7.5
front back
photon_ene: 661.6 photon_theta: 2.8731 photon_phi: 5.43164
traject_len: 5.10598
pe_len: 2.3176 cs_len: 4.14126
---
else
front: 1.15748, 0.408227, 2.5
side: 0, 0, 0
front only
else
front: 0, 1.13098, 2.5
side: 0, 0, 0
front only
front: 1.70432, 0.88305, 2.5
side: 0, 0, 0
front only
front: 0, 0.695783, 2.5
back: 0, 2.08735, 7.5
front back
photon_ene: 661.6 photon_theta: 2.86646 photon_phi: 4.88058
traject_len: 5.19003
pe_len: 28.6003 cs_len: 19.8107
---
else
else
front: 0, 0, 2.5
side: 0, 0, 0
front only
front: 0.981598, 0.487565, 2.5
side: 0, 0, 0
front only
else
else
front: 0, 1.34182, 2.5
side: 0, 0, 0
front only
front: 0.792464, 0, 2.5
side: 0, 0, 0
front only
else
else
else
else
else
front: 1.83301, 1.59932, 2.5
side: 0, 0, 0
front only
else
front: 0.211254, 0, 2.5
back: 0.633762, 0, 7.5
front back
photon_ene: 661.6 photon_theta: 2.95228 photon_phi: 2.02753
traject_len: 5.01782
pe_len: 162.472 cs_len: 0.69049
---
else
else
else
front: 0, 0, 2.5
side: 0, 0, 0
front only
else
else
else
else
front: 1.52283, 0.317422, 2.5
side: 0, 0, 0
front only
else
front: 0.108499, 0, 2.5
side: 0, 0, 0
front only
else
else
else
else
else
else
else
else
else
front: 0.0265674, 0, 2.5
back: 0.0797022, 0, 7.5
front back
photon_ene: 661.6 photon_theta: 2.87948 photon_phi: 1.61042
traject_len: 5.00028
pe_len: 24.0502 cs_len: 5.00985
---
else
else
else
front: 0, 0.267329, 2.5
side: 0, 0, 0
front only
front: 0.174498, 1.18172, 2.5
side: 0, 0, 0
front only
else
else
else
else
else
else
front: 0.366221, 0.385718, 2.5
back: 1.09866, 1.15715, 7.5
front back
photon_ene: 661.6 photon_theta: 2.93197 photon_phi: 3.95291
traject_len: 5.11191
pe_len: 9.98178 cs_len: 19.3046
---
else
else
front: 1.05126, 0, 2.5
side: 0, 0, 0
front only
front: 0, 0.407997, 2.5
side: 0, 0, 0
front only
else
front: 1.00682, 0, 2.5
side: 0, 0, 0
front only
else
front: 1.53683, 0.957787, 2.5
side: 0, 0, 0
front only
else
else
else
else
else
else
front: 0.92177, 0.796897, 2.5
side: 0, 0, 0
front only
else
else
front: 0.614512, 1.29195, 2.5
side: 0, 0, 0
front only
else
front: 0, 0, 2.5
side: 0, 0, 0
front only
else
else
else
else
else
else
else
front: 0.385359, 0.120331, 2.5
back: 1.15608, 0.360994, 7.5
front back
photon_ene: 661.6 photon_theta: 2.98149 photon_phi: 3.44426
traject_len: 5.06477
pe_len: 105.578 cs_len: 1.08467
---
else
else
front: 0.17924, 1.0391, 2.5
side: 0, 0, 0
front only
front: 0.105764, 0, 2.5
side: 0, 0, 0
front only
else
else
front: 0.411845, 1.18386, 2.5
side: 0, 0, 0
front only
else
else
front: 0.847092, 0.674416, 2.5
side: 0, 0, 0
front only
else
else
else
else
front: 0, 0, 2.5
side: 0, 0, 0
front only
else
else
front: 0, 0, 2.5
back: 0, 0, 7.5
front back
photon_ene: 661.6 photon_theta: 2.89084 photon_phi: 0.743069
traject_len: 5
pe_len: 3.39949 cs_len: 2.04572
---
else
else
else
else
else
else
else
else
front: 0, 0, 2.5
side: 0, 0, 0
front only
front: 0, 0, 2.5
side: 0, 0, 0
front only
else
else
else
else
else
front: 0.85811, 0.106788, 2.5
side: 0, 0, 0
front only
else
else
else
front: 0, 0, 2.5
side: 0, 0, 0
front only
front: 1.51843, 0, 2.5
side: 0, 0, 0
front only
front: 0, 0.213115, 2.5
side: 0, 0, 0
front only
front: 0, 0.960998, 2.5
side: 0, 0, 0
front only
front: 2.09387, 0.57033, 2.5
side: 0, 0, 0
front only
else
else
front: 0.727131, 0, 2.5
side: 0, 0, 0
front only
else
else
front: 0.93918, 0.281251, 2.5
side: 0, 0, 0
front only
else
else
else
else
else
else
else
else
front: 1.18837, 0, 2.5
side: 0, 0, 0
front only
front: 0, 0, 2.5
side: 0, 0, 0
front only
front: 0.502292, 1.29273, 2.5
side: 0, 0, 0
front only
front: 0, 0.899731, 2.5
side: 0, 0, 0
front only
else
front: 0, 0, 2.5
side: 0, 0, 0
front only
front: 1.14347, 0.184409, 2.5
side: 0, 0, 0
front only
else
front: 0, 0, 2.5
side: 0, 0, 0
front only
else
else
else
else
else
front: 0.603535, 0, 2.5
side: 0, 0, 0
front only
else
else
else
front: 0, 1.38146, 2.5
side: 0, 0, 0
front only
else
else
else
front: 0.936774, 0, 2.5
side: 0, 0, 0
front only
front: 0, 0, 2.5
side: 0, 0, 0
front only
else
front: 0, 0.290751, 2.5
back: 0, 0.872252, 7.5
front back
photon_ene: 661.6 photon_theta: 2.92851 photon_phi: 5.7157
traject_len: 5.0337
pe_len: 40.1859 cs_len: 2.05083
---
else
else
front: 0.605259, 0, 2.5
side: 0, 0, 0
front only
else
else
front: 0, 0, 2.5
side: 0, 0, 0
front only
front: 0, 2.19355, 2.5
side: 0, 0, 0
front only
front: 0.825281, 1.04916, 2.5
side: 0, 0, 0
front only
else
else
front: 0, 0, 2.5
side: 0, 0, 0
front only
front: 0, 1.44437, 2.5
side: 0, 0, 0
front only
front: 0.456424, 1.7919, 2.5
side: 0, 0, 0
front only
front: 1.169, 0, 2.5
side: 0, 0, 0
front only
else
else
else
front: 0, 1.39198, 2.5
side: 0, 0, 0
front only
front: 0.795183, 0.404836, 2.5
side: 0, 0, 0
front only
front: 0, 0.54007, 2.5
side: 0, 0, 0
front only
else
else
else
front: 0.916688, 0, 2.5
side: 0, 0, 0
front only
front: 0.735578, 1.08503, 2.5
side: 0, 0, 0
front only
else
else
front: 0, 1.50685, 2.5
side: 0, 0, 0
front only
front: 1.8349, 1.61111, 2.5
side: 0, 0, 0
front only
else
else
else
else
else
else
front: 0, 0, 2.5
side: 0, 0, 0
front only
else
front: 0, 0, 2.5
side: 0, 0, 0
front only
else
else
else
front: 0.333576, 0.984175, 2.5
side: 0, 0, 0
front only
else
else
else
else
else
else
else
else
else
front: 1.34478, 0, 2.5
side: 0, 0, 0
front only
front: 0, 0, 2.5
back: 0, 0, 7.5
front back
photon_ene: 661.6 photon_theta: 2.84888 photon_phi: 1.16644
traject_len: 5
pe_len: 21.9697 cs_len: 4.90838
---
front: 1.06114, 0.799899, 2.5
side: 0, 0, 0
front only
front: 0.106816, 1.11525, 2.5
side: 0, 0, 0
front only
else
front: 0, 1.48326, 2.5
side: 0, 0, 0
front only
else
else
else
else
else
front: 0, 0, 2.5
side: 0, 0, 0
front only
else
else
else
else
front: 1.65935, 0, 2.5
side: 0, 0, 0
front only
else
else
else
front: 0.824269, 1.37512, 2.5
side: 0, 0, 0
front only
front: 2.02723, 1.32683, 2.5
side: 0, 0, 0
front only
else
else
front: 0.934216, 1.6714, 2.5
side: 0, 0, 0
front only
front: 0.255138, 0, 2.5
back: 0.765415, 0, 7.5
front back
photon_ene: 661.6 photon_theta: 0.296918 photon_phi: 5.05246
traject_len: 5.02597
pe_len: 25.2038 cs_len: 5.40721
---
else
else
else
else
else
else
else
else
else
else
else
front: 0, 2.22012, 2.5
side: 0, 0, 0
front only
front: 0, 2.32338, 2.5
side: 0, 0, 0
front only
else
else
else
front: 0.131745, 0.703578, 2.5
back: 0.395234, 2.11073, 7.5
front back
photon_ene: 661.6 photon_theta: 0.278862 photon_phi: 1.38569
traject_len: 5.20091
pe_len: 1.93883 cs_len: 2.77121
---
else
else
front: 0, 0.99133, 2.5
side: 0, 0, 0
front only
else
else
else
front: 2.42157, 0, 2.5
side: 0, 0, 0
front only
front: 1.52276, 0, 2.5
side: 0, 0, 0
front only
else
else
else
else
else
else
else
else
else
front: 0, 0.248677, 2.5
back: 0, 0.74603, 7.5
front back
photon_ene: 661.6 photon_theta: 2.99854 photon_phi: 5.52084
traject_len: 5.02468
pe_len: 14.2724 cs_len: 10.7454
---
else
else
else
else
else
else
else
else
else
else
front: 0, 0, 2.5
side: 0, 0, 0
front only
else
else
else
else
front: 0, 1.31545, 2.5
side: 0, 0, 0
front only
else
else
front: 0, 0, 2.5
back: 0, 0, 7.5
front back
photon_ene: 661.6 photon_theta: 3.07388 photon_phi: 0.461963
traject_len: 5
pe_len: 5.77645 cs_len: 3.17102
---
else
else
front: 0.706355, 0, 2.5
back: 2.11906, 0, 7.5
front back
photon_ene: 661.6 photon_theta: 2.86617 photon_phi: 3.11993
traject_len: 5.19574
pe_len: 63.5548 cs_len: 0.378008
---
else
else
front: 0.15429, 1.5915, 2.5
side: 0, 0, 0
front only
else
front: 0, 0, 2.5
back: 0, 0, 7.5
front back
photon_ene: 661.6 photon_theta: 3.00102 photon_phi: 0.786055
traject_len: 5
pe_len: 1.0715 cs_len: 4.83354
---
front: 0, 1.24762, 2.5
side: 0, 0, 0
front only
front: 0, 0.251371, 2.5
back: 0, 0.754114, 7.5
front back
photon_ene: 661.6 photon_theta: 0.156651 photon_phi: 2.45151
traject_len: 5.02521
pe_len: 7.41066 cs_len: 2.0459
---
else
else
else
else
else
else
else
else
else
else
else
else
else
else
front: 0, 0, 2.5
side: 0, 0, 0
front only
front: 0, 0.246618, 2.5
side: 0, 0, 0
front only
else
else
else
front: 0, 0.469779, 2.5
side: 0, 0, 0
front only
else
else
else
else
else
else
front: 0.337043, 1.08494, 2.5
side: 0, 0, 0
front only
else
else
front: 0, 0, 2.5
side: 0, 0, 0
front only
else
else
else
else
else
else
else
else
front: 0.126432, 0.113078, 2.5
back: 0.379295, 0.339234, 7.5
front back
photon_ene: 661.6 photon_theta: 0.067745 photon_phi: 0.729702
traject_len: 5.0115
pe_len: 8.83353 cs_len: 7.66677
---
else
else
else
else
else
else
else
else
else
front: 0.0515367, 0.119822, 2.5
back: 0.15461, 0.359466, 7.5
front back
photon_ene: 661.6 photon_theta: 0.0521269 photon_phi: 1.16461
traject_len: 5.0068
pe_len: 13.7955 cs_len: 2.9341
---
else
front: 0, 0.890049, 2.5
side: 0, 0, 0
front only
else
front: 1.14806, 0, 2.5
side: 0, 0, 0
front only
front: 0.521303, 1.61431, 2.5
side: 0, 0, 0
front only
else
else
else
else
else
else
else
front: 0.533315, 0.302062, 2.5
back: 1.59995, 0.906186, 7.5
front back
photon_ene: 661.6 photon_theta: 2.90117 photon_phi: 3.65693
traject_len: 5.14807
pe_len: 50.1361 cs_len: 2.22454
---
front: 0, 0.714249, 2.5
side: 0, 0, 0
front only
else
front: 0, 0, 2.5
side: 0, 0, 0
front only
front: 0, 0.0876721, 2.5
back: 0, 0.263016, 7.5
front back
photon_ene: 661.6 photon_theta: 2.8845 photon_phi: 6.1494
traject_len: 5.00307
pe_len: 48.5622 cs_len: 1.16746
---
else
front: 0, 0.793703, 2.5
side: 0, 0, 0
front only
else
else
front: 1.07744, 1.28116, 2.5
side: 0, 0, 0
front only
else
else
else
else
front: 0, 0, 2.5
side: 0, 0, 0
front only
else
else
front: 1.70435, 0.858693, 2.5
side: 0, 0, 0
front only
else
else
front: 0, 0, 2.5
side: 0, 0, 0
front only
else
else
else
else
else
else
else
else
front: 0.688775, 1.18841, 2.5
side: 0, 0, 0
front only
else
else
front: 0.938273, 0.0109106, 2.5
side: 0, 0, 0
front only
else
else
else
front: 0.884823, 0, 2.5
side: 0, 0, 0
front only
else
else
else
front: 0, 0, 2.5
side: 0, 0, 0
front only
front: 0.830063, 0, 2.5
side: 0, 0, 0
front only
else
else
front: 0.975004, 0, 2.5
side: 0, 0, 0
front only
else
else
front: 0, 1.00312, 2.5
side: 0, 0, 0
front only
else
front: 0, 1.45822, 2.5
side: 0, 0, 0
front only
front: 0, 0, 2.5
side: 0, 0, 0
front only
else
else
front: 1.24254, 0, 2.5
side: 0, 0, 0
front only
else
else
else
else
else
front: 0, 0, 2.5
side: 0, 0, 0
front only
else
front: 0, 1.14645, 2.5
side: 0, 0, 0
front only
else
else
else
front: 0, 0, 2.5
side: 0, 0, 0
front only
front: 1.53668, 0.787615, 2.5
side: 0, 0, 0
front only
else
else
else
front: 0.127029, 0, 2.5
back: 0.381086, 0, 7.5
front back
photon_ene: 661.6 photon_theta: 0.111342 photon_phi: 5.18416
traject_len: 5.00645
pe_len: 41.172 cs_len: 1.91197
---
else
front: 0, 0.373318, 2.5
side: 0, 0, 0
front only
else
front: 1.86908, 1.40732, 2.5
side: 0, 0, 0
front only
else
else
else
else
else
front: 0.69052, 0, 2.5
back: 2.07156, 0, 7.5
front back
photon_ene: 661.6 photon_theta: 0.270756 photon_phi: 6.184
traject_len: 5.18722
pe_len: 9.95203 cs_len: 1.4316
---
front: 0.339298, 0, 2.5
side: 0, 0, 0
front only
else
front: 0.952136, 0.0787724, 2.5
side: 0, 0, 0
front only
else
else
else
else
front: 0, 0, 2.5
side: 0, 0, 0
front only
else
front: 0, 0, 2.5
side: 0, 0, 0
front only
front: 0.43926, 0, 2.5
side: 0, 0, 0
front only
else
else
front: 0, 0.453129, 2.5
back: 0, 1.35939, 7.5
front back
photon_ene: 661.6 photon_theta: 0.194643 photon_phi: 1.97502
traject_len: 5.08147
pe_len: 7.45874 cs_len: 1.38722
---
else
else
else
else
else
else
else
else
front: 0, 0, 2.5
side: 0, 0, 0
front only
else
else
else
front: 0, 0, 2.5
side: 0, 0, 0
front only
front: 1.32099, 0, 2.5
side: 0, 0, 0
front only
else
else
else
front: 1.32862, 0.330842, 2.5
side: 0, 0, 0
front only
else
else
else
else
else
front: 0, 0.204277, 2.5
side: 0, 0, 0
front only
else
else
else
front: 0.0975536, 0, 2.5
back: 0.292661, 0, 7.5
front back
photon_ene: 661.6 photon_theta: 0.043459 photon_phi: 5.82606
traject_len: 5.00381
pe_len: 15.2629 cs_len: 12.4758
---
else
else
else
else
front: 0, 0, 2.5
side: 0, 0, 0
front only
else
front: 1.74036, 1.60671, 2.5
side: 0, 0, 0
front only
front: 0, 0.977866, 2.5
side: 0, 0, 0
front only
else
front: 0, 0.520874, 2.5
side: 0, 0, 0
front only
else
front: 0.891456, 0, 2.5
side: 0, 0, 0
front only
front: 0, 0, 2.5
side: 0, 0, 0
front only
else
else
else
else
else
front: 0, 0, 2.5
side: 0, 0, 0
front only
front: 0.986085, 1.31606, 2.5
side: 0, 0, 0
front only
front: 0, 0.509373, 2.5
side: 0, 0, 0
front only
else
else
front: 0, 0, 2.5
side: 0, 0, 0
front only
else
else
else
else
else
else
else
front: 0, 0.161095, 2.5
back: 0, 0.483284, 7.5
front back
photon_ene: 661.6 photon_theta: 3.05642 photon_phi: 5.42799
traject_len: 5.01037
pe_len: 156.422 cs_len: 6.7055
---
front: 0, 0, 2.5
side: 0, 0, 0
front only
else
front: 1.99626, 0.570581, 2.5
side: 0, 0, 0
front only
else
else
else
else
else
else
else
else
else
else
else
front: 0.45751, 0.152365, 2.5
back: 1.37253, 0.457096, 7.5
front back
photon_ene: 661.6 photon_theta: 2.95105 photon_phi: 3.46307
traject_len: 5.09216
pe_len: 47.2846 cs_len: 20.9152
---
front: 1.46866, 0.157074, 2.5
side: 0, 0, 0
front only
else
else
else
else
else
else
else
front: 0, 1.3807, 2.5
side: 0, 0, 0
front only
else
front: 0, 0, 2.5
side: 0, 0, 0
front only
else
else
front: 2.12996, 1.22359, 2.5
side: 0, 0, 0
front only
else
front: 0, 0, 2.5
side: 0, 0, 0
front only
else
else
else
else
front: 1.44115, 0, 2.5
side: 0, 0, 0
front only
else
else
front: 0, 0, 2.5
side: 0, 0, 0
front only
else
else
else
else
else
front: 0.375909, 1.69206, 2.5
side: 0, 0, 0
front only
else
else
front: 0.371374, 2.13004, 2.5
side: 0, 0, 0
front only
front: 1.44585, 0, 2.5
side: 0, 0, 0
front only
front: 1.92831, 0, 2.5
side: 0, 0, 0
front only
else
front: 0, 0, 2.5
side: 0, 0, 0
front only
else
else
else
else
else
front: 0, 0, 2.5
side: 0, 0, 0
front only
else
else
else
front: 0, 0.664092, 2.5
side: 0, 0, 0
front only
else
front: 1.49247, 0, 2.5
side: 0, 0, 0
front only
front: 0, 0, 2.5
side: 0, 0, 0
front only
else
front: 1.35759, 0, 2.5
side: 0, 0, 0
front only
else
else
front: 0.961548, 0, 2.5
side: 0, 0, 0
front only
else
front: 0, 1.45311, 2.5
side: 0, 0, 0
front only
else
else
else
front: 1.25152, 0, 2.5
side: 0, 0, 0
front only
else
front: 1.87321, 0, 2.5
side: 0, 0, 0
front only
front: 0.0754797, 0.852631, 2.5
side: 0, 0, 0
front only
else
else
else
front: 0.0698784, 0, 2.5
back: 0.209635, 0, 7.5
front back
photon_ene: 661.6 photon_theta: 2.8869 photon_phi: 1.67837
traject_len: 5.00195
pe_len: 39.1081 cs_len: 3.53787
---
else
front: 0, 0, 2.5
side: 0, 0, 0
front only
else
else
else
else
else
front: 1.92837, 0, 2.5
side: 0, 0, 0
front only
front: 0, 1.08246, 2.5
side: 0, 0, 0
front only
else
else
else
else
else
else
else
else
front: 0.636099, 0, 2.5
side: 0, 0, 0
front only
front: 0.26273, 0, 2.5
side: 0, 0, 0
front only
else
else
front: 1.47301, 0, 2.5
side: 0, 0, 0
front only
else
front: 1.80588, 0.831602, 2.5
side: 0, 0, 0
front only
else
else
else
front: 2.41443, 0, 2.5
side: 0, 0, 0
front only
else
front: 0, 0, 2.5
side: 0, 0, 0
front only
else
else
else
else
front: 0, 0, 2.5
side: 0, 0, 0
front only
else
front: 0, 0.468442, 2.5
side: 0, 0, 0
front only
else
else
front: 0, 1.09953, 2.5
side: 0, 0, 0
front only
front: 0.510438, 0, 2.5
side: 0, 0, 0
front only
else
else
front: 0.710051, 0.897953, 2.5
side: 0, 0, 0
front only
else
else
else
front: 0, 1.24216, 2.5
side: 0, 0, 0
front only
else
front: 0.665785, 0, 2.5
side: 0, 0, 0
front only
else
front: 0.760127, 0, 2.5
side: 0, 0, 0
front only
else
else
front: 0.13083, 1.06069, 2.5
side: 0, 0, 0
front only
else
else
front: 1.17605, 2.09362, 2.5
side: 0, 0, 0
front only
else
else
front: 0.0257418, 0.665982, 2.5
back: 0.0772254, 1.99795, 7.5
front back
photon_ene: 661.6 photon_theta: 2.88106 photon_phi: 4.67376
traject_len: 5.17463
pe_len: 9.7153 cs_len: 1.48641
---
else
front: 1.30021, 0, 2.5
side: 0, 0, 0
front only
front: 0, 0.084621, 2.5
side: 0, 0, 0
front only
else
else
else
front: 0, 0.0894038, 2.5
side: 0, 0, 0
front only
else
else
else
else
else
front: 0.933459, 0, 2.5
side: 0, 0, 0
front only
else
else
else
else
else
else
else
else
else
else
else
else
front: 1.01166, 1.13174, 2.5
side: 0, 0, 0
front only
else
else
else
else
else
else
else
else
else
else
else
else
else
front: 0, 1.39841, 2.5
side: 0, 0, 0
front only
front: 0, 0.22574, 2.5
back: 0, 0.677219, 7.5
front back
photon_ene: 661.6 photon_theta: 3.05148 photon_phi: 4.74779
traject_len: 5.02034
pe_len: 49.4862 cs_len: 12.9275
---
front: 0.107656, 0, 2.5
back: 0.322967, 0, 7.5
front back
photon_ene: 661.6 photon_theta: 2.82433 photon_phi: 1.70232
traject_len: 5.00463
pe_len: 19.1134 cs_len: 2.15557
---
front: 0, 1.19767, 2.5
side: 0, 0, 0
front only
else
front: 0.610168, 0, 2.5
side: 0, 0, 0
front only
else
front: 0, 2.0423, 2.5
side: 0, 0, 0
front only
front: 0.155831, 0.894936, 2.5
side: 0, 0, 0
front only
else
front: 0.259718, 2.0234, 2.5
side: 0, 0, 0
front only
front: 0.170343, 1.15754, 2.5
side: 0, 0, 0
front only
else
else
else
else
else
else
else
else
else
else
else
front: 1.06464, 0, 2.5
side: 0, 0, 0
front only
front: 1.38005, 0, 2.5
side: 0, 0, 0
front only
front: 0, 0.993012, 2.5
side: 0, 0, 0
front only
else
else
else
else
else
else
else
else
front: 0, 0.814142, 2.5
side: 0, 0, 0
front only
front: 0.97415, 0, 2.5
side: 0, 0, 0
front only
else
front: 0.668026, 1.54142, 2.5
side: 0, 0, 0
front only
else
else
else
front: 0, 0.264151, 2.5
back: 0, 0.792454, 7.5
front back
photon_ene: 661.6 photon_theta: 0.192104 photon_phi: 2.56731
traject_len: 5.02783
pe_len: 27.9863 cs_len: 0.67413
---
front: 0.820011, 0, 2.5
side: 0, 0, 0
front only
else
else
else
front: 0, 0.869642, 2.5
side: 0, 0, 0
front only
front: 0, 1.36412, 2.5
side: 0, 0, 0
front only
else
front: 1.09672, 0.497317, 2.5
side: 0, 0, 0
front only
else
front: 0.588273, 0.857366, 2.5
side: 0, 0, 0
front only
else
else
else
else
else
else
else
else
front: 0, 0, 2.5
side: 0, 0, 0
front only
else
else
else
else
else
else
else
front: 0, 0, 2.5
side: 0, 0, 0
front only
else
else
else
else
else
front: 2.0332, 0, 2.5
side: 0, 0, 0
front only
front: 1.15944, 0, 2.5
side: 0, 0, 0
front only
else
else
front: 0, 0.204062, 2.5
side: 0, 0, 0
front only
front: 2.35679, 0.637032, 2.5
side: 0, 0, 0
front only
else
else
else
else
front: 0, 1.21801, 2.5
side: 0, 0, 0
front only
else
else
else
else
else
else
else
else
else
front: 0, 0.609538, 2.5
back: 0, 1.82861, 7.5
front back
photon_ene: 661.6 photon_theta: 0.318844 photon_phi: 2.31061
traject_len: 5.14647
pe_len: 3.71503 cs_len: 1.27744
---
else
front: 0.989584, 0.347675, 2.5
side: 0, 0, 0
front only
else
else
else
else
else
else
else
else
else
else
front: 0, 0, 2.5
back: 0, 0, 7.5
front back
photon_ene: 661.6 photon_theta: 2.93633 photon_phi: 1.27799
traject_len: 5
pe_len: 30.8253 cs_len: 6.80765
---
else
else
else
else
else
else
front: 1.1512, 2.04052, 2.5
side: 0, 0, 0
front only
else
else
front: 0, 0, 2.5
side: 0, 0, 0
front only
else
else
else
else
else
else
else
else
else
else
else
else
else
else
else
front: 0, 0.847711, 2.5
side: 0, 0, 0
front only
else
else
else
else
else
else
else
front: 0.249887, 1.32474, 2.5
side: 0, 0, 0
front only
front: 2.15532, 0, 2.5
side: 0, 0, 0
front only
front: 1.45716, 1.42759, 2.5
side: 0, 0, 0
front only
front: 1.17984, 2.07631, 2.5
side: 0, 0, 0
front only
else
else
else
else
front: 0, 0, 2.5
side: 0, 0, 0
front only
else
else
else
front: 0.9452, 0, 2.5
side: 0, 0, 0
front only
else
else
else
front: 0, 0, 2.5
side: 0, 0, 0
front only
else
else
else
else
else
front: 0, 1.73913, 2.5
side: 0, 0, 0
front only
else
front: 1.60441, 1.68555, 2.5
side: 0, 0, 0
front only
else
else
else
front: 0, 1.28029, 2.5
side: 0, 0, 0
front only
else
else
else
else
front: 1.15097, 0, 2.5
side: 0, 0, 0
front only
else
else
else
front: 0.843375, 2.32585, 2.5
side: 0, 0, 0
front only
front: 0, 0, 2.5
side: 0, 0, 0
front only
front: 0, 0, 2.5
side: 0, 0, 0
front only
front: 0, 1.89974, 2.5
side: 0, 0, 0
front only
else
else
else
front: 0, 2.02338, 2.5
side: 0, 0, 0
front only
else
front: 0.359382, 0, 2.5
back: 1.07815, 0, 7.5
front back
photon_ene: 661.6 photon_theta: 0.162343 photon_phi: 5.78342
traject_len: 5.0514
pe_len: 2.25062 cs_len: 1.78641
---
front: 1.32277, 0, 2.5
side: 0, 0, 0
front only
front: 0, 0.959224, 2.5
side: 0, 0, 0
front only
else
else
else
front: 0, 1.54219, 2.5
side: 0, 0, 0
front only
else
else
front: 0.420598, 0, 2.5
back: 1.2618, 0, 7.5
front back
photon_ene: 661.6 photon_theta: 2.86993 photon_phi: 2.2193
traject_len: 5.07027
pe_len: 19.5476 cs_len: 1.05805
---
else
else
else
else
else
else
else
else
else
else
else
else
front: 0.295705, 0, 2.5
side: 0, 0, 0
front only
else
front: 0, 0.253283, 2.5
back: 0, 0.75985, 7.5
front back
photon_ene: 661.6 photon_theta: 2.94798 photon_phi: 5.74016
traject_len: 5.0256
pe_len: 14.6407 cs_len: 4.55793
---
else
else
else
else
else
else
else
else
front: 0.226793, 0, 2.5
back: 0.680378, 0, 7.5
front back
photon_ene: 661.6 photon_theta: 3.00406 photon_phi: 2.28556
traject_len: 5.02053
pe_len: 39.7361 cs_len: 1.10763
---
front: 1.46693, 0, 2.5
side: 0, 0, 0
front only
else
else
else
else
else
front: 0.235299, 0, 2.5
back: 0.705896, 0, 7.5
front back
photon_ene: 661.6 photon_theta: 2.86024 photon_phi: 1.9025
traject_len: 5.0221
pe_len: 102.147 cs_len: 0.801603
---
else
else
front: 0, 0.175985, 2.5
side: 0, 0, 0
front only
else
else
else
front: 0, 0.817323, 2.5
side: 0, 0, 0
front only
front: 0, 1.03497, 2.5
side: 0, 0, 0
front only
else
else
front: 1.46989, 0, 2.5
side: 0, 0, 0
front only
front: 0, 1.84669, 2.5
side: 0, 0, 0
front only
front: 1.41372, 0.94692, 2.5
side: 0, 0, 0
front only
else
else
else
else
front: 0.744527, 1.27464, 2.5
side: 0, 0, 0
front only
else
else
else
front: 0, 0, 2.5
side: 0, 0, 0
front only
else
else
front: 0.945912, 0, 2.5
side: 0, 0, 0
front only
else
else
front: 0.43073, 0, 2.5
back: 1.29219, 0, 7.5
front back
photon_ene: 661.6 photon_theta: 0.180098 photon_phi: 5.95394
traject_len: 5.07367
pe_len: 7.54896 cs_len: 3.16528
---
else
else
else
else
else
else
front: 0, 0.192339, 2.5
back: 0, 0.577018, 7.5
front back
photon_ene: 661.6 photon_theta: 2.84249 photon_phi: 6.03102
traject_len: 5.01478
pe_len: 4.46943 cs_len: 5.30368
---
front: 0, 0, 2.5
side: 0, 0, 0
front only
front: 0.800184, 0, 2.5
side: 0, 0, 0
front only
else
else
else
else
else
else
front: 0, 2.09017, 2.5
side: 0, 0, 0
front only
else
front: 0, 1.70903, 2.5
side: 0, 0, 0
front only
front: 0.789742, 0, 2.5
side: 0, 0, 0
front only
front: 0, 1.75401, 2.5
side: 0, 0, 0
front only
else
else
else
front: 0.474435, 0, 2.5
back: 1.42331, 0, 7.5
front back
photon_ene: 661.6 photon_theta: 2.85209 photon_phi: 2.26153
traject_len: 5.08924
pe_len: 16.0188 cs_len: 5.74227
---
else
else
else
front: 0, 0, 2.5
side: 0, 0, 0
front only
else
else
front: 1.48344, 0, 2.5
side: 0, 0, 0
front only
front: 0, 0.976075, 2.5
side: 0, 0, 0
front only
else
front: 0.653865, 1.42429, 2.5
side: 0, 0, 0
front only
else
else
else
else
front: 0.672529, 0, 2.5
side: 0, 0, 0
front only
front: 0.954873, 0, 2.5
side: 0, 0, 0
front only
else
front: 0.364204, 0, 2.5
back: 1.09261, 0, 7.5
front back
photon_ene: 661.6 photon_theta: 2.9165 photon_phi: 2.26041
traject_len: 5.05278
pe_len: 2.09193 cs_len: 2.07195
---
else
else
front: 0, 0.583676, 2.5
back: 0, 1.75103, 7.5
front back
photon_ene: 661.6 photon_theta: 2.85833 photon_phi: 5.35246
traject_len: 5.13446
pe_len: 12.3871 cs_len: 0.520261
---
else
else
else
else
else
else
else
else
front: 0, 0, 2.5
side: 0, 0, 0
front only
else
front: 0, 0, 2.5
back: 0, 0, 7.5
front back
photon_ene: 661.6 photon_theta: 2.93549 photon_phi: 1.31532
traject_len: 5
pe_len: 7.99444 cs_len: 0.1498
---
else
else
else
else
else
else
else
else
else
else
front: 0, 0, 2.5
side: 0, 0, 0
front only
else
else
else
else
front: 1.36786, 2.03329, 2.5
side: 0, 0, 0
front only
else
front: 0, 0.827212, 2.5
side: 0, 0, 0
front only
else
else
else
else
else
else
front: 0.702941, 0.162902, 2.5
back: 2.10882, 0.488705, 7.5
front back
photon_ene: 661.6 photon_theta: 0.280991 photon_phi: 0.227723
traject_len: 5.2041
pe_len: 37.2451 cs_len: 1.3208
---
else
else
else
front: 0, 0, 2.5
side: 0, 0, 0
front only
front: 0, 0, 2.5
side: 0, 0, 0
front only
else
else
else
else
else
front: 1.32469, 0.42609, 2.5
side: 0, 0, 0
front only
else
else
front: 0, 0.99962, 2.5
side: 0, 0, 0
front only
front: 0, 0, 2.5
side: 0, 0, 0
front only
else
else
front: 0, 0, 2.5
back: 0, 0, 7.5
front back
photon_ene: 661.6 photon_theta: 2.86248 photon_phi: 1.51044
traject_len: 5
pe_len: 80.9695 cs_len: 1.11276
---
front: 0, 0, 2.5
side: 0, 0, 0
front only
else
front: 0, 0, 2.5
side: 0, 0, 0
front only
front: 0, 0, 2.5
side: 0, 0, 0
front only
front: 0, 0, 2.5
side: 0, 0, 0
front only
front: 2.33388, 0, 2.5
side: 0, 0, 0
front only
else
front: 0.624076, 0, 2.5
back: 1.87223, 0, 7.5
front back
photon_ene: 661.6 photon_theta: 0.276865 photon_phi: 5.78505
traject_len: 5.15343
pe_len: 38.7686 cs_len: 1.6074
---
front: 0.725303, 0, 2.5
side: 0, 0, 0
front only
else
front: 0.970443, 1.38947, 2.5
side: 0, 0, 0
front only
else
else
else
else
else
else
front: 1.30126, 0, 2.5
side: 0, 0, 0
front only
else
front: 0.842429, 0.600875, 2.5
side: 0, 0, 0
front only
else
else
else
else
front: 0.199821, 0, 2.5
side: 0, 0, 0
front only
else
else
front: 0, 0, 2.5
side: 0, 0, 0
front only
else
else
else
else
else
else
else
else
front: 0.277279, 2.05783, 2.5
side: 0, 0, 0
front only
front: 0, 0, 2.5
side: 0, 0, 0
front only
else
front: 0.92662, 0.623267, 2.5
side: 0, 0, 0
front only
front: 0, 0.302379, 2.5
side: 0, 0, 0
front only
else
front: 0, 0, 2.5
side: 0, 0, 0
front only
else
else
front: 0.506281, 0.442644, 2.5
back: 1.51884, 1.32793, 7.5
front back
photon_ene: 661.6 photon_theta: 0.262779 photon_phi: 0.718436
traject_len: 5.17774
pe_len: 18.496 cs_len: 20.3879
---
else
front: 0, 0, 2.5
side: 0, 0, 0
front only
else
else
else
else
else
front: 1.57525, 0, 2.5
side: 0, 0, 0
front only
front: 1.05353, 0.423143, 2.5
side: 0, 0, 0
front only
else
front: 0, 1.43958, 2.5
side: 0, 0, 0
front only
else
else
else
front: 0.627628, 0.318279, 2.5
back: 1.88289, 0.954837, 7.5
front back
photon_ene: 661.6 photon_theta: 0.274387 photon_phi: 0.469323
traject_len: 5.19431
pe_len: 112.13 cs_len: 1.48321
---
else
front: 0.236611, 0.0968906, 2.5
back: 0.709834, 0.290672, 7.5
front back
photon_ene: 661.6 photon_theta: 0.101918 photon_phi: 0.388663
traject_len: 5.02608
pe_len: 142.812 cs_len: 2.87794
---
else
front: 0.106311, 0, 2.5
side: 0, 0, 0
front only
else
else
else
else
else
else
else
else
else
front: 0, 0.179489, 2.5
back: 0, 0.538467, 7.5
front back
photon_ene: 661.6 photon_theta: 2.83892 photon_phi: 6.05119
traject_len: 5.01287
pe_len: 25.6098 cs_len: 0.502678
---
else
front: 0.74226, 0, 2.5
side: 0, 0, 0
front only
front: 0.126622, 0, 2.5
side: 0, 0, 0
front only
else
else
front: 0, 0, 2.5
side: 0, 0, 0
front only
else
front: 1.29335, 0.760526, 2.5
side: 0, 0, 0
front only
front: 1.05727, 0, 2.5
side: 0, 0, 0
front only
else
else
else
else
front: 0.979919, 0, 2.5
side: 0, 0, 0
front only
else
front: 0, 1.02235, 2.5
side: 0, 0, 0
front only
else
front: 0, 0.73332, 2.5
side: 0, 0, 0
front only
front: 0, 2.04491, 2.5
side: 0, 0, 0
front only
else
else
else
else
else
else
else
else
else
else
else
else
else
else
else
else
else
front: 0, 1.43595, 2.5
side: 0, 0, 0
front only
else
else
else
front: 0.179794, 0, 2.5
back: 0.539382, 0, 7.5
front back
photon_ene: 661.6 photon_theta: 0.138382 photon_phi: 5.25501
traject_len: 5.01291
pe_len: 20.894 cs_len: 17.7896
---
else
else
else
front: 1.87734, 0, 2.5
side: 0, 0, 0
front only
else
else
else
else
front: 0.869279, 0, 2.5
side: 0, 0, 0
front only
else
front: 0, 0, 2.5
side: 0, 0, 0
front only
front: 0.372791, 0, 2.5
back: 1.11837, 0, 7.5
front back
photon_ene: 661.6 photon_theta: 2.92651 photon_phi: 2.32206
traject_len: 5.05528
pe_len: 167.909 cs_len: 4.96371
---
else
front: 0, 0, 2.5
side: 0, 0, 0
front only
front: 2.09436, 0.158067, 2.5
side: 0, 0, 0
front only
front: 0.789474, 0, 2.5
side: 0, 0, 0
front only
front: 0.179671, 0.395693, 2.5
back: 0.539013, 1.18708, 7.5
front back
photon_ene: 661.6 photon_theta: 2.96948 photon_phi: 4.28616
traject_len: 5.07498
pe_len: 2.07867 cs_len: 10.3766
---
front: 1.6935, 0, 2.5
side: 0, 0, 0
front only
else
else
front: 0.387159, 0, 2.5
back: 1.16148, 0, 7.5
front back
photon_ene: 661.6 photon_theta: 2.95475 photon_phi: 2.53076
traject_len: 5.0596
pe_len: 12.2662 cs_len: 1.58061
---
else
front: 0, 0, 2.5
side: 0, 0, 0
front only
else
else
else
else
else
else
else
else
else
else
front: 0, 0, 2.5
side: 0, 0, 0
front only
front: 0, 0, 2.5
side: 0, 0, 0
front only
else
else
else
front: 0.67525, 0, 2.5
side: 0, 0, 0
front only
else
else
else
else
else
else
else
front: 1.19071, 0, 2.5
side: 0, 0, 0
front only
else
else
else
else
else
else
front: 0.381676, 0, 2.5
back: 1.14503, 0, 7.5
front back
photon_ene: 661.6 photon_theta: 2.89157 photon_phi: 2.21162
traject_len: 5.05793
pe_len: 14.6028 cs_len: 1.41032
---
else
else
else
else
else
else
front: 0, 0, 2.5
back: 0, 0, 7.5
front back
photon_ene: 661.6 photon_theta: 0.0539493 photon_phi: 3.27156
traject_len: 5
pe_len: 7.42418 cs_len: 3.69157
---
else
else
else
else
else
else
else
else
else
front: 0, 0.966834, 2.5
side: 0, 0, 0
front only
front: 0.242739, 1.14326, 2.5
side: 0, 0, 0
front only
else
else
else
else
else
front: 0.7991, 0.39511, 2.5
side: 0, 0, 0
front only
else
else
front: 1.90107, 0.239809, 2.5
side: 0, 0, 0
front only
front: 0, 0, 2.5
side: 0, 0, 0
front only
front: 0, 0, 2.5
side: 0, 0, 0
front only
front: 0, 0, 2.5
side: 0, 0, 0
front only
else
front: 0, 0.238751, 2.5
back: 0, 0.716254, 7.5
front back
photon_ene: 661.6 photon_theta: 3.04331 photon_phi: 4.96376
traject_len: 5.02275
pe_len: 33.9043 cs_len: 8.39274
---
front: 0, 0, 2.5
side: 0, 0, 0
front only
else
else
front: 0.742559, 0.480757, 2.5
side: 0, 0, 0
front only
else
else
front: 1.13666, 0, 2.5
side: 0, 0, 0
front only
front: 0.263724, 2.4636, 2.5
side: 0, 0, 0
front only
else
else
else
else
else
else
else
front: 1.60482, 1.29827, 2.5
side: 0, 0, 0
front only
else
front: 0, 0, 2.5
side: 0, 0, 0
front only
front: 0, 0, 2.5
side: 0, 0, 0
front only
else
front: 0, 0, 2.5
side: 0, 0, 0
front only
else
front: 0, 0.601162, 2.5
side: 0, 0, 0
front only
else
else
else
front: 0, 0, 2.5
side: 0, 0, 0
front only
else
else
front: 0, 0, 2.5
back: 0, 0, 7.5
front back
photon_ene: 661.6 photon_theta: 2.9507 photon_phi: 0.261762
traject_len: 5
pe_len: 17.1808 cs_len: 1.17557
---
else
else
else
else
else
front: 0, 0, 2.5
side: 0, 0, 0
front only
else
else
front: 0, 1.14605, 2.5
side: 0, 0, 0
front only
else
else
front: 0, 0, 2.5
back: 0, 0, 7.5
front back
photon_ene: 661.6 photon_theta: 2.83263 photon_phi: 0.802863
traject_len: 5
pe_len: 21.5236 cs_len: 2.57597
---
else
else
else
else
else
else
front: 1.71223, 0.194537, 2.5
side: 0, 0, 0
front only
else
else
else
else
else
else
front: 0, 0, 2.5
side: 0, 0, 0
front only
else
else
else
else
front: 0, 0, 2.5
side: 0, 0, 0
front only
else
else
front: 0, 0, 2.5
side: 0, 0, 0
front only
else
front: 0, 0.942844, 2.5
side: 0, 0, 0
front only
front: 0, 0, 2.5
side: 0, 0, 0
front only
else
front: 0.149286, 2.05633, 2.5
side: 0, 0, 0
front only
else
front: 0, 0.027332, 2.5
back: 0, 0.0819959, 7.5
front back
photon_ene: 661.6 photon_theta: 0.111037 photon_phi: 3.04338
traject_len: 5.0003
pe_len: 76.6049 cs_len: 2.76695
---
else
else
else
else
else
else
front: 1.28354, 0, 2.5
side: 0, 0, 0
front only
else
front: 0, 0.652458, 2.5
side: 0, 0, 0
front only
front: 0, 0, 2.5
side: 0, 0, 0
front only
else
else
front: 0, 1.28158, 2.5
side: 0, 0, 0
front only
else
else
else
front: 0, 0, 2.5
side: 0, 0, 0
front only
else
front: 0, 0, 2.5
back: 0, 0, 7.5
front back
photon_ene: 661.6 photon_theta: 0.0245547 photon_phi: 3.24787
traject_len: 5
pe_len: 2.36013 cs_len: 0.27784
---
else
else
front: 1.52947, 0, 2.5
side: 0, 0, 0
front only
else
else
front: 1.57559, 0.093018, 2.5
side: 0, 0, 0
front only
else
else
else
else
else
front: 0, 0, 2.5
side: 0, 0, 0
front only
front: 0, 1.04241, 2.5
side: 0, 0, 0
front only
front: 0, 0, 2.5
side: 0, 0, 0
front only
else
else
else
else
else
front: 0, 0, 2.5
side: 0, 0, 0
front only
else
else
else
else
else
else
front: 0, 0, 2.5
back: 0, 0, 7.5
front back
photon_ene: 661.6 photon_theta: 0.299775 photon_phi: 3.91484
traject_len: 5
pe_len: 13.8454 cs_len: 1.84409
---
else
else
else
else
else
else
else
else
else
else
else
front: 0.720506, 0, 2.5
side: 0, 0, 0
front only
else
front: 2.01556, 0, 2.5
side: 0, 0, 0
front only
else
else
else
else
else
else
else
front: 0, 0, 2.5
side: 0, 0, 0
front only
front: 0, 0, 2.5
side: 0, 0, 0
front only
else
else
else
else
front: 0, 0.745474, 2.5
side: 0, 0, 0
front only
front: 0, 0, 2.5
side: 0, 0, 0
front only
else
else
front: 0.366837, 0, 2.5
side: 0, 0, 0
front only
else
front: 1.56869, 0, 2.5
side: 0, 0, 0
front only
else
else
else
else
else
else
else
else
front: 0, 1.70189, 2.5
side: 0, 0, 0
front only
else
else
else
front: 2.33158, 0.357302, 2.5
side: 0, 0, 0
front only
front: 1.00717, 0.926594, 2.5
side: 0, 0, 0
front only
else
else
else
else
else
else
else
else
else
front: 0, 0.0323041, 2.5
side: 0, 0, 0
front only
front: 0.141695, 2.09097, 2.5
side: 0, 0, 0
front only
else
front: 0.471408, 0, 2.5
side: 0, 0, 0
front only
else
else
front: 0, 0.332477, 2.5
side: 0, 0, 0
front only
front: 1.58932, 0, 2.5
side: 0, 0, 0
front only
front: 0, 0, 2.5
side: 0, 0, 0
front only
front: 0.320851, 1.39785, 2.5
side: 0, 0, 0
front only
else
else
else
else
else
front: 0, 0, 2.5
side: 0, 0, 0
front only
else
else
front: 1.93983, 1.05424, 2.5
side: 0, 0, 0
front only
front: 0.0628666, 0, 2.5
side: 0, 0, 0
front only
else
else
else
else
else
front: 0.981193, 1.17491, 2.5
side: 0, 0, 0
front only
else
else
front: 2.28594, 0, 2.5
side: 0, 0, 0
front only
else
else
else
else
front: 0, 0, 2.5
side: 0, 0, 0
front only
else
front: 0.27772, 0, 2.5
side: 0, 0, 0
front only
else
else
else
else
front: 0, 0, 2.5
side: 0, 0, 0
front only
else
else
else
else
front: 0, 0.526648, 2.5
side: 0, 0, 0
front only
else
else
else
else
front: 0, 2.15693, 2.5
side: 0, 0, 0
front only
else
else
else
else
else
else
front: 0, 0.65647, 2.5
side: 0, 0, 0
front only
front: 0, 0, 2.5
side: 0, 0, 0
front only
else
front: 0, 0.0822215, 2.5
back: 0, 0.246664, 7.5
front back
photon_ene: 661.6 photon_theta: 0.141256 photon_phi: 2.9082
traject_len: 5.0027
pe_len: 34.2735 cs_len: 1.6187
---
else
else
else
front: 0, 0, 2.5
side: 0, 0, 0
front only
front: 0, 0, 2.5
back: 0, 0, 7.5
front back
photon_ene: 661.6 photon_theta: 3.01403 photon_phi: 1.48745
traject_len: 5
pe_len: 4.89632 cs_len: 7.91069
---
else
else
else
else
else
else
else
else
front: 0, 1.38328, 2.5
side: 0, 0, 0
front only
else
front: 0.524707, 0, 2.5
back: 1.57412, 0, 7.5
front back
photon_ene: 661.6 photon_theta: 0.212574 photon_phi: 6.04779
traject_len: 5.10894
pe_len: 39.5033 cs_len: 1.02226
---
else
else
else
else
front: 0, 1.32601, 2.5
side: 0, 0, 0
front only
front: 0, 1.42804, 2.5
side: 0, 0, 0
front only
else
else
front: 0.0499867, 0, 2.5
side: 0, 0, 0
front only
else
front: 0.921583, 0.950126, 2.5
side: 0, 0, 0
front only
front: 0, 1.18899, 2.5
side: 0, 0, 0
front only
else
else
else
else
else
else
else
else
else
front: 0.231052, 0, 2.5
side: 0, 0, 0
front only
else
else
front: 0, 0, 2.5
back: 0, 0, 7.5
front back
photon_ene: 661.6 photon_theta: 2.91544 photon_phi: 1.21639
traject_len: 5
pe_len: 13.1165 cs_len: 4.88428
---
front: 0, 0, 2.5
side: 0, 0, 0
front only
else
else
else
else
else
front: 0.310495, 0.641203, 2.5
back: 0.931484, 1.92361, 7.5
front back
photon_ene: 661.6 photon_theta: 0.277611 photon_phi: 1.11984
traject_len: 5.19906
pe_len: 13.2886 cs_len: 5.04185
---
front: 0, 0.759641, 2.5
side: 0, 0, 0
front only
else
else
else
front: 0, 0, 2.5
side: 0, 0, 0
front only
front: 0.686201, 0.729647, 2.5
side: 0, 0, 0
front only
else
else
else
front: 1.14762, 0, 2.5
side: 0, 0, 0
front only
front: 0, 1.21896, 2.5
side: 0, 0, 0
front only
else
else
front: 0, 0.3498, 2.5
back: 0, 1.0494, 7.5
front back
photon_ene: 661.6 photon_theta: 0.30314 photon_phi: 2.6778
traject_len: 5.04871
pe_len: 14.8647 cs_len: 3.34745
---
front: 0.116534, 0, 2.5
back: 0.349603, 0, 7.5
front back
photon_ene: 661.6 photon_theta: 0.250144 photon_phi: 4.89586
traject_len: 5.00543
pe_len: 71.6723 cs_len: 1.29904
---
else
front: 0, 0.0508465, 2.5
back: 0, 0.15254, 7.5
front back
photon_ene: 661.6 photon_theta: 0.260795 photon_phi: 3.06531
traject_len: 5.00103
pe_len: 73.8267 cs_len: 0.286643
---
else
else
front: 0.815264, 1.5357, 2.5
side: 0, 0, 0
front only
else
front: 0, 2.12445, 2.5
side: 0, 0, 0
front only
else
front: 1.21327, 0.812083, 2.5
side: 0, 0, 0
front only
else
front: 0, 0.474037, 2.5
back: 0, 1.42211, 7.5
front back
photon_ene: 661.6 photon_theta: 0.187715 photon_phi: 1.63033
traject_len: 5.08909
pe_len: 16.6764 cs_len: 0.906673
---
else
else
else
else
else
front: 0.147337, 0.0923733, 2.5
back: 0.442012, 0.27712, 7.5
front back
photon_ene: 661.6 photon_theta: 3.07214 photon_phi: 3.70159
traject_len: 5.01208
pe_len: 34.9897 cs_len: 2.82763
---
else
else
else
front: 2.09679, 0.783837, 2.5
side: 0, 0, 0
front only
else
else
front: 0, 0, 2.5
side: 0, 0, 0
front only
else
else
else
front: 0, 0, 2.5
side: 0, 0, 0
front only
else
else
front: 0.532274, 0.989239, 2.5
side: 0, 0, 0
front only
else
else
else
else
else
else
else
else
front: 1.2023, 0, 2.5
side: 0, 0, 0
front only
else
else
else
else
else
else
else
else
else
front: 0, 0.500406, 2.5
side: 0, 0, 0
front only
front: 0.492651, 2.04698, 2.5
side: 0, 0, 0
front only
else
else
front: 0, 1.24672, 2.5
side: 0, 0, 0
front only
else
else
front: 0, 0, 2.5
side: 0, 0, 0
front only
else
front: 0, 0, 2.5
side: 0, 0, 0
front only
front: 2.09795, 1.22097, 2.5
side: 0, 0, 0
front only
else
else
else
else
else
else
else
front: 0, 0, 2.5
side: 0, 0, 0
front only
else
else
front: 0, 0, 2.5
side: 0, 0, 0
front only
else
else
else
else
front: 1.69922, 0, 2.5
side: 0, 0, 0
front only
front: 1.58529, 0, 2.5
side: 0, 0, 0
front only
else
else
else
else
front: 0, 0, 2.5
side: 0, 0, 0
front only
front: 0, 0, 2.5
side: 0, 0, 0
front only
else
else
else
front: 0, 1.32034, 2.5
side: 0, 0, 0
front only
else
else
front: 1.23567, 0.863364, 2.5
side: 0, 0, 0
front only
else
else
else
else
else
else
front: 0.820828, 0.7783, 2.5
side: 0, 0, 0
front only
else
front: 1.61335, 0, 2.5
side: 0, 0, 0
front only
else
front: 0.243056, 0, 2.5
side: 0, 0, 0
front only
else
else
front: 0, 0, 2.5
back: 0, 0, 7.5
front back
photon_ene: 661.6 photon_theta: 0.261283 photon_phi: 3.28216
traject_len: 5
pe_len: 80.3116 cs_len: 4.30751
---
front: 0, 0, 2.5
side: 0, 0, 0
front only
else
else
else
else
else
front: 1.36907, 0.297509, 2.5
side: 0, 0, 0
front only
else
else
front: 0.097939, 0.130386, 2.5
back: 0.293817, 0.391159, 7.5
front back
photon_ene: 661.6 photon_theta: 0.0651367 photon_phi: 0.926563
traject_len: 5.01063
pe_len: 6.6912 cs_len: 1.81084
---
else
front: 0, 0, 2.5
side: 0, 0, 0
front only
front: 0.0420067, 1.00963, 2.5
side: 0, 0, 0
front only
else
front: 0, 0, 2.5
side: 0, 0, 0
front only
else
front: 0.423364, 0.577754, 2.5
back: 1.27009, 1.73326, 7.5
front back
photon_ene: 661.6 photon_theta: 2.86256 photon_phi: 4.08
traject_len: 5.20117
pe_len: 25.1213 cs_len: 7.51051
---
else
front: 0, 0, 2.5
back: 0, 0, 7.5
front back
photon_ene: 661.6 photon_theta: 0.23981 photon_phi: 3.23736
traject_len: 5
pe_len: 127.465 cs_len: 21.5045
---
front: 0, 0.397628, 2.5
back: 0, 1.19288, 7.5
front back
photon_ene: 661.6 photon_theta: 0.180327 photon_phi: 2.08143
traject_len: 5.06285
pe_len: 2.01802 cs_len: 1.34043
---
front: 0, 0, 2.5
side: 0, 0, 0
front only
else
else
else
else
else
else
else
front: 0.0825736, 0, 2.5
side: 0, 0, 0
front only
else
else
else
else
else
else
front: 0, 0, 2.5
side: 0, 0, 0
front only
else
front: 0, 0, 2.5
side: 0, 0, 0
front only
front: 1.93187, 0, 2.5
side: 0, 0, 0
front only
front: 0.596531, 0, 2.5
side: 0, 0, 0
front only
front: 0, 0.933165, 2.5
side: 0, 0, 0
front only
front: 0, 0, 2.5
side: 0, 0, 0
front only
else
else
front: 0, 0, 2.5
back: 0, 0, 7.5
front back
photon_ene: 661.6 photon_theta: 2.99972 photon_phi: 1.38072
traject_len: 5
pe_len: 10.8668 cs_len: 1.68563
---
else
else
else
else
else
front: 1.70713, 1.29002, 2.5
side: 0, 0, 0
front only
else
else
front: 0, 1.88158, 2.5
side: 0, 0, 0
front only
front: 0, 2.1879, 2.5
side: 0, 0, 0
front only
else
else
else
front: 0.88177, 0, 2.5
side: 0, 0, 0
front only
else
front: 0, 0.799572, 2.5
back: 0, 2.39872, 7.5
front back
photon_ene: 661.6 photon_theta: 2.83121 photon_phi: 4.78822
traject_len: 5.2495
pe_len: 14.0061 cs_len: 3.36188
---
front: 0.244371, 0, 2.5
back: 0.733114, 0, 7.5
front back
photon_ene: 661.6 photon_theta: 2.99161 photon_phi: 2.27424
traject_len: 5.02383
pe_len: 15.9234 cs_len: 6.94341
---
else
else
else
else
else
else
front: 0, 0.687074, 2.5
side: 0, 0, 0
front only
else
else
front: 2.36751, 0.27882, 2.5
side: 0, 0, 0
front only
else
front: 0, 0.586762, 2.5
side: 0, 0, 0
front only
front: 1.4981, 0, 2.5
side: 0, 0, 0
front only
front: 0.143565, 1.79623, 2.5
side: 0, 0, 0
front only
front: 0.0551429, 0.801911, 2.5
back: 0.165429, 2.40573, 7.5
front back
photon_ene: 661.6 photon_theta: 0.311083 photon_phi: 1.50214
traject_len: 5.25209
pe_len: 52.8641 cs_len: 7.70345
---
front: 1.34491, 0.935505, 2.5
side: 0, 0, 0
front only
front: 0, 0.691363, 2.5
side: 0, 0, 0
front only
else
else
front: 1.22256, 0.258244, 2.5
side: 0, 0, 0
front only
else
else
else
front: 0, 1.19072, 2.5
side: 0, 0, 0
front only
front: 1.14147, 1.33936, 2.5
side: 0, 0, 0
front only
else
else
else
front: 0, 0.546037, 2.5
side: 0, 0, 0
front only
front: 0.677161, 0.142326, 2.5
back: 2.03148, 0.426977, 7.5
front back
photon_ene: 661.6 photon_theta: 2.87157 photon_phi: 3.34876
traject_len: 5.18799
pe_len: 100.032 cs_len: 0.220507
---
front: 0, 0.141975, 2.5
side: 0, 0, 0
front only
front: 0.896333, 0.520567, 2.5
side: 0, 0, 0
front only
else
front: 0.676645, 1.6741, 2.5
side: 0, 0, 0
front only
else
front: 0, 0.442087, 2.5
back: 0, 1.32626, 7.5
front back
photon_ene: 661.6 photon_theta: 2.91158 photon_phi: 5.42725
traject_len: 5.07757
pe_len: 20.6694 cs_len: 7.23259
---
else
else
else
front: 0.765473, 0.0810909, 2.5
back: 2.29642, 0.243273, 7.5
front back
photon_ene: 661.6 photon_theta: 0.298691 photon_phi: 0.105542
traject_len: 5.23164
pe_len: 7.60763 cs_len: 9.1122
---
else
front: 0, 0, 2.5
side: 0, 0, 0
front only
else
else
else
front: 1.65379, 1.19272, 2.5
side: 0, 0, 0
front only
else
else
front: 0, 0, 2.5
side: 0, 0, 0
front only
else
else
else
else
front: 0, 0.588199, 2.5
side: 0, 0, 0
front only
else
else
else
else
else
else
front: 2.04191, 0, 2.5
side: 0, 0, 0
front only
front: 1.53911, 0, 2.5
side: 0, 0, 0
front only
else
else
else
front: 0, 0.170057, 2.5
back: 0, 0.510171, 7.5
front back
photon_ene: 661.6 photon_theta: 2.9697 photon_phi: 5.88058
traject_len: 5.01155
pe_len: 7.18886 cs_len: 16.3829
---
else
else
else
else
else
else
front: 0, 0, 2.5
side: 0, 0, 0
front only
front: 0, 0, 2.5
side: 0, 0, 0
front only
front: 0, 0.540783, 2.5
back: 0, 1.62235, 7.5
front back
photon_ene: 661.6 photon_theta: 0.242437 photon_phi: 2.07678
traject_len: 5.11564
pe_len: 6.16864 cs_len: 3.80334
---
else
else
else
else
else
else
else
else
else
else
front: 0, 0, 2.5
side: 0, 0, 0
front only
else
else
front: 1.2338, 0.72839, 2.5
side: 0, 0, 0
front only
front: 0, 0, 2.5
side: 0, 0, 0
front only
front: 1.0792, 0, 2.5
side: 0, 0, 0
front only
front: 0, 0, 2.5
side: 0, 0, 0
front only
else
else
else
else
else
else
else
else
else
front: 1.69594, 0, 2.5
side: 0, 0, 0
front only
front: 0.872464, 0, 2.5
side: 0, 0, 0
front only
front: 0, 0, 2.5
side: 0, 0, 0
front only
else
else
else
else
else
else
else
front: 0.98983, 0, 2.5
side: 0, 0, 0
front only
else
else
else
else
else
else
else
else
front: 0, 0.0202336, 2.5
side: 0, 0, 0
front only
front: 0, 1.4496, 2.5
side: 0, 0, 0
front only
front: 0, 0, 2.5
side: 0, 0, 0
front only
else
front: 0, 2.0965, 2.5
side: 0, 0, 0
front only
front: 0, 2.16593, 2.5
side: 0, 0, 0
front only
front: 0, 0, 2.5
side: 0, 0, 0
front only
else
front: 0, 0, 2.5
side: 0, 0, 0
front only
else
else
else
front: 0, 1.91907, 2.5
side: 0, 0, 0
front only
else
else
else
else
front: 0.127546, 0, 2.5
back: 0.382638, 0, 7.5
front back
photon_ene: 661.6 photon_theta: 0.114023 photon_phi: 5.17412
traject_len: 5.0065
pe_len: 9.53464 cs_len: 3.46155
---
else
else
else
else
else
else
else
else
else
else
else
else
else
else
else
else
else
else
else
else
else
else
else
else
else
else
front: 0.377862, 0, 2.5
side: 0, 0, 0
front only
else
else
else
else
else
else
else
front: 0.839653, 0, 2.5
side: 0, 0, 0
front only
front: 0, 1.70584, 2.5
side: 0, 0, 0
front only
else
front: 0.832807, 0, 2.5
side: 0, 0, 0
front only
else
else
else
else
else
else
else
else
front: 0.164731, 2.41745, 2.5
side: 0, 0, 0
front only
else
else
else
else
else
front: 2.02752, 0.70081, 2.5
side: 0, 0, 0
front only
else
else
front: 0, 1.14598, 2.5
side: 0, 0, 0
front only
else
front: 0, 0, 2.5
side: 0, 0, 0
front only
front: 0, 0, 2.5
side: 0, 0, 0
front only
else
front: 1.84007, 0, 2.5
side: 0, 0, 0
front only
else
front: 0, 0.496137, 2.5
side: 0, 0, 0
front only
else
front: 0.346392, 0, 2.5
side: 0, 0, 0
front only
else
else
else
else
else
else
else
else
else
else
else
else
front: 0, 0.916172, 2.5
side: 0, 0, 0
front only
else
else
else
else
else
else
front: 0, 1.26816, 2.5
side: 0, 0, 0
front only
else
else
else
front: 0.355575, 0.143873, 2.5
back: 1.06672, 0.43162, 7.5
front back
photon_ene: 661.6 photon_theta: 0.152244 photon_phi: 0.384484
traject_len: 5.05851
pe_len: 84.4547 cs_len: 3.38649
---
else
else
else
else
front: 0, 1.0485, 2.5
side: 0, 0, 0
front only
else
else
else
else
front: 0.719493, 2.35226, 2.5
side: 0, 0, 0
front only
else
else
else
else
else
else
else
front: 0, 2.21993, 2.5
side: 0, 0, 0
front only
else
else
else
else
front: 0.991434, 0.583127, 2.5
side: 0, 0, 0
front only
front: 0, 0.23596, 2.5
side: 0, 0, 0
front only
else
else
else
front: 0, 0, 2.5
side: 0, 0, 0
front only
else
front: 0, 0.86465, 2.5
side: 0, 0, 0
front only
else
else
front: 0, 0, 2.5
back: 0, 0, 7.5
front back
photon_ene: 661.6 photon_theta: 0.314358 photon_phi: 4.26061
traject_len: 5
pe_len: 37.5454 cs_len: 6.54465
---
front: 0.861274, 1.29185, 2.5
side: 0, 0, 0
front only
front: 0.448099, 0, 2.5
side: 0, 0, 0
front only
else
else
else
front: 0, 1.40768, 2.5
side: 0, 0, 0
front only
else
front: 0, 0, 2.5
side: 0, 0, 0
front only
else
else
else
front: 0, 0, 2.5
side: 0, 0, 0
front only
else
else
front: 0, 0, 2.5
back: 0, 0, 7.5
front back
photon_ene: 661.6 photon_theta: 0.286454 photon_phi: 4.1706
traject_len: 5
pe_len: 38.3562 cs_len: 3.92154
---
else
else
else
front: 0, 0, 2.5
side: 0, 0, 0
front only
else
else
else
else
else
else
else
front: 0, 0, 2.5
side: 0, 0, 0
front only
else
else
else
else
else
else
front: 0, 0, 2.5
side: 0, 0, 0
front only
else
else
front: 0, 0, 2.5
side: 0, 0, 0
front only
front: 0, 0, 2.5
side: 0, 0, 0
front only
else
else
else
else
else
else
else
front: 0.590385, 0, 2.5
back: 1.77116, 0, 7.5
front back
photon_ene: 661.6 photon_theta: 2.90561 photon_phi: 2.95193
traject_len: 5.13753
pe_len: 103.832 cs_len: 1.04218
---
else
else
else
else
front: 0.490229, 0, 2.5
back: 1.47069, 0, 7.5
front back
photon_ene: 661.6 photon_theta: 0.312907 photon_phi: 5.36352
traject_len: 5.09522
pe_len: 6.37695 cs_len: 11.278
---
else
else
else
else
front: 0, 1.18358, 2.5
side: 0, 0, 0
front only
else
front: 0.981629, 0.694965, 2.5
side: 0, 0, 0
front only
front: 1.18806, 0, 2.5
side: 0, 0, 0
front only
else
else
else
front: 0, 0.276217, 2.5
side: 0, 0, 0
front only
else
front: 2.34692, 0, 2.5
side: 0, 0, 0
front only
front: 0.540757, 0, 2.5
side: 0, 0, 0
front only
else
else
else
else
front: 1.40794, 0, 2.5
side: 0, 0, 0
front only
front: 0, 0, 2.5
side: 0, 0, 0
front only
else
else
else
else
else
front: 0, 0, 2.5
side: 0, 0, 0
front only
else
else
front: 0, 0.353364, 2.5
side: 0, 0, 0
front only
else
else
else
else
else
front: 1.59298, 0.997268, 2.5
side: 0, 0, 0
front only
front: 0, 0, 2.5
side: 0, 0, 0
front only
else
front: 0, 0, 2.5
side: 0, 0, 0
front only
else
else
else
else
front: 0.90313, 0, 2.5
side: 0, 0, 0
front only
front: 0, 1.3514, 2.5
side: 0, 0, 0
front only
front: 0, 0.734875, 2.5
side: 0, 0, 0
front only
front: 0, 1.89289, 2.5
side: 0, 0, 0
front only
front: 0, 0, 2.5
side: 0, 0, 0
front only
front: 0, 0, 2.5
side: 0, 0, 0
front only
else
else
else
front: 0, 0, 2.5
side: 0, 0, 0
front only
else
else
else
else
front: 0, 0, 2.5
back: 0, 0, 7.5
front back
photon_ene: 661.6 photon_theta: 0.163936 photon_phi: 4.5513
traject_len: 5
pe_len: 22.7479 cs_len: 4.21935
---
else
else
else
else
else
else
front: 0, 0.132341, 2.5
side: 0, 0, 0
front only
front: 0.60015, 1.07629, 2.5
side: 0, 0, 0
front only
else
else
else
front: 0, 0, 2.5
back: 0, 0, 7.5
front back
photon_ene: 661.6 photon_theta: 0.321106 photon_phi: 4.18915
traject_len: 5
pe_len: 41.3199 cs_len: 7.67186
---
else
else
else
front: 0, 0, 2.5
side: 0, 0, 0
front only
else
front: 0, 0, 2.5
side: 0, 0, 0
front only
front: 1.38038, 1.40589, 2.5
side: 0, 0, 0
front only
else
else
else
else
else
front: 0, 0, 2.5
side: 0, 0, 0
front only
else
else
front: 0, 0, 2.5
side: 0, 0, 0
front only
front: 0.41217, 0.150111, 2.5
back: 1.23651, 0.450333, 7.5
front back
photon_ene: 661.6 photon_theta: 0.173694 photon_phi: 0.349266
traject_len: 5.07638
pe_len: 46.5625 cs_len: 1.24208
---
else
front: 0.539872, 1.10563, 2.5
side: 0, 0, 0
front only
else
else
else
front: 0, 0.84032, 2.5
side: 0, 0, 0
front only
else
else
else
else
else
else
else
else
else
front: 0.879631, 0, 2.5
side: 0, 0, 0
front only
front: 0.521759, 0, 2.5
back: 1.56528, 0, 7.5
front back
photon_ene: 661.6 photon_theta: 0.261627 photon_phi: 5.60614
traject_len: 5.10773
pe_len: 13.8663 cs_len: 5.77413
---
else
else
else
else
front: 1.12999, 0.432698, 2.5
side: 0, 0, 0
front only
else
else
front: 1.26534, 0, 2.5
side: 0, 0, 0
front only
else
else
front: 0.753751, 0.643375, 2.5
side: 0, 0, 0
front only
front: 1.06465, 0, 2.5
side: 0, 0, 0
front only
front: 0, 0, 2.5
side: 0, 0, 0
front only
front: 0, 0.532235, 2.5
side: 0, 0, 0
front only
else
else
front: 0.579674, 0.298054, 2.5
back: 1.73902, 0.894163, 7.5
front back
photon_ene: 661.6 photon_theta: 0.255047 photon_phi: 0.474924
traject_len: 5.16715
pe_len: 34.0606 cs_len: 1.1228
---
front: 0, 0, 2.5
side: 0, 0, 0
front only
front: 0.605917, 0, 2.5
side: 0, 0, 0
front only
else
front: 0, 0.372373, 2.5
side: 0, 0, 0
front only
else
front: 0, 0, 2.5
back: 0, 0, 7.5
front back
photon_ene: 661.6 photon_theta: 2.97702 photon_phi: 0.315556
traject_len: 5
pe_len: 78.9484 cs_len: 3.96054
---
front: 0.524806, 0.928811, 2.5
side: 0, 0, 0
front only
else
front: 0, 1.57555, 2.5
side: 0, 0, 0
front only
front: 0, 0, 2.5
side: 0, 0, 0
front only
else
else
else
front: 0, 0.40456, 2.5
side: 0, 0, 0
front only
else
else
else
else
else
front: 0, 0, 2.5
side: 0, 0, 0
front only
else
else
else
else
front: 0, 0, 2.5
side: 0, 0, 0
front only
else
else
else
front: 0.602235, 0, 2.5
side: 0, 0, 0
front only
front: 1.66499, 0, 2.5
side: 0, 0, 0
front only
else
front: 0, 1.01985, 2.5
side: 0, 0, 0
front only
else
else
front: 0, 0.665408, 2.5
back: 0, 1.99623, 7.5
front back
photon_ene: 661.6 photon_theta: 2.85935 photon_phi: 5.12052
traject_len: 5.17408
pe_len: 9.55549 cs_len: 1.28952
---
else
else
else
else
else
else
else
else
front: 0.870267, 0.397463, 2.5
side: 0, 0, 0
front only
else
else
front: 0, 0.902384, 2.5
side: 0, 0, 0
front only
front: 0, 0, 2.5
side: 0, 0, 0
front only
else
else
else
else
else
else
else
else
else
front: 0.996785, 0.350985, 2.5
side: 0, 0, 0
front only
else
else
else
else
else
front: 0.51326, 0, 2.5
back: 1.53978, 0, 7.5
front back
photon_ene: 661.6 photon_theta: 0.264034 photon_phi: 5.5748
traject_len: 5.10429
pe_len: 35.4387 cs_len: 9.72305
---
else
front: 1.1548, 0.635095, 2.5
side: 0, 0, 0
front only
front: 0, 0, 2.5
side: 0, 0, 0
front only
else
else
else
front: 0.19916, 0, 2.5
side: 0, 0, 0
front only
front: 0.303326, 1.45078, 2.5
side: 0, 0, 0
front only
else
else
else
front: 0.243039, 0, 2.5
side: 0, 0, 0
front only
else
else
else
else
else
else
else
else
else
else
else
else
else
front: 0, 0, 2.5
side: 0, 0, 0
front only
else
else
else
else
else
else
front: 0.415207, 0.145526, 2.5
back: 1.24562, 0.436577, 7.5
front back
photon_ene: 661.6 photon_theta: 0.174205 photon_phi: 0.337111
traject_len: 5.07684
pe_len: 92.2083 cs_len: 6.56064
---
else
front: 0, 0, 2.5
side: 0, 0, 0
front only
else
front: 0, 1.7881, 2.5
side: 0, 0, 0
front only
front: 0, 0.386967, 2.5
side: 0, 0, 0
front only
front: 0, 1.61518, 2.5
side: 0, 0, 0
front only
else
front: 1.14154, 2.02065, 2.5
side: 0, 0, 0
front only
front: 0.296647, 0, 2.5
back: 0.889941, 0, 7.5
front back
photon_ene: 661.6 photon_theta: 0.17148 photon_phi: 5.46723
traject_len: 5.03508
pe_len: 103.454 cs_len: 8.89129
---
else
front: 0.546734, 0, 2.5
side: 0, 0, 0
front only
else
else
else
front: 2.03908, 0, 2.5
side: 0, 0, 0
front only
else
else
else
else
front: 0, 0, 2.5
side: 0, 0, 0
front only
else
else
else
else
front: 1.43303, 0.566164, 2.5
side: 0, 0, 0
front only
else
else
else
front: 0.370475, 0, 2.5
side: 0, 0, 0
front only
front: 0, 0, 2.5
side: 0, 0, 0
front only
else
else
else
else
front: 0, 0, 2.5
side: 0, 0, 0
front only
else
else
front: 1.11137, 2.0413, 2.5
side: 0, 0, 0
front only
front: 0, 1.96851, 2.5
side: 0, 0, 0
front only
else
front: 0.227068, 0, 2.5
side: 0, 0, 0
front only
else
front: 1.7295, 0, 2.5
side: 0, 0, 0
front only
else
else
front: 0.103305, 1.90378, 2.5
side: 0, 0, 0
front only
else
else
else
front: 0, 0, 2.5
side: 0, 0, 0
front only
else
else
else
else
front: 0, 0, 2.5
side: 0, 0, 0
front only
else
else
front: 0, 0.141336, 2.5
side: 0, 0, 0
front only
front: 0, 1.40982, 2.5
side: 0, 0, 0
front only
else
else
else
else
else
else
else
front: 0, 0, 2.5
side: 0, 0, 0
front only
else
else
else
else
front: 1.08309, 1.57406, 2.5
side: 0, 0, 0
front only
else
else
else
else
front: 0, 0, 2.5
side: 0, 0, 0
front only
else
front: 0, 0.274868, 2.5
back: 0, 0.824603, 7.5
front back
photon_ene: 661.6 photon_theta: 3.01114 photon_phi: 5.28955
traject_len: 5.03013
pe_len: 12.7441 cs_len: 2.58635
---
else
front: 0.706584, 0, 2.5
back: 2.11975, 0, 7.5
front back
photon_ene: 661.6 photon_theta: 0.304038 photon_phi: 5.83394
traject_len: 5.19587
pe_len: 42.303 cs_len: 1.1812
---
else
front: 0, 1.15042, 2.5
side: 0, 0, 0
front only
front: 0, 1.30698, 2.5
side: 0, 0, 0
front only
else
front: 0, 0.0585116, 2.5
side: 0, 0, 0
front only
else
front: 0.493143, 0, 2.5
side: 0, 0, 0
front only
front: 0.725119, 2.0026, 2.5
side: 0, 0, 0
front only
front: 0, 0.117713, 2.5
side: 0, 0, 0
front only
else
else
else
else
front: 0.747778, 0.573889, 2.5
side: 0, 0, 0
front only
else
else
else
front: 0, 0.651427, 2.5
back: 0, 1.95428, 7.5
front back
photon_ene: 661.6 photon_theta: 2.88657 photon_phi: 4.74436
traject_len: 5.16696
pe_len: 43.365 cs_len: 3.00895
---
else
else
else
else
else
else
else
else
else
else
else
else
front: 0, 0.309832, 2.5
back: 0, 0.929495, 7.5
front back
photon_ene: 661.6 photon_theta: 0.300447 photon_phi: 2.73007
traject_len: 5.03825
pe_len: 72.9368 cs_len: 2.32811
---
else
else
else
front: 0, 0, 2.5
side: 0, 0, 0
front only
else
else
front: 0, 0.25093, 2.5
back: 0, 0.75279, 7.5
front back
photon_ene: 661.6 photon_theta: 2.95087 photon_phi: 5.73647
traject_len: 5.02512
pe_len: 28.2262 cs_len: 0.570356
---
front: 0, 0, 2.5
back: 0, 0, 7.5
front back
photon_ene: 661.6 photon_theta: 0.24743 photon_phi: 4.09712
traject_len: 5
pe_len: 4.14461 cs_len: 1.29801
---
else
else
front: 1.02969, 0, 2.5
side: 0, 0, 0
front only
else
else
else
else
else
else
else
else
front: 1.03575, 0.480421, 2.5
side: 0, 0, 0
front only
else
else
else
else
front: 0.303832, 0, 2.5
side: 0, 0, 0
front only
else
front: 0, 0.673663, 2.5
back: 0, 2.02099, 7.5
front back
photon_ene: 661.6 photon_theta: 0.273511 photon_phi: 1.85274
traject_len: 5.17835
pe_len: 19.2745 cs_len: 1.86211
---
else
else
front: 0.0383034, 1.04104, 2.5
side: 0, 0, 0
front only
front: 0, 0, 2.5
back: 0, 0, 7.5
front back
photon_ene: 661.6 photon_theta: 0.23645 photon_phi: 4.41067
traject_len: 5
pe_len: 11.1936 cs_len: 13.2079
---
else
front: 0, 0, 2.5
side: 0, 0, 0
front only
front: 1.19589, 0, 2.5
side: 0, 0, 0
front only
else
front: 0.877101, 0, 2.5
side: 0, 0, 0
front only
else
else
front: 0, 0, 2.5
side: 0, 0, 0
front only
else
else
else
else
else
else
front: 0, 0, 2.5
side: 0, 0, 0
front only
front: 0.521758, 0, 2.5
side: 0, 0, 0
front only
else
else
else
front: 0.692039, 0, 2.5
side: 0, 0, 0
front only
front: 0, 0, 2.5
side: 0, 0, 0
front only
front: 0, 0.693926, 2.5
side: 0, 0, 0
front only
else
else
else
else
else
else
else
front: 0, 0, 2.5
side: 0, 0, 0
front only
else
else
else
else
else
else
else
else
else
front: 0, 0, 2.5
side: 0, 0, 0
front only
front: 0.31571, 0, 2.5
side: 0, 0, 0
front only
else
else
else
else
front: 0, 0, 2.5
side: 0, 0, 0
front only
else
else
else
else
else
else
else
else
else
else
else
else
else
front: 0.388323, 0, 2.5
side: 0, 0, 0
front only
front: 0, 0.934472, 2.5
side: 0, 0, 0
front only
front: 0, 1.74138, 2.5
side: 0, 0, 0
front only
else
else
front: 0, 0, 2.5
side: 0, 0, 0
front only
front: 0.405369, 0.793178, 2.5
side: 0, 0, 0
front only
else
front: 1.13375, 0, 2.5
side: 0, 0, 0
front only
else
else
else
else
else
else
else
else
front: 1.10596, 0, 2.5
side: 0, 0, 0
front only
else
else
else
front: 0, 0.660317, 2.5
side: 0, 0, 0
front only
else
else
else
front: 0, 0, 2.5
side: 0, 0, 0
front only
else
else
front: 1.13666, 1.39419, 2.5
side: 0, 0, 0
front only
else
else
else
else
else
front: 0, 0, 2.5
side: 0, 0, 0
front only
front: 0, 0.189111, 2.5
side: 0, 0, 0
front only
else
front: 0, 0.383412, 2.5
side: 0, 0, 0
front only
front: 0, 0, 2.5
side: 0, 0, 0
front only
else
else
else
else
else
front: 0, 1.95096, 2.5
side: 0, 0, 0
front only
else
else
front: 0, 0.300411, 2.5
back: 0, 0.901232, 7.5
front back
photon_ene: 661.6 photon_theta: 2.94762 photon_phi: 5.62499
traject_len: 5.03597
pe_len: 9.37602 cs_len: 8.54555
---
else
front: 0, 0, 2.5
side: 0, 0, 0
front only
else
else
else
front: 1.66867, 0.572033, 2.5
side: 0, 0, 0
front only
else
front: 0, 0.941783, 2.5
side: 0, 0, 0
front only
else
else
front: 0, 0, 2.5
back: 0, 0, 7.5
front back
photon_ene: 661.6 photon_theta: 0.217623 photon_phi: 4.17424
traject_len: 5
pe_len: 21.1265 cs_len: 7.31118
---
else
front: 0, 0, 2.5
side: 0, 0, 0
front only
else
else
else
front: 0.793583, 0, 2.5
back: 2.38075, 0, 7.5
front back
photon_ene: 661.6 photon_theta: 2.82071 photon_phi: 2.84071
traject_len: 5.24586
pe_len: 1.69775 cs_len: 1.1912
---
front: 0.747382, 0, 2.5
side: 0, 0, 0
front only
else
else
else
front: 0.900114, 0, 2.5
side: 0, 0, 0
front only
else
front: 0, 0.24663, 2.5
back: 0, 0.73989, 7.5
front back
photon_ene: 661.6 photon_theta: 3.01229 photon_phi: 5.42185
traject_len: 5.02427
pe_len: 27.0387 cs_len: 2.69009
---
else
front: 0.664372, 0.185657, 2.5
back: 1.99312, 0.556971, 7.5
front back
photon_ene: 661.6 photon_theta: 2.87236 photon_phi: 3.41409
traject_len: 5.18685
pe_len: 8.12305 cs_len: 1.14888
---
else
else
front: 0.0698227, 0, 2.5
side: 0, 0, 0
front only
else
else
front: 0, 0, 2.5
side: 0, 0, 0
front only
else
else
else
else
else
else
front: 0, 0.0958573, 2.5
back: 0, 0.287572, 7.5
front back
photon_ene: 661.6 photon_theta: 3.03859 photon_phi: 5.90316
traject_len: 5.00367
pe_len: 149.985 cs_len: 5.53478
---
else
else
else
else
else
else
else
else
else
else
else
else
else
else
else
else
else
else
front: 0.100787, 0, 2.5
back: 0.302362, 0, 7.5
front back
photon_ene: 661.6 photon_theta: 0.170895 photon_phi: 4.94817
traject_len: 5.00406
pe_len: 85.3518 cs_len: 1.40241
---
else
else
else
else
else
else
else
front: 0, 0, 2.5
back: 0, 0, 7.5
front back
photon_ene: 661.6 photon_theta: 0.175003 photon_phi: 3.89819
traject_len: 5
pe_len: 8.60705 cs_len: 14.3619
---
else
front: 0.640676, 0, 2.5
side: 0, 0, 0
front only
else
else
else
else
else
front: 0, 0.125337, 2.5
back: 0, 0.37601, 7.5
front back
photon_ene: 661.6 photon_theta: 0.320664 photon_phi: 2.99006
traject_len: 5.00628
pe_len: 3.92619 cs_len: 0.431381
---
front: 0, 1.94215, 2.5
side: 0, 0, 0
front only
else
front: 0.745642, 2.10685, 2.5
side: 0, 0, 0
front only
else
else
else
else
front: 0, 0, 2.5
side: 0, 0, 0
front only
else
else
else
else
else
else
else
else
else
else
front: 0, 0.0245729, 2.5
back: 0, 0.0737186, 7.5
front back
photon_ene: 661.6 photon_theta: 2.83856 photon_phi: 6.25174
traject_len: 5.00024
pe_len: 23.2894 cs_len: 1.19572
---
else
else
else
front: 0.832682, 0.747708, 2.5
side: 0, 0, 0
front only
front: 1.64969, 0.270374, 2.5
side: 0, 0, 0
front only
else
front: 0, 0, 2.5
side: 0, 0, 0
front only
else
else
front: 0, 0.372816, 2.5
side: 0, 0, 0
front only
front: 0, 0, 2.5
side: 0, 0, 0
front only
else
else
else
else
else
else
else
front: 0, 0, 2.5
side: 0, 0, 0
front only
else
else
front: 0, 0, 2.5
side: 0, 0, 0
front only
else
front: 0, 0.77887, 2.5
side: 0, 0, 0
front only
else
else
else
else
else
else
else
front: 0, 0, 2.5
side: 0, 0, 0
front only
else
else
else
else
else
else
front: 0, 1.71443, 2.5
side: 0, 0, 0
front only
else
else
front: 0, 0, 2.5
side: 0, 0, 0
front only
front: 0, 0, 2.5
side: 0, 0, 0
front only
else
else
front: 0, 0, 2.5
side: 0, 0, 0
front only
front: 0, 0.12833, 2.5
back: 0, 0.384991, 7.5
front back
photon_ene: 661.6 photon_theta: 0.22604 photon_phi: 2.91648
traject_len: 5.00658
pe_len: 82.5749 cs_len: 1.70855
---
front: 0, 1.1657, 2.5
side: 0, 0, 0
front only
else
else
else
else
front: 0.688747, 1.01235, 2.5
side: 0, 0, 0
front only
front: 1.1708, 0, 2.5
side: 0, 0, 0
front only
front: 0, 0.274263, 2.5
back: 0, 0.822789, 7.5
front back
photon_ene: 661.6 photon_theta: 0.110408 photon_phi: 1.71517
traject_len: 5.03
pe_len: 33.8798 cs_len: 4.02488
---
else
else
else
else
else
else
front: 1.45207, 0, 2.5
side: 0, 0, 0
front only
else
else
else
front: 0, 0.308527, 2.5
side: 0, 0, 0
front only
front: 0.147699, 0, 2.5
back: 0.443096, 0, 7.5
front back
photon_ene: 661.6 photon_theta: 3.06315 photon_phi: 2.42129
traject_len: 5.00872
pe_len: 33.2182 cs_len: 0.218204
---
else
else
else
front: 0.484673, 0, 2.5
back: 1.45402, 0, 7.5
front back
photon_ene: 661.6 photon_theta: 0.299162 photon_phi: 5.39213
traject_len: 5.0931
pe_len: 65.6847 cs_len: 10.5297
---
else
front: 0, 0, 2.5
side: 0, 0, 0
front only
else
else
else
else
front: 0, 0, 2.5
side: 0, 0, 0
front only
else
else
else
else
else
else
else
front: 0.788156, 2.07602, 2.5
side: 0, 0, 0
front only
else
else
else
else
else
else
else
else
else
else
else
else
else
else
else
else
front: 1.32946, 0, 2.5
side: 0, 0, 0
front only
else
front: 0.237017, 0, 2.5
side: 0, 0, 0
front only
front: 0.833991, 1.58954, 2.5
side: 0, 0, 0
front only
else
else
front: 0, 0, 2.5
side: 0, 0, 0
front only
else
else
front: 0, 0, 2.5
side: 0, 0, 0
front only
else
else
else
front: 0, 0, 2.5
side: 0, 0, 0
front only
else
else
front: 0, 0.960642, 2.5
side: 0, 0, 0
front only
else
front: 0.0121315, 0, 2.5
side: 0, 0, 0
front only
else
front: 0.0683535, 0, 2.5
side: 0, 0, 0
front only
else
front: 1.08671, 0.896774, 2.5
side: 0, 0, 0
front only
else
else
else
else
else
else
front: 0.363145, 0.0258814, 2.5
back: 1.08944, 0.0776441, 7.5
front back
photon_ene: 661.6 photon_theta: 2.99698 photon_phi: 3.21274
traject_len: 5.05274
pe_len: 20.822 cs_len: 1.55742
---
else
else
else
else
front: 1.5464, 1.40347, 2.5
side: 0, 0, 0
front only
else
else
else
else
else
front: 0, 0, 2.5
side: 0, 0, 0
front only
else
else
else
else
else
else
front: 1.14701, 0, 2.5
side: 0, 0, 0
front only
front: 0, 0, 2.5
side: 0, 0, 0
front only
front: 1.68851, 0, 2.5
side: 0, 0, 0
front only
else
else
else
else
else
else
else
else
else
else
front: 1.23686, 1.58538, 2.5
side: 0, 0, 0
front only
else
else
front: 1.86145, 0, 2.5
side: 0, 0, 0
front only
else
else
else
else
else
else
else
front: 0.474224, 0, 2.5
side: 0, 0, 0
front only
else
front: 0, 0.00157426, 2.5
back: 0, 0.00472277, 7.5
front back
photon_ene: 661.6 photon_theta: 2.88423 photon_phi: 6.28079
traject_len: 5
pe_len: 44.8875 cs_len: 2.96742
---
front: 1.32257, 0.0490869, 2.5
side: 0, 0, 0
front only
else
front: 0, 0.904372, 2.5
side: 0, 0, 0
front only
else
else
else
front: 0, 0, 2.5
side: 0, 0, 0
front only
else
else
else
front: 0, 0, 2.5
side: 0, 0, 0
front only
else
else
front: 1.10128, 0.916858, 2.5
side: 0, 0, 0
front only
front: 0, 0.57833, 2.5
side: 0, 0, 0
front only
else
else
else
else
else
else
else
front: 0, 0.125942, 2.5
side: 0, 0, 0
front only
else
else
else
front: 0.979579, 0.501654, 2.5
side: 0, 0, 0
front only
else
front: 0, 0, 2.5
side: 0, 0, 0
front only
else
else
front: 2.04559, 0, 2.5
side: 0, 0, 0
front only
else
else
else
front: 1.80696, 1.5513, 2.5
side: 0, 0, 0
front only
else
else
else
front: 0, 0, 2.5
side: 0, 0, 0
front only
else
else
else
else
front: 0, 1.46497, 2.5
side: 0, 0, 0
front only
else
else
front: 0.659845, 0.815243, 2.5
side: 0, 0, 0
front only
front: 0, 0, 2.5
back: 0, 0, 7.5
front back
photon_ene: 661.6 photon_theta: 3.03255 photon_phi: 0.461004
traject_len: 5
pe_len: 6.47716 cs_len: 2.81406
---
else
else
front: 0, 0, 2.5
side: 0, 0, 0
front only
else
else
else
else
else
else
else
else
front: 0, 0, 2.5
side: 0, 0, 0
front only
else
else
else
front: 0, 0.303482, 2.5
back: 0, 0.910447, 7.5
front back
photon_ene: 661.6 photon_theta: 2.99536 photon_phi: 5.31433
traject_len: 5.03671
pe_len: 24.4003 cs_len: 6.53183
---
else
else
else
else
front: 0, 0, 2.5
side: 0, 0, 0
front only
else
front: 1.10274, 0.734009, 2.5
side: 0, 0, 0
front only
else
front: 0, 0, 2.5
side: 0, 0, 0
front only
else
else
front: 0.39634, 1.07911, 2.5
side: 0, 0, 0
front only
else
else
front: 0, 0, 2.5
side: 0, 0, 0
front only
else
else
front: 0, 0, 2.5
side: 0, 0, 0
front only
else
front: 0, 0, 2.5
side: 0, 0, 0
front only
else
else
else
else
front: 0.850627, 0.605075, 2.5
side: 0, 0, 0
front only
else
front: 1.23467, 0, 2.5
side: 0, 0, 0
front only
else
front: 1.49133, 1.24117, 2.5
side: 0, 0, 0
front only
else
else
else
else
else
else
else
front: 0, 0.342984, 2.5
back: 0, 1.02895, 7.5
front back
photon_ene: 661.6 photon_theta: 2.82217 photon_phi: 5.85546
traject_len: 5.04684
pe_len: 12.7688 cs_len: 3.77537
---
front: 0.569249, 0, 2.5
side: 0, 0, 0
front only
front: 0, 0, 2.5
side: 0, 0, 0
front only
else
else
else
else
else
else
else
else
else
front: 0, 1.55113, 2.5
side: 0, 0, 0
front only
front: 0, 0, 2.5
side: 0, 0, 0
front only
else
else
else
front: 0, 1.51957, 2.5
side: 0, 0, 0
front only
else
else
front: 0, 1.00603, 2.5
side: 0, 0, 0
front only
front: 0.825854, 1.09554, 2.5
side: 0, 0, 0
front only
front: 0, 0, 2.5
side: 0, 0, 0
front only
else
front: 0, 0.481784, 2.5
side: 0, 0, 0
front only
else
front: 1.22806, 0.797348, 2.5
side: 0, 0, 0
front only
front: 1.27971, 1.89571, 2.5
side: 0, 0, 0
front only
else
else
else
else
else
else
else
else
else
front: 0.278633, 2.4305, 2.5
side: 0, 0, 0
front only
else
else
else
else
else
else
front: 0.352008, 0, 2.5
back: 1.05603, 0, 7.5
front back
photon_ene: 661.6 photon_theta: 0.224041 photon_phi: 5.37848
traject_len: 5.04932
pe_len: 5.35384 cs_len: 9.24116
---
else
else
front: 0.129117, 0, 2.5
side: 0, 0, 0
front only
else
else
front: 1.15882, 0, 2.5
side: 0, 0, 0
front only
else
else
else
else
else
front: 1.43033, 0, 2.5
side: 0, 0, 0
front only
else
else
front: 0.4531, 0, 2.5
side: 0, 0, 0
front only
else
else
front: 1.37078, 0, 2.5
side: 0, 0, 0
front only
else
else
front: 1.58367, 0.663881, 2.5
side: 0, 0, 0
front only
else
else
else
front: 0, 0, 2.5
side: 0, 0, 0
front only
front: 0.998866, 0, 2.5
side: 0, 0, 0
front only
else
else
front: 0.115303, 0, 2.5
side: 0, 0, 0
front only
front: 0, 1.24246, 2.5
side: 0, 0, 0
front only
else
else
front: 0.861933, 0, 2.5
side: 0, 0, 0
front only
else
else
else
else
else
else
front: 0, 0, 2.5
side: 0, 0, 0
front only
front: 0.719608, 0, 2.5
side: 0, 0, 0
front only
else
front: 0.360921, 1.39215, 2.5
side: 0, 0, 0
front only
else
else
else
else
else
else
front: 1.20795, 0.0530885, 2.5
side: 0, 0, 0
front only
front: 2.04504, 0, 2.5
side: 0, 0, 0
front only
front: 1.09319, 0, 2.5
side: 0, 0, 0
front only
else
front: 0, 0, 2.5
side: 0, 0, 0
front only
front: 0.603998, 0, 2.5
side: 0, 0, 0
front only
else
else
else
front: 0.185161, 0.887564, 2.5
side: 0, 0, 0
front only
else
else
else
else
else
front: 0, 1.06865, 2.5
side: 0, 0, 0
front only
else
else
front: 1.01426, 0, 2.5
side: 0, 0, 0
front only
front: 0.376278, 0, 2.5
side: 0, 0, 0
front only
else
else
else
else
else
front: 0.147052, 0.78008, 2.5
back: 0.441155, 2.34024, 7.5
front back
photon_ene: 661.6 photon_theta: 0.307459 photon_phi: 1.38447
traject_len: 5.24601
pe_len: 3.44872 cs_len: 1.19581
---
else
else
else
else
front: 0.356451, 1.04706, 2.5
side: 0, 0, 0
front only
else
else
else
else
else
front: 0, 0, 2.5
side: 0, 0, 0
front only
else
else
front: 0, 0, 2.5
side: 0, 0, 0
front only
else
else
front: 0, 0, 2.5
side: 0, 0, 0
front only
else
else
else
else
front: 0, 0.640536, 2.5
side: 0, 0, 0
front only
else
else
else
else
front: 1.61731, 0, 2.5
side: 0, 0, 0
front only
else
else
else
else
else
front: 0, 1.33383, 2.5
side: 0, 0, 0
front only
else
else
else
else
front: 0, 1.62641, 2.5
side: 0, 0, 0
front only
front: 1.34617, 0, 2.5
side: 0, 0, 0
front only
front: 0, 0, 2.5
side: 0, 0, 0
front only
else
else
front: 0.242143, 0, 2.5
back: 0.72643, 0, 7.5
front back
photon_ene: 661.6 photon_theta: 0.129873 photon_phi: 5.54782
traject_len: 5.0234
pe_len: 1.19073 cs_len: 4.45365
---
else
else
else
else
front: 0.749693, 0, 2.5
side: 0, 0, 0
front only
else
else
else
else
else
else
front: 0, 1.88969, 2.5
side: 0, 0, 0
front only
front: 1.39178, 0, 2.5
side: 0, 0, 0
front only
else
front: 0, 0.206697, 2.5
back: 0, 0.620092, 7.5
front back
photon_ene: 661.6 photon_theta: 2.91032 photon_phi: 5.92444
traject_len: 5.01706
pe_len: 7.08485 cs_len: 23.8254
---
else
else
else
front: 0, 0.599393, 2.5
back: 0, 1.79818, 7.5
front back
photon_ene: 661.6 photon_theta: 0.305627 photon_phi: 2.27844
traject_len: 5.1417
pe_len: 58.5927 cs_len: 2.48305
---
else
else
else
else
front: 0, 0.753991, 2.5
back: 0, 2.26197, 7.5
front back
photon_ene: 661.6 photon_theta: 2.82251 photon_phi: 5.13285
traject_len: 5.22245
pe_len: 3.24831 cs_len: 7.34145
---
front: 0, 1.10026, 2.5
side: 0, 0, 0
front only
front: 2.29669, 0, 2.5
side: 0, 0, 0
front only
else
front: 0, 2.01721, 2.5
side: 0, 0, 0
front only
else
else
else
front: 0, 0.0440992, 2.5
side: 0, 0, 0
front only
front: 2.03123, 0, 2.5
side: 0, 0, 0
front only
else
else
else
else
front: 0, 0.265278, 2.5
side: 0, 0, 0
front only
front: 1.00069, 0.300213, 2.5
side: 0, 0, 0
front only
else
else
else
else
else
else
else
front: 0.206504, 1.42532, 2.5
side: 0, 0, 0
front only
front: 0.712434, 0, 2.5
side: 0, 0, 0
front only
else
else
else
front: 0.816155, 0.307013, 2.5
side: 0, 0, 0
front only
else
else
front: 0, 0, 2.5
side: 0, 0, 0
front only
front: 1.34043, 1.25758, 2.5
side: 0, 0, 0
front only
else
else
else
else
else
else
else
else
else
else
else
else
else
else
front: 0.256969, 0, 2.5
side: 0, 0, 0
front only
front: 0, 1.00618, 2.5
side: 0, 0, 0
front only
else
else
front: 1.48543, 0, 2.5
side: 0, 0, 0
front only
else
else
else
else
else
front: 0, 0.989235, 2.5
side: 0, 0, 0
front only
else
else
else
else
else
else
else
front: 0.0116604, 2.47192, 2.5
side: 0, 0, 0
front only
else
front: 0, 0.469156, 2.5
side: 0, 0, 0
front only
else
else
front: 0, 0, 2.5
back: 0, 0, 7.5
front back
photon_ene: 661.6 photon_theta: 0.114363 photon_phi: 3.19977
traject_len: 5
pe_len: 35.039 cs_len: 6.66478
---
else
front: 0, 0, 2.5
back: 0, 0, 7.5
front back
photon_ene: 661.6 photon_theta: 3.02754 photon_phi: 1.06797
traject_len: 5
pe_len: 29.1516 cs_len: 1.46343
---
else
else
else
else
else
front: 0, 0.865337, 2.5
side: 0, 0, 0
front only
else
else
front: 2.26005, 0.717371, 2.5
side: 0, 0, 0
front only
else
else
else
else
else
else
else
else
front: 0, 1.76533, 2.5
side: 0, 0, 0
front only
else
else
else
else
else
else
front: 0.34008, 0, 2.5
side: 0, 0, 0
front only
else
else
else
else
else
else
else
front: 0.350536, 1.04924, 2.5
side: 0, 0, 0
front only
else
else
else
else
else
else
else
front: 0, 0.386301, 2.5
side: 0, 0, 0
front only
front: 0.793386, 0, 2.5
side: 0, 0, 0
front only
else
else
else
else
else
else
else
else
else
else
else
else
else
else
else
front: 0.602134, 0, 2.5
side: 0, 0, 0
front only
else
front: 0, 1.78144, 2.5
side: 0, 0, 0
front only
front: 0, 1.70873, 2.5
side: 0, 0, 0
front only
front: 0.404715, 1.58488, 2.5
side: 0, 0, 0
front only
front: 0.236889, 0, 2.5
side: 0, 0, 0
front only
else
front: 0, 0, 2.5
side: 0, 0, 0
front only
else
front: 0, 0, 2.5
side: 0, 0, 0
front only
else
else
else
else
else
front: 1.68775, 0, 2.5
side: 0, 0, 0
front only
front: 0, 0.508165, 2.5
side: 0, 0, 0
front only
else
else
else
else
front: 0.969573, 0, 2.5
side: 0, 0, 0
front only
front: 0, 0.569367, 2.5
back: 0, 1.7081, 7.5
front back
photon_ene: 661.6 photon_theta: 2.85715 photon_phi: 5.39015
traject_len: 5.12803
pe_len: 9.14544 cs_len: 4.79323
---
else
else
else
front: 0, 0, 2.5
side: 0, 0, 0
front only
front: 0.420841, 1.32668, 2.5
side: 0, 0, 0
front only
front: 0, 1.23554, 2.5
side: 0, 0, 0
front only
front: 0, 1.02718, 2.5
side: 0, 0, 0
front only
else
else
else
front: 1.35603, 0, 2.5
side: 0, 0, 0
front only
else
else
else
front: 0, 1.02612, 2.5
side: 0, 0, 0
front only
else
else
front: 0, 0.976758, 2.5
side: 0, 0, 0
front only
else
else
front: 0, 0, 2.5
side: 0, 0, 0
front only
else
front: 0, 1.76937, 2.5
side: 0, 0, 0
front only
else
else
else
front: 0, 0, 2.5
back: 0, 0, 7.5
front back
photon_ene: 661.6 photon_theta: 2.86414 photon_phi: 0.832484
traject_len: 5
pe_len: 33.3162 cs_len: 4.682
---
else
else
else
else
else
else
front: 0, 0.360478, 2.5
side: 0, 0, 0
front only
else
else
front: 0.0911723, 1.06874, 2.5
side: 0, 0, 0
front only
front: 0, 1.69648, 2.5
side: 0, 0, 0
front only
front: 1.45779, 0, 2.5
side: 0, 0, 0
front only
front: 0.336976, 1.97401, 2.5
side: 0, 0, 0
front only
else
else
else
front: 0, 0, 2.5
side: 0, 0, 0
front only
else
front: 0.478804, 0.325961, 2.5
back: 1.43641, 0.977884, 7.5
front back
photon_ene: 661.6 photon_theta: 2.91392 photon_phi: 3.7393
traject_len: 5.13245
pe_len: 10.8896 cs_len: 4.694
---
else
front: 0, 1.06484, 2.5
side: 0, 0, 0
front only
else
front: 0.0353554, 0, 2.5
back: 0.106066, 0, 7.5
front back
photon_ene: 661.6 photon_theta: 2.83305 photon_phi: 1.61518
traject_len: 5.0005
pe_len: 1.26462 cs_len: 0.682988
---
else
else
else
else
else
else
else
else
front: 0.301746, 0, 2.5
back: 0.905238, 0, 7.5
front back
photon_ene: 661.6 photon_theta: 2.89069 photon_phi: 2.06114
traject_len: 5.03629
pe_len: 10.3141 cs_len: 3.57107
---
front: 0, 0, 2.5
side: 0, 0, 0
front only
front: 0, 0.819066, 2.5
side: 0, 0, 0
front only
else
else
front: 1.40471, 0, 2.5
side: 0, 0, 0
front only
front: 1.5443, 0, 2.5
side: 0, 0, 0
front only
else
else
else
else
front: 0, 0, 2.5
side: 0, 0, 0
front only
front: 0, 0, 2.5
back: 0, 0, 7.5
front back
photon_ene: 661.6 photon_theta: 0.150031 photon_phi: 3.37778
traject_len: 5
pe_len: 30.2244 cs_len: 1.42952
---
else
else
else
else
else
else
else
else
else
front: 0, 1.63583, 2.5
side: 0, 0, 0
front only
front: 0, 0, 2.5
side: 0, 0, 0
front only
front: 0, 0, 2.5
side: 0, 0, 0
front only
front: 0.0468472, 0, 2.5
side: 0, 0, 0
front only
else
else
else
else
front: 0.0417798, 1.82797, 2.5
side: 0, 0, 0
front only
else
else
else
else
else
else
front: 1.1457, 0, 2.5
side: 0, 0, 0
front only
front: 0.558462, 0, 2.5
back: 1.67539, 0, 7.5
front back
photon_ene: 661.6 photon_theta: 0.243338 photon_phi: 5.83173
traject_len: 5.12323
pe_len: 9.29129 cs_len: 1.54341
---
front: 0.544713, 0, 2.5
back: 1.63414, 0, 7.5
front back
photon_ene: 661.6 photon_theta: 2.91187 photon_phi: 2.76996
traject_len: 5.11731
pe_len: 60.8449 cs_len: 4.40698
---
else
else
else
else
else
front: 0, 1.0076, 2.5
side: 0, 0, 0
front only
else
else
else
else
else
front: 2.07496, 0.778584, 2.5
side: 0, 0, 0
front only
else
else
front: 0.243226, 1.13396, 2.5
side: 0, 0, 0
front only
else
else
front: 0, 0.597311, 2.5
back: 0, 1.79193, 7.5
front back
photon_ene: 661.6 photon_theta: 2.83895 photon_phi: 5.41183
traject_len: 5.14073
pe_len: 87.4458 cs_len: 1.08875
---
front: 0, 0.128466, 2.5
side: 0, 0, 0
front only
else
else
else
else
else
else
else
else
front: 1.332, 0, 2.5
side: 0, 0, 0
front only
else
front: 0.308099, 0.12359, 2.5
back: 0.924297, 0.370769, 7.5
front back
photon_ene: 661.6 photon_theta: 0.132013 photon_phi: 0.381486
traject_len: 5.04389
pe_len: 104.971 cs_len: 22.3894
---
else
else
else
else
else
else
else
front: 0, 1.86512, 2.5
side: 0, 0, 0
front only
else
else
front: 0, 0, 2.5
side: 0, 0, 0
front only
front: 0, 0, 2.5
side: 0, 0, 0
front only
front: 0, 0.13683, 2.5
back: 0, 0.41049, 7.5
front back
photon_ene: 661.6 photon_theta: 0.282359 photon_phi: 2.9518
traject_len: 5.00748
pe_len: 63.1976 cs_len: 0.0897107
---
else
front: 0, 0, 2.5
side: 0, 0, 0
front only
front: 1.6233, 0, 2.5
side: 0, 0, 0
front only
else
else
front: 0, 1.65016, 2.5
side: 0, 0, 0
front only
else
else
else
else
else
else
else
else
else
else
else
else
else
else
else
else
else
else
else
else
else
front: 0.681938, 0.142798, 2.5
back: 2.04581, 0.428395, 7.5
front back
photon_ene: 661.6 photon_theta: 2.8698 photon_phi: 3.34801
traject_len: 5.19054
pe_len: 44.9577 cs_len: 2.25415
---
else
front: 0.520155, 0, 2.5
side: 0, 0, 0
front only
else
else
else
else
else
front: 0.575825, 0.627851, 2.5
side: 0, 0, 0
front only
else
else
front: 0.390212, 0, 2.5
side: 0, 0, 0
front only
else
else
else
else
else
front: 0, 0, 2.5
side: 0, 0, 0
front only
else
else
front: 1.11992, 0, 2.5
side: 0, 0, 0
front only
else
else
else
else
else
else
front: 0.224302, 0, 2.5
side: 0, 0, 0
front only
else
else
else
else
else
else
else
else
front: 1.37874, 0, 2.5
side: 0, 0, 0
front only
else
front: 0, 0, 2.5
side: 0, 0, 0
front only
else
else
else
else
else
front: 0, 0, 2.5
side: 0, 0, 0
front only
else
else
front: 0.996929, 0.758447, 2.5
side: 0, 0, 0
front only
else
front: 1.07586, 0.858131, 2.5
side: 0, 0, 0
front only
else
else
else
else
front: 0, 1.14886, 2.5
side: 0, 0, 0
front only
front: 0.784472, 0.535724, 2.5
side: 0, 0, 0
front only
front: 0, 0, 2.5
side: 0, 0, 0
front only
front: 2.1951, 0, 2.5
side: 0, 0, 0
front only
else
else
else
else
else
else
front: 1.42716, 1.67041, 2.5
side: 0, 0, 0
front only
front: 0, 0, 2.5
side: 0, 0, 0
front only
else
else
front: 0, 2.02589, 2.5
side: 0, 0, 0
front only
front: 0, 1.74933, 2.5
side: 0, 0, 0
front only
else
front: 0, 1.22219, 2.5
side: 0, 0, 0
front only
else
else
else
else
front: 1.87542, 0.615396, 2.5
side: 0, 0, 0
front only
front: 1.4713, 0.183843, 2.5
side: 0, 0, 0
front only
else
front: 0.021665, 0, 2.5
back: 0.0649951, 0, 7.5
front back
photon_ene: 661.6 photon_theta: 0.117133 photon_phi: 4.7861
traject_len: 5.00019
pe_len: 11.8298 cs_len: 4.12832
---
else
else
front: 1.92516, 0, 2.5
side: 0, 0, 0
front only
else
else
else
else
else
else
front: 0, 0, 2.5
back: 0, 0, 7.5
front back
photon_ene: 661.6 photon_theta: 0.271202 photon_phi: 3.65168
traject_len: 5
pe_len: 20.925 cs_len: 1.23898
---
else
else
front: 1.1976, 0, 2.5
side: 0, 0, 0
front only
else
front: 0.915181, 0.184687, 2.5
side: 0, 0, 0
front only
front: 1.49974, 0.691814, 2.5
side: 0, 0, 0
front only
front: 0, 1.67383, 2.5
side: 0, 0, 0
front only
else
else
else
else
front: 0.105809, 0.237445, 2.5
back: 0.317428, 0.712334, 7.5
front back
photon_ene: 661.6 photon_theta: 3.03798 photon_phi: 4.29319
traject_len: 5.02696
pe_len: 73.5226 cs_len: 0.357963
---
else
else
else
else
else
front: 0, 1.80183, 2.5
side: 0, 0, 0
front only
front: 0, 0, 2.5
side: 0, 0, 0
front only
else
else
else
else
else
else
else
else
else
else
else
else
else
else
else
else
else
front: 1.62724, 1.53841, 2.5
side: 0, 0, 0
front only
else
else
else
front: 0, 0.493582, 2.5
back: 0, 1.48075, 7.5
front back
photon_ene: 661.6 photon_theta: 0.216108 photon_phi: 2.02339
traject_len: 5.09652
pe_len: 83.7306 cs_len: 3.82065
---
else
else
else
else
front: 0.113032, 0, 2.5
side: 0, 0, 0
front only
front: 0.623457, 0, 2.5
side: 0, 0, 0
front only
else
else
else
else
else
else
else
else
front: 0, 0, 2.5
side: 0, 0, 0
front only
else
front: 0, 0, 2.5
side: 0, 0, 0
front only
else
front: 1.66034, 0.416945, 2.5
side: 0, 0, 0
front only
else
else
else
else
else
else
else
else
else
else
else
else
else
else
else
else
front: 0, 0, 2.5
side: 0, 0, 0
front only
else
else
front: 1.49808, 1.26667, 2.5
side: 0, 0, 0
front only
else
else
else
front: 0, 0, 2.5
side: 0, 0, 0
front only
else
else
front: 0, 0, 2.5
side: 0, 0, 0
front only
else
else
else
else
front: 0, 0.895046, 2.5
side: 0, 0, 0
front only
else
else
else
else
else
else
else
front: 0, 0, 2.5
side: 0, 0, 0
front only
else
else
else
else
front: 0, 0, 2.5
side: 0, 0, 0
front only
else
else
else
front: 0.354641, 0, 2.5
back: 1.06392, 0, 7.5
front back
photon_ene: 661.6 photon_theta: 0.152579 photon_phi: 5.8869
traject_len: 5.05006
pe_len: 150.152 cs_len: 5.48538
---
front: 0, 0, 2.5
side: 0, 0, 0
front only
else
else
else
else
else
else
else
else
else
else
else
else
else
else
else
else
else
else
else
else
else
else
front: 1.34661, 0.589092, 2.5
side: 0, 0, 0
front only
else
else
front: 0, 1.66374, 2.5
side: 0, 0, 0
front only
front: 1.25002, 2.10958, 2.5
side: 0, 0, 0
front only
else
else
front: 0.448317, 1.03102, 2.5
side: 0, 0, 0
front only
else
else
else
else
else
else
else
else
else
else
else
front: 0, 0, 2.5
side: 0, 0, 0
front only
else
else
front: 0.526302, 0, 2.5
side: 0, 0, 0
front only
else
else
front: 1.81292, 0.381474, 2.5
side: 0, 0, 0
front only
front: 1.45219, 0.126682, 2.5
side: 0, 0, 0
front only
front: 0.849234, 1.59761, 2.5
side: 0, 0, 0
front only
else
front: 0, 2.13756, 2.5
side: 0, 0, 0
front only
else
else
front: 0, 0, 2.5
side: 0, 0, 0
front only
else
else
front: 0.0934795, 0.0687668, 2.5
back: 0.280438, 0.2063, 7.5
front back
photon_ene: 661.6 photon_theta: 3.09521 photon_phi: 3.77584
traject_len: 5.00538
pe_len: 40.3209 cs_len: 0.563266
---
else
front: 0, 0, 2.5
back: 0, 0, 7.5
front back
photon_ene: 661.6 photon_theta: 2.92107 photon_phi: 0.170185
traject_len: 5
pe_len: 77.3602 cs_len: 4.4067
---
front: 1.9779, 0.202689, 2.5
side: 0, 0, 0
front only
front: 0.991992, 0, 2.5
side: 0, 0, 0
front only
else
else
else
else
front: 0.205945, 0.238684, 2.5
back: 0.617834, 0.716051, 7.5
front back
photon_ene: 661.6 photon_theta: 3.01615 photon_phi: 4.00049
traject_len: 5.0396
pe_len: 127.2 cs_len: 2.24405
---
else
else
front: 0, 0.809307, 2.5
side: 0, 0, 0
front only
else
front: 0.307601, 2.03107, 2.5
side: 0, 0, 0
front only
else
front: 0, 0, 2.5
side: 0, 0, 0
front only
else
front: 0.36149, 0, 2.5
back: 1.08447, 0, 7.5
front back
photon_ene: 661.6 photon_theta: 0.236012 photon_phi: 5.35745
traject_len: 5.052
pe_len: 42.274 cs_len: 2.04726
---
front: 0, 0.0381715, 2.5
side: 0, 0, 0
front only
else
front: 0, 0, 2.5
side: 0, 0, 0
front only
else
else
else
front: 0, 0, 2.5
side: 0, 0, 0
front only
front: 0, 0, 2.5
back: 0, 0, 7.5
front back
photon_ene: 661.6 photon_theta: 2.86209 photon_phi: 1.39834
traject_len: 5
pe_len: 75.3621 cs_len: 7.82937
---
front: 0.839276, 0, 2.5
side: 0, 0, 0
front only
else
else
else
else
else
else
else
else
else
front: 0, 0, 2.5
side: 0, 0, 0
front only
else
else
else
else
front: 0.12734, 2.08744, 2.5
side: 0, 0, 0
front only
else
else
else
else
front: 0, 2.15634, 2.5
side: 0, 0, 0
front only
else
else
else
else
front: 0.211512, 0, 2.5
side: 0, 0, 0
front only
else
else
else
else
else
else
else
front: 0.687782, 0.232397, 2.5
back: 2.06335, 0.697192, 7.5
front back
photon_ene: 661.6 photon_theta: 2.85897 photon_phi: 3.46744
traject_len: 5.20655
pe_len: 24.3001 cs_len: 4.8349
---
front: 0.198397, 0.307567, 2.5
back: 0.595191, 0.9227, 7.5
front back
photon_ene: 661.6 photon_theta: 2.99622 photon_phi: 4.1395
traject_len: 5.0533
pe_len: 95.4263 cs_len: 0.508182
---
front: 0, 0, 2.5
side: 0, 0, 0
front only
else
else
else
front: 0.82767, 1.33369, 2.5
side: 0, 0, 0
front only
front: 1.01797, 0.938613, 2.5
side: 0, 0, 0
front only
else
front: 0.727377, 0, 2.5
back: 2.18213, 0, 7.5
front back
photon_ene: 661.6 photon_theta: 2.83814 photon_phi: 2.76299
traject_len: 5.20733
pe_len: 1.66791 cs_len: 1.3151
---
front: 1.81204, 0, 2.5
side: 0, 0, 0
front only
else
else
else
else
front: 0, 0.0135679, 2.5
side: 0, 0, 0
front only
else
else
else
else
else
else
else
else
else
front: 0.390824, 0, 2.5
side: 0, 0, 0
front only
front: 0, 0, 2.5
back: 0, 0, 7.5
front back
photon_ene: 661.6 photon_theta: 2.84955 photon_phi: 0.172622
traject_len: 5
pe_len: 77.98 cs_len: 0.0440964
---
else
front: 0, 0.734068, 2.5
side: 0, 0, 0
front only
else
else
else
else
else
front: 1.85184, 1.04614, 2.5
side: 0, 0, 0
front only
else
front: 0, 0, 2.5
side: 0, 0, 0
front only
else
front: 1.8022, 0.556089, 2.5
side: 0, 0, 0
front only
front: 0, 1.34949, 2.5
side: 0, 0, 0
front only
front: 0, 0, 2.5
side: 0, 0, 0
front only
else
else
else
front: 0, 0, 2.5
back: 0, 0, 7.5
front back
photon_ene: 661.6 photon_theta: 0.190764 photon_phi: 4.41443
traject_len: 5
pe_len: 31.5726 cs_len: 8.23555
---
front: 0.545421, 0, 2.5
side: 0, 0, 0
front only
else
else
else
front: 1.04788, 0, 2.5
side: 0, 0, 0
front only
front: 0.824668, 0, 2.5
side: 0, 0, 0
front only
else
else
else
front: 1.82869, 0, 2.5
side: 0, 0, 0
front only
else
front: 0.865847, 0, 2.5
side: 0, 0, 0
front only
else
else
else
else
front: 0, 0, 2.5
side: 0, 0, 0
front only
else
else
else
front: 0, 0, 2.5
back: 0, 0, 7.5
front back
photon_ene: 661.6 photon_theta: 2.84919 photon_phi: 1.46842
traject_len: 5
pe_len: 22.993 cs_len: 12.7515
---
else
else
else
else
else
front: 0, 0, 2.5
side: 0, 0, 0
front only
else
else
front: 0.718944, 0.9817, 2.5
side: 0, 0, 0
front only
else
front: 0, 1.16612, 2.5
side: 0, 0, 0
front only
else
front: 1.58657, 0, 2.5
side: 0, 0, 0
front only
else
front: 0.878524, 0, 2.5
side: 0, 0, 0
front only
else
front: 0.341359, 0.902083, 2.5
side: 0, 0, 0
front only
front: 0, 1.04103, 2.5
side: 0, 0, 0
front only
else
else
front: 0, 0, 2.5
side: 0, 0, 0
front only
else
else
front: 1.70078, 0.865305, 2.5
side: 0, 0, 0
front only
else
else
else
else
else
else
else
else
else
else
else
else
else
else
else
else
else
else
else
front: 0, 1.15203, 2.5
side: 0, 0, 0
front only
else
else
front: 0.203212, 0, 2.5
side: 0, 0, 0
front only
else
front: 0, 0, 2.5
side: 0, 0, 0
front only
else
else
front: 0, 2.39169, 2.5
side: 0, 0, 0
front only
else
front: 1.60092, 0, 2.5
side: 0, 0, 0
front only
else
front: 1.56908, 0.849301, 2.5
side: 0, 0, 0
front only
else
else
else
else
else
front: 0, 0.188759, 2.5
back: 0, 0.566278, 7.5
front back
photon_ene: 661.6 photon_theta: 2.92952 photon_phi: 5.92489
traject_len: 5.01423
pe_len: 13.6212 cs_len: 8.8055
---
else
else
else
else
else
else
else
else
else
else
else
front: 0.485223, 0.943462, 2.5
side: 0, 0, 0
front only
else
else
else
else
else
front: 0.838563, 0, 2.5
side: 0, 0, 0
front only
else
front: 1.95259, 0.67315, 2.5
side: 0, 0, 0
front only
else
else
else
else
front: 0, 0, 2.5
side: 0, 0, 0
front only
else
front: 0, 0, 2.5
side: 0, 0, 0
front only
front: 0, 0.245562, 2.5
side: 0, 0, 0
front only
else
else
else
else
front: 0.113339, 1.0598, 2.5
side: 0, 0, 0
front only
else
else
else
else
front: 0, 0, 2.5
side: 0, 0, 0
front only
else
front: 0, 0.0655756, 2.5
side: 0, 0, 0
front only
front: 0, 0, 2.5
side: 0, 0, 0
front only
else
else
else
front: 0, 0, 2.5
side: 0, 0, 0
front only
front: 0, 0, 2.5
side: 0, 0, 0
front only
front: 0, 1.37987, 2.5
side: 0, 0, 0
front only
else
else
else
else
else
front: 0, 1.60939, 2.5
side: 0, 0, 0
front only
else
else
else
front: 1.47783, 1.22372, 2.5
side: 0, 0, 0
front only
front: 0, 1.02833, 2.5
side: 0, 0, 0
front only
else
else
else
else
else
else
else
else
else
front: 0, 0.919456, 2.5
side: 0, 0, 0
front only
else
else
front: 1.30818, 0.89607, 2.5
side: 0, 0, 0
front only
front: 0, 1.27233, 2.5
side: 0, 0, 0
front only
else
front: 1.93391, 0.39275, 2.5
side: 0, 0, 0
front only
else
else
else
else
else
else
front: 1.12558, 0.57794, 2.5
side: 0, 0, 0
front only
else
front: 0.974332, 0, 2.5
side: 0, 0, 0
front only
else
else
else
front: 1.15762, 0, 2.5
side: 0, 0, 0
front only
else
else
else
front: 1.59022, 1.39506, 2.5
side: 0, 0, 0
front only
front: 0.674513, 0, 2.5
side: 0, 0, 0
front only
front: 0, 0, 2.5
side: 0, 0, 0
front only
else
else
else
else
else
front: 0, 0, 2.5
side: 0, 0, 0
front only
front: 0, 0.422267, 2.5
side: 0, 0, 0
front only
else
else
front: 0, 0, 2.5
side: 0, 0, 0
front only
else
else
front: 0.0839093, 0.801809, 2.5
back: 0.251728, 2.40543, 7.5
front back
photon_ene: 661.6 photon_theta: 2.82965 photon_phi: 4.60812
traject_len: 5.25355
pe_len: 9.83522 cs_len: 3.19024
---
else
else
front: 0.662363, 0, 2.5
side: 0, 0, 0
front only
else
else
else
else
else
else
front: 1.85284, 0, 2.5
side: 0, 0, 0
front only
else
front: 0.00562571, 1.45371, 2.5
side: 0, 0, 0
front only
front: 0, 0, 2.5
side: 0, 0, 0
front only
else
else
else
front: 1.01888, 0.543038, 2.5
side: 0, 0, 0
front only
else
else
front: 0, 2.28984, 2.5
side: 0, 0, 0
front only
else
else
else
front: 0.558607, 0, 2.5
side: 0, 0, 0
front only
else
else
front: 0, 1.22335, 2.5
side: 0, 0, 0
front only
front: 0, 0.773922, 2.5
side: 0, 0, 0
front only
front: 0, 2.17273, 2.5
side: 0, 0, 0
front only
front: 0.669722, 0, 2.5
side: 0, 0, 0
front only
else
else
else
front: 0, 0.39196, 2.5
back: 0, 1.17588, 7.5
front back
photon_ene: 661.6 photon_theta: 2.98607 photon_phi: 4.71996
traject_len: 5.06108
pe_len: 9.52481 cs_len: 6.37996
---
else
else
else
else
else
else
else
else
else
else
front: 0.115727, 0, 2.5
side: 0, 0, 0
front only
else
else
front: 0, 0.635395, 2.5
side: 0, 0, 0
front only
else
else
else
else
else
front: 1.27361, 0.298418, 2.5
side: 0, 0, 0
front only
else
else
else
front: 1.7836, 0.250858, 2.5
side: 0, 0, 0
front only
else
else
front: 0, 0.928825, 2.5
side: 0, 0, 0
front only
else
else
else
else
else
else
else
front: 0, 1.44052, 2.5
side: 0, 0, 0
front only
else
else
else
front: 0, 0.532445, 2.5
side: 0, 0, 0
front only
else
else
else
else
front: 0.259911, 0, 2.5
side: 0, 0, 0
front only
else
front: 0.201884, 1.98415, 2.5
side: 0, 0, 0
front only
else
front: 1.42115, 0.538171, 2.5
side: 0, 0, 0
front only
else
front: 0, 0, 2.5
back: 0, 0, 7.5
front back
photon_ene: 661.6 photon_theta: 0.111255 photon_phi: 3.25756
traject_len: 5
pe_len: 9.94418 cs_len: 1.67344
---
front: 0.36817, 0, 2.5
side: 0, 0, 0
front only
else
else
else
else
front: 0.762817, 0, 2.5
back: 2.28845, 0, 7.5
front back
photon_ene: 661.6 photon_theta: 0.307345 photon_phi: 6.00415
traject_len: 5.22758
pe_len: 24.9029 cs_len: 4.87763
---
else
else
else
else
else
else
else
front: 2.12577, 0, 2.5
side: 0, 0, 0
front only
else
else
else
front: 1.32818, 0, 2.5
side: 0, 0, 0
front only
front: 0, 1.37802, 2.5
side: 0, 0, 0
front only
else
front: 0.963054, 0, 2.5
side: 0, 0, 0
front only
else
else
front: 0, 0, 2.5
side: 0, 0, 0
front only
else
else
front: 0.251715, 1.77498, 2.5
side: 0, 0, 0
front only
else
else
front: 0.599853, 0, 2.5
side: 0, 0, 0
front only
else
else
else
front: 0.0903268, 0.549703, 2.5
back: 0.270981, 1.64911, 7.5
front back
photon_ene: 661.6 photon_theta: 2.92234 photon_phi: 4.54953
traject_len: 5.12263
pe_len: 56.9584 cs_len: 1.25727
---
else
else
else
front: 0.429908, 0, 2.5
back: 1.28972, 0, 7.5
front back
photon_ene: 661.6 photon_theta: 0.269685 photon_phi: 5.38382
traject_len: 5.07339
pe_len: 46.0433 cs_len: 1.44683
---
front: 0, 2.15421, 2.5
side: 0, 0, 0
front only
else
front: 0, 0, 2.5
side: 0, 0, 0
front only
else
front: 0, 0.343122, 2.5
back: 0, 1.02936, 7.5
front back
photon_ene: 661.6 photon_theta: 0.218952 photon_phi: 2.47693
traject_len: 5.04687
pe_len: 54.2524 cs_len: 8.92102
---
else
front: 0, 0.457961, 2.5
side: 0, 0, 0
front only
front: 2.27191, 0, 2.5
side: 0, 0, 0
front only
else
front: 0, 0, 2.5
side: 0, 0, 0
front only
else
else
else
else
front: 0, 1.66781, 2.5
side: 0, 0, 0
front only
else
front: 1.41457, 0, 2.5
side: 0, 0, 0
front only
else
front: 0, 1.18823, 2.5
side: 0, 0, 0
front only
else
else
else
else
else
else
else
front: 0, 0, 2.5
side: 0, 0, 0
front only
else
else
else
else
front: 1.73007, 0.170055, 2.5
side: 0, 0, 0
front only
else
else
front: 0.673245, 0, 2.5
side: 0, 0, 0
front only
else
else
else
else
else
front: 0.827311, 0, 2.5
side: 0, 0, 0
front only
else
else
else
else
else
else
else
front: 0, 1.2433, 2.5
side: 0, 0, 0
front only
front: 0, 0, 2.5
side: 0, 0, 0
front only
else
else
else
front: 0.203295, 0.0339861, 2.5
back: 0.609885, 0.101958, 7.5
front back
photon_ene: 661.6 photon_theta: 3.05933 photon_phi: 3.30724
traject_len: 5.01696
pe_len: 9.18739 cs_len: 0.577306
---
else
else
front: 1.49358, 0, 2.5
side: 0, 0, 0
front only
else
else
else
else
else
front: 0, 0, 2.5
side: 0, 0, 0
front only
else
front: 0, 0.991747, 2.5
side: 0, 0, 0
front only
else
else
else
else
else
else
else
else
else
else
else
else
front: 0, 0.557071, 2.5
back: 0, 1.67121, 7.5
front back
photon_ene: 661.6 photon_theta: 2.92054 photon_phi: 4.84235
traject_len: 5.12263
pe_len: 1.09996 cs_len: 1.79172
---
front: 1.37687, 0, 2.5
side: 0, 0, 0
front only
else
else
front: 0.403573, 0, 2.5
back: 1.21072, 0, 7.5
front back
photon_ene: 661.6 photon_theta: 2.98145 photon_phi: 3.10689
traject_len: 5.06473
pe_len: 125.633 cs_len: 0.648467
---
else
else
else
else
else
front: 0, 0.0783732, 2.5
side: 0, 0, 0
front only
front: 0, 0.930875, 2.5
side: 0, 0, 0
front only
front: 0.762911, 0, 2.5
side: 0, 0, 0
front only
front: 0, 0, 2.5
side: 0, 0, 0
front only
front: 0, 0, 2.5
back: 0, 0, 7.5
front back
photon_ene: 661.6 photon_theta: 2.83112 photon_phi: 0.90727
traject_len: 5
pe_len: 47.0745 cs_len: 1.65614
---
front: 0, 0, 2.5
side: 0, 0, 0
front only
else
front: 1.94583, 0, 2.5
side: 0, 0, 0
front only
front: 0.149714, 0, 2.5
back: 0.449143, 0, 7.5
front back
photon_ene: 661.6 photon_theta: 0.201671 photon_phi: 5.00966
traject_len: 5.00896
pe_len: 23.8204 cs_len: 6.83309
---
front: 0, 0.981157, 2.5
side: 0, 0, 0
front only
front: 0, 1.82769, 2.5
side: 0, 0, 0
front only
else
else
else
else
else
else
front: 0.501886, 0.950911, 2.5
side: 0, 0, 0
front only
else
else
else
else
else
else
front: 0, 0.525869, 2.5
side: 0, 0, 0
front only
else
front: 1.16122, 2.08204, 2.5
side: 0, 0, 0
front only
front: 1.79852, 0.841286, 2.5
side: 0, 0, 0
front only
else
front: 0.353205, 1.88246, 2.5
side: 0, 0, 0
front only
else
front: 0.623041, 0.39138, 2.5
back: 1.86912, 1.17414, 7.5
front back
photon_ene: 661.6 photon_theta: 2.85537 photon_phi: 3.70247
traject_len: 5.21205
pe_len: 28.7817 cs_len: 0.469023
---
else
else
else
front: 0, 0, 2.5
back: 0, 0, 7.5
front back
photon_ene: 661.6 photon_theta: 0.22112 photon_phi: 4.58082
traject_len: 5
pe_len: 18.9584 cs_len: 1.88352
---
else
front: 0.161382, 1.24596, 2.5
side: 0, 0, 0
front only
else
else
else
front: 1.92735, 0, 2.5
side: 0, 0, 0
front only
else
else
else
else
else
else
front: 0, 0, 2.5
side: 0, 0, 0
front only
else
else
else
front: 0, 0, 2.5
side: 0, 0, 0
front only
else
else
else
else
else
else
else
else
else
front: 1.12053, 2.07549, 2.5
side: 0, 0, 0
front only
else
else
else
else
else
front: 1.09371, 0, 2.5
side: 0, 0, 0
front only
else
else
else
else
else
else
else
else
else
else
front: 1.69968, 0.692399, 2.5
side: 0, 0, 0
front only
front: 0.278699, 0, 2.5
back: 0.836097, 0, 7.5
front back
photon_ene: 661.6 photon_theta: 2.88451 photon_phi: 2.0087
traject_len: 5.03097
pe_len: 50.0061 cs_len: 1.51459
---
else
front: 0.967689, 1.08783, 2.5
side: 0, 0, 0
front only
else
front: 0, 0, 2.5
side: 0, 0, 0
front only
else
else
else
else
else
else
else
else
else
else
front: 0, 0.763102, 2.5
side: 0, 0, 0
front only
front: 2.01509, 0, 2.5
side: 0, 0, 0
front only
else
else
else
else
front: 0, 0, 2.5
side: 0, 0, 0
front only
else
else
else
else
else
else
else
else
else
else
else
front: 1.5538, 0, 2.5
side: 0, 0, 0
front only
else
front: 0, 0.554257, 2.5
back: 0, 1.66277, 7.5
front back
photon_ene: 661.6 photon_theta: 0.245091 photon_phi: 2.05211
traject_len: 5.12141
pe_len: 7.77725 cs_len: 10.1348
---
else
else
else
else
front: 0, 0, 2.5
side: 0, 0, 0
front only
front: 0, 0, 2.5
side: 0, 0, 0
front only
else
front: 0, 0, 2.5
side: 0, 0, 0
front only
else
else
else
else
else
else
front: 1.53082, 1.97115, 2.5
side: 0, 0, 0
front only
else
front: 0, 0.733038, 2.5
side: 0, 0, 0
front only
else
else
else
front: 1.33445, 0, 2.5
side: 0, 0, 0
front only
front: 0, 0.809044, 2.5
side: 0, 0, 0
front only
front: 0, 0, 2.5
side: 0, 0, 0
front only
front: 0.368148, 1.00359, 2.5
side: 0, 0, 0
front only
front: 0, 0, 2.5
side: 0, 0, 0
front only
else
else
front: 0.537248, 0.268626, 2.5
back: 1.61174, 0.805877, 7.5
front back
photon_ene: 661.6 photon_theta: 2.9058 photon_phi: 3.60524
traject_len: 5.14229
pe_len: 3.74265 cs_len: 0.113789
---
else
else
else
else
else
else
front: 0.857987, 1.32932, 2.5
side: 0, 0, 0
front only
else
else
front: 0, 0, 2.5
side: 0, 0, 0
front only
else
front: 1.47802, 0, 2.5
side: 0, 0, 0
front only
else
else
else
front: 1.76649, 1.62665, 2.5
side: 0, 0, 0
front only
else
front: 0.578824, 0, 2.5
back: 1.73647, 0, 7.5
front back
photon_ene: 661.6 photon_theta: 0.229644 photon_phi: 6.14469
traject_len: 5.13227
pe_len: 2.22331 cs_len: 4.67785
---
else
else
else
else
else
else
else
else
else
else
else
else
front: 0, 0, 2.5
side: 0, 0, 0
front only
front: 0, 0.0172316, 2.5
side: 0, 0, 0
front only
else
front: 0, 2.27736, 2.5
side: 0, 0, 0
front only
else
front: 0.504485, 0.683578, 2.5
side: 0, 0, 0
front only
else
else
else
front: 0, 0.537106, 2.5
back: 0, 1.61132, 7.5
front back
photon_ene: 661.6 photon_theta: 0.282409 photon_phi: 2.3079
traject_len: 5.11409
pe_len: 4.1787 cs_len: 0.74126
---
else
else
else
else
else
else
else
else
front: 0.561881, 0, 2.5
side: 0, 0, 0
front only
else
else
else
front: 1.27204, 0, 2.5
side: 0, 0, 0
front only
else
else
else
front: 0.379624, 0, 2.5
side: 0, 0, 0
front only
front: 1.29732, 0.571509, 2.5
side: 0, 0, 0
front only
else
else
else
else
else
front: 2.10938, 0, 2.5
side: 0, 0, 0
front only
else
else
else
else
else
front: 1.05632, 0, 2.5
side: 0, 0, 0
front only
front: 0.243301, 0, 2.5
back: 0.729902, 0, 7.5
front back
photon_ene: 661.6 photon_theta: 2.84653 photon_phi: 1.89673
traject_len: 5.02362
pe_len: 155.416 cs_len: 5.34208
---
else
else
else
else
else
else
else
front: 0, 0.610755, 2.5
side: 0, 0, 0
front only
else
else
else
else
else
else
else
else
front: 1.5796, 0, 2.5
side: 0, 0, 0
front only
front: 0.595856, 0, 2.5
side: 0, 0, 0
front only
else
else
front: 0.311888, 1.67931, 2.5
side: 0, 0, 0
front only
else
else
front: 0.730526, 0, 2.5
side: 0, 0, 0
front only
else
else
else
front: 0, 0.850753, 2.5
side: 0, 0, 0
front only
front: 0, 0, 2.5
side: 0, 0, 0
front only
else
else
front: 0, 1.38592, 2.5
side: 0, 0, 0
front only
else
else
else
front: 1.81147, 0, 2.5
side: 0, 0, 0
front only
else
else
front: 0, 0, 2.5
side: 0, 0, 0
front only
else
else
else
else
else
else
else
front: 2.36001, 0.798464, 2.5
side: 0, 0, 0
front only
else
else
front: 0.945062, 1.04299, 2.5
side: 0, 0, 0
front only
else
else
else
front: 0.135598, 0.552049, 2.5
back: 0.406793, 1.65615, 7.5
front back
photon_ene: 661.6 photon_theta: 2.91801 photon_phi: 4.47153
traject_len: 5.12763
pe_len: 3.79324 cs_len: 1.0519
---
front: 0, 0, 2.5
side: 0, 0, 0
front only
else
else
else
else
else
front: 0, 0, 2.5
side: 0, 0, 0
front only
else
else
front: 0.833049, 0, 2.5
side: 0, 0, 0
front only
else
else
front: 0, 0, 2.5
side: 0, 0, 0
front only
front: 0, 0, 2.5
side: 0, 0, 0
front only
front: 0.747024, 0.826875, 2.5
side: 0, 0, 0
front only
front: 0, 1.84651, 2.5
side: 0, 0, 0
front only
else
else
else
else
else
else
else
front: 0.104473, 1.63898, 2.5
side: 0, 0, 0
front only
else
front: 1.50895, 0, 2.5
side: 0, 0, 0
front only
else
else
else
front: 0, 0, 2.5
back: 0, 0, 7.5
front back
photon_ene: 661.6 photon_theta: 0.311876 photon_phi: 3.68215
traject_len: 5
pe_len: 36.5237 cs_len: 2.35916
---
else
else
front: 1.48426, 1.97908, 2.5
side: 0, 0, 0
front only
else
front: 0.314371, 0.678318, 2.5
back: 0.943113, 2.03495, 7.5
front back
photon_ene: 661.6 photon_theta: 2.85101 photon_phi: 4.2784
traject_len: 5.21879
pe_len: 34.0184 cs_len: 1.77544
---
else
else
front: 0, 0.909708, 2.5
side: 0, 0, 0
front only
else
front: 0, 0.918589, 2.5
side: 0, 0, 0
front only
front: 0.878263, 0.27625, 2.5
side: 0, 0, 0
front only
else
front: 0, 0.991301, 2.5
side: 0, 0, 0
front only
else
else
else
front: 2.13376, 0, 2.5
side: 0, 0, 0
front only
front: 0, 0, 2.5
side: 0, 0, 0
front only
else
else
else
else
front: 0.422103, 0, 2.5
back: 1.26631, 0, 7.5
front back
photon_ene: 661.6 photon_theta: 0.180609 photon_phi: 5.89252
traject_len: 5.07077
pe_len: 11.2356 cs_len: 4.80978
---
else
else
else
front: 0, 0, 2.5
back: 0, 0, 7.5
front back
photon_ene: 661.6 photon_theta: 2.86532 photon_phi: 0.145173
traject_len: 5
pe_len: 147.082 cs_len: 1.99367
---
else
else
else
else
else
else
else
front: 0, 0.2566, 2.5
side: 0, 0, 0
front only
front: 0, 0, 2.5
side: 0, 0, 0
front only
front: 0, 0.51453, 2.5
side: 0, 0, 0
front only
else
else
else
else
else
front: 0, 0, 2.5
side: 0, 0, 0
front only
else
else
front: 0, 0, 2.5
side: 0, 0, 0
front only
front: 0.535926, 0, 2.5
side: 0, 0, 0
front only
front: 0.853957, 0.0129515, 2.5
side: 0, 0, 0
front only
front: 1.59766, 0, 2.5
side: 0, 0, 0
front only
else
front: 0, 0, 2.5
side: 0, 0, 0
front only
else
else
else
front: 0, 0, 2.5
side: 0, 0, 0
front only
else
front: 0.490363, 0, 2.5
side: 0, 0, 0
front only
else
else
else
else
front: 2.03633, 0, 2.5
side: 0, 0, 0
front only
else
else
front: 0, 0, 2.5
side: 0, 0, 0
front only
else
else
else
front: 0.642579, 0, 2.5
side: 0, 0, 0
front only
else
else
else
else
front: 0.00614693, 0, 2.5
side: 0, 0, 0
front only
else
else
else
else
else
front: 0.22695, 0.859855, 2.5
side: 0, 0, 0
front only
else
front: 0.486572, 0, 2.5
back: 1.45971, 0, 7.5
front back
photon_ene: 661.6 photon_theta: 2.85602 photon_phi: 2.29549
traject_len: 5.09382
pe_len: 13.4006 cs_len: 5.0394
---
else
else
else
else
front: 1.15136, 0, 2.5
side: 0, 0, 0
front only
front: 0.485917, 0.253354, 2.5
back: 1.45775, 0.760062, 7.5
front back
photon_ene: 661.6 photon_theta: 2.92581 photon_phi: 3.62221
traject_len: 5.11871
pe_len: 0.00330707 cs_len: 0.526306
---
else
else
else
front: 1.96149, 0, 2.5
side: 0, 0, 0
front only
else
else
front: 0.705183, 1.13361, 2.5
side: 0, 0, 0
front only
else
front: 0.695929, 0, 2.5
side: 0, 0, 0
front only
front: 0.182073, 0, 2.5
back: 0.546218, 0, 7.5
front back
photon_ene: 661.6 photon_theta: 0.252915 photon_phi: 4.99805
traject_len: 5.01324
pe_len: 15.2932 cs_len: 4.57085
---
else
front: 0, 0, 2.5
side: 0, 0, 0
front only
else
else
front: 0, 0, 2.5
side: 0, 0, 0
front only
front: 0, 0.303557, 2.5
side: 0, 0, 0
front only
else
front: 0, 0, 2.5
side: 0, 0, 0
front only
else
else
else
front: 0.31099, 0, 2.5
side: 0, 0, 0
front only
else
front: 0.809752, 0, 2.5
side: 0, 0, 0
front only
else
else
else
else
front: 0, 1.35698, 2.5
side: 0, 0, 0
front only
front: 2.32958, 0.350328, 2.5
side: 0, 0, 0
front only
else
else
front: 0, 0, 2.5
side: 0, 0, 0
front only
front: 2.028, 0, 2.5
side: 0, 0, 0
front only
else
else
else
else
else
else
else
front: 0, 0.529203, 2.5
side: 0, 0, 0
front only
else
else
front: 0, 1.70517, 2.5
side: 0, 0, 0
front only
else
front: 0.07746, 0.769935, 2.5
back: 0.23238, 2.3098, 7.5
front back
photon_ene: 661.6 photon_theta: 2.84142 photon_phi: 4.61212
traject_len: 5.23404
pe_len: 28.2097 cs_len: 9.75956
---
else
else
front: 0, 0, 2.5
side: 0, 0, 0
front only
front: 0.298708, 2.00761, 2.5
side: 0, 0, 0
front only
else
else
else
else
else
else
else
else
else
front: 1.30381, 0.397064, 2.5
side: 0, 0, 0
front only
else
front: 0, 0, 2.5
side: 0, 0, 0
front only
front: 0.401116, 0.838473, 2.5
side: 0, 0, 0
front only
else
else
else
front: 0, 0, 2.5
side: 0, 0, 0
front only
front: 0, 0.293937, 2.5
back: 0, 0.881812, 7.5
front back
photon_ene: 661.6 photon_theta: 2.96584 photon_phi: 5.5596
traject_len: 5.03444
pe_len: 19.0548 cs_len: 12.3272
---
else
else
else
else
else
front: 0.507399, 2.43279, 2.5
side: 0, 0, 0
front only
front: 0, 0.680292, 2.5
back: 0, 2.04087, 7.5
front back
photon_ene: 661.6 photon_theta: 0.269493 photon_phi: 1.74322
traject_len: 5.18181
pe_len: 38.0063 cs_len: 5.01363
---
else
front: 0, 0, 2.5
side: 0, 0, 0
front only
else
else
else
else
else
else
else
else
else
else
else
front: 0, 1.65989, 2.5
side: 0, 0, 0
front only
else
else
front: 0.45465, 1.32382, 2.5
side: 0, 0, 0
front only
front: 0, 0, 2.5
side: 0, 0, 0
front only
else
else
else
front: 0, 0, 2.5
side: 0, 0, 0
front only
front: 0, 0.508342, 2.5
side: 0, 0, 0
front only
else
else
else
front: 0.183046, 0.209382, 2.5
back: 0.549139, 0.628145, 7.5
front back
photon_ene: 661.6 photon_theta: 3.0308 photon_phi: 3.994
traject_len: 5.03084
pe_len: 43.4476 cs_len: 1.8951
---
else
else
front: 0.652961, 0, 2.5
side: 0, 0, 0
front only
else
front: 0, 0, 2.5
side: 0, 0, 0
front only
front: 1.38468, 0.265207, 2.5
side: 0, 0, 0
front only
else
front: 0, 0.654057, 2.5
side: 0, 0, 0
front only
else
else
front: 0, 0.226008, 2.5
back: 0, 0.678025, 7.5
front back
photon_ene: 661.6 photon_theta: 0.168706 photon_phi: 2.58209
traject_len: 5.02039
pe_len: 11.4602 cs_len: 2.52103
---
else
else
else
else
else
else
else
front: 0.714119, 0.0618066, 2.5
back: 2.14236, 0.18542, 7.5
front back
photon_ene: 661.6 photon_theta: 2.86237 photon_phi: 3.22793
traject_len: 5.20146
pe_len: 24.4867 cs_len: 2.56471
---
else
front: 0, 0, 2.5
side: 0, 0, 0
front only
else
else
front: 1.30482, 1.84707, 2.5
side: 0, 0, 0
front only
else
front: 0.0257831, 1.89233, 2.5
side: 0, 0, 0
front only
else
front: 0, 0, 2.5
side: 0, 0, 0
front only
else
else
else
else
else
else
else
else
front: 0, 0.92908, 2.5
side: 0, 0, 0
front only
else
else
front: 2.10595, 0.650447, 2.5
side: 0, 0, 0
front only
else
else
else
else
else
else
front: 0, 1.33682, 2.5
side: 0, 0, 0
front only
else
else
else
else
front: 0, 0.182172, 2.5
back: 0, 0.546515, 7.5
front back
photon_ene: 661.6 photon_theta: 0.237823 photon_phi: 2.83627
traject_len: 5.01326
pe_len: 94.1743 cs_len: 13.2216
---
else
front: 1.20749, 0.421245, 2.5
side: 0, 0, 0
front only
else
else
else
else
else
front: 0.0707432, 0, 2.5
back: 0.21223, 0, 7.5
front back
photon_ene: 661.6 photon_theta: 0.101057 photon_phi: 4.9952
traject_len: 5.002
pe_len: 2.35463 cs_len: 3.87447
---
else
else
else
front: 0, 0.0749106, 2.5
back: 0, 0.224732, 7.5
front back
photon_ene: 661.6 photon_theta: 2.9169 photon_phi: 6.1517
traject_len: 5.00224
pe_len: 18.3422 cs_len: 9.31977
---
else
else
else
else
front: 0, 0, 2.5
side: 0, 0, 0
front only
else
else
else
else
front: 0, 0.343177, 2.5
back: 0, 1.02953, 7.5
front back
photon_ene: 661.6 photon_theta: 0.172417 photon_phi: 2.23363
traject_len: 5.04689
pe_len: 33.1127 cs_len: 0.0892236
---
front: 0, 0, 2.5
back: 0, 0, 7.5
front back
photon_ene: 661.6 photon_theta: 0.236743 photon_phi: 4.46168
traject_len: 5
pe_len: 14.6293 cs_len: 3.3604
---
else
else
else
else
else
front: 0.0294468, 0.24047, 2.5
back: 0.0883403, 0.721409, 7.5
front back
photon_ene: 661.6 photon_theta: 3.04499 photon_phi: 4.59054
traject_len: 5.02342
pe_len: 4.31069 cs_len: 6.11514
---
front: 0.886128, 0, 2.5
side: 0, 0, 0
front only
else
else
else
else
else
else
else
else
else
else
front: 0, 0.348092, 2.5
side: 0, 0, 0
front only
front: 0, 0, 2.5
side: 0, 0, 0
front only
else
front: 0, 0, 2.5
side: 0, 0, 0
front only
front: 1.13018, 0, 2.5
side: 0, 0, 0
front only
else
else
else
else
front: 0, 0, 2.5
side: 0, 0, 0
front only
front: 0.52142, 0.317185, 2.5
back: 1.56426, 0.951555, 7.5
front back
photon_ene: 661.6 photon_theta: 2.90215 photon_phi: 3.6881
traject_len: 5.14684
pe_len: 67.9293 cs_len: 3.63011
---
else
front: 0.967504, 0, 2.5
side: 0, 0, 0
front only
else
else
else
else
else
else
else
else
front: 1.56823, 1.66354, 2.5
side: 0, 0, 0
front only
front: 0.198143, 0.690928, 2.5
back: 0.594428, 2.07278, 7.5
front back
photon_ene: 661.6 photon_theta: 0.27996 photon_phi: 1.29151
traject_len: 5.20255
pe_len: 16.1465 cs_len: 1.94268
---
else
front: 2.06935, 0.0639923, 2.5
side: 0, 0, 0
front only
else
else
else
front: 1.21564, 0, 2.5
side: 0, 0, 0
front only
else
front: 0.800298, 0.976243, 2.5
side: 0, 0, 0
front only
front: 1.43725, 1.76422, 2.5
side: 0, 0, 0
front only
else
else
else
else
front: 0.88283, 0.621835, 2.5
side: 0, 0, 0
front only
else
front: 1.17231, 1.65866, 2.5
side: 0, 0, 0
front only
else
front: 0.845338, 1.90186, 2.5
side: 0, 0, 0
front only
front: 1.25218, 0.547344, 2.5
side: 0, 0, 0
front only
else
front: 2.01285, 0.0142686, 2.5
side: 0, 0, 0
front only
else
else
else
else
front: 0, 1.80946, 2.5
side: 0, 0, 0
front only
front: 0.718194, 0, 2.5
side: 0, 0, 0
front only
else
else
front: 0, 0.148441, 2.5
back: 0, 0.445323, 7.5
front back
photon_ene: 661.6 photon_theta: 2.90743 photon_phi: 6.03162
traject_len: 5.00881
pe_len: 67.0918 cs_len: 6.38494
---
front: 0.268035, 1.08557, 2.5
side: 0, 0, 0
front only
else
front: 0, 2.02579, 2.5
side: 0, 0, 0
front only
else
else
else
else
front: 0.55639, 0, 2.5
back: 1.66917, 0, 7.5
front back
photon_ene: 661.6 photon_theta: 2.84731 photon_phi: 2.39543
traject_len: 5.12233
pe_len: 30.2369 cs_len: 10.4037
---
else
else
else
front: 0.879626, 2.07079, 2.5
side: 0, 0, 0
front only
front: 0, 0.810299, 2.5
side: 0, 0, 0
front only
else
front: 0, 0, 2.5
side: 0, 0, 0
front only
else
else
front: 1.73908, 0.474764, 2.5
side: 0, 0, 0
front only
else
else
else
else
else
else
else
front: 1.31373, 0.268478, 2.5
side: 0, 0, 0
front only
else
else
front: 0, 2.25453, 2.5
side: 0, 0, 0
front only
front: 0, 0, 2.5
side: 0, 0, 0
front only
else
else
else
else
else
else
else
else
else
else
else
front: 0.950555, 0, 2.5
side: 0, 0, 0
front only
else
front: 1.69059, 0.550571, 2.5
side: 0, 0, 0
front only
else
else
else
front: 0.118863, 0.601332, 2.5
back: 0.35659, 1.804, 7.5
front back
photon_ene: 661.6 photon_theta: 2.90115 photon_phi: 4.51724
traject_len: 5.1481
pe_len: 5.03098 cs_len: 1.21629
---
else
front: 0, 0.372493, 2.5
side: 0, 0, 0
front only
front: 0, 1.13265, 2.5
side: 0, 0, 0
front only
front: 0, 0.275322, 2.5
side: 0, 0, 0
front only
else
else
front: 0.472033, 0, 2.5
side: 0, 0, 0
front only
else
else
else
else
front: 0, 1.01793, 2.5
side: 0, 0, 0
front only
front: 0.0849197, 0, 2.5
back: 0.254759, 0, 7.5
front back
photon_ene: 661.6 photon_theta: 0.0621459 photon_phi: 5.28983
traject_len: 5.00288
pe_len: 34.3927 cs_len: 3.09014
---
else
else
else
else
else
else
front: 0, 0, 2.5
side: 0, 0, 0
front only
else
else
front: 0, 0.499479, 2.5
side: 0, 0, 0
front only
else
else
else
front: 0.344149, 0, 2.5
side: 0, 0, 0
front only
front: 0, 0.667945, 2.5
side: 0, 0, 0
front only
else
else
else
else
front: 0.0839277, 0.771911, 2.5
back: 0.251783, 2.31573, 7.5
front back
photon_ene: 661.6 photon_theta: 0.301138 photon_phi: 1.46249
traject_len: 5.2356
pe_len: 39.8517 cs_len: 1.8215
---
front: 0.403053, 0, 2.5
side: 0, 0, 0
front only
else
else
else
else
front: 1.48649, 0.785711, 2.5
side: 0, 0, 0
front only
front: 0, 0, 2.5
side: 0, 0, 0
front only
front: 0, 0, 2.5
side: 0, 0, 0
front only
else
else
front: 0, 0.638775, 2.5
side: 0, 0, 0
front only
else
front: 0.786825, 0.287548, 2.5
side: 0, 0, 0
front only
else
else
else
else
front: 2.38485, 0, 2.5
side: 0, 0, 0
front only
else
else
else
else
else
else
else
front: 0, 0, 2.5
side: 0, 0, 0
front only
else
front: 1.06304, 0.996261, 2.5
side: 0, 0, 0
front only
else
else
else
else
front: 0, 1.61457, 2.5
side: 0, 0, 0
front only
else
front: 0, 0, 2.5
side: 0, 0, 0
front only
else
front: 0, 0, 2.5
side: 0, 0, 0
front only
else
else
front: 0, 0, 2.5
side: 0, 0, 0
front only
else
else
front: 1.50833, 0.815893, 2.5
side: 0, 0, 0
front only
else
else
else
else
else
else
else
else
else
else
else
front: 0, 1.27281, 2.5
side: 0, 0, 0
front only
else
else
else
else
else
else
else
else
front: 0.988002, 0, 2.5
side: 0, 0, 0
front only
else
else
else
else
front: 0, 0, 2.5
back: 0, 0, 7.5
front back
photon_ene: 661.6 photon_theta: 0.185317 photon_phi: 4.6018
traject_len: 5
pe_len: 25.2042 cs_len: 7.34539
---
else
front: 1.671, 0.940104, 2.5
side: 0, 0, 0
front only
else
front: 0, 0, 2.5
back: 0, 0, 7.5
front back
photon_ene: 661.6 photon_theta: 0.270544 photon_phi: 3.47545
traject_len: 5
pe_len: 31.5288 cs_len: 0.486568
---
else
front: 2.07061, 0, 2.5
side: 0, 0, 0
front only
else
front: 0, 0.365278, 2.5
side: 0, 0, 0
front only
else
else
else
front: 1.9678, 0, 2.5
side: 0, 0, 0
front only
front: 0.229231, 1.84917, 2.5
side: 0, 0, 0
front only
else
front: 0.744512, 1.66297, 2.5
side: 0, 0, 0
front only
else
else
else
else
front: 1.69003, 0.0918452, 2.5
side: 0, 0, 0
front only
else
else
else
front: 0, 0, 2.5
back: 0, 0, 7.5
front back
photon_ene: 661.6 photon_theta: 2.84602 photon_phi: 0.994075
traject_len: 5
pe_len: 1.36886 cs_len: 0.295573
---
else
else
else
else
front: 0, 1.95208, 2.5
side: 0, 0, 0
front only
else
front: 0, 2.35597, 2.5
side: 0, 0, 0
front only
else
front: 1.88029, 0, 2.5
side: 0, 0, 0
front only
else
else
front: 0, 0, 2.5
side: 0, 0, 0
front only
else
else
else
front: 0, 1.20168, 2.5
side: 0, 0, 0
front only
else
front: 0, 0, 2.5
side: 0, 0, 0
front only
front: 0.6357, 0, 2.5
side: 0, 0, 0
front only
front: 0, 0, 2.5
side: 0, 0, 0
front only
else
else
else
else
else
else
else
else
front: 0.493942, 0.653048, 2.5
back: 1.48183, 1.95914, 7.5
front back
photon_ene: 661.6 photon_theta: 2.82508 photon_phi: 4.06483
traject_len: 5.26135
pe_len: 8.83484 cs_len: 6.28762
---
else
front: 0.198173, 0, 2.5
back: 0.594518, 0, 7.5
front back
photon_ene: 661.6 photon_theta: 0.101339 photon_phi: 5.60632
traject_len: 5.01568
pe_len: 6.98857 cs_len: 5.61169
---
else
else
front: 0, 0, 2.5
side: 0, 0, 0
front only
else
else
else
front: 0.450521, 0.245284, 2.5
back: 1.35156, 0.735852, 7.5
front back
photon_ene: 661.6 photon_theta: 2.93922 photon_phi: 3.64016
traject_len: 5.10417
pe_len: 13.2343 cs_len: 2.94883
---
else
else
else
else
else
else
front: 0, 1.05962, 2.5
side: 0, 0, 0
front only
else
else
else
else
front: 0, 0.891097, 2.5
side: 0, 0, 0
front only
else
front: 1.13914, 1.80308, 2.5
side: 0, 0, 0
front only
front: 0, 0.111015, 2.5
back: 0, 0.333044, 7.5
front back
photon_ene: 661.6 photon_theta: 3.04501 photon_phi: 5.80706
traject_len: 5.00493
pe_len: 33.5083 cs_len: 2.49734
---
front: 1.32411, 0, 2.5
side: 0, 0, 0
front only
front: 0, 0.232167, 2.5
side: 0, 0, 0
front only
front: 0.732522, 0, 2.5
side: 0, 0, 0
front only
else
else
else
else
else
else
front: 1.13104, 0, 2.5
side: 0, 0, 0
front only
else
else
front: 0.356685, 1.05721, 2.5
side: 0, 0, 0
front only
front: 0, 0, 2.5
back: 0, 0, 7.5
front back
photon_ene: 661.6 photon_theta: 0.197732 photon_phi: 4.20703
traject_len: 5
pe_len: 3.10299 cs_len: 6.16586
---
front: 0, 0, 2.5
side: 0, 0, 0
front only
else
else
else
else
else
else
else
else
else
else
else
front: 1.33203, 0, 2.5
side: 0, 0, 0
front only
else
else
else
else
front: 0, 0, 2.5
back: 0, 0, 7.5
front back
photon_ene: 661.6 photon_theta: 2.98169 photon_phi: 1.10127
traject_len: 5
pe_len: 57.6538 cs_len: 1.551
---
else
front: 0, 2.07295, 2.5
side: 0, 0, 0
front only
else
else
else
else
else
else
else
else
front: 1.09069, 0.516992, 2.5
side: 0, 0, 0
front only
else
else
else
else
else
front: 0, 2.14431, 2.5
side: 0, 0, 0
front only
else
front: 0.169884, 0, 2.5
side: 0, 0, 0
front only
front: 0, 0.872973, 2.5
side: 0, 0, 0
front only
front: 0, 0, 2.5
back: 0, 0, 7.5
front back
photon_ene: 661.6 photon_theta: 0.0787943 photon_phi: 4.14271
traject_len: 5
pe_len: 89.2951 cs_len: 1.49577
---
else
else
else
else
front: 1.58555, 0, 2.5
side: 0, 0, 0
front only
else
else
front: 0, 0, 2.5
side: 0, 0, 0
front only
front: 0, 0, 2.5
side: 0, 0, 0
front only
else
front: 2.1203, 0, 2.5
side: 0, 0, 0
front only
front: 0.780203, 0, 2.5
side: 0, 0, 0
front only
else
else
else
else
else
else
else
else
else
else
front: 0.76556, 0, 2.5
side: 0, 0, 0
front only
else
front: 0, 0.176342, 2.5
back: 0, 0.529026, 7.5
front back
photon_ene: 661.6 photon_theta: 2.83745 photon_phi: 6.05653
traject_len: 5.01242
pe_len: 92.3428 cs_len: 5.75518
---
else
else
else
front: 0.611466, 1.05639, 2.5
side: 0, 0, 0
front only
else
else
front: 0.938337, 0.132223, 2.5
side: 0, 0, 0
front only
else
else
else
else
front: 0.10836, 1.77835, 2.5
side: 0, 0, 0
front only
else
front: 0, 0.814228, 2.5
back: 0, 2.44268, 7.5
front back
photon_ene: 661.6 photon_theta: 2.82671 photon_phi: 4.72565
traject_len: 5.2585
pe_len: 53.5071 cs_len: 15.3301
---
else
else
else
front: 2.12787, 0.673179, 2.5
side: 0, 0, 0
front only
else
else
else
else
else
else
front: 0, 1.33749, 2.5
side: 0, 0, 0
front only
else
else
else
else
else
front: 0, 0, 2.5
back: 0, 0, 7.5
front back
photon_ene: 661.6 photon_theta: 0.311985 photon_phi: 4.48738
traject_len: 5
pe_len: 182.539 cs_len: 5.34843
---
front: 0.205585, 0.590545, 2.5
back: 0.616755, 1.77163, 7.5
front back
photon_ene: 661.6 photon_theta: 2.8965 photon_phi: 4.37738
traject_len: 5.15403
pe_len: 8.27662 cs_len: 1.1153
---
front: 0, 0.318297, 2.5
back: 0, 0.954892, 7.5
front back
photon_ene: 661.6 photon_theta: 2.91333 photon_phi: 5.70316
traject_len: 5.04036
pe_len: 120.56 cs_len: 1.61937
---
front: 1.40331, 0, 2.5
side: 0, 0, 0
front only
else
else
else
else
else
else
else
else
else
else
else
front: 2.2168, 0.137051, 2.5
side: 0, 0, 0
front only
else
else
else
front: 0, 0, 2.5
side: 0, 0, 0
front only
front: 0, 0, 2.5
side: 0, 0, 0
front only
front: 0, 2.14353, 2.5
side: 0, 0, 0
front only
front: 1.71199, 0.422261, 2.5
side: 0, 0, 0
front only
else
else
else
else
front: 0, 0.710456, 2.5
side: 0, 0, 0
front only
else
else
else
else
else
else
else
front: 0.963587, 0, 2.5
side: 0, 0, 0
front only
else
front: 1.09843, 0, 2.5
side: 0, 0, 0
front only
front: 0, 0, 2.5
side: 0, 0, 0
front only
front: 0.297014, 0, 2.5
side: 0, 0, 0
front only
else
else
front: 0, 0, 2.5
side: 0, 0, 0
front only
front: 1.03901, 0, 2.5
side: 0, 0, 0
front only
else
front: 0, 0, 2.5
side: 0, 0, 0
front only
front: 0, 0, 2.5
side: 0, 0, 0
front only
else
else
else
else
front: 0.268254, 1.43526, 2.5
side: 0, 0, 0
front only
else
else
front: 0, 0.0729917, 2.5
back: 0, 0.218975, 7.5
front back
photon_ene: 661.6 photon_theta: 2.96514 photon_phi: 6.1187
traject_len: 5.00213
pe_len: 144.257 cs_len: 5.21731
---
else
else
else
else
else
else
else
front: 0, 0.843688, 2.5
side: 0, 0, 0
front only
else
else
else
else
else
else
else
front: 0, 1.37661, 2.5
side: 0, 0, 0
front only
else
front: 0, 0, 2.5
side: 0, 0, 0
front only
else
else
else
else
else
front: 0, 0.780541, 2.5
back: 0, 2.34162, 7.5
front back
photon_ene: 661.6 photon_theta: 0.313004 photon_phi: 1.83731
traject_len: 5.23803
pe_len: 25.366 cs_len: 1.85954
---
else
else
front: 0, 0.704334, 2.5
back: 0, 2.113, 7.5
front back
photon_ene: 661.6 photon_theta: 2.84776 photon_phi: 5.08586
traject_len: 5.19465
pe_len: 51.3502 cs_len: 21.2863
---
else
else
else
else
else
front: 0, 0, 2.5
side: 0, 0, 0
front only
else
else
else
else
front: 0.951891, 0, 2.5
side: 0, 0, 0
front only
else
else
else
else
front: 0, 0, 2.5
side: 0, 0, 0
front only
else
else
else
else
else
else
else
front: 0, 1.60229, 2.5
side: 0, 0, 0
front only
else
front: 0, 0, 2.5
side: 0, 0, 0
front only
else
else
front: 0.67521, 0, 2.5
back: 2.02563, 0, 7.5
front back
photon_ene: 661.6 photon_theta: 2.87509 photon_phi: 2.99547
traject_len: 5.17915
pe_len: 29.2037 cs_len: 2.16935
---
else
else
else
front: 1.8721, 0.528475, 2.5
side: 0, 0, 0
front only
front: 1.59812, 0, 2.5
side: 0, 0, 0
front only
else
else
else
else
else
else
front: 0, 0.420553, 2.5
side: 0, 0, 0
front only
else
else
else
else
else
else
else
else
front: 0.718617, 0, 2.5
back: 2.15585, 0, 7.5
front back
photon_ene: 661.6 photon_theta: 0.284644 photon_phi: 6.09543
traject_len: 5.20247
pe_len: 222.355 cs_len: 13.9974
---
front: 2.23265, 0.778009, 2.5
side: 0, 0, 0
front only
else
else
front: 0, 0, 2.5
side: 0, 0, 0
front only
front: 0.671735, 0, 2.5
side: 0, 0, 0
front only
else
front: 0, 0, 2.5
side: 0, 0, 0
front only
else
else
else
else
else
else
else
front: 0, 0, 2.5
side: 0, 0, 0
front only
else
front: 0.562646, 0, 2.5
side: 0, 0, 0
front only
front: 0, 0, 2.5
side: 0, 0, 0
front only
else
front: 0.833019, 1.50049, 2.5
side: 0, 0, 0
front only
else
else
else
front: 0, 0.369856, 2.5
side: 0, 0, 0
front only
else
else
else
front: 0.375466, 0, 2.5
back: 1.1264, 0, 7.5
front back
photon_ene: 661.6 photon_theta: 0.290535 photon_phi: 5.23865
traject_len: 5.05608
pe_len: 20.322 cs_len: 7.31087
---
front: 2.03115, 0, 2.5
side: 0, 0, 0
front only
else
else
else
front: 0.289989, 0.619346, 2.5
back: 0.869967, 1.85804, 7.5
front back
photon_ene: 661.6 photon_theta: 2.87458 photon_phi: 4.27449
traject_len: 5.1837
pe_len: 41.0124 cs_len: 4.35898
---
else
else
front: 0, 0, 2.5
side: 0, 0, 0
front only
else
else
else
else
else
front: 0.317321, 0.334011, 2.5
back: 0.951963, 1.00203, 7.5
front back
photon_ene: 661.6 photon_theta: 0.18224 photon_phi: 0.811017
traject_len: 5.08419
pe_len: 19.8683 cs_len: 1.00672
---
else
else
else
else
else
else
else
front: 0.304377, 0, 2.5
back: 0.91313, 0, 7.5
front back
photon_ene: 661.6 photon_theta: 2.91468 photon_phi: 2.12622
traject_len: 5.03692
pe_len: 32.9214 cs_len: 4.54076
---
else
else
front: 0, 0, 2.5
side: 0, 0, 0
front only
else
else
else
else
else
else
front: 0.0871083, 1.71932, 2.5
side: 0, 0, 0
front only
else
else
else
front: 1.34774, 1.32329, 2.5
side: 0, 0, 0
front only
else
else
else
front: 2.3598, 0, 2.5
side: 0, 0, 0
front only
front: 1.07883, 1.2049, 2.5
side: 0, 0, 0
front only
else
else
else
else
else
front: 0, 2.24318, 2.5
side: 0, 0, 0
front only
front: 0, 0, 2.5
side: 0, 0, 0
front only
front: 0, 2.04556, 2.5
side: 0, 0, 0
front only
front: 0.716906, 0, 2.5
side: 0, 0, 0
front only
else
else
front: 0, 0, 2.5
side: 0, 0, 0
front only
front: 0, 0.983516, 2.5
side: 0, 0, 0
front only
else
else
else
else
front: 0.058772, 0, 2.5
back: 0.176316, 0, 7.5
front back
photon_ene: 661.6 photon_theta: 0.118495 photon_phi: 4.91116
traject_len: 5.00138
pe_len: 23.5448 cs_len: 1.35767
---
else
else
else
else
front: 0, 1.70903, 2.5
side: 0, 0, 0
front only
else
front: 0, 1.31824, 2.5
side: 0, 0, 0
front only
front: 0.0753043, 0, 2.5
back: 0.225913, 0, 7.5
front back
photon_ene: 661.6 photon_theta: 3.04439 photon_phi: 1.88483
traject_len: 5.00227
pe_len: 24.2536 cs_len: 4.20492
---
else
else
front: 1.40237, 0, 2.5
side: 0, 0, 0
front only
front: 1.12299, 0.148571, 2.5
side: 0, 0, 0
front only
else
else
else
else
front: 0, 0.554687, 2.5
back: 0, 1.66406, 7.5
front back
photon_ene: 661.6 photon_theta: 2.92122 photon_phi: 4.85067
traject_len: 5.12159
pe_len: 35.7027 cs_len: 2.28919
---
else
front: 0.453462, 0.135122, 2.5
back: 1.36039, 0.405366, 7.5
front back
photon_ene: 661.6 photon_theta: 0.187054 photon_phi: 0.289601
traject_len: 5.08877
pe_len: 16.0516 cs_len: 0.0701283
---
else
else
else
else
front: 0.0964921, 1.90913, 2.5
side: 0, 0, 0
front only
else
else
else
else
front: 1.28473, 0.0474732, 2.5
side: 0, 0, 0
front only
else
else
else
else
front: 0, 0.736708, 2.5
back: 0, 2.21012, 7.5
front back
photon_ene: 661.6 photon_theta: 0.289756 photon_phi: 1.72339
traject_len: 5.21258
pe_len: 11.5684 cs_len: 2.38369
---
else
else
else
else
front: 1.66696, 0, 2.5
side: 0, 0, 0
front only
else
else
else
front: 0, 0.337641, 2.5
side: 0, 0, 0
front only
else
else
else
else
front: 0, 0.834701, 2.5
side: 0, 0, 0
front only
else
front: 0, 0, 2.5
side: 0, 0, 0
front only
else
else
else
front: 1.9381, 0, 2.5
side: 0, 0, 0
front only
front: 1.00721, 0.990972, 2.5
side: 0, 0, 0
front only
else
else
front: 0, 1.38462, 2.5
side: 0, 0, 0
front only
else
front: 1.42092, 0, 2.5
side: 0, 0, 0
front only
front: 0.58983, 2.14721, 2.5
side: 0, 0, 0
front only
else
else
else
else
else
else
else
else
else
else
else
front: 0, 0.160167, 2.5
side: 0, 0, 0
front only
else
else
front: 0, 0, 2.5
side: 0, 0, 0
front only
else
front: 0, 1.24842, 2.5
side: 0, 0, 0
front only
front: 0.117372, 1.85644, 2.5
side: 0, 0, 0
front only
else
else
front: 0, 0.871856, 2.5
side: 0, 0, 0
front only
else
else
front: 0, 0, 2.5
side: 0, 0, 0
front only
front: 0, 0, 2.5
side: 0, 0, 0
front only
else
else
else
front: 0, 0, 2.5
back: 0, 0, 7.5
front back
photon_ene: 661.6 photon_theta: 2.90573 photon_phi: 1.04279
traject_len: 5
pe_len: 30.865 cs_len: 5.32381
---
else
front: 1.45167, 0.00385259, 2.5
side: 0, 0, 0
front only
else
else
front: 0, 1.1714, 2.5
side: 0, 0, 0
front only
else
front: 1.33694, 1.95933, 2.5
side: 0, 0, 0
front only
front: 0.528819, 1.86046, 2.5
side: 0, 0, 0
front only
else
else
front: 0, 0, 2.5
side: 0, 0, 0
front only
else
else
front: 0.62104, 0.580335, 2.5
side: 0, 0, 0
front only
front: 1.33682, 0, 2.5
side: 0, 0, 0
front only
front: 0, 0, 2.5
side: 0, 0, 0
front only
else
else
else
else
front: 0, 1.12687, 2.5
side: 0, 0, 0
front only
else
front: 0.805415, 0.804352, 2.5
side: 0, 0, 0
front only
else
front: 1.42207, 0, 2.5
side: 0, 0, 0
front only
else
else
else
else
else
else
else
else
else
else
front: 0, 0.712502, 2.5
side: 0, 0, 0
front only
else
front: 0.652894, 0, 2.5
back: 1.95868, 0, 7.5
front back
photon_ene: 661.6 photon_theta: 2.83291 photon_phi: 2.53046
traject_len: 5.1677
pe_len: 3.32863 cs_len: 3.13446
---
else
else
front: 0, 0, 2.5
back: 0, 0, 7.5
front back
photon_ene: 661.6 photon_theta: 0.177703 photon_phi: 3.17884
traject_len: 5
pe_len: 35.4756 cs_len: 2.17793
---
front: 0, 0.462222, 2.5
side: 0, 0, 0
front only
front: 0, 0.45536, 2.5
back: 0, 1.36608, 7.5
front back
photon_ene: 661.6 photon_theta: 0.184729 photon_phi: 1.79593
traject_len: 5.08226
pe_len: 12.882 cs_len: 6.0665
---
else
else
else
else
front: 0, 0, 2.5
side: 0, 0, 0
front only
else
else
else
front: 0, 0, 2.5
side: 0, 0, 0
front only
front: 0, 0, 2.5
side: 0, 0, 0
front only
else
front: 0, 0, 2.5
side: 0, 0, 0
front only
else
else
front: 0.00258762, 2.38094, 2.5
side: 0, 0, 0
front only
else
else
else
front: 0.632978, 0, 2.5
side: 0, 0, 0
front only
else
front: 0, 0, 2.5
side: 0, 0, 0
front only
else
else
else
else
front: 0, 0.745552, 2.5
side: 0, 0, 0
front only
else
front: 1.84366, 0.781915, 2.5
side: 0, 0, 0
front only
else
else
else
else
else
else
else
else
else
else
else
else
else
front: 0, 0.610517, 2.5
side: 0, 0, 0
front only
else
else
front: 0, 0, 2.5
side: 0, 0, 0
front only
else
front: 0, 0, 2.5
side: 0, 0, 0
front only
front: 0.860283, 0, 2.5
side: 0, 0, 0
front only
front: 0.717494, 0.94698, 2.5
side: 0, 0, 0
front only
else
else
else
else
else
front: 0, 0, 2.5
side: 0, 0, 0
front only
else
else
else
front: 0.990457, 0.329436, 2.5
side: 0, 0, 0
front only
front: 0.82288, 0, 2.5
side: 0, 0, 0
front only
else
else
else
else
else
front: 0, 0, 2.5
side: 0, 0, 0
front only
else
else
else
front: 0, 0.197215, 2.5
back: 0, 0.591644, 7.5
front back
photon_ene: 661.6 photon_theta: 0.0837595 photon_phi: 1.9201
traject_len: 5.01553
pe_len: 23.1423 cs_len: 4.7339
---
else
front: 0.377114, 2.42037, 2.5
side: 0, 0, 0
front only
front: 1.71251, 0, 2.5
side: 0, 0, 0
front only
else
else
else
else
else
front: 1.77375, 0.14622, 2.5
side: 0, 0, 0
front only
else
else
else
else
else
front: 0, 0, 2.5
side: 0, 0, 0
front only
else
else
front: 0, 1.19532, 2.5
side: 0, 0, 0
front only
else
else
else
else
else
else
else
else
else
else
else
front: 0.601612, 0, 2.5
side: 0, 0, 0
front only
else
else
else
else
else
else
front: 0.274086, 2.09148, 2.5
side: 0, 0, 0
front only
else
front: 1.34333, 0, 2.5
side: 0, 0, 0
front only
front: 1.10494, 0, 2.5
side: 0, 0, 0
front only
front: 0, 0, 2.5
side: 0, 0, 0
front only
else
else
else
else
front: 1.63862, 0.222477, 2.5
side: 0, 0, 0
front only
else
front: 0, 0.885993, 2.5
side: 0, 0, 0
front only
else
else
else
else
else
front: 0.757131, 0.23324, 2.5
back: 2.27139, 0.69972, 7.5
front back
photon_ene: 661.6 photon_theta: 2.83471 photon_phi: 3.44043
traject_len: 5.24505
pe_len: 22.9994 cs_len: 0.0643953
---
front: 0.609171, 0, 2.5
back: 1.82751, 0, 7.5
front back
photon_ene: 661.6 photon_theta: 2.83478 photon_phi: 2.44827
traject_len: 5.1463
pe_len: 40.2922 cs_len: 3.54771
---
front: 0.914998, 0.277845, 2.5
side: 0, 0, 0
front only
front: 0, 0, 2.5
side: 0, 0, 0
front only
else
front: 0, 0, 2.5
side: 0, 0, 0
front only
else
else
front: 0, 0, 2.5
side: 0, 0, 0
front only
else
front: 1.68713, 0.548902, 2.5
side: 0, 0, 0
front only
front: 0.716337, 0, 2.5
side: 0, 0, 0
front only
else
front: 0, 0, 2.5
side: 0, 0, 0
front only
else
front: 0, 0.861131, 2.5
side: 0, 0, 0
front only
front: 0.39401, 0, 2.5
side: 0, 0, 0
front only
else
else
else
else
else
else
else
front: 0, 0, 2.5
back: 0, 0, 7.5
front back
photon_ene: 661.6 photon_theta: 2.96892 photon_phi: 1.31881
traject_len: 5
pe_len: 50.7376 cs_len: 1.7954
---
else
front: 0, 0, 2.5
back: 0, 0, 7.5
front back
photon_ene: 661.6 photon_theta: 2.91774 photon_phi: 1.51208
traject_len: 5
pe_len: 17.8289 cs_len: 4.19688
---
else
front: 0, 0, 2.5
side: 0, 0, 0
front only
front: 0, 1.16146, 2.5
side: 0, 0, 0
front only
else
front: 1.57358, 0, 2.5
side: 0, 0, 0
front only
else
else
else
front: 0.795394, 1.72038, 2.5
side: 0, 0, 0
front only
else
else
front: 0, 0.941912, 2.5
side: 0, 0, 0
front only
front: 1.12931, 0, 2.5
side: 0, 0, 0
front only
front: 0.360732, 0.582785, 2.5
back: 1.0822, 1.74836, 7.5
front back
photon_ene: 661.6 photon_theta: 2.87401 photon_phi: 4.15813
traject_len: 5.1845
pe_len: 19.3406 cs_len: 0.417906
---
else
else
front: 1.33199, 0, 2.5
side: 0, 0, 0
front only
front: 0.637686, 0, 2.5
back: 1.91306, 0, 7.5
front back
photon_ene: 661.6 photon_theta: 2.87925 photon_phi: 2.8237
traject_len: 5.16009
pe_len: 8.11134 cs_len: 0.973356
---
else
else
else
else
else
else
else
else
else
else
else
else
front: 1.28426, 0.673939, 2.5
side: 0, 0, 0
front only
else
front: 0, 0.111315, 2.5
back: 0, 0.333946, 7.5
front back
photon_ene: 661.6 photon_theta: 3.05459 photon_phi: 5.74744
traject_len: 5.00495
pe_len: 0.588303 cs_len: 1.96209
---
else
else
else
else
else
else
else
else
front: 1.3155, 0, 2.5
side: 0, 0, 0
front only
else
else
else
else
else
front: 0, 0, 2.5
side: 0, 0, 0
front only
else
else
else
else
else
else
else
front: 0.31603, 0.378044, 2.5
back: 0.948089, 1.13413, 7.5
front back
photon_ene: 661.6 photon_theta: 2.94699 photon_phi: 4.0161
traject_len: 5.09619
pe_len: 39.8802 cs_len: 5.79942
---
else
front: 0, 0, 2.5
side: 0, 0, 0
front only
front: 1.7086, 0.782583, 2.5
side: 0, 0, 0
front only
else
else
else
else
else
else
else
else
front: 0.783481, 0, 2.5
side: 0, 0, 0
front only
front: 0, 1.5133, 2.5
side: 0, 0, 0
front only
else
else
front: 0, 0, 2.5
side: 0, 0, 0
front only
else
front: 1.359, 0, 2.5
side: 0, 0, 0
front only
else
else
front: 1.42848, 0, 2.5
side: 0, 0, 0
front only
else
else
else
else
else
else
front: 0, 0.890634, 2.5
side: 0, 0, 0
front only
else
else
else
else
else
else
else
else
else
else
else
else
front: 0, 0, 2.5
back: 0, 0, 7.5
front back
photon_ene: 661.6 photon_theta: 0.253858 photon_phi: 4.61299
traject_len: 5
pe_len: 6.56364 cs_len: 4.21978
---
else
front: 0, 0.83789, 2.5
side: 0, 0, 0
front only
else
front: 0.307742, 0.22113, 2.5
back: 0.923226, 0.663389, 7.5
front back
photon_ene: 661.6 photon_theta: 2.99116 photon_phi: 3.76466
traject_len: 5.05712
pe_len: 4.68074 cs_len: 1.00593
---
else
else
else
else
else
else
else
else
front: 0.402215, 0.0145595, 2.5
back: 1.20664, 0.0436786, 7.5
front back
photon_ene: 661.6 photon_theta: 0.159622 photon_phi: 0.0361826
traject_len: 5.06438
pe_len: 118.185 cs_len: 5.49407
---
else
else
front: 1.13937, 0.791474, 2.5
side: 0, 0, 0
front only
else
front: 0, 0, 2.5
side: 0, 0, 0
front only
front: 0.391958, 0, 2.5
back: 1.17588, 0, 7.5
front back
photon_ene: 661.6 photon_theta: 0.166083 photon_phi: 5.92153
traject_len: 5.06108
pe_len: 124.395 cs_len: 1.88906
---
else
front: 0, 1.12143, 2.5
side: 0, 0, 0
front only
front: 0, 0.0698141, 2.5
side: 0, 0, 0
front only
front: 1.1971, 0, 2.5
side: 0, 0, 0
front only
else
else
else
front: 1.15901, 0.521186, 2.5
side: 0, 0, 0
front only
front: 0, 0, 2.5
side: 0, 0, 0
front only
front: 0, 0.147075, 2.5
back: 0, 0.441225, 7.5
front back
photon_ene: 661.6 photon_theta: 0.0752001 photon_phi: 2.24559
traject_len: 5.00864
pe_len: 4.39474 cs_len: 4.04528
---
else
front: 0, 0.448431, 2.5
side: 0, 0, 0
front only
else
else
else
front: 0, 0.566468, 2.5
side: 0, 0, 0
front only
else
front: 0, 1.76385, 2.5
side: 0, 0, 0
front only
front: 0, 0.556022, 2.5
back: 0, 1.66807, 7.5
front back
photon_ene: 661.6 photon_theta: 2.83606 photon_phi: 5.50056
traject_len: 5.12217
pe_len: 25.4579 cs_len: 1.35072
---
front: 0.734995, 0.370737, 2.5
back: 2.20499, 1.11221, 7.5
front back
photon_ene: 661.6 photon_theta: 2.82349 photon_phi: 3.60876
traject_len: 5.26409
pe_len: 178.821 cs_len: 1.30845
---
else
else
else
else
front: 0, 2.28434, 2.5
side: 0, 0, 0
front only
else
else
else
else
else
else
front: 0, 0, 2.5
side: 0, 0, 0
front only
else
else
else
front: 0.767605, 0, 2.5
side: 0, 0, 0
front only
else
else
else
else
front: 0, 0, 2.5
back: 0, 0, 7.5
front back
photon_ene: 661.6 photon_theta: 0.0377192 photon_phi: 3.27035
traject_len: 5
pe_len: 21.0869 cs_len: 2.08733
---
front: 0.695845, 0, 2.5
side: 0, 0, 0
front only
else
else
front: 1.32659, 0, 2.5
side: 0, 0, 0
front only
else
front: 0, 0.241779, 2.5
side: 0, 0, 0
front only
else
front: 1.9939, 0.366313, 2.5
side: 0, 0, 0
front only
else
else
else
else
front: 0, 0, 2.5
side: 0, 0, 0
front only
front: 0.297205, 0, 2.5
side: 0, 0, 0
front only
else
else
else
front: 0.688454, 0, 2.5
side: 0, 0, 0
front only
else
front: 1.71608, 0, 2.5
side: 0, 0, 0
front only
front: 0, 1.2493, 2.5
side: 0, 0, 0
front only
front: 1.37929, 0, 2.5
side: 0, 0, 0
front only
else
else
else
else
else
else
front: 0.940034, 0.828183, 2.5
side: 0, 0, 0
front only
else
else
else
else
else
else
front: 0.0239587, 0.648637, 2.5
back: 0.0718761, 1.94591, 7.5
front back
photon_ene: 661.6 photon_theta: 2.88757 photon_phi: 4.67547
traject_len: 5.16577
pe_len: 19.1251 cs_len: 0.827258
---
else
else
front: 0.185424, 0, 2.5
side: 0, 0, 0
front only
front: 1.20427, 1.87569, 2.5
side: 0, 0, 0
front only
front: 0.452763, 0.450741, 2.5
back: 1.35829, 1.35222, 7.5
front back
photon_ene: 661.6 photon_theta: 2.8914 photon_phi: 3.92475
traject_len: 5.16068
pe_len: 22.1818 cs_len: 6.30243
---
front: 0, 0, 2.5
side: 0, 0, 0
front only
else
else
else
front: 0.185873, 0.194708, 2.5
back: 0.55762, 0.584125, 7.5
front back
photon_ene: 661.6 photon_theta: 0.107261 photon_phi: 0.808608
traject_len: 5.0289
pe_len: 3.82716 cs_len: 2.58215
---
front: 0.608092, 0, 2.5
back: 1.82428, 0, 7.5
front back
photon_ene: 661.6 photon_theta: 2.90161 photon_phi: 3.03227
traject_len: 5.14578
pe_len: 123.943 cs_len: 0.473124
---
front: 0, 0, 2.5
side: 0, 0, 0
front only
else
else
else
else
front: 0, 0, 2.5
side: 0, 0, 0
front only
else
else
front: 0, 1.16052, 2.5
side: 0, 0, 0
front only
front: 0, 0.518907, 2.5
side: 0, 0, 0
front only
else
else
else
else
front: 0, 2.15452, 2.5
side: 0, 0, 0
front only
else
else
front: 0, 0.168254, 2.5
side: 0, 0, 0
front only
else
else
else
else
else
else
else
else
front: 0, 0, 2.5
side: 0, 0, 0
front only
front: 0, 0.289751, 2.5
back: 0, 0.869254, 7.5
front back
photon_ene: 661.6 photon_theta: 0.120313 photon_phi: 1.85929
traject_len: 5.03347
pe_len: 40.3168 cs_len: 4.9775
---
front: 0, 0, 2.5
side: 0, 0, 0
front only
front: 0.924783, 0, 2.5
side: 0, 0, 0
front only
front: 0, 0, 2.5
side: 0, 0, 0
front only
else
else
front: 1.10084, 0, 2.5
side: 0, 0, 0
front only
front: 0.812017, 0, 2.5
side: 0, 0, 0
front only
else
else
else
else
front: 0, 0.239518, 2.5
side: 0, 0, 0
front only
else
else
else
else
else
else
else
front: 0, 2.11507, 2.5
side: 0, 0, 0
front only
else
front: 0.883881, 0, 2.5
side: 0, 0, 0
front only
else
else
else
front: 0, 0.0695158, 2.5
back: 0, 0.208548, 7.5
front back
photon_ene: 661.6 photon_theta: 0.0421887 photon_phi: 2.4225
traject_len: 5.00193
pe_len: 28.6005 cs_len: 8.59285
---
front: 0.306439, 0.64565, 2.5
back: 0.919318, 1.93695, 7.5
front back
photon_ene: 661.6 photon_theta: 0.278446 photon_phi: 1.12766
traject_len: 5.2003
pe_len: 7.02449 cs_len: 4.3409
---
else
front: 0, 0.753216, 2.5
back: 0, 2.25965, 7.5
front back
photon_ene: 661.6 photon_theta: 0.304629 photon_phi: 1.8608
traject_len: 5.22201
pe_len: 11.6881 cs_len: 0.103913
---
else
else
front: 0, 1.77047, 2.5
side: 0, 0, 0
front only
else
else
front: 0, 1.57535, 2.5
side: 0, 0, 0
front only
else
else
else
front: 0, 0, 2.5
side: 0, 0, 0
front only
front: 1.7954, 0, 2.5
side: 0, 0, 0
front only
else
front: 1.44248, 1.4555, 2.5
side: 0, 0, 0
front only
else
else
else
else
else
else
else
else
else
else
else
else
else
else
else
else
front: 0, 0, 2.5
back: 0, 0, 7.5
front back
photon_ene: 661.6 photon_theta: 0.165217 photon_phi: 4.20657
traject_len: 5
pe_len: 104.859 cs_len: 15.0064
---
else
else
else
front: 0, 0.844719, 2.5
side: 0, 0, 0
front only
else
front: 0, 1.67299, 2.5
side: 0, 0, 0
front only
else
front: 0, 0, 2.5
side: 0, 0, 0
front only
front: 0.191506, 0, 2.5
side: 0, 0, 0
front only
else
else
else
front: 0, 0.959766, 2.5
side: 0, 0, 0
front only
else
else
else
else
else
front: 1.87054, 0, 2.5
side: 0, 0, 0
front only
else
else
front: 0.0242793, 1.611, 2.5
side: 0, 0, 0
front only
front: 0, 0, 2.5
side: 0, 0, 0
front only
else
else
front: 0, 0, 2.5
side: 0, 0, 0
front only
else
front: 0.513109, 0, 2.5
back: 1.53933, 0, 7.5
front back
photon_ene: 661.6 photon_theta: 2.92969 photon_phi: 2.83717
traject_len: 5.10423
pe_len: 28.177 cs_len: 2.35718
---
front: 1.58945, 1.91694, 2.5
side: 0, 0, 0
front only
else
else
else
else
else
else
front: 0, 0, 2.5
side: 0, 0, 0
front only
else
front: 0.223431, 1.24719, 2.5
side: 0, 0, 0
front only
front: 0, 0, 2.5
side: 0, 0, 0
front only
else
front: 1.3171, 0, 2.5
side: 0, 0, 0
front only
else
else
else
front: 1.55033, 0, 2.5
side: 0, 0, 0
front only
else
else
front: 0, 0, 2.5
side: 0, 0, 0
front only
front: 0, 0, 2.5
side: 0, 0, 0
front only
else
front: 0, 1.16766, 2.5
side: 0, 0, 0
front only
else
front: 0, 0.588325, 2.5
side: 0, 0, 0
front only
else
else
else
front: 1.89789, 0.726252, 2.5
side: 0, 0, 0
front only
else
else
front: 0, 1.65111, 2.5
side: 0, 0, 0
front only
front: 0, 1.38952, 2.5
side: 0, 0, 0
front only
else
else
else
front: 0.117708, 1.05571, 2.5
side: 0, 0, 0
front only
front: 0, 0, 2.5
side: 0, 0, 0
front only
front: 1.43585, 0.74803, 2.5
side: 0, 0, 0
front only
else
else
front: 0, 0.532064, 2.5
side: 0, 0, 0
front only
else
else
else
front: 0, 0, 2.5
side: 0, 0, 0
front only
else
front: 1.43806, 0, 2.5
side: 0, 0, 0
front only
else
else
front: 0, 1.95887, 2.5
side: 0, 0, 0
front only
else
else
else
else
else
else
else
else
else
front: 0.305246, 0, 2.5
side: 0, 0, 0
front only
else
else
else
else
else
else
else
else
else
else
else
else
else
else
front: 0.302932, 0, 2.5
side: 0, 0, 0
front only
else
else
else
front: 0, 0, 2.5
back: 0, 0, 7.5
front back
photon_ene: 661.6 photon_theta: 3.10575 photon_phi: 1.19665
traject_len: 5
pe_len: 38.3017 cs_len: 5.25532
---
else
else
front: 0.979254, 0, 2.5
side: 0, 0, 0
front only
else
front: 0, 0, 2.5
side: 0, 0, 0
front only
front: 0, 0, 2.5
side: 0, 0, 0
front only
else
else
front: 2.42729, 0, 2.5
side: 0, 0, 0
front only
else
else
else
else
front: 0.689698, 0, 2.5
side: 0, 0, 0
front only
else
else
else
else
else
else
else
else
else
else
front: 1.40904, 0.348697, 2.5
side: 0, 0, 0
front only
front: 0, 0, 2.5
side: 0, 0, 0
front only
front: 1.56699, 0, 2.5
side: 0, 0, 0
front only
else
else
front: 1.2041, 0, 2.5
side: 0, 0, 0
front only
front: 0, 0.270698, 2.5
back: 0, 0.812093, 7.5
front back
photon_ene: 661.6 photon_theta: 3.0083 photon_phi: 5.3432
traject_len: 5.02923
pe_len: 6.68917 cs_len: 14.9706
---
else
else
else
else
else
else
front: 0, 0, 2.5
side: 0, 0, 0
front only
front: 0, 0, 2.5
side: 0, 0, 0
front only
else
else
else
else
else
else
front: 0.304877, 0, 2.5
side: 0, 0, 0
front only
front: 0, 0, 2.5
side: 0, 0, 0
front only
else
else
else
front: 0.175511, 0, 2.5
back: 0.526533, 0, 7.5
front back
photon_ene: 661.6 photon_theta: 2.83608 photon_phi: 1.79527
traject_len: 5.01231
pe_len: 35.8447 cs_len: 4.25435
---
else
else
else
front: 1.37161, 0.33749, 2.5
side: 0, 0, 0
front only
else
else
front: 0, 0.140958, 2.5
side: 0, 0, 0
front only
else
front: 0, 1.9764, 2.5
side: 0, 0, 0
front only
else
else
front: 0.0432323, 0, 2.5
back: 0.129697, 0, 7.5
front back
photon_ene: 661.6 photon_theta: 0.202387 photon_phi: 4.79676
traject_len: 5.00075
pe_len: 22.5066 cs_len: 2.33484
---
front: 0.750528, 0.143622, 2.5
back: 2.25158, 0.430867, 7.5
front back
photon_ene: 661.6 photon_theta: 2.84495 photon_phi: 3.33067
traject_len: 5.22835
pe_len: 19.7952 cs_len: 6.8977
---
else
else
else
else
front: 0, 1.49996, 2.5
side: 0, 0, 0
front only
else
front: 0.525087, 0.881015, 2.5
side: 0, 0, 0
front only
else
else
else
front: 0, 0.192331, 2.5
side: 0, 0, 0
front only
else
else
else
front: 0.759529, 0, 2.5
side: 0, 0, 0
front only
front: 1.07529, 1.0692, 2.5
side: 0, 0, 0
front only
front: 0, 0, 2.5
side: 0, 0, 0
front only
else
else
else
else
front: 0, 0, 2.5
side: 0, 0, 0
front only
else
else
else
else
else
else
else
else
front: 0, 0.140796, 2.5
side: 0, 0, 0
front only
front: 0.981049, 2.10372, 2.5
side: 0, 0, 0
front only
else
else
else
else
front: 0.127259, 0, 2.5
side: 0, 0, 0
front only
else
front: 0, 0.563007, 2.5
side: 0, 0, 0
front only
else
else
front: 0, 0, 2.5
side: 0, 0, 0
front only
else
else
else
else
else
front: 0, 0.321019, 2.5
side: 0, 0, 0
front only
else
else
else
else
else
else
else
else
else
front: 0.500898, 2.27174, 2.5
side: 0, 0, 0
front only
else
else
else
else
else
front: 0, 1.67569, 2.5
side: 0, 0, 0
front only
else
front: 1.05173, 0, 2.5
side: 0, 0, 0
front only
else
else
else
front: 1.39586, 0, 2.5
side: 0, 0, 0
front only
else
else
front: 0.798022, 0.994964, 2.5
side: 0, 0, 0
front only
front: 1.40687, 0, 2.5
side: 0, 0, 0
front only
else
front: 0, 0, 2.5
back: 0, 0, 7.5
front back
photon_ene: 661.6 photon_theta: 2.99542 photon_phi: 1.33897
traject_len: 5
pe_len: 4.73865 cs_len: 0.598049
---
else
else
else
else
else
else
front: 0, 0.117019, 2.5
side: 0, 0, 0
front only
else
else
else
front: 2.08127, 1.25865, 2.5
side: 0, 0, 0
front only
else
else
else
front: 0.276624, 0.778025, 2.5
back: 0.829871, 2.33407, 7.5
front back
photon_ene: 661.6 photon_theta: 2.82258 photon_phi: 4.37078
traject_len: 5.26568
pe_len: 6.26487 cs_len: 1.88685
---
else
front: 0, 0.598216, 2.5
side: 0, 0, 0
front only
front: 0.580504, 0, 2.5
back: 1.74151, 0, 7.5
front back
photon_ene: 661.6 photon_theta: 2.88603 photon_phi: 2.66532
traject_len: 5.13302
pe_len: 28.2123 cs_len: 6.08966
---
else
front: 0, 1.32782, 2.5
side: 0, 0, 0
front only
else
else
front: 0.515203, 1.845, 2.5
side: 0, 0, 0
front only
else
else
else
front: 0, 0, 2.5
side: 0, 0, 0
front only
else
else
else
else
front: 0, 2.15704, 2.5
side: 0, 0, 0
front only
front: 0.426824, 0.156591, 2.5
back: 1.28047, 0.469774, 7.5
front back
photon_ene: 661.6 photon_theta: 2.9617 photon_phi: 3.49322
traject_len: 5.08201
pe_len: 8.24088 cs_len: 2.10592
---
else
else
else
front: 0, 0.279689, 2.5
back: 0, 0.839067, 7.5
front back
photon_ene: 661.6 photon_theta: 0.295012 photon_phi: 2.76457
traject_len: 5.03119
pe_len: 59.8072 cs_len: 5.41509
---
else
front: 0, 0, 2.5
side: 0, 0, 0
front only
front: 0, 1.149, 2.5
side: 0, 0, 0
front only
else
else
else
front: 0, 0.442943, 2.5
side: 0, 0, 0
front only
front: 0, 1.71128, 2.5
side: 0, 0, 0
front only
else
else
else
front: 1.48697, 0.986253, 2.5
side: 0, 0, 0
front only
else
else
else
else
front: 0.559461, 0.630519, 2.5
side: 0, 0, 0
front only
else
else
else
else
else
else
else
front: 0.827142, 0.680182, 2.5
side: 0, 0, 0
front only
front: 0, 0.296862, 2.5
side: 0, 0, 0
front only
else
else
else
front: 1.17192, 1.03006, 2.5
side: 0, 0, 0
front only
front: 1.46976, 0, 2.5
side: 0, 0, 0
front only
else
else
else
else
else
else
else
else
front: 0, 0, 2.5
side: 0, 0, 0
front only
front: 1.78092, 0, 2.5
side: 0, 0, 0
front only
else
else
front: 0, 0.994685, 2.5
side: 0, 0, 0
front only
else
else
front: 0, 0.566658, 2.5
back: 0, 1.69998, 7.5
front back
photon_ene: 661.6 photon_theta: 2.89488 photon_phi: 5.16338
traject_len: 5.12683
pe_len: 102.475 cs_len: 1.52833
---
front: 0, 0.0424942, 2.5
side: 0, 0, 0
front only
else
else
else
front: 0.618132, 1.24743, 2.5
side: 0, 0, 0
front only
front: 0, 0, 2.5
back: 0, 0, 7.5
front back
photon_ene: 661.6 photon_theta: 2.93827 photon_phi: 0.671881
traject_len: 5
pe_len: 41.3998 cs_len: 8.33775
---
else
else
else
front: 0, 0, 2.5
side: 0, 0, 0
front only
else
else
front: 0, 1.79088, 2.5
side: 0, 0, 0
front only
else
else
else
else
else
else
else
else
else
else
front: 1.45683, 0.913045, 2.5
side: 0, 0, 0
front only
else
else
else
else
else
front: 1.15832, 1.00674, 2.5
side: 0, 0, 0
front only
else
else
else
else
else
front: 0, 1.4792, 2.5
side: 0, 0, 0
front only
else
else
front: 1.31984, 0.964393, 2.5
side: 0, 0, 0
front only
else
else
else
front: 1.02513, 0, 2.5
side: 0, 0, 0
front only
else
else
else
else
front: 0.00179386, 0.421755, 2.5
back: 0.00538159, 1.26527, 7.5
front back
photon_ene: 661.6 photon_theta: 0.16713 photon_phi: 1.56654
traject_len: 5.07065
pe_len: 21.9617 cs_len: 1.85797
---
front: 1.03343, 1.49039, 2.5
side: 0, 0, 0
front only
else
front: 0, 0, 2.5
back: 0, 0, 7.5
front back
photon_ene: 661.6 photon_theta: 0.146252 photon_phi: 4.63699
traject_len: 5
pe_len: 35.0304 cs_len: 2.98177
---
front: 1.25889, 0.496462, 2.5
side: 0, 0, 0
front only
front: 0, 0.901632, 2.5
side: 0, 0, 0
front only
else
else
else
else
else
front: 0, 0, 2.5
side: 0, 0, 0
front only
front: 0, 0.227731, 2.5
back: 0, 0.683192, 7.5
front back
photon_ene: 661.6 photon_theta: 0.128748 photon_phi: 2.36113
traject_len: 5.0207
pe_len: 2.68158 cs_len: 4.57922
---
else
else
front: 0, 0, 2.5
back: 0, 0, 7.5
front back
photon_ene: 661.6 photon_theta: 0.313958 photon_phi: 3.50627
traject_len: 5
pe_len: 4.21684 cs_len: 1.41331
---
front: 0, 2.3833, 2.5
side: 0, 0, 0
front only
else
front: 2.22253, 0, 2.5
side: 0, 0, 0
front only
else
else
else
else
else
else
else
front: 0, 0, 2.5
side: 0, 0, 0
front only
else
else
front: 0, 1.317, 2.5
side: 0, 0, 0
front only
front: 0.42991, 1.31489, 2.5
side: 0, 0, 0
front only
else
front: 0.514766, 0, 2.5
back: 1.5443, 0, 7.5
front back
photon_ene: 661.6 photon_theta: 2.93193 photon_phi: 2.88654
traject_len: 5.10489
pe_len: 9.33035 cs_len: 9.82199
---
else
else
else
front: 1.33379, 1.93022, 2.5
side: 0, 0, 0
front only
else
else
front: 0, 0.495215, 2.5
side: 0, 0, 0
front only
front: 0, 0, 2.5
side: 0, 0, 0
front only
else
else
else
front: 1.11564, 0.866417, 2.5
side: 0, 0, 0
front only
else
else
front: 0.26672, 0, 2.5
side: 0, 0, 0
front only
front: 0.407945, 1.92165, 2.5
side: 0, 0, 0
front only
else
front: 1.81062, 1.05912, 2.5
side: 0, 0, 0
front only
else
else
else
else
else
else
else
else
else
front: 1.37528, 0, 2.5
side: 0, 0, 0
front only
front: 0, 0.0742083, 2.5
side: 0, 0, 0
front only
front: 1.99209, 1.11605, 2.5
side: 0, 0, 0
front only
else
front: 0, 0, 2.5
back: 0, 0, 7.5
front back
photon_ene: 661.6 photon_theta: 0.249633 photon_phi: 3.30572
traject_len: 5
pe_len: 18.9668 cs_len: 2.9161
---
else
else
else
else
else
else
else
else
front: 0, 0.592238, 2.5
side: 0, 0, 0
front only
else
front: 2.2715, 0, 2.5
side: 0, 0, 0
front only
else
front: 0, 0, 2.5
side: 0, 0, 0
front only
else
else
else
front: 1.22038, 0, 2.5
side: 0, 0, 0
front only
front: 0, 0.270482, 2.5
side: 0, 0, 0
front only
else
front: 0.577682, 1.72499, 2.5
side: 0, 0, 0
front only
front: 1.30247, 0, 2.5
side: 0, 0, 0
front only
else
else
else
else
front: 0.68519, 0.251307, 2.5
back: 2.05557, 0.75392, 7.5
front back
photon_ene: 661.6 photon_theta: 0.284036 photon_phi: 0.351536
traject_len: 5.2087
pe_len: 11.7304 cs_len: 9.28521
---
else
front: 0, 0.0264822, 2.5
side: 0, 0, 0
front only
else
front: 0, 1.16579, 2.5
side: 0, 0, 0
front only
front: 1.38414, 0, 2.5
side: 0, 0, 0
front only
else
front: 0, 0, 2.5
side: 0, 0, 0
front only
front: 0, 0.0597639, 2.5
back: 0, 0.179292, 7.5
front back
photon_ene: 661.6 photon_theta: 3.0382 photon_phi: 6.05072
traject_len: 5.00143
pe_len: 59.0084 cs_len: 0.557736
---
else
else
else
else
else
else
else
else
else
else
else
front: 0, 1.41903, 2.5
side: 0, 0, 0
front only
front: 0, 0, 2.5
side: 0, 0, 0
front only
front: 0.684353, 2.24978, 2.5
side: 0, 0, 0
front only
front: 0, 0.192891, 2.5
back: 0, 0.578673, 7.5
front back
photon_ene: 661.6 photon_theta: 0.116248 photon_phi: 2.4198
traject_len: 5.01486
pe_len: 9.52378 cs_len: 7.0779
---
else
front: 0.144178, 1.70257, 2.5
side: 0, 0, 0
front only
else
else
else
else
front: 0, 0.627494, 2.5
side: 0, 0, 0
front only
else
front: 0.324833, 0, 2.5
back: 0.974498, 0, 7.5
front back
photon_ene: 661.6 photon_theta: 0.235476 photon_phi: 5.28467
traject_len: 5.04203
pe_len: 80.6789 cs_len: 3.69232
---
else
else
front: 0, 0, 2.5
side: 0, 0, 0
front only
else
else
else
front: 0, 1.06873, 2.5
side: 0, 0, 0
front only
front: 1.98342, 0, 2.5
side: 0, 0, 0
front only
else
else
front: 1.05211, 1.66696, 2.5
side: 0, 0, 0
front only
else
else
else
else
else
front: 0.884497, 0, 2.5
side: 0, 0, 0
front only
else
else
else
else
else
else
else
else
front: 0.446769, 0, 2.5
side: 0, 0, 0
front only
else
front: 0.74733, 0.655917, 2.5
side: 0, 0, 0
front only
else
else
else
else
else
front: 0, 1.92706, 2.5
side: 0, 0, 0
front only
else
else
else
front: 0.987459, 0, 2.5
side: 0, 0, 0
front only
front: 0.293163, 0, 2.5
side: 0, 0, 0
front only
else
else
else
else
else
else
else
else
else
else
else
front: 0, 0, 2.5
side: 0, 0, 0
front only
front: 0.725503, 0, 2.5
side: 0, 0, 0
front only
front: 1.55278, 0, 2.5
side: 0, 0, 0
front only
else
else
else
else
front: 0, 1.0328, 2.5
side: 0, 0, 0
front only
else
else
else
else
else
else
else
front: 0.751867, 1.8804, 2.5
side: 0, 0, 0
front only
front: 0.38572, 1.22667, 2.5
side: 0, 0, 0
front only
else
front: 0.318538, 1.29372, 2.5
side: 0, 0, 0
front only
front: 1.53718, 0, 2.5
side: 0, 0, 0
front only
else
else
front: 0, 2.00268, 2.5
side: 0, 0, 0
front only
else
else
else
else
else
else
else
else
else
else
else
front: 0, 1.08601, 2.5
side: 0, 0, 0
front only
front: 1.28486, 0.933036, 2.5
side: 0, 0, 0
front only
else
else
else
else
else
else
else
else
else
else
front: 0, 0.129718, 2.5
side: 0, 0, 0
front only
else
front: 0.920661, 0, 2.5
side: 0, 0, 0
front only
else
front: 0.723892, 0, 2.5
side: 0, 0, 0
front only
front: 0.347642, 1.18936, 2.5
side: 0, 0, 0
front only
else
front: 1.59894, 0, 2.5
side: 0, 0, 0
front only
else
front: 0, 0, 2.5
side: 0, 0, 0
front only
else
else
else
else
front: 0, 0.203125, 2.5
side: 0, 0, 0
front only
else
front: 0.595587, 0.450129, 2.5
back: 1.78676, 1.35039, 7.5
front back
photon_ene: 661.6 photon_theta: 0.290191 photon_phi: 0.647187
traject_len: 5.21818
pe_len: 9.42449 cs_len: 9.48908
---
else
else
else
else
else
else
else
front: 1.77073, 1.31567, 2.5
side: 0, 0, 0
front only
else
else
front: 0, 0, 2.5
side: 0, 0, 0
front only
front: 0, 1.41565, 2.5
side: 0, 0, 0
front only
front: 1.292, 0, 2.5
side: 0, 0, 0
front only
front: 0.563819, 0.707598, 2.5
side: 0, 0, 0
front only
else
front: 0, 1.22017, 2.5
side: 0, 0, 0
front only
else
else
else
else
front: 2.01823, 0, 2.5
side: 0, 0, 0
front only
front: 0, 0, 2.5
back: 0, 0, 7.5
front back
photon_ene: 661.6 photon_theta: 0.256593 photon_phi: 4.45472
traject_len: 5
pe_len: 9.61806 cs_len: 5.37968
---
else
else
front: 0, 0, 2.5
side: 0, 0, 0
front only
else
else
front: 0, 0, 2.5
side: 0, 0, 0
front only
front: 0.113733, 1.58566, 2.5
side: 0, 0, 0
front only
else
front: 0, 0, 2.5
side: 0, 0, 0
front only
else
else
else
else
else
else
else
front: 0, 0.860148, 2.5
side: 0, 0, 0
front only
else
else
front: 0, 1.86154, 2.5
side: 0, 0, 0
front only
else
else
else
front: 0, 0, 2.5
back: 0, 0, 7.5
front back
photon_ene: 661.6 photon_theta: 2.85942 photon_phi: 0.691359
traject_len: 5
pe_len: 12.5198 cs_len: 8.43232
---
else
else
front: 1.87088, 0, 2.5
side: 0, 0, 0
front only
else
else
front: 0.133245, 0, 2.5
side: 0, 0, 0
front only
else
else
front: 0, 0, 2.5
side: 0, 0, 0
front only
else
else
front: 0, 0.142195, 2.5
back: 0, 0.426586, 7.5
front back
photon_ene: 661.6 photon_theta: 2.89784 photon_phi: 6.05244
traject_len: 5.00808
pe_len: 39.0022 cs_len: 5.47947
---
else
front: 0, 1.11967, 2.5
side: 0, 0, 0
front only
front: 0.166518, 0, 2.5
back: 0.499553, 0, 7.5
front back
photon_ene: 661.6 photon_theta: 0.0869237 photon_phi: 5.58241
traject_len: 5.01108
pe_len: 30.2305 cs_len: 4.38727
---
front: 1.84428, 0, 2.5
side: 0, 0, 0
front only
else
front: 0, 2.10311, 2.5
side: 0, 0, 0
front only
front: 0, 0.00599421, 2.5
side: 0, 0, 0
front only
else
else
front: 1.88249, 0, 2.5
side: 0, 0, 0
front only
else
else
else
else
else
else
else
front: 0.205846, 0.771374, 2.5
back: 0.617539, 2.31412, 7.5
front back
photon_ene: 661.6 photon_theta: 2.83248 photon_phi: 4.45161
traject_len: 5.24877
pe_len: 21.5062 cs_len: 1.99665
---
else
front: 1.08594, 0, 2.5
side: 0, 0, 0
front only
else
else
front: 0.999772, 0, 2.5
side: 0, 0, 0
front only
else
else
front: 1.70212, 1.15659, 2.5
side: 0, 0, 0
front only
front: 0, 1.9869, 2.5
side: 0, 0, 0
front only
else
front: 0, 0, 2.5
side: 0, 0, 0
front only
else
else
else
else
else
front: 0.245402, 0, 2.5
side: 0, 0, 0
front only
else
else
front: 0.388118, 0, 2.5
side: 0, 0, 0
front only
else
else
else
else
else
else
else
else
else
front: 0, 2.04336, 2.5
side: 0, 0, 0
front only
front: 0.0323868, 0.602912, 2.5
back: 0.0971604, 1.80874, 7.5
front back
photon_ene: 661.6 photon_theta: 2.90462 photon_phi: 4.65872
traject_len: 5.14375
pe_len: 2.27387 cs_len: 3.53362
---
front: 0, 1.68723, 2.5
side: 0, 0, 0
front only
else
else
else
else
else
else
front: 0.251568, 0.00611172, 2.5
back: 0.754705, 0.0183352, 7.5
front back
photon_ene: 661.6 photon_theta: 3.04127 photon_phi: 3.16588
traject_len: 5.02527
pe_len: 18.774 cs_len: 2.14185
---
else
else
front: 0, 0.227083, 2.5
side: 0, 0, 0
front only
front: 0.581297, 1.61965, 2.5
side: 0, 0, 0
front only
else
else
else
front: 0.710958, 0.214671, 2.5
back: 2.13287, 0.644013, 7.5
front back
photon_ene: 661.6 photon_theta: 2.85283 photon_phi: 3.43483
traject_len: 5.21595
pe_len: 27.7236 cs_len: 3.91269
---
front: 0, 1.78656, 2.5
side: 0, 0, 0
front only
else
else
front: 2.33182, 0, 2.5
side: 0, 0, 0
front only
front: 0, 0, 2.5
side: 0, 0, 0
front only
else
else
else
front: 2.08286, 0.69462, 2.5
side: 0, 0, 0
front only
else
front: 0.636331, 2.35228, 2.5
side: 0, 0, 0
front only
front: 0, 0.858122, 2.5
side: 0, 0, 0
front only
else
front: 0, 0.833622, 2.5
side: 0, 0, 0
front only
else
else
front: 1.53295, 0.79386, 2.5
side: 0, 0, 0
front only
front: 1.09468, 0, 2.5
side: 0, 0, 0
front only
else
else
else
else
else
else
front: 0, 0.883303, 2.5
side: 0, 0, 0
front only
front: 0, 0, 2.5
side: 0, 0, 0
front only
else
else
front: 0, 1.04595, 2.5
side: 0, 0, 0
front only
front: 2.20404, 0, 2.5
side: 0, 0, 0
front only
front: 0, 2.34656, 2.5
side: 0, 0, 0
front only
else
else
front: 0.0498639, 0.96429, 2.5
side: 0, 0, 0
front only
else
front: 1.56391, 0.559822, 2.5
side: 0, 0, 0
front only
else
front: 2.01703, 0, 2.5
side: 0, 0, 0
front only
else
else
else
front: 0, 0.700165, 2.5
side: 0, 0, 0
front only
front: 1.66771, 0, 2.5
side: 0, 0, 0
front only
else
front: 0, 0.336893, 2.5
side: 0, 0, 0
front only
else
else
front: 0, 2.18375, 2.5
side: 0, 0, 0
front only
else
front: 0, 0.00237676, 2.5
side: 0, 0, 0
front only
front: 0, 0.617373, 2.5
side: 0, 0, 0
front only
else
front: 0, 0, 2.5
side: 0, 0, 0
front only
front: 0.98644, 0, 2.5
side: 0, 0, 0
front only
else
else
else
else
else
else
front: 0.529721, 0, 2.5
side: 0, 0, 0
front only
else
front: 1.58257, 0.722005, 2.5
side: 0, 0, 0
front only
else
else
else
else
else
else
else
else
front: 0, 0.739434, 2.5
side: 0, 0, 0
front only
front: 0, 1.30984, 2.5
side: 0, 0, 0
front only
front: 1.62234, 0, 2.5
side: 0, 0, 0
front only
else
front: 0.673361, 0.680759, 2.5
side: 0, 0, 0
front only
else
else
front: 0, 0.823362, 2.5
side: 0, 0, 0
front only
else
else
else
else
else
front: 0, 1.67327, 2.5
side: 0, 0, 0
front only
else
else
else
front: 1.34113, 0, 2.5
side: 0, 0, 0
front only
front: 0.776198, 0, 2.5
side: 0, 0, 0
front only
front: 0, 1.88847, 2.5
side: 0, 0, 0
front only
front: 0, 0, 2.5
side: 0, 0, 0
front only
else
front: 0.960117, 0, 2.5
side: 0, 0, 0
front only
else
else
else
front: 0.00942793, 0, 2.5
side: 0, 0, 0
front only
else
else
else
else
front: 0, 0, 2.5
side: 0, 0, 0
front only
else
else
else
front: 0, 0.0840228, 2.5
side: 0, 0, 0
front only
else
else
else
front: 0, 0, 2.5
side: 0, 0, 0
front only
else
else
else
else
front: 0.0935408, 0.0937652, 2.5
back: 0.280622, 0.281296, 7.5
front back
photon_ene: 661.6 photon_theta: 3.08866 photon_phi: 3.92819
traject_len: 5.00701
pe_len: 26.8752 cs_len: 2.21282
---
else
front: 0, 0, 2.5
back: 0, 0, 7.5
front back
photon_ene: 661.6 photon_theta: 2.83126 photon_phi: 0.108424
traject_len: 5
pe_len: 2.61355 cs_len: 2.95179
---
else
else
else
else
front: 0, 0, 2.5
back: 0, 0, 7.5
front back
photon_ene: 661.6 photon_theta: 0.0601856 photon_phi: 4.05786
traject_len: 5
pe_len: 10.5041 cs_len: 3.06472
---
else
else
else
front: 0, 0, 2.5
side: 0, 0, 0
front only
else
front: 0.294252, 0, 2.5
side: 0, 0, 0
front only
else
front: 0, 0, 2.5
side: 0, 0, 0
front only
else
front: 1.02138, 0, 2.5
side: 0, 0, 0
front only
else
else
else
else
else
front: 1.06189, 0.481242, 2.5
side: 0, 0, 0
front only
else
else
else
else
else
front: 0.872105, 0, 2.5
side: 0, 0, 0
front only
else
else
else
else
else
front: 0, 1.03514, 2.5
side: 0, 0, 0
front only
else
front: 0, 0, 2.5
back: 0, 0, 7.5
front back
photon_ene: 661.6 photon_theta: 3.09051 photon_phi: 0.191554
traject_len: 5
pe_len: 26.7994 cs_len: 0.223454
---
else
else
front: 0, 1.02388, 2.5
side: 0, 0, 0
front only
else
else
front: 0, 0.988124, 2.5
side: 0, 0, 0
front only
else
else
front: 1.64818, 0, 2.5
side: 0, 0, 0
front only
else
else
else
else
else
else
else
else
else
front: 0.489096, 0, 2.5
side: 0, 0, 0
front only
front: 1.98859, 0, 2.5
side: 0, 0, 0
front only
else
else
else
else
else
else
else
else
front: 0.103631, 0, 2.5
back: 0.310893, 0, 7.5
front back
photon_ene: 661.6 photon_theta: 2.90178 photon_phi: 1.74115
traject_len: 5.00429
pe_len: 83.3495 cs_len: 0.505306
---
front: 0.509195, 0, 2.5
back: 1.52759, 0, 7.5
front back
photon_ene: 661.6 photon_theta: 2.84169 photon_phi: 2.28983
traject_len: 5.10266
pe_len: 41.4991 cs_len: 7.44391
---
front: 0, 0, 2.5
side: 0, 0, 0
front only
front: 2.05468, 0, 2.5
side: 0, 0, 0
front only
else
else
front: 0, 0, 2.5
side: 0, 0, 0
front only
else
else
else
else
front: 1.31196, 2.01431, 2.5
side: 0, 0, 0
front only
front: 0.0812906, 0.631457, 2.5
back: 0.243872, 1.89437, 7.5
front back
photon_ene: 661.6 photon_theta: 2.89223 photon_phi: 4.58436
traject_len: 5.15959
pe_len: 24.2141 cs_len: 13.1625
---
front: 0, 0.11995, 2.5
back: 0, 0.359849, 7.5
front back
photon_ene: 661.6 photon_theta: 0.174341 photon_phi: 2.86569
traject_len: 5.00575
pe_len: 21.1621 cs_len: 3.299
---
front: 0.563738, 0, 2.5
side: 0, 0, 0
front only
else
else
else
else
else
front: 0, 1.88189, 2.5
side: 0, 0, 0
front only
front: 1.40395, 0, 2.5
side: 0, 0, 0
front only
front: 0, 0, 2.5
back: 0, 0, 7.5
front back
photon_ene: 661.6 photon_theta: 2.87367 photon_phi: 0.250797
traject_len: 5
pe_len: 96.8333 cs_len: 5.49921
---
front: 1.75854, 0, 2.5
side: 0, 0, 0
front only
front: 1.25737, 0, 2.5
side: 0, 0, 0
front only
else
front: 1.5006, 0, 2.5
side: 0, 0, 0
front only
front: 0.602491, 0, 2.5
back: 1.80747, 0, 7.5
front back
photon_ene: 661.6 photon_theta: 0.281775 photon_phi: 5.69604
traject_len: 5.14315
pe_len: 49.2899 cs_len: 13.2767
---
front: 0.855694, 0.660689, 2.5
side: 0, 0, 0
front only
else
else
front: 0, 1.35921, 2.5
side: 0, 0, 0
front only
else
else
else
else
else
else
else
else
else
else
else
front: 0, 0.865621, 2.5
side: 0, 0, 0
front only
else
else
front: 0, 0, 2.5
back: 0, 0, 7.5
front back
photon_ene: 661.6 photon_theta: 0.14534 photon_phi: 4.26722
traject_len: 5
pe_len: 21.9864 cs_len: 10.4667
---
else
front: 0, 0, 2.5
side: 0, 0, 0
front only
front: 0.923637, 0, 2.5
side: 0, 0, 0
front only
else
else
front: 1.5667, 0, 2.5
side: 0, 0, 0
front only
else
else
front: 0.566457, 0.439487, 2.5
back: 1.69937, 1.31846, 7.5
front back
photon_ene: 661.6 photon_theta: 2.86231 photon_phi: 3.80143
traject_len: 5.20155
pe_len: 1.8726 cs_len: 0.814899
---
else
else
front: 0, 0, 2.5
back: 0, 0, 7.5
front back
photon_ene: 661.6 photon_theta: 3.06248 photon_phi: 1.28064
traject_len: 5
pe_len: 25.0487 cs_len: 1.52111
---
front: 0, 0, 2.5
side: 0, 0, 0
front only
front: 0.398591, 0.434488, 2.5
back: 1.19577, 1.30346, 7.5
front back
photon_ene: 661.6 photon_theta: 0.231616 photon_phi: 0.828461
traject_len: 5.13718
pe_len: 1.07992 cs_len: 5.46035
---
else
front: 0.442703, 0, 2.5
side: 0, 0, 0
front only
front: 0, 0.903154, 2.5
side: 0, 0, 0
front only
front: 0, 0, 2.5
side: 0, 0, 0
front only
else
else
else
else
else
else
else
else
front: 1.5348, 0, 2.5
side: 0, 0, 0
front only
front: 0, 0, 2.5
side: 0, 0, 0
front only
else
front: 0, 0, 2.5
side: 0, 0, 0
front only
front: 0, 0, 2.5
back: 0, 0, 7.5
front back
photon_ene: 661.6 photon_theta: 0.226779 photon_phi: 3.70714
traject_len: 5
pe_len: 7.46559 cs_len: 4.05223
---
front: 1.01853, 0.0330899, 2.5
side: 0, 0, 0
front only
front: 0.612548, 0, 2.5
side: 0, 0, 0
front only
else
else
else
else
front: 0, 2.2293, 2.5
side: 0, 0, 0
front only
else
front: 0, 0.925543, 2.5
side: 0, 0, 0
front only
else
else
front: 0, 0.427203, 2.5
side: 0, 0, 0
front only
else
else
else
else
front: 0.734948, 1.91645, 2.5
side: 0, 0, 0
front only
front: 0, 0, 2.5
back: 0, 0, 7.5
front back
photon_ene: 661.6 photon_theta: 0.153237 photon_phi: 3.2716
traject_len: 5
pe_len: 8.50806 cs_len: 4.43401
---
front: 0.511861, 0.939306, 2.5
side: 0, 0, 0
front only
else
front: 0.606435, 0, 2.5
back: 1.8193, 0, 7.5
front back
photon_ene: 661.6 photon_theta: 0.245205 photon_phi: 6.03501
traject_len: 5.145
pe_len: 18.4781 cs_len: 0.560702
---
else
else
else
else
else
else
front: 0, 0, 2.5
side: 0, 0, 0
front only
front: 0.564028, 0.853417, 2.5
side: 0, 0, 0
front only
front: 0, 1.40169, 2.5
side: 0, 0, 0
front only
else
else
else
else
else
front: 0, 0.566666, 2.5
side: 0, 0, 0
front only
front: 1.2643, 0.174008, 2.5
side: 0, 0, 0
front only
front: 1.7831, 1.56518, 2.5
side: 0, 0, 0
front only
else
else
else
else
else
else
else
front: 0, 0.511081, 2.5
side: 0, 0, 0
front only
else
else
else
front: 0, 0, 2.5
side: 0, 0, 0
front only
else
else
else
front: 0, 0.127531, 2.5
side: 0, 0, 0
front only
else
else
else
else
front: 0, 0.460841, 2.5
back: 0, 1.38252, 7.5
front back
photon_ene: 661.6 photon_theta: 2.94877 photon_phi: 5.04829
traject_len: 5.08424
pe_len: 50.0465 cs_len: 7.33387
---
front: 0, 0.220155, 2.5
back: 0, 0.660465, 7.5
front back
photon_ene: 661.6 photon_theta: 0.0880652 photon_phi: 1.64323
traject_len: 5.01935
pe_len: 19.9511 cs_len: 10.1586
---
front: 0, 1.85037, 2.5
side: 0, 0, 0
front only
else
else
else
front: 0, 0, 2.5
side: 0, 0, 0
front only
else
front: 0.915081, 0, 2.5
side: 0, 0, 0
front only
else
else
else
else
else
front: 1.12357, 0, 2.5
side: 0, 0, 0
front only
else
front: 0.59236, 0, 2.5
back: 1.77708, 0, 7.5
front back
photon_ene: 661.6 photon_theta: 0.232783 photon_phi: 6.24918
traject_len: 5.13844
pe_len: 82.0249 cs_len: 3.32019
---
else
else
else
else
else
else
front: 0, 0.142082, 2.5
back: 0, 0.426247, 7.5
front back
photon_ene: 661.6 photon_theta: 0.245493 photon_phi: 2.91276
traject_len: 5.00807
pe_len: 1.26971 cs_len: 15.1498
---
else
else
else
else
else
else
else
else
front: 0, 0.857269, 2.5
side: 0, 0, 0
front only
else
else
else
front: 0, 0, 2.5
side: 0, 0, 0
front only
else
front: 0.801657, 0, 2.5
side: 0, 0, 0
front only
else
else
front: 1.98402, 0.781622, 2.5
side: 0, 0, 0
front only
else
else
else
else
else
else
front: 0, 0, 2.5
side: 0, 0, 0
front only
front: 0, 0, 2.5
side: 0, 0, 0
front only
else
else
else
else
front: 1.9508, 1.03096, 2.5
side: 0, 0, 0
front only
front: 2.23584, 0.151529, 2.5
side: 0, 0, 0
front only
else
else
else
else
else
else
else
front: 0, 0, 2.5
side: 0, 0, 0
front only
front: 0.00275397, 0, 2.5
side: 0, 0, 0
front only
else
else
else
else
else
else
else
else
else
front: 2.10379, 0, 2.5
side: 0, 0, 0
front only
else
else
else
else
else
front: 0, 0, 2.5
back: 0, 0, 7.5
front back
photon_ene: 661.6 photon_theta: 0.207571 photon_phi: 3.87981
traject_len: 5
pe_len: 24.9234 cs_len: 3.7488
---
else
else
else
else
front: 0, 0.00540591, 2.5
side: 0, 0, 0
front only
else
else
else
else
front: 0.891375, 0, 2.5
side: 0, 0, 0
front only
else
front: 1.93118, 0, 2.5
side: 0, 0, 0
front only
else
front: 0, 0, 2.5
side: 0, 0, 0
front only
else
front: 0, 1.15235, 2.5
side: 0, 0, 0
front only
else
else
else
front: 1.82897, 0, 2.5
side: 0, 0, 0
front only
front: 0.0371643, 0.114698, 2.5
back: 0.111493, 0.344094, 7.5
front back
photon_ene: 661.6 photon_theta: 3.0934 photon_phi: 4.39905
traject_len: 5.00581
pe_len: 62.4489 cs_len: 6.11691
---
else
else
else
else
front: 0.400671, 0, 2.5
side: 0, 0, 0
front only
else
else
else
else
else
else
else
else
front: 0, 0.19531, 2.5
side: 0, 0, 0
front only
front: 1.16795, 0, 2.5
side: 0, 0, 0
front only
else
else
else
else
front: 0, 0.357851, 2.5
back: 0, 1.07355, 7.5
front back
photon_ene: 661.6 photon_theta: 2.94565 photon_phi: 5.47771
traject_len: 5.05096
pe_len: 34.9959 cs_len: 5.88213
---
else
else
else
else
else
else
else
front: 0, 1.85869, 2.5
side: 0, 0, 0
front only
else
else
front: 0.284213, 0, 2.5
side: 0, 0, 0
front only
else
else
else
else
else
front: 0.254919, 0, 2.5
back: 0.764757, 0, 7.5
front back
photon_ene: 661.6 photon_theta: 3.03821 photon_phi: 2.9556
traject_len: 5.02593
pe_len: 61.3065 cs_len: 1.98011
---
else
else
else
else
front: 0.877971, 1.27306, 2.5
side: 0, 0, 0
front only
front: 0, 0, 2.5
side: 0, 0, 0
front only
else
front: 0, 2.12713, 2.5
side: 0, 0, 0
front only
front: 0, 0.689944, 2.5
side: 0, 0, 0
front only
else
else
else
front: 0, 0, 2.5
side: 0, 0, 0
front only
else
else
else
front: 0, 0.63385, 2.5
back: 0, 1.90155, 7.5
front back
photon_ene: 661.6 photon_theta: 0.309513 photon_phi: 2.22615
traject_len: 5.1582
pe_len: 32.3716 cs_len: 5.74577
---
else
else
else
else
else
else
front: 0, 0, 2.5
side: 0, 0, 0
front only
else
front: 0.887996, 0, 2.5
side: 0, 0, 0
front only
else
else
front: 0, 0, 2.5
side: 0, 0, 0
front only
else
front: 0, 0.396092, 2.5
side: 0, 0, 0
front only
else
front: 0, 0, 2.5
side: 0, 0, 0
front only
else
else
else
else
else
else
front: 2.03557, 0, 2.5
side: 0, 0, 0
front only
else
else
else
else
else
else
front: 1.69947, 0.678727, 2.5
side: 0, 0, 0
front only
front: 0, 0, 2.5
side: 0, 0, 0
front only
else
else
else
else
front: 0.926747, 0, 2.5
side: 0, 0, 0
front only
else
else
else
front: 0.156928, 0.44883, 2.5
back: 0.470785, 1.34649, 7.5
front back
photon_ene: 661.6 photon_theta: 2.95365 photon_phi: 4.37604
traject_len: 5.08963
pe_len: 55.2245 cs_len: 4.37626
---
else
else
else
else
else
else
front: 1.35749, 0, 2.5
side: 0, 0, 0
front only
else
else
else
front: 0.077491, 0.327205, 2.5
back: 0.232473, 0.981615, 7.5
front back
photon_ene: 661.6 photon_theta: 0.1337 photon_phi: 1.33825
traject_len: 5.04502
pe_len: 70.0453 cs_len: 6.04621
---
else
else
else
front: 1.42444, 0, 2.5
side: 0, 0, 0
front only
else
else
front: 1.73102, 0, 2.5
side: 0, 0, 0
front only
else
else
else
else
front: 1.05031, 0.886766, 2.5
side: 0, 0, 0
front only
front: 0, 0.393592, 2.5
side: 0, 0, 0
front only
else
else
else
else
front: 1.41309, 0, 2.5
side: 0, 0, 0
front only
else
else
else
front: 0, 0, 2.5
side: 0, 0, 0
front only
front: 0, 1.33715, 2.5
side: 0, 0, 0
front only
else
else
else
front: 0, 0.728891, 2.5
side: 0, 0, 0
front only
front: 0, 0, 2.5
side: 0, 0, 0
front only
else
else
else
front: 0.551739, 0.461985, 2.5
back: 1.65522, 1.38596, 7.5
front back
photon_ene: 661.6 photon_theta: 2.86132 photon_phi: 3.83868
traject_len: 5.20302
pe_len: 5.96443 cs_len: 10.7631
---
front: 1.72815, 0, 2.5
side: 0, 0, 0
front only
else
else
else
else
front: 0, 1.54193, 2.5
side: 0, 0, 0
front only
front: 0, 0.0743191, 2.5
side: 0, 0, 0
front only
else
else
front: 0.682991, 0, 2.5
side: 0, 0, 0
front only
else
front: 0.884115, 0, 2.5
side: 0, 0, 0
front only
else
else
else
else
else
else
else
else
else
else
else
front: 0.650824, 1.95965, 2.5
side: 0, 0, 0
front only
else
front: 0.771875, 0, 2.5
side: 0, 0, 0
front only
else
else
else
else
else
front: 0.342248, 0.125676, 2.5
back: 1.02674, 0.377029, 7.5
front back
photon_ene: 661.6 photon_theta: 0.144816 photon_phi: 0.351922
traject_len: 5.05289
pe_len: 5.72407 cs_len: 4.32712
---
front: 0, 0.0516677, 2.5
back: 0, 0.155003, 7.5
front back
photon_ene: 661.6 photon_theta: 0.194961 photon_phi: 3.03674
traject_len: 5.00107
pe_len: 34.2073 cs_len: 1.87757
---
else
else
else
else
else
front: 0, 0, 2.5
side: 0, 0, 0
front only
front: 0.636042, 1.43078, 2.5
side: 0, 0, 0
front only
front: 0, 1.25479, 2.5
side: 0, 0, 0
front only
front: 1.43139, 0, 2.5
side: 0, 0, 0
front only
else
else
else
front: 0, 1.4961, 2.5
side: 0, 0, 0
front only
else
else
else
else
else
front: 1.5419, 0.503243, 2.5
side: 0, 0, 0
front only
else
else
else
else
else
front: 0, 1.59599, 2.5
side: 0, 0, 0
front only
front: 1.46769, 1.57118, 2.5
side: 0, 0, 0
front only
else
else
else
front: 0, 0, 2.5
side: 0, 0, 0
front only
front: 0, 0.0178124, 2.5
back: 0, 0.0534372, 7.5
front back
photon_ene: 661.6 photon_theta: 0.290473 photon_phi: 3.11776
traject_len: 5.00013
pe_len: 48.9508 cs_len: 12.0434
---
else
else
else
else
else
else
else
front: 0.0902931, 0, 2.5
back: 0.270879, 0, 7.5
front back
photon_ene: 661.6 photon_theta: 3.00515 photon_phi: 1.837
traject_len: 5.00326
pe_len: 7.20256 cs_len: 4.27804
---
else
else
else
else
else
front: 0.395154, 0, 2.5
side: 0, 0, 0
front only
front: 0.488217, 1.15581, 2.5
side: 0, 0, 0
front only
front: 1.54072, 0, 2.5
side: 0, 0, 0
front only
else
else
else
else
else
else
else
front: 2.09169, 0, 2.5
side: 0, 0, 0
front only
front: 0, 0, 2.5
side: 0, 0, 0
front only
else
else
else
else
front: 0, 2.34696, 2.5
side: 0, 0, 0
front only
else
else
front: 0.388898, 2.35191, 2.5
side: 0, 0, 0
front only
else
front: 0, 0.419778, 2.5
side: 0, 0, 0
front only
else
front: 0, 2.27328, 2.5
side: 0, 0, 0
front only
else
front: 0.530456, 0, 2.5
side: 0, 0, 0
front only
else
front: 0, 0.390636, 2.5
side: 0, 0, 0
front only
else
else
else
front: 0, 0, 2.5
side: 0, 0, 0
front only
else
else
else
else
else
else
front: 0.841323, 0.555365, 2.5
side: 0, 0, 0
front only
else
else
front: 0, 0, 2.5
side: 0, 0, 0
front only
else
else
else
front: 2.10096, 0, 2.5
side: 0, 0, 0
front only
else
front: 0.561602, 0, 2.5
back: 1.6848, 0, 7.5
front back
photon_ene: 661.6 photon_theta: 0.256608 photon_phi: 5.74011
traject_len: 5.12461
pe_len: 121.017 cs_len: 5.74143
---
else
else
else
else
front: 0, 0, 2.5
side: 0, 0, 0
front only
else
else
front: 0, 1.38905, 2.5
side: 0, 0, 0
front only
else
else
else
else
else
else
else
else
front: 0.655698, 0.832345, 2.5
side: 0, 0, 0
front only
else
else
else
else
else
else
else
front: 0, 0.208769, 2.5
back: 0, 0.626308, 7.5
front back
photon_ene: 661.6 photon_theta: 0.318866 photon_phi: 2.88586
traject_len: 5.0174
pe_len: 14.1504 cs_len: 2.6741
---
else
else
else
else
else
else
else
front: 2.02873, 0, 2.5
side: 0, 0, 0
front only
else
front: 0.715787, 0.85028, 2.5
side: 0, 0, 0
front only
else
else
front: 1.8143, 0, 2.5
side: 0, 0, 0
front only
else
front: 0.237259, 0, 2.5
back: 0.711778, 0, 7.5
front back
photon_ene: 661.6 photon_theta: 0.0965418 photon_phi: 6.08273
traject_len: 5.02247
pe_len: 14.4783 cs_len: 3.56141
---
front: 0, 0, 2.5
side: 0, 0, 0
front only
else
else
else
else
else
else
else
else
else
front: 1.03397, 0.618912, 2.5
side: 0, 0, 0
front only
else
else
front: 0, 1.56706, 2.5
side: 0, 0, 0
front only
front: 0, 0.00599035, 2.5
side: 0, 0, 0
front only
front: 0, 0.266793, 2.5
side: 0, 0, 0
front only
else
else
else
else
else
front: 1.88656, 0.723321, 2.5
side: 0, 0, 0
front only
else
else
else
else
else
front: 0, 0, 2.5
back: 0, 0, 7.5
front back
photon_ene: 661.6 photon_theta: 2.95711 photon_phi: 1.11824
traject_len: 5
pe_len: 87.9245 cs_len: 1.46354
---
front: 0.0550588, 0, 2.5
side: 0, 0, 0
front only
else
else
front: 0.176878, 0.275806, 2.5
back: 0.530635, 0.827417, 7.5
front back
photon_ene: 661.6 photon_theta: 3.01128 photon_phi: 4.14214
traject_len: 5.04276
pe_len: 12.111 cs_len: 4.32967
---
front: 0.725515, 0.93776, 2.5
side: 0, 0, 0
front only
else
else
else
else
else
else
else
else
else
else
else
front: 0, 0.0106131, 2.5
side: 0, 0, 0
front only
else
else
else
else
front: 0, 0.904386, 2.5
side: 0, 0, 0
front only
else
front: 0, 0.234126, 2.5
back: 0, 0.702377, 7.5
front back
photon_ene: 661.6 photon_theta: 3.0054 photon_phi: 5.53078
traject_len: 5.02188
pe_len: 37.5477 cs_len: 3.16551
---
else
else
else
else
else
else
front: 0, 0, 2.5
side: 0, 0, 0
front only
else
front: 1.33838, 0, 2.5
side: 0, 0, 0
front only
else
front: 0.239135, 0, 2.5
side: 0, 0, 0
front only
front: 0, 0, 2.5
side: 0, 0, 0
front only
else
else
else
else
front: 0.387281, 1.49631, 2.5
side: 0, 0, 0
front only
front: 1.88949, 1.03502, 2.5
side: 0, 0, 0
front only
else
front: 0.404988, 1.65959, 2.5
side: 0, 0, 0
front only
front: 0.269479, 2.31119, 2.5
side: 0, 0, 0
front only
else
front: 0, 0, 2.5
side: 0, 0, 0
front only
front: 1.59394, 1.59302, 2.5
side: 0, 0, 0
front only
else
else
else
front: 0, 1.99543, 2.5
side: 0, 0, 0
front only
else
else
front: 0, 0.844422, 2.5
side: 0, 0, 0
front only
else
front: 0, 0, 2.5
side: 0, 0, 0
front only
else
front: 0, 0, 2.5
back: 0, 0, 7.5
front back
photon_ene: 661.6 photon_theta: 0.227461 photon_phi: 3.38596
traject_len: 5
pe_len: 73.2141 cs_len: 7.57625
---
else
front: 0, 0, 2.5
side: 0, 0, 0
front only
else
else
else
else
else
else
else
else
else
front: 0, 0, 2.5
side: 0, 0, 0
front only
else
else
else
else
front: 1.83129, 0, 2.5
side: 0, 0, 0
front only
else
front: 0, 0, 2.5
side: 0, 0, 0
front only
else
else
front: 0, 1.28106, 2.5
side: 0, 0, 0
front only
front: 0, 0, 2.5
side: 0, 0, 0
front only
else
else
front: 0.484049, 0.518769, 2.5
back: 1.45215, 1.55631, 7.5
front back
photon_ene: 661.6 photon_theta: 2.86505 photon_phi: 3.9616
traject_len: 5.19747
pe_len: 0.459704 cs_len: 0.696426
---
front: 0, 0.731635, 2.5
side: 0, 0, 0
front only
front: 1.00066, 0, 2.5
side: 0, 0, 0
front only
else
front: 1.03167, 0, 2.5
side: 0, 0, 0
front only
else
front: 0.859498, 1.27187, 2.5
side: 0, 0, 0
front only
else
else
else
front: 0, 0, 2.5
side: 0, 0, 0
front only
else
else
else
else
else
else
front: 1.5283, 0, 2.5
side: 0, 0, 0
front only
else
else
else
else
else
else
else
else
else
else
else
else
else
else
else
else
front: 0, 0, 2.5
side: 0, 0, 0
front only
front: 0, 0, 2.5
side: 0, 0, 0
front only
else
else
else
else
else
else
front: 0, 0, 2.5
side: 0, 0, 0
front only
front: 0, 1.33014, 2.5
side: 0, 0, 0
front only
front: 0.910637, 0, 2.5
side: 0, 0, 0
front only
front: 0, 1.94028, 2.5
side: 0, 0, 0
front only
else
else
else
else
front: 0, 0, 2.5
back: 0, 0, 7.5
front back
photon_ene: 661.6 photon_theta: 0.301007 photon_phi: 4.48003
traject_len: 5
pe_len: 10.8615 cs_len: 1.11807
---
else
else
else
else
else
else
front: 1.32539, 0, 2.5
side: 0, 0, 0
front only
else
else
front: 0, 0.396368, 2.5
back: 0, 1.1891, 7.5
front back
photon_ene: 661.6 photon_theta: 0.174101 photon_phi: 2.01851
traject_len: 5.06245
pe_len: 115.752 cs_len: 0.420248
---
else
else
else
else
else
else
front: 0.348246, 0, 2.5
side: 0, 0, 0
front only
else
else
else
else
else
else
front: 0, 0, 2.5
back: 0, 0, 7.5
front back
photon_ene: 661.6 photon_theta: 2.90368 photon_phi: 0.702259
traject_len: 5
pe_len: 32.9133 cs_len: 11.0116
---
else
else
else
else
else
front: 0, 1.52128, 2.5
side: 0, 0, 0
front only
front: 0, 1.20456, 2.5
side: 0, 0, 0
front only
front: 2.14641, 0, 2.5
side: 0, 0, 0
front only
else
else
front: 1.92572, 1.44305, 2.5
side: 0, 0, 0
front only
else
else
else
else
else
else
else
else
else
else
else
else
front: 0.127139, 0.422897, 2.5
back: 0.381416, 1.26869, 7.5
front back
photon_ene: 661.6 photon_theta: 2.96676 photon_phi: 4.42035
traject_len: 5.0774
pe_len: 30.5925 cs_len: 4.87068
---
else
else
else
else
else
else
else
else
else
front: 0.836876, 0, 2.5
side: 0, 0, 0
front only
else
front: 0, 1.94276, 2.5
side: 0, 0, 0
front only
else
front: 0, 1.6387, 2.5
side: 0, 0, 0
front only
else
front: 0.208822, 1.62699, 2.5
side: 0, 0, 0
front only
else
else
front: 1.14677, 0, 2.5
side: 0, 0, 0
front only
front: 0.54015, 0.18645, 2.5
back: 1.62045, 0.559351, 7.5
front back
photon_ene: 661.6 photon_theta: 2.91688 photon_phi: 3.47397
traject_len: 5.12895
pe_len: 50.0513 cs_len: 3.06515
---
front: 0.865332, 1.58296, 2.5
side: 0, 0, 0
front only
front: 0, 0, 2.5
side: 0, 0, 0
front only
front: 0.588351, 0, 2.5
back: 1.76505, 0, 7.5
front back
photon_ene: 661.6 photon_theta: 2.85544 photon_phi: 2.49784
traject_len: 5.1366
pe_len: 22.4429 cs_len: 3.2779
---
else
else
front: 1.29406, 0, 2.5
side: 0, 0, 0
front only
else
front: 0, 0, 2.5
side: 0, 0, 0
front only
else
front: 0, 0.00751714, 2.5
side: 0, 0, 0
front only
else
else
else
else
else
else
front: 0, 0, 2.5
side: 0, 0, 0
front only
front: 0.865612, 0.286034, 2.5
side: 0, 0, 0
front only
else
else
else
front: 0, 0, 2.5
side: 0, 0, 0
front only
else
front: 0, 0, 2.5
back: 0, 0, 7.5
front back
photon_ene: 661.6 photon_theta: 0.294846 photon_phi: 4.52818
traject_len: 5
pe_len: 27.2502 cs_len: 4.88584
---
front: 0.633726, 0.490676, 2.5
back: 1.90118, 1.47203, 7.5
front back
photon_ene: 661.6 photon_theta: 2.83135 photon_phi: 3.80045
traject_len: 5.25067
pe_len: 29.0216 cs_len: 9.95766
---
front: 1.50506, 0.400762, 2.5
side: 0, 0, 0
front only
else
front: 1.5417, 0, 2.5
side: 0, 0, 0
front only
else
front: 0, 0, 2.5
side: 0, 0, 0
front only
else
else
front: 1.23707, 0.977789, 2.5
side: 0, 0, 0
front only
front: 0, 1.14361, 2.5
side: 0, 0, 0
front only
else
else
else
else
else
else
else
else
else
else
else
else
else
else
else
else
else
front: 0, 0.542948, 2.5
back: 0, 1.62884, 7.5
front back
photon_ene: 661.6 photon_theta: 0.219161 photon_phi: 1.79468
traject_len: 5.11656
pe_len: 31.7697 cs_len: 5.25211
---
else
front: 0, 0, 2.5
side: 0, 0, 0
front only
else
else
else
else
front: 0, 1.29428, 2.5
side: 0, 0, 0
front only
else
else
else
else
front: 0.0952747, 0, 2.5
side: 0, 0, 0
front only
else
else
else
front: 1.38633, 0.720649, 2.5
side: 0, 0, 0
front only
else
else
front: 1.32511, 0.331702, 2.5
side: 0, 0, 0
front only
front: 0, 1.32333, 2.5
side: 0, 0, 0
front only
else
else
else
else
else
else
else
front: 0.068923, 0.230555, 2.5
back: 0.206769, 0.691664, 7.5
front back
photon_ene: 661.6 photon_theta: 3.04563 photon_phi: 4.4219
traject_len: 5.02311
pe_len: 0.77409 cs_len: 3.8817
---
front: 0, 0, 2.5
side: 0, 0, 0
front only
else
else
else
front: 0, 0, 2.5
side: 0, 0, 0
front only
else
front: 1.15479, 0, 2.5
side: 0, 0, 0
front only
else
front: 0, 0, 2.5
side: 0, 0, 0
front only
else
else
else
else
else
front: 0.648561, 0.896987, 2.5
side: 0, 0, 0
front only
front: 0, 0, 2.5
side: 0, 0, 0
front only
else
else
else
front: 1.95363, 0, 2.5
side: 0, 0, 0
front only
front: 0, 0, 2.5
side: 0, 0, 0
front only
else
front: 0, 1.13934, 2.5
side: 0, 0, 0
front only
else
front: 0.629113, 0, 2.5
side: 0, 0, 0
front only
front: 0, 0.710532, 2.5
side: 0, 0, 0
front only
else
else
else
else
else
else
else
else
else
front: 0, 0.0481326, 2.5
back: 0, 0.144398, 7.5
front back
photon_ene: 661.6 photon_theta: 3.0066 photon_phi: 6.14095
traject_len: 5.00093
pe_len: 24.6826 cs_len: 10.7591
---
front: 1.88639, 0.161321, 2.5
side: 0, 0, 0
front only
else
else
else
front: 0, 0, 2.5
side: 0, 0, 0
front only
else
front: 0, 1.26456, 2.5
side: 0, 0, 0
front only
front: 1.70481, 0, 2.5
side: 0, 0, 0
front only
else
else
else
front: 1.97908, 0, 2.5
side: 0, 0, 0
front only
front: 0, 0, 2.5
side: 0, 0, 0
front only
else
front: 1.09644, 1.76778, 2.5
side: 0, 0, 0
front only
else
else
front: 2.23319, 0, 2.5
side: 0, 0, 0
front only
else
else
else
else
else
else
else
front: 0, 0, 2.5
side: 0, 0, 0
front only
else
front: 0, 0, 2.5
back: 0, 0, 7.5
front back
photon_ene: 661.6 photon_theta: 0.303367 photon_phi: 4.41825
traject_len: 5
pe_len: 5.99208 cs_len: 6.19284
---
front: 0.421974, 0.294724, 2.5
back: 1.26592, 0.884172, 7.5
front back
photon_ene: 661.6 photon_theta: 0.203046 photon_phi: 0.609679
traject_len: 5.10487
pe_len: 21.8334 cs_len: 16.7025
---
else
front: 0, 0, 2.5
side: 0, 0, 0
front only
else
else
else
front: 0, 0, 2.5
side: 0, 0, 0
front only
else
else
else
else
else
front: 0.176219, 0, 2.5
side: 0, 0, 0
front only
else
else
else
front: 0, 0.575606, 2.5
side: 0, 0, 0
front only
front: 1.52459, 0, 2.5
side: 0, 0, 0
front only
front: 1.82339, 0, 2.5
side: 0, 0, 0
front only
else
front: 0.54885, 1.29881, 2.5
side: 0, 0, 0
front only
else
else
else
front: 0, 0.219449, 2.5
back: 0, 0.658348, 7.5
front back
photon_ene: 661.6 photon_theta: 2.84293 photon_phi: 5.99406
traject_len: 5.01923
pe_len: 6.39198 cs_len: 0.314762
---
front: 0, 1.01663, 2.5
side: 0, 0, 0
front only
else
else
front: 0.662196, 0, 2.5
back: 1.98659, 0, 7.5
front back
photon_ene: 661.6 photon_theta: 2.85446 photon_phi: 2.68373
traject_len: 5.17243
pe_len: 71.5734 cs_len: 9.30706
---
else
else
else
else
else
front: 1.03471, 0.399581, 2.5
side: 0, 0, 0
front only
else
else
front: 0, 0.555487, 2.5
side: 0, 0, 0
front only
front: 0, 0, 2.5
side: 0, 0, 0
front only
front: 0, 0, 2.5
side: 0, 0, 0
front only
else
else
else
else
else
front: 0.958584, 1.1795, 2.5
side: 0, 0, 0
front only
else
else
else
else
front: 0.239559, 0, 2.5
back: 0.718676, 0, 7.5
front back
photon_ene: 661.6 photon_theta: 2.99191 photon_phi: 2.25929
traject_len: 5.0229
pe_len: 22.0919 cs_len: 1.73715
---
front: 0, 0, 2.5
side: 0, 0, 0
front only
else
else
else
front: 1.75084, 0, 2.5
side: 0, 0, 0
front only
else
else
front: 0, 1.75934, 2.5
side: 0, 0, 0
front only
front: 0, 0, 2.5
side: 0, 0, 0
front only
else
else
front: 0, 0, 2.5
side: 0, 0, 0
front only
front: 2.42468, 0, 2.5
side: 0, 0, 0
front only
else
else
front: 0, 1.5384, 2.5
side: 0, 0, 0
front only
front: 0, 1.13054, 2.5
side: 0, 0, 0
front only
else
front: 0.049818, 0.77033, 2.5
back: 0.149454, 2.31099, 7.5
front back
photon_ene: 661.6 photon_theta: 2.8421 photon_phi: 4.64781
traject_len: 5.23293
pe_len: 51.3404 cs_len: 3.04309
---
else
else
front: 0, 0.827807, 2.5
side: 0, 0, 0
front only
front: 0, 0, 2.5
side: 0, 0, 0
front only
else
front: 0, 0, 2.5
side: 0, 0, 0
front only
front: 0.868525, 0, 2.5
side: 0, 0, 0
front only
else
else
front: 0, 0.429466, 2.5
back: 0, 1.2884, 7.5
front back
photon_ene: 661.6 photon_theta: 0.191607 photon_phi: 2.0539
traject_len: 5.07324
pe_len: 33.2826 cs_len: 4.26752
---
front: 0.574535, 0.232565, 2.5
back: 1.7236, 0.697694, 7.5
front back
photon_ene: 661.6 photon_theta: 2.89857 photon_phi: 3.52622
traject_len: 5.15138
pe_len: 49.1987 cs_len: 2.7974
---
else
else
else
front: 1.28502, 1.21461, 2.5
side: 0, 0, 0
front only
else
else
front: 0, 2.10205, 2.5
side: 0, 0, 0
front only
else
else
front: 0, 0.713338, 2.5
side: 0, 0, 0
front only
else
else
else
else
else
front: 2.16118, 0, 2.5
side: 0, 0, 0
front only
else
front: 1.57277, 0, 2.5
side: 0, 0, 0
front only
front: 0, 0, 2.5
side: 0, 0, 0
front only
front: 0, 0, 2.5
side: 0, 0, 0
front only
front: 1.24516, 0, 2.5
side: 0, 0, 0
front only
else
else
else
else
front: 0, 0.688785, 2.5
side: 0, 0, 0
front only
else
else
else
else
else
else
front: 0.749329, 2.35718, 2.5
side: 0, 0, 0
front only
else
else
front: 0, 1.05497, 2.5
side: 0, 0, 0
front only
front: 1.82715, 0, 2.5
side: 0, 0, 0
front only
else
else
front: 1.89672, 1.15863, 2.5
side: 0, 0, 0
front only
else
else
front: 1.22709, 0, 2.5
side: 0, 0, 0
front only
front: 0, 0, 2.5
side: 0, 0, 0
front only
front: 0, 0, 2.5
side: 0, 0, 0
front only
else
else
front: 0, 2.02199, 2.5
side: 0, 0, 0
front only
else
else
front: 0, 0, 2.5
side: 0, 0, 0
front only
front: 0, 0, 2.5
side: 0, 0, 0
front only
else
else
else
else
else
else
else
front: 1.61843, 0, 2.5
side: 0, 0, 0
front only
else
else
else
else
else
else
front: 1.15338, 0.234124, 2.5
side: 0, 0, 0
front only
else
else
else
front: 0.41421, 0, 2.5
back: 1.24263, 0, 7.5
front back
photon_ene: 661.6 photon_theta: 2.92543 photon_phi: 2.42572
traject_len: 5.06816
pe_len: 47.3761 cs_len: 0.362941
---
else
else
else
front: 0, 0, 2.5
side: 0, 0, 0
front only
else
else
front: 1.78778, 0, 2.5
side: 0, 0, 0
front only
else
else
else
else
else
else
front: 0, 0, 2.5
side: 0, 0, 0
front only
else
else
front: 0.607835, 0, 2.5
side: 0, 0, 0
front only
front: 0, 0.672079, 2.5
back: 0, 2.01624, 7.5
front back
photon_ene: 661.6 photon_theta: 0.277786 photon_phi: 1.91083
traject_len: 5.17752
pe_len: 33.5859 cs_len: 5.93153
---
front: 0, 1.47444, 2.5
side: 0, 0, 0
front only
else
front: 0, 1.58414, 2.5
side: 0, 0, 0
front only
else
else
else
else
else
else
else
else
front: 2.31092, 0, 2.5
side: 0, 0, 0
front only
else
front: 0, 0, 2.5
side: 0, 0, 0
front only
else
front: 0, 0, 2.5
side: 0, 0, 0
front only
front: 1.3725, 1.34755, 2.5
side: 0, 0, 0
front only
else
front: 0.54152, 0.172332, 2.5
back: 1.62456, 0.516996, 7.5
front back
photon_ene: 661.6 photon_theta: 2.91808 photon_phi: 3.4497
traject_len: 5.12755
pe_len: 74.0438 cs_len: 3.77173
---
else
else
front: 0.362602, 0.498251, 2.5
back: 1.08781, 1.49475, 7.5
front back
photon_ene: 661.6 photon_theta: 0.241673 photon_phi: 0.941688
traject_len: 5.14965
pe_len: 56.8911 cs_len: 4.97913
---
front: 0, 0, 2.5
side: 0, 0, 0
front only
front: 2.08879, 0.371838, 2.5
side: 0, 0, 0
front only
front: 0, 0.344541, 2.5
side: 0, 0, 0
front only
else
else
else
else
else
else
else
else
else
else
else
else
else
else
else
else
front: 0.424356, 0, 2.5
side: 0, 0, 0
front only
else
else
front: 0.161433, 0, 2.5
side: 0, 0, 0
front only
else
else
else
else
else
front: 0, 0, 2.5
side: 0, 0, 0
front only
front: 1.96585, 0, 2.5
side: 0, 0, 0
front only
front: 0.583416, 0, 2.5
side: 0, 0, 0
front only
else
else
else
else
else
front: 0, 0, 2.5
side: 0, 0, 0
front only
else
else
front: 0.984214, 1.34232, 2.5
side: 0, 0, 0
front only
else
else
front: 0, 0, 2.5
side: 0, 0, 0
front only
front: 0, 0, 2.5
back: 0, 0, 7.5
front back
photon_ene: 661.6 photon_theta: 3.01559 photon_phi: 1.09289
traject_len: 5
pe_len: 11.1443 cs_len: 3.92346
---
else
else
front: 0.0145296, 0, 2.5
side: 0, 0, 0
front only
else
else
front: 0, 0.077361, 2.5
back: 0, 0.232083, 7.5
front back
photon_ene: 661.6 photon_theta: 2.99911 photon_phi: 6.06577
traject_len: 5.00239
pe_len: 118.698 cs_len: 0.127314
---
else
else
else
else
front: 0, 0, 2.5
side: 0, 0, 0
front only
front: 1.18185, 0, 2.5
side: 0, 0, 0
front only
else
else
else
else
else
front: 0, 0, 2.5
back: 0, 0, 7.5
front back
photon_ene: 661.6 photon_theta: 0.289431 photon_phi: 4.28941
traject_len: 5
pe_len: 106.489 cs_len: 0.0540967
---
front: 0, 0.225993, 2.5
side: 0, 0, 0
front only
front: 0.610211, 0.491168, 2.5
back: 1.83063, 1.4735, 7.5
front back
photon_ene: 661.6 photon_theta: 0.303642 photon_phi: 0.677731
traject_len: 5.2397
pe_len: 52.0426 cs_len: 2.4245
---
else
else
else
else
else
else
else
else
else
front: 0.610596, 0, 2.5
side: 0, 0, 0
front only
front: 0.499195, 0, 2.5
side: 0, 0, 0
front only
else
else
else
front: 0, 0.718729, 2.5
side: 0, 0, 0
front only
else
else
else
else
else
else
else
front: 0, 0, 2.5
side: 0, 0, 0
front only
else
else
front: 0, 0.355426, 2.5
side: 0, 0, 0
front only
else
front: 0.766309, 0, 2.5
side: 0, 0, 0
front only
else
else
front: 0, 0, 2.5
side: 0, 0, 0
front only
else
front: 0.0215962, 0.689514, 2.5
back: 0.0647885, 2.06854, 7.5
front back
photon_ene: 661.6 photon_theta: 0.269241 photon_phi: 1.53949
traject_len: 5.18687
pe_len: 7.26397 cs_len: 8.05606
---
front: 0, 0, 2.5
back: 0, 0, 7.5
front back
photon_ene: 661.6 photon_theta: 2.83911 photon_phi: 0.00893594
traject_len: 5
pe_len: 89.8367 cs_len: 3.70511
---
else
else
else
front: 0.137394, 0.526157, 2.5
back: 0.412182, 1.57847, 7.5
front back
photon_ene: 661.6 photon_theta: 0.214183 photon_phi: 1.31537
traject_len: 5.11692
pe_len: 12.201 cs_len: 3.31872
---
front: 0, 1.00164, 2.5
side: 0, 0, 0
front only
else
else
front: 0.290492, 1.41042, 2.5
side: 0, 0, 0
front only
front: 0, 0, 2.5
side: 0, 0, 0
front only
else
else
else
else
else
else
else
else
else
else
else
else
else
front: 0.542542, 0.9904, 2.5
side: 0, 0, 0
front only
else
else
front: 0, 0.297924, 2.5
side: 0, 0, 0
front only
else
front: 0, 0.843587, 2.5
side: 0, 0, 0
front only
else
else
else
else
else
front: 0, 0.375423, 2.5
back: 0, 1.12627, 7.5
front back
photon_ene: 661.6 photon_theta: 2.85198 photon_phi: 5.75504
traject_len: 5.05606
pe_len: 17.7352 cs_len: 1.7953
---
front: 1.66293, 0, 2.5
side: 0, 0, 0
front only
else
front: 0.410455, 0.292754, 2.5
back: 1.23136, 0.878261, 7.5
front back
photon_ene: 661.6 photon_theta: 0.198995 photon_phi: 0.619558
traject_len: 5.10066
pe_len: 6.1534 cs_len: 5.12193
---
else
front: 2.13179, 0.594244, 2.5
side: 0, 0, 0
front only
else
else
else
front: 0.500223, 1.53055, 2.5
side: 0, 0, 0
front only
else
else
front: 0, 0, 2.5
side: 0, 0, 0
front only
else
else
else
else
else
else
else
else
else
front: 0, 1.6128, 2.5
side: 0, 0, 0
front only
else
else
front: 0, 0, 2.5
side: 0, 0, 0
front only
else
else
else
front: 0.658727, 0, 2.5
side: 0, 0, 0
front only
front: 0, 0.602512, 2.5
back: 0, 1.80754, 7.5
front back
photon_ene: 661.6 photon_theta: 0.287428 photon_phi: 2.1884
traject_len: 5.14316
pe_len: 75.81 cs_len: 6.40673
---
front: 0, 0.0529964, 2.5
side: 0, 0, 0
front only
front: 0, 0, 2.5
back: 0, 0, 7.5
front back
photon_ene: 661.6 photon_theta: 0.118944 photon_phi: 4.15943
traject_len: 5
pe_len: 144.742 cs_len: 2.72745
---
else
else
front: 0.777169, 0, 2.5
side: 0, 0, 0
front only
else
else
else
front: 0.131768, 1.26171, 2.5
side: 0, 0, 0
front only
else
else
front: 1.10878, 0, 2.5
side: 0, 0, 0
front only
else
else
else
else
front: 0.887333, 2.2888, 2.5
side: 0, 0, 0
front only
else
front: 0, 0, 2.5
side: 0, 0, 0
front only
front: 0, 0, 2.5
side: 0, 0, 0
front only
front: 1.15098, 0.272466, 2.5
side: 0, 0, 0
front only
else
front: 0, 0, 2.5
back: 0, 0, 7.5
front back
photon_ene: 661.6 photon_theta: 0.256774 photon_phi: 4.31057
traject_len: 5
pe_len: 18.0289 cs_len: 14.0125
---
else
else
else
else
else
else
front: 1.28413, 2.09449, 2.5
side: 0, 0, 0
front only
else
else
else
else
else
front: 1.43124, 0, 2.5
side: 0, 0, 0
front only
else
else
else
else
else
front: 0, 0, 2.5
side: 0, 0, 0
front only
front: 0, 0, 2.5
back: 0, 0, 7.5
front back
photon_ene: 661.6 photon_theta: 2.85021 photon_phi: 0.52792
traject_len: 5
pe_len: 29.4327 cs_len: 6.25313
---
else
front: 0.93215, 1.41461, 2.5
side: 0, 0, 0
front only
else
else
else
else
else
else
front: 1.33806, 0, 2.5
side: 0, 0, 0
front only
else
else
front: 0.890945, 0, 2.5
side: 0, 0, 0
front only
front: 0, 0, 2.5
side: 0, 0, 0
front only
else
front: 0.565896, 0.403481, 2.5
back: 1.69769, 1.21044, 7.5
front back
photon_ene: 661.6 photon_theta: 2.87044 photon_phi: 3.76099
traject_len: 5.18962
pe_len: 29.4298 cs_len: 3.38806
---
front: 0.067944, 0, 2.5
back: 0.203832, 0, 7.5
front back
photon_ene: 661.6 photon_theta: 2.98184 photon_phi: 1.74028
traject_len: 5.00185
pe_len: 40.6708 cs_len: 0.188116
---
else
front: 0, 2.11626, 2.5
side: 0, 0, 0
front only
front: 0, 0, 2.5
side: 0, 0, 0
front only
else
else
else
else
else
else
else
else
else
else
else
else
else
else
front: 0, 0.210834, 2.5
back: 0, 0.632503, 7.5
front back
photon_ene: 661.6 photon_theta: 2.86189 photon_phi: 5.98519
traject_len: 5.01775
pe_len: 72.758 cs_len: 2.66141
---
front: 0, 0.775732, 2.5
side: 0, 0, 0
front only
front: 0, 0, 2.5
side: 0, 0, 0
front only
front: 0, 0, 2.5
back: 0, 0, 7.5
front back
photon_ene: 661.6 photon_theta: 0.0713618 photon_phi: 3.83852
traject_len: 5
pe_len: 14.0604 cs_len: 18.5166
---
else
front: 1.88697, 0.86805, 2.5
side: 0, 0, 0
front only
front: 0, 2.0445, 2.5
side: 0, 0, 0
front only
front: 0.271673, 1.82436, 2.5
side: 0, 0, 0
front only
else
else
else
else
else
else
else
front: 1.47702, 0, 2.5
side: 0, 0, 0
front only
else
else
front: 0.187698, 0, 2.5
back: 0.563094, 0, 7.5
front back
photon_ene: 661.6 photon_theta: 0.0938123 photon_phi: 5.6363
traject_len: 5.01407
pe_len: 6.26977 cs_len: 0.821713
---
else
else
else
else
front: 1.60181, 1.46431, 2.5
side: 0, 0, 0
front only
front: 1.48613, 0, 2.5
side: 0, 0, 0
front only
else
else
front: 0, 0.15972, 2.5
back: 0, 0.47916, 7.5
front back
photon_ene: 661.6 photon_theta: 0.137385 photon_phi: 2.66123
traject_len: 5.01019
pe_len: 22.3303 cs_len: 14.4544
---
else
front: 2.16735, 1.15339, 2.5
side: 0, 0, 0
front only
else
else
else
else
else
else
else
else
front: 0.326838, 0, 2.5
side: 0, 0, 0
front only
front: 0.835167, 0, 2.5
side: 0, 0, 0
front only
front: 0, 0, 2.5
side: 0, 0, 0
front only
else
front: 1.29825, 0, 2.5
side: 0, 0, 0
front only
else
front: 0.747347, 1.83591, 2.5
side: 0, 0, 0
front only
front: 0, 0, 2.5
side: 0, 0, 0
front only
else
else
else
else
else
else
else
else
else
else
front: 0, 0.552372, 2.5
back: 0, 1.65712, 7.5
front back
photon_ene: 661.6 photon_theta: 2.86076 photon_phi: 5.41065
traject_len: 5.12059
pe_len: 84.1106 cs_len: 0.654591
---
else
else
else
else
front: 0, 1.3482, 2.5
side: 0, 0, 0
front only
else
front: 0, 0.865761, 2.5
side: 0, 0, 0
front only
else
front: 1.14963, 0, 2.5
side: 0, 0, 0
front only
front: 0, 0, 2.5
side: 0, 0, 0
front only
front: 0, 0, 2.5
side: 0, 0, 0
front only
else
else
else
else
else
else
else
else
else
else
else
else
else
front: 0.244483, 0, 2.5
back: 0.733449, 0, 7.5
front back
photon_ene: 661.6 photon_theta: 0.190622 photon_phi: 5.24385
traject_len: 5.02385
pe_len: 1.76914 cs_len: 1.83836
---
else
else
else
else
else
else
else
else
else
else
else
else
else
else
front: 0.538718, 0.528431, 2.5
back: 1.61615, 1.58529, 7.5
front back
photon_ene: 661.6 photon_theta: 0.293153 photon_phi: 0.775759
traject_len: 5.22282
pe_len: 1.45096 cs_len: 5.16114
---
else
else
front: 0, 0, 2.5
side: 0, 0, 0
front only
else
else
else
else
else
else
front: 1.0134, 0.418944, 2.5
side: 0, 0, 0
front only
else
else
else
else
else
else
else
else
front: 2.02765, 0, 2.5
side: 0, 0, 0
front only
else
else
else
front: 0, 0.0134988, 2.5
side: 0, 0, 0
front only
else
front: 1.00325, 0, 2.5
side: 0, 0, 0
front only
else
else
front: 2.03189, 0.100251, 2.5
side: 0, 0, 0
front only
else
else
front: 0.455054, 0, 2.5
side: 0, 0, 0
front only
front: 0.66241, 0, 2.5
side: 0, 0, 0
front only
else
else
else
else
else
else
else
front: 1.53478, 0, 2.5
side: 0, 0, 0
front only
front: 0, 0, 2.5
side: 0, 0, 0
front only
front: 1.05402, 1.69574, 2.5
side: 0, 0, 0
front only
else
else
else
front: 0.314228, 0.46878, 2.5
back: 0.942683, 1.40634, 7.5
front back
photon_ene: 661.6 photon_theta: 0.22202 photon_phi: 0.980276
traject_len: 5.12581
pe_len: 0.423839 cs_len: 0.27778
---
else
front: 0, 1.24523, 2.5
side: 0, 0, 0
front only
else
front: 0, 0.134576, 2.5
back: 0, 0.403729, 7.5
front back
photon_ene: 661.6 photon_theta: 2.91562 photon_phi: 6.04684
traject_len: 5.00724
pe_len: 2.36159 cs_len: 0.28129
---
front: 0.867697, 0.604043, 2.5
side: 0, 0, 0
front only
else
else
else
else
else
else
else
front: 0, 0, 2.5
side: 0, 0, 0
front only
else
front: 2.19206, 0, 2.5
side: 0, 0, 0
front only
else
else
else
front: 0, 0.164083, 2.5
side: 0, 0, 0
front only
else
else
else
else
else
else
front: 0, 0, 2.5
side: 0, 0, 0
front only
front: 0, 0.337318, 2.5
back: 0, 1.01195, 7.5
front back
photon_ene: 661.6 photon_theta: 0.180128 photon_phi: 2.30712
traject_len: 5.04531
pe_len: 3.55292 cs_len: 3.27935
---
front: 0, 0, 2.5
side: 0, 0, 0
front only
else
else
else
else
else
front: 0.291252, 0, 2.5
back: 0.873757, 0, 7.5
front back
photon_ene: 661.6 photon_theta: 3.023 photon_phi: 2.93038
traject_len: 5.03382
pe_len: 2.37904 cs_len: 1.67367
---
else
front: 1.28525, 0, 2.5
side: 0, 0, 0
front only
front: 0.166409, 0, 2.5
back: 0.499228, 0, 7.5
front back
photon_ene: 661.6 photon_theta: 3.0704 photon_phi: 2.77463
traject_len: 5.01106
pe_len: 6.8298 cs_len: 3.77877
---
else
else
else
else
else
else
front: 1.09983, 0, 2.5
side: 0, 0, 0
front only
else
front: 1.26447, 0.964792, 2.5
side: 0, 0, 0
front only
front: 0.362156, 0, 2.5
back: 1.08647, 0, 7.5
front back
photon_ene: 661.6 photon_theta: 2.85595 photon_phi: 2.08666
traject_len: 5.05219
pe_len: 97.7671 cs_len: 5.92778
---
else
else
front: 0, 0, 2.5
side: 0, 0, 0
front only
front: 0, 1.11768, 2.5
side: 0, 0, 0
front only
else
else
else
front: 0, 0, 2.5
side: 0, 0, 0
front only
else
else
front: 0.846716, 1.20457, 2.5
side: 0, 0, 0
front only
else
else
else
front: 0, 2.12997, 2.5
side: 0, 0, 0
front only
else
front: 1.04046, 0, 2.5
side: 0, 0, 0
front only
else
front: 1.16305, 0, 2.5
side: 0, 0, 0
front only
else
else
else
else
else
else
else
front: 0, 0, 2.5
side: 0, 0, 0
front only
else
else
else
front: 0.397747, 0.23052, 2.5
back: 1.19324, 0.69156, 7.5
front back
photon_ene: 661.6 photon_theta: 0.181856 photon_phi: 0.525258
traject_len: 5.08383
pe_len: 8.9094 cs_len: 10.4406
---
front: 0, 0, 2.5
side: 0, 0, 0
front only
else
front: 1.15923, 0, 2.5
side: 0, 0, 0
front only
front: 0.603171, 0, 2.5
side: 0, 0, 0
front only
else
front: 1.25034, 0, 2.5
side: 0, 0, 0
front only
else
front: 0, 0, 2.5
side: 0, 0, 0
front only
else
else
front: 0, 0, 2.5
back: 0, 0, 7.5
front back
photon_ene: 661.6 photon_theta: 0.126774 photon_phi: 3.22875
traject_len: 5
pe_len: 4.42312 cs_len: 1.1417
---
front: 0, 0, 2.5
side: 0, 0, 0
front only
else
front: 0, 0.109242, 2.5
back: 0, 0.327726, 7.5
front back
photon_ene: 661.6 photon_theta: 2.9052 photon_phi: 6.10078
traject_len: 5.00477
pe_len: 14.3915 cs_len: 4.50115
---
else
else
front: 1.15688, 0, 2.5
side: 0, 0, 0
front only
front: 0.383932, 0, 2.5
back: 1.1518, 0, 7.5
front back
photon_ene: 661.6 photon_theta: 0.152513 photon_phi: 6.24153
traject_len: 5.05862
pe_len: 5.57845 cs_len: 0.373873
---
else
else
else
front: 0.904407, 0, 2.5
side: 0, 0, 0
front only
front: 0, 2.0566, 2.5
side: 0, 0, 0
front only
else
front: 0.0266946, 0, 2.5
back: 0.0800838, 0, 7.5
front back
photon_ene: 661.6 photon_theta: 0.280469 photon_phi: 4.74947
traject_len: 5.00029
pe_len: 43.7487 cs_len: 9.1258
---
else
else
else
else
front: 1.46757, 1.23328, 2.5
side: 0, 0, 0
front only
else
front: 1.50233, 1.65913, 2.5
side: 0, 0, 0
front only
else
front: 0, 1.71952, 2.5
side: 0, 0, 0
front only
else
else
else
else
else
else
front: 0, 0.869105, 2.5
side: 0, 0, 0
front only
else
else
front: 0.765028, 0, 2.5
side: 0, 0, 0
front only
else
else
else
else
else
else
front: 0.895454, 1.48422, 2.5
side: 0, 0, 0
front only
else
front: 0.783535, 0, 2.5
side: 0, 0, 0
front only
else
front: 0, 0, 2.5
side: 0, 0, 0
front only
else
front: 0, 0.602283, 2.5
side: 0, 0, 0
front only
else
else
else
else
else
front: 0, 0, 2.5
side: 0, 0, 0
front only
else
else
front: 0.417343, 1.94451, 2.5
side: 0, 0, 0
front only
else
else
front: 0, 0, 2.5
side: 0, 0, 0
front only
else
else
front: 1.44127, 0, 2.5
side: 0, 0, 0
front only
front: 0.64507, 1.90199, 2.5
side: 0, 0, 0
front only
else
else
front: 1.17494, 0, 2.5
side: 0, 0, 0
front only
front: 0, 1.46632, 2.5
side: 0, 0, 0
front only
else
else
else
front: 0.71604, 0, 2.5
back: 2.14812, 0, 7.5
front back
photon_ene: 661.6 photon_theta: 0.300096 photon_phi: 5.89499
traject_len: 5.20104
pe_len: 43.1307 cs_len: 14.5511
---
else
front: 0, 0, 2.5
side: 0, 0, 0
front only
else
front: 0, 0.689397, 2.5
side: 0, 0, 0
front only
else
else
else
else
else
front: 0, 0, 2.5
side: 0, 0, 0
front only
else
else
front: 0, 0.314826, 2.5
back: 0, 0.944477, 7.5
front back
photon_ene: 661.6 photon_theta: 0.228721 photon_phi: 2.57003
traject_len: 5.03949
pe_len: 50.7461 cs_len: 3.56979
---
else
else
else
else
else
front: 0, 0, 2.5
back: 0, 0, 7.5
front back
photon_ene: 661.6 photon_theta: 0.193296 photon_phi: 4.096
traject_len: 5
pe_len: 27.271 cs_len: 9.70576
---
else
front: 0, 0, 2.5
back: 0, 0, 7.5
front back
photon_ene: 661.6 photon_theta: 2.86637 photon_phi: 1.32484
traject_len: 5
pe_len: 7.40339 cs_len: 1.82587
---
front: 1.35676, 0.989991, 2.5
side: 0, 0, 0
front only
else
else
else
else
front: 0, 0, 2.5
back: 0, 0, 7.5
front back
photon_ene: 661.6 photon_theta: 0.173559 photon_phi: 3.88946
traject_len: 5
pe_len: 89.066 cs_len: 1.54812
---
else
front: 0, 0.216189, 2.5
side: 0, 0, 0
front only
front: 0, 1.11028, 2.5
side: 0, 0, 0
front only
front: 0, 0, 2.5
side: 0, 0, 0
front only
else
else
else
front: 1.86808, 0, 2.5
side: 0, 0, 0
front only
else
else
else
else
else
front: 0, 0.79404, 2.5
side: 0, 0, 0
front only
else
else
else
else
else
else
front: 0, 0.990296, 2.5
side: 0, 0, 0
front only
else
else
else
front: 0, 0.633179, 2.5
back: 0, 1.89954, 7.5
front back
photon_ene: 661.6 photon_theta: 0.248173 photon_phi: 1.60222
traject_len: 5.15787
pe_len: 59.0952 cs_len: 2.29603
---
else
else
else
front: 0, 0, 2.5
side: 0, 0, 0
front only
else
front: 1.83104, 1.37209, 2.5
side: 0, 0, 0
front only
else
else
front: 0.535579, 1.43069, 2.5
side: 0, 0, 0
front only
front: 0.290216, 0.0620399, 2.5
back: 0.870647, 0.18612, 7.5
front back
photon_ene: 661.6 photon_theta: 3.02344 photon_phi: 3.35219
traject_len: 5.03511
pe_len: 11.9351 cs_len: 11.829
---
front: 0.122682, 0, 2.5
side: 0, 0, 0
front only
else
else
else
else
else
else
else
front: 0, 0.00605555, 2.5
side: 0, 0, 0
front only
else
front: 1.07749, 0.125526, 2.5
side: 0, 0, 0
front only
front: 0.213356, 0, 2.5
side: 0, 0, 0
front only
else
front: 1.2613, 0.930963, 2.5
side: 0, 0, 0
front only
else
else
else
else
front: 1.14989, 0.427538, 2.5
side: 0, 0, 0
front only
else
else
else
else
front: 0.399469, 0.152209, 2.5
back: 1.19841, 0.456626, 7.5
front back
photon_ene: 661.6 photon_theta: 0.169356 photon_phi: 0.364045
traject_len: 5.07257
pe_len: 145.058 cs_len: 4.06369
---
else
front: 0, 0.319335, 2.5
side: 0, 0, 0
front only
else
front: 1.78875, 0, 2.5
side: 0, 0, 0
front only
front: 0, 0, 2.5
side: 0, 0, 0
front only
front: 0, 0, 2.5
side: 0, 0, 0
front only
else
else
else
else
else
else
else
front: 1.05653, 0, 2.5
side: 0, 0, 0
front only
else
else
else
front: 0, 0, 2.5
side: 0, 0, 0
front only
else
front: 0.916698, 0.0900927, 2.5
side: 0, 0, 0
front only
front: 1.97363, 0.805302, 2.5
side: 0, 0, 0
front only
front: 0, 0, 2.5
side: 0, 0, 0
front only
else
else
front: 1.14702, 0, 2.5
side: 0, 0, 0
front only
front: 1.18813, 0, 2.5
side: 0, 0, 0
front only
else
else
else
else
else
else
front: 1.29045, 0, 2.5
side: 0, 0, 0
front only
else
else
front: 1.31744, 0, 2.5
side: 0, 0, 0
front only
front: 0, 1.61987, 2.5
side: 0, 0, 0
front only
else
else
else
else
front: 2.06261, 0, 2.5
side: 0, 0, 0
front only
front: 0, 0.00773361, 2.5
back: 0, 0.0232008, 7.5
front back
photon_ene: 661.6 photon_theta: 0.0426482 photon_phi: 3.06904
traject_len: 5.00002
pe_len: 12.5248 cs_len: 5.24063
---
front: 1.27233, 0, 2.5
side: 0, 0, 0
front only
else
else
else
else
front: 0, 0, 2.5
side: 0, 0, 0
front only
front: 0.150782, 1.1114, 2.5
side: 0, 0, 0
front only
else
else
else
else
else
front: 0, 1.4239, 2.5
side: 0, 0, 0
front only
else
else
else
else
else
front: 2.21464, 0, 2.5
side: 0, 0, 0
front only
else
else
else
front: 0, 0, 2.5
side: 0, 0, 0
front only
else
front: 0, 0, 2.5
side: 0, 0, 0
front only
front: 0, 0.00915419, 2.5
side: 0, 0, 0
front only
front: 0, 1.65027, 2.5
side: 0, 0, 0
front only
else
else
else
else
else
front: 0.273606, 2.02187, 2.5
side: 0, 0, 0
front only
else
front: 1.44726, 1.28231, 2.5
side: 0, 0, 0
front only
else
else
else
else
else
front: 0.390045, 0, 2.5
side: 0, 0, 0
front only
else
else
else
else
front: 1.25733, 0.962953, 2.5
side: 0, 0, 0
front only
else
else
else
else
else
else
else
else
else
else
front: 0.911162, 0, 2.5
side: 0, 0, 0
front only
else
else
else
else
else
front: 0, 0, 2.5
side: 0, 0, 0
front only
front: 0.572568, 1.42372, 2.5
side: 0, 0, 0
front only
else
front: 0, 0.550695, 2.5
side: 0, 0, 0
front only
front: 0, 0, 2.5
side: 0, 0, 0
front only
front: 0.357073, 0, 2.5
side: 0, 0, 0
front only
else
else
else
front: 0, 0, 2.5
side: 0, 0, 0
front only
else
else
else
front: 0, 0, 2.5
back: 0, 0, 7.5
front back
photon_ene: 661.6 photon_theta: 0.159321 photon_phi: 4.70055
traject_len: 5
pe_len: 0.496956 cs_len: 5.026
---
front: 1.03795, 0.845301, 2.5
side: 0, 0, 0
front only
else
else
else
else
else
else
else
front: 0, 0.411421, 2.5
back: 0, 1.23426, 7.5
front back
photon_ene: 661.6 photon_theta: 2.84928 photon_phi: 5.70457
traject_len: 5.06725
pe_len: 38.2848 cs_len: 4.71644
---
else
else
else
front: 0, 0, 2.5
side: 0, 0, 0
front only
else
front: 0.18551, 0.253388, 2.5
back: 0.556531, 0.760164, 7.5
front back
photon_ene: 661.6 photon_theta: 3.01663 photon_phi: 4.08043
traject_len: 5.03929
pe_len: 67.7867 cs_len: 5.12313
---
else
front: 1.26594, 0.456651, 2.5
side: 0, 0, 0
front only
front: 0, 0.177693, 2.5
back: 0, 0.53308, 7.5
front back
photon_ene: 661.6 photon_theta: 0.123482 photon_phi: 2.53182
traject_len: 5.01261
pe_len: 3.96183 cs_len: 3.47473
---
else
else
else
else
else
else
else
else
else
front: 0.64543, 0, 2.5
back: 1.93629, 0, 7.5
front back
photon_ene: 661.6 photon_theta: 2.86446 photon_phi: 2.70833
traject_len: 5.16394
pe_len: 12.2049 cs_len: 0.186313
---
else
else
else
front: 1.49161, 0, 2.5
side: 0, 0, 0
front only
else
else
else
else
else
else
front: 0, 0, 2.5
back: 0, 0, 7.5
front back
photon_ene: 661.6 photon_theta: 0.288616 photon_phi: 4.25169
traject_len: 5
pe_len: 34.0954 cs_len: 1.61922
---
front: 0.931237, 1.36311, 2.5
side: 0, 0, 0
front only
else
front: 0, 0, 2.5
side: 0, 0, 0
front only
else
front: 0, 0, 2.5
back: 0, 0, 7.5
front back
photon_ene: 661.6 photon_theta: 2.83046 photon_phi: 1.14538
traject_len: 5
pe_len: 25.0788 cs_len: 9.61447
---
else
else
else
else
else
else
else
else
else
else
else
front: 0, 0, 2.5
side: 0, 0, 0
front only
front: 2.18213, 0, 2.5
side: 0, 0, 0
front only
else
front: 2.04984, 0, 2.5
side: 0, 0, 0
front only
else
front: 0, 0.623105, 2.5
side: 0, 0, 0
front only
front: 0, 0, 2.5
back: 0, 0, 7.5
front back
photon_ene: 661.6 photon_theta: 2.95428 photon_phi: 0.900622
traject_len: 5
pe_len: 33.3766 cs_len: 0.18381
---
else
else
else
else
else
else
else
front: 1.33521, 1.2438, 2.5
side: 0, 0, 0
front only
front: 0, 0, 2.5
side: 0, 0, 0
front only
front: 0.840478, 0, 2.5
side: 0, 0, 0
front only
else
else
else
front: 1.83462, 0, 2.5
side: 0, 0, 0
front only
else
else
else
else
else
else
front: 0.952186, 0.840714, 2.5
side: 0, 0, 0
front only
else
else
front: 0, 0, 2.5
side: 0, 0, 0
front only
else
else
else
else
else
else
else
front: 0, 0, 2.5
side: 0, 0, 0
front only
else
else
front: 0, 1.3759, 2.5
side: 0, 0, 0
front only
else
else
else
else
front: 1.14791, 0, 2.5
side: 0, 0, 0
front only
front: 0.625257, 0, 2.5
side: 0, 0, 0
front only
front: 2.36407, 0.193779, 2.5
side: 0, 0, 0
front only
else
front: 0, 0, 2.5
side: 0, 0, 0
front only
else
else
else
front: 0, 0, 2.5
side: 0, 0, 0
front only
front: 0, 0.936237, 2.5
side: 0, 0, 0
front only
else
else
else
else
else
else
else
else
else
else
else
else
else
front: 0.608954, 0.438503, 2.5
back: 1.82686, 1.31551, 7.5
front back
photon_ene: 661.6 photon_theta: 0.291606 photon_phi: 0.624085
traject_len: 5.22039
pe_len: 80.6302 cs_len: 4.11319
---
front: 0, 0, 2.5
back: 0, 0, 7.5
front back
photon_ene: 661.6 photon_theta: 2.85928 photon_phi: 0.986812
traject_len: 5
pe_len: 0.789455 cs_len: 5.54247
---
else
else
front: 0, 0, 2.5
side: 0, 0, 0
front only
else
else
else
else
else
front: 0.982116, 1.25794, 2.5
side: 0, 0, 0
front only
else
else
else
else
front: 0.393249, 1.19902, 2.5
side: 0, 0, 0
front only
else
front: 0, 1.28541, 2.5
side: 0, 0, 0
front only
else
else
else
front: 1.31535, 0.0789496, 2.5
side: 0, 0, 0
front only
else
front: 1.12, 0, 2.5
side: 0, 0, 0
front only
else
else
front: 0.993505, 0.800942, 2.5
side: 0, 0, 0
front only
else
front: 0, 0, 2.5
side: 0, 0, 0
front only
else
else
else
else
else
else
else
else
else
front: 0.360645, 1.56569, 2.5
side: 0, 0, 0
front only
else
else
else
else
else
else
front: 0, 0, 2.5
back: 0, 0, 7.5
front back
photon_ene: 661.6 photon_theta: 2.95078 photon_phi: 0.550483
traject_len: 5
pe_len: 1.66462 cs_len: 12.6816
---
front: 1.62788, 0, 2.5
side: 0, 0, 0
front only
else
else
else
front: 1.43918, 0, 2.5
side: 0, 0, 0
front only
else
front: 1.00609, 1.25242, 2.5
side: 0, 0, 0
front only
else
else
else
else
else
front: 0, 2.07443, 2.5
side: 0, 0, 0
front only
else
else
else
front: 0, 0, 2.5
side: 0, 0, 0
front only
else
else
front: 1.16732, 0, 2.5
side: 0, 0, 0
front only
front: 0, 0.907834, 2.5
side: 0, 0, 0
front only
else
else
else
else
else
else
else
else
else
else
else
else
front: 0.0879344, 0, 2.5
side: 0, 0, 0
front only
else
else
else
front: 0.244318, 1.25543, 2.5
side: 0, 0, 0
front only
front: 0, 0, 2.5
side: 0, 0, 0
front only
else
else
front: 1.70377, 0.500128, 2.5
side: 0, 0, 0
front only
else
else
front: 0.866111, 0.994929, 2.5
side: 0, 0, 0
front only
else
front: 0.417021, 1.05568, 2.5
side: 0, 0, 0
front only
front: 0, 0, 2.5
side: 0, 0, 0
front only
front: 0.772327, 0.279888, 2.5
back: 2.31698, 0.839664, 7.5
front back
photon_ene: 661.6 photon_theta: 0.317477 photon_phi: 0.347675
traject_len: 5.26301
pe_len: 80.2877 cs_len: 2.89046
---
else
else
else
else
else
front: 1.2157, 0.782989, 2.5
side: 0, 0, 0
front only
else
else
else
else
else
else
else
else
front: 2.0371, 1.18959, 2.5
side: 0, 0, 0
front only
else
else
else
front: 0, 0.864179, 2.5
side: 0, 0, 0
front only
else
front: 0, 2.42191, 2.5
side: 0, 0, 0
front only
else
front: 0.117322, 0, 2.5
side: 0, 0, 0
front only
else
else
front: 1.95964, 0, 2.5
side: 0, 0, 0
front only
else
front: 1.10061, 0, 2.5
side: 0, 0, 0
front only
else
else
front: 0, 0.653815, 2.5
side: 0, 0, 0
front only
else
else
front: 0.589065, 0.0755575, 2.5
back: 1.7672, 0.226673, 7.5
front back
photon_ene: 661.6 photon_theta: 0.233233 photon_phi: 0.12757
traject_len: 5.13915
pe_len: 54.1269 cs_len: 4.46238
---
front: 0.757223, 0, 2.5
side: 0, 0, 0
front only
else
front: 0.769274, 1.87862, 2.5
side: 0, 0, 0
front only
else
else
front: 0, 0.947083, 2.5
side: 0, 0, 0
front only
front: 0.59303, 0.52602, 2.5
back: 1.77909, 1.57806, 7.5
front back
photon_ene: 661.6 photon_theta: 0.307054 photon_phi: 0.725589
traject_len: 5.24533
pe_len: 37.7194 cs_len: 2.68842
---
else
else
else
front: 1.81374, 1.23827, 2.5
side: 0, 0, 0
front only
front: 0.629849, 0.886752, 2.5
side: 0, 0, 0
front only
else
else
else
else
front: 0, 0, 2.5
back: 0, 0, 7.5
front back
photon_ene: 661.6 photon_theta: 2.83811 photon_phi: 0.288191
traject_len: 5
pe_len: 38.7982 cs_len: 8.10044
---
else
else
else
else
else
else
front: 0, 0, 2.5
side: 0, 0, 0
front only
else
else
else
else
else
else
else
else
else
front: 0, 1.40854, 2.5
side: 0, 0, 0
front only
front: 0.642123, 0, 2.5
side: 0, 0, 0
front only
front: 0, 0, 2.5
side: 0, 0, 0
front only
else
else
else
front: 0, 0, 2.5
side: 0, 0, 0
front only
else
else
else
front: 0, 2.37009, 2.5
side: 0, 0, 0
front only
else
front: 0, 0, 2.5
side: 0, 0, 0
front only
else
front: 2.10665, 0, 2.5
side: 0, 0, 0
front only
else
front: 0.905217, 0, 2.5
side: 0, 0, 0
front only
front: 1.35234, 1.09279, 2.5
side: 0, 0, 0
front only
else
else
front: 0, 0, 2.5
side: 0, 0, 0
front only
else
front: 0, 0.0871592, 2.5
back: 0, 0.261478, 7.5
front back
photon_ene: 661.6 photon_theta: 0.127083 photon_phi: 2.86523
traject_len: 5.00304
pe_len: 30.6994 cs_len: 0.19074
---
else
else
else
front: 0.362579, 0, 2.5
back: 1.08774, 0, 7.5
front back
photon_ene: 661.6 photon_theta: 2.92798 photon_phi: 2.30311
traject_len: 5.05231
pe_len: 6.46083 cs_len: 5.74815
---
else
else
else
front: 1.36939, 1.87221, 2.5
side: 0, 0, 0
front only
else
else
else
front: 1.6111, 0, 2.5
side: 0, 0, 0
front only
else
else
else
else
front: 0.406864, 0.0734313, 2.5
back: 1.22059, 0.220294, 7.5
front back
photon_ene: 661.6 photon_theta: 2.9777 photon_phi: 3.32015
traject_len: 5.06791
pe_len: 52.6189 cs_len: 0.00157342
---
front: 1.09023, 0.710366, 2.5
side: 0, 0, 0
front only
else
else
else
else
else
front: 0.720627, 0, 2.5
side: 0, 0, 0
front only
front: 1.20031, 1.90903, 2.5
side: 0, 0, 0
front only
front: 0, 0.266071, 2.5
back: 0, 0.798213, 7.5
front back
photon_ene: 661.6 photon_theta: 0.258856 photon_phi: 2.72798
traject_len: 5.02824
pe_len: 0.621267 cs_len: 12.8337
---
front: 0, 0, 2.5
side: 0, 0, 0
front only
else
else
else
else
else
front: 0, 0, 2.5
side: 0, 0, 0
front only
else
else
front: 1.92074, 0, 2.5
side: 0, 0, 0
front only
else
front: 0, 0, 2.5
side: 0, 0, 0
front only
else
else
front: 0.573257, 0, 2.5
side: 0, 0, 0
front only
front: 1.97258, 0, 2.5
side: 0, 0, 0
front only
else
front: 0, 0, 2.5
side: 0, 0, 0
front only
else
else
front: 0.995078, 0.0288144, 2.5
side: 0, 0, 0
front only
else
else
front: 0, 0.0859004, 2.5
side: 0, 0, 0
front only
front: 0, 0, 2.5
side: 0, 0, 0
front only
front: 0, 0.178653, 2.5
side: 0, 0, 0
front only
else
else
else
front: 1.84037, 0.514838, 2.5
side: 0, 0, 0
front only
else
else
else
else
else
front: 2.1107, 0, 2.5
side: 0, 0, 0
front only
else
else
else
else
else
else
else
else
else
front: 0.330806, 0, 2.5
back: 0.992419, 0, 7.5
front back
photon_ene: 661.6 photon_theta: 0.266543 photon_phi: 5.21833
traject_len: 5.04358
pe_len: 10.1234 cs_len: 0.59441
---
else
front: 0, 0, 2.5
side: 0, 0, 0
front only
else
else
else
front: 0.587783, 1.3949, 2.5
side: 0, 0, 0
front only
else
else
else
else
else
else
front: 0.21943, 0, 2.5
back: 0.658289, 0, 7.5
front back
photon_ene: 661.6 photon_theta: 0.213808 photon_phi: 5.12854
traject_len: 5.01922
pe_len: 11.4767 cs_len: 6.47074
---
else
else
else
else
else
else
front: 2.15747, 0, 2.5
side: 0, 0, 0
front only
else
else
else
front: 0, 0.327971, 2.5
side: 0, 0, 0
front only
front: 1.15351, 0, 2.5
side: 0, 0, 0
front only
else
front: 0, 0.443209, 2.5
side: 0, 0, 0
front only
else
else
else
front: 0, 0, 2.5
side: 0, 0, 0
front only
else
front: 0, 0, 2.5
side: 0, 0, 0
front only
else
front: 0.0113793, 0.788094, 2.5
back: 0.034138, 2.36428, 7.5
front back
photon_ene: 661.6 photon_theta: 2.83619 photon_phi: 4.69795
traject_len: 5.2426
pe_len: 15.3471 cs_len: 0.301012
---
else
else
else
else
else
front: 0.354655, 0, 2.5
side: 0, 0, 0
front only
front: 0.53399, 0, 2.5
back: 1.60197, 0, 7.5
front back
photon_ene: 661.6 photon_theta: 2.87057 photon_phi: 2.44762
traject_len: 5.11279
pe_len: 63.3045 cs_len: 0.296868
---
else
front: 0, 0, 2.5
side: 0, 0, 0
front only
front: 0.250891, 0.978999, 2.5
side: 0, 0, 0
front only
else
else
else
else
else
else
else
front: 0.772782, 0, 2.5
side: 0, 0, 0
front only
else
front: 0, 0.256245, 2.5
side: 0, 0, 0
front only
else
else
else
else
front: 0, 0.112805, 2.5
side: 0, 0, 0
front only
else
front: 0, 0.957175, 2.5
side: 0, 0, 0
front only
else
front: 0, 0, 2.5
side: 0, 0, 0
front only
else
else
else
front: 1.65257, 1.34845, 2.5
side: 0, 0, 0
front only
else
front: 0, 0, 2.5
side: 0, 0, 0
front only
front: 0.620408, 0.615897, 2.5
side: 0, 0, 0
front only
else
else
front: 0, 0.472431, 2.5
back: 0, 1.41729, 7.5
front back
photon_ene: 661.6 photon_theta: 0.187939 photon_phi: 1.6837
traject_len: 5.08849
pe_len: 28.4885 cs_len: 3.62942
---
else
else
else
else
else
else
front: 0, 0.662911, 2.5
side: 0, 0, 0
front only
else
else
else
else
front: 1.0415, 0, 2.5
side: 0, 0, 0
front only
else
front: 0, 0.117375, 2.5
side: 0, 0, 0
front only
else
else
else
else
else
else
else
front: 0.394298, 1.112, 2.5
side: 0, 0, 0
front only
else
else
front: 0, 1.33815, 2.5
side: 0, 0, 0
front only
else
else
front: 1.50693, 0, 2.5
side: 0, 0, 0
front only
else
front: 0, 0.831195, 2.5
side: 0, 0, 0
front only
else
front: 0.869926, 0.0848563, 2.5
side: 0, 0, 0
front only
else
front: 1.21739, 0, 2.5
side: 0, 0, 0
front only
front: 0.930616, 0, 2.5
side: 0, 0, 0
front only
else
front: 0, 0, 2.5
side: 0, 0, 0
front only
else
front: 0, 0.589286, 2.5
side: 0, 0, 0
front only
else
else
else
else
front: 0, 0, 2.5
side: 0, 0, 0
front only
else
else
else
else
else
else
front: 1.12172, 0, 2.5
side: 0, 0, 0
front only
front: 1.36013, 0.215738, 2.5
side: 0, 0, 0
front only
front: 1.02031, 0.235283, 2.5
side: 0, 0, 0
front only
else
else
else
else
else
front: 0.267853, 0, 2.5
side: 0, 0, 0
front only
front: 1.15806, 0, 2.5
side: 0, 0, 0
front only
front: 0.488267, 0, 2.5
back: 1.4648, 0, 7.5
front back
photon_ene: 661.6 photon_theta: 2.87803 photon_phi: 2.38008
traject_len: 5.09447
pe_len: 4.293 cs_len: 2.12821
---
front: 1.22174, 0.0899037, 2.5
side: 0, 0, 0
front only
else
else
else
else
else
else
front: 0.338855, 1.80985, 2.5
side: 0, 0, 0
front only
front: 0.0300915, 0, 2.5
back: 0.0902744, 0, 7.5
front back
photon_ene: 661.6 photon_theta: 3.1076 photon_phi: 1.9326
traject_len: 5.00036
pe_len: 5.28606 cs_len: 7.41002
---
else
else
else
front: 0, 0, 2.5
side: 0, 0, 0
front only
else
else
else
else
front: 0, 0.343886, 2.5
back: 0, 1.03166, 7.5
front back
photon_ene: 661.6 photon_theta: 0.311366 photon_phi: 2.69997
traject_len: 5.04708
pe_len: 75.5616 cs_len: 0.0701208
---
else
else
else
front: 0.814675, 0, 2.5
back: 2.44403, 0, 7.5
front back
photon_ene: 661.6 photon_theta: 0.31985 photon_phi: 6.10316
traject_len: 5.25878
pe_len: 51.0949 cs_len: 0.765351
---
else
else
else
front: 1.88682, 0, 2.5
side: 0, 0, 0
front only
else
else
else
front: 0, 1.50649, 2.5
side: 0, 0, 0
front only
else
else
else
else
else
else
else
else
else
else
else
else
else
front: 0.586129, 1.02087, 2.5
side: 0, 0, 0
front only
else
front: 0, 0.00843231, 2.5
side: 0, 0, 0
front only
else
else
front: 0, 1.19427, 2.5
side: 0, 0, 0
front only
else
else
front: 2.43909, 0, 2.5
side: 0, 0, 0
front only
else
else
else
else
else
else
else
front: 0.674517, 0, 2.5
back: 2.02355, 0, 7.5
front back
photon_ene: 661.6 photon_theta: 0.318203 photon_phi: 5.67222
traject_len: 5.17879
pe_len: 4.37223 cs_len: 4.99741
---
else
else
else
else
else
else
else
front: 0, 0.447425, 2.5
back: 0, 1.34228, 7.5
front back
photon_ene: 661.6 photon_theta: 2.84061 photon_phi: 5.66868
traject_len: 5.07944
pe_len: 13.991 cs_len: 1.64227
---
else
else
else
else
else
else
front: 0, 0, 2.5
back: 0, 0, 7.5
front back
photon_ene: 661.6 photon_theta: 2.86282 photon_phi: 0.444889
traject_len: 5
pe_len: 16.2272 cs_len: 3.53244
---
else
front: 0, 0, 2.5
side: 0, 0, 0
front only
front: 0.45048, 0, 2.5
side: 0, 0, 0
front only
else
front: 0, 1.50656, 2.5
side: 0, 0, 0
front only
else
front: 0.469336, 0, 2.5
back: 1.40801, 0, 7.5
front back
photon_ene: 661.6 photon_theta: 2.95208 photon_phi: 2.93492
traject_len: 5.08735
pe_len: 83.9193 cs_len: 2.4152
---
front: 0, 0.16689, 2.5
back: 0, 0.50067, 7.5
front back
photon_ene: 661.6 photon_theta: 2.97103 photon_phi: 5.88518
traject_len: 5.01113
pe_len: 38.7704 cs_len: 1.69899
---
else
else
else
else
front: 0, 0, 2.5
side: 0, 0, 0
front only
front: 0.555226, 1.38336, 2.5
side: 0, 0, 0
front only
front: 0.522199, 0, 2.5
side: 0, 0, 0
front only
else
else
front: 0, 0, 2.5
side: 0, 0, 0
front only
front: 0.961229, 1.58161, 2.5
side: 0, 0, 0
front only
else
else
front: 2.26671, 0.92563, 2.5
side: 0, 0, 0
front only
else
else
front: 0, 0, 2.5
side: 0, 0, 0
front only
else
else
else
front: 0, 0, 2.5
side: 0, 0, 0
front only
else
else
front: 1.10435, 2.09297, 2.5
side: 0, 0, 0
front only
front: 0.465864, 0.261222, 2.5
back: 1.39759, 0.783667, 7.5
front back
photon_ene: 661.6 photon_theta: 2.93112 photon_phi: 3.65263
traject_len: 5.11283
pe_len: 72.0051 cs_len: 4.00877
---
else
front: 0, 0, 2.5
side: 0, 0, 0
front only
else
else
else
else
else
else
else
else
front: 1.32292, 0, 2.5
side: 0, 0, 0
front only
front: 0, 0.199086, 2.5
side: 0, 0, 0
front only
front: 0.575399, 0, 2.5
side: 0, 0, 0
front only
else
front: 0, 0.325594, 2.5
side: 0, 0, 0
front only
else
else
else
else
else
else
else
else
else
else
else
else
else
else
else
else
else
else
else
else
else
else
else
else
else
else
else
else
else
else
else
else
front: 0, 0, 2.5
side: 0, 0, 0
front only
else
front: 0, 0, 2.5
side: 0, 0, 0
front only
else
else
else
else
else
else
else
else
front: 1.26201, 0, 2.5
side: 0, 0, 0
front only
else
else
front: 1.05812, 0, 2.5
side: 0, 0, 0
front only
else
else
front: 0, 0.313647, 2.5
back: 0, 0.94094, 7.5
front back
photon_ene: 661.6 photon_theta: 0.209075 photon_phi: 2.50893
traject_len: 5.0392
pe_len: 66.4662 cs_len: 5.30573
---
else
else
front: 1.80299, 0, 2.5
side: 0, 0, 0
front only
else
else
else
else
else
front: 1.6156, 0.69027, 2.5
side: 0, 0, 0
front only
else
else
front: 0.428627, 2.15862, 2.5
side: 0, 0, 0
front only
else
front: 1.73603, 1.07903, 2.5
side: 0, 0, 0
front only
else
else
else
else
else
front: 0.0805037, 0, 2.5
back: 0.241511, 0, 7.5
front back
photon_ene: 661.6 photon_theta: 3.0332 photon_phi: 1.87121
traject_len: 5.00259
pe_len: 32.8565 cs_len: 0.0162997
---
front: 0, 1.03257, 2.5
side: 0, 0, 0
front only
else
front: 0, 0, 2.5
side: 0, 0, 0
front only
else
else
front: 0.588745, 0, 2.5
side: 0, 0, 0
front only
else
else
else
else
else
front: 0, 0, 2.5
back: 0, 0, 7.5
front back
photon_ene: 661.6 photon_theta: 2.98092 photon_phi: 0.646669
traject_len: 5
pe_len: 10.4793 cs_len: 1.53067
---
front: 0.894969, 0, 2.5
side: 0, 0, 0
front only
else
else
else
front: 0, 0, 2.5
side: 0, 0, 0
front only
else
else
else
else
else
else
else
front: 0, 0.620149, 2.5
side: 0, 0, 0
front only
else
else
else
else
else
else
else
else
else
else
else
else
front: 0.47635, 0.0122105, 2.5
back: 1.42905, 0.0366316, 7.5
front back
photon_ene: 661.6 photon_theta: 2.95325 photon_phi: 3.16722
traject_len: 5.09001
pe_len: 99.8936 cs_len: 0.560643
---
front: 0.274683, 0.785835, 2.5
back: 0.824048, 2.3575, 7.5
front back
photon_ene: 661.6 photon_theta: 2.82016 photon_phi: 4.37612
traject_len: 5.26991
pe_len: 2.01837 cs_len: 5.14634
---
else
front: 2.03721, 0.565712, 2.5
side: 0, 0, 0
front only
else
front: 2.14124, 0.952459, 2.5
side: 0, 0, 0
front only
else
else
else
else
else
else
else
else
else
front: 0, 0, 2.5
side: 0, 0, 0
front only
else
else
front: 1.01512, 0.642527, 2.5
side: 0, 0, 0
front only
else
else
else
front: 0.767197, 1.20874, 2.5
side: 0, 0, 0
front only
else
else
else
else
front: 0.496171, 1.44144, 2.5
side: 0, 0, 0
front only
else
front: 1.31863, 1.06478, 2.5
side: 0, 0, 0
front only
front: 0, 0.263057, 2.5
side: 0, 0, 0
front only
front: 1.29438, 1.52524, 2.5
side: 0, 0, 0
front only
else
else
front: 0.469527, 0.414512, 2.5
back: 1.40858, 1.24354, 7.5
front back
photon_ene: 661.6 photon_theta: 2.89612 photon_phi: 3.86484
traject_len: 5.15452
pe_len: 13.7363 cs_len: 3.87814
---
else
else
else
else
front: 0, 0, 2.5
back: 0, 0, 7.5
front back
photon_ene: 661.6 photon_theta: 0.103648 photon_phi: 4.08158
traject_len: 5
pe_len: 85.4958 cs_len: 3.11726
---
front: 0, 0, 2.5
side: 0, 0, 0
front only
else
front: 1.96067, 0, 2.5
side: 0, 0, 0
front only
else
front: 0.0766756, 0.743447, 2.5
back: 0.230027, 2.23034, 7.5
front back
photon_ene: 661.6 photon_theta: 2.85109 photon_phi: 4.60962
traject_len: 5.21866
pe_len: 15.781 cs_len: 1.37323
---
front: 0, 0, 2.5
side: 0, 0, 0
front only
front: 2.29437, 0, 2.5
side: 0, 0, 0
front only
else
front: 0, 0.587676, 2.5
side: 0, 0, 0
front only
else
else
else
front: 1.11304, 0, 2.5
side: 0, 0, 0
front only
front: 0.663207, 0, 2.5
side: 0, 0, 0
front only
front: 0, 0, 2.5
side: 0, 0, 0
front only
front: 0, 0, 2.5
side: 0, 0, 0
front only
else
front: 0.104373, 0, 2.5
side: 0, 0, 0
front only
else
else
else
else
else
front: 0.504495, 1.73101, 2.5
side: 0, 0, 0
front only
front: 0, 0.9664, 2.5
side: 0, 0, 0
front only
else
else
else
else
else
else
else
else
else
front: 0, 0, 2.5
side: 0, 0, 0
front only
front: 0, 0.728908, 2.5
side: 0, 0, 0
front only
else
else
front: 0, 1.26477, 2.5
side: 0, 0, 0
front only
else
else
front: 0, 0, 2.5
side: 0, 0, 0
front only
else
else
else
front: 0, 0.894114, 2.5
side: 0, 0, 0
front only
else
else
front: 0, 0, 2.5
side: 0, 0, 0
front only
else
front: 0.589098, 0, 2.5
side: 0, 0, 0
front only
else
else
front: 1.92423, 1.52315, 2.5
side: 0, 0, 0
front only
front: 0.65178, 0, 2.5
back: 1.95534, 0, 7.5
front back
photon_ene: 661.6 photon_theta: 2.86741 photon_phi: 2.75695
traject_len: 5.16713
pe_len: 18.7706 cs_len: 3.19747
---
front: 0, 0, 2.5
back: 0, 0, 7.5
front back
photon_ene: 661.6 photon_theta: 2.82549 photon_phi: 1.18558
traject_len: 5
pe_len: 0.192979 cs_len: 5.32193
---
else
else
else
front: 0, 0.770227, 2.5
side: 0, 0, 0
front only
front: 0.53328, 0, 2.5
side: 0, 0, 0
front only
else
else
else
else
else
else
else
else
else
else
front: 0, 1.93424, 2.5
side: 0, 0, 0
front only
else
else
front: 0.592807, 0, 2.5
side: 0, 0, 0
front only
else
else
else
front: 1.51682, 0.684368, 2.5
side: 0, 0, 0
front only
else
else
front: 0, 0, 2.5
side: 0, 0, 0
front only
else
front: 0, 0, 2.5
side: 0, 0, 0
front only
front: 0, 0, 2.5
side: 0, 0, 0
front only
else
else
front: 0.800667, 1.36749, 2.5
side: 0, 0, 0
front only
else
else
front: 1.01591, 0, 2.5
side: 0, 0, 0
front only
front: 0.1265, 0, 2.5
back: 0.379501, 0, 7.5
front back
photon_ene: 661.6 photon_theta: 3.02503 photon_phi: 2.01765
traject_len: 5.0064
pe_len: 4.27069 cs_len: 6.08385
---
else
else
else
front: 0.944158, 0.6382, 2.5
side: 0, 0, 0
front only
else
else
front: 0.405342, 0, 2.5
back: 1.21603, 0, 7.5
front back
photon_ene: 661.6 photon_theta: 0.161471 photon_phi: 6.18707
traject_len: 5.06529
pe_len: 7.78112 cs_len: 0.381727
---
else
else
else
else
else
else
else
else
else
else
else
else
else
front: 0, 1.74954, 2.5
side: 0, 0, 0
front only
front: 1.39701, 0.867005, 2.5
side: 0, 0, 0
front only
else
else
else
else
else
else
else
else
front: 1.56755, 0.185036, 2.5
side: 0, 0, 0
front only
front: 1.89437, 0, 2.5
side: 0, 0, 0
front only
else
else
else
else
else
else
else
front: 0, 0, 2.5
back: 0, 0, 7.5
front back
photon_ene: 661.6 photon_theta: 0.290035 photon_phi: 3.86809
traject_len: 5
pe_len: 0.515156 cs_len: 2.06564
---
else
front: 0, 0.211888, 2.5
back: 0, 0.635663, 7.5
front back
photon_ene: 661.6 photon_theta: 2.82989 photon_phi: 6.01701
traject_len: 5.01793
pe_len: 99.2721 cs_len: 0.716604
---
else
front: 0.172673, 0, 2.5
side: 0, 0, 0
front only
front: 0, 0, 2.5
side: 0, 0, 0
front only
else
else
else
else
else
else
else
else
front: 0, 0, 2.5
side: 0, 0, 0
front only
else
else
front: 0.212133, 2.20167, 2.5
side: 0, 0, 0
front only
front: 0, 0, 2.5
side: 0, 0, 0
front only
else
else
front: 0.746714, 0, 2.5
side: 0, 0, 0
front only
else
else
else
else
else
front: 0.182989, 1.97523, 2.5
side: 0, 0, 0
front only
front: 1.10462, 0.164545, 2.5
side: 0, 0, 0
front only
else
else
else
else
else
front: 0.221617, 1.8349, 2.5
side: 0, 0, 0
front only
front: 1.0721, 0, 2.5
side: 0, 0, 0
front only
else
front: 1.8731, 0, 2.5
side: 0, 0, 0
front only
front: 0.719759, 0, 2.5
side: 0, 0, 0
front only
else
front: 0.313305, 0, 2.5
side: 0, 0, 0
front only
front: 0, 0, 2.5
side: 0, 0, 0
front only
else
else
else
else
front: 0, 1.8903, 2.5
side: 0, 0, 0
front only
front: 0, 0.0583446, 2.5
back: 0, 0.175034, 7.5
front back
photon_ene: 661.6 photon_theta: 2.82678 photon_phi: 6.21146
traject_len: 5.00136
pe_len: 4.55405 cs_len: 6.2206
---
else
else
else
else
front: 1.05766, 0, 2.5
side: 0, 0, 0
front only
else
front: 0.927801, 1.09336, 2.5
side: 0, 0, 0
front only
front: 0, 0.361659, 2.5
side: 0, 0, 0
front only
else
else
else
front: 0.755644, 0.327085, 2.5
back: 2.26693, 0.981254, 7.5
front back
photon_ene: 661.6 photon_theta: 0.318169 photon_phi: 0.408505
traject_len: 5.26421
pe_len: 24.7867 cs_len: 1.14833
---
else
else
else
front: 0, 0, 2.5
side: 0, 0, 0
front only
front: 0, 0.0794584, 2.5
side: 0, 0, 0
front only
front: 0, 0, 2.5
back: 0, 0, 7.5
front back
photon_ene: 661.6 photon_theta: 0.175827 photon_phi: 4.34578
traject_len: 5
pe_len: 12.7953 cs_len: 2.33366
---
else
front: 0.226, 0.648724, 2.5
back: 0.678001, 1.94617, 7.5
front back
photon_ene: 661.6 photon_theta: 2.87343 photon_phi: 4.37716
traject_len: 5.18533
pe_len: 4.11816 cs_len: 12.9005
---
else
front: 0.18851, 2.33051, 2.5
side: 0, 0, 0
front only
else
front: 0, 0.971953, 2.5
side: 0, 0, 0
front only
front: 0, 0, 2.5
side: 0, 0, 0
front only
else
front: 1.40645, 0, 2.5
side: 0, 0, 0
front only
else
else
else
else
front: 0.0168443, 0.569152, 2.5
back: 0.0505328, 1.70745, 7.5
front back
photon_ene: 661.6 photon_theta: 0.22394 photon_phi: 1.54121
traject_len: 5.12805
pe_len: 81.6094 cs_len: 6.68513
---
front: 0, 0, 2.5
back: 0, 0, 7.5
front back
photon_ene: 661.6 photon_theta: 0.286172 photon_phi: 4.55868
traject_len: 5
pe_len: 19.165 cs_len: 2.68543
---
else
else
else
front: 1.05683, 0.162905, 2.5
side: 0, 0, 0
front only
else
front: 0, 0, 2.5
side: 0, 0, 0
front only
else
else
else
else
else
front: 0, 0.45711, 2.5
back: 0, 1.37133, 7.5
front back
photon_ene: 661.6 photon_theta: 2.9119 photon_phi: 5.38535
traject_len: 5.08289
pe_len: 67.5888 cs_len: 3.12229
---
else
else
else
else
else
front: 0, 0, 2.5
side: 0, 0, 0
front only
front: 0.0897802, 0, 2.5
back: 0.26934, 0, 7.5
front back
photon_ene: 661.6 photon_theta: 3.04367 photon_phi: 1.94503
traject_len: 5.00322
pe_len: 13.3573 cs_len: 0.888427
---
else
else
front: 0.891226, 0, 2.5
side: 0, 0, 0
front only
else
else
else
else
front: 0.127934, 1.67722, 2.5
side: 0, 0, 0
front only
front: 0, 0, 2.5
side: 0, 0, 0
front only
front: 0.932892, 1.66772, 2.5
side: 0, 0, 0
front only
else
else
else
else
else
front: 1.02684, 1.30817, 2.5
side: 0, 0, 0
front only
else
else
else
else
front: 0, 0.338706, 2.5
back: 0, 1.01612, 7.5
front back
photon_ene: 661.6 photon_theta: 0.24625 photon_phi: 2.57233
traject_len: 5.04568
pe_len: 3.68475 cs_len: 2.84534
---
front: 0.423425, 1.77049, 2.5
side: 0, 0, 0
front only
else
else
else
else
else
front: 1.11698, 0, 2.5
side: 0, 0, 0
front only
else
else
else
front: 0.268019, 0, 2.5
side: 0, 0, 0
front only
front: 0, 0, 2.5
back: 0, 0, 7.5
front back
photon_ene: 661.6 photon_theta: 0.203566 photon_phi: 4.02346
traject_len: 5
pe_len: 8.13548 cs_len: 4.97013
---
else
front: 1.0588, 0.600776, 2.5
side: 0, 0, 0
front only
else
else
else
else
else
front: 0, 0, 2.5
side: 0, 0, 0
front only
else
else
else
else
else
else
else
front: 0.0823226, 0, 2.5
back: 0.246968, 0, 7.5
front back
photon_ene: 661.6 photon_theta: 0.047761 photon_phi: 5.4724
traject_len: 5.00271
pe_len: 13.0304 cs_len: 2.26277
---
else
else
front: 0, 0, 2.5
side: 0, 0, 0
front only
else
else
else
front: 0, 1.80764, 2.5
side: 0, 0, 0
front only
else
else
else
front: 0, 0.0268898, 2.5
back: 0, 0.0806695, 7.5
front back
photon_ene: 661.6 photon_theta: 2.86964 photon_phi: 6.2446
traject_len: 5.00029
pe_len: 14.1722 cs_len: 2.34039
---
else
else
else
else
else
front: 0, 0, 2.5
side: 0, 0, 0
front only
else
else
else
else
else
else
else
front: 0.432906, 0, 2.5
back: 1.29872, 0, 7.5
front back
photon_ene: 661.6 photon_theta: 2.9475 photon_phi: 2.64861
traject_len: 5.07441
pe_len: 14.8029 cs_len: 7.9325
---
else
else
front: 0.0901329, 0.755215, 2.5
back: 0.270399, 2.26564, 7.5
front back
photon_ene: 661.6 photon_theta: 2.84626 photon_phi: 4.5936
traject_len: 5.22627
pe_len: 0.036718 cs_len: 3.56992
---
else
else
else
else
else
else
else
else
else
else
else
else
else
front: 0.873218, 0, 2.5
side: 0, 0, 0
front only
front: 2.42488, 0.233642, 2.5
side: 0, 0, 0
front only
front: 0, 0, 2.5
side: 0, 0, 0
front only
else
else
else
else
front: 0.207181, 0.59259, 2.5
back: 0.621543, 1.77777, 7.5
front back
photon_ene: 661.6 photon_theta: 0.246019 photon_phi: 1.23446
traject_len: 5.15523
pe_len: 13.0335 cs_len: 6.25501
---
front: 0, 0, 2.5
side: 0, 0, 0
front only
front: 0, 0, 2.5
side: 0, 0, 0
front only
else
else
else
else
else
else
front: 0, 0.354295, 2.5
back: 0, 1.06289, 7.5
front back
photon_ene: 661.6 photon_theta: 0.142046 photon_phi: 1.70526
traject_len: 5.04996
pe_len: 36.9508 cs_len: 2.50396
---
front: 0.919017, 0, 2.5
side: 0, 0, 0
front only
else
front: 0, 0.764587, 2.5
back: 0, 2.29376, 7.5
front back
photon_ene: 661.6 photon_theta: 0.305582 photon_phi: 1.81849
traject_len: 5.22861
pe_len: 95.3249 cs_len: 2.40074
---
else
front: 0.456076, 0, 2.5
back: 1.36823, 0, 7.5
front back
photon_ene: 661.6 photon_theta: 2.93231 photon_phi: 2.60399
traject_len: 5.08252
pe_len: 12.7243 cs_len: 0.9837
---
else
else
front: 0.72401, 0.53631, 2.5
side: 0, 0, 0
front only
else
else
front: 0, 1.42274, 2.5
side: 0, 0, 0
front only
else
front: 0, 0.767181, 2.5
side: 0, 0, 0
front only
else
front: 0, 0.776537, 2.5
side: 0, 0, 0
front only
else
front: 0, 0, 2.5
side: 0, 0, 0
front only
else
front: 0, 0.707733, 2.5
back: 0, 2.1232, 7.5
front back
photon_ene: 661.6 photon_theta: 0.320675 photon_phi: 2.12116
traject_len: 5.19649
pe_len: 10.1913 cs_len: 0.353564
---
else
else
else
front: 0.720216, 0, 2.5
side: 0, 0, 0
front only
else
else
else
front: 0, 0, 2.5
side: 0, 0, 0
front only
else
else
else
front: 0, 2.1729, 2.5
side: 0, 0, 0
front only
front: 2.22373, 0, 2.5
side: 0, 0, 0
front only
else
else
else
else
else
else
front: 0, 1.85099, 2.5
side: 0, 0, 0
front only
front: 0, 0, 2.5
side: 0, 0, 0
front only
else
else
front: 0, 0.467743, 2.5
side: 0, 0, 0
front only
front: 0, 0, 2.5
side: 0, 0, 0
front only
else
else
else
else
else
else
front: 0, 0, 2.5
side: 0, 0, 0
front only
else
else
else
else
else
else
else
else
else
front: 1.95629, 0, 2.5
side: 0, 0, 0
front only
else
else
else
else
else
else
else
else
front: 0, 0.0542748, 2.5
side: 0, 0, 0
front only
else
else
front: 0, 0.353474, 2.5
side: 0, 0, 0
front only
else
else
front: 0.813224, 2.13277, 2.5
side: 0, 0, 0
front only
else
else
else
else
else
else
else
else
front: 0.0499408, 0, 2.5
back: 0.149822, 0, 7.5
front back
photon_ene: 661.6 photon_theta: 3.06003 photon_phi: 1.81769
traject_len: 5.001
pe_len: 1.18888 cs_len: 8.56023
---
else
else
front: 0, 0, 2.5
side: 0, 0, 0
front only
else
else
front: 0, 0.0845735, 2.5
back: 0, 0.253721, 7.5
front back
photon_ene: 661.6 photon_theta: 0.287653 photon_phi: 3.027
traject_len: 5.00286
pe_len: 1.56196 cs_len: 2.23266
---
else
else
else
front: 0, 0, 2.5
side: 0, 0, 0
front only
front: 0, 0, 2.5
side: 0, 0, 0
front only
else
else
else
else
else
front: 1.31617, 0, 2.5
side: 0, 0, 0
front only
front: 0.328596, 1.99142, 2.5
side: 0, 0, 0
front only
front: 0, 0, 2.5
back: 0, 0, 7.5
front back
photon_ene: 661.6 photon_theta: 0.317739 photon_phi: 3.80808
traject_len: 5
pe_len: 24.0075 cs_len: 7.21891
---
else
front: 0.794003, 1.28571, 2.5
side: 0, 0, 0
front only
else
front: 0.460685, 0, 2.5
side: 0, 0, 0
front only
else
front: 0, 0, 2.5
side: 0, 0, 0
front only
front: 0, 0, 2.5
side: 0, 0, 0
front only
front: 0, 0.440998, 2.5
back: 0, 1.32299, 7.5
front back
photon_ene: 661.6 photon_theta: 2.84343 photon_phi: 5.67181
traject_len: 5.0772
pe_len: 12.7987 cs_len: 7.20317
---
else
front: 0, 0, 2.5
side: 0, 0, 0
front only
else
else
else
else
front: 0, 0, 2.5
side: 0, 0, 0
front only
else
front: 0.24695, 0, 2.5
side: 0, 0, 0
front only
else
front: 1.35319, 0, 2.5
side: 0, 0, 0
front only
else
else
front: 1.86152, 0.366214, 2.5
side: 0, 0, 0
front only
front: 1.18338, 0, 2.5
side: 0, 0, 0
front only
else
else
else
front: 0, 1.50092, 2.5
side: 0, 0, 0
front only
else
else
front: 0, 0.207448, 2.5
side: 0, 0, 0
front only
else
front: 1.66668, 0.612629, 2.5
side: 0, 0, 0
front only
else
else
else
else
else
front: 0, 0, 2.5
side: 0, 0, 0
front only
else
front: 0.90311, 0, 2.5
side: 0, 0, 0
front only
else
else
else
else
else
front: 0.501637, 0, 2.5
side: 0, 0, 0
front only
else
front: 0, 0, 2.5
side: 0, 0, 0
front only
else
else
front: 0.975134, 0, 2.5
side: 0, 0, 0
front only
else
front: 0, 0, 2.5
side: 0, 0, 0
front only
else
else
front: 1.77774, 1.28187, 2.5
side: 0, 0, 0
front only
else
else
else
else
else
front: 0.150128, 0, 2.5
back: 0.450384, 0, 7.5
front back
photon_ene: 661.6 photon_theta: 0.230656 photon_phi: 4.97098
traject_len: 5.00901
pe_len: 31.8506 cs_len: 3.4073
---
front: 0, 0, 2.5
side: 0, 0, 0
front only
front: 1.2115, 0, 2.5
side: 0, 0, 0
front only
else
else
else
front: 0, 0, 2.5
side: 0, 0, 0
front only
front: 0.501271, 0, 2.5
side: 0, 0, 0
front only
else
else
else
else
else
front: 0.207312, 0, 2.5
back: 0.621937, 0, 7.5
front back
photon_ene: 661.6 photon_theta: 2.88071 photon_phi: 1.88664
traject_len: 5.01716
pe_len: 22.6302 cs_len: 2.96151
---
front: 0, 0.878845, 2.5
side: 0, 0, 0
front only
front: 0.819264, 0, 2.5
side: 0, 0, 0
front only
front: 0, 0, 2.5
side: 0, 0, 0
front only
else
front: 0, 0.305183, 2.5
back: 0, 0.915549, 7.5
front back
photon_ene: 661.6 photon_theta: 0.284722 photon_phi: 2.71135
traject_len: 5.03712
pe_len: 24.7926 cs_len: 0.514428
---
else
else
else
else
else
else
else
else
else
else
else
else
else
else
else
else
else
else
else
else
front: 0.471483, 0, 2.5
back: 1.41445, 0, 7.5
front back
photon_ene: 661.6 photon_theta: 0.191208 photon_phi: 6.05587
traject_len: 5.08814
pe_len: 93.3346 cs_len: 0.086544
---
front: 0, 0.603553, 2.5
back: 0, 1.81066, 7.5
front back
photon_ene: 661.6 photon_theta: 2.82294 photon_phi: 5.4622
traject_len: 5.14365
pe_len: 14.3202 cs_len: 5.89553
---
else
else
else
front: 0, 0, 2.5
side: 0, 0, 0
front only
else
else
else
else
front: 0, 0.22935, 2.5
back: 0, 0.688051, 7.5
front back
photon_ene: 661.6 photon_theta: 2.95895 photon_phi: 5.7634
traject_len: 5.021
pe_len: 101.389 cs_len: 0.641815
---
front: 0.255028, 0, 2.5
side: 0, 0, 0
front only
front: 0, 0, 2.5
side: 0, 0, 0
front only
front: 0, 1.58333, 2.5
side: 0, 0, 0
front only
else
else
else
else
else
else
front: 0, 0, 2.5
side: 0, 0, 0
front only
else
else
front: 1.47355, 0.705121, 2.5
side: 0, 0, 0
front only
front: 1.89231, 0, 2.5
side: 0, 0, 0
front only
else
else
else
else
else
else
else
front: 0, 0.124039, 2.5
back: 0, 0.372117, 7.5
front back
photon_ene: 661.6 photon_theta: 3.03163 photon_phi: 5.81711
traject_len: 5.00615
pe_len: 71.27 cs_len: 1.2717
---
else
front: 1.99461, 0.212415, 2.5
side: 0, 0, 0
front only
else
else
else
else
else
else
else
else
else
else
else
else
else
else
else
else
front: 0, 0, 2.5
side: 0, 0, 0
front only
else
else
else
front: 1.49158, 1.37828, 2.5
side: 0, 0, 0
front only
front: 1.37884, 0.427036, 2.5
side: 0, 0, 0
front only
else
else
else
else
front: 0, 0, 2.5
side: 0, 0, 0
front only
else
else
else
else
else
else
else
else
else
else
else
else
front: 0, 0, 2.5
side: 0, 0, 0
front only
else
else
else
else
else
front: 1.08739, 0, 2.5
side: 0, 0, 0
front only
else
else
else
front: 0, 0, 2.5
side: 0, 0, 0
front only
else
else
else
else
else
else
front: 1.29861, 1.89842, 2.5
side: 0, 0, 0
front only
front: 2.15585, 0.0714886, 2.5
side: 0, 0, 0
front only
else
front: 0.946212, 0, 2.5
side: 0, 0, 0
front only
front: 0, 0, 2.5
back: 0, 0, 7.5
front back
photon_ene: 661.6 photon_theta: 3.08531 photon_phi: 0.267625
traject_len: 5
pe_len: 26.6454 cs_len: 7.01529
---
else
else
else
else
front: 0, 0, 2.5
side: 0, 0, 0
front only
else
else
else
else
front: 1.03086, 0.28485, 2.5
side: 0, 0, 0
front only
else
front: 0, 0, 2.5
side: 0, 0, 0
front only
else
front: 0, 0.964459, 2.5
side: 0, 0, 0
front only
else
else
else
front: 0, 0, 2.5
side: 0, 0, 0
front only
else
else
else
else
else
else
front: 2.14917, 0.0555474, 2.5
side: 0, 0, 0
front only
else
else
else
else
else
front: 0.545591, 0, 2.5
side: 0, 0, 0
front only
else
front: 0, 0.614391, 2.5
side: 0, 0, 0
front only
front: 0.715593, 0.365645, 2.5
back: 2.14678, 1.09694, 7.5
front back
photon_ene: 661.6 photon_theta: 0.311008 photon_phi: 0.472383
traject_len: 5.25196
pe_len: 2.75209 cs_len: 10.2018
---
else
front: 0.381922, 1.83859, 2.5
side: 0, 0, 0
front only
else
else
else
else
else
front: 0.221313, 0.251573, 2.5
back: 0.66394, 0.75472, 7.5
front back
photon_ene: 661.6 photon_theta: 3.00836 photon_phi: 3.99089
traject_len: 5.04471
pe_len: 4.38204 cs_len: 1.56553
---
front: 0, 0, 2.5
side: 0, 0, 0
front only
else
else
else
else
else
else
else
else
else
else
else
else
front: 1.5366, 0, 2.5
side: 0, 0, 0
front only
else
else
else
front: 0.388394, 0.984079, 2.5
side: 0, 0, 0
front only
else
front: 0.0379931, 0, 2.5
back: 0.113979, 0, 7.5
front back
photon_ene: 661.6 photon_theta: 0.282946 photon_phi: 4.76468
traject_len: 5.00058
pe_len: 23.8551 cs_len: 5.06357
---
front: 0.428936, 1.00978, 2.5
side: 0, 0, 0
front only
else
else
else
else
front: 0, 0.0388734, 2.5
side: 0, 0, 0
front only
else
front: 0.0846204, 2.06675, 2.5
side: 0, 0, 0
front only
else
else
else
front: 0, 0.119976, 2.5
side: 0, 0, 0
front only
else
else
else
else
else
else
else
front: 0, 0, 2.5
side: 0, 0, 0
front only
else
else
else
else
else
else
else
else
else
front: 1.26482, 0.546921, 2.5
side: 0, 0, 0
front only
else
else
front: 1.34087, 0.617351, 2.5
side: 0, 0, 0
front only
else
else
else
else
front: 0, 0, 2.5
side: 0, 0, 0
front only
else
else
front: 0, 0.955947, 2.5
side: 0, 0, 0
front only
front: 0, 0.561026, 2.5
side: 0, 0, 0
front only
else
else
else
else
front: 0, 0, 2.5
back: 0, 0, 7.5
front back
photon_ene: 661.6 photon_theta: 0.161446 photon_phi: 4.16389
traject_len: 5
pe_len: 25.8275 cs_len: 11.8503
---
else
else
else
else
else
front: 0, 0, 2.5
back: 0, 0, 7.5
front back
photon_ene: 661.6 photon_theta: 0.140959 photon_phi: 3.7494
traject_len: 5
pe_len: 8.0266 cs_len: 24.1566
---
else
else
else
front: 0, 1.14229, 2.5
side: 0, 0, 0
front only
else
front: 0, 0, 2.5
side: 0, 0, 0
front only
else
else
else
front: 0, 1.11705, 2.5
side: 0, 0, 0
front only
front: 1.77192, 0.962486, 2.5
side: 0, 0, 0
front only
front: 0, 0.109882, 2.5
back: 0, 0.329645, 7.5
front back
photon_ene: 661.6 photon_theta: 0.190209 photon_phi: 2.91128
traject_len: 5.00483
pe_len: 30.0608 cs_len: 2.01878
---
else
else
else
front: 0.176378, 1.11606, 2.5
side: 0, 0, 0
front only
else
front: 0, 0, 2.5
side: 0, 0, 0
front only
else
front: 0, 2.0647, 2.5
side: 0, 0, 0
front only
else
else
else
else
else
else
else
front: 0.531779, 0, 2.5
side: 0, 0, 0
front only
front: 0.0376511, 0, 2.5
back: 0.112953, 0, 7.5
front back
photon_ene: 661.6 photon_theta: 3.07312 photon_phi: 1.7922
traject_len: 5.00057
pe_len: 14.4997 cs_len: 11.989
---
front: 1.05136, 1.72001, 2.5
side: 0, 0, 0
front only
else
else
else
front: 0, 0.650119, 2.5
back: 0, 1.95036, 7.5
front back
photon_ene: 661.6 photon_theta: 2.88645 photon_phi: 4.78994
traject_len: 5.1663
pe_len: 76.084 cs_len: 1.64689
---
else
else
else
front: 1.94737, 1.08816, 2.5
side: 0, 0, 0
front only
else
front: 0, 0, 2.5
side: 0, 0, 0
front only
else
else
front: 0, 0, 2.5
side: 0, 0, 0
front only
else
front: 1.33323, 1.46909, 2.5
side: 0, 0, 0
front only
else
else
else
else
front: 1.75082, 0, 2.5
side: 0, 0, 0
front only
else
else
else
front: 0, 0.315539, 2.5
side: 0, 0, 0
front only
front: 0, 1.08473, 2.5
side: 0, 0, 0
front only
front: 2.10759, 0.0654176, 2.5
side: 0, 0, 0
front only
else
front: 0, 0, 2.5
side: 0, 0, 0
front only
front: 0.369561, 0.456306, 2.5
back: 1.10868, 1.36892, 7.5
front back
photon_ene: 661.6 photon_theta: 2.9109 photon_phi: 4.03164
traject_len: 5.13606
pe_len: 103.806 cs_len: 0.26064
---
else
front: 1.9767, 0, 2.5
side: 0, 0, 0
front only
else
front: 1.56688, 1.01354, 2.5
side: 0, 0, 0
front only
else
else
else
front: 0, 0, 2.5
side: 0, 0, 0
front only
else
else
else
else
else
else
front: 2.00506, 0, 2.5
side: 0, 0, 0
front only
else
else
else
else
else
else
front: 0.747284, 0.294068, 2.5
back: 2.24185, 0.882205, 7.5
front back
photon_ene: 661.6 photon_theta: 0.310814 photon_phi: 0.374904
traject_len: 5.25163
pe_len: 4.54062 cs_len: 4.70778
---
else
front: 0.168331, 1.40468, 2.5
side: 0, 0, 0
front only
else
else
else
front: 0, 0, 2.5
side: 0, 0, 0
front only
else
else
else
else
else
else
front: 0, 0.357491, 2.5
side: 0, 0, 0
front only
else
front: 0.909244, 0.218969, 2.5
side: 0, 0, 0
front only
else
else
front: 0, 0, 2.5
side: 0, 0, 0
front only
else
else
else
else
else
else
else
else
else
else
front: 0.0563456, 0, 2.5
side: 0, 0, 0
front only
front: 0, 0.486586, 2.5
side: 0, 0, 0
front only
front: 1.35331, 1.99558, 2.5
side: 0, 0, 0
front only
else
else
front: 0, 1.57968, 2.5
side: 0, 0, 0
front only
else
else
else
else
else
else
else
else
front: 1.00275, 1.62429, 2.5
side: 0, 0, 0
front only
else
else
front: 0, 0.870209, 2.5
side: 0, 0, 0
front only
else
else
else
else
front: 0, 1.9077, 2.5
side: 0, 0, 0
front only
else
else
else
else
else
else
else
front: 0.0730745, 0, 2.5
back: 0.219223, 0, 7.5
front back
photon_ene: 661.6 photon_theta: 0.146039 photon_phi: 4.91245
traject_len: 5.00214
pe_len: 63.5622 cs_len: 0.145852
---
else
else
else
else
else
else
else
else
else
else
else
else
else
else
front: 0, 2.0536, 2.5
side: 0, 0, 0
front only
else
else
front: 1.04413, 0, 2.5
side: 0, 0, 0
front only
else
front: 0, 0.404969, 2.5
side: 0, 0, 0
front only
else
else
front: 1.8559, 1.00595, 2.5
side: 0, 0, 0
front only
front: 0.464456, 0.743306, 2.5
side: 0, 0, 0
front only
else
else
else
else
else
else
front: 0.252044, 0, 2.5
side: 0, 0, 0
front only
front: 0, 1.64237, 2.5
side: 0, 0, 0
front only
else
front: 0, 0.228171, 2.5
back: 0, 0.684514, 7.5
front back
photon_ene: 661.6 photon_theta: 2.84384 photon_phi: 5.98121
traject_len: 5.02078
pe_len: 11.408 cs_len: 7.59422
---
else
front: 0, 0, 2.5
side: 0, 0, 0
front only
front: 0, 0, 2.5
side: 0, 0, 0
front only
front: 0, 1.26378, 2.5
side: 0, 0, 0
front only
else
front: 0, 1.5411, 2.5
side: 0, 0, 0
front only
else
else
else
else
else
else
else
else
else
front: 1.62435, 0, 2.5
side: 0, 0, 0
front only
else
else
else
else
else
else
else
else
else
else
front: 0.52025, 0.909992, 2.5
side: 0, 0, 0
front only
else
else
else
else
front: 0, 0.0894208, 2.5
side: 0, 0, 0
front only
else
front: 0, 1.20919, 2.5
side: 0, 0, 0
front only
else
front: 0.104157, 0, 2.5
side: 0, 0, 0
front only
else
else
front: 0, 0, 2.5
side: 0, 0, 0
front only
else
front: 1.42745, 0, 2.5
side: 0, 0, 0
front only
else
front: 1.18871, 1.39906, 2.5
side: 0, 0, 0
front only
else
else
else
else
else
else
front: 0.0605324, 0, 2.5
side: 0, 0, 0
front only
front: 0, 0.938785, 2.5
side: 0, 0, 0
front only
else
else
front: 2.27444, 0, 2.5
side: 0, 0, 0
front only
else
else
front: 0.689413, 1.26141, 2.5
side: 0, 0, 0
front only
else
front: 1.98361, 1.22487, 2.5
side: 0, 0, 0
front only
else
else
front: 1.56185, 0, 2.5
side: 0, 0, 0
front only
else
else
front: 0, 0, 2.5
back: 0, 0, 7.5
front back
photon_ene: 661.6 photon_theta: 0.232492 photon_phi: 3.34126
traject_len: 5
pe_len: 0.226537 cs_len: 4.06598
---
front: 0, 0, 2.5
side: 0, 0, 0
front only
front: 1.02506, 0, 2.5
side: 0, 0, 0
front only
else
front: 0.765236, 0.0632229, 2.5
back: 2.29571, 0.189669, 7.5
front back
photon_ene: 661.6 photon_theta: 0.297992 photon_phi: 0.0824317
traject_len: 5.23052
pe_len: 61.511 cs_len: 1.22805
---
else
else
front: 1.48943, 0.937308, 2.5
side: 0, 0, 0
front only
else
else
else
else
else
front: 0, 0, 2.5
side: 0, 0, 0
front only
front: 1.1159, 0, 2.5
side: 0, 0, 0
front only
else
front: 0, 1.27408, 2.5
side: 0, 0, 0
front only
front: 1.26796, 0.956113, 2.5
side: 0, 0, 0
front only
else
else
else
else
else
else
else
else
front: 0, 0, 2.5
side: 0, 0, 0
front only
else
front: 0, 0, 2.5
side: 0, 0, 0
front only
front: 0, 1.82875, 2.5
side: 0, 0, 0
front only
front: 0, 0.217838, 2.5
side: 0, 0, 0
front only
else
else
else
front: 1.9257, 0.951029, 2.5
side: 0, 0, 0
front only
front: 0, 0, 2.5
side: 0, 0, 0
front only
front: 0, 0, 2.5
back: 0, 0, 7.5
front back
photon_ene: 661.6 photon_theta: 0.0921849 photon_phi: 3.98686
traject_len: 5
pe_len: 23.741 cs_len: 1.5605
---
front: 0, 0.127792, 2.5
back: 0, 0.383376, 7.5
front back
photon_ene: 661.6 photon_theta: 3.05316 photon_phi: 5.66874
traject_len: 5.00653
pe_len: 34.2551 cs_len: 0.900963
---
else
else
else
else
front: 0.57348, 2.0336, 2.5
side: 0, 0, 0
front only
else
else
front: 0, 0.793076, 2.5
side: 0, 0, 0
front only
else
else
front: 0.404632, 1.64295, 2.5
side: 0, 0, 0
front only
else
front: 0, 0, 2.5
side: 0, 0, 0
front only
else
else
front: 0, 0, 2.5
back: 0, 0, 7.5
front back
photon_ene: 661.6 photon_theta: 3.13424 photon_phi: 0.243172
traject_len: 5
pe_len: 28.8929 cs_len: 7.0982
---
else
else
else
else
front: 0, 0.0336243, 2.5
side: 0, 0, 0
front only
else
else
else
front: 0, 0.096493, 2.5
side: 0, 0, 0
front only
front: 1.71613, 0.966758, 2.5
side: 0, 0, 0
front only
else
else
else
else
else
front: 0.122644, 1.15517, 2.5
side: 0, 0, 0
front only
else
front: 0.70288, 0, 2.5
side: 0, 0, 0
front only
else
else
front: 0, 0, 2.5
side: 0, 0, 0
front only
else
front: 0, 0, 2.5
side: 0, 0, 0
front only
front: 0.581414, 0, 2.5
side: 0, 0, 0
front only
front: 1.76485, 0, 2.5
side: 0, 0, 0
front only
front: 0.63709, 0.616809, 2.5
side: 0, 0, 0
front only
else
else
else
front: 1.06168, 0, 2.5
side: 0, 0, 0
front only
else
else
else
else
else
else
front: 0, 0.638839, 2.5
side: 0, 0, 0
front only
else
front: 0, 0, 2.5
back: 0, 0, 7.5
front back
photon_ene: 661.6 photon_theta: 2.90554 photon_phi: 1.27526
traject_len: 5
pe_len: 103.122 cs_len: 1.13892
---
else
else
else
front: 0, 0, 2.5
side: 0, 0, 0
front only
front: 1.11835, 0, 2.5
side: 0, 0, 0
front only
front: 0.191227, 0.925639, 2.5
side: 0, 0, 0
front only
front: 0, 0, 2.5
back: 0, 0, 7.5
front back
photon_ene: 661.6 photon_theta: 2.98469 photon_phi: 1.23722
traject_len: 5
pe_len: 85.9532 cs_len: 7.20565
---
else
front: 0, 0, 2.5
side: 0, 0, 0
front only
else
else
else
else
else
else
else
else
else
else
else
else
else
else
else
else
front: 0, 0, 2.5
side: 0, 0, 0
front only
else
front: 2.01024, 1.28078, 2.5
side: 0, 0, 0
front only
else
else
else
else
else
else
else
else
else
else
else
front: 2.0907, 0, 2.5
side: 0, 0, 0
front only
front: 0, 1.4946, 2.5
side: 0, 0, 0
front only
else
front: 0, 0, 2.5
side: 0, 0, 0
front only
else
else
else
else
else
else
else
else
front: 0, 0, 2.5
back: 0, 0, 7.5
front back
photon_ene: 661.6 photon_theta: 2.85271 photon_phi: 1.48448
traject_len: 5
pe_len: 4.59135 cs_len: 4.912
---
front: 0, 1.39121, 2.5
side: 0, 0, 0
front only
front: 0.119022, 0, 2.5
back: 0.357067, 0, 7.5
front back
photon_ene: 661.6 photon_theta: 3.05734 photon_phi: 2.16967
traject_len: 5.00566
pe_len: 8.03051 cs_len: 2.48416
---
else
front: 2.25845, 0, 2.5
side: 0, 0, 0
front only
front: 0.748974, 0, 2.5
back: 2.24692, 0, 7.5
front back
photon_ene: 661.6 photon_theta: 2.82556 photon_phi: 2.72925
traject_len: 5.21956
pe_len: 50.6528 cs_len: 17.5879
---
front: 0.910906, 0, 2.5
side: 0, 0, 0
front only
else
else
front: 0, 0.0656205, 2.5
side: 0, 0, 0
front only
else
else
else
else
else
else
else
else
else
else
front: 0, 1.06265, 2.5
side: 0, 0, 0
front only
else
else
front: 0, 0.584295, 2.5
side: 0, 0, 0
front only
else
front: 0.605783, 0, 2.5
side: 0, 0, 0
front only
else
else
else
else
else
else
front: 1.09248, 0.22707, 2.5
side: 0, 0, 0
front only
else
else
else
front: 0, 0, 2.5
side: 0, 0, 0
front only
else
else
else
else
else
else
else
else
front: 0, 0.119398, 2.5
back: 0, 0.358193, 7.5
front back
photon_ene: 661.6 photon_theta: 2.889 photon_phi: 6.09707
traject_len: 5.0057
pe_len: 17.3319 cs_len: 0.303866
---
else
else
else
front: 0, 0.774585, 2.5
side: 0, 0, 0
front only
else
front: 0, 0, 2.5
side: 0, 0, 0
front only
front: 0.586333, 0.672089, 2.5
side: 0, 0, 0
front only
else
else
front: 1.36323, 1.30871, 2.5
side: 0, 0, 0
front only
front: 0.794656, 0, 2.5
side: 0, 0, 0
front only
else
else
else
front: 1.47541, 1.69733, 2.5
side: 0, 0, 0
front only
front: 0, 0.00779668, 2.5
side: 0, 0, 0
front only
else
else
front: 0, 0, 2.5
side: 0, 0, 0
front only
else
front: 1.35015, 0.766514, 2.5
side: 0, 0, 0
front only
else
front: 0, 0, 2.5
back: 0, 0, 7.5
front back
photon_ene: 661.6 photon_theta: 0.300944 photon_phi: 4.59155
traject_len: 5
pe_len: 58.0787 cs_len: 1.84402
---
front: 0, 0, 2.5
side: 0, 0, 0
front only
front: 0, 0.181669, 2.5
side: 0, 0, 0
front only
front: 0, 0.464326, 2.5
back: 0, 1.39298, 7.5
front back
photon_ene: 661.6 photon_theta: 0.273259 photon_phi: 2.4172
traject_len: 5.08551
pe_len: 0.516502 cs_len: 0.686242
---
front: 0, 0, 2.5
side: 0, 0, 0
front only
front: 0, 0, 2.5
back: 0, 0, 7.5
front back
photon_ene: 661.6 photon_theta: 2.88045 photon_phi: 1.13383
traject_len: 5
pe_len: 19.8257 cs_len: 0.316588
---
else
else
else
front: 1.45724, 0, 2.5
side: 0, 0, 0
front only
else
else
else
else
else
front: 0, 0, 2.5
side: 0, 0, 0
front only
else
else
else
front: 0, 0.695114, 2.5
side: 0, 0, 0
front only
else
else
front: 0, 0, 2.5
side: 0, 0, 0
front only
front: 0.724222, 0, 2.5
back: 2.17267, 0, 7.5
front back
photon_ene: 661.6 photon_theta: 2.85863 photon_phi: 3.05544
traject_len: 5.20557
pe_len: 72.5634 cs_len: 2.19481
---
else
front: 0.921818, 1.64769, 2.5
side: 0, 0, 0
front only
else
else
front: 2.12281, 0.41886, 2.5
side: 0, 0, 0
front only
front: 1.48741, 0, 2.5
side: 0, 0, 0
front only
front: 0, 0, 2.5
side: 0, 0, 0
front only
else
else
else
else
front: 2.16498, 0.842084, 2.5
side: 0, 0, 0
front only
else
else
else
else
front: 0, 0, 2.5
side: 0, 0, 0
front only
else
else
front: 0.335821, 0, 2.5
back: 1.00746, 0, 7.5
front back
photon_ene: 661.6 photon_theta: 0.143014 photon_phi: 5.91464
traject_len: 5.04491
pe_len: 2.0755 cs_len: 2.44168
---
else
else
else
front: 0, 1.62651, 2.5
side: 0, 0, 0
front only
else
else
else
else
else
else
else
front: 0, 0, 2.5
back: 0, 0, 7.5
front back
photon_ene: 661.6 photon_theta: 0.132633 photon_phi: 3.63577
traject_len: 5
pe_len: 44.2391 cs_len: 0.169229
---
else
else
front: 0, 0, 2.5
side: 0, 0, 0
front only
else
front: 0, 0, 2.5
side: 0, 0, 0
front only
else
else
front: 0, 0.961726, 2.5
side: 0, 0, 0
front only
else
else
else
else
else
front: 1.67677, 0, 2.5
side: 0, 0, 0
front only
else
else
else
else
else
front: 0, 0, 2.5
side: 0, 0, 0
front only
else
front: 0, 1.69634, 2.5
side: 0, 0, 0
front only
else
else
front: 1.02245, 0, 2.5
side: 0, 0, 0
front only
front: 0, 0.814521, 2.5
side: 0, 0, 0
front only
else
else
else
else
else
else
else
else
else
else
front: 0, 0, 2.5
back: 0, 0, 7.5
front back
photon_ene: 661.6 photon_theta: 0.252527 photon_phi: 4.18963
traject_len: 5
pe_len: 33.381 cs_len: 0.546243
---
else
front: 0, 0.0935301, 2.5
back: 0, 0.28059, 7.5
front back
photon_ene: 661.6 photon_theta: 0.311247 photon_phi: 3.02504
traject_len: 5.0035
pe_len: 19.5392 cs_len: 8.20467
---
front: 0, 0.755051, 2.5
side: 0, 0, 0
front only
front: 0, 0, 2.5
side: 0, 0, 0
front only
front: 0.999471, 0, 2.5
side: 0, 0, 0
front only
front: 0, 0, 2.5
back: 0, 0, 7.5
front back
photon_ene: 661.6 photon_theta: 2.87179 photon_phi: 0.734213
traject_len: 5
pe_len: 22.675 cs_len: 3.08972
---
else
else
else
else
else
else
else
else
front: 0.0498065, 0.0280517, 2.5
back: 0.149419, 0.084155, 7.5
front back
photon_ene: 661.6 photon_theta: 3.11873 photon_phi: 3.65452
traject_len: 5.00131
pe_len: 23.6424 cs_len: 5.74914
---
else
else
front: 0, 0, 2.5
side: 0, 0, 0
front only
else
front: 1.56833, 0, 2.5
side: 0, 0, 0
front only
else
else
else
front: 0.64793, 0, 2.5
back: 1.94379, 0, 7.5
front back
photon_ene: 661.6 photon_theta: 2.88781 photon_phi: 3.10193
traject_len: 5.1652
pe_len: 46.3983 cs_len: 0.716913
---
front: 0.445593, 0, 2.5
side: 0, 0, 0
front only
else
else
front: 0, 1.20131, 2.5
side: 0, 0, 0
front only
else
else
else
else
else
else
front: 0, 0, 2.5
side: 0, 0, 0
front only
else
front: 0, 0.80694, 2.5
side: 0, 0, 0
front only
else
else
else
front: 0.0667352, 1.43594, 2.5
side: 0, 0, 0
front only
else
front: 0, 0, 2.5
side: 0, 0, 0
front only
else
else
else
else
front: 1.85545, 0, 2.5
side: 0, 0, 0
front only
else
else
else
else
else
else
front: 0, 0, 2.5
side: 0, 0, 0
front only
front: 0.62525, 0, 2.5
back: 1.87575, 0, 7.5
front back
photon_ene: 661.6 photon_theta: 0.245078 photon_phi: 6.27682
traject_len: 5.154
pe_len: 39.0036 cs_len: 2.58028
---
else
else
else
else
else
else
else
front: 0.6654, 0, 2.5
side: 0, 0, 0
front only
else
else
else
else
else
else
front: 1.51526, 0, 2.5
side: 0, 0, 0
front only
else
front: 1.90336, 0, 2.5
side: 0, 0, 0
front only
else
else
else
else
else
front: 0, 0, 2.5
side: 0, 0, 0
front only
else
front: 0, 0.24012, 2.5
side: 0, 0, 0
front only
else
else
else
else
front: 1.69807, 0.539556, 2.5
side: 0, 0, 0
front only
front: 0.606771, 1.89258, 2.5
side: 0, 0, 0
front only
else
front: 1.32186, 0, 2.5
side: 0, 0, 0
front only
else
else
else
else
else
else
front: 0, 0, 2.5
back: 0, 0, 7.5
front back
photon_ene: 661.6 photon_theta: 3.03276 photon_phi: 0.206035
traject_len: 5
pe_len: 64.535 cs_len: 10.5361
---
else
else
else
else
else
else
else
front: 0.375704, 0.215102, 2.5
back: 1.12711, 0.645307, 7.5
front back
photon_ene: 661.6 photon_theta: 0.171469 photon_phi: 0.519977
traject_len: 5.07442
pe_len: 163.715 cs_len: 2.3751
---
front: 0.346441, 0, 2.5
side: 0, 0, 0
front only
else
else
else
else
front: 0, 0, 2.5
side: 0, 0, 0
front only
else
front: 1.02255, 0, 2.5
side: 0, 0, 0
front only
else
else
else
front: 0, 0, 2.5
side: 0, 0, 0
front only
else
else
front: 0, 0, 2.5
side: 0, 0, 0
front only
else
else
else
else
else
else
else
front: 0, 1.81756, 2.5
side: 0, 0, 0
front only
else
front: 1.42364, 0, 2.5
side: 0, 0, 0
front only
front: 0.253884, 0.332936, 2.5
back: 0.761652, 0.998807, 7.5
front back
photon_ene: 661.6 photon_theta: 0.165937 photon_phi: 0.919304
traject_len: 5.06964
pe_len: 47.6193 cs_len: 7.19062
---
front: 0, 0, 2.5
side: 0, 0, 0
front only
else
else
else
else
else
else
else
else
else
else
front: 2.168, 0.203547, 2.5
side: 0, 0, 0
front only
else
front: 1.87973, 0.0525755, 2.5
side: 0, 0, 0
front only
else
front: 1.30444, 0.982471, 2.5
side: 0, 0, 0
front only
front: 0.828667, 0, 2.5
side: 0, 0, 0
front only
front: 0.272475, 1.52342, 2.5
side: 0, 0, 0
front only
front: 0.892111, 1.1161, 2.5
side: 0, 0, 0
front only
else
else
else
front: 1.1947, 1.74658, 2.5
side: 0, 0, 0
front only
front: 0, 0.705169, 2.5
back: 0, 2.11551, 7.5
front back
photon_ene: 661.6 photon_theta: 2.85974 photon_phi: 4.94042
traject_len: 5.1951
pe_len: 104.984 cs_len: 3.70346
---
front: 0, 0, 2.5
back: 0, 0, 7.5
front back
photon_ene: 661.6 photon_theta: 0.258797 photon_phi: 4.62783
traject_len: 5
pe_len: 99.2998 cs_len: 0.947666
---
front: 0, 0, 2.5
side: 0, 0, 0
front only
front: 0, 0, 2.5
side: 0, 0, 0
front only
front: 0, 1.97984, 2.5
side: 0, 0, 0
front only
else
else
front: 0, 0, 2.5
side: 0, 0, 0
front only
else
else
front: 0, 0.920491, 2.5
side: 0, 0, 0
front only
else
else
else
else
else
else
else
front: 0, 0, 2.5
side: 0, 0, 0
front only
front: 0, 0, 2.5
side: 0, 0, 0
front only
front: 0.992569, 0.266864, 2.5
side: 0, 0, 0
front only
else
else
else
else
else
front: 0.949876, 0, 2.5
side: 0, 0, 0
front only
else
front: 0, 0, 2.5
side: 0, 0, 0
front only
else
else
front: 0, 2.1904, 2.5
side: 0, 0, 0
front only
else
else
front: 0.245518, 0.27628, 2.5
back: 0.736555, 0.828839, 7.5
front back
photon_ene: 661.6 photon_theta: 2.99481 photon_phi: 3.98588
traject_len: 5.05435
pe_len: 33.2598 cs_len: 5.65121
---
else
front: 0.0293323, 0.697209, 2.5
back: 0.0879968, 2.09163, 7.5
front back
photon_ene: 661.6 photon_theta: 2.86939 photon_phi: 4.67034
traject_len: 5.19113
pe_len: 11.5296 cs_len: 3.22596
---
else
else
else
else
else
front: 1.79648, 0, 2.5
side: 0, 0, 0
front only
front: 1.80541, 0.832997, 2.5
side: 0, 0, 0
front only
else
front: 0, 1.22872, 2.5
side: 0, 0, 0
front only
front: 0.74006, 1.24434, 2.5
side: 0, 0, 0
front only
else
else
else
front: 0, 1.27063, 2.5
side: 0, 0, 0
front only
front: 0, 0, 2.5
side: 0, 0, 0
front only
else
else
else
else
else
else
else
else
else
else
else
else
else
else
else
else
else
else
else
else
front: 1.11207, 0, 2.5
side: 0, 0, 0
front only
else
front: 0, 0, 2.5
side: 0, 0, 0
front only
front: 0.82861, 0.910795, 2.5
side: 0, 0, 0
front only
else
else
else
else
front: 0.338921, 0, 2.5
side: 0, 0, 0
front only
else
else
else
else
else
else
else
front: 0, 0.893023, 2.5
side: 0, 0, 0
front only
front: 2.18234, 0, 2.5
side: 0, 0, 0
front only
else
else
else
else
else
else
else
else
front: 0.187196, 0.448035, 2.5
back: 0.561588, 1.34411, 7.5
front back
photon_ene: 661.6 photon_theta: 2.94975 photon_phi: 4.31662
traject_len: 5.09344
pe_len: 10.5621 cs_len: 6.26819
---
else
else
else
else
front: 0, 1.05657, 2.5
side: 0, 0, 0
front only
front: 1.06227, 0, 2.5
side: 0, 0, 0
front only
else
front: 0.463563, 0.837, 2.5
side: 0, 0, 0
front only
else
else
else
front: 0.293711, 0, 2.5
back: 0.881133, 0, 7.5
front back
photon_ene: 661.6 photon_theta: 3.02432 photon_phi: 3.06741
traject_len: 5.03439
pe_len: 1.70997 cs_len: 1.67656
---
front: 0.248609, 0.194693, 2.5
back: 0.745826, 0.584079, 7.5
front back
photon_ene: 661.6 photon_theta: 0.125643 photon_phi: 0.66437
traject_len: 5.03973
pe_len: 4.45775 cs_len: 2.64169
---
front: 2.15736, 0, 2.5
side: 0, 0, 0
front only
else
else
else
else
front: 0.246358, 0.905802, 2.5
side: 0, 0, 0
front only
else
front: 0.721103, 1.40321, 2.5
side: 0, 0, 0
front only
else
else
else
else
front: 0, 0, 2.5
side: 0, 0, 0
front only
else
front: 0.364746, 0, 2.5
back: 1.09424, 0, 7.5
front back
photon_ene: 661.6 photon_theta: 2.82301 photon_phi: 2.02902
traject_len: 5.05294
pe_len: 4.79826 cs_len: 2.73865
---
else
front: 1.56108, 0.382515, 2.5
side: 0, 0, 0
front only
front: 0, 1.99874, 2.5
side: 0, 0, 0
front only
front: 0.0804891, 1.54796, 2.5
side: 0, 0, 0
front only
else
else
front: 0, 0.0478141, 2.5
side: 0, 0, 0
front only
front: 0.926671, 1.88472, 2.5
side: 0, 0, 0
front only
else
else
else
else
front: 0, 0, 2.5
side: 0, 0, 0
front only
else
else
front: 0, 0.7778, 2.5
side: 0, 0, 0
front only
front: 0.738819, 0.581727, 2.5
side: 0, 0, 0
front only
front: 0, 0.482997, 2.5
side: 0, 0, 0
front only
front: 0.274357, 0, 2.5
back: 0.823072, 0, 7.5
front back
photon_ene: 661.6 photon_theta: 0.175848 photon_phi: 5.37812
traject_len: 5.03002
pe_len: 5.16221 cs_len: 3.33005
---
else
else
else
else
else
else
front: 0, 0.996049, 2.5
side: 0, 0, 0
front only
else
else
else
else
else
front: 1.05467, 0, 2.5
side: 0, 0, 0
front only
else
else
front: 0, 1.41407, 2.5
side: 0, 0, 0
front only
else
else
front: 0, 0, 2.5
side: 0, 0, 0
front only
else
front: 1.03595, 0, 2.5
side: 0, 0, 0
front only
else
else
front: 0, 0, 2.5
side: 0, 0, 0
front only
else
front: 0, 0, 2.5
side: 0, 0, 0
front only
else
else
else
else
front: 1.45155, 0.300411, 2.5
side: 0, 0, 0
front only
else
else
else
else
else
front: 2.0189, 0.678544, 2.5
side: 0, 0, 0
front only
else
else
else
else
else
front: 0, 0, 2.5
back: 0, 0, 7.5
front back
photon_ene: 661.6 photon_theta: 0.194886 photon_phi: 4.21492
traject_len: 5
pe_len: 13.7427 cs_len: 0.536033
---
else
front: 0.142505, 1.58234, 2.5
side: 0, 0, 0
front only
front: 1.46993, 1.71526, 2.5
side: 0, 0, 0
front only
else
else
else
else
front: 0, 0, 2.5
side: 0, 0, 0
front only
else
else
else
else
else
else
else
else
else
else
front: 1.03656, 1.6306, 2.5
side: 0, 0, 0
front only
front: 1.31198, 1.75409, 2.5
side: 0, 0, 0
front only
else
front: 0.548879, 0, 2.5
side: 0, 0, 0
front only
front: 0.283369, 0.878501, 2.5
side: 0, 0, 0
front only
else
front: 0.953167, 0, 2.5
side: 0, 0, 0
front only
else
else
else
else
front: 0.503403, 2.3178, 2.5
side: 0, 0, 0
front only
else
else
else
else
front: 0.248931, 1.21744, 2.5
side: 0, 0, 0
front only
else
else
front: 0.31798, 0.120634, 2.5
back: 0.953941, 0.361901, 7.5
front back
photon_ene: 661.6 photon_theta: 0.135208 photon_phi: 0.362601
traject_len: 5.04605
pe_len: 21.733 cs_len: 2.84198
---
front: 0, 0, 2.5
side: 0, 0, 0
front only
front: 0, 0, 2.5
side: 0, 0, 0
front only
else
front: 1.1922, 0, 2.5
side: 0, 0, 0
front only
else
else
front: 0, 1.19943, 2.5
side: 0, 0, 0
front only
front: 0, 2.04666, 2.5
side: 0, 0, 0
front only
else
else
front: 0, 0, 2.5
side: 0, 0, 0
front only
front: 0.541942, 0, 2.5
side: 0, 0, 0
front only
else
else
else
else
else
front: 0, 0, 2.5
side: 0, 0, 0
front only
else
else
else
front: 0, 1.20506, 2.5
side: 0, 0, 0
front only
else
front: 2.14109, 1.09295, 2.5
side: 0, 0, 0
front only
else
else
else
else
else
else
else
else
else
else
else
else
else
else
else
front: 0.181774, 0, 2.5
side: 0, 0, 0
front only
front: 0, 0.472361, 2.5
side: 0, 0, 0
front only
else
else
front: 1.27449, 0, 2.5
side: 0, 0, 0
front only
front: 1.18165, 0, 2.5
side: 0, 0, 0
front only
else
front: 0, 0, 2.5
side: 0, 0, 0
front only
front: 1.33027, 0, 2.5
side: 0, 0, 0
front only
else
else
else
front: 0, 0, 2.5
side: 0, 0, 0
front only
front: 0.406611, 2.25755, 2.5
side: 0, 0, 0
front only
front: 1.12628, 1.10138, 2.5
side: 0, 0, 0
front only
else
else
else
front: 0.829877, 0, 2.5
side: 0, 0, 0
front only
else
else
else
front: 0.197728, 0, 2.5
back: 0.593184, 0, 7.5
front back
photon_ene: 661.6 photon_theta: 0.154735 photon_phi: 5.24415
traject_len: 5.01561
pe_len: 37.105 cs_len: 1.06038
---
else
else
front: 0, 0, 2.5
side: 0, 0, 0
front only
else
front: 0, 0.982298, 2.5
side: 0, 0, 0
front only
else
front: 0, 0, 2.5
side: 0, 0, 0
front only
else
front: 0, 1.1529, 2.5
side: 0, 0, 0
front only
else
else
else
else
else
else
else
else
else
else
front: 0.562514, 0.821184, 2.5
side: 0, 0, 0
front only
else
else
else
else
else
front: 1.16007, 0.128201, 2.5
side: 0, 0, 0
front only
else
else
front: 0, 1.31049, 2.5
side: 0, 0, 0
front only
else
front: 0, 0, 2.5
side: 0, 0, 0
front only
else
else
else
else
else
front: 0, 0, 2.5
side: 0, 0, 0
front only
else
front: 0.489081, 1.01158, 2.5
side: 0, 0, 0
front only
else
else
front: 1.6119, 0.838485, 2.5
side: 0, 0, 0
front only
else
front: 0.741584, 0.456066, 2.5
side: 0, 0, 0
front only
front: 0.460134, 1.19552, 2.5
side: 0, 0, 0
front only
front: 0.392759, 0, 2.5
back: 1.17828, 0, 7.5
front back
photon_ene: 661.6 photon_theta: 2.82239 photon_phi: 2.06615
traject_len: 5.06133
pe_len: 27.7169 cs_len: 1.38418
---
else
else
else
else
else
else
else
else
else
else
else
front: 0, 0.709176, 2.5
side: 0, 0, 0
front only
front: 0, 1.71081, 2.5
side: 0, 0, 0
front only
else
front: 0.0976707, 0, 2.5
side: 0, 0, 0
front only
else
else
else
else
else
front: 0, 1.44125, 2.5
side: 0, 0, 0
front only
else
else
else
else
else
else
else
front: 0, 0.523092, 2.5
side: 0, 0, 0
front only
front: 0, 0, 2.5
side: 0, 0, 0
front only
else
else
front: 0, 0.509831, 2.5
side: 0, 0, 0
front only
front: 0, 0, 2.5
side: 0, 0, 0
front only
else
else
front: 0, 0, 2.5
side: 0, 0, 0
front only
else
front: 0, 0.0925735, 2.5
back: 0, 0.277721, 7.5
front back
photon_ene: 661.6 photon_theta: 0.318007 photon_phi: 3.02886
traject_len: 5.00343
pe_len: 8.91016 cs_len: 0.647105
---
front: 0.92405, 0.362331, 2.5
side: 0, 0, 0
front only
else
front: 1.83782, 0.448162, 2.5
side: 0, 0, 0
front only
else
else
else
else
else
else
front: 0.105041, 0.489004, 2.5
back: 0.315123, 1.46701, 7.5
front back
photon_ene: 661.6 photon_theta: 0.197456 photon_phi: 1.35921
traject_len: 5.09908
pe_len: 153.791 cs_len: 5.8987
---
else
else
else
front: 1.32354, 1.53117, 2.5
side: 0, 0, 0
front only
front: 0.877109, 0.476264, 2.5
side: 0, 0, 0
front only
else
else
else
else
else
else
else
else
else
front: 0.128143, 0, 2.5
back: 0.384428, 0, 7.5
front back
photon_ene: 661.6 photon_theta: 0.237685 photon_phi: 4.92558
traject_len: 5.00656
pe_len: 22.5777 cs_len: 0.0397256
---
else
else
front: 0, 0.240389, 2.5
side: 0, 0, 0
front only
front: 0, 0, 2.5
side: 0, 0, 0
front only
else
else
front: 0.293703, 0.450648, 2.5
back: 0.881109, 1.35195, 7.5
front back
photon_ene: 661.6 photon_theta: 0.211932 photon_phi: 0.993203
traject_len: 5.11443
pe_len: 75.2752 cs_len: 2.92003
---
else
else
else
else
else
else
else
else
else
front: 0.116179, 0.866613, 2.5
side: 0, 0, 0
front only
else
else
else
front: 0, 0, 2.5
side: 0, 0, 0
front only
else
front: 0.256861, 0.609497, 2.5
back: 0.770583, 1.82849, 7.5
front back
photon_ene: 661.6 photon_theta: 2.88295 photon_phi: 4.31355
traject_len: 5.17203
pe_len: 48.6364 cs_len: 1.94167
---
front: 1.70894, 0.803649, 2.5
side: 0, 0, 0
front only
front: 0, 0.786951, 2.5
side: 0, 0, 0
front only
else
front: 1.34728, 2.08681, 2.5
side: 0, 0, 0
front only
else
else
else
else
else
else
else
front: 0, 0.0679927, 2.5
back: 0, 0.203978, 7.5
front back
photon_ene: 661.6 photon_theta: 3.11078 photon_phi: 5.20228
traject_len: 5.00185
pe_len: 8.03079 cs_len: 14.7546
---
else
else
front: 0, 0.297243, 2.5
back: 0, 0.89173, 7.5
front back
photon_ene: 661.6 photon_theta: 0.136741 photon_phi: 2.09827
traject_len: 5.03522
pe_len: 3.13583 cs_len: 1.65908
---
else
front: 0, 0.888678, 2.5
side: 0, 0, 0
front only
else
else
else
front: 0, 0, 2.5
side: 0, 0, 0
front only
else
else
front: 0.481558, 0, 2.5
side: 0, 0, 0
front only
else
else
else
else
else
else
else
else
else
front: 2.39537, 0, 2.5
side: 0, 0, 0
front only
else
front: 1.16885, 0, 2.5
side: 0, 0, 0
front only
front: 0, 0.921832, 2.5
side: 0, 0, 0
front only
else
else
else
front: 0, 1.20897, 2.5
side: 0, 0, 0
front only
front: 0.523446, 0.386949, 2.5
back: 1.57034, 1.16085, 7.5
front back
photon_ene: 661.6 photon_theta: 0.254721 photon_phi: 0.636576
traject_len: 5.16671
pe_len: 13.265 cs_len: 7.68777
---
front: 2.21128, 1.01337, 2.5
side: 0, 0, 0
front only
front: 0, 0, 2.5
side: 0, 0, 0
front only
else
else
else
else
front: 0, 1.1745, 2.5
side: 0, 0, 0
front only
else
front: 1.48208, 0.36141, 2.5
side: 0, 0, 0
front only
else
else
front: 0.687385, 0, 2.5
back: 2.06215, 0, 7.5
front back
photon_ene: 661.6 photon_theta: 2.87317 photon_phi: 3.11393
traject_len: 5.18556
pe_len: 99.1753 cs_len: 6.50027
---
else
else
else
front: 0, 0.681216, 2.5
back: 0, 2.04365, 7.5
front back
photon_ene: 661.6 photon_theta: 2.8484 photon_phi: 5.15744
traject_len: 5.1823
pe_len: 104.803 cs_len: 0.791853
---
front: 0.784244, 0, 2.5
side: 0, 0, 0
front only
else
else
else
front: 0, 0, 2.5
back: 0, 0, 7.5
front back
photon_ene: 661.6 photon_theta: 0.0925626 photon_phi: 4.58983
traject_len: 5
pe_len: 91.8994 cs_len: 1.81536
---
front: 0, 0.0390013, 2.5
back: 0, 0.117004, 7.5
front back
photon_ene: 661.6 photon_theta: 0.217117 photon_phi: 3.07081
traject_len: 5.00061
pe_len: 39.7618 cs_len: 5.26239
---
else
front: 0, 0, 2.5
side: 0, 0, 0
front only
else
else
front: 0.0875641, 0.682222, 2.5
back: 0.262692, 2.04667, 7.5
front back
photon_ene: 661.6 photon_theta: 2.87311 photon_phi: 4.58474
traject_len: 5.18579
pe_len: 84.2803 cs_len: 3.56765
---
front: 0, 0, 2.5
back: 0, 0, 7.5
front back
photon_ene: 661.6 photon_theta: 2.87618 photon_phi: 0.896499
traject_len: 5
pe_len: 18.4576 cs_len: 6.97029
---
else
front: 1.2767, 0, 2.5
side: 0, 0, 0
front only
front: 1.03881, 0, 2.5
side: 0, 0, 0
front only
else
else
front: 0, 0.497329, 2.5
side: 0, 0, 0
front only
else
front: 1.62102, 0, 2.5
side: 0, 0, 0
front only
else
else
else
else
else
else
else
else
front: 0.682699, 2.0196, 2.5
side: 0, 0, 0
front only
front: 0.190646, 0, 2.5
side: 0, 0, 0
front only
else
front: 0, 2.01026, 2.5
side: 0, 0, 0
front only
else
front: 0, 0, 2.5
side: 0, 0, 0
front only
else
else
front: 0.916088, 0.624583, 2.5
side: 0, 0, 0
front only
front: 1.11196, 0, 2.5
side: 0, 0, 0
front only
else
front: 0, 0.792465, 2.5
side: 0, 0, 0
front only
front: 0.27837, 0.640748, 2.5
back: 0.83511, 1.92224, 7.5
front back
photon_ene: 661.6 photon_theta: 0.272491 photon_phi: 1.16095
traject_len: 5.19155
pe_len: 2.79344 cs_len: 5.32171
---
else
front: 0.0971373, 0, 2.5
side: 0, 0, 0
front only
else
front: 0.687707, 0, 2.5
side: 0, 0, 0
front only
else
front: 1.33338, 0, 2.5
side: 0, 0, 0
front only
else
front: 0.627158, 0, 2.5
side: 0, 0, 0
front only
else
front: 0.216026, 0, 2.5
back: 0.648078, 0, 7.5
front back
photon_ene: 661.6 photon_theta: 0.124919 photon_phi: 5.47129
traject_len: 5.01863
pe_len: 13.1988 cs_len: 1.20807
---
else
else
else
else
front: 0, 2.06914, 2.5
side: 0, 0, 0
front only
else
front: 0.840517, 0, 2.5
side: 0, 0, 0
front only
else
else
front: 0, 0.783478, 2.5
back: 0, 2.35043, 7.5
front back
photon_ene: 661.6 photon_theta: 0.313727 photon_phi: 1.83255
traject_len: 5.23979
pe_len: 71.6179 cs_len: 2.42466
---
else
else
else
else
else
else
front: 0.20697, 0, 2.5
back: 0.620911, 0, 7.5
front back
photon_ene: 661.6 photon_theta: 0.16206 photon_phi: 5.24336
traject_len: 5.01711
pe_len: 12.4257 cs_len: 5.76368
---
else
front: 0.600452, 0, 2.5
side: 0, 0, 0
front only
else
else
front: 0, 0.843807, 2.5
side: 0, 0, 0
front only
else
else
else
else
front: 0, 1.95881, 2.5
side: 0, 0, 0
front only
else
else
front: 0, 0, 2.5
side: 0, 0, 0
front only
front: 0, 0, 2.5
side: 0, 0, 0
front only
front: 0, 0, 2.5
side: 0, 0, 0
front only
else
front: 0.460603, 1.42854, 2.5
side: 0, 0, 0
front only
front: 0, 0, 2.5
back: 0, 0, 7.5
front back
photon_ene: 661.6 photon_theta: 0.231567 photon_phi: 4.42417
traject_len: 5
pe_len: 31.5113 cs_len: 13.7422
---
front: 0, 0, 2.5
side: 0, 0, 0
front only
else
else
else
else
front: 0.0422841, 0, 2.5
side: 0, 0, 0
front only
else
else
front: 0, 0, 2.5
back: 0, 0, 7.5
front back
photon_ene: 661.6 photon_theta: 3.12645 photon_phi: 0.202078
traject_len: 5
pe_len: 25.4942 cs_len: 0.717311
---
else
else
else
front: 0.982177, 0.728441, 2.5
side: 0, 0, 0
front only
else
front: 0, 0.308897, 2.5
back: 0, 0.926692, 7.5
front back
photon_ene: 661.6 photon_theta: 0.269852 photon_phi: 2.67851
traject_len: 5.03802
pe_len: 20.5743 cs_len: 4.34087
---
front: 1.85774, 0, 2.5
side: 0, 0, 0
front only
front: 0.158719, 0, 2.5
back: 0.476156, 0, 7.5
front back
photon_ene: 661.6 photon_theta: 0.164034 photon_phi: 5.10604
traject_len: 5.01007
pe_len: 3.01787 cs_len: 3.92974
---
else
else
else
front: 0.0415978, 1.43693, 2.5
side: 0, 0, 0
front only
else
front: 0.525284, 0, 2.5
side: 0, 0, 0
front only
front: 0, 0, 2.5
back: 0, 0, 7.5
front back
photon_ene: 661.6 photon_theta: 0.185035 photon_phi: 3.96574
traject_len: 5
pe_len: 5.13739 cs_len: 1.14982
---
front: 0.300254, 1.94259, 2.5
side: 0, 0, 0
front only
front: 0, 2.33534, 2.5
side: 0, 0, 0
front only
else
else
else
else
front: 0, 1.00378, 2.5
side: 0, 0, 0
front only
else
else
front: 1.2969, 0.25931, 2.5
side: 0, 0, 0
front only
else
else
front: 0, 1.19121, 2.5
side: 0, 0, 0
front only
else
else
else
front: 0.606031, 0, 2.5
side: 0, 0, 0
front only
else
else
front: 0.823601, 2.1382, 2.5
side: 0, 0, 0
front only
front: 0, 0.541843, 2.5
side: 0, 0, 0
front only
else
else
else
else
else
else
else
front: 0, 2.22238, 2.5
side: 0, 0, 0
front only
else
else
else
else
else
else
else
else
else
else
front: 0, 0, 2.5
side: 0, 0, 0
front only
else
else
front: 0, 0, 2.5
side: 0, 0, 0
front only
else
else
else
front: 0.19191, 1.00224, 2.5
side: 0, 0, 0
front only
else
else
else
else
else
else
else
else
else
else
else
front: 0, 0, 2.5
side: 0, 0, 0
front only
front: 0.195695, 0, 2.5
back: 0.587085, 0, 7.5
front back
photon_ene: 661.6 photon_theta: 2.95686 photon_phi: 2.00302
traject_len: 5.0153
pe_len: 19.1089 cs_len: 1.7071
---
else
else
else
else
front: 0, 0.369924, 2.5
back: 0, 1.10977, 7.5
front back
photon_ene: 661.6 photon_theta: 2.98977 photon_phi: 4.96945
traject_len: 5.05444
pe_len: 20.9306 cs_len: 0.973628
---
else
front: 0, 0.457535, 2.5
back: 0, 1.37261, 7.5
front back
photon_ene: 661.6 photon_theta: 2.87825 photon_phi: 5.53704
traject_len: 5.08305
pe_len: 36.7704 cs_len: 7.30569
---
else
else
else
else
else
else
else
else
else
front: 0, 0, 2.5
side: 0, 0, 0
front only
else
else
else
front: 0, 0.222648, 2.5
back: 0, 0.667943, 7.5
front back
photon_ene: 661.6 photon_theta: 2.91961 photon_phi: 5.87756
traject_len: 5.01979
pe_len: 15.2781 cs_len: 4.18174
---
else
else
else
else
front: 0.622833, 1.25817, 2.5
side: 0, 0, 0
front only
front: 0.715873, 0, 2.5
side: 0, 0, 0
front only
else
front: 0.817258, 0, 2.5
side: 0, 0, 0
front only
else
front: 0.918389, 0, 2.5
side: 0, 0, 0
front only
else
else
else
else
else
else
else
else
front: 0.277846, 0, 2.5
back: 0.833538, 0, 7.5
front back
photon_ene: 661.6 photon_theta: 2.93852 photon_phi: 2.14093
traject_len: 5.03078
pe_len: 19.1683 cs_len: 4.90171
---
front: 0, 0, 2.5
side: 0, 0, 0
front only
else
front: 1.34658, 0, 2.5
side: 0, 0, 0
front only
else
else
else
else
else
front: 0, 0, 2.5
side: 0, 0, 0
front only
front: 1.56164, 0, 2.5
side: 0, 0, 0
front only
else
else
else
else
front: 0, 0, 2.5
side: 0, 0, 0
front only
else
front: 0, 0, 2.5
side: 0, 0, 0
front only
else
else
else
else
else
else
else
else
else
else
else
else
front: 0.936145, 0.567801, 2.5
side: 0, 0, 0
front only
else
else
else
else
else
else
front: 0, 0, 2.5
side: 0, 0, 0
front only
front: 0, 0, 2.5
side: 0, 0, 0
front only
else
else
else
else
else
else
front: 0.300058, 0, 2.5
side: 0, 0, 0
front only
else
else
else
else
else
front: 1.2304, 0.912189, 2.5
side: 0, 0, 0
front only
else
else
else
else
else
else
else
front: 0, 0, 2.5
side: 0, 0, 0
front only
else
else
front: 0.548249, 0.669902, 2.5
side: 0, 0, 0
front only
else
front: 0, 0.947483, 2.5
side: 0, 0, 0
front only
else
else
front: 1.56728, 1.3134, 2.5
side: 0, 0, 0
front only
else
front: 0, 0, 2.5
side: 0, 0, 0
front only
front: 0, 0, 2.5
side: 0, 0, 0
front only
else
else
front: 0, 0.111581, 2.5
side: 0, 0, 0
front only
front: 1.00095, 0, 2.5
side: 0, 0, 0
front only
front: 0, 0, 2.5
side: 0, 0, 0
front only
else
else
else
front: 0, 0, 2.5
side: 0, 0, 0
front only
else
else
else
else
else
else
else
else
else
front: 1.65561, 1.53029, 2.5
side: 0, 0, 0
front only
else
else
else
else
else
front: 0, 1.73596, 2.5
side: 0, 0, 0
front only
else
front: 0.931739, 2.05487, 2.5
side: 0, 0, 0
front only
else
else
front: 1.7675, 0, 2.5
side: 0, 0, 0
front only
front: 0, 0.295533, 2.5
side: 0, 0, 0
front only
front: 1.37722, 0.180302, 2.5
side: 0, 0, 0
front only
else
front: 0.400951, 0, 2.5
side: 0, 0, 0
front only
front: 1.24734, 0.481431, 2.5
side: 0, 0, 0
front only
front: 0.564218, 0.457737, 2.5
back: 1.69265, 1.37321, 7.5
front back
photon_ene: 661.6 photon_theta: 0.282827 photon_phi: 0.68158
traject_len: 5.20687
pe_len: 19.8286 cs_len: 2.31555
---
else
else
else
else
else
front: 1.86553, 0, 2.5
side: 0, 0, 0
front only
else
else
else
else
else
else
else
else
else
else
front: 1.58443, 0, 2.5
side: 0, 0, 0
front only
else
front: 0, 1.62925, 2.5
side: 0, 0, 0
front only
front: 0, 0.214285, 2.5
side: 0, 0, 0
front only
else
front: 1.08497, 0, 2.5
side: 0, 0, 0
front only
front: 0, 0.444169, 2.5
side: 0, 0, 0
front only
else
front: 0, 0, 2.5
side: 0, 0, 0
front only
else
else
else
else
else
else
front: 0, 1.62591, 2.5
side: 0, 0, 0
front only
front: 0.54287, 0, 2.5
side: 0, 0, 0
front only
else
front: 0, 0, 2.5
side: 0, 0, 0
front only
else
front: 0, 1.18334, 2.5
side: 0, 0, 0
front only
else
front: 0, 0, 2.5
side: 0, 0, 0
front only
else
else
front: 0, 0, 2.5
side: 0, 0, 0
front only
else
front: 0.230709, 0.871145, 2.5
side: 0, 0, 0
front only
else
front: 1.76983, 0.706457, 2.5
side: 0, 0, 0
front only
front: 0, 1.90498, 2.5
side: 0, 0, 0
front only
front: 0, 1.55838, 2.5
side: 0, 0, 0
front only
else
else
else
else
else
else
else
front: 0, 0, 2.5
side: 0, 0, 0
front only
front: 1.01355, 2.27785, 2.5
side: 0, 0, 0
front only
else
front: 1.51844, 1.58815, 2.5
side: 0, 0, 0
front only
else
else
else
else
else
else
else
else
else
else
else
else
else
else
else
else
else
front: 0, 0, 2.5
back: 0, 0, 7.5
front back
photon_ene: 661.6 photon_theta: 0.242286 photon_phi: 4.1945
traject_len: 5
pe_len: 15.1602 cs_len: 3.44058
---
else
else
front: 0.0396631, 0, 2.5
side: 0, 0, 0
front only
front: 1.1387, 0, 2.5
side: 0, 0, 0
front only
front: 0, 0, 2.5
side: 0, 0, 0
front only
front: 0.332042, 1.37431, 2.5
side: 0, 0, 0
front only
front: 0.553321, 0.193711, 2.5
back: 1.65996, 0.581132, 7.5
front back
photon_ene: 661.6 photon_theta: 2.91126 photon_phi: 3.47835
traject_len: 5.13564
pe_len: 17.0253 cs_len: 1.23482
---
front: 0, 1.3852, 2.5
side: 0, 0, 0
front only
else
front: 0, 0, 2.5
side: 0, 0, 0
front only
else
front: 1.17357, 0, 2.5
side: 0, 0, 0
front only
else
else
else
else
else
else
else
else
else
else
else
else
else
front: 0.079886, 0, 2.5
back: 0.239658, 0, 7.5
front back
photon_ene: 661.6 photon_theta: 0.0877077 photon_phi: 5.0843
traject_len: 5.00255
pe_len: 31.4497 cs_len: 3.31863
---
front: 0, 1.52039, 2.5
side: 0, 0, 0
front only
front: 0, 0.0555291, 2.5
side: 0, 0, 0
front only
front: 1.36763, 0.912005, 2.5
side: 0, 0, 0
front only
else
else
else
else
else
else
else
else
else
else
else
else
else
else
front: 0, 1.54089, 2.5
side: 0, 0, 0
front only
else
else
else
else
front: 0, 1.14453, 2.5
side: 0, 0, 0
front only
front: 1.99089, 1.35847, 2.5
side: 0, 0, 0
front only
else
front: 1.87506, 0, 2.5
side: 0, 0, 0
front only
front: 0.715445, 0.164557, 2.5
back: 2.14633, 0.49367, 7.5
front back
photon_ene: 661.6 photon_theta: 0.285621 photon_phi: 0.226074
traject_len: 5.21112
pe_len: 13.0476 cs_len: 4.03599
---
front: 0, 0, 2.5
back: 0, 0, 7.5
front back
photon_ene: 661.6 photon_theta: 2.86272 photon_phi: 0.493371
traject_len: 5
pe_len: 11.7279 cs_len: 3.34303
---
else
front: 1.5876, 1.74339, 2.5
side: 0, 0, 0
front only
front: 0.341443, 0, 2.5
back: 1.02433, 0, 7.5
front back
photon_ene: 661.6 photon_theta: 2.92091 photon_phi: 2.22536
traject_len: 5.04642
pe_len: 34.3665 cs_len: 0.668574
---
else
else
else
else
front: 1.33513, 1.01534, 2.5
side: 0, 0, 0
front only
else
front: 0, 0, 2.5
side: 0, 0, 0
front only
front: 0, 0.360038, 2.5
back: 0, 1.08011, 7.5
front back
photon_ene: 661.6 photon_theta: 2.84552 photon_phi: 5.79149
traject_len: 5.05158
pe_len: 0.798802 cs_len: 8.59585
---
front: 0.52677, 0.656293, 2.5
side: 0, 0, 0
front only
front: 0.63449, 1.67424, 2.5
side: 0, 0, 0
front only
else
front: 0, 0, 2.5
side: 0, 0, 0
front only
else
else
else
else
else
else
else
front: 1.307, 0, 2.5
side: 0, 0, 0
front only
else
else
else
front: 0.565804, 0, 2.5
side: 0, 0, 0
front only
else
else
front: 0.782848, 0, 2.5
side: 0, 0, 0
front only
else
else
else
else
front: 0, 0.644864, 2.5
back: 0, 1.93459, 7.5
front back
photon_ene: 661.6 photon_theta: 2.87228 photon_phi: 5.07629
traject_len: 5.16366
pe_len: 11.6858 cs_len: 6.81324
---
else
front: 2.18503, 0.627681, 2.5
side: 0, 0, 0
front only
else
else
else
else
front: 0.641759, 1.87638, 2.5
side: 0, 0, 0
front only
else
front: 0.677642, 0.2033, 2.5
back: 2.03293, 0.609901, 7.5
front back
photon_ene: 661.6 photon_theta: 2.86581 photon_phi: 3.43306
traject_len: 5.19636
pe_len: 13.6863 cs_len: 15.1481
---
else
else
front: 0, 0, 2.5
side: 0, 0, 0
front only
else
else
else
front: 0.381873, 0.283953, 2.5
back: 1.14562, 0.851859, 7.5
front back
photon_ene: 661.6 photon_theta: 2.95349 photon_phi: 3.78097
traject_len: 5.08978
pe_len: 22.2837 cs_len: 10.251
---
else
else
else
else
else
front: 0, 0, 2.5
side: 0, 0, 0
front only
else
else
front: 1.32598, 0, 2.5
side: 0, 0, 0
front only
else
front: 0, 0, 2.5
side: 0, 0, 0
front only
else
else
front: 0, 1.10484, 2.5
side: 0, 0, 0
front only
else
else
else
else
else
else
front: 1.94264, 0.91169, 2.5
side: 0, 0, 0
front only
front: 0, 0, 2.5
side: 0, 0, 0
front only
else
else
else
front: 2.34197, 0.470702, 2.5
side: 0, 0, 0
front only
else
front: 0, 0.831279, 2.5
side: 0, 0, 0
front only
else
else
else
else
else
front: 0.910956, 0.708294, 2.5
side: 0, 0, 0
front only
front: 0, 0, 2.5
back: 0, 0, 7.5
front back
photon_ene: 661.6 photon_theta: 2.86045 photon_phi: 1.48008
traject_len: 5
pe_len: 110.813 cs_len: 3.55466
---
else
else
else
front: 0.598295, 0, 2.5
back: 1.79489, 0, 7.5
front back
photon_ene: 661.6 photon_theta: 2.88687 photon_phi: 2.73662
traject_len: 5.14119
pe_len: 21.8792 cs_len: 0.270148
---
else
else
else
else
else
front: 0, 1.92432, 2.5
side: 0, 0, 0
front only
else
else
front: 0.501986, 0, 2.5
side: 0, 0, 0
front only
front: 0, 1.87402, 2.5
side: 0, 0, 0
front only
front: 0, 1.10713, 2.5
side: 0, 0, 0
front only
else
else
else
else
else
else
front: 0, 0, 2.5
side: 0, 0, 0
front only
else
front: 0, 0, 2.5
side: 0, 0, 0
front only
else
front: 0.440286, 2.04982, 2.5
side: 0, 0, 0
front only
else
else
else
else
else
else
front: 0, 1.26098, 2.5
side: 0, 0, 0
front only
else
else
front: 0, 0, 2.5
back: 0, 0, 7.5
front back
photon_ene: 661.6 photon_theta: 3.0506 photon_phi: 0.803865
traject_len: 5
pe_len: 44.5448 cs_len: 13.4843
---
front: 0.28102, 0, 2.5
side: 0, 0, 0
front only
else
else
else
else
else
else
else
front: 0, 0.504255, 2.5
side: 0, 0, 0
front only
else
else
else
front: 0, 0, 2.5
side: 0, 0, 0
front only
front: 0, 0.432346, 2.5
side: 0, 0, 0
front only
else
else
else
else
front: 2.11014, 0, 2.5
side: 0, 0, 0
front only
else
front: 0, 0, 2.5
side: 0, 0, 0
front only
else
else
front: 1.09045, 0.438738, 2.5
side: 0, 0, 0
front only
else
front: 0, 2.14917, 2.5
side: 0, 0, 0
front only
else
front: 0.568392, 0, 2.5
side: 0, 0, 0
front only
else
else
front: 0.485469, 1.76303, 2.5
side: 0, 0, 0
front only
front: 0.589741, 1.63809, 2.5
side: 0, 0, 0
front only
else
else
front: 1.29113, 0, 2.5
side: 0, 0, 0
front only
else
else
front: 0.732929, 1.92144, 2.5
side: 0, 0, 0
front only
else
else
front: 0.730235, 0, 2.5
side: 0, 0, 0
front only
else
front: 1.66153, 0.0848907, 2.5
side: 0, 0, 0
front only
else
front: 0, 0, 2.5
side: 0, 0, 0
front only
front: 0, 1.25826, 2.5
side: 0, 0, 0
front only
else
else
front: 0, 0, 2.5
side: 0, 0, 0
front only
else
else
else
else
else
else
else
front: 0, 0, 2.5
side: 0, 0, 0
front only
front: 0, 0.145915, 2.5
side: 0, 0, 0
front only
else
else
front: 0, 0, 2.5
side: 0, 0, 0
front only
else
else
else
else
front: 0, 0.14036, 2.5
back: 0, 0.421079, 7.5
front back
photon_ene: 661.6 photon_theta: 0.135945 photon_phi: 2.71865
traject_len: 5.00787
pe_len: 50.2896 cs_len: 1.27834
---
else
else
front: 0.353108, 0, 2.5
side: 0, 0, 0
front only
else
front: 0.964231, 0.461377, 2.5
side: 0, 0, 0
front only
else
else
front: 0.0418315, 0, 2.5
back: 0.125494, 0, 7.5
front back
photon_ene: 661.6 photon_theta: 0.20301 photon_phi: 4.79377
traject_len: 5.0007
pe_len: 86.1565 cs_len: 1.08725
---
front: 0, 0, 2.5
side: 0, 0, 0
front only
else
front: 0.741315, 0.87306, 2.5
side: 0, 0, 0
front only
else
else
else
front: 0.279061, 0.293321, 2.5
back: 0.837182, 0.879963, 7.5
front back
photon_ene: 661.6 photon_theta: 0.16055 photon_phi: 0.810307
traject_len: 5.06514
pe_len: 69.0014 cs_len: 5.59902
---
else
else
front: 1.16264, 0, 2.5
side: 0, 0, 0
front only
else
else
front: 0, 1.09919, 2.5
side: 0, 0, 0
front only
else
else
else
else
front: 0, 1.53108, 2.5
side: 0, 0, 0
front only
front: 0, 0.772809, 2.5
back: 0, 2.31843, 7.5
front back
photon_ene: 661.6 photon_theta: 2.84091 photon_phi: 4.7913
traject_len: 5.23344
pe_len: 3.30711 cs_len: 2.16735
---
else
front: 0, 0.787827, 2.5
side: 0, 0, 0
front only
front: 0.643234, 0, 2.5
back: 1.9297, 0, 7.5
front back
photon_ene: 661.6 photon_theta: 2.88216 photon_phi: 2.89365
traject_len: 5.16285
pe_len: 19.0623 cs_len: 4.74397
---
else
front: 0.469885, 0, 2.5
side: 0, 0, 0
front only
else
front: 0.816509, 0, 2.5
side: 0, 0, 0
front only
else
else
front: 0.247134, 1.61961, 2.5
side: 0, 0, 0
front only
else
front: 0.470586, 0.0171901, 2.5
back: 1.41176, 0.0515704, 7.5
front back
photon_ene: 661.6 photon_theta: 2.95541 photon_phi: 3.17811
traject_len: 5.08793
pe_len: 2.20346 cs_len: 6.83014
---
else
front: 0, 0, 2.5
side: 0, 0, 0
front only
else
else
else
front: 0.90043, 0.0168087, 2.5
side: 0, 0, 0
front only
else
else
else
else
else
else
else
front: 0, 0, 2.5
side: 0, 0, 0
front only
else
else
front: 0, 0, 2.5
side: 0, 0, 0
front only
else
front: 0, 1.06838, 2.5
side: 0, 0, 0
front only
else
else
front: 0, 1.7901, 2.5
side: 0, 0, 0
front only
else
front: 0.270674, 0, 2.5
back: 0.812022, 0, 7.5
front back
photon_ene: 661.6 photon_theta: 0.155377 photon_phi: 5.47554
traject_len: 5.02922
pe_len: 11.0121 cs_len: 6.16773
---
else
else
front: 0, 0, 2.5
side: 0, 0, 0
front only
else
else
front: 0, 0.805763, 2.5
side: 0, 0, 0
front only
else
else
front: 0.537869, 0, 2.5
back: 1.61361, 0, 7.5
front back
photon_ene: 661.6 photon_theta: 0.217788 photon_phi: 6.04688
traject_len: 5.11441
pe_len: 29.6691 cs_len: 6.65551
---
else
else
else
else
front: 0, 0, 2.5
back: 0, 0, 7.5
front back
photon_ene: 661.6 photon_theta: 2.88398 photon_phi: 0.109316
traject_len: 5
pe_len: 49.7237 cs_len: 0.601784
---
else
else
else
front: 0, 1.55098, 2.5
side: 0, 0, 0
front only
front: 0.722936, 0.895769, 2.5
side: 0, 0, 0
front only
else
else
else
else
else
else
else
front: 0.187616, 0, 2.5
side: 0, 0, 0
front only
else
else
else
else
front: 0.322358, 0, 2.5
side: 0, 0, 0
front only
front: 0, 0.728587, 2.5
side: 0, 0, 0
front only
else
else
else
front: 0.44838, 0, 2.5
side: 0, 0, 0
front only
front: 0, 0.148883, 2.5
side: 0, 0, 0
front only
else
else
else
else
else
else
front: 0, 0.567453, 2.5
side: 0, 0, 0
front only
else
else
else
front: 0, 0, 2.5
side: 0, 0, 0
front only
else
else
else
else
else
else
else
else
else
front: 0.390173, 0.83809, 2.5
side: 0, 0, 0
front only
else
else
else
else
else
front: 0, 0.904478, 2.5
side: 0, 0, 0
front only
front: 0, 0, 2.5
side: 0, 0, 0
front only
front: 0, 0, 2.5
side: 0, 0, 0
front only
else
else
else
else
else
else
else
else
else
front: 0, 0.620403, 2.5
side: 0, 0, 0
front only
else
else
else
else
front: 0.859981, 0, 2.5
side: 0, 0, 0
front only
front: 1.2286, 0.0824443, 2.5
side: 0, 0, 0
front only
else
else
else
else
else
else
else
else
else
else
else
else
else
front: 0, 0, 2.5
side: 0, 0, 0
front only
front: 0.134622, 0, 2.5
side: 0, 0, 0
front only
else
front: 0, 0.0329188, 2.5
side: 0, 0, 0
front only
else
else
else
front: 0.541859, 0, 2.5
side: 0, 0, 0
front only
front: 2.1239, 0, 2.5
side: 0, 0, 0
front only
front: 0, 0.658222, 2.5
side: 0, 0, 0
front only
else
else
else
else
else
else
else
else
else
else
else
else
front: 0.300425, 0.881655, 2.5
side: 0, 0, 0
front only
else
else
else
else
else
else
front: 0.214524, 0, 2.5
side: 0, 0, 0
front only
else
else
front: 0, 0.0896737, 2.5
back: 0, 0.269021, 7.5
front back
photon_ene: 661.6 photon_theta: 3.09435 photon_phi: 5.422
traject_len: 5.00322
pe_len: 27.1738 cs_len: 6.12754
---
else
else
else
front: 1.16359, 0, 2.5
side: 0, 0, 0
front only
else
else
else
front: 0.929199, 0, 2.5
side: 0, 0, 0
front only
front: 2.20229, 0.535331, 2.5
side: 0, 0, 0
front only
front: 1.92569, 0, 2.5
side: 0, 0, 0
front only
else
else
front: 1.02321, 0, 2.5
side: 0, 0, 0
front only
front: 1.55359, 0, 2.5
side: 0, 0, 0
front only
else
front: 0, 2.16141, 2.5
side: 0, 0, 0
front only
else
else
front: 0, 0, 2.5
side: 0, 0, 0
front only
else
else
front: 1.57904, 0.263081, 2.5
side: 0, 0, 0
front only
front: 0, 0, 2.5
side: 0, 0, 0
front only
else
else
else
front: 0, 2.05372, 2.5
side: 0, 0, 0
front only
front: 1.34521, 0, 2.5
side: 0, 0, 0
front only
else
else
front: 1.18904, 0.866101, 2.5
side: 0, 0, 0
front only
else
else
else
front: 0, 0.0190606, 2.5
side: 0, 0, 0
front only
else
front: 1.38096, 1.52977, 2.5
side: 0, 0, 0
front only
else
else
front: 0, 2.16725, 2.5
side: 0, 0, 0
front only
else
front: 0, 0, 2.5
side: 0, 0, 0
front only
else
else
else
else
else
front: 0, 0, 2.5
side: 0, 0, 0
front only
else
else
else
else
else
else
front: 1.08686, 0, 2.5
side: 0, 0, 0
front only
front: 0, 0, 2.5
side: 0, 0, 0
front only
else
else
front: 0.741227, 1.96458, 2.5
side: 0, 0, 0
front only
else
else
else
else
else
front: 0, 0, 2.5
side: 0, 0, 0
front only
else
else
front: 0, 0, 2.5
back: 0, 0, 7.5
front back
photon_ene: 661.6 photon_theta: 3.0478 photon_phi: 1.08719
traject_len: 5
pe_len: 1.05545 cs_len: 2.06029
---
else
front: 1.22809, 1.37073, 2.5
side: 0, 0, 0
front only
else
else
else
else
else
else
else
else
else
else
else
else
else
else
front: 0.443715, 0, 2.5
back: 1.33114, 0, 7.5
front back
photon_ene: 661.6 photon_theta: 0.175859 photon_phi: 6.23472
traject_len: 5.07814
pe_len: 9.86802 cs_len: 1.55676
---
front: 0.00897517, 0.346203, 2.5
back: 0.0269255, 1.03861, 7.5
front back
photon_ene: 661.6 photon_theta: 3.00394 photon_phi: 4.68647
traject_len: 5.04775
pe_len: 12.2857 cs_len: 2.97562
---
front: 1.06654, 0, 2.5
side: 0, 0, 0
front only
else
else
else
front: 0, 0, 2.5
back: 0, 0, 7.5
front back
photon_ene: 661.6 photon_theta: 0.207143 photon_phi: 4.16276
traject_len: 5
pe_len: 7.46803 cs_len: 3.51872
---
else
else
else
else
else
front: 0, 0, 2.5
side: 0, 0, 0
front only
front: 0, 0, 2.5
side: 0, 0, 0
front only
else
else
else
front: 0.23673, 0.354039, 2.5
back: 0.71019, 1.06212, 7.5
front back
photon_ene: 661.6 photon_theta: 2.97286 photon_phi: 4.12301
traject_len: 5.07204
pe_len: 10.3048 cs_len: 4.64365
---
else
else
else
else
front: 0, 0, 2.5
back: 0, 0, 7.5
front back
photon_ene: 661.6 photon_theta: 0.0669854 photon_phi: 4.30033
traject_len: 5
pe_len: 16.3134 cs_len: 3.86323
---
else
front: 0.0112708, 0.634715, 2.5
back: 0.0338125, 1.90414, 7.5
front back
photon_ene: 661.6 photon_theta: 0.24867 photon_phi: 1.55304
traject_len: 5.15868
pe_len: 11.466 cs_len: 1.34929
---
else
else
else
else
front: 2.05691, 1.15763, 2.5
side: 0, 0, 0
front only
else
else
else
else
else
front: 0.896655, 0, 2.5
side: 0, 0, 0
front only
else
else
else
else
front: 0, 0.463123, 2.5
side: 0, 0, 0
front only
else
else
else
else
front: 1.00481, 0.221098, 2.5
side: 0, 0, 0
front only
else
front: 0.870486, 0.478444, 2.5
side: 0, 0, 0
front only
front: 0.237651, 0.827738, 2.5
side: 0, 0, 0
front only
else
front: 1.96962, 0.373881, 2.5
side: 0, 0, 0
front only
front: 0.836776, 1.33976, 2.5
side: 0, 0, 0
front only
front: 0, 0.103181, 2.5
back: 0, 0.309542, 7.5
front back
photon_ene: 661.6 photon_theta: 0.0447673 photon_phi: 1.97015
traject_len: 5.00426
pe_len: 41.2794 cs_len: 12.172
---
front: 0, 1.08563, 2.5
side: 0, 0, 0
front only
else
else
else
else
else
else
else
else
front: 0, 0.848536, 2.5
side: 0, 0, 0
front only
front: 2.16624, 0.963466, 2.5
side: 0, 0, 0
front only
else
else
front: 1.67238, 0, 2.5
side: 0, 0, 0
front only
else
else
front: 1.49133, 0.338048, 2.5
side: 0, 0, 0
front only
else
front: 0, 0, 2.5
side: 0, 0, 0
front only
front: 0, 1.13178, 2.5
side: 0, 0, 0
front only
front: 0, 0, 2.5
side: 0, 0, 0
front only
else
else
else
else
front: 1.52782, 0, 2.5
side: 0, 0, 0
front only
else
front: 0.582621, 0, 2.5
side: 0, 0, 0
front only
else
else
else
else
front: 0.844307, 0, 2.5
side: 0, 0, 0
front only
front: 0.186085, 0.228056, 2.5
back: 0.558256, 0.684168, 7.5
front back
photon_ene: 661.6 photon_theta: 0.117197 photon_phi: 0.886397
traject_len: 5.03454
pe_len: 87.4907 cs_len: 10.156
---
else
front: 0, 1.03293, 2.5
side: 0, 0, 0
front only
else
front: 0, 0.408154, 2.5
back: 0, 1.22446, 7.5
front back
photon_ene: 661.6 photon_theta: 2.95525 photon_phi: 5.23612
traject_len: 5.0662
pe_len: 14.5422 cs_len: 2.10145
---
else
else
front: 0, 0, 2.5
back: 0, 0, 7.5
front back
photon_ene: 661.6 photon_theta: 2.89511 photon_phi: 0.106806
traject_len: 5
pe_len: 14.621 cs_len: 11.9384
---
front: 1.27038, 0, 2.5
side: 0, 0, 0
front only
else
front: 0, 0, 2.5
side: 0, 0, 0
front only
front: 0, 0, 2.5
side: 0, 0, 0
front only
else
front: 0.115471, 1.64797, 2.5
side: 0, 0, 0
front only
else
else
else
else
else
else
else
else
front: 0.853822, 1.46278, 2.5
side: 0, 0, 0
front only
else
else
front: 0.80153, 1.35672, 2.5
side: 0, 0, 0
front only
else
front: 0.433455, 0, 2.5
side: 0, 0, 0
front only
front: 0.25855, 0.882739, 2.5
side: 0, 0, 0
front only
else
front: 0.266663, 0, 2.5
side: 0, 0, 0
front only
else
front: 0.295831, 1.87618, 2.5
side: 0, 0, 0
front only
else
else
else
else
front: 0.860982, 0.92495, 2.5
side: 0, 0, 0
front only
else
front: 0, 0, 2.5
side: 0, 0, 0
front only
front: 1.49346, 0, 2.5
side: 0, 0, 0
front only
front: 0.680315, 2.27321, 2.5
side: 0, 0, 0
front only
else
front: 0.230642, 0, 2.5
side: 0, 0, 0
front only
else
else
else
else
else
else
else
front: 0, 0.0113053, 2.5
side: 0, 0, 0
front only
front: 0, 0, 2.5
side: 0, 0, 0
front only
else
else
else
front: 0, 0, 2.5
side: 0, 0, 0
front only
else
else
else
else
else
else
front: 0, 0.284208, 2.5
back: 0, 0.852624, 7.5
front back
photon_ene: 661.6 photon_theta: 3.02332 photon_phi: 5.00767
traject_len: 5.03221
pe_len: 40.2674 cs_len: 11.6543
---
front: 0.068897, 0, 2.5
side: 0, 0, 0
front only
else
front: 0.0166449, 0.52496, 2.5
back: 0.0499347, 1.57488, 7.5
front back
photon_ene: 661.6 photon_theta: 0.207078 photon_phi: 1.5391
traject_len: 5.10915
pe_len: 15.3105 cs_len: 4.93529
---
else
else
else
else
else
front: 0, 0, 2.5
back: 0, 0, 7.5
front back
photon_ene: 661.6 photon_theta: 2.95924 photon_phi: 0.470225
traject_len: 5
pe_len: 6.87042 cs_len: 0.0313157
---
front: 0, 1.71891, 2.5
side: 0, 0, 0
front only
front: 0, 0, 2.5
side: 0, 0, 0
front only
else
front: 0.76217, 0, 2.5
back: 2.28651, 0, 7.5
front back
photon_ene: 661.6 photon_theta: 0.296182 photon_phi: 6.23961
traject_len: 5.2272
pe_len: 19.6314 cs_len: 5.15742
---
else
else
front: 0, 0, 2.5
side: 0, 0, 0
front only
else
front: 0.382049, 0, 2.5
back: 1.14615, 0, 7.5
front back
photon_ene: 661.6 photon_theta: 2.92103 photon_phi: 2.32074
traject_len: 5.05805
pe_len: 23.3428 cs_len: 1.03338
---
front: 1.07953, 1.14226, 2.5
side: 0, 0, 0
front only
else
else
else
front: 0, 0, 2.5
side: 0, 0, 0
front only
front: 0.358135, 0, 2.5
back: 1.0744, 0, 7.5
front back
photon_ene: 661.6 photon_theta: 2.86473 photon_phi: 2.09917
traject_len: 5.05104
pe_len: 20.2785 cs_len: 2.21231
---
else
else
else
else
else
else
else
else
else
front: 2.08529, 0.900992, 2.5
side: 0, 0, 0
front only
else
else
else
else
front: 0, 1.34881, 2.5
side: 0, 0, 0
front only
else
else
else
front: 1.44697, 0.704037, 2.5
side: 0, 0, 0
front only
front: 0.134285, 1.02614, 2.5
side: 0, 0, 0
front only
else
else
else
else
front: 0, 0.0765, 2.5
side: 0, 0, 0
front only
else
front: 0, 0, 2.5
side: 0, 0, 0
front only
front: 0, 0, 2.5
side: 0, 0, 0
front only
else
else
else
front: 1.99388, 0.266081, 2.5
side: 0, 0, 0
front only
front: 0.467213, 0, 2.5
side: 0, 0, 0
front only
else
else
else
else
else
else
else
else
front: 1.47016, 1.83534, 2.5
side: 0, 0, 0
front only
else
else
else
else
else
else
front: 1.94075, 1.04692, 2.5
side: 0, 0, 0
front only
else
front: 0, 1.91609, 2.5
side: 0, 0, 0
front only
else
else
else
front: 0, 1.13826, 2.5
side: 0, 0, 0
front only
else
else
front: 0, 1.0767, 2.5
side: 0, 0, 0
front only
else
front: 0.853625, 1.48812, 2.5
side: 0, 0, 0
front only
else
else
else
front: 0.940978, 0, 2.5
side: 0, 0, 0
front only
front: 1.00973, 0.178725, 2.5
side: 0, 0, 0
front only
else
front: 0, 0.054786, 2.5
back: 0, 0.164358, 7.5
front back
photon_ene: 661.6 photon_theta: 2.86048 photon_phi: 6.20722
traject_len: 5.0012
pe_len: 12.9181 cs_len: 3.97405
---
else
else
else
else
else
else
front: 1.36771, 0.807092, 2.5
side: 0, 0, 0
front only
else
else
front: 0, 1.55892, 2.5
side: 0, 0, 0
front only
else
else
else
else
else
else
front: 0, 1.17483, 2.5
side: 0, 0, 0
front only
else
else
else
else
else
else
else
front: 2.31974, 0, 2.5
side: 0, 0, 0
front only
else
else
else
else
front: 0.181041, 0, 2.5
side: 0, 0, 0
front only
else
else
else
else
else
front: 0, 0, 2.5
side: 0, 0, 0
front only
else
else
else
else
else
front: 0.513616, 0, 2.5
side: 0, 0, 0
front only
else
front: 0.597542, 2.10126, 2.5
side: 0, 0, 0
front only
else
front: 0, 2.12766, 2.5
side: 0, 0, 0
front only
else
else
else
front: 0.241375, 1.42223, 2.5
side: 0, 0, 0
front only
else
else
front: 0, 0, 2.5
back: 0, 0, 7.5
front back
photon_ene: 661.6 photon_theta: 0.260545 photon_phi: 3.37007
traject_len: 5
pe_len: 28.6743 cs_len: 3.62083
---
else
front: 0.162376, 1.288, 2.5
side: 0, 0, 0
front only
front: 0, 0.525699, 2.5
side: 0, 0, 0
front only
else
else
front: 0.332463, 1.68292, 2.5
side: 0, 0, 0
front only
else
else
else
else
else
else
front: 0.801402, 0, 2.5
side: 0, 0, 0
front only
front: 0, 0, 2.5
side: 0, 0, 0
front only
else
front: 0.164943, 0.102696, 2.5
back: 0.49483, 0.308089, 7.5
front back
photon_ene: 661.6 photon_theta: 3.06403 photon_phi: 3.69848
traject_len: 5.01508
pe_len: 21.5403 cs_len: 2.84908
---
else
else
else
front: 0, 0.341008, 2.5
side: 0, 0, 0
front only
front: 0, 0, 2.5
side: 0, 0, 0
front only
else
else
else
front: 0.336232, 0, 2.5
side: 0, 0, 0
front only
else
else
else
else
else
else
else
else
else
front: 0.521663, 2.23603, 2.5
side: 0, 0, 0
front only
else
else
front: 0, 0.176569, 2.5
back: 0, 0.529708, 7.5
front back
photon_ene: 661.6 photon_theta: 0.301476 photon_phi: 2.91246
traject_len: 5.01246
pe_len: 15.2276 cs_len: 1.2788
---
else
else
front: 0, 0.579545, 2.5
side: 0, 0, 0
front only
else
front: 1.02712, 0, 2.5
side: 0, 0, 0
front only
else
front: 1.73501, 0, 2.5
side: 0, 0, 0
front only
else
front: 0, 0, 2.5
side: 0, 0, 0
front only
else
else
front: 0.751807, 1.73565, 2.5
side: 0, 0, 0
front only
else
else
else
else
else
else
else
front: 0.492171, 0.361736, 2.5
back: 1.47651, 1.08521, 7.5
front back
photon_ene: 661.6 photon_theta: 2.90196 photon_phi: 3.77541
traject_len: 5.14707
pe_len: 17.5915 cs_len: 5.50027
---
else
else
else
else
front: 0, 1.80829, 2.5
side: 0, 0, 0
front only
else
else
else
front: 1.74662, 0, 2.5
side: 0, 0, 0
front only
else
else
front: 0, 0, 2.5
side: 0, 0, 0
front only
else
else
front: 1.02314, 1.43073, 2.5
side: 0, 0, 0
front only
else
front: 0, 0, 2.5
side: 0, 0, 0
front only
else
else
else
else
else
else
else
else
else
else
front: 0, 0, 2.5
side: 0, 0, 0
front only
else
else
else
else
else
front: 1.28791, 0, 2.5
side: 0, 0, 0
front only
front: 0, 0, 2.5
side: 0, 0, 0
front only
else
front: 0.133798, 0, 2.5
side: 0, 0, 0
front only
else
else
else
else
else
front: 0, 1.96005, 2.5
side: 0, 0, 0
front only
front: 1.11455, 0, 2.5
side: 0, 0, 0
front only
else
else
front: 1.29918, 0, 2.5
side: 0, 0, 0
front only
else
else
front: 0.160047, 0, 2.5
back: 0.48014, 0, 7.5
front back
photon_ene: 661.6 photon_theta: 0.290297 photon_phi: 4.92836
traject_len: 5.01024
pe_len: 100.297 cs_len: 0.155166
---
else
front: 0, 0.675329, 2.5
side: 0, 0, 0
front only
else
else
else
front: 0, 0.838854, 2.5
side: 0, 0, 0
front only
front: 1.82071, 0.23427, 2.5
side: 0, 0, 0
front only
else
else
else
else
else
front: 0, 0, 2.5
side: 0, 0, 0
front only
else
front: 0.00528447, 1.20668, 2.5
side: 0, 0, 0
front only
else
front: 0, 0, 2.5
side: 0, 0, 0
front only
else
else
else
else
else
else
else
else
else
else
else
else
else
else
else
else
else
else
else
else
else
else
else
else
else
front: 0.781885, 0, 2.5
side: 0, 0, 0
front only
else
else
else
front: 0, 0.212355, 2.5
side: 0, 0, 0
front only
else
front: 2.31729, 0, 2.5
side: 0, 0, 0
front only
else
else
else
front: 0, 0, 2.5
back: 0, 0, 7.5
front back
photon_ene: 661.6 photon_theta: 0.308138 photon_phi: 4.26563
traject_len: 5
pe_len: 10.3762 cs_len: 5.92352
---
else
else
else
front: 0, 0, 2.5
side: 0, 0, 0
front only
else
else
else
front: 0.0288003, 1.60501, 2.5
side: 0, 0, 0
front only
else
else
else
else
else
else
else
else
else
else
front: 2.37066, 0, 2.5
side: 0, 0, 0
front only
else
front: 0.0227319, 0, 2.5
side: 0, 0, 0
front only
else
else
else
else
else
else
else
else
else
else
else
front: 0, 0.949047, 2.5
side: 0, 0, 0
front only
else
front: 0, 0.46779, 2.5
side: 0, 0, 0
front only
else
else
else
else
front: 0, 0, 2.5
side: 0, 0, 0
front only
front: 0.45606, 0.296173, 2.5
back: 1.36818, 0.888519, 7.5
front back
photon_ene: 661.6 photon_theta: 0.21418 photon_phi: 0.575965
traject_len: 5.11692
pe_len: 0.936263 cs_len: 0.898916
---
else
front: 0.984973, 0, 2.5
side: 0, 0, 0
front only
else
else
else
else
else
else
front: 0, 0.0923393, 2.5
side: 0, 0, 0
front only
front: 0, 1.83755, 2.5
side: 0, 0, 0
front only
else
front: 0, 1.75858, 2.5
side: 0, 0, 0
front only
else
else
front: 0, 0, 2.5
side: 0, 0, 0
front only
else
front: 0, 1.75947, 2.5
side: 0, 0, 0
front only
else
else
front: 0.344811, 0, 2.5
back: 1.03443, 0, 7.5
front back
photon_ene: 661.6 photon_theta: 0.318688 photon_phi: 5.14367
traject_len: 5.04733
pe_len: 6.99856 cs_len: 6.3481
---
else
front: 1.54704, 0.659236, 2.5
side: 0, 0, 0
front only
else
else
else
else
else
else
else
else
else
else
else
else
else
else
else
else
else
front: 0, 0.6242, 2.5
side: 0, 0, 0
front only
else
else
else
else
front: 0, 0, 2.5
back: 0, 0, 7.5
front back
photon_ene: 661.6 photon_theta: 3.00121 photon_phi: 1.51852
traject_len: 5
pe_len: 23.1513 cs_len: 11.806
---
else
else
front: 1.90144, 0, 2.5
side: 0, 0, 0
front only
else
else
else
else
front: 0, 0.391544, 2.5
side: 0, 0, 0
front only
else
else
else
else
front: 1.1761, 0.469446, 2.5
side: 0, 0, 0
front only
front: 0, 0.134041, 2.5
back: 0, 0.402122, 7.5
front back
photon_ene: 661.6 photon_theta: 2.9416 photon_phi: 6.0155
traject_len: 5.00718
pe_len: 8.49155 cs_len: 12.4353
---
else
else
else
else
else
else
else
else
else
else
else
front: 0, 0.667478, 2.5
side: 0, 0, 0
front only
front: 0, 0.372132, 2.5
side: 0, 0, 0
front only
else
else
else
else
front: 0, 1.39294, 2.5
side: 0, 0, 0
front only
else
front: 0.50572, 0, 2.5
side: 0, 0, 0
front only
else
else
else
else
else
else
front: 0, 0, 2.5
side: 0, 0, 0
front only
else
else
else
else
else
else
front: 0, 0, 2.5
side: 0, 0, 0
front only
else
front: 0.00871028, 0, 2.5
side: 0, 0, 0
front only
front: 0, 0.621624, 2.5
back: 0, 1.86487, 7.5
front back
photon_ene: 661.6 photon_theta: 0.269694 photon_phi: 2.02295
traject_len: 5.15225
pe_len: 10.8725 cs_len: 2.7409
---
front: 2.46499, 0.344173, 2.5
side: 0, 0, 0
front only
else
front: 1.99358, 0, 2.5
side: 0, 0, 0
front only
else
else
else
else
front: 2.40518, 0.203341, 2.5
side: 0, 0, 0
front only
else
else
else
else
front: 2.26007, 0.300217, 2.5
side: 0, 0, 0
front only
else
else
else
else
else
else
else
else
front: 0, 1.08468, 2.5
side: 0, 0, 0
front only
else
front: 0, 0, 2.5
side: 0, 0, 0
front only
else
front: 1.01269, 0, 2.5
side: 0, 0, 0
front only
else
else
else
front: 0, 0, 2.5
side: 0, 0, 0
front only
else
else
else
else
else
else
front: 0, 0, 2.5
side: 0, 0, 0
front only
else
else
else
else
front: 0, 0, 2.5
side: 0, 0, 0
front only
else
front: 1.31095, 0, 2.5
side: 0, 0, 0
front only
else
else
else
else
else
else
front: 0, 2.23017, 2.5
side: 0, 0, 0
front only
else
front: 1.78117, 0, 2.5
side: 0, 0, 0
front only
front: 0, 0, 2.5
back: 0, 0, 7.5
front back
photon_ene: 661.6 photon_theta: 0.127164 photon_phi: 3.41483
traject_len: 5
pe_len: 69.8267 cs_len: 3.62547
---
else
front: 0, 2.33219, 2.5
side: 0, 0, 0
front only
else
else
else
else
front: 1.70645, 0.72677, 2.5
side: 0, 0, 0
front only
front: 0.235652, 0, 2.5
side: 0, 0, 0
front only
front: 0, 2.03978, 2.5
side: 0, 0, 0
front only
front: 1.85342, 1.49811, 2.5
side: 0, 0, 0
front only
else
else
else
else
front: 0, 0, 2.5
side: 0, 0, 0
front only
front: 0, 0, 2.5
side: 0, 0, 0
front only
front: 1.72767, 1.30342, 2.5
side: 0, 0, 0
front only
else
else
else
front: 0.0965515, 0.117033, 2.5
back: 0.289654, 0.3511, 7.5
front back
photon_ene: 661.6 photon_theta: 0.0606137 photon_phi: 0.881002
traject_len: 5.0092
pe_len: 8.21561 cs_len: 3.80024
---
else
else
else
front: 1.6448, 1.83647, 2.5
side: 0, 0, 0
front only
front: 0, 1.84305, 2.5
side: 0, 0, 0
front only
front: 0.420505, 0.502198, 2.5
back: 1.26151, 1.50659, 7.5
front back
photon_ene: 661.6 photon_theta: 0.256241 photon_phi: 0.873705
traject_len: 5.16876
pe_len: 39.4337 cs_len: 2.31773
---
else
else
else
front: 0.10835, 0, 2.5
side: 0, 0, 0
front only
else
else
else
front: 0, 0, 2.5
side: 0, 0, 0
front only
front: 0.248326, 0, 2.5
side: 0, 0, 0
front only
else
else
front: 0, 1.13756, 2.5
side: 0, 0, 0
front only
else
else
else
else
else
else
else
else
front: 0.967073, 0, 2.5
side: 0, 0, 0
front only
else
else
else
else
else
front: 0, 0.626454, 2.5
side: 0, 0, 0
front only
else
else
else
else
else
front: 0.268588, 0.171709, 2.5
back: 0.805763, 0.515126, 7.5
front back
photon_ene: 661.6 photon_theta: 0.126829 photon_phi: 0.568818
traject_len: 5.04049
pe_len: 56.5341 cs_len: 3.11109
---
else
else
front: 0, 1.48684, 2.5
side: 0, 0, 0
front only
else
front: 0.630877, 1.10574, 2.5
side: 0, 0, 0
front only
else
front: 0, 0, 2.5
back: 0, 0, 7.5
front back
photon_ene: 661.6 photon_theta: 0.198009 photon_phi: 3.17903
traject_len: 5
pe_len: 25.4282 cs_len: 22.2952
---
front: 0, 0, 2.5
side: 0, 0, 0
front only
else
front: 1.08121, 0, 2.5
side: 0, 0, 0
front only
else
else
front: 0, 0, 2.5
side: 0, 0, 0
front only
front: 0, 0, 2.5
side: 0, 0, 0
front only
else
else
front: 0.600168, 0, 2.5
side: 0, 0, 0
front only
else
else
front: 0, 0, 2.5
back: 0, 0, 7.5
front back
photon_ene: 661.6 photon_theta: 2.94325 photon_phi: 0.286176
traject_len: 5
pe_len: 1.87309 cs_len: 6.38579
---
else
front: 0, 0.0323282, 2.5
side: 0, 0, 0
front only
else
else
else
front: 1.06762, 2.04651, 2.5
side: 0, 0, 0
front only
else
else
else
else
front: 0.780972, 0, 2.5
side: 0, 0, 0
front only
front: 0, 0, 2.5
side: 0, 0, 0
front only
front: 1.36622, 0, 2.5
side: 0, 0, 0
front only
else
else
else
else
front: 1.73214, 0, 2.5
side: 0, 0, 0
front only
else
else
else
front: 1.25981, 0, 2.5
side: 0, 0, 0
front only
front: 0.692075, 0.131595, 2.5
back: 2.07622, 0.394784, 7.5
front back
photon_ene: 661.6 photon_theta: 0.274668 photon_phi: 0.187902
traject_len: 5.19472
pe_len: 0.0372154 cs_len: 7.01441
---
else
else
front: 0, 0.350765, 2.5
side: 0, 0, 0
front only
front: 1.94415, 0, 2.5
side: 0, 0, 0
front only
else
front: 0, 0.989334, 2.5
side: 0, 0, 0
front only
else
front: 0.198707, 0.902277, 2.5
side: 0, 0, 0
front only
else
else
else
else
else
front: 0, 0.239822, 2.5
side: 0, 0, 0
front only
else
front: 1.47537, 0, 2.5
side: 0, 0, 0
front only
else
front: 0, 1.09515, 2.5
side: 0, 0, 0
front only
else
else
else
front: 0, 0.894164, 2.5
side: 0, 0, 0
front only
else
else
else
else
front: 1.25346, 0, 2.5
side: 0, 0, 0
front only
else
else
else
else
else
else
else
front: 0, 0, 2.5
side: 0, 0, 0
front only
else
front: 0.502482, 0, 2.5
side: 0, 0, 0
front only
else
front: 0, 1.50831, 2.5
side: 0, 0, 0
front only
else
else
else
else
else
front: 0, 0.251832, 2.5
side: 0, 0, 0
front only
front: 2.39306, 0.0308036, 2.5
side: 0, 0, 0
front only
front: 1.20716, 0, 2.5
side: 0, 0, 0
front only
else
else
else
front: 0.73691, 0, 2.5
side: 0, 0, 0
front only
front: 0, 0, 2.5
side: 0, 0, 0
front only
front: 0, 0.980858, 2.5
side: 0, 0, 0
front only
else
front: 0.560573, 0, 2.5
back: 1.68172, 0, 7.5
front back
photon_ene: 661.6 photon_theta: 0.221558 photon_phi: 6.18767
traject_len: 5.12416
pe_len: 15.6993 cs_len: 1.80516
---
else
else
front: 1.08623, 0.610555, 2.5
side: 0, 0, 0
front only
front: 0.574416, 1.80484, 2.5
side: 0, 0, 0
front only
front: 0.548896, 0, 2.5
back: 1.64669, 0, 7.5
front back
photon_ene: 661.6 photon_theta: 2.88798 photon_phi: 2.58126
traject_len: 5.1191
pe_len: 50.6764 cs_len: 3.64905
---
front: 1.62554, 0, 2.5
side: 0, 0, 0
front only
front: 0, 0, 2.5
side: 0, 0, 0
front only
else
front: 0, 0, 2.5
side: 0, 0, 0
front only
front: 1.05771, 0.167654, 2.5
side: 0, 0, 0
front only
else
else
else
else
else
else
else
else
front: 1.51352, 1.6189, 2.5
side: 0, 0, 0
front only
front: 0, 0.323561, 2.5
side: 0, 0, 0
front only
else
else
else
else
else
else
else
else
else
else
else
front: 0.654583, 2.33496, 2.5
side: 0, 0, 0
front only
front: 0.935985, 0.836785, 2.5
side: 0, 0, 0
front only
else
else
else
front: 0.433921, 0, 2.5
side: 0, 0, 0
front only
front: 0.272439, 2.41735, 2.5
side: 0, 0, 0
front only
else
else
else
else
else
else
front: 0.601646, 1.78405, 2.5
side: 0, 0, 0
front only
else
else
else
else
else
else
else
front: 0.100679, 1.83622, 2.5
side: 0, 0, 0
front only
else
else
else
else
else
front: 0, 0, 2.5
side: 0, 0, 0
front only
else
else
front: 0, 0, 2.5
side: 0, 0, 0
front only
else
else
else
else
else
else
else
else
else
else
front: 0.679595, 0, 2.5
side: 0, 0, 0
front only
front: 0, 2.19212, 2.5
side: 0, 0, 0
front only
else
else
front: 0.0147739, 2.18549, 2.5
side: 0, 0, 0
front only
else
front: 0, 1.21424, 2.5
side: 0, 0, 0
front only
else
front: 0, 0, 2.5
side: 0, 0, 0
front only
else
else
front: 0, 0.879961, 2.5
side: 0, 0, 0
front only
else
front: 1.52232, 0.46958, 2.5
side: 0, 0, 0
front only
front: 0, 1.96422, 2.5
side: 0, 0, 0
front only
else
else
else
else
else
else
front: 0.325942, 1.39195, 2.5
side: 0, 0, 0
front only
else
else
else
else
else
else
else
else
else
else
front: 0, 0.592797, 2.5
back: 0, 1.77839, 7.5
front back
photon_ene: 661.6 photon_theta: 2.83045 photon_phi: 5.45407
traject_len: 5.13864
pe_len: 115.864 cs_len: 3.34154
---
front: 0, 0, 2.5
side: 0, 0, 0
front only
else
front: 0, 0, 2.5
back: 0, 0, 7.5
front back
photon_ene: 661.6 photon_theta: 2.92239 photon_phi: 1.0185
traject_len: 5
pe_len: 39.2457 cs_len: 0.576035
---
else
else
else
else
else
else
front: 1.65913, 1.83095, 2.5
side: 0, 0, 0
front only
front: 0, 0, 2.5
side: 0, 0, 0
front only
else
else
else
front: 0, 0, 2.5
side: 0, 0, 0
front only
else
else
else
else
else
else
else
else
else
else
else
else
else
else
else
else
front: 1.68748, 0, 2.5
side: 0, 0, 0
front only
else
else
else
else
else
front: 0.973456, 0.874189, 2.5
side: 0, 0, 0
front only
else
else
else
else
else
else
else
front: 0.546161, 0, 2.5
back: 1.63848, 0, 7.5
front back
photon_ene: 661.6 photon_theta: 0.22047 photon_phi: 6.05819
traject_len: 5.11793
pe_len: 26.9615 cs_len: 2.17182
---
front: 0.898774, 0, 2.5
side: 0, 0, 0
front only
front: 0, 0, 2.5
side: 0, 0, 0
front only
else
front: 1.36807, 0, 2.5
side: 0, 0, 0
front only
else
else
else
else
else
front: 0, 0.0963279, 2.5
back: 0, 0.288984, 7.5
front back
photon_ene: 661.6 photon_theta: 0.190332 photon_phi: 2.94024
traject_len: 5.00371
pe_len: 6.33111 cs_len: 4.93507
---
else
else
else
else
else
front: 0, 0.996849, 2.5
side: 0, 0, 0
front only
else
else
else
front: 0, 0, 2.5
side: 0, 0, 0
front only
front: 0, 1.55125, 2.5
side: 0, 0, 0
front only
else
else
front: 0.718226, 0, 2.5
side: 0, 0, 0
front only
front: 0, 0.849746, 2.5
side: 0, 0, 0
front only
front: 1.37537, 0.537713, 2.5
side: 0, 0, 0
front only
else
front: 0, 0.0158283, 2.5
side: 0, 0, 0
front only
front: 0.286019, 0, 2.5
back: 0.858057, 0, 7.5
front back
photon_ene: 661.6 photon_theta: 0.131233 photon_phi: 5.7611
traject_len: 5.03262
pe_len: 30.9831 cs_len: 18.3525
---
else
else
else
else
else
else
else
else
else
else
front: 0, 0.434287, 2.5
side: 0, 0, 0
front only
else
front: 0, 1.64707, 2.5
side: 0, 0, 0
front only
else
front: 0, 0, 2.5
side: 0, 0, 0
front only
front: 0.0640677, 0, 2.5
back: 0.192203, 0, 7.5
front back
photon_ene: 661.6 photon_theta: 0.190533 photon_phi: 4.84565
traject_len: 5.00164
pe_len: 53.5214 cs_len: 1.74846
---
else
else
else
front: 1.48137, 0, 2.5
side: 0, 0, 0
front only
else
else
else
else
else
else
front: 0, 0, 2.5
side: 0, 0, 0
front only
else
else
else
else
front: 1.09533, 0.504743, 2.5
side: 0, 0, 0
front only
else
else
else
front: 1.36619, 1.14055, 2.5
side: 0, 0, 0
front only
else
else
front: 1.87601, 1.17466, 2.5
side: 0, 0, 0
front only
else
else
front: 0.873014, 0, 2.5
side: 0, 0, 0
front only
else
else
else
front: 0, 0.237033, 2.5
back: 0, 0.7111, 7.5
front back
photon_ene: 661.6 photon_theta: 0.106219 photon_phi: 2.04587
traject_len: 5.02242
pe_len: 110.032 cs_len: 15.9473
---
front: 0, 0.759304, 2.5
back: 0, 2.27791, 7.5
front back
photon_ene: 661.6 photon_theta: 0.295656 photon_phi: 1.64603
traject_len: 5.22553
pe_len: 39.0598 cs_len: 0.826866
---
front: 0.566289, 2.38151, 2.5
side: 0, 0, 0
front only
else
else
front: 0, 0.778175, 2.5
side: 0, 0, 0
front only
else
else
else
front: 2.09579, 1.23635, 2.5
side: 0, 0, 0
front only
else
else
front: 0.384674, 0.576249, 2.5
back: 1.15402, 1.72875, 7.5
front back
photon_ene: 661.6 photon_theta: 2.87124 photon_phi: 4.12378
traject_len: 5.18846
pe_len: 49.5303 cs_len: 6.08709
---
else
front: 0, 0, 2.5
side: 0, 0, 0
front only
else
else
else
else
front: 0, 0, 2.5
back: 0, 0, 7.5
front back
photon_ene: 661.6 photon_theta: 0.283811 photon_phi: 4.29542
traject_len: 5
pe_len: 6.06807 cs_len: 0.15666
---
front: 1.1806, 0, 2.5
side: 0, 0, 0
front only
front: 0, 0, 2.5
back: 0, 0, 7.5
front back
photon_ene: 661.6 photon_theta: 0.245265 photon_phi: 4.14729
traject_len: 5
pe_len: 28.0382 cs_len: 8.58045
---
else
else
front: 0.983193, 0.393279, 2.5
side: 0, 0, 0
front only
front: 0, 0.997652, 2.5
side: 0, 0, 0
front only
else
else
front: 0.475753, 0.590829, 2.5
back: 1.42726, 1.77249, 7.5
front back
photon_ene: 661.6 photon_theta: 0.294597 photon_phi: 0.892875
traject_len: 5.2251
pe_len: 44.2471 cs_len: 1.5252
---
front: 2.05422, 0.178016, 2.5
side: 0, 0, 0
front only
front: 2.28027, 0.630895, 2.5
side: 0, 0, 0
front only
else
front: 0, 0.592712, 2.5
side: 0, 0, 0
front only
else
else
else
else
front: 0.206609, 0, 2.5
side: 0, 0, 0
front only
else
front: 0.979942, 1.05137, 2.5
side: 0, 0, 0
front only
else
front: 0.903851, 0, 2.5
side: 0, 0, 0
front only
else
else
else
else
else
else
else
else
front: 1.18788, 0, 2.5
side: 0, 0, 0
front only
else
front: 1.40853, 0, 2.5
side: 0, 0, 0
front only
front: 0.394454, 0, 2.5
side: 0, 0, 0
front only
else
else
else
else
else
else
else
else
else
else
else
front: 0.320886, 1.61277, 2.5
side: 0, 0, 0
front only
else
else
else
else
else
else
else
else
front: 1.42171, 0, 2.5
side: 0, 0, 0
front only
else
front: 0, 0.48108, 2.5
back: 0, 1.44324, 7.5
front back
photon_ene: 661.6 photon_theta: 2.94021 photon_phi: 5.05291
traject_len: 5.09173
pe_len: 0.581418 cs_len: 1.02583
---
front: 2.31718, 0.267797, 2.5
side: 0, 0, 0
front only
else
else
else
else
else
else
else
else
else
else
else
else
else
front: 0, 1.02158, 2.5
side: 0, 0, 0
front only
else
front: 0, 0.363379, 2.5
side: 0, 0, 0
front only
else
front: 0, 1.16588, 2.5
side: 0, 0, 0
front only
front: 0.482488, 0, 2.5
side: 0, 0, 0
front only
else
else
else
else
else
front: 0, 0, 2.5
side: 0, 0, 0
front only
front: 0, 0, 2.5
side: 0, 0, 0
front only
front: 0.968438, 1.20643, 2.5
side: 0, 0, 0
front only
else
else
else
else
else
front: 0, 1.75203, 2.5
side: 0, 0, 0
front only
else
front: 0.95628, 0.662603, 2.5
side: 0, 0, 0
front only
front: 0, 0.953394, 2.5
side: 0, 0, 0
front only
front: 0, 0.392761, 2.5
side: 0, 0, 0
front only
else
front: 0, 0, 2.5
back: 0, 0, 7.5
front back
photon_ene: 661.6 photon_theta: 0.20715 photon_phi: 3.60883
traject_len: 5
pe_len: 16.4869 cs_len: 0.888885
---
else
else
else
front: 1.18451, 0, 2.5
side: 0, 0, 0
front only
front: 0, 0.617488, 2.5
back: 0, 1.85247, 7.5
front back
photon_ene: 661.6 photon_theta: 2.86214 photon_phi: 5.24652
traject_len: 5.15026
pe_len: 2.73455 cs_len: 4.38147
---
else
front: 0.695075, 0, 2.5
back: 2.08523, 0, 7.5
front back
photon_ene: 661.6 photon_theta: 0.272975 photon_phi: 6.16558
traject_len: 5.18965
pe_len: 16.9503 cs_len: 1.91555
---
else
front: 1.30441, 0, 2.5
side: 0, 0, 0
front only
else
else
front: 0.98516, 0, 2.5
side: 0, 0, 0
front only
else
else
else
front: 0, 0, 2.5
back: 0, 0, 7.5
front back
photon_ene: 661.6 photon_theta: 0.264645 photon_phi: 3.90251
traject_len: 5
pe_len: 15.3287 cs_len: 3.22186
---
else
front: 0, 0.429813, 2.5
side: 0, 0, 0
front only
front: 0, 0, 2.5
side: 0, 0, 0
front only
front: 0, 0, 2.5
side: 0, 0, 0
front only
else
else
else
else
else
else
else
else
else
else
else
else
front: 0, 1.17909, 2.5
side: 0, 0, 0
front only
else
front: 0, 1.5217, 2.5
side: 0, 0, 0
front only
front: 0, 0, 2.5
back: 0, 0, 7.5
front back
photon_ene: 661.6 photon_theta: 0.120359 photon_phi: 4.29581
traject_len: 5
pe_len: 39.6482 cs_len: 0.94426
---
else
else
else
front: 1.68021, 0.259796, 2.5
side: 0, 0, 0
front only
front: 0, 0.387313, 2.5
side: 0, 0, 0
front only
front: 0.749723, 0, 2.5
side: 0, 0, 0
front only
else
else
else
else
else
front: 0.38443, 0, 2.5
side: 0, 0, 0
front only
else
else
else
else
else
else
else
front: 0, 1.00477, 2.5
side: 0, 0, 0
front only
front: 0.420963, 0, 2.5
side: 0, 0, 0
front only
else
front: 0, 0, 2.5
side: 0, 0, 0
front only
else
front: 0.404241, 0.560635, 2.5
back: 1.21272, 1.6819, 7.5
front back
photon_ene: 661.6 photon_theta: 2.87186 photon_phi: 4.08768
traject_len: 5.18757
pe_len: 49.1925 cs_len: 0.708641
---
front: 0, 0, 2.5
back: 0, 0, 7.5
front back
photon_ene: 661.6 photon_theta: 0.262469 photon_phi: 4.01275
traject_len: 5
pe_len: 17.6877 cs_len: 4.04979
---
else
else
front: 0, 0, 2.5
back: 0, 0, 7.5
front back
photon_ene: 661.6 photon_theta: 2.87065 photon_phi: 0.825629
traject_len: 5
pe_len: 54.5688 cs_len: 9.37938
---
front: 0.0379959, 2.39184, 2.5
side: 0, 0, 0
front only
front: 0.563739, 0.726262, 2.5
side: 0, 0, 0
front only
else
else
else
else
else
else
else
else
else
else
else
else
else
front: 1.67196, 0, 2.5
side: 0, 0, 0
front only
else
else
front: 0, 1.50662, 2.5
side: 0, 0, 0
front only
else
else
else
front: 0, 2.22937, 2.5
side: 0, 0, 0
front only
else
else
else
front: 0.178219, 0, 2.5
side: 0, 0, 0
front only
else
else
else
else
else
front: 0.641564, 0, 2.5
back: 1.92469, 0, 7.5
front back
photon_ene: 661.6 photon_theta: 0.252093 photon_phi: 6.19739
traject_len: 5.16202
pe_len: 1.65155 cs_len: 3.37746
---
front: 0, 0.470279, 2.5
back: 0, 1.41084, 7.5
front back
photon_ene: 661.6 photon_theta: 2.95372 photon_phi: 4.85784
traject_len: 5.0877
pe_len: 35.7942 cs_len: 4.49112
---
else
else
else
front: 0.512017, 1.12925, 2.5
side: 0, 0, 0
front only
else
else
else
front: 1.78901, 0, 2.5
side: 0, 0, 0
front only
else
else
else
else
else
else
front: 0, 0.269162, 2.5
side: 0, 0, 0
front only
else
else
front: 1.46034, 0, 2.5
side: 0, 0, 0
front only
front: 0.315736, 0, 2.5
side: 0, 0, 0
front only
else
else
else
else
else
else
else
else
else
else
else
else
front: 0, 0, 2.5
back: 0, 0, 7.5
front back
photon_ene: 661.6 photon_theta: 3.01574 photon_phi: 1.53259
traject_len: 5
pe_len: 20.3816 cs_len: 2.70239
---
else
else
front: 0, 0, 2.5
side: 0, 0, 0
front only
else
front: 1.92372, 0.486871, 2.5
side: 0, 0, 0
front only
front: 1.93739, 1.41802, 2.5
side: 0, 0, 0
front only
front: 2.01289, 0.413413, 2.5
side: 0, 0, 0
front only
else
front: 0, 0.296285, 2.5
side: 0, 0, 0
front only
else
front: 0, 0.461573, 2.5
back: 0, 1.38472, 7.5
front back
photon_ene: 661.6 photon_theta: 2.90961 photon_phi: 5.38606
traject_len: 5.08451
pe_len: 59.359 cs_len: 2.42704
---
else
else
else
else
else
else
else
else
front: 0, 1.14113, 2.5
side: 0, 0, 0
front only
else
else
else
else
front: 1.12802, 1.4745, 2.5
side: 0, 0, 0
front only
front: 0.0195215, 0, 2.5
back: 0.0585646, 0, 7.5
front back
photon_ene: 661.6 photon_theta: 0.267404 photon_phi: 4.7409
traject_len: 5.00015
pe_len: 58.8609 cs_len: 0.338476
---
else
front: 0.594177, 0, 2.5
back: 1.78253, 0, 7.5
front back
photon_ene: 661.6 photon_theta: 0.273302 photon_phi: 5.72433
traject_len: 5.13928
pe_len: 35.453 cs_len: 6.10916
---
else
front: 0.925395, 0.693272, 2.5
side: 0, 0, 0
front only
else
else
else
front: 0, 0.748496, 2.5
side: 0, 0, 0
front only
else
else
front: 0.178467, 0, 2.5
back: 0.535402, 0, 7.5
front back
photon_ene: 661.6 photon_theta: 3.0589 photon_phi: 2.60865
traject_len: 5.01272
pe_len: 95.7086 cs_len: 8.09377
---
else
front: 0, 0.242975, 2.5
side: 0, 0, 0
front only
else
else
else
front: 0.103966, 0, 2.5
back: 0.311897, 0, 7.5
front back
photon_ene: 661.6 photon_theta: 3.08876 photon_phi: 2.47586
traject_len: 5.00432
pe_len: 121.22 cs_len: 3.03157
---
else
else
else
else
else
front: 0.530867, 0, 2.5
side: 0, 0, 0
front only
else
front: 0.381854, 1.45266, 2.5
side: 0, 0, 0
front only
front: 1.73814, 0, 2.5
side: 0, 0, 0
front only
else
else
front: 1.25329, 1.42897, 2.5
side: 0, 0, 0
front only
else
front: 1.97009, 0, 2.5
side: 0, 0, 0
front only
else
front: 0.245908, 1.57789, 2.5
side: 0, 0, 0
front only
else
front: 1.44753, 0.626105, 2.5
side: 0, 0, 0
front only
else
else
else
else
else
else
front: 0, 0, 2.5
side: 0, 0, 0
front only
else
else
else
else
else
else
front: 0, 0, 2.5
side: 0, 0, 0
front only
else
else
front: 1.44027, 0, 2.5
side: 0, 0, 0
front only
front: 0, 0.431068, 2.5
back: 0, 1.2932, 7.5
front back
photon_ene: 661.6 photon_theta: 2.97078 photon_phi: 4.74115
traject_len: 5.07378
pe_len: 47.1102 cs_len: 3.42311
---
else
front: 0, 0.185203, 2.5
back: 0, 0.55561, 7.5
front back
photon_ene: 661.6 photon_theta: 0.0945346 photon_phi: 2.24484
traject_len: 5.0137
pe_len: 33.9321 cs_len: 0.624651
---
else
else
front: 0, 0, 2.5
back: 0, 0, 7.5
front back
photon_ene: 661.6 photon_theta: 2.85946 photon_phi: 0.830492
traject_len: 5
pe_len: 7.79649 cs_len: 5.64928
---
front: 0, 0, 2.5
side: 0, 0, 0
front only
front: 0.326766, 1.80799, 2.5
side: 0, 0, 0
front only
front: 0, 0, 2.5
side: 0, 0, 0
front only
else
front: 1.64134, 0, 2.5
side: 0, 0, 0
front only
front: 0, 0.532908, 2.5
side: 0, 0, 0
front only
else
front: 1.22102, 1.36796, 2.5
side: 0, 0, 0
front only
else
front: 1.00051, 0.798665, 2.5
side: 0, 0, 0
front only
else
else
else
front: 0.0270357, 0, 2.5
side: 0, 0, 0
front only
front: 0, 0.803857, 2.5
side: 0, 0, 0
front only
else
else
else
else
else
else
else
front: 0.0366491, 0.782643, 2.5
back: 0.109947, 2.34793, 7.5
front back
photon_ene: 661.6 photon_theta: 0.303705 photon_phi: 1.524
traject_len: 5.2398
pe_len: 10.4803 cs_len: 0.765815
---
else
else
else
else
else
front: 0, 0, 2.5
back: 0, 0, 7.5
front back
photon_ene: 661.6 photon_theta: 2.82762 photon_phi: 0.189109
traject_len: 5
pe_len: 66.8906 cs_len: 3.3097
---
else
else
else
else
front: 1.90175, 1.45533, 2.5
side: 0, 0, 0
front only
else
front: 0, 0, 2.5
side: 0, 0, 0
front only
front: 1.6219, 0, 2.5
side: 0, 0, 0
front only
else
front: 1.64284, 0, 2.5
side: 0, 0, 0
front only
else
front: 1.07797, 0.559326, 2.5
side: 0, 0, 0
front only
front: 1.3893, 0.109368, 2.5
side: 0, 0, 0
front only
else
front: 0.338418, 1.36571, 2.5
side: 0, 0, 0
front only
else
front: 1.8427, 0, 2.5
side: 0, 0, 0
front only
else
else
front: 0.110356, 0, 2.5
side: 0, 0, 0
front only
else
else
front: 0.51433, 1.77147, 2.5
side: 0, 0, 0
front only
else
front: 1.19077, 1.86222, 2.5
side: 0, 0, 0
front only
else
else
front: 0.811395, 0, 2.5
side: 0, 0, 0
front only
else
else
else
else
else
front: 2.30318, 0, 2.5
side: 0, 0, 0
front only
front: 0.771302, 0.482228, 2.5
side: 0, 0, 0
front only
else
front: 0.480366, 0.112934, 2.5
back: 1.4411, 0.338801, 7.5
front back
photon_ene: 661.6 photon_theta: 2.94671 photon_phi: 3.3725
traject_len: 5.09647
pe_len: 6.91412 cs_len: 3.0244
---
else
else
else
else
else
else
else
front: 0, 1.10859, 2.5
side: 0, 0, 0
front only
else
else
else
else
else
else
front: 0, 0.417519, 2.5
side: 0, 0, 0
front only
else
else
else
else
front: 1.06638, 0, 2.5
side: 0, 0, 0
front only
front: 0, 0.100318, 2.5
side: 0, 0, 0
front only
else
else
else
front: 0, 0.263837, 2.5
side: 0, 0, 0
front only
else
front: 0.0115316, 2.10643, 2.5
side: 0, 0, 0
front only
front: 0.156387, 0, 2.5
back: 0.469161, 0, 7.5
front back
photon_ene: 661.6 photon_theta: 0.120183 photon_phi: 5.25689
traject_len: 5.00977
pe_len: 10.3286 cs_len: 5.59818
---
front: 1.46084, 0, 2.5
side: 0, 0, 0
front only
else
else
front: 0, 0, 2.5
back: 0, 0, 7.5
front back
photon_ene: 661.6 photon_theta: 0.27347 photon_phi: 4.58033
traject_len: 5
pe_len: 15.3393 cs_len: 3.46837
---
else
else
else
front: 0, 0.751123, 2.5
side: 0, 0, 0
front only
else
else
else
front: 0, 0, 2.5
side: 0, 0, 0
front only
else
front: 0, 0, 2.5
side: 0, 0, 0
front only
else
else
front: 0, 0, 2.5
side: 0, 0, 0
front only
else
else
else
else
else
front: 0.190711, 0, 2.5
side: 0, 0, 0
front only
front: 0, 0, 2.5
back: 0, 0, 7.5
front back
photon_ene: 661.6 photon_theta: 0.153405 photon_phi: 3.66641
traject_len: 5
pe_len: 49.9175 cs_len: 4.43678
---
else
else
else
else
else
else
front: 0, 0, 2.5
back: 0, 0, 7.5
front back
photon_ene: 661.6 photon_theta: 0.171203 photon_phi: 3.32848
traject_len: 5
pe_len: 5.42901 cs_len: 4.70863
---
front: 0.0571032, 0, 2.5
back: 0.17131, 0, 7.5
front back
photon_ene: 661.6 photon_theta: 0.23947 photon_phi: 4.80608
traject_len: 5.0013
pe_len: 53.0038 cs_len: 1.07183
---
else
else
else
else
front: 0.544228, 0, 2.5
back: 1.63268, 0, 7.5
front back
photon_ene: 661.6 photon_theta: 0.214533 photon_phi: 6.2409
traject_len: 5.1171
pe_len: 12.9441 cs_len: 0.291156
---
front: 2.28037, 0, 2.5
side: 0, 0, 0
front only
front: 0, 0, 2.5
side: 0, 0, 0
front only
else
front: 1.56225, 0.573355, 2.5
side: 0, 0, 0
front only
else
front: 0, 0.936373, 2.5
side: 0, 0, 0
front only
front: 0, 0.944775, 2.5
side: 0, 0, 0
front only
front: 1.92771, 0, 2.5
side: 0, 0, 0
front only
else
front: 0, 0.944238, 2.5
side: 0, 0, 0
front only
front: 1.77012, 0.0258453, 2.5
side: 0, 0, 0
front only
else
front: 0.538194, 0, 2.5
side: 0, 0, 0
front only
else
else
front: 0.731352, 1.57032, 2.5
side: 0, 0, 0
front only
else
else
else
front: 0, 0, 2.5
side: 0, 0, 0
front only
else
front: 1.80071, 0, 2.5
side: 0, 0, 0
front only
else
else
front: 0, 0, 2.5
side: 0, 0, 0
front only
else
else
else
else
else
else
front: 1.50909, 0, 2.5
side: 0, 0, 0
front only
else
else
front: 0.846735, 0.836682, 2.5
side: 0, 0, 0
front only
front: 0.323315, 1.23984, 2.5
side: 0, 0, 0
front only
else
else
else
else
else
else
else
front: 1.93193, 0, 2.5
side: 0, 0, 0
front only
else
front: 0.0367385, 0, 2.5
side: 0, 0, 0
front only
else
else
else
else
front: 0.663933, 0, 2.5
side: 0, 0, 0
front only
else
else
else
else
else
else
front: 0, 0, 2.5
side: 0, 0, 0
front only
else
front: 0, 0, 2.5
side: 0, 0, 0
front only
else
else
else
else
front: 0, 0, 2.5
side: 0, 0, 0
front only
else
else
else
front: 0, 0, 2.5
side: 0, 0, 0
front only
else
else
else
front: 1.59995, 1.28731, 2.5
side: 0, 0, 0
front only
else
front: 0, 0, 2.5
back: 0, 0, 7.5
front back
photon_ene: 661.6 photon_theta: 0.26778 photon_phi: 3.20111
traject_len: 5
pe_len: 15.8284 cs_len: 2.8122
---
else
else
else
else
front: 0.528808, 1.09266, 2.5
side: 0, 0, 0
front only
else
else
else
front: 0, 1.0634, 2.5
side: 0, 0, 0
front only
else
front: 0.0295478, 0, 2.5
back: 0.0886434, 0, 7.5
front back
photon_ene: 661.6 photon_theta: 0.109853 photon_phi: 4.81975
traject_len: 5.00035
pe_len: 11.2932 cs_len: 1.09425
---
else
else
else
else
else
else
front: 1.00215, 1.31672, 2.5
side: 0, 0, 0
front only
front: 0, 0, 2.5
side: 0, 0, 0
front only
else
else
else
else
front: 0.0144007, 0.3322, 2.5
back: 0.0432021, 0.9966, 7.5
front back
photon_ene: 661.6 photon_theta: 0.132229 photon_phi: 1.52747
traject_len: 5.04403
pe_len: 116.661 cs_len: 1.00476
---
else
else
else
else
else
else
else
else
else
else
else
else
else
front: 0, 1.49105, 2.5
side: 0, 0, 0
front only
front: 1.63762, 1.25524, 2.5
side: 0, 0, 0
front only
else
else
else
else
else
else
else
else
else
else
front: 1.73058, 0.44805, 2.5
side: 0, 0, 0
front only
else
front: 0.901256, 1.51414, 2.5
side: 0, 0, 0
front only
front: 0, 0.0647926, 2.5
side: 0, 0, 0
front only
front: 0.749571, 0, 2.5
side: 0, 0, 0
front only
else
front: 1.24573, 0, 2.5
side: 0, 0, 0
front only
else
else
else
front: 0, 0.510827, 2.5
side: 0, 0, 0
front only
else
front: 0, 0, 2.5
back: 0, 0, 7.5
front back
photon_ene: 661.6 photon_theta: 0.0560224 photon_phi: 4.25525
traject_len: 5
pe_len: 33.7963 cs_len: 1.79655
---
front: 0, 0.424766, 2.5
back: 0, 1.2743, 7.5
front back
photon_ene: 661.6 photon_theta: 0.287833 photon_phi: 2.53033
traject_len: 5.07166
pe_len: 72.6388 cs_len: 13.6983
---
front: 0, 0, 2.5
side: 0, 0, 0
front only
front: 0.0861983, 0.262525, 2.5
back: 0.258595, 0.787574, 7.5
front back
photon_ene: 661.6 photon_theta: 3.03151 photon_phi: 4.39514
traject_len: 5.03045
pe_len: 67.6365 cs_len: 1.83637
---
front: 0, 0, 2.5
side: 0, 0, 0
front only
front: 0.0827075, 0.512991, 2.5
back: 0.248123, 1.53897, 7.5
front back
photon_ene: 661.6 photon_theta: 0.204929 photon_phi: 1.41095
traject_len: 5.10686
pe_len: 122.951 cs_len: 5.28916
---
front: 0, 0, 2.5
side: 0, 0, 0
front only
else
else
front: 1.84364, 0, 2.5
side: 0, 0, 0
front only
front: 0.686139, 0, 2.5
side: 0, 0, 0
front only
front: 1.82226, 0, 2.5
side: 0, 0, 0
front only
else
else
else
front: 1.37636, 1.87586, 2.5
side: 0, 0, 0
front only
else
front: 0.549025, 0.116267, 2.5
back: 1.64707, 0.3488, 7.5
front back
photon_ene: 661.6 photon_theta: 0.22082 photon_phi: 0.208687
traject_len: 5.12443
pe_len: 22.6948 cs_len: 7.8884
---
else
front: 0, 0.0667448, 2.5
side: 0, 0, 0
front only
front: 0.369227, 0, 2.5
back: 1.10768, 0, 7.5
front back
photon_ene: 661.6 photon_theta: 0.166788 photon_phi: 5.78254
traject_len: 5.05424
pe_len: 49.9339 cs_len: 0.245672
---
else
else
else
front: 0.765115, 0, 2.5
side: 0, 0, 0
front only
else
else
else
else
else
front: 1.70426, 0, 2.5
side: 0, 0, 0
front only
else
else
else
else
else
else
else
else
front: 0, 0, 2.5
side: 0, 0, 0
front only
else
front: 0.316818, 0, 2.5
side: 0, 0, 0
front only
else
front: 1.32103, 0, 2.5
side: 0, 0, 0
front only
else
else
else
else
front: 0.510205, 2.04189, 2.5
side: 0, 0, 0
front only
front: 1.76544, 0.610985, 2.5
side: 0, 0, 0
front only
else
front: 1.60724, 0.0780791, 2.5
side: 0, 0, 0
front only
else
else
front: 0, 1.70591, 2.5
side: 0, 0, 0
front only
front: 0.291383, 1.01417, 2.5
side: 0, 0, 0
front only
else
else
else
else
else
else
else
else
else
else
else
else
else
else
else
front: 0.83411, 1.0901, 2.5
side: 0, 0, 0
front only
else
else
else
front: 1.16899, 0, 2.5
side: 0, 0, 0
front only
else
front: 0, 1.33972, 2.5
side: 0, 0, 0
front only
else
else
else
else
front: 0.612076, 0.820961, 2.5
side: 0, 0, 0
front only
front: 0, 0.278982, 2.5
back: 0, 0.836945, 7.5
front back
photon_ene: 661.6 photon_theta: 2.93099 photon_phi: 5.73397
traject_len: 5.03104
pe_len: 34.5392 cs_len: 3.96735
---
front: 0.467064, 0, 2.5
back: 1.40119, 0, 7.5
front back
photon_ene: 661.6 photon_theta: 0.185127 photon_phi: 6.21419
traject_len: 5.08651
pe_len: 71.3115 cs_len: 0.0779901
---
else
else
front: 0, 0.948162, 2.5
side: 0, 0, 0
front only
else
else
front: 0, 0.831311, 2.5
side: 0, 0, 0
front only
else
else
else
front: 1.50034, 1.28649, 2.5
side: 0, 0, 0
front only
else
else
else
else
else
else
else
else
else
front: 0, 0, 2.5
back: 0, 0, 7.5
front back
photon_ene: 661.6 photon_theta: 3.0511 photon_phi: 0.650909
traject_len: 5
pe_len: 82.899 cs_len: 0.615487
---
else
else
front: 0, 2.07794, 2.5
side: 0, 0, 0
front only
else
front: 1.76534, 0.929503, 2.5
side: 0, 0, 0
front only
else
front: 0, 0, 2.5
side: 0, 0, 0
front only
else
else
else
else
else
else
else
front: 1.61227, 1.72106, 2.5
side: 0, 0, 0
front only
else
else
front: 0, 0, 2.5
side: 0, 0, 0
front only
else
else
else
else
else
front: 0, 1.29503, 2.5
side: 0, 0, 0
front only
else
else
else
front: 0, 0, 2.5
side: 0, 0, 0
front only
else
else
else
front: 0.773689, 0, 2.5
side: 0, 0, 0
front only
else
front: 0.630429, 2.17608, 2.5
side: 0, 0, 0
front only
else
front: 0, 1.15817, 2.5
side: 0, 0, 0
front only
else
front: 1.36298, 0.131417, 2.5
side: 0, 0, 0
front only
else
front: 0, 1.47904, 2.5
side: 0, 0, 0
front only
else
else
else
else
front: 2.01825, 0, 2.5
side: 0, 0, 0
front only
else
else
else
else
else
front: 0.714291, 1.86593, 2.5
side: 0, 0, 0
front only
else
front: 0, 0, 2.5
side: 0, 0, 0
front only
else
else
front: 1.01679, 0.948892, 2.5
side: 0, 0, 0
front only
else
else
else
front: 0, 0, 2.5
side: 0, 0, 0
front only
else
else
front: 0, 0.787079, 2.5
side: 0, 0, 0
front only
else
front: 0, 0, 2.5
side: 0, 0, 0
front only
else
front: 1.61829, 0, 2.5
side: 0, 0, 0
front only
else
else
else
else
else
else
front: 0.73649, 1.55155, 2.5
side: 0, 0, 0
front only
else
else
front: 0, 0, 2.5
side: 0, 0, 0
front only
else
front: 0, 0, 2.5
side: 0, 0, 0
front only
front: 0, 0, 2.5
side: 0, 0, 0
front only
else
else
else
front: 1.30094, 0, 2.5
side: 0, 0, 0
front only
else
else
front: 0, 0, 2.5
side: 0, 0, 0
front only
else
else
front: 0.400961, 1.67873, 2.5
side: 0, 0, 0
front only
else
front: 0, 0.22832, 2.5
side: 0, 0, 0
front only
else
front: 0.562078, 0.810052, 2.5
side: 0, 0, 0
front only
else
front: 0, 0, 2.5
side: 0, 0, 0
front only
else
else
front: 1.42922, 0, 2.5
side: 0, 0, 0
front only
front: 0, 2.37139, 2.5
side: 0, 0, 0
front only
else
else
else
else
else
else
else
else
else
else
front: 1.30474, 0, 2.5
side: 0, 0, 0
front only
else
front: 1.69195, 0, 2.5
side: 0, 0, 0
front only
front: 1.15257, 0, 2.5
side: 0, 0, 0
front only
else
else
front: 1.10513, 0, 2.5
side: 0, 0, 0
front only
else
else
front: 1.86658, 0, 2.5
side: 0, 0, 0
front only
else
else
else
front: 0, 1.03812, 2.5
side: 0, 0, 0
front only
else
else
else
else
else
else
else
else
else
else
else
front: 0, 0, 2.5
side: 0, 0, 0
front only
front: 0, 0, 2.5
side: 0, 0, 0
front only
front: 0, 0, 2.5
side: 0, 0, 0
front only
else
else
else
else
else
else
else
else
front: 2.07179, 0.678925, 2.5
side: 0, 0, 0
front only
else
else
front: 0, 0, 2.5
side: 0, 0, 0
front only
else
else
else
else
else
else
else
else
else
else
else
front: 0, 0, 2.5
side: 0, 0, 0
front only
else
front: 0.56397, 0.0507887, 2.5
back: 1.69191, 0.152366, 7.5
front back
photon_ene: 661.6 photon_theta: 2.91885 photon_phi: 3.23141
traject_len: 5.12665
pe_len: 28.9984 cs_len: 5.10158
---
else
front: 1.18784, 0, 2.5
side: 0, 0, 0
front only
front: 0.278023, 0.568909, 2.5
back: 0.83407, 1.70673, 7.5
front back
photon_ene: 661.6 photon_theta: 0.248067 photon_phi: 1.11623
traject_len: 5.15789
pe_len: 80.4062 cs_len: 2.89525
---
else
front: 1.35995, 0, 2.5
side: 0, 0, 0
front only
else
else
else
else
else
else
else
else
front: 0, 0, 2.5
back: 0, 0, 7.5
front back
photon_ene: 661.6 photon_theta: 2.84434 photon_phi: 0.782379
traject_len: 5
pe_len: 70.4739 cs_len: 0.408457
---
else
else
else
else
else
else
front: 0, 0, 2.5
back: 0, 0, 7.5
front back
photon_ene: 661.6 photon_theta: 0.233501 photon_phi: 3.76038
traject_len: 5
pe_len: 10.0941 cs_len: 2.34189
---
else
else
else
else
front: 0.274866, 1.46593, 2.5
side: 0, 0, 0
front only
front: 1.98597, 0, 2.5
side: 0, 0, 0
front only
else
else
else
front: 0.0425451, 0.842457, 2.5
side: 0, 0, 0
front only
else
else
else
else
else
else
else
front: 0, 0.406921, 2.5
back: 0, 1.22076, 7.5
front back
photon_ene: 661.6 photon_theta: 2.9679 photon_phi: 5.0951
traject_len: 5.0658
pe_len: 11.3605 cs_len: 1.39154
---
else
else
front: 0.518412, 0.238966, 2.5
back: 1.55524, 0.716897, 7.5
front back
photon_ene: 661.6 photon_theta: 2.91711 photon_phi: 3.57352
traject_len: 5.12869
pe_len: 45.9429 cs_len: 1.98235
---
else
else
else
else
else
else
else
else
else
else
else
else
else
else
else
else
else
front: 0.852071, 0, 2.5
side: 0, 0, 0
front only
else
else
front: 0, 0.195664, 2.5
back: 0, 0.586992, 7.5
front back
photon_ene: 661.6 photon_theta: 0.0798369 photon_phi: 1.77982
traject_len: 5.01529
pe_len: 49.7008 cs_len: 3.83107
---
else
front: 1.10494, 1.71315, 2.5
side: 0, 0, 0
front only
front: 0.744033, 0, 2.5
side: 0, 0, 0
front only
else
else
front: 0, 0, 2.5
back: 0, 0, 7.5
front back
photon_ene: 661.6 photon_theta: 0.302327 photon_phi: 4.13492
traject_len: 5
pe_len: 26.7344 cs_len: 1.83029
---
else
else
else
else
else
front: 0.346122, 1.58799, 2.5
side: 0, 0, 0
front only
else
else
else
else
else
else
front: 0.67169, 0, 2.5
side: 0, 0, 0
front only
front: 0, 0, 2.5
side: 0, 0, 0
front only
else
else
else
else
front: 0, 0, 2.5
side: 0, 0, 0
front only
else
else
else
else
else
else
else
else
front: 1.69476, 0.102955, 2.5
side: 0, 0, 0
front only
front: 0.969929, 0, 2.5
side: 0, 0, 0
front only
front: 0, 0, 2.5
side: 0, 0, 0
front only
front: 0, 0.234868, 2.5
back: 0, 0.704605, 7.5
front back
photon_ene: 661.6 photon_theta: 0.294211 photon_phi: 2.82634
traject_len: 5.02202
pe_len: 39.7387 cs_len: 1.90921
---
front: 0.535285, 2.03461, 2.5
side: 0, 0, 0
front only
else
else
front: 0, 0, 2.5
side: 0, 0, 0
front only
front: 0, 0, 2.5
back: 0, 0, 7.5
front back
photon_ene: 661.6 photon_theta: 0.268198 photon_phi: 3.16572
traject_len: 5
pe_len: 73.7764 cs_len: 10.8609
---
else
else
front: 0, 1.52858, 2.5
side: 0, 0, 0
front only
else
front: 0.608161, 0, 2.5
side: 0, 0, 0
front only
front: 0, 0.1212, 2.5
side: 0, 0, 0
front only
else
else
else
else
front: 0, 1.67979, 2.5
side: 0, 0, 0
front only
else
else
front: 0, 2.00411, 2.5
side: 0, 0, 0
front only
else
front: 0, 1.53255, 2.5
side: 0, 0, 0
front only
else
front: 0.458981, 2.08719, 2.5
side: 0, 0, 0
front only
else
else
front: 1.46131, 1.50168, 2.5
side: 0, 0, 0
front only
else
else
else
else
else
front: 0.78878, 0, 2.5
side: 0, 0, 0
front only
front: 0.462523, 1.29696, 2.5
side: 0, 0, 0
front only
front: 0.491207, 0, 2.5
side: 0, 0, 0
front only
else
front: 1.90192, 0.372601, 2.5
side: 0, 0, 0
front only
front: 0, 1.1585, 2.5
side: 0, 0, 0
front only
else
else
else
else
else
front: 1.05561, 0.441156, 2.5
side: 0, 0, 0
front only
front: 0, 0.681118, 2.5
side: 0, 0, 0
front only
else
else
else
front: 1.67151, 0, 2.5
side: 0, 0, 0
front only
else
else
else
else
front: 0, 0, 2.5
side: 0, 0, 0
front only
else
else
else
front: 0.686392, 0, 2.5
side: 0, 0, 0
front only
front: 1.86101, 1.60255, 2.5
side: 0, 0, 0
front only
else
else
front: 0.0925692, 0, 2.5
side: 0, 0, 0
front only
else
front: 0, 0.649504, 2.5
back: 0, 1.94851, 7.5
front back
photon_ene: 661.6 photon_theta: 0.254332 photon_phi: 1.60593
traject_len: 5.16599
pe_len: 45.5806 cs_len: 8.53583
---
front: 1.37906, 1.11749, 2.5
side: 0, 0, 0
front only
front: 0.200112, 0, 2.5
back: 0.600337, 0, 7.5
front back
photon_ene: 661.6 photon_theta: 2.93481 photon_phi: 1.96228
traject_len: 5.01599
pe_len: 62.5668 cs_len: 5.26917
---
else
else
else
else
else
else
front: 0, 0, 2.5
side: 0, 0, 0
front only
else
else
front: 0, 2.14048, 2.5
side: 0, 0, 0
front only
else
else
else
else
front: 1.23912, 1.01131, 2.5
side: 0, 0, 0
front only
else
else
else
else
else
else
front: 0.773052, 0, 2.5
side: 0, 0, 0
front only
else
else
else
front: 0, 2.03421, 2.5
side: 0, 0, 0
front only
else
front: 0, 0, 2.5
side: 0, 0, 0
front only
else
front: 0.0822433, 1.64187, 2.5
side: 0, 0, 0
front only
else
else
else
else
front: 0, 0.188243, 2.5
side: 0, 0, 0
front only
else
else
else
front: 0.416676, 2.23222, 2.5
side: 0, 0, 0
front only
else
else
else
else
front: 0.0340545, 1.54238, 2.5
side: 0, 0, 0
front only
else
front: 1.23433, 0, 2.5
side: 0, 0, 0
front only
else
else
else
else
front: 0, 0.447338, 2.5
side: 0, 0, 0
front only
else
front: 0.327039, 0, 2.5
side: 0, 0, 0
front only
else
front: 1.2401, 0, 2.5
side: 0, 0, 0
front only
front: 0, 0, 2.5
side: 0, 0, 0
front only
else
else
else
else
else
else
else
else
else
else
else
else
else
front: 0, 0.888264, 2.5
side: 0, 0, 0
front only
else
else
else
else
else
front: 0, 0.29246, 2.5
side: 0, 0, 0
front only
else
front: 1.32676, 0, 2.5
side: 0, 0, 0
front only
else
else
front: 0.554017, 1.84435, 2.5
side: 0, 0, 0
front only
else
front: 0.675952, 0.359268, 2.5
back: 2.02786, 1.0778, 7.5
front back
photon_ene: 661.6 photon_theta: 2.84446 photon_phi: 3.63012
traject_len: 5.22914
pe_len: 5.3697 cs_len: 13.1275
---
else
front: 0, 0, 2.5
side: 0, 0, 0
front only
front: 1.40778, 0, 2.5
side: 0, 0, 0
front only
front: 0, 1.34182, 2.5
side: 0, 0, 0
front only
else
else
else
else
else
front: 0, 1.47806, 2.5
side: 0, 0, 0
front only
else
front: 0, 0, 2.5
side: 0, 0, 0
front only
front: 0.516144, 0, 2.5
side: 0, 0, 0
front only
else
else
else
else
else
front: 0, 0, 2.5
side: 0, 0, 0
front only
else
else
else
else
front: 0, 0.0612562, 2.5
back: 0, 0.183768, 7.5
front back
photon_ene: 661.6 photon_theta: 3.09972 photon_phi: 5.65852
traject_len: 5.0015
pe_len: 82.4172 cs_len: 2.41866
---
front: 0, 0, 2.5
side: 0, 0, 0
front only
front: 1.62655, 0, 2.5
side: 0, 0, 0
front only
else
else
else
front: 0, 0, 2.5
side: 0, 0, 0
front only
else
else
else
front: 0.36299, 0.659015, 2.5
back: 1.08897, 1.97705, 7.5
front back
photon_ene: 661.6 photon_theta: 0.292327 photon_phi: 1.06733
traject_len: 5.22152
pe_len: 35.7592 cs_len: 1.33834
---
else
front: 0.861785, 0, 2.5
side: 0, 0, 0
front only
front: 0, 0, 2.5
side: 0, 0, 0
front only
front: 0.893379, 0, 2.5
side: 0, 0, 0
front only
else
else
else
else
else
else
else
else
else
front: 0, 0, 2.5
side: 0, 0, 0
front only
else
else
else
else
front: 1.05637, 0, 2.5
side: 0, 0, 0
front only
else
front: 0, 0.836704, 2.5
side: 0, 0, 0
front only
else
else
front: 0, 1.64292, 2.5
side: 0, 0, 0
front only
else
front: 1.60111, 0.198007, 2.5
side: 0, 0, 0
front only
front: 0, 0, 2.5
side: 0, 0, 0
front only
else
else
else
else
else
front: 0, 1.74682, 2.5
side: 0, 0, 0
front only
front: 0.996898, 1.49737, 2.5
side: 0, 0, 0
front only
else
else
else
else
else
else
front: 0.239547, 2.3502, 2.5
side: 0, 0, 0
front only
else
else
else
front: 0, 0, 2.5
back: 0, 0, 7.5
front back
photon_ene: 661.6 photon_theta: 0.276599 photon_phi: 4.62061
traject_len: 5
pe_len: 14.2403 cs_len: 3.35729
---
else
else
else
front: 0, 0, 2.5
back: 0, 0, 7.5
front back
photon_ene: 661.6 photon_theta: 2.95869 photon_phi: 1.38202
traject_len: 5
pe_len: 1.77568 cs_len: 7.48801
---
else
front: 0.666764, 0.0021621, 2.5
back: 2.00029, 0.0064863, 7.5
front back
photon_ene: 661.6 photon_theta: 0.26064 photon_phi: 0.00324267
traject_len: 5.17478
pe_len: 52.6718 cs_len: 2.21355
---
else
front: 0, 0, 2.5
side: 0, 0, 0
front only
else
front: 0, 0.242944, 2.5
side: 0, 0, 0
front only
front: 2.29365, 0.920357, 2.5
side: 0, 0, 0
front only
else
else
else
else
else
front: 0, 0, 2.5
side: 0, 0, 0
front only
front: 1.56115, 0.516535, 2.5
side: 0, 0, 0
front only
front: 0, 0.62128, 2.5
side: 0, 0, 0
front only
else
front: 0.284438, 0, 2.5
back: 0.853314, 0, 7.5
front back
photon_ene: 661.6 photon_theta: 2.96968 photon_phi: 2.28538
traject_len: 5.03226
pe_len: 2.70263 cs_len: 0.870974
---
front: 0, 1.48486, 2.5
side: 0, 0, 0
front only
else
front: 0.682627, 1.2864, 2.5
side: 0, 0, 0
front only
front: 2.15181, 0.481811, 2.5
side: 0, 0, 0
front only
else
else
else
else
front: 0.63833, 0, 2.5
side: 0, 0, 0
front only
else
else
else
else
front: 0, 0, 2.5
side: 0, 0, 0
front only
else
else
else
else
else
else
else
else
front: 0, 0, 2.5
back: 0, 0, 7.5
front back
photon_ene: 661.6 photon_theta: 0.298227 photon_phi: 3.7601
traject_len: 5
pe_len: 20.826 cs_len: 11.878
---
else
else
else
front: 0.568925, 0, 2.5
side: 0, 0, 0
front only
else
front: 1.7226, 0, 2.5
side: 0, 0, 0
front only
else
else
else
front: 0, 1.39915, 2.5
side: 0, 0, 0
front only
else
else
else
else
front: 0, 1.455, 2.5
side: 0, 0, 0
front only
else
else
else
front: 0, 0, 2.5
side: 0, 0, 0
front only
front: 0.036887, 0, 2.5
back: 0.110661, 0, 7.5
front back
photon_ene: 661.6 photon_theta: 3.07707 photon_phi: 1.8012
traject_len: 5.00054
pe_len: 18.0183 cs_len: 3.11032
---
else
else
else
front: 0.311533, 0, 2.5
side: 0, 0, 0
front only
else
front: 1.89947, 0.941537, 2.5
side: 0, 0, 0
front only
else
else
else
else
else
else
else
else
else
else
front: 0, 0.802844, 2.5
side: 0, 0, 0
front only
else
else
else
else
else
else
else
else
front: 0, 1.3053, 2.5
side: 0, 0, 0
front only
front: 0.19107, 0, 2.5
side: 0, 0, 0
front only
else
else
else
else
else
else
else
else
front: 0.460006, 0, 2.5
side: 0, 0, 0
front only
else
else
front: 0, 0, 2.5
side: 0, 0, 0
front only
front: 0, 0, 2.5
side: 0, 0, 0
front only
else
front: 1.02427, 1.59947, 2.5
side: 0, 0, 0
front only
else
else
front: 0, 0, 2.5
back: 0, 0, 7.5
front back
photon_ene: 661.6 photon_theta: 2.96493 photon_phi: 0.689101
traject_len: 5
pe_len: 152.087 cs_len: 3.56183
---
else
else
else
else
else
else
else
else
else
else
else
front: 0.923938, 0, 2.5
side: 0, 0, 0
front only
else
else
else
else
else
else
else
front: 1.22463, 0, 2.5
side: 0, 0, 0
front only
front: 0, 0, 2.5
back: 0, 0, 7.5
front back
photon_ene: 661.6 photon_theta: 0.182333 photon_phi: 4.05428
traject_len: 5
pe_len: 72.0348 cs_len: 1.43722
---
front: 0.0129825, 0, 2.5
back: 0.0389474, 0, 7.5
front back
photon_ene: 661.6 photon_theta: 2.96079 photon_phi: 1.59921
traject_len: 5.00007
pe_len: 26.6752 cs_len: 0.383861
---
front: 0, 0.257607, 2.5
side: 0, 0, 0
front only
else
else
else
front: 0, 0, 2.5
side: 0, 0, 0
front only
else
front: 0, 0, 2.5
side: 0, 0, 0
front only
else
else
else
else
else
else
front: 0.969163, 2.08352, 2.5
side: 0, 0, 0
front only
else
front: 0.700557, 0, 2.5
side: 0, 0, 0
front only
else
front: 1.58882, 0, 2.5
side: 0, 0, 0
front only
else
else
else
else
else
else
else
else
else
else
else
else
else
else
else
else
else
else
front: 0.445871, 0.721643, 2.5
side: 0, 0, 0
front only
front: 0.435957, 0, 2.5
side: 0, 0, 0
front only
else
front: 0.434384, 1.91877, 2.5
side: 0, 0, 0
front only
else
front: 0, 2.11534, 2.5
side: 0, 0, 0
front only
front: 0, 0.0662411, 2.5
back: 0, 0.198723, 7.5
front back
photon_ene: 661.6 photon_theta: 3.03228 photon_phi: 6.03936
traject_len: 5.00175
pe_len: 51.0536 cs_len: 0.890399
---
else
front: 0, 0.0612636, 2.5
side: 0, 0, 0
front only
else
else
else
front: 0.157395, 1.27539, 2.5
side: 0, 0, 0
front only
else
front: 0, 0, 2.5
side: 0, 0, 0
front only
else
else
else
else
else
else
else
else
else
else
front: 1.01575, 0, 2.5
side: 0, 0, 0
front only
else
front: 1.09854, 0.163282, 2.5
side: 0, 0, 0
front only
else
else
else
else
else
else
else
else
else
else
else
else
front: 0, 1.38569, 2.5
side: 0, 0, 0
front only
else
else
else
front: 0, 1.26959, 2.5
side: 0, 0, 0
front only
else
else
front: 0, 1.49225, 2.5
side: 0, 0, 0
front only
else
else
else
front: 0, 0.334386, 2.5
back: 0, 1.00316, 7.5
front back
photon_ene: 661.6 photon_theta: 2.94117 photon_phi: 5.56449
traject_len: 5.04453
pe_len: 22.0935 cs_len: 1.26303
---
front: 0.0213458, 0, 2.5
back: 0.0640374, 0, 7.5
front back
photon_ene: 661.6 photon_theta: 0.170412 photon_phi: 4.76203
traject_len: 5.00018
pe_len: 22.6903 cs_len: 4.93061
---
front: 0.618422, 0, 2.5
side: 0, 0, 0
front only
front: 0, 0, 2.5
side: 0, 0, 0
front only
else
else
else
front: 0, 0, 2.5
side: 0, 0, 0
front only
else
else
else
else
else
else
else
else
front: 1.99196, 0, 2.5
side: 0, 0, 0
front only
else
front: 1.07199, 1.95182, 2.5
side: 0, 0, 0
front only
front: 0, 0, 2.5
back: 0, 0, 7.5
front back
photon_ene: 661.6 photon_theta: 2.9359 photon_phi: 1.10129
traject_len: 5
pe_len: 72.771 cs_len: 3.99952
---
else
front: 0.42218, 1.56062, 2.5
side: 0, 0, 0
front only
else
else
else
front: 1.07764, 1.97514, 2.5
side: 0, 0, 0
front only
else
else
front: 0.241519, 0.0426296, 2.5
back: 0.724558, 0.127889, 7.5
front back
photon_ene: 661.6 photon_theta: 0.0977882 photon_phi: 0.174707
traject_len: 5.024
pe_len: 25.9675 cs_len: 4.05427
---
else
front: 0.286049, 2.1862, 2.5
side: 0, 0, 0
front only
else
front: 0.209892, 0, 2.5
side: 0, 0, 0
front only
else
front: 0, 0, 2.5
side: 0, 0, 0
front only
else
front: 0.504434, 0.210103, 2.5
back: 1.5133, 0.63031, 7.5
front back
photon_ene: 661.6 photon_theta: 0.215192 photon_phi: 0.39466
traject_len: 5.11805
pe_len: 45.4821 cs_len: 6.39518
---
front: 0, 0, 2.5
back: 0, 0, 7.5
front back
photon_ene: 661.6 photon_theta: 0.281083 photon_phi: 3.63582
traject_len: 5
pe_len: 0.768328 cs_len: 2.25687
---
else
else
front: 1.05743, 0.680739, 2.5
side: 0, 0, 0
front only
else
else
else
else
else
else
else
else
else
front: 0, 0.636118, 2.5
back: 0, 1.90835, 7.5
front back
photon_ene: 661.6 photon_theta: 0.299299 photon_phi: 2.17209
traject_len: 5.15932
pe_len: 17.6202 cs_len: 8.04994
---
else
else
else
front: 0, 0, 2.5
side: 0, 0, 0
front only
front: 0, 0, 2.5
side: 0, 0, 0
front only
front: 0, 0.21749, 2.5
side: 0, 0, 0
front only
else
else
else
front: 0, 1.84214, 2.5
side: 0, 0, 0
front only
front: 0, 0, 2.5
side: 0, 0, 0
front only
else
front: 0.277132, 0.207329, 2.5
back: 0.831396, 0.621986, 7.5
front back
photon_ene: 661.6 photon_theta: 0.137567 photon_phi: 0.642298
traject_len: 5.04769
pe_len: 0.46876 cs_len: 3.05881
---
else
else
else
else
else
front: 0, 1.19871, 2.5
side: 0, 0, 0
front only
front: 2.39492, 0, 2.5
side: 0, 0, 0
front only
else
else
front: 0.0278996, 0.0161491, 2.5
back: 0.0836988, 0.0484473, 7.5
front back
photon_ene: 661.6 photon_theta: 0.0128938 photon_phi: 0.524707
traject_len: 5.00042
pe_len: 24.3842 cs_len: 1.55079
---
front: 0, 1.73625, 2.5
side: 0, 0, 0
front only
else
else
else
else
else
front: 0.538731, 0, 2.5
side: 0, 0, 0
front only
else
front: 0, 0.740193, 2.5
side: 0, 0, 0
front only
front: 0.44833, 0, 2.5
back: 1.34499, 0, 7.5
front back
photon_ene: 661.6 photon_theta: 2.83757 photon_phi: 2.17923
traject_len: 5.07976
pe_len: 19.8237 cs_len: 1.94188
---
else
else
else
else
front: 0, 0, 2.5
side: 0, 0, 0
front only
else
else
else
else
else
else
else
front: 0, 0, 2.5
side: 0, 0, 0
front only
else
else
front: 0.908964, 0.111409, 2.5
side: 0, 0, 0
front only
else
else
else
front: 0, 0, 2.5
side: 0, 0, 0
front only
else
else
else
else
else
else
front: 0.919407, 0.311118, 2.5
side: 0, 0, 0
front only
else
else
front: 1.51115, 0.974563, 2.5
side: 0, 0, 0
front only
front: 1.44314, 0, 2.5
side: 0, 0, 0
front only
else
else
else
front: 0.760545, 0, 2.5
side: 0, 0, 0
front only
else
else
else
else
else
front: 0.398856, 0.55058, 2.5
back: 1.19657, 1.65174, 7.5
front back
photon_ene: 661.6 photon_theta: 2.87607 photon_phi: 4.08546
traject_len: 5.18159
pe_len: 266.098 cs_len: 4.47608
---
else
else
else
else
else
else
front: 2.27867, 0.761082, 2.5
side: 0, 0, 0
front only
else
else
front: 0, 1.67396, 2.5
side: 0, 0, 0
front only
front: 0, 0.75707, 2.5
side: 0, 0, 0
front only
else
front: 0.0795876, 0, 2.5
back: 0.238763, 0, 7.5
front back
photon_ene: 661.6 photon_theta: 0.11691 photon_phi: 4.98689
traject_len: 5.00253
pe_len: 11.8661 cs_len: 1.60524
---
else
else
else
else
else
else
else
else
front: 0.165523, 0.923818, 2.5
side: 0, 0, 0
front only
else
front: 0, 0, 2.5
side: 0, 0, 0
front only
else
else
else
else
front: 0, 1.1863, 2.5
side: 0, 0, 0
front only
else
front: 0.393996, 1.23567, 2.5
side: 0, 0, 0
front only
front: 0, 1.41904, 2.5
side: 0, 0, 0
front only
else
else
else
else
front: 1.06055, 0.833371, 2.5
side: 0, 0, 0
front only
front: 0, 1.22926, 2.5
side: 0, 0, 0
front only
front: 0.436864, 0, 2.5
side: 0, 0, 0
front only
else
else
else
else
front: 0.385614, 1.11417, 2.5
side: 0, 0, 0
front only
else
front: 0, 0.942511, 2.5
side: 0, 0, 0
front only
front: 1.90316, 0.738108, 2.5
side: 0, 0, 0
front only
else
else
else
else
else
front: 0.888481, 0.900265, 2.5
side: 0, 0, 0
front only
else
else
front: 0.994384, 0, 2.5
side: 0, 0, 0
front only
else
else
else
else
else
else
else
else
else
else
else
else
else
else
else
else
else
else
else
else
front: 1.12124, 0.704159, 2.5
side: 0, 0, 0
front only
else
else
front: 0, 1.80012, 2.5
side: 0, 0, 0
front only
else
front: 2.04875, 0, 2.5
side: 0, 0, 0
front only
else
front: 0, 1.20441, 2.5
side: 0, 0, 0
front only
else
else
else
else
front: 1.61888, 1.63328, 2.5
side: 0, 0, 0
front only
else
front: 2.49558, 0.146938, 2.5
side: 0, 0, 0
front only
front: 0, 0.29254, 2.5
back: 0, 0.87762, 7.5
front back
photon_ene: 661.6 photon_theta: 2.83949 photon_phi: 5.89826
traject_len: 5.03412
pe_len: 49.734 cs_len: 0.160302
---
else
front: 0, 0.543735, 2.5
side: 0, 0, 0
front only
else
else
else
front: 1.95293, 0.220059, 2.5
side: 0, 0, 0
front only
else
front: 0, 1.55293, 2.5
side: 0, 0, 0
front only
else
else
else
front: 0, 0.825444, 2.5
side: 0, 0, 0
front only
else
else
else
else
else
else
front: 0, 1.60338, 2.5
side: 0, 0, 0
front only
else
else
else
else
else
else
else
front: 0, 1.51818, 2.5
side: 0, 0, 0
front only
else
front: 0, 0, 2.5
side: 0, 0, 0
front only
front: 0, 0, 2.5
side: 0, 0, 0
front only
else
else
front: 0, 0.748086, 2.5
side: 0, 0, 0
front only
else
else
else
front: 0.50998, 0, 2.5
side: 0, 0, 0
front only
else
else
else
else
front: 0.175637, 0, 2.5
back: 0.526911, 0, 7.5
front back
photon_ene: 661.6 photon_theta: 0.149014 photon_phi: 5.19938
traject_len: 5.01232
pe_len: 9.73456 cs_len: 0.135413
---
else
else
else
front: 0, 0.419496, 2.5
side: 0, 0, 0
front only
else
else
else
else
else
else
else
front: 0.724079, 0, 2.5
back: 2.17224, 0, 7.5
front back
photon_ene: 661.6 photon_theta: 2.84123 photon_phi: 2.77936
traject_len: 5.20549
pe_len: 45.9078 cs_len: 0.376793
---
else
else
else
front: 0.844354, 0, 2.5
side: 0, 0, 0
front only
else
else
else
else
else
else
else
else
else
else
else
else
else
front: 0, 0.68172, 2.5
back: 0, 2.04516, 7.5
front back
photon_ene: 661.6 photon_theta: 2.83419 photon_phi: 5.24996
traject_len: 5.18256
pe_len: 19.4852 cs_len: 13.5185
---
front: 0.600947, 0, 2.5
back: 1.80284, 0, 7.5
front back
photon_ene: 661.6 photon_theta: 0.253027 photon_phi: 5.90586
traject_len: 5.14243
pe_len: 26.2043 cs_len: 3.90192
---
else
front: 0.538304, 0.931662, 2.5
side: 0, 0, 0
front only
else
else
front: 0, 0, 2.5
back: 0, 0, 7.5
front back
photon_ene: 661.6 photon_theta: 2.92993 photon_phi: 0.783658
traject_len: 5
pe_len: 5.47705 cs_len: 10.5915
---
front: 0, 0, 2.5
side: 0, 0, 0
front only
else
else
else
else
front: 0, 0, 2.5
side: 0, 0, 0
front only
else
front: 0, 2.15649, 2.5
side: 0, 0, 0
front only
front: 1.53006, 0, 2.5
side: 0, 0, 0
front only
else
front: 0, 0, 2.5
side: 0, 0, 0
front only
else
front: 2.03426, 0, 2.5
side: 0, 0, 0
front only
front: 1.11912, 0.581337, 2.5
side: 0, 0, 0
front only
else
else
front: 1.44618, 1.908, 2.5
side: 0, 0, 0
front only
else
front: 0, 0.148829, 2.5
side: 0, 0, 0
front only
else
else
else
else
else
else
else
front: 1.43459, 1.2223, 2.5
side: 0, 0, 0
front only
else
else
else
else
else
else
else
else
front: 0, 0, 2.5
back: 0, 0, 7.5
front back
photon_ene: 661.6 photon_theta: 3.03586 photon_phi: 0.636389
traject_len: 5
pe_len: 9.54454 cs_len: 8.43821
---
else
else
front: 1.84499, 0.907531, 2.5
side: 0, 0, 0
front only
front: 0, 0.646266, 2.5
back: 0, 1.9388, 7.5
front back
photon_ene: 661.6 photon_theta: 0.279336 photon_phi: 2.01898
traject_len: 5.16436
pe_len: 16.9289 cs_len: 2.69666
---
else
front: 1.16045, 0, 2.5
side: 0, 0, 0
front only
else
else
else
else
else
else
front: 0, 0, 2.5
side: 0, 0, 0
front only
front: 1.67473, 1.55518, 2.5
side: 0, 0, 0
front only
else
else
else
else
front: 0.845987, 2.10076, 2.5
side: 0, 0, 0
front only
else
front: 1.36696, 0, 2.5
side: 0, 0, 0
front only
front: 0.358685, 1.3222, 2.5
side: 0, 0, 0
front only
front: 0.555245, 1.26893, 2.5
side: 0, 0, 0
front only
front: 0, 0.659528, 2.5
back: 0, 1.97858, 7.5
front back
photon_ene: 661.6 photon_theta: 0.261163 photon_phi: 1.7318
traject_len: 5.17106
pe_len: 73.9822 cs_len: 10.6476
---
else
else
else
else
front: 0.24879, 0, 2.5
side: 0, 0, 0
front only
front: 0.795272, 0, 2.5
back: 2.38582, 0, 7.5
front back
photon_ene: 661.6 photon_theta: 2.82684 photon_phi: 2.92701
traject_len: 5.24689
pe_len: 0.948983 cs_len: 3.92545
---
else
else
else
front: 0, 0.462913, 2.5
side: 0, 0, 0
front only
else
else
front: 0, 0.468529, 2.5
back: 0, 1.40559, 7.5
front back
photon_ene: 661.6 photon_theta: 0.269 photon_phi: 2.39409
traject_len: 5.08705
pe_len: 45.2994 cs_len: 7.9479
---
else
else
else
front: 1.03113, 2.0256, 2.5
side: 0, 0, 0
front only
front: 0, 2.03491, 2.5
side: 0, 0, 0
front only
else
front: 0, 0, 2.5
back: 0, 0, 7.5
front back
photon_ene: 661.6 photon_theta: 0.167573 photon_phi: 4.54865
traject_len: 5
pe_len: 2.36167 cs_len: 4.93743
---
else
else
else
else
else
else
else
else
front: 1.13859, 0, 2.5
side: 0, 0, 0
front only
else
else
else
else
front: 0, 0, 2.5
side: 0, 0, 0
front only
else
else
front: 0, 0.466146, 2.5
side: 0, 0, 0
front only
else
else
else
else
else
else
else
front: 0, 0, 2.5
side: 0, 0, 0
front only
else
else
else
else
else
front: 0.709846, 0.804067, 2.5
side: 0, 0, 0
front only
else
else
front: 2.09331, 1.27871, 2.5
side: 0, 0, 0
front only
front: 1.15585, 0.985057, 2.5
side: 0, 0, 0
front only
else
front: 0.0896845, 1.89016, 2.5
side: 0, 0, 0
front only
front: 0.807679, 0, 2.5
side: 0, 0, 0
front only
else
else
else
else
front: 0, 0.824171, 2.5
side: 0, 0, 0
front only
else
else
front: 0.674403, 0, 2.5
side: 0, 0, 0
front only
else
else
else
else
else
else
else
else
else
front: 0, 0, 2.5
side: 0, 0, 0
front only
else
else
else
else
else
else
else
else
else
else
front: 0, 1.90873, 2.5
side: 0, 0, 0
front only
else
front: 0, 0, 2.5
side: 0, 0, 0
front only
else
else
front: 0, 0.334205, 2.5
back: 0, 1.00261, 7.5
front back
photon_ene: 661.6 photon_theta: 0.179971 photon_phi: 2.31628
traject_len: 5.04448
pe_len: 18.4424 cs_len: 0.504878
---
else
else
else
else
front: 1.10107, 0, 2.5
side: 0, 0, 0
front only
else
front: 0, 0, 2.5
side: 0, 0, 0
front only
else
else
else
front: 0.314083, 1.50969, 2.5
side: 0, 0, 0
front only
front: 0.423083, 1.73591, 2.5
side: 0, 0, 0
front only
else
else
front: 0, 0.709428, 2.5
side: 0, 0, 0
front only
else
front: 0.998519, 0, 2.5
side: 0, 0, 0
front only
else
else
else
else
else
front: 0, 0.734669, 2.5
side: 0, 0, 0
front only
else
else
else
else
front: 0, 0, 2.5
side: 0, 0, 0
front only
else
else
else
front: 0, 2.21304, 2.5
side: 0, 0, 0
front only
else
else
else
else
front: 0, 0, 2.5
side: 0, 0, 0
front only
front: 1.2892, 0.208166, 2.5
side: 0, 0, 0
front only
else
else
else
else
else
front: 0.84056, 0, 2.5
side: 0, 0, 0
front only
else
else
else
else
else
else
else
else
front: 0, 0.578301, 2.5
side: 0, 0, 0
front only
front: 0, 0.658738, 2.5
side: 0, 0, 0
front only
else
else
else
front: 0, 1.4015, 2.5
side: 0, 0, 0
front only
front: 0.995109, 0.441901, 2.5
side: 0, 0, 0
front only
else
else
front: 0, 0.0486875, 2.5
back: 0, 0.146062, 7.5
front back
photon_ene: 661.6 photon_theta: 0.0807714 photon_phi: 2.89862
traject_len: 5.00095
pe_len: 78.3972 cs_len: 0.682366
---
else
else
else
front: 0, 0, 2.5
back: 0, 0, 7.5
front back
photon_ene: 661.6 photon_theta: 3.00514 photon_phi: 0.334272
traject_len: 5
pe_len: 2.79299 cs_len: 2.50686
---
else
front: 0, 0, 2.5
side: 0, 0, 0
front only
else
front: 0, 0, 2.5
side: 0, 0, 0
front only
else
else
front: 0.242456, 0.253944, 2.5
back: 0.727367, 0.761832, 7.5
front back
photon_ene: 661.6 photon_theta: 3.00206 photon_phi: 3.95013
traject_len: 5.04907
pe_len: 20.7037 cs_len: 1.98408
---
front: 1.83766, 0, 2.5
side: 0, 0, 0
front only
front: 0.201368, 0, 2.5
side: 0, 0, 0
front only
else
else
else
front: 0, 0.266232, 2.5
back: 0, 0.798696, 7.5
front back
photon_ene: 661.6 photon_theta: 0.113588 photon_phi: 1.93755
traject_len: 5.02827
pe_len: 37.2971 cs_len: 1.07642
---
else
else
else
else
else
else
front: 1.35868, 0.230848, 2.5
side: 0, 0, 0
front only
else
front: 1.16456, 0, 2.5
side: 0, 0, 0
front only
front: 0, 0.405038, 2.5
back: 0, 1.21512, 7.5
front back
photon_ene: 661.6 photon_theta: 0.26269 photon_phi: 2.49496
traject_len: 5.0652
pe_len: 49.2446 cs_len: 0.484009
---
front: 1.03968, 0, 2.5
side: 0, 0, 0
front only
front: 0, 0.575696, 2.5
side: 0, 0, 0
front only
else
else
else
else
else
else
else
else
front: 1.63979, 0.0208941, 2.5
side: 0, 0, 0
front only
front: 0, 0.674396, 2.5
side: 0, 0, 0
front only
else
front: 0.634096, 0, 2.5
side: 0, 0, 0
front only
front: 0.608304, 1.07652, 2.5
side: 0, 0, 0
front only
else
front: 1.20633, 0.638233, 2.5
side: 0, 0, 0
front only
else
else
else
else
else
else
else
else
else
front: 2.12258, 0, 2.5
side: 0, 0, 0
front only
else
else
front: 0, 0, 2.5
side: 0, 0, 0
front only
front: 0, 0, 2.5
side: 0, 0, 0
front only
else
front: 1.33032, 2.01427, 2.5
side: 0, 0, 0
front only
else
front: 0, 0, 2.5
back: 0, 0, 7.5
front back
photon_ene: 661.6 photon_theta: 0.265826 photon_phi: 3.62626
traject_len: 5
pe_len: 7.56829 cs_len: 1.90261
---
else
else
front: 0.167466, 0, 2.5
side: 0, 0, 0
front only
else
else
else
else
else
else
else
front: 1.56557, 1.64723, 2.5
side: 0, 0, 0
front only
front: 0, 0.71887, 2.5
side: 0, 0, 0
front only
front: 0, 0, 2.5
side: 0, 0, 0
front only
front: 0.983684, 0, 2.5
side: 0, 0, 0
front only
else
else
else
else
front: 1.39678, 0.905542, 2.5
side: 0, 0, 0
front only
else
else
else
front: 1.06722, 1.88568, 2.5
side: 0, 0, 0
front only
else
else
else
front: 1.64027, 0.267875, 2.5
side: 0, 0, 0
front only
else
front: 0, 1.55282, 2.5
side: 0, 0, 0
front only
else
else
else
else
else
else
front: 0.0151893, 1.13803, 2.5
side: 0, 0, 0
front only
front: 0, 1.93282, 2.5
side: 0, 0, 0
front only
front: 0, 0.569538, 2.5
side: 0, 0, 0
front only
front: 0.185327, 0, 2.5
side: 0, 0, 0
front only
else
else
front: 0, 0, 2.5
side: 0, 0, 0
front only
else
else
front: 0, 0.666329, 2.5
side: 0, 0, 0
front only
else
else
else
front: 0, 0.289138, 2.5
back: 0, 0.867415, 7.5
front back
photon_ene: 661.6 photon_theta: 0.321654 photon_phi: 2.78714
traject_len: 5.03333
pe_len: 54.5305 cs_len: 2.38322
---
else
else
else
front: 0, 0.204041, 2.5
back: 0, 0.612122, 7.5
front back
photon_ene: 661.6 photon_theta: 2.90561 photon_phi: 5.9369
traject_len: 5.01663
pe_len: 97.1872 cs_len: 0.679922
---
front: 0.489044, 0, 2.5
back: 1.46713, 0, 7.5
front back
photon_ene: 661.6 photon_theta: 0.250446 photon_phi: 5.58293
traject_len: 5.09477
pe_len: 28.5152 cs_len: 0.298281
---
else
else
else
front: 0, 0.575512, 2.5
back: 0, 1.72654, 7.5
front back
photon_ene: 661.6 photon_theta: 0.252361 photon_phi: 2.03816
traject_len: 5.13078
pe_len: 75.3963 cs_len: 9.87284
---
front: 2.25528, 0, 2.5
side: 0, 0, 0
front only
else
else
else
else
front: 0, 0, 2.5
back: 0, 0, 7.5
front back
photon_ene: 661.6 photon_theta: 0.231609 photon_phi: 3.76716
traject_len: 5
pe_len: 5.71273 cs_len: 2.75601
---
front: 0, 1.47805, 2.5
side: 0, 0, 0
front only
front: 0, 1.30508, 2.5
side: 0, 0, 0
front only
else
else
else
else
front: 0, 0, 2.5
side: 0, 0, 0
front only
else
else
else
front: 0, 0, 2.5
side: 0, 0, 0
front only
else
else
else
else
front: 1.18157, 0.235067, 2.5
side: 0, 0, 0
front only
front: 0.0575719, 0, 2.5
side: 0, 0, 0
front only
else
front: 0, 0, 2.5
side: 0, 0, 0
front only
front: 0, 0, 2.5
side: 0, 0, 0
front only
else
front: 0, 1.47199, 2.5
side: 0, 0, 0
front only
front: 0, 0, 2.5
side: 0, 0, 0
front only
front: 0, 0, 2.5
side: 0, 0, 0
front only
front: 0.0660798, 0.705522, 2.5
back: 0.198239, 2.11657, 7.5
front back
photon_ene: 661.6 photon_theta: 0.276199 photon_phi: 1.47741
traject_len: 5.19697
pe_len: 86.6364 cs_len: 2.53754
---
else
else
else
front: 0, 0, 2.5
side: 0, 0, 0
front only
front: 1.45148, 0.556034, 2.5
side: 0, 0, 0
front only
front: 0, 0, 2.5
side: 0, 0, 0
front only
front: 0.359667, 0, 2.5
side: 0, 0, 0
front only
else
else
front: 0, 0, 2.5
back: 0, 0, 7.5
front back
photon_ene: 661.6 photon_theta: 2.97632 photon_phi: 0.175255
traject_len: 5
pe_len: 101.053 cs_len: 5.36569
---
else
else
else
else
else
else
else
else
front: 0.774897, 0.101747, 2.5
back: 2.32469, 0.305242, 7.5
front back
photon_ene: 661.6 photon_theta: 2.8386 photon_phi: 3.27215
traject_len: 5.23863
pe_len: 30.0108 cs_len: 5.57744
---
else
front: 0.525181, 0.459406, 2.5
back: 1.57554, 1.37822, 7.5
front back
photon_ene: 661.6 photon_theta: 0.272178 photon_phi: 0.718692
traject_len: 5.1911
pe_len: 16.9115 cs_len: 3.68147
---
else
else
else
else
else
front: 0, 1.73035, 2.5
side: 0, 0, 0
front only
front: 0, 1.55857, 2.5
side: 0, 0, 0
front only
else
else
else
else
else
else
front: 0, 0.926926, 2.5
side: 0, 0, 0
front only
else
else
else
else
front: 0, 0.296441, 2.5
back: 0, 0.889322, 7.5
front back
photon_ene: 661.6 photon_theta: 2.86677 photon_phi: 5.84914
traject_len: 5.03503
pe_len: 23.8008 cs_len: 4.02682
---
else
front: 0, 0, 2.5
back: 0, 0, 7.5
front back
photon_ene: 661.6 photon_theta: 2.84769 photon_phi: 1.29237
traject_len: 5
pe_len: 79.5767 cs_len: 0.0152822
---
else
else
else
front: 0, 0, 2.5
side: 0, 0, 0
front only
front: 1.25503, 1.15821, 2.5
side: 0, 0, 0
front only
else
else
front: 0.427153, 0, 2.5
side: 0, 0, 0
front only
else
else
else
else
else
else
else
else
else
else
else
front: 0.280437, 0.129839, 2.5
back: 0.841312, 0.389516, 7.5
front back
photon_ene: 661.6 photon_theta: 3.0186 photon_phi: 3.57519
traject_len: 5.03806
pe_len: 85.9509 cs_len: 1.64555
---
front: 0, 2.02274, 2.5
side: 0, 0, 0
front only
else
front: 1.62488, 0.0715306, 2.5
side: 0, 0, 0
front only
front: 1.35263, 1.70021, 2.5
side: 0, 0, 0
front only
else
front: 0, 1.1415, 2.5
side: 0, 0, 0
front only
front: 1.72499, 0, 2.5
side: 0, 0, 0
front only
else
else
else
else
else
else
front: 1.52101, 1.35325, 2.5
side: 0, 0, 0
front only
front: 0, 0.809978, 2.5
side: 0, 0, 0
front only
front: 0, 0, 2.5
side: 0, 0, 0
front only
else
else
front: 0, 0.228045, 2.5
back: 0, 0.684134, 7.5
front back
photon_ene: 661.6 photon_theta: 3.02737 photon_phi: 5.36394
traject_len: 5.02076
pe_len: 53.9028 cs_len: 6.03791
---
else
else
front: 1.37214, 0, 2.5
side: 0, 0, 0
front only
front: 1.5753, 0, 2.5
side: 0, 0, 0
front only
else
else
else
else
else
else
else
front: 1.19329, 0.568227, 2.5
side: 0, 0, 0
front only
else
else
else
else
else
front: 0, 0, 2.5
back: 0, 0, 7.5
front back
photon_ene: 661.6 photon_theta: 0.251148 photon_phi: 3.4237
traject_len: 5
pe_len: 43.4456 cs_len: 1.64858
---
front: 0, 1.07818, 2.5
side: 0, 0, 0
front only
else
else
else
else
else
else
else
else
else
else
front: 0.936155, 0, 2.5
side: 0, 0, 0
front only
else
else
front: 0, 2.03388, 2.5
side: 0, 0, 0
front only
front: 0, 0, 2.5
side: 0, 0, 0
front only
else
else
else
front: 0.210365, 1.24975, 2.5
side: 0, 0, 0
front only
front: 0.243175, 0, 2.5
side: 0, 0, 0
front only
front: 0, 0, 2.5
side: 0, 0, 0
front only
else
else
else
front: 0.249465, 0, 2.5
side: 0, 0, 0
front only
front: 0, 1.51075, 2.5
side: 0, 0, 0
front only
else
front: 0.687398, 0.687908, 2.5
side: 0, 0, 0
front only
else
else
else
front: 0, 0, 2.5
back: 0, 0, 7.5
front back
photon_ene: 661.6 photon_theta: 0.185182 photon_phi: 3.35184
traject_len: 5
pe_len: 14.8307 cs_len: 5.67375
---
else
front: 0, 0, 2.5
side: 0, 0, 0
front only
else
else
else
else
else
else
front: 0, 0, 2.5
side: 0, 0, 0
front only
else
else
front: 0, 1.0081, 2.5
side: 0, 0, 0
front only
else
front: 0, 0, 2.5
side: 0, 0, 0
front only
else
else
front: 0.365593, 0, 2.5
back: 1.09678, 0, 7.5
front back
photon_ene: 661.6 photon_theta: 0.164545 photon_phi: 5.78974
traject_len: 5.05318
pe_len: 7.89051 cs_len: 1.36029
---
else
else
front: 0, 0, 2.5
side: 0, 0, 0
front only
front: 0, 0.513431, 2.5
back: 0, 1.54029, 7.5
front back
photon_ene: 661.6 photon_theta: 0.314719 photon_phi: 2.45892
traject_len: 5.10436
pe_len: 24.3918 cs_len: 2.07286
---
front: 1.04341, 0, 2.5
side: 0, 0, 0
front only
else
front: 1.5453, 0.466027, 2.5
side: 0, 0, 0
front only
else
else
else
else
front: 0.440369, 0.905983, 2.5
side: 0, 0, 0
front only
else
else
front: 0, 0, 2.5
side: 0, 0, 0
front only
else
front: 0, 0.765223, 2.5
side: 0, 0, 0
front only
front: 0, 1.0754, 2.5
side: 0, 0, 0
front only
front: 0, 0, 2.5
side: 0, 0, 0
front only
else
else
else
else
front: 0.544507, 1.17121, 2.5
side: 0, 0, 0
front only
front: 1.46222, 0.276964, 2.5
side: 0, 0, 0
front only
else
else
else
else
else
else
front: 0.571489, 0, 2.5
side: 0, 0, 0
front only
else
else
else
front: 0.339723, 0, 2.5
side: 0, 0, 0
front only
front: 0, 0.458647, 2.5
back: 0, 1.37594, 7.5
front back
photon_ene: 661.6 photon_theta: 2.8388 photon_phi: 5.65551
traject_len: 5.08345
pe_len: 21.7549 cs_len: 0.84926
---
else
else
front: 1.51147, 0, 2.5
side: 0, 0, 0
front only
else
front: 0, 0.967069, 2.5
side: 0, 0, 0
front only
else
else
else
front: 0, 0, 2.5
side: 0, 0, 0
front only
else
else
else
else
front: 0, 0, 2.5
side: 0, 0, 0
front only
else
else
else
else
else
else
front: 0.555807, 1.31368, 2.5
side: 0, 0, 0
front only
else
front: 1.90186, 0, 2.5
side: 0, 0, 0
front only
front: 0, 0, 2.5
side: 0, 0, 0
front only
front: 0.323929, 0.900462, 2.5
side: 0, 0, 0
front only
front: 1.46983, 1.50457, 2.5
side: 0, 0, 0
front only
else
else
else
else
else
else
else
else
else
else
else
else
else
else
else
front: 1.70443, 0.368118, 2.5
side: 0, 0, 0
front only
front: 0.402283, 0, 2.5
side: 0, 0, 0
front only
else
front: 1.63415, 0, 2.5
side: 0, 0, 0
front only
front: 0, 0, 2.5
back: 0, 0, 7.5
front back
photon_ene: 661.6 photon_theta: 2.84482 photon_phi: 0.164532
traject_len: 5
pe_len: 29.7204 cs_len: 5.37312
---
else
else
else
else
front: 0, 1.05263, 2.5
side: 0, 0, 0
front only
else
else
else
else
else
front: 0, 0, 2.5
back: 0, 0, 7.5
front back
photon_ene: 661.6 photon_theta: 2.95915 photon_phi: 1.43097
traject_len: 5
pe_len: 17.6037 cs_len: 3.27467
---
front: 0.792622, 2.0524, 2.5
side: 0, 0, 0
front only
else
else
else
else
front: 0, 0.633339, 2.5
side: 0, 0, 0
front only
else
else
else
front: 1.3933, 0, 2.5
side: 0, 0, 0
front only
else
else
else
else
front: 0, 0, 2.5
side: 0, 0, 0
front only
front: 0, 0, 2.5
side: 0, 0, 0
front only
else
else
else
else
else
front: 1.39358, 1.39123, 2.5
side: 0, 0, 0
front only
else
else
else
else
front: 0, 0, 2.5
back: 0, 0, 7.5
front back
photon_ene: 661.6 photon_theta: 2.8979 photon_phi: 0.314546
traject_len: 5
pe_len: 2.55776 cs_len: 0.405135
---
else
else
else
front: 0, 0, 2.5
side: 0, 0, 0
front only
front: 0, 2.2478, 2.5
side: 0, 0, 0
front only
front: 0.169294, 2.25666, 2.5
side: 0, 0, 0
front only
else
else
else
front: 0.304838, 0.0249051, 2.5
back: 0.914513, 0.0747154, 7.5
front back
photon_ene: 661.6 photon_theta: 0.121736 photon_phi: 0.0815187
traject_len: 5.03728
pe_len: 40.5034 cs_len: 11.8733
---
else
else
front: 0.358187, 1.50477, 2.5
side: 0, 0, 0
front only
else
front: 0, 1.57457, 2.5
side: 0, 0, 0
front only
else
else
else
else
else
else
else
front: 0, 0, 2.5
side: 0, 0, 0
front only
front: 0, 0.151388, 2.5
side: 0, 0, 0
front only
front: 2.01613, 0.707995, 2.5
side: 0, 0, 0
front only
else
else
else
else
front: 0.539606, 1.05761, 2.5
side: 0, 0, 0
front only
else
front: 0.462362, 0, 2.5
back: 1.38708, 0, 7.5
front back
photon_ene: 661.6 photon_theta: 0.185932 photon_phi: 6.09964
traject_len: 5.08479
pe_len: 78.9357 cs_len: 8.24536
---
else
else
else
else
else
else
else
else
else
front: 0.63948, 0.747488, 2.5
side: 0, 0, 0
front only
else
else
else
else
else
else
else
else
front: 0, 0.954445, 2.5
side: 0, 0, 0
front only
else
else
else
else
else
else
else
else
else
else
else
else
front: 0.143997, 2.26714, 2.5
side: 0, 0, 0
front only
else
else
front: 2.09179, 1.13383, 2.5
side: 0, 0, 0
front only
front: 1.17488, 1.87693, 2.5
side: 0, 0, 0
front only
else
else
else
else
else
front: 0.678221, 0, 2.5
side: 0, 0, 0
front only
else
else
front: 1.84099, 0, 2.5
side: 0, 0, 0
front only
front: 0.129371, 0.19962, 2.5
back: 0.388114, 0.598861, 7.5
front back
photon_ene: 661.6 photon_theta: 3.04673 photon_phi: 4.13736
traject_len: 5.02258
pe_len: 81.4393 cs_len: 14.0879
---
else
else
front: 0, 0, 2.5
side: 0, 0, 0
front only
else
else
else
front: 0, 1.71637, 2.5
side: 0, 0, 0
front only
else
else
front: 0.953521, 0.12696, 2.5
side: 0, 0, 0
front only
else
front: 0, 0, 2.5
side: 0, 0, 0
front only
else
else
front: 0.249917, 0.765034, 2.5
back: 0.74975, 2.2951, 7.5
front back
photon_ene: 661.6 photon_theta: 2.83014 photon_phi: 4.39664
traject_len: 5.25271
pe_len: 14.3749 cs_len: 6.25718
---
else
else
front: 0, 1.19692, 2.5
side: 0, 0, 0
front only
front: 1.84374, 0, 2.5
side: 0, 0, 0
front only
else
else
front: 1.21878, 1.08389, 2.5
side: 0, 0, 0
front only
front: 0, 0, 2.5
side: 0, 0, 0
front only
else
else
else
else
else
else
else
else
else
else
front: 0, 0, 2.5
side: 0, 0, 0
front only
front: 0, 1.67594, 2.5
side: 0, 0, 0
front only
front: 0, 0, 2.5
side: 0, 0, 0
front only
else
front: 0, 0.872295, 2.5
side: 0, 0, 0
front only
else
front: 1.8491, 1.09508, 2.5
side: 0, 0, 0
front only
else
front: 1.15649, 0.00722921, 2.5
side: 0, 0, 0
front only
else
else
front: 0, 2.27756, 2.5
side: 0, 0, 0
front only
else
else
front: 0, 0.109227, 2.5
back: 0, 0.327682, 7.5
front back
photon_ene: 661.6 photon_theta: 2.88762 photon_phi: 6.11407
traject_len: 5.00477
pe_len: 26.5309 cs_len: 0.537897
---
else
else
else
front: 0, 1.37797, 2.5
side: 0, 0, 0
front only
else
else
else
else
front: 0.102691, 0.160327, 2.5
back: 0.308073, 0.480981, 7.5
front back
photon_ene: 661.6 photon_theta: 0.0760112 photon_phi: 1.00112
traject_len: 5.01448
pe_len: 94.5331 cs_len: 5.403
---
else
else
else
else
else
else
else
front: 0.511794, 1.73858, 2.5
side: 0, 0, 0
front only
else
front: 1.04699, 0, 2.5
side: 0, 0, 0
front only
else
front: 0, 0.019383, 2.5
back: 0, 0.0581489, 7.5
front back
photon_ene: 661.6 photon_theta: 3.00147 photon_phi: 6.22819
traject_len: 5.00015
pe_len: 0.543659 cs_len: 18.6317
---
else
else
else
else
else
front: 0, 0, 2.5
side: 0, 0, 0
front only
else
else
else
front: 0.735339, 0, 2.5
side: 0, 0, 0
front only
else
else
else
else
else
else
else
else
else
front: 0, 0, 2.5
side: 0, 0, 0
front only
front: 0, 0, 2.5
back: 0, 0, 7.5
front back
photon_ene: 661.6 photon_theta: 2.88729 photon_phi: 0.712441
traject_len: 5
pe_len: 19.4419 cs_len: 2.35861
---
front: 0, 0, 2.5
side: 0, 0, 0
front only
else
else
else
else
else
else
else
front: 0, 0, 2.5
side: 0, 0, 0
front only
else
else
else
else
front: 0.516278, 0, 2.5
back: 1.54883, 0, 7.5
front back
photon_ene: 661.6 photon_theta: 0.304313 photon_phi: 5.42993
traject_len: 5.1055
pe_len: 8.30757 cs_len: 12.332
---
else
front: 0, 1.1215, 2.5
side: 0, 0, 0
front only
front: 1.78802, 0.852604, 2.5
side: 0, 0, 0
front only
else
else
front: 0, 0.254569, 2.5
back: 0, 0.763708, 7.5
front back
photon_ene: 661.6 photon_theta: 0.154519 photon_phi: 2.42907
traject_len: 5.02586
pe_len: 8.9313 cs_len: 0.0959167
---
front: 0, 0.537719, 2.5
side: 0, 0, 0
front only
else
else
front: 0.33845, 1.39192, 2.5
side: 0, 0, 0
front only
else
else
else
else
front: 1.78723, 0, 2.5
side: 0, 0, 0
front only
else
front: 0, 0, 2.5
side: 0, 0, 0
front only
front: 0, 1.06918, 2.5
side: 0, 0, 0
front only
else
else
else
front: 0, 0, 2.5
side: 0, 0, 0
front only
else
else
front: 0.55419, 0, 2.5
back: 1.66257, 0, 7.5
front back
photon_ene: 661.6 photon_theta: 2.88527 photon_phi: 2.57888
traject_len: 5.12138
pe_len: 22.532 cs_len: 2.35234
---
else
else
else
else
front: 0, 0.42409, 2.5
side: 0, 0, 0
front only
else
else
else
else
front: 0.743544, 0, 2.5
side: 0, 0, 0
front only
else
else
else
else
else
else
else
else
else
else
else
else
else
front: 0, 0.0969707, 2.5
side: 0, 0, 0
front only
else
else
else
front: 1.51336, 0, 2.5
side: 0, 0, 0
front only
front: 0, 1.38435, 2.5
side: 0, 0, 0
front only
front: 0.184979, 0, 2.5
back: 0.554936, 0, 7.5
front back
photon_ene: 661.6 photon_theta: 0.138425 photon_phi: 5.27229
traject_len: 5.01367
pe_len: 6.35998 cs_len: 7.27803
---
else
else
front: 0, 0.334142, 2.5
back: 0, 1.00243, 7.5
front back
photon_ene: 661.6 photon_theta: 0.261833 photon_phi: 2.61944
traject_len: 5.04446
pe_len: 20.6499 cs_len: 0.571312
---
else
else
front: 0, 0, 2.5
back: 0, 0, 7.5
front back
photon_ene: 661.6 photon_theta: 0.254594 photon_phi: 3.63238
traject_len: 5
pe_len: 2.38367 cs_len: 3.73045
---
else
else
else
else
else
else
else
else
else
else
front: 0.987441, 0, 2.5
side: 0, 0, 0
front only
front: 0, 0, 2.5
side: 0, 0, 0
front only
else
else
else
front: 1.77149, 1.0858, 2.5
side: 0, 0, 0
front only
front: 0, 0, 2.5
side: 0, 0, 0
front only
else
else
else
else
front: 2.22135, 0, 2.5
side: 0, 0, 0
front only
front: 1.16463, 0.405349, 2.5
side: 0, 0, 0
front only
else
else
else
else
else
front: 0.309612, 0, 2.5
side: 0, 0, 0
front only
else
front: 2.16811, 0, 2.5
side: 0, 0, 0
front only
else
else
else
front: 1.04261, 0, 2.5
side: 0, 0, 0
front only
else
else
else
else
front: 0, 1.54346, 2.5
side: 0, 0, 0
front only
else
else
else
front: 1.38121, 0.944491, 2.5
side: 0, 0, 0
front only
else
else
else
else
else
else
front: 0, 0, 2.5
side: 0, 0, 0
front only
else
else
front: 1.3566, 0, 2.5
side: 0, 0, 0
front only
else
else
else
front: 0.910157, 0.440352, 2.5
side: 0, 0, 0
front only
else
front: 0.0561914, 0.909614, 2.5
side: 0, 0, 0
front only
else
else
else
front: 0.367741, 0, 2.5
side: 0, 0, 0
front only
front: 0, 0.902735, 2.5
side: 0, 0, 0
front only
front: 0.121482, 1.65573, 2.5
side: 0, 0, 0
front only
front: 1.4639, 0, 2.5
side: 0, 0, 0
front only
else
front: 2.13416, 0.640161, 2.5
side: 0, 0, 0
front only
else
front: 0, 0, 2.5
side: 0, 0, 0
front only
front: 0.0378247, 0, 2.5
back: 0.113474, 0, 7.5
front back
photon_ene: 661.6 photon_theta: 3.10827 photon_phi: 2.04195
traject_len: 5.00057
pe_len: 119.644 cs_len: 4.08968
---
else
front: 1.87946, 0, 2.5
side: 0, 0, 0
front only
else
else
front: 0, 1.03948, 2.5
side: 0, 0, 0
front only
else
front: 1.45841, 0.556677, 2.5
side: 0, 0, 0
front only
else
else
else
else
else
else
front: 1.47704, 0, 2.5
side: 0, 0, 0
front only
else
front: 0, 0, 2.5
side: 0, 0, 0
front only
front: 0, 0.430205, 2.5
back: 0, 1.29062, 7.5
front back
photon_ene: 661.6 photon_theta: 2.85273 photon_phi: 5.6656
traject_len: 5.07349
pe_len: 13.6209 cs_len: 2.49233
---
else
front: 0, 1.6881, 2.5
side: 0, 0, 0
front only
else
else
else
front: 0.375884, 0, 2.5
side: 0, 0, 0
front only
else
else
else
else
front: 0, 0.211302, 2.5
side: 0, 0, 0
front only
else
front: 0, 0.77501, 2.5
side: 0, 0, 0
front only
else
else
else
else
front: 1.18847, 0.111901, 2.5
side: 0, 0, 0
front only
else
else
else
else
else
front: 1.36268, 0.191554, 2.5
side: 0, 0, 0
front only
front: 0, 0, 2.5
side: 0, 0, 0
front only
front: 0.417571, 0, 2.5
side: 0, 0, 0
front only
else
front: 0, 0, 2.5
side: 0, 0, 0
front only
else
front: 0, 1.15323, 2.5
side: 0, 0, 0
front only
front: 0, 1.66619, 2.5
side: 0, 0, 0
front only
else
front: 0.08407, 0, 2.5
back: 0.25221, 0, 7.5
front back
photon_ene: 661.6 photon_theta: 0.115406 photon_phi: 5.00671
traject_len: 5.00283
pe_len: 15.5812 cs_len: 0.0123857
---
else
else
else
front: 1.0005, 0, 2.5
side: 0, 0, 0
front only
else
front: 1.71488, 0, 2.5
side: 0, 0, 0
front only
else
else
else
front: 0, 0, 2.5
side: 0, 0, 0
front only
else
else
else
front: 0.681495, 0, 2.5
side: 0, 0, 0
front only
else
front: 0, 0, 2.5
side: 0, 0, 0
front only
else
else
front: 0.729629, 0, 2.5
side: 0, 0, 0
front only
else
front: 0, 0, 2.5
side: 0, 0, 0
front only
else
else
front: 0.802205, 0, 2.5
side: 0, 0, 0
front only
else
else
front: 0, 0, 2.5
side: 0, 0, 0
front only
else
front: 0, 1.05687, 2.5
side: 0, 0, 0
front only
else
else
front: 0.38159, 0.807662, 2.5
side: 0, 0, 0
front only
else
front: 2.12273, 0.818494, 2.5
side: 0, 0, 0
front only
else
else
front: 0.687256, 0, 2.5
side: 0, 0, 0
front only
else
else
front: 1.49292, 1.60838, 2.5
side: 0, 0, 0
front only
else
else
front: 0, 0, 2.5
back: 0, 0, 7.5
front back
photon_ene: 661.6 photon_theta: 2.95765 photon_phi: 0.926068
traject_len: 5
pe_len: 22.6388 cs_len: 14.3909
---
else
else
else
else
else
front: 1.81, 0.847966, 2.5
side: 0, 0, 0
front only
front: 0, 0, 2.5
side: 0, 0, 0
front only
else
else
front: 0, 0, 2.5
side: 0, 0, 0
front only
else
front: 0, 0, 2.5
side: 0, 0, 0
front only
else
else
else
else
else
else
front: 0, 0.10061, 2.5
side: 0, 0, 0
front only
else
else
front: 0.989564, 1.33407, 2.5
side: 0, 0, 0
front only
else
front: 0, 0.781986, 2.5
side: 0, 0, 0
front only
else
front: 2.20147, 0.0621089, 2.5
side: 0, 0, 0
front only
front: 1.28354, 0, 2.5
side: 0, 0, 0
front only
front: 0, 0, 2.5
back: 0, 0, 7.5
front back
photon_ene: 661.6 photon_theta: 0.269205 photon_phi: 4.19225
traject_len: 5
pe_len: 20.4403 cs_len: 1.44885
---
front: 0, 0, 2.5
side: 0, 0, 0
front only
front: 0, 0.626944, 2.5
side: 0, 0, 0
front only
front: 0.714329, 0, 2.5
side: 0, 0, 0
front only
front: 0.561556, 0.0653062, 2.5
back: 1.68467, 0.195919, 7.5
front back
photon_ene: 661.6 photon_theta: 0.222396 photon_phi: 0.115775
traject_len: 5.12625
pe_len: 38.9361 cs_len: 0.00914242
---
else
else
else
else
else
front: 1.56392, 0, 2.5
side: 0, 0, 0
front only
front: 0.355874, 0, 2.5
back: 1.06762, 0, 7.5
front back
photon_ene: 661.6 photon_theta: 0.141619 photon_phi: 6.2271
traject_len: 5.0504
pe_len: 19.2761 cs_len: 0.0927424
---
front: 1.51512, 0.372433, 2.5
side: 0, 0, 0
front only
else
else
front: 1.30318, 0.0120344, 2.5
side: 0, 0, 0
front only
else
else
front: 0, 0, 2.5
side: 0, 0, 0
front only
else
front: 0, 0, 2.5
back: 0, 0, 7.5
front back
photon_ene: 661.6 photon_theta: 0.174831 photon_phi: 4.27995
traject_len: 5
pe_len: 40.0967 cs_len: 5.05943
---
else
else
else
else
else
else
else
else
else
else
front: 0, 0, 2.5
side: 0, 0, 0
front only
else
front: 0, 0, 2.5
back: 0, 0, 7.5
front back
photon_ene: 661.6 photon_theta: 3.02598 photon_phi: 0.373039
traject_len: 5
pe_len: 41.5696 cs_len: 0.532565
---
front: 0, 0.69645, 2.5
side: 0, 0, 0
front only
front: 0.0272359, 0.577886, 2.5
back: 0.0817078, 1.73366, 7.5
front back
photon_ene: 661.6 photon_theta: 0.227408 photon_phi: 1.5237
traject_len: 5.13213
pe_len: 58.6031 cs_len: 5.19936
---
front: 0.438348, 0, 2.5
back: 1.31504, 0, 7.5
front back
photon_ene: 661.6 photon_theta: 0.187234 photon_phi: 5.89475
traject_len: 5.07628
pe_len: 0.566642 cs_len: 15.3673
---
else
front: 1.33903, 1.18913, 2.5
side: 0, 0, 0
front only
else
else
front: 1.17144, 1.64274, 2.5
side: 0, 0, 0
front only
front: 0, 0, 2.5
side: 0, 0, 0
front only
else
front: 0.782435, 0, 2.5
side: 0, 0, 0
front only
else
else
front: 0.566615, 1.49777, 2.5
side: 0, 0, 0
front only
else
else
else
front: 0.336358, 0.505807, 2.5
back: 1.00907, 1.51742, 7.5
front back
photon_ene: 661.6 photon_theta: 0.238355 photon_phi: 0.983953
traject_len: 5.14547
pe_len: 1.88968 cs_len: 2.40096
---
else
else
else
front: 1.23098, 0, 2.5
side: 0, 0, 0
front only
front: 1.01306, 0.237769, 2.5
side: 0, 0, 0
front only
front: 0.323732, 1.28452, 2.5
side: 0, 0, 0
front only
else
else
else
else
else
else
else
else
else
front: 1.54043, 0, 2.5
side: 0, 0, 0
front only
else
else
else
front: 0, 0.359949, 2.5
side: 0, 0, 0
front only
front: 0.461858, 0, 2.5
back: 1.38557, 0, 7.5
front back
photon_ene: 661.6 photon_theta: 0.191467 photon_phi: 5.97558
traject_len: 5.08461
pe_len: 22.8153 cs_len: 9.72086
---
else
front: 0, 0, 2.5
side: 0, 0, 0
front only
else
else
else
else
front: 0, 2.25708, 2.5
side: 0, 0, 0
front only
else
else
else
front: 0, 0, 2.5
side: 0, 0, 0
front only
else
else
else
else
else
else
else
else
else
else
front: 0, 0.970883, 2.5
side: 0, 0, 0
front only
else
front: 0, 0.570204, 2.5
side: 0, 0, 0
front only
else
else
else
else
else
front: 0, 0.772919, 2.5
side: 0, 0, 0
front only
else
front: 0, 0, 2.5
side: 0, 0, 0
front only
else
else
else
else
else
else
else
front: 0.0954251, 0.813304, 2.5
back: 0.286275, 2.43991, 7.5
front back
photon_ene: 661.6 photon_theta: 0.316539 photon_phi: 1.454
traject_len: 5.26139
pe_len: 12.2267 cs_len: 0.710764
---
front: 0, 0, 2.5
side: 0, 0, 0
front only
else
else
else
front: 0, 0, 2.5
side: 0, 0, 0
front only
else
front: 0, 0, 2.5
side: 0, 0, 0
front only
front: 0, 0, 2.5
side: 0, 0, 0
front only
else
else
else
else
else
front: 0, 0, 2.5
side: 0, 0, 0
front only
else
else
else
else
else
else
else
else
else
front: 0, 0, 2.5
side: 0, 0, 0
front only
front: 0, 0.654547, 2.5
side: 0, 0, 0
front only
else
else
else
else
else
else
else
front: 0, 0.829763, 2.5
side: 0, 0, 0
front only
else
else
else
else
front: 1.42565, 0.0836696, 2.5
side: 0, 0, 0
front only
front: 0.131754, 1.13712, 2.5
side: 0, 0, 0
front only
else
else
else
front: 0, 0, 2.5
side: 0, 0, 0
front only
else
else
front: 0, 0, 2.5
side: 0, 0, 0
front only
else
else
front: 1.59011, 0.203334, 2.5
side: 0, 0, 0
front only
front: 0, 1.12616, 2.5
side: 0, 0, 0
front only
front: 0, 0, 2.5
side: 0, 0, 0
front only
front: 1.54096, 0.371426, 2.5
side: 0, 0, 0
front only
else
front: 0, 1.52001, 2.5
side: 0, 0, 0
front only
else
else
else
else
else
else
else
else
else
else
else
else
else
front: 0, 0.103471, 2.5
back: 0, 0.310412, 7.5
front back
photon_ene: 661.6 photon_theta: 2.93977 photon_phi: 6.0795
traject_len: 5.00428
pe_len: 17.3979 cs_len: 2.49515
---
else
else
else
front: 0, 0, 2.5
side: 0, 0, 0
front only
else
else
front: 0.440851, 1.1535, 2.5
side: 0, 0, 0
front only
else
front: 0, 1.6129, 2.5
side: 0, 0, 0
front only
else
else
front: 0, 0, 2.5
side: 0, 0, 0
front only
else
else
front: 0, 0, 2.5
back: 0, 0, 7.5
front back
photon_ene: 661.6 photon_theta: 2.92138 photon_phi: 1.35172
traject_len: 5
pe_len: 176.81 cs_len: 9.58611
---
else
front: 0.261309, 0.0313617, 2.5
back: 0.783927, 0.0940852, 7.5
front back
photon_ene: 661.6 photon_theta: 0.104887 photon_phi: 0.119447
traject_len: 5.02763
pe_len: 49.7297 cs_len: 1.22596
---
else
else
else
front: 0, 0.200592, 2.5
back: 0, 0.601776, 7.5
front back
photon_ene: 661.6 photon_theta: 3.01108 photon_phi: 5.62553
traject_len: 5.01607
pe_len: 34.6996 cs_len: 0.402216
---
else
else
else
front: 0.548864, 0, 2.5
side: 0, 0, 0
front only
front: 1.45651, 0.863925, 2.5
side: 0, 0, 0
front only
else
else
else
front: 0, 0.76454, 2.5
side: 0, 0, 0
front only
front: 0.528011, 0, 2.5
side: 0, 0, 0
front only
else
front: 0, 0.269594, 2.5
side: 0, 0, 0
front only
else
front: 0.137374, 0, 2.5
side: 0, 0, 0
front only
else
else
else
front: 0.565474, 0, 2.5
side: 0, 0, 0
front only
else
else
else
else
else
front: 0, 0, 2.5
side: 0, 0, 0
front only
else
else
front: 0, 0.953948, 2.5
side: 0, 0, 0
front only
else
else
else
else
else
front: 1.74907, 0, 2.5
side: 0, 0, 0
front only
else
else
else
else
else
front: 0, 0, 2.5
side: 0, 0, 0
front only
else
else
else
else
front: 0, 1.3377, 2.5
side: 0, 0, 0
front only
front: 0, 0.677395, 2.5
side: 0, 0, 0
front only
else
front: 0, 0, 2.5
side: 0, 0, 0
front only
front: 0, 0.975122, 2.5
side: 0, 0, 0
front only
else
else
else
front: 0.0227725, 1.64341, 2.5
side: 0, 0, 0
front only
front: 0, 0, 2.5
back: 0, 0, 7.5
front back
photon_ene: 661.6 photon_theta: 2.90626 photon_phi: 0.889524
traject_len: 5
pe_len: 0.0466019 cs_len: 2.02454
---
else
else
else
front: 0, 0.984199, 2.5
side: 0, 0, 0
front only
else
else
else
front: 0, 1.46394, 2.5
side: 0, 0, 0
front only
else
front: 0.556065, 0.448807, 2.5
back: 1.66819, 1.34642, 7.5
front back
photon_ene: 661.6 photon_theta: 0.278411 photon_phi: 0.679063
traject_len: 5.20024
pe_len: 25.9865 cs_len: 2.582
---
else
front: 0.383787, 0, 2.5
back: 1.15136, 0, 7.5
front back
photon_ene: 661.6 photon_theta: 0.153155 photon_phi: 6.17828
traject_len: 5.05857
pe_len: 71.108 cs_len: 3.81411
---
else
else
else
else
else
else
else
else
else
else
else
else
else
front: 0, 0, 2.5
side: 0, 0, 0
front only
front: 0.576098, 0, 2.5
side: 0, 0, 0
front only
front: 0.286833, 0, 2.5
side: 0, 0, 0
front only
else
else
front: 0, 0.6844, 2.5
side: 0, 0, 0
front only
else
else
front: 1.95848, 0.151961, 2.5
side: 0, 0, 0
front only
front: 1.17918, 0, 2.5
side: 0, 0, 0
front only
else
else
front: 0, 0, 2.5
side: 0, 0, 0
front only
else
front: 0, 0, 2.5
side: 0, 0, 0
front only
else
else
else
front: 0, 1.26009, 2.5
side: 0, 0, 0
front only
front: 1.42212, 0, 2.5
side: 0, 0, 0
front only
else
front: 0, 0.249099, 2.5
back: 0, 0.747297, 7.5
front back
photon_ene: 661.6 photon_theta: 3.03457 photon_phi: 5.09571
traject_len: 5.02476
pe_len: 14.4109 cs_len: 3.16086
---
else
else
else
else
else
else
else
else
else
else
else
else
else
front: 0, 0, 2.5
side: 0, 0, 0
front only
front: 0.00828932, 0, 2.5
back: 0.024868, 0, 7.5
front back
photon_ene: 661.6 photon_theta: 0.250608 photon_phi: 4.72534
traject_len: 5.00003
pe_len: 14.4679 cs_len: 5.67716
---
else
front: 0, 0.881922, 2.5
side: 0, 0, 0
front only
front: 0.57362, 1.16931, 2.5
side: 0, 0, 0
front only
front: 0, 0.769603, 2.5
back: 0, 2.30881, 7.5
front back
photon_ene: 661.6 photon_theta: 2.82467 photon_phi: 5.06462
traject_len: 5.23155
pe_len: 7.41379 cs_len: 1.40699
---
else
front: 0, 0, 2.5
side: 0, 0, 0
front only
else
else
else
front: 0, 0, 2.5
side: 0, 0, 0
front only
front: 1.82308, 0, 2.5
side: 0, 0, 0
front only
else
front: 1.01856, 0.288853, 2.5
side: 0, 0, 0
front only
else
else
else
front: 0, 2.45187, 2.5
side: 0, 0, 0
front only
front: 0, 0.720372, 2.5
side: 0, 0, 0
front only
front: 0.254294, 1.04908, 2.5
side: 0, 0, 0
front only
else
front: 0, 0, 2.5
side: 0, 0, 0
front only
else
else
else
front: 0, 0.642775, 2.5
side: 0, 0, 0
front only
else
else
else
front: 0, 1.28019, 2.5
side: 0, 0, 0
front only
else
else
else
else
else
else
else
front: 0.738584, 0, 2.5
side: 0, 0, 0
front only
else
else
else
front: 0.508139, 0, 2.5
side: 0, 0, 0
front only
else
else
front: 0, 0, 2.5
side: 0, 0, 0
front only
else
front: 0.142436, 0, 2.5
side: 0, 0, 0
front only
else
else
else
else
else
else
else
front: 0, 0, 2.5
back: 0, 0, 7.5
front back
photon_ene: 661.6 photon_theta: 2.82217 photon_phi: 0.810529
traject_len: 5
pe_len: 58.2658 cs_len: 4.80962
---
else
else
front: 0, 0, 2.5
side: 0, 0, 0
front only
else
else
front: 0.692213, 0.290437, 2.5
back: 2.07664, 0.871311, 7.5
front back
photon_ene: 661.6 photon_theta: 0.291704 photon_phi: 0.397269
traject_len: 5.22054
pe_len: 62.5224 cs_len: 0.873959
---
else
front: 0, 0.139651, 2.5
side: 0, 0, 0
front only
front: 0.417471, 0.478193, 2.5
back: 1.25241, 1.43458, 7.5
front back
photon_ene: 661.6 photon_theta: 0.248659 photon_phi: 0.85309
traject_len: 5.15866
pe_len: 2.60573 cs_len: 6.00405
---
else
front: 0, 0, 2.5
side: 0, 0, 0
front only
else
else
front: 0.219758, 0, 2.5
back: 0.659273, 0, 7.5
front back
photon_ene: 661.6 photon_theta: 2.9242 photon_phi: 1.98009
traject_len: 5.01928
pe_len: 0.274318 cs_len: 16.995
---
else
else
else
else
else
else
else
front: 0, 0.355477, 2.5
side: 0, 0, 0
front only
else
front: 0.285062, 0.504404, 2.5
back: 0.855185, 1.51321, 7.5
front back
photon_ene: 661.6 photon_theta: 0.227732 photon_phi: 1.0564
traject_len: 5.13252
pe_len: 32.382 cs_len: 1.1516
---
front: 1.63944, 0.580834, 2.5
side: 0, 0, 0
front only
front: 0.512308, 1.15388, 2.5
side: 0, 0, 0
front only
else
else
front: 0, 0.122437, 2.5
back: 0, 0.36731, 7.5
front back
photon_ene: 661.6 photon_theta: 0.0757926 photon_phi: 2.44066
traject_len: 5.00599
pe_len: 149.074 cs_len: 4.22027
---
else
front: 0, 1.0567, 2.5
side: 0, 0, 0
front only
else
else
else
else
front: 0.530507, 1.19771, 2.5
side: 0, 0, 0
front only
else
else
else
else
front: 0.323256, 0, 2.5
side: 0, 0, 0
front only
else
else
else
else
else
else
else
else
else
else
else
else
else
else
else
else
front: 0, 0, 2.5
side: 0, 0, 0
front only
else
else
else
else
front: 0, 1.4856, 2.5
side: 0, 0, 0
front only
else
else
else
else
else
front: 0, 1.71962, 2.5
side: 0, 0, 0
front only
else
else
else
else
else
front: 0, 1.17194, 2.5
side: 0, 0, 0
front only
else
else
else
else
else
else
front: 0, 1.38503, 2.5
side: 0, 0, 0
front only
else
else
front: 0, 0.294165, 2.5
back: 0, 0.882495, 7.5
front back
photon_ene: 661.6 photon_theta: 0.174777 photon_phi: 2.41227
traject_len: 5.03449
pe_len: 0.705724 cs_len: 1.47105
---
else
else
else
else
else
else
else
else
front: 2.24018, 0.345477, 2.5
side: 0, 0, 0
front only
front: 0.285092, 0, 2.5
side: 0, 0, 0
front only
else
front: 0, 0, 2.5
back: 0, 0, 7.5
front back
photon_ene: 661.6 photon_theta: 2.84803 photon_phi: 0.699345
traject_len: 5
pe_len: 2.22059 cs_len: 0.418599
---
front: 0.576556, 1.60957, 2.5
side: 0, 0, 0
front only
else
else
front: 0, 0.875299, 2.5
side: 0, 0, 0
front only
front: 0, 0, 2.5
side: 0, 0, 0
front only
front: 1.58197, 0.823866, 2.5
side: 0, 0, 0
front only
else
else
else
else
else
else
else
else
front: 0.816534, 1.61114, 2.5
side: 0, 0, 0
front only
else
front: 0, 0.614165, 2.5
side: 0, 0, 0
front only
else
else
else
front: 1.49043, 1.93823, 2.5
side: 0, 0, 0
front only
else
else
front: 0.539598, 1.44464, 2.5
side: 0, 0, 0
front only
else
else
else
else
front: 0, 0.0435663, 2.5
side: 0, 0, 0
front only
else
front: 0.875427, 0, 2.5
side: 0, 0, 0
front only
else
front: 0, 0, 2.5
side: 0, 0, 0
front only
else
else
else
front: 0, 0, 2.5
side: 0, 0, 0
front only
front: 0, 0, 2.5
side: 0, 0, 0
front only
else
else
front: 2.1666, 0, 2.5
side: 0, 0, 0
front only
else
front: 1.54524, 0, 2.5
side: 0, 0, 0
front only
else
front: 0, 0, 2.5
side: 0, 0, 0
front only
else
else
else
front: 1.23897, 0.220838, 2.5
side: 0, 0, 0
front only
else
else
else
else
else
else
else
else
else
else
front: 0, 0, 2.5
side: 0, 0, 0
front only
front: 0, 0.909884, 2.5
side: 0, 0, 0
front only
else
else
else
else
else
else
else
else
else
else
else
else
else
else
front: 0, 0, 2.5
side: 0, 0, 0
front only
else
else
else
front: 0, 1.11294, 2.5
side: 0, 0, 0
front only
else
else
else
else
else
front: 0, 0, 2.5
side: 0, 0, 0
front only
else
front: 0, 0.231746, 2.5
side: 0, 0, 0
front only
else
else
else
else
else
else
else
front: 0, 1.12235, 2.5
side: 0, 0, 0
front only
front: 0, 1.16181, 2.5
side: 0, 0, 0
front only
else
front: 0, 0.282683, 2.5
back: 0, 0.84805, 7.5
front back
photon_ene: 661.6 photon_theta: 0.122155 photon_phi: 1.97084
traject_len: 5.03186
pe_len: 93.7525 cs_len: 3.55299
---
front: 0.185566, 1.60907, 2.5
side: 0, 0, 0
front only
else
else
front: 1.35674, 0, 2.5
side: 0, 0, 0
front only
else
else
else
front: 0, 0, 2.5
side: 0, 0, 0
front only
front: 0.301217, 0.961983, 2.5
side: 0, 0, 0
front only
front: 0, 1.46877, 2.5
side: 0, 0, 0
front only
else
else
front: 0, 0.730705, 2.5
side: 0, 0, 0
front only
front: 0.426038, 0.206526, 2.5
back: 1.27811, 0.619577, 7.5
front back
photon_ene: 661.6 photon_theta: 0.187166 photon_phi: 0.451381
traject_len: 5.08887
pe_len: 53.0988 cs_len: 0.273316
---
else
else
front: 0, 0, 2.5
side: 0, 0, 0
front only
front: 0, 0, 2.5
side: 0, 0, 0
front only
else
front: 0.910576, 0, 2.5
side: 0, 0, 0
front only
else
else
else
else
else
else
else
else
front: 0.840847, 0, 2.5
side: 0, 0, 0
front only
else
else
else
else
front: 0, 0.406975, 2.5
side: 0, 0, 0
front only
else
front: 0, 1.51457, 2.5
side: 0, 0, 0
front only
else
front: 1.25629, 0.265202, 2.5
side: 0, 0, 0
front only
else
else
front: 1.50568, 1.1319, 2.5
side: 0, 0, 0
front only
else
else
front: 0, 0, 2.5
side: 0, 0, 0
front only
else
else
else
else
else
front: 0, 0.030171, 2.5
back: 0, 0.090513, 7.5
front back
photon_ene: 661.6 photon_theta: 3.06344 photon_phi: 6.12846
traject_len: 5.00036
pe_len: 2.12654 cs_len: 14.2558
---
front: 0, 1.01185, 2.5
side: 0, 0, 0
front only
else
else
front: 1.31793, 0, 2.5
side: 0, 0, 0
front only
else
else
else
else
else
front: 1.71177, 0.647953, 2.5
side: 0, 0, 0
front only
else
front: 1.6123, 0.517836, 2.5
side: 0, 0, 0
front only
else
front: 2.23805, 0, 2.5
side: 0, 0, 0
front only
front: 0.188796, 0, 2.5
back: 0.566389, 0, 7.5
front back
photon_ene: 661.6 photon_theta: 3.00207 photon_phi: 2.13854
traject_len: 5.01424
pe_len: 18.1964 cs_len: 20.8935
---
front: 1.24461, 1.09754, 2.5
side: 0, 0, 0
front only
front: 1.0425, 0, 2.5
side: 0, 0, 0
front only
else
else
else
else
else
else
else
else
else
else
else
else
else
else
else
else
else
else
else
else
else
else
else
else
else
else
else
else
front: 0.527608, 1.07191, 2.5
side: 0, 0, 0
front only
front: 0, 0, 2.5
back: 0, 0, 7.5
front back
photon_ene: 661.6 photon_theta: 0.296629 photon_phi: 4.18748
traject_len: 5
pe_len: 43.0475 cs_len: 0.490342
---
else
else
else
else
else
front: 1.36294, 1.57204, 2.5
side: 0, 0, 0
front only
else
else
else
else
else
else
else
front: 0.428004, 1.8773, 2.5
side: 0, 0, 0
front only
else
else
else
front: 0.135814, 0, 2.5
back: 0.407441, 0, 7.5
front back
photon_ene: 661.6 photon_theta: 2.85753 photon_phi: 1.75796
traject_len: 5.00737
pe_len: 60.5931 cs_len: 8.41274
---
front: 0, 0, 2.5
side: 0, 0, 0
front only
front: 1.42994, 1.39915, 2.5
side: 0, 0, 0
front only
else
else
front: 0.0806221, 0, 2.5
back: 0.241866, 0, 7.5
front back
photon_ene: 661.6 photon_theta: 0.185429 photon_phi: 4.88516
traject_len: 5.0026
pe_len: 18.2427 cs_len: 0.120337
---
else
else
else
else
else
front: 0.573985, 0, 2.5
side: 0, 0, 0
front only
front: 1.73541, 0.6529, 2.5
side: 0, 0, 0
front only
else
front: 0.617096, 0, 2.5
side: 0, 0, 0
front only
else
else
else
else
else
front: 2.06122, 0.219958, 2.5
side: 0, 0, 0
front only
else
else
front: 0, 0.712193, 2.5
side: 0, 0, 0
front only
front: 0, 0.573387, 2.5
side: 0, 0, 0
front only
else
else
else
front: 0, 0, 2.5
side: 0, 0, 0
front only
front: 0, 1.65277, 2.5
side: 0, 0, 0
front only
else
else
else
else
else
else
else
else
else
else
else
else
else
else
front: 1.42239, 0, 2.5
side: 0, 0, 0
front only
else
else
else
else
else
else
else
front: 0.258991, 2.40684, 2.5
side: 0, 0, 0
front only
else
else
front: 0, 1.4778, 2.5
side: 0, 0, 0
front only
front: 0.708463, 1.89995, 2.5
side: 0, 0, 0
front only
else
else
else
else
else
else
else
else
front: 0.0693253, 0.623277, 2.5
back: 0.207976, 1.86983, 7.5
front back
photon_ene: 661.6 photon_theta: 0.245777 photon_phi: 1.46002
traject_len: 5.15491
pe_len: 27.0256 cs_len: 2.34707
---
else
else
else
else
else
else
front: 0, 0.779844, 2.5
side: 0, 0, 0
front only
else
else
else
else
else
else
front: 0, 0, 2.5
side: 0, 0, 0
front only
else
else
front: 0, 1.81399, 2.5
side: 0, 0, 0
front only
else
front: 0, 0, 2.5
side: 0, 0, 0
front only
else
else
else
else
else
else
else
front: 0.599288, 0, 2.5
side: 0, 0, 0
front only
else
else
else
else
else
front: 0, 0.407383, 2.5
side: 0, 0, 0
front only
else
else
else
else
else
else
else
else
else
front: 0, 0, 2.5
side: 0, 0, 0
front only
front: 1.98812, 0.957031, 2.5
side: 0, 0, 0
front only
else
else
else
else
else
else
front: 1.68309, 0.952906, 2.5
side: 0, 0, 0
front only
front: 0.223306, 1.46977, 2.5
side: 0, 0, 0
front only
else
else
front: 0.0908277, 0, 2.5
side: 0, 0, 0
front only
front: 0, 0, 2.5
side: 0, 0, 0
front only
front: 0, 0.956589, 2.5
side: 0, 0, 0
front only
front: 0, 1.25759, 2.5
side: 0, 0, 0
front only
else
else
else
else
else
else
front: 0.690425, 0, 2.5
side: 0, 0, 0
front only
else
else
front: 0, 0, 2.5
side: 0, 0, 0
front only
front: 0, 0, 2.5
side: 0, 0, 0
front only
else
front: 0.121341, 1.5015, 2.5
side: 0, 0, 0
front only
front: 0, 0.775368, 2.5
back: 0, 2.3261, 7.5
front back
photon_ene: 661.6 photon_theta: 2.83924 photon_phi: 4.81905
traject_len: 5.23496
pe_len: 22.6088 cs_len: 0.117892
---
else
front: 0, 0, 2.5
side: 0, 0, 0
front only
else
front: 0, 0, 2.5
back: 0, 0, 7.5
front back
photon_ene: 661.6 photon_theta: 3.07081 photon_phi: 0.443777
traject_len: 5
pe_len: 10.6116 cs_len: 2.873
---
else
else
front: 0.734098, 2.38173, 2.5
side: 0, 0, 0
front only
front: 2.36264, 0, 2.5
side: 0, 0, 0
front only
else
else
front: 0, 0, 2.5
back: 0, 0, 7.5
front back
photon_ene: 661.6 photon_theta: 2.92337 photon_phi: 0.786025
traject_len: 5
pe_len: 4.55457 cs_len: 2.112
---
front: 0, 0, 2.5
side: 0, 0, 0
front only
else
else
else
else
else
else
else
else
else
front: 0, 2.20147, 2.5
side: 0, 0, 0
front only
else
else
else
else
else
else
else
else
else
else
else
front: 0, 0, 2.5
side: 0, 0, 0
front only
front: 0, 0.231537, 2.5
side: 0, 0, 0
front only
else
else
else
front: 1.37908, 0.215086, 2.5
side: 0, 0, 0
front only
front: 1.136, 0, 2.5
side: 0, 0, 0
front only
front: 0, 0.786367, 2.5
side: 0, 0, 0
front only
else
else
else
else
else
else
else
else
else
else
else
else
else
else
else
else
front: 0.295263, 0, 2.5
side: 0, 0, 0
front only
front: 1.24287, 1.4373, 2.5
side: 0, 0, 0
front only
front: 0, 2.16717, 2.5
side: 0, 0, 0
front only
else
else
else
front: 0.312727, 0.731501, 2.5
back: 0.93818, 2.1945, 7.5
front back
photon_ene: 661.6 photon_theta: 0.308085 photon_phi: 1.1668
traject_len: 5.24705
pe_len: 70.2849 cs_len: 3.16808
---
else
front: 0, 0, 2.5
side: 0, 0, 0
front only
else
front: 0, 0, 2.5
side: 0, 0, 0
front only
front: 0.0450133, 0.861942, 2.5
side: 0, 0, 0
front only
else
else
front: 0.299731, 1.64113, 2.5
side: 0, 0, 0
front only
else
else
else
else
else
else
else
else
else
front: 0.00796409, 0, 2.5
side: 0, 0, 0
front only
else
else
else
front: 0, 0, 2.5
side: 0, 0, 0
front only
else
front: 0, 0, 2.5
side: 0, 0, 0
front only
else
else
else
front: 0, 0, 2.5
side: 0, 0, 0
front only
else
else
front: 0.935304, 1.54132, 2.5
side: 0, 0, 0
front only
else
else
else
else
else
else
else
else
front: 0, 0.138199, 2.5
back: 0, 0.414597, 7.5
front back
photon_ene: 661.6 photon_theta: 0.0565901 photon_phi: 1.79124
traject_len: 5.00763
pe_len: 60.3979 cs_len: 3.18543
---
else
else
else
else
else
front: 0, 0.662061, 2.5
back: 0, 1.98618, 7.5
front back
photon_ene: 661.6 photon_theta: 0.310653 photon_phi: 2.17161
traject_len: 5.17236
pe_len: 62.3584 cs_len: 0.362857
---
front: 0.860841, 1.10694, 2.5
side: 0, 0, 0
front only
front: 0, 0.368393, 2.5
side: 0, 0, 0
front only
else
front: 0, 0.186879, 2.5
side: 0, 0, 0
front only
else
else
front: 0, 0, 2.5
side: 0, 0, 0
front only
front: 0.566543, 0, 2.5
side: 0, 0, 0
front only
else
else
else
else
else
front: 0.0793208, 0, 2.5
back: 0.237962, 0, 7.5
front back
photon_ene: 661.6 photon_theta: 2.98831 photon_phi: 1.77763
traject_len: 5.00252
pe_len: 9.88771 cs_len: 0.415539
---
front: 0, 0, 2.5
back: 0, 0, 7.5
front back
photon_ene: 661.6 photon_theta: 3.00676 photon_phi: 0.483911
traject_len: 5
pe_len: 64.1201 cs_len: 4.80434
---
else
front: 0.656744, 1.35938, 2.5
side: 0, 0, 0
front only
else
else
else
else
else
else
else
else
front: 0, 0, 2.5
side: 0, 0, 0
front only
else
else
front: 0, 0.596792, 2.5
side: 0, 0, 0
front only
front: 0, 0, 2.5
back: 0, 0, 7.5
front back
photon_ene: 661.6 photon_theta: 3.03904 photon_phi: 0.896357
traject_len: 5
pe_len: 54.2048 cs_len: 9.39959
---
else
else
else
else
else
else
else
front: 0, 0.704836, 2.5
side: 0, 0, 0
front only
else
else
else
front: 0, 1.56305, 2.5
side: 0, 0, 0
front only
else
else
front: 0.566099, 0.118561, 2.5
back: 1.6983, 0.355683, 7.5
front back
photon_ene: 661.6 photon_theta: 2.91424 photon_phi: 3.34804
traject_len: 5.13207
pe_len: 21.1867 cs_len: 7.77693
---
front: 1.50981, 0, 2.5
side: 0, 0, 0
front only
else
else
front: 0.292881, 0, 2.5
side: 0, 0, 0
front only
front: 1.71633, 0, 2.5
side: 0, 0, 0
front only
else
front: 0.275217, 0, 2.5
side: 0, 0, 0
front only
else
else
front: 1.22544, 0, 2.5
side: 0, 0, 0
front only
else
front: 0.219422, 0, 2.5
back: 0.658266, 0, 7.5
front back
photon_ene: 661.6 photon_theta: 0.307562 photon_phi: 4.99235
traject_len: 5.01922
pe_len: 65.1703 cs_len: 0.197778
---
else
front: 2.01619, 0, 2.5
side: 0, 0, 0
front only
front: 0, 0.713388, 2.5
side: 0, 0, 0
front only
else
front: 0.302256, 0, 2.5
side: 0, 0, 0
front only
else
else
front: 0, 0, 2.5
back: 0, 0, 7.5
front back
photon_ene: 661.6 photon_theta: 0.221768 photon_phi: 3.52333
traject_len: 5
pe_len: 0.95797 cs_len: 2.09651
---
front: 1.61392, 0, 2.5
side: 0, 0, 0
front only
else
front: 0, 0, 2.5
side: 0, 0, 0
front only
else
else
else
else
else
else
else
front: 1.92283, 0, 2.5
side: 0, 0, 0
front only
else
else
else
else
front: 0, 0.577035, 2.5
side: 0, 0, 0
front only
else
else
else
else
else
front: 0, 0, 2.5
side: 0, 0, 0
front only
else
front: 0, 0, 2.5
side: 0, 0, 0
front only
else
else
front: 0, 0, 2.5
side: 0, 0, 0
front only
else
else
front: 0, 0, 2.5
side: 0, 0, 0
front only
else
else
else
else
else
else
front: 0, 0, 2.5
back: 0, 0, 7.5
front back
photon_ene: 661.6 photon_theta: 3.00639 photon_phi: 0.0758397
traject_len: 5
pe_len: 6.66129 cs_len: 5.31102
---
else
else
else
else
else
front: 0, 0.491264, 2.5
back: 0, 1.47379, 7.5
front back
photon_ene: 661.6 photon_theta: 0.269603 photon_phi: 2.3505
traject_len: 5.09562
pe_len: 2.60782 cs_len: 0.140065
---
else
front: 0.00192967, 1.02046, 2.5
side: 0, 0, 0
front only
else
else
else
else
front: 0, 0.599942, 2.5
side: 0, 0, 0
front only
else
else
front: 0, 0.508395, 2.5
side: 0, 0, 0
front only
else
else
else
front: 1.23391, 1.19438, 2.5
side: 0, 0, 0
front only
else
else
else
else
else
else
else
else
front: 0.898468, 0, 2.5
side: 0, 0, 0
front only
else
else
else
else
front: 0.497916, 0, 2.5
side: 0, 0, 0
front only
else
front: 0, 1.35653, 2.5
side: 0, 0, 0
front only
front: 0, 0, 2.5
side: 0, 0, 0
front only
else
else
else
else
else
else
front: 1.16851, 0.291221, 2.5
side: 0, 0, 0
front only
else
else
else
else
front: 0.669569, 0, 2.5
back: 2.00871, 0, 7.5
front back
photon_ene: 661.6 photon_theta: 0.266055 photon_phi: 6.09744
traject_len: 5.17622
pe_len: 21.1337 cs_len: 2.70847
---
else
else
front: 0.261564, 0, 2.5
back: 0.784691, 0, 7.5
front back
photon_ene: 661.6 photon_theta: 0.10813 photon_phi: 6.01337
traject_len: 5.02729
pe_len: 7.20452 cs_len: 1.81512
---
else
else
else
else
else
else
else
front: 0, 0.155408, 2.5
back: 0, 0.466223, 7.5
front back
photon_ene: 661.6 photon_theta: 2.83402 photon_phi: 6.08622
traject_len: 5.00965
pe_len: 19.58 cs_len: 10.6639
---
else
else
front: 0, 0.296495, 2.5
back: 0, 0.889485, 7.5
front back
photon_ene: 661.6 photon_theta: 3.01406 photon_phi: 5.10237
traject_len: 5.03504
pe_len: 17.3285 cs_len: 21.212
---
front: 1.1803, 0, 2.5
side: 0, 0, 0
front only
else
else
front: 0.560721, 0.0408948, 2.5
back: 1.68216, 0.122684, 7.5
front back
photon_ene: 661.6 photon_theta: 0.221204 photon_phi: 0.0728036
traject_len: 5.12487
pe_len: 50.4974 cs_len: 12.6395
---
else
front: 1.27123, 1.15592, 2.5
side: 0, 0, 0
front only
else
else
else
else
else
else
else
else
else
else
else
else
else
else
else
else
else
else
else
front: 0, 0.222663, 2.5
side: 0, 0, 0
front only
else
else
front: 0.45781, 2.33519, 2.5
side: 0, 0, 0
front only
else
front: 1.28782, 0, 2.5
side: 0, 0, 0
front only
else
front: 0.258128, 0, 2.5
back: 0.774383, 0, 7.5
front back
photon_ene: 661.6 photon_theta: 0.18824 photon_phi: 5.28522
traject_len: 5.02658
pe_len: 114.278 cs_len: 2.33142
---
else
else
else
else
else
else
front: 0, 0, 2.5
back: 0, 0, 7.5
front back
photon_ene: 661.6 photon_theta: 2.83733 photon_phi: 0.0128706
traject_len: 5
pe_len: 34.2506 cs_len: 5.09693
---
front: 0, 0, 2.5
side: 0, 0, 0
front only
else
else
else
else
front: 0, 0.486457, 2.5
side: 0, 0, 0
front only
front: 1.02054, 0, 2.5
side: 0, 0, 0
front only
front: 0.261891, 2.38805, 2.5
side: 0, 0, 0
front only
else
else
else
else
else
else
else
else
else
front: 1.37584, 0, 2.5
side: 0, 0, 0
front only
else
else
front: 0.662528, 0, 2.5
side: 0, 0, 0
front only
else
else
else
front: 0, 0.714813, 2.5
side: 0, 0, 0
front only
else
front: 1.40338, 0, 2.5
side: 0, 0, 0
front only
else
else
else
front: 0, 0.929582, 2.5
side: 0, 0, 0
front only
else
else
front: 0.545534, 1.35053, 2.5
side: 0, 0, 0
front only
front: 0, 0, 2.5
side: 0, 0, 0
front only
else
else
else
else
else
front: 0.153725, 2.14793, 2.5
side: 0, 0, 0
front only
else
else
front: 0, 1.51574, 2.5
side: 0, 0, 0
front only
else
front: 0, 0, 2.5
side: 0, 0, 0
front only
else
front: 0, 0, 2.5
side: 0, 0, 0
front only
else
else
else
front: 1.10506, 0, 2.5
side: 0, 0, 0
front only
else
else
else
else
else
front: 0.490913, 0, 2.5
side: 0, 0, 0
front only
else
else
else
else
else
else
front: 0, 0, 2.5
side: 0, 0, 0
front only
else
else
else
else
else
else
else
front: 0, 0, 2.5
side: 0, 0, 0
front only
front: 0.281387, 0, 2.5
side: 0, 0, 0
front only
else
front: 0.442096, 0, 2.5
side: 0, 0, 0
front only
else
else
else
front: 0, 0, 2.5
side: 0, 0, 0
front only
else
front: 0, 0.0928712, 2.5
side: 0, 0, 0
front only
else
else
else
else
else
front: 0.277585, 0.084417, 2.5
back: 0.832754, 0.253251, 7.5
front back
photon_ene: 661.6 photon_theta: 0.115538 photon_phi: 0.295226
traject_len: 5.03356
pe_len: 18.7571 cs_len: 2.62313
---
front: 1.06633, 0.105321, 2.5
side: 0, 0, 0
front only
else
front: 0, 0, 2.5
side: 0, 0, 0
front only
else
else
else
else
else
front: 0, 0, 2.5
side: 0, 0, 0
front only
front: 1.04898, 1.59859, 2.5
side: 0, 0, 0
front only
else
front: 0, 0, 2.5
side: 0, 0, 0
front only
else
front: 0, 1.37485, 2.5
side: 0, 0, 0
front only
else
front: 2.05559, 0, 2.5
side: 0, 0, 0
front only
else
else
else
else
else
front: 0, 0.580851, 2.5
back: 0, 1.74255, 7.5
front back
photon_ene: 661.6 photon_theta: 0.263698 photon_phi: 2.10521
traject_len: 5.13318
pe_len: 8.43935 cs_len: 5.352
---
else
front: 0, 1.80071, 2.5
side: 0, 0, 0
front only
front: 0, 0, 2.5
back: 0, 0, 7.5
front back
photon_ene: 661.6 photon_theta: 3.03823 photon_phi: 0.038649
traject_len: 5
pe_len: 0.85526 cs_len: 3.36143
---
else
front: 1.49652, 0.0143868, 2.5
side: 0, 0, 0
front only
front: 0, 0.112322, 2.5
back: 0, 0.336965, 7.5
front back
photon_ene: 661.6 photon_theta: 2.85982 photon_phi: 6.12735
traject_len: 5.00504
pe_len: 40.8567 cs_len: 2.01781
---
else
else
else
else
else
front: 0, 1.29203, 2.5
side: 0, 0, 0
front only
else
else
else
else
else
else
front: 0, 2.13355, 2.5
side: 0, 0, 0
front only
front: 0, 0, 2.5
back: 0, 0, 7.5
front back
photon_ene: 661.6 photon_theta: 2.92577 photon_phi: 1.20065
traject_len: 5
pe_len: 6.42761 cs_len: 3.75373
---
else
front: 0.428484, 0, 2.5
back: 1.28545, 0, 7.5
front back
photon_ene: 661.6 photon_theta: 2.865 photon_phi: 2.21903
traject_len: 5.07291
pe_len: 6.75367 cs_len: 2.02192
---
front: 0, 0.90883, 2.5
side: 0, 0, 0
front only
front: 0, 0, 2.5
side: 0, 0, 0
front only
else
front: 0, 0, 2.5
side: 0, 0, 0
front only
else
else
else
else
else
else
else
else
else
else
else
else
front: 0.959156, 0, 2.5
side: 0, 0, 0
front only
else
else
front: 1.27648, 0.585509, 2.5
side: 0, 0, 0
front only
else
front: 1.73338, 0.120537, 2.5
side: 0, 0, 0
front only
else
else
else
front: 0, 0, 2.5
side: 0, 0, 0
front only
front: 0.512949, 0.624769, 2.5
back: 1.53885, 1.87431, 7.5
front back
photon_ene: 661.6 photon_theta: 0.312735 photon_phi: 0.883368
traject_len: 5.25488
pe_len: 49.8537 cs_len: 0.250735
---
else
else
else
else
else
front: 0.350631, 1.33263, 2.5
side: 0, 0, 0
front only
else
front: 0.119869, 0, 2.5
side: 0, 0, 0
front only
else
else
front: 1.09033, 0, 2.5
side: 0, 0, 0
front only
else
else
else
front: 1.33994, 0, 2.5
side: 0, 0, 0
front only
else
else
else
front: 0, 0, 2.5
side: 0, 0, 0
front only
else
else
else
front: 0, 1.04572, 2.5
side: 0, 0, 0
front only
else
else
front: 0, 0, 2.5
side: 0, 0, 0
front only
else
else
else
else
else
else
else
else
front: 0.664469, 1.89511, 2.5
side: 0, 0, 0
front only
else
else
else
else
else
else
else
front: 0, 1.80366, 2.5
side: 0, 0, 0
front only
front: 0.832491, 0.682822, 2.5
side: 0, 0, 0
front only
front: 0.203675, 0.605016, 2.5
back: 0.611026, 1.81505, 7.5
front back
photon_ene: 661.6 photon_theta: 2.89158 photon_phi: 4.38766
traject_len: 5.16044
pe_len: 21.5909 cs_len: 8.57723
---
else
front: 1.10777, 0, 2.5
side: 0, 0, 0
front only
else
else
front: 0, 0.805628, 2.5
side: 0, 0, 0
front only
else
else
else
else
else
else
else
front: 1.52299, 0, 2.5
side: 0, 0, 0
front only
front: 0, 0.557708, 2.5
side: 0, 0, 0
front only
else
else
front: 0, 0, 2.5
side: 0, 0, 0
front only
front: 0.0105406, 0, 2.5
side: 0, 0, 0
front only
else
else
else
else
else
else
else
front: 0.560716, 1.40539, 2.5
side: 0, 0, 0
front only
else
else
else
front: 1.95472, 0.830307, 2.5
side: 0, 0, 0
front only
else
else
front: 0, 0, 2.5
side: 0, 0, 0
front only
else
else
else
else
else
else
front: 0, 0.0276909, 2.5
side: 0, 0, 0
front only
else
else
else
else
front: 0, 0, 2.5
side: 0, 0, 0
front only
else
else
front: 0.0280914, 0, 2.5
side: 0, 0, 0
front only
else
else
else
else
front: 0, 0, 2.5
side: 0, 0, 0
front only
else
else
else
else
else
else
else
else
else
else
front: 0.956319, 0.477037, 2.5
side: 0, 0, 0
front only
else
else
else
else
else
else
front: 0, 0.300084, 2.5
side: 0, 0, 0
front only
else
front: 0, 0, 2.5
side: 0, 0, 0
front only
else
front: 0, 0, 2.5
side: 0, 0, 0
front only
front: 1.72942, 1.74952, 2.5
side: 0, 0, 0
front only
else
else
else
front: 0.256857, 0.924549, 2.5
side: 0, 0, 0
front only
else
front: 0.0948341, 1.29799, 2.5
side: 0, 0, 0
front only
front: 0, 0, 2.5
side: 0, 0, 0
front only
else
else
else
else
else
else
else
else
else
else
front: 0, 0.997377, 2.5
side: 0, 0, 0
front only
else
else
front: 0.284613, 0, 2.5
back: 0.853839, 0, 7.5
front back
photon_ene: 661.6 photon_theta: 2.95467 photon_phi: 2.21673
traject_len: 5.0323
pe_len: 6.48254 cs_len: 6.31188
---
front: 0.83977, 0, 2.5
side: 0, 0, 0
front only
else
else
front: 0, 0, 2.5
side: 0, 0, 0
front only
else
else
front: 0, 1.42471, 2.5
side: 0, 0, 0
front only
front: 1.45377, 0.560685, 2.5
side: 0, 0, 0
front only
else
front: 0.481067, 0, 2.5
back: 1.4432, 0, 7.5
front back
photon_ene: 661.6 photon_theta: 2.82762 photon_phi: 2.20508
traject_len: 5.09173
pe_len: 1.37709 cs_len: 1.60995
---
else
else
front: 0, 0, 2.5
side: 0, 0, 0
front only
front: 0.0334625, 0, 2.5
back: 0.100387, 0, 7.5
front back
photon_ene: 661.6 photon_theta: 0.195733 photon_phi: 4.77995
traject_len: 5.00045
pe_len: 62.1232 cs_len: 2.62
---
front: 0.368127, 0.0104881, 2.5
back: 1.10438, 0.0314642, 7.5
front back
photon_ene: 661.6 photon_theta: 2.99533 photon_phi: 3.17008
traject_len: 5.05396
pe_len: 33.3172 cs_len: 0.514122
---
else
front: 0, 1.1081, 2.5
side: 0, 0, 0
front only
else
else
else
else
front: 1.52912, 0, 2.5
side: 0, 0, 0
front only
front: 0.693208, 0, 2.5
side: 0, 0, 0
front only
front: 0, 1.52682, 2.5
side: 0, 0, 0
front only
front: 0.140829, 0, 2.5
back: 0.422487, 0, 7.5
front back
photon_ene: 661.6 photon_theta: 2.93783 photon_phi: 1.8469
traject_len: 5.00793
pe_len: 5.7068 cs_len: 0.255904
---
else
else
else
front: 0, 0, 2.5
side: 0, 0, 0
front only
else
else
else
else
else
else
else
front: 0, 1.09956, 2.5
side: 0, 0, 0
front only
else
else
front: 0.0649535, 0.704399, 2.5
back: 0.19486, 2.1132, 7.5
front back
photon_ene: 661.6 photon_theta: 2.86585 photon_phi: 4.62044
traject_len: 5.19631
pe_len: 5.02641 cs_len: 0.209972
---
else
else
else
front: 0.0862978, 0, 2.5
side: 0, 0, 0
front only
else
else
else
else
else
else
else
else
else
else
else
front: 0.598085, 0, 2.5
side: 0, 0, 0
front only
front: 1.6889, 1.28684, 2.5
side: 0, 0, 0
front only
front: 0, 1.86893, 2.5
side: 0, 0, 0
front only
front: 0, 0.597219, 2.5
side: 0, 0, 0
front only
else
else
else
else
front: 0.486639, 0.949906, 2.5
side: 0, 0, 0
front only
else
else
else
else
else
front: 0.482685, 0, 2.5
back: 1.44805, 0, 7.5
front back
photon_ene: 661.6 photon_theta: 2.82069 photon_phi: 2.19057
traject_len: 5.09234
pe_len: 49.6029 cs_len: 1.63829
---
else
else
else
front: 0.446351, 0.974824, 2.5
side: 0, 0, 0
front only
else
else
else
else
front: 1.19685, 0, 2.5
side: 0, 0, 0
front only
else
front: 2.3675, 0.531495, 2.5
side: 0, 0, 0
front only
else
front: 0, 0, 2.5
side: 0, 0, 0
front only
front: 0, 1.1105, 2.5
side: 0, 0, 0
front only
else
else
else
else
else
else
else
else
front: 0, 0, 2.5
side: 0, 0, 0
front only
else
else
else
else
else
else
front: 0.477861, 0.861423, 2.5
side: 0, 0, 0
front only
else
else
front: 0, 0, 2.5
side: 0, 0, 0
front only
else
else
else
else
else
else
else
front: 0, 0, 2.5
side: 0, 0, 0
front only
front: 0, 0, 2.5
side: 0, 0, 0
front only
else
else
else
else
else
else
else
else
else
else
front: 0, 0, 2.5
side: 0, 0, 0
front only
else
else
else
front: 1.52801, 0, 2.5
side: 0, 0, 0
front only
front: 1.22735, 1.48344, 2.5
side: 0, 0, 0
front only
else
else
front: 0, 0.792249, 2.5
side: 0, 0, 0
front only
else
else
front: 0.998075, 1.49901, 2.5
side: 0, 0, 0
front only
else
else
else
else
else
front: 0, 1.51411, 2.5
side: 0, 0, 0
front only
else
else
else
else
else
front: 0, 1.65275, 2.5
side: 0, 0, 0
front only
else
else
else
else
else
front: 0, 1.63024, 2.5
side: 0, 0, 0
front only
front: 1.26245, 0.615334, 2.5
side: 0, 0, 0
front only
else
front: 1.25012, 0, 2.5
side: 0, 0, 0
front only
front: 1.06287, 0, 2.5
side: 0, 0, 0
front only
front: 0, 0, 2.5
back: 0, 0, 7.5
front back
photon_ene: 661.6 photon_theta: 0.211519 photon_phi: 4.44115
traject_len: 5
pe_len: 15.6243 cs_len: 0.230705
---
front: 1.95651, 0, 2.5
side: 0, 0, 0
front only
else
else
front: 0, 0, 2.5
side: 0, 0, 0
front only
else
else
else
else
front: 1.32348, 0.793466, 2.5
side: 0, 0, 0
front only
front: 2.04706, 0.566092, 2.5
side: 0, 0, 0
front only
else
front: 2.38338, 0, 2.5
side: 0, 0, 0
front only
else
else
else
front: 0, 0, 2.5
side: 0, 0, 0
front only
else
else
else
front: 0, 0, 2.5
back: 0, 0, 7.5
front back
photon_ene: 661.6 photon_theta: 2.92083 photon_phi: 1.01861
traject_len: 5
pe_len: 42.1796 cs_len: 1.15487
---
else
else
else
else
front: 0, 0, 2.5
back: 0, 0, 7.5
front back
photon_ene: 661.6 photon_theta: 2.82664 photon_phi: 0.547165
traject_len: 5
pe_len: 96.0126 cs_len: 1.98818
---
front: 0, 0, 2.5
side: 0, 0, 0
front only
front: 0, 0.490674, 2.5
back: 0, 1.47202, 7.5
front back
photon_ene: 661.6 photon_theta: 0.193828 photon_phi: 1.58603
traject_len: 5.09539
pe_len: 26.0894 cs_len: 1.2354
---
front: 0, 0, 2.5
side: 0, 0, 0
front only
else
else
else
else
else
else
else
else
else
else
front: 0, 1.95382, 2.5
side: 0, 0, 0
front only
else
front: 0.654921, 0.484345, 2.5
back: 1.96476, 1.45304, 7.5
front back
photon_ene: 661.6 photon_theta: 2.82661 photon_phi: 3.77837
traject_len: 5.25871
pe_len: 3.10254 cs_len: 0.140982
---
front: 0.547927, 2.14956, 2.5
side: 0, 0, 0
front only
front: 1.04671, 1.82415, 2.5
side: 0, 0, 0
front only
front: 0.182483, 0, 2.5
side: 0, 0, 0
front only
else
front: 0, 0, 2.5
side: 0, 0, 0
front only
else
else
front: 0, 0.104879, 2.5
side: 0, 0, 0
front only
else
else
else
else
front: 0, 0.57329, 2.5
side: 0, 0, 0
front only
front: 1.0238, 0.764588, 2.5
side: 0, 0, 0
front only
front: 1.10374, 0, 2.5
side: 0, 0, 0
front only
front: 0.80726, 0, 2.5
side: 0, 0, 0
front only
else
front: 0.432411, 0, 2.5
side: 0, 0, 0
front only
else
else
else
else
else
else
else
front: 0, 0, 2.5
side: 0, 0, 0
front only
else
else
else
else
else
else
front: 0.265635, 0, 2.5
back: 0.796905, 0, 7.5
front back
photon_ene: 661.6 photon_theta: 2.96066 photon_phi: 2.19055
traject_len: 5.02815
pe_len: 12.2345 cs_len: 2.35336
---
else
else
else
else
else
else
else
else
else
else
else
else
else
else
front: 1.10574, 0, 2.5
side: 0, 0, 0
front only
else
front: 0.36787, 0, 2.5
side: 0, 0, 0
front only
else
else
else
else
front: 0.491529, 0, 2.5
back: 1.47459, 0, 7.5
front back
photon_ene: 661.6 photon_theta: 0.198263 photon_phi: 6.07615
traject_len: 5.09572
pe_len: 64.7596 cs_len: 1.36102
---
else
else
front: 0.720166, 0, 2.5
side: 0, 0, 0
front only
front: 0, 1.25381, 2.5
side: 0, 0, 0
front only
else
else
else
else
else
else
front: 0.804087, 0, 2.5
back: 2.41226, 0, 7.5
front back
photon_ene: 661.6 photon_theta: 0.317116 photon_phi: 6.08296
traject_len: 5.25226
pe_len: 28.3984 cs_len: 1.48515
---
else
front: 0.193013, 0, 2.5
side: 0, 0, 0
front only
else
else
else
else
else
front: 1.10549, 0.959286, 2.5
side: 0, 0, 0
front only
else
else
else
else
front: 0.87776, 0.0885386, 2.5
side: 0, 0, 0
front only
else
else
front: 0.144694, 0, 2.5
back: 0.434083, 0, 7.5
front back
photon_ene: 661.6 photon_theta: 2.87539 photon_phi: 1.78468
traject_len: 5.00837
pe_len: 2.32184 cs_len: 11.9478
---
else
else
else
else
else
else
else
else
else
else
else
front: 0, 0.47191, 2.5
back: 0, 1.41573, 7.5
front back
photon_ene: 661.6 photon_theta: 2.92236 photon_phi: 5.27253
traject_len: 5.0883
pe_len: 24.8575 cs_len: 0.0403454
---
front: 0.378633, 0, 2.5
side: 0, 0, 0
front only
else
front: 2.14993, 0.0383334, 2.5
side: 0, 0, 0
front only
else
front: 1.26228, 2.01134, 2.5
side: 0, 0, 0
front only
else
front: 0, 1.77773, 2.5
side: 0, 0, 0
front only
front: 0, 0, 2.5
side: 0, 0, 0
front only
else
front: 0, 2.37462, 2.5
side: 0, 0, 0
front only
else
else
else
front: 0.619632, 2.15659, 2.5
side: 0, 0, 0
front only
front: 0.211895, 0.987215, 2.5
side: 0, 0, 0
front only
else
else
else
front: 1.80743, 0, 2.5
side: 0, 0, 0
front only
else
else
front: 0.147132, 0.221503, 2.5
back: 0.441395, 0.664509, 7.5
front back
photon_ene: 661.6 photon_theta: 0.105968 photon_phi: 0.984474
traject_len: 5.0282
pe_len: 9.28205 cs_len: 7.59881
---
else
else
else
else
front: 0.43125, 0.616157, 2.5
back: 1.29375, 1.84847, 7.5
front back
photon_ene: 661.6 photon_theta: 0.29222 photon_phi: 0.960135
traject_len: 5.22135
pe_len: 0.553607 cs_len: 5.38676
---
else
front: 0.404309, 0, 2.5
back: 1.21293, 0, 7.5
front back
photon_ene: 661.6 photon_theta: 0.30105 photon_phi: 5.26026
traject_len: 5.06496
pe_len: 106.934 cs_len: 0.86483
---
front: 0, 0.301033, 2.5
side: 0, 0, 0
front only
else
else
else
else
else
front: 1.30721, 0, 2.5
side: 0, 0, 0
front only
else
front: 1.21591, 0, 2.5
side: 0, 0, 0
front only
front: 0.574935, 1.57725, 2.5
side: 0, 0, 0
front only
else
front: 0.97687, 0, 2.5
side: 0, 0, 0
front only
else
else
else
else
else
else
else
front: 0, 0, 2.5
side: 0, 0, 0
front only
else
else
else
else
else
else
else
else
else
else
front: 0.779843, 1.28229, 2.5
side: 0, 0, 0
front only
else
else
else
else
else
front: 0.783939, 0.829698, 2.5
side: 0, 0, 0
front only
else
else
else
else
else
else
front: 0.0683704, 0, 2.5
back: 0.205111, 0, 7.5
front back
photon_ene: 661.6 photon_theta: 2.89313 photon_phi: 1.6788
traject_len: 5.00187
pe_len: 47.293 cs_len: 1.4297
---
front: 0.767443, 0, 2.5
side: 0, 0, 0
front only
front: 0, 0.636414, 2.5
side: 0, 0, 0
front only
else
front: 0.792536, 0, 2.5
back: 2.37761, 0, 7.5
front back
photon_ene: 661.6 photon_theta: 0.314242 photon_phi: 6.0609
traject_len: 5.24523
pe_len: 10.6646 cs_len: 1.32287
---
else
front: 0, 0.687812, 2.5
back: 0, 2.06344, 7.5
front back
photon_ene: 661.6 photon_theta: 0.274942 photon_phi: 1.79341
traject_len: 5.18578
pe_len: 20.4955 cs_len: 4.67995
---
else
else
else
else
else
else
else
else
else
else
else
front: 2.13742, 0.948583, 2.5
side: 0, 0, 0
front only
else
front: 0, 0.34356, 2.5
side: 0, 0, 0
front only
front: 1.87151, 0, 2.5
side: 0, 0, 0
front only
else
else
else
else
front: 0, 1.53439, 2.5
side: 0, 0, 0
front only
else
front: 0, 0.776512, 2.5
side: 0, 0, 0
front only
else
else
front: 0.888904, 0, 2.5
side: 0, 0, 0
front only
front: 0, 1.80877, 2.5
side: 0, 0, 0
front only
else
else
else
else
else
front: 0, 0, 2.5
side: 0, 0, 0
front only
else
else
front: 0.316942, 1.9712, 2.5
side: 0, 0, 0
front only
else
else
else
front: 0.822566, 2.09405, 2.5
side: 0, 0, 0
front only
else
else
else
front: 0, 0, 2.5
side: 0, 0, 0
front only
else
else
front: 0.50056, 0, 2.5
side: 0, 0, 0
front only
else
else
else
else
else
else
else
else
else
front: 1.35782, 0.0849767, 2.5
side: 0, 0, 0
front only
front: 0.0133846, 1.7901, 2.5
side: 0, 0, 0
front only
else
front: 0, 0.278215, 2.5
back: 0, 0.834645, 7.5
front back
photon_ene: 661.6 photon_theta: 0.269592 photon_phi: 2.72708
traject_len: 5.03087
pe_len: 37.0494 cs_len: 5.56656
---
front: 0, 0.223759, 2.5
side: 0, 0, 0
front only
front: 0, 0, 2.5
side: 0, 0, 0
front only
front: 0, 0.341662, 2.5
side: 0, 0, 0
front only
front: 1.72506, 0.918292, 2.5
side: 0, 0, 0
front only
else
front: 0, 0, 2.5
back: 0, 0, 7.5
front back
photon_ene: 661.6 photon_theta: 3.00305 photon_phi: 0.237262
traject_len: 5
pe_len: 71.8843 cs_len: 1.40962
---
front: 0, 0.929258, 2.5
side: 0, 0, 0
front only
else
else
front: 0, 0.812074, 2.5
side: 0, 0, 0
front only
front: 0.445858, 0, 2.5
back: 1.33757, 0, 7.5
front back
photon_ene: 661.6 photon_theta: 2.92752 photon_phi: 2.53279
traject_len: 5.07889
pe_len: 8.88256 cs_len: 9.08783
---
front: 0, 0.782158, 2.5
side: 0, 0, 0
front only
else
else
else
else
else
else
else
else
else
front: 1.39538, 0, 2.5
side: 0, 0, 0
front only
front: 0, 1.27123, 2.5
side: 0, 0, 0
front only
front: 0.113622, 0.222231, 2.5
back: 0.340867, 0.666694, 7.5
front back
photon_ene: 661.6 photon_theta: 3.04209 photon_phi: 4.23976
traject_len: 5.02486
pe_len: 3.55081 cs_len: 4.38108
---
else
else
else
else
else
else
front: 0.854134, 1.29069, 2.5
side: 0, 0, 0
front only
else
else
front: 0.297334, 0.0884645, 2.5
back: 0.892001, 0.265394, 7.5
front back
photon_ene: 661.6 photon_theta: 3.01814 photon_phi: 3.43078
traject_len: 5.03835
pe_len: 29.5684 cs_len: 3.60381
---
else
else
else
front: 0, 0, 2.5
side: 0, 0, 0
front only
else
else
front: 1.83445, 0.479548, 2.5
side: 0, 0, 0
front only
else
else
else
else
else
else
else
front: 0, 0, 2.5
back: 0, 0, 7.5
front back
photon_ene: 661.6 photon_theta: 0.280313 photon_phi: 3.23553
traject_len: 5
pe_len: 33.6441 cs_len: 3.931
---
front: 0, 1.26254, 2.5
side: 0, 0, 0
front only
front: 2.19188, 0.0863785, 2.5
side: 0, 0, 0
front only
else
else
front: 0.260173, 0.972256, 2.5
side: 0, 0, 0
front only
front: 0, 1.0642, 2.5
side: 0, 0, 0
front only
else
else
else
front: 0.555649, 0.748417, 2.5
side: 0, 0, 0
front only
else
else
front: 0, 0, 2.5
side: 0, 0, 0
front only
front: 0.513001, 0.422473, 2.5
back: 1.539, 1.26742, 7.5
front back
photon_ene: 661.6 photon_theta: 0.259819 photon_phi: 0.688926
traject_len: 5.17365
pe_len: 14.2543 cs_len: 2.1857
---
front: 0, 1.54317, 2.5
side: 0, 0, 0
front only
front: 0, 0, 2.5
back: 0, 0, 7.5
front back
photon_ene: 661.6 photon_theta: 0.315512 photon_phi: 4.51598
traject_len: 5
pe_len: 19.1955 cs_len: 1.06309
---
else
front: 0, 1.24331, 2.5
side: 0, 0, 0
front only
else
front: 1.03891, 0, 2.5
side: 0, 0, 0
front only
else
else
else
else
front: 0.512756, 0, 2.5
side: 0, 0, 0
front only
else
else
else
else
else
else
else
front: 0, 0.487871, 2.5
side: 0, 0, 0
front only
else
else
else
else
front: 0, 0, 2.5
side: 0, 0, 0
front only
else
else
else
front: 0, 1.49168, 2.5
side: 0, 0, 0
front only
else
front: 0.508352, 0, 2.5
side: 0, 0, 0
front only
else
else
else
front: 0, 0, 2.5
side: 0, 0, 0
front only
else
else
else
front: 0.646602, 2.31366, 2.5
side: 0, 0, 0
front only
else
else
else
front: 0.785101, 0, 2.5
side: 0, 0, 0
front only
front: 0, 2.3071, 2.5
side: 0, 0, 0
front only
else
else
else
else
else
else
else
else
else
else
front: 0, 0.495638, 2.5
back: 0, 1.48691, 7.5
front back
photon_ene: 661.6 photon_theta: 2.92578 photon_phi: 5.15333
traject_len: 5.09732
pe_len: 26.5765 cs_len: 2.36631
---
front: 0, 0.806254, 2.5
side: 0, 0, 0
front only
front: 0.987267, 0, 2.5
side: 0, 0, 0
front only
front: 0, 0.168739, 2.5
back: 0, 0.506216, 7.5
front back
photon_ene: 661.6 photon_theta: 2.89304 photon_phi: 6.01401
traject_len: 5.01138
pe_len: 62.7911 cs_len: 0.823861
---
else
front: 0, 0, 2.5
side: 0, 0, 0
front only
else
else
else
else
else
front: 0, 1.02963, 2.5
side: 0, 0, 0
front only
front: 0.13288, 0, 2.5
back: 0.398641, 0, 7.5
front back
photon_ene: 661.6 photon_theta: 2.96474 photon_phi: 1.87277
traject_len: 5.00706
pe_len: 11.9157 cs_len: 2.64546
---
front: 1.36674, 0.975576, 2.5
side: 0, 0, 0
front only
else
else
front: 0.663982, 0, 2.5
side: 0, 0, 0
front only
else
else
else
front: 0.0842147, 0.898502, 2.5
side: 0, 0, 0
front only
front: 0.130992, 1.64838, 2.5
side: 0, 0, 0
front only
else
else
else
else
else
else
else
else
else
front: 1.21449, 0, 2.5
side: 0, 0, 0
front only
front: 1.63587, 0, 2.5
side: 0, 0, 0
front only
front: 0.515024, 0.146316, 2.5
back: 1.54507, 0.438949, 7.5
front back
photon_ene: 661.6 photon_theta: 2.93062 photon_phi: 3.4184
traject_len: 5.11338
pe_len: 15.3705 cs_len: 3.53205
---
else
else
else
front: 0, 0, 2.5
side: 0, 0, 0
front only
front: 1.91192, 0.616156, 2.5
side: 0, 0, 0
front only
front: 0, 0.42668, 2.5
side: 0, 0, 0
front only
else
else
else
else
else
else
else
else
front: 0.606243, 0.189765, 2.5
back: 1.81873, 0.569294, 7.5
front back
photon_ene: 661.6 photon_theta: 0.248833 photon_phi: 0.303356
traject_len: 5.15889
pe_len: 25.5784 cs_len: 3.75949
---
else
front: 1.74767, 0, 2.5
side: 0, 0, 0
front only
else
front: 0, 0, 2.5
side: 0, 0, 0
front only
else
else
front: 0.352837, 0.689174, 2.5
back: 1.05851, 2.06752, 7.5
front back
photon_ene: 661.6 photon_theta: 0.30033 photon_phi: 1.09762
traject_len: 5.23429
pe_len: 19.7442 cs_len: 2.81239
---
else
else
else
else
else
else
front: 0.11956, 0, 2.5
side: 0, 0, 0
front only
front: 0, 0.762689, 2.5
side: 0, 0, 0
front only
else
else
else
else
front: 0, 1.274, 2.5
side: 0, 0, 0
front only
else
else
front: 0, 0, 2.5
side: 0, 0, 0
front only
else
front: 0, 0, 2.5
side: 0, 0, 0
front only
front: 2.06201, 1.08778, 2.5
side: 0, 0, 0
front only
else
front: 2.37473, 0, 2.5
side: 0, 0, 0
front only
else
else
else
front: 2.31825, 0.84777, 2.5
side: 0, 0, 0
front only
front: 0, 1.79962, 2.5
side: 0, 0, 0
front only
else
else
else
front: 0, 0, 2.5
side: 0, 0, 0
front only
else
else
else
else
else
front: 0, 0, 2.5
side: 0, 0, 0
front only
else
front: 0.550958, 0.35962, 2.5
back: 1.65287, 1.07886, 7.5
front back
photon_ene: 661.6 photon_theta: 2.88425 photon_phi: 3.71988
traject_len: 5.17025
pe_len: 80.0417 cs_len: 3.06292
---
else
else
else
else
else
else
else
else
front: 1.5316, 0, 2.5
side: 0, 0, 0
front only
else
front: 0, 0, 2.5
side: 0, 0, 0
front only
else
else
else
else
else
else
front: 0, 0, 2.5
side: 0, 0, 0
front only
else
else
front: 0, 1.26179, 2.5
side: 0, 0, 0
front only
else
else
else
front: 0, 0, 2.5
side: 0, 0, 0
front only
else
else
else
else
else
else
else
else
else
else
else
else
else
else
else
else
else
else
else
else
else
front: 0, 1.8749, 2.5
side: 0, 0, 0
front only
else
else
else
front: 0, 0, 2.5
back: 0, 0, 7.5
front back
photon_ene: 661.6 photon_theta: 2.91328 photon_phi: 1.45643
traject_len: 5
pe_len: 69.072 cs_len: 0.737284
---
front: 0, 0.200256, 2.5
side: 0, 0, 0
front only
else
front: 0.228828, 0, 2.5
side: 0, 0, 0
front only
else
else
else
else
else
else
else
else
else
else
front: 0, 0, 2.5
side: 0, 0, 0
front only
else
else
front: 1.08978, 0.300686, 2.5
side: 0, 0, 0
front only
else
else
else
else
else
front: 0, 0, 2.5
side: 0, 0, 0
front only
else
else
else
else
else
else
front: 0, 1.021, 2.5
side: 0, 0, 0
front only
else
else
front: 0, 0, 2.5
back: 0, 0, 7.5
front back
photon_ene: 661.6 photon_theta: 0.260858 photon_phi: 4.674
traject_len: 5
pe_len: 31.925 cs_len: 8.57503
---
else
else
front: 0, 0.0786293, 2.5
back: 0, 0.235888, 7.5
front back
photon_ene: 661.6 photon_theta: 0.138511 photon_phi: 2.91402
traject_len: 5.00247
pe_len: 5.25293 cs_len: 0.0906898
---
else
else
else
else
else
else
front: 0, 0, 2.5
side: 0, 0, 0
front only
else
front: 0, 1.0685, 2.5
side: 0, 0, 0
front only
else
else
front: 0, 0, 2.5
back: 0, 0, 7.5
front back
photon_ene: 661.6 photon_theta: 0.08569 photon_phi: 4.6826
traject_len: 5
pe_len: 2.30269 cs_len: 0.223199
---
front: 2.05113, 0, 2.5
side: 0, 0, 0
front only
else
else
front: 1.10266, 0, 2.5
side: 0, 0, 0
front only
else
front: 0, 1.74344, 2.5
side: 0, 0, 0
front only
else
front: 0, 0.0978577, 2.5
back: 0, 0.293573, 7.5
front back
photon_ene: 661.6 photon_theta: 0.219753 photon_phi: 2.96544
traject_len: 5.00383
pe_len: 30.0562 cs_len: 2.22866
---
else
front: 1.54851, 1.01133, 2.5
side: 0, 0, 0
front only
else
else
else
else
else
else
else
else
else
front: 0, 0, 2.5
side: 0, 0, 0
front only
front: 1.65361, 0.234793, 2.5
side: 0, 0, 0
front only
else
else
else
else
front: 0.231649, 0, 2.5
side: 0, 0, 0
front only
else
else
else
else
front: 0.189089, 2.0707, 2.5
side: 0, 0, 0
front only
else
front: 0, 0, 2.5
side: 0, 0, 0
front only
front: 0.397073, 0, 2.5
back: 1.19122, 0, 7.5
front back
photon_ene: 661.6 photon_theta: 0.265512 photon_phi: 5.33613
traject_len: 5.06267
pe_len: 65.3093 cs_len: 2.12689
---
else
front: 0, 0, 2.5
side: 0, 0, 0
front only
else
else
front: 0, 0, 2.5
side: 0, 0, 0
front only
else
else
front: 0, 1.94891, 2.5
side: 0, 0, 0
front only
front: 0.844029, 0, 2.5
side: 0, 0, 0
front only
else
front: 0, 1.78327, 2.5
side: 0, 0, 0
front only
else
else
else
else
else
else
else
front: 0, 0, 2.5
side: 0, 0, 0
front only
front: 1.43375, 0.0285275, 2.5
side: 0, 0, 0
front only
else
else
else
else
else
front: 0, 0.717032, 2.5
side: 0, 0, 0
front only
else
else
else
else
else
front: 1.47477, 1.80036, 2.5
side: 0, 0, 0
front only
else
else
else
else
else
else
else
front: 0, 1.3623, 2.5
side: 0, 0, 0
front only
front: 0, 0, 2.5
side: 0, 0, 0
front only
front: 0.286111, 0, 2.5
side: 0, 0, 0
front only
else
else
else
else
front: 0, 0, 2.5
side: 0, 0, 0
front only
else
else
else
else
else
else
else
front: 0, 1.15791, 2.5
side: 0, 0, 0
front only
else
front: 0.19314, 1.27882, 2.5
side: 0, 0, 0
front only
else
front: 1.14905, 0, 2.5
side: 0, 0, 0
front only
else
else
front: 0, 0.172781, 2.5
back: 0, 0.518342, 7.5
front back
photon_ene: 661.6 photon_theta: 2.87595 photon_phi: 6.02635
traject_len: 5.01193
pe_len: 29.6874 cs_len: 3.72625
---
front: 1.40089, 0, 2.5
side: 0, 0, 0
front only
front: 0, 0.592842, 2.5
back: 0, 1.77853, 7.5
front back
photon_ene: 661.6 photon_theta: 0.274211 photon_phi: 2.13873
traject_len: 5.13866
pe_len: 88.9035 cs_len: 6.61615
---
front: 0, 0.000951118, 2.5
side: 0, 0, 0
front only
front: 1.76339, 0, 2.5
side: 0, 0, 0
front only
else
front: 0.564538, 0, 2.5
side: 0, 0, 0
front only
front: 0, 0, 2.5
side: 0, 0, 0
front only
else
else
else
else
else
else
else
front: 0.364651, 0, 2.5
side: 0, 0, 0
front only
else
front: 0.294135, 1.69042, 2.5
side: 0, 0, 0
front only
else
else
else
else
else
else
else
front: 0.683162, 0.571034, 2.5
side: 0, 0, 0
front only
else
else
else
else
else
else
front: 1.23434, 0, 2.5
side: 0, 0, 0
front only
else
else
front: 0, 0.103033, 2.5
side: 0, 0, 0
front only
front: 0.203837, 0, 2.5
side: 0, 0, 0
front only
else
else
else
else
front: 0, 0, 2.5
side: 0, 0, 0
front only
else
else
front: 0.826977, 0, 2.5
side: 0, 0, 0
front only
else
else
else
else
else
else
else
else
front: 0, 0.75739, 2.5
side: 0, 0, 0
front only
else
front: 0.0428377, 0, 2.5
side: 0, 0, 0
front only
else
else
front: 0, 0.384919, 2.5
side: 0, 0, 0
front only
else
else
front: 0.464171, 0, 2.5
back: 1.39251, 0, 7.5
front back
photon_ene: 661.6 photon_theta: 0.183986 photon_phi: 6.21579
traject_len: 5.08545
pe_len: 14.4542 cs_len: 4.63462
---
front: 1.09699, 0.656639, 2.5
side: 0, 0, 0
front only
else
else
else
front: 1.94587, 0.855172, 2.5
side: 0, 0, 0
front only
else
else
front: 0, 0, 2.5
side: 0, 0, 0
front only
else
else
else
else
front: 0, 0.765795, 2.5
side: 0, 0, 0
front only
else
else
else
front: 0, 0, 2.5
side: 0, 0, 0
front only
else
else
else
front: 0, 0, 2.5
side: 0, 0, 0
front only
else
else
else
else
else
else
else
else
else
else
front: 0, 0, 2.5
back: 0, 0, 7.5
front back
photon_ene: 661.6 photon_theta: 0.233144 photon_phi: 3.31118
traject_len: 5
pe_len: 111.587 cs_len: 4.9105
---
else
else
else
else
else
front: 0, 0, 2.5
side: 0, 0, 0
front only
else
else
front: 2.33453, 0.623166, 2.5
side: 0, 0, 0
front only
else
else
else
else
front: 0, 0, 2.5
side: 0, 0, 0
front only
front: 1.75125, 0, 2.5
side: 0, 0, 0
front only
front: 0, 1.30337, 2.5
side: 0, 0, 0
front only
else
front: 0.800311, 0.684526, 2.5
side: 0, 0, 0
front only
else
else
front: 0, 0.572378, 2.5
side: 0, 0, 0
front only
else
else
else
front: 0.657252, 0.573466, 2.5
side: 0, 0, 0
front only
else
else
else
front: 0, 0, 2.5
side: 0, 0, 0
front only
front: 0, 1.18999, 2.5
side: 0, 0, 0
front only
front: 0, 0.810454, 2.5
back: 0, 2.43136, 7.5
front back
photon_ene: 661.6 photon_theta: 0.313517 photon_phi: 1.58406
traject_len: 5.25617
pe_len: 17.5137 cs_len: 3.48346
---
else
else
front: 0, 0, 2.5
side: 0, 0, 0
front only
else
else
else
else
else
front: 0, 0, 2.5
side: 0, 0, 0
front only
else
else
else
front: 0.114534, 0, 2.5
back: 0.343603, 0, 7.5
front back
photon_ene: 661.6 photon_theta: 2.95788 photon_phi: 1.81993
traject_len: 5.00524
pe_len: 27.8695 cs_len: 9.58531
---
front: 0, 0, 2.5
side: 0, 0, 0
front only
else
else
else
else
else
else
else
else
else
front: 1.58039, 0, 2.5
side: 0, 0, 0
front only
else
else
else
else
front: 0, 0, 2.5
side: 0, 0, 0
front only
else
else
else
else
else
else
else
front: 0, 0, 2.5
back: 0, 0, 7.5
front back
photon_ene: 661.6 photon_theta: 3.03088 photon_phi: 0.851099
traject_len: 5
pe_len: 19.547 cs_len: 3.43798
---
else
else
else
else
else
else
else
else
front: 1.75333, 1.2119, 2.5
side: 0, 0, 0
front only
else
front: 0, 0.720289, 2.5
side: 0, 0, 0
front only
else
else
front: 1.48683, 0.102524, 2.5
side: 0, 0, 0
front only
else
else
front: 0, 0, 2.5
side: 0, 0, 0
front only
else
else
else
else
else
else
else
else
else
else
front: 0.296243, 0.821587, 2.5
side: 0, 0, 0
front only
else
front: 1.10982, 0.956662, 2.5
side: 0, 0, 0
front only
else
else
else
front: 2.16385, 0.902801, 2.5
side: 0, 0, 0
front only
front: 0, 0, 2.5
side: 0, 0, 0
front only
else
front: 0, 1.2145, 2.5
side: 0, 0, 0
front only
else
else
else
else
front: 0.792059, 0.0287342, 2.5
back: 2.37618, 0.0862027, 7.5
front back
photon_ene: 661.6 photon_theta: 0.307008 photon_phi: 0.036262
traject_len: 5.24526
pe_len: 24.134 cs_len: 2.41343
---
else
front: 0.929638, 0.66033, 2.5
side: 0, 0, 0
front only
front: 0.739968, 0.354116, 2.5
back: 2.2199, 1.06235, 7.5
front back
photon_ene: 661.6 photon_theta: 0.317064 photon_phi: 0.446345
traject_len: 5.2623
pe_len: 12.0083 cs_len: 3.06312
---
else
else
else
else
else
else
else
else
else
front: 2.13969, 0.394617, 2.5
side: 0, 0, 0
front only
else
else
front: 0, 0, 2.5
side: 0, 0, 0
front only
else
front: 2.09215, 0, 2.5
side: 0, 0, 0
front only
front: 0.00263301, 0, 2.5
side: 0, 0, 0
front only
else
else
else
else
else
else
else
front: 0.727877, 0, 2.5
side: 0, 0, 0
front only
else
else
else
else
front: 0.338544, 2.41723, 2.5
side: 0, 0, 0
front only
front: 0, 0.888056, 2.5
side: 0, 0, 0
front only
front: 0, 1.23778, 2.5
side: 0, 0, 0
front only
else
else
front: 0, 0.367668, 2.5
back: 0, 1.103, 7.5
front back
photon_ene: 661.6 photon_theta: 2.89655 photon_phi: 5.65447
traject_len: 5.05378
pe_len: 60.7443 cs_len: 0.244127
---
else
else
else
front: 0, 0.0663793, 2.5
side: 0, 0, 0
front only
else
else
else
else
else
else
else
front: 0, 1.69515, 2.5
side: 0, 0, 0
front only
else
else
else
else
front: 0.617525, 0, 2.5
side: 0, 0, 0
front only
else
else
front: 0.660517, 0, 2.5
side: 0, 0, 0
front only
front: 0.341708, 0, 2.5
side: 0, 0, 0
front only
else
front: 0, 1.63154, 2.5
side: 0, 0, 0
front only
else
else
else
front: 2.22573, 0.958376, 2.5
side: 0, 0, 0
front only
else
else
else
else
else
else
else
else
else
else
else
front: 1.92838, 1.05226, 2.5
side: 0, 0, 0
front only
else
else
else
else
else
else
front: 0, 0, 2.5
side: 0, 0, 0
front only
else
else
front: 0, 0.78034, 2.5
back: 0, 2.34102, 7.5
front back
photon_ene: 661.6 photon_theta: 2.83708 photon_phi: 4.82939
traject_len: 5.23791
pe_len: 142.535 cs_len: 3.34311
---
front: 0, 0, 2.5
side: 0, 0, 0
front only
else
front: 1.71949, 0.882675, 2.5
side: 0, 0, 0
front only
front: 0, 0, 2.5
side: 0, 0, 0
front only
else
else
else
else
front: 0.219132, 0.903593, 2.5
side: 0, 0, 0
front only
front: 2.00386, 0.14874, 2.5
side: 0, 0, 0
front only
else
front: 1.61458, 0, 2.5
side: 0, 0, 0
front only
front: 1.35484, 0, 2.5
side: 0, 0, 0
front only
else
front: 0.73967, 0.32898, 2.5
back: 2.21901, 0.98694, 7.5
front back
photon_ene: 661.6 photon_theta: 2.82844 photon_phi: 3.56009
traject_len: 5.2556
pe_len: 13.7102 cs_len: 7.37057
---
else
else
else
else
front: 1.75562, 1.70899, 2.5
side: 0, 0, 0
front only
else
else
front: 0.492178, 0, 2.5
back: 1.47653, 0, 7.5
front back
photon_ene: 661.6 photon_theta: 0.305802 photon_phi: 5.38572
traject_len: 5.09597
pe_len: 11.6805 cs_len: 6.84479
---
else
else
else
front: 0, 2.23307, 2.5
side: 0, 0, 0
front only
else
else
else
else
front: 0, 0.196789, 2.5
back: 0, 0.590368, 7.5
front back
photon_ene: 661.6 photon_theta: 0.139212 photon_phi: 2.54506
traject_len: 5.01547
pe_len: 175.059 cs_len: 1.80416
---
front: 0, 0, 2.5
side: 0, 0, 0
front only
else
else
front: 0.223175, 1.1096, 2.5
side: 0, 0, 0
front only
front: 0.304658, 0.805305, 2.5
side: 0, 0, 0
front only
else
else
else
else
else
front: 0.618115, 0.438342, 2.5
back: 1.85435, 1.31503, 7.5
front back
photon_ene: 661.6 photon_theta: 2.84729 photon_phi: 3.75844
traject_len: 5.22464
pe_len: 59.1198 cs_len: 0.821204
---
else
else
else
else
else
front: 0.212993, 0, 2.5
side: 0, 0, 0
front only
else
front: 0.837251, 0, 2.5
side: 0, 0, 0
front only
else
else
else
else
front: 0.104347, 0, 2.5
side: 0, 0, 0
front only
else
else
front: 0, 0, 2.5
side: 0, 0, 0
front only
else
else
else
else
front: 0, 0, 2.5
back: 0, 0, 7.5
front back
photon_ene: 661.6 photon_theta: 2.88059 photon_phi: 1.32746
traject_len: 5
pe_len: 69.8958 cs_len: 2.05579
---
else
front: 0, 0, 2.5
back: 0, 0, 7.5
front back
photon_ene: 661.6 photon_theta: 0.170724 photon_phi: 4.31419
traject_len: 5
pe_len: 83.7786 cs_len: 0.397212
---
else
else
front: 0, 1.16704, 2.5
side: 0, 0, 0
front only
else
else
front: 0, 0, 2.5
side: 0, 0, 0
front only
else
else
else
else
else
else
else
front: 0, 2.18059, 2.5
side: 0, 0, 0
front only
else
front: 0, 0.217361, 2.5
side: 0, 0, 0
front only
front: 0, 0, 2.5
side: 0, 0, 0
front only
front: 0, 0.254246, 2.5
back: 0, 0.762738, 7.5
front back
photon_ene: 661.6 photon_theta: 0.144269 photon_phi: 2.36616
traject_len: 5.02579
pe_len: 59.5421 cs_len: 2.86908
---
front: 0, 1.09849, 2.5
side: 0, 0, 0
front only
else
front: 1.26866, 0, 2.5
side: 0, 0, 0
front only
else
else
else
else
else
else
else
else
else
else
front: 0, 0, 2.5
side: 0, 0, 0
front only
front: 0, 0.425269, 2.5
side: 0, 0, 0
front only
front: 0.00616242, 0, 2.5
side: 0, 0, 0
front only
else
else
front: 0, 2.15805, 2.5
side: 0, 0, 0
front only
else
front: 0.715473, 0, 2.5
side: 0, 0, 0
front only
else
front: 0.0257713, 0, 2.5
back: 0.077314, 0, 7.5
front back
photon_ene: 661.6 photon_theta: 2.95767 photon_phi: 1.62624
traject_len: 5.00027
pe_len: 98.3536 cs_len: 9.54318
---
front: 0.882231, 0, 2.5
side: 0, 0, 0
front only
else
else
else
front: 0.643438, 0, 2.5
side: 0, 0, 0
front only
else
front: 2.43149, 0, 2.5
side: 0, 0, 0
front only
front: 0, 0.509281, 2.5
side: 0, 0, 0
front only
else
else
else
else
else
else
else
else
else
front: 0, 0, 2.5
back: 0, 0, 7.5
front back
photon_ene: 661.6 photon_theta: 0.269133 photon_phi: 3.28963
traject_len: 5
pe_len: 5.52302 cs_len: 1.58236
---
else
else
else
else
else
else
front: 0.472355, 0, 2.5
back: 1.41707, 0, 7.5
front back
photon_ene: 661.6 photon_theta: 0.188312 photon_phi: 6.1524
traject_len: 5.08847
pe_len: 64.6376 cs_len: 0.334618
---
else
front: 1.41649, 0, 2.5
side: 0, 0, 0
front only
else
else
else
else
else
else
else
front: 0.508613, 0, 2.5
side: 0, 0, 0
front only
else
else
else
front: 0.356269, 2.4237, 2.5
side: 0, 0, 0
front only
else
else
else
else
front: 0.411063, 0.950931, 2.5
side: 0, 0, 0
front only
front: 1.08843, 0, 2.5
side: 0, 0, 0
front only
else
else
front: 0, 0, 2.5
side: 0, 0, 0
front only
else
else
else
front: 0.992994, 0, 2.5
side: 0, 0, 0
front only
else
front: 0, 0, 2.5
side: 0, 0, 0
front only
front: 1.70864, 0, 2.5
side: 0, 0, 0
front only
front: 1.04503, 1.86558, 2.5
side: 0, 0, 0
front only
else
front: 0.26518, 0.98813, 2.5
side: 0, 0, 0
front only
else
else
front: 1.21477, 0, 2.5
side: 0, 0, 0
front only
else
front: 0, 0, 2.5
side: 0, 0, 0
front only
else
else
front: 0, 0, 2.5
side: 0, 0, 0
front only
else
front: 0, 0, 2.5
side: 0, 0, 0
front only
else
else
front: 0.00512948, 0.125795, 2.5
back: 0.0153884, 0.377386, 7.5
front back
photon_ene: 661.6 photon_theta: 0.0503174 photon_phi: 1.53004
traject_len: 5.00634
pe_len: 42.6453 cs_len: 4.08797
---
front: 0.900838, 0, 2.5
side: 0, 0, 0
front only
else
else
else
else
else
front: 0.825474, 1.2181, 2.5
side: 0, 0, 0
front only
front: 0, 0, 2.5
side: 0, 0, 0
front only
front: 0.292958, 0.665939, 2.5
back: 0.878875, 1.99782, 7.5
front back
photon_ene: 661.6 photon_theta: 0.283191 photon_phi: 1.15636
traject_len: 5.20742
pe_len: 9.87797 cs_len: 1.95612
---
else
front: 0, 1.81608, 2.5
side: 0, 0, 0
front only
else
else
else
else
front: 0, 0, 2.5
back: 0, 0, 7.5
front back
photon_ene: 661.6 photon_theta: 0.239967 photon_phi: 3.52862
traject_len: 5
pe_len: 181.983 cs_len: 3.39577
---
else
front: 0.7906, 0, 2.5
side: 0, 0, 0
front only
else
else
else
front: 0.354826, 0, 2.5
back: 1.06448, 0, 7.5
front back
photon_ene: 661.6 photon_theta: 0.293904 photon_phi: 5.20047
traject_len: 5.05011
pe_len: 16.2164 cs_len: 2.04521
---
else
else
else
else
else
else
else
front: 0.323706, 0.743037, 2.5
back: 0.971118, 2.22911, 7.5
front back
photon_ene: 661.6 photon_theta: 0.313504 photon_phi: 1.15994
traject_len: 5.25619
pe_len: 33.7052 cs_len: 6.68513
---
front: 0.147905, 0, 2.5
back: 0.443716, 0, 7.5
front back
photon_ene: 661.6 photon_theta: 0.0647371 photon_phi: 5.862
traject_len: 5.00874
pe_len: 44.0418 cs_len: 0.66372
---
front: 0.521381, 0, 2.5
side: 0, 0, 0
front only
else
else
front: 0, 0, 2.5
side: 0, 0, 0
front only
else
else
front: 0, 2.01298, 2.5
side: 0, 0, 0
front only
front: 0, 2.17583, 2.5
side: 0, 0, 0
front only
else
front: 0, 0, 2.5
side: 0, 0, 0
front only
else
else
else
else
front: 0, 0.111312, 2.5
side: 0, 0, 0
front only
front: 0, 0.344655, 2.5
side: 0, 0, 0
front only
front: 0, 1.18909, 2.5
side: 0, 0, 0
front only
else
else
else
front: 0, 0, 2.5
side: 0, 0, 0
front only
else
front: 0.419754, 0, 2.5
side: 0, 0, 0
front only
else
else
else
else
else
else
else
else
else
front: 0, 0, 2.5
side: 0, 0, 0
front only
else
else
else
else
else
else
front: 0, 0.67329, 2.5
side: 0, 0, 0
front only
else
else
else
front: 1.44174, 0.612075, 2.5
side: 0, 0, 0
front only
else
else
else
else
else
else
front: 0.973354, 2.00019, 2.5
side: 0, 0, 0
front only
else
else
else
else
else
front: 1.15354, 0.348824, 2.5
side: 0, 0, 0
front only
front: 0, 0, 2.5
back: 0, 0, 7.5
front back
photon_ene: 661.6 photon_theta: 0.280532 photon_phi: 4.30873
traject_len: 5
pe_len: 77.032 cs_len: 5.56479
---
else
else
front: 0, 2.08211, 2.5
side: 0, 0, 0
front only
else
front: 1.56065, 1.48, 2.5
side: 0, 0, 0
front only
else
else
front: 0, 0.552426, 2.5
back: 0, 1.65728, 7.5
front back
photon_ene: 661.6 photon_theta: 0.242291 photon_phi: 2.0352
traject_len: 5.12061
pe_len: 36.7754 cs_len: 7.19582
---
front: 1.02935, 0, 2.5
side: 0, 0, 0
front only
else
else
else
front: 0, 1.67006, 2.5
side: 0, 0, 0
front only
else
front: 1.76037, 0, 2.5
side: 0, 0, 0
front only
else
else
else
else
front: 1.24973, 0.533334, 2.5
side: 0, 0, 0
front only
front: 0, 0.736427, 2.5
side: 0, 0, 0
front only
else
else
else
else
else
else
else
else
front: 0, 0.801847, 2.5
side: 0, 0, 0
front only
else
front: 1.77545, 1.74464, 2.5
side: 0, 0, 0
front only
else
front: 0, 0.121297, 2.5
side: 0, 0, 0
front only
else
else
else
else
else
front: 0, 0.679966, 2.5
back: 0, 2.0399, 7.5
front back
photon_ene: 661.6 photon_theta: 0.287181 photon_phi: 1.97119
traject_len: 5.18164
pe_len: 69.2104 cs_len: 1.70942
---
else
front: 1.69856, 0, 2.5
side: 0, 0, 0
front only
else
else
else
else
else
else
else
else
else
else
else
front: 0.404667, 0.493295, 2.5
back: 1.214, 1.47989, 7.5
front back
photon_ene: 661.6 photon_theta: 2.89171 photon_phi: 4.02537
traject_len: 5.16027
pe_len: 3.177 cs_len: 8.70373
---
front: 1.81158, 0, 2.5
side: 0, 0, 0
front only
front: 0, 0, 2.5
side: 0, 0, 0
front only
front: 0, 1.30211, 2.5
side: 0, 0, 0
front only
front: 0, 0, 2.5
side: 0, 0, 0
front only
else
else
else
else
else
else
else
front: 0, 0, 2.5
back: 0, 0, 7.5
front back
photon_ene: 661.6 photon_theta: 0.29816 photon_phi: 3.92725
traject_len: 5
pe_len: 7.73028 cs_len: 5.05529
---
else
else
else
front: 0.184738, 1.60854, 2.5
side: 0, 0, 0
front only
else
else
else
else
else
else
else
else
else
front: 2.36368, 0.396203, 2.5
side: 0, 0, 0
front only
front: 0, 0.0709351, 2.5
back: 0, 0.212805, 7.5
front back
photon_ene: 661.6 photon_theta: 0.135061 photon_phi: 2.93124
traject_len: 5.00201
pe_len: 95.6429 cs_len: 3.26146
---
front: 0, 0.712372, 2.5
side: 0, 0, 0
front only
else
else
else
else
else
else
else
front: 0, 0, 2.5
side: 0, 0, 0
front only
else
else
else
else
else
else
else
else
front: 0.275056, 2.06894, 2.5
side: 0, 0, 0
front only
else
front: 0, 0, 2.5
side: 0, 0, 0
front only
front: 0.890734, 0, 2.5
side: 0, 0, 0
front only
else
else
else
else
front: 0, 0.364391, 2.5
back: 0, 1.09317, 7.5
front back
photon_ene: 661.6 photon_theta: 0.207126 photon_phi: 2.3751
traject_len: 5.05283
pe_len: 23.09 cs_len: 0.171921
---
else
else
else
else
else
else
else
else
else
front: 1.48012, 0.401906, 2.5
side: 0, 0, 0
front only
front: 0.421383, 0.90402, 2.5
side: 0, 0, 0
front only
else
else
else
else
front: 0.984736, 0, 2.5
side: 0, 0, 0
front only
front: 0.984712, 0.367021, 2.5
side: 0, 0, 0
front only
front: 0, 0, 2.5
side: 0, 0, 0
front only
else
else
else
else
else
else
front: 0.43609, 0, 2.5
side: 0, 0, 0
front only
else
front: 0.256362, 0, 2.5
back: 0.769087, 0, 7.5
front back
photon_ene: 661.6 photon_theta: 0.161076 photon_phi: 5.39537
traject_len: 5.02622
pe_len: 28.3937 cs_len: 1.59648
---
else
front: 1.78172, 0.232082, 2.5
side: 0, 0, 0
front only
else
else
front: 1.11994, 0, 2.5
side: 0, 0, 0
front only
front: 0.695126, 0, 2.5
back: 2.08538, 0, 7.5
front back
photon_ene: 661.6 photon_theta: 2.82469 photon_phi: 2.5827
traject_len: 5.18968
pe_len: 26.8487 cs_len: 1.64369
---
else
front: 0.888337, 0, 2.5
side: 0, 0, 0
front only
else
else
else
else
else
else
front: 0, 0, 2.5
side: 0, 0, 0
front only
else
else
else
front: 0, 1.65942, 2.5
side: 0, 0, 0
front only
else
front: 0.326008, 0, 2.5
back: 0.978023, 0, 7.5
front back
photon_ene: 661.6 photon_theta: 2.90361 photon_phi: 2.13835
traject_len: 5.04233
pe_len: 42.6178 cs_len: 0.765266
---
else
else
front: 0, 0.383542, 2.5
side: 0, 0, 0
front only
else
else
front: 0, 0, 2.5
side: 0, 0, 0
front only
else
else
else
else
front: 0, 0, 2.5
side: 0, 0, 0
front only
front: 0, 0.860083, 2.5
side: 0, 0, 0
front only
else
front: 0, 0.190677, 2.5
side: 0, 0, 0
front only
else
else
front: 0, 1.46971, 2.5
side: 0, 0, 0
front only
front: 0.507281, 1.43669, 2.5
side: 0, 0, 0
front only
else
else
else
else
else
front: 0.163289, 1.75124, 2.5
side: 0, 0, 0
front only
else
front: 1.49954, 1.50699, 2.5
side: 0, 0, 0
front only
else
else
else
else
front: 0, 0, 2.5
side: 0, 0, 0
front only
else
else
else
else
front: 0, 1.46413, 2.5
side: 0, 0, 0
front only
front: 0.163631, 0, 2.5
back: 0.490893, 0, 7.5
front back
photon_ene: 661.6 photon_theta: 2.82127 photon_phi: 1.76939
traject_len: 5.0107
pe_len: 15.0528 cs_len: 11.6596
---
else
else
else
else
else
else
else
else
else
else
else
else
else
else
else
else
front: 0, 0, 2.5
back: 0, 0, 7.5
front back
photon_ene: 661.6 photon_theta: 0.210669 photon_phi: 3.81134
traject_len: 5
pe_len: 1.54492 cs_len: 0.214061
---
front: 0.727423, 0, 2.5
side: 0, 0, 0
front only
front: 0, 0, 2.5
side: 0, 0, 0
front only
front: 1.21993, 0, 2.5
side: 0, 0, 0
front only
else
else
else
else
front: 0.109845, 1.29894, 2.5
side: 0, 0, 0
front only
else
else
else
front: 0.0337959, 1.08819, 2.5
side: 0, 0, 0
front only
else
else
else
else
else
else
else
else
front: 0, 0.780042, 2.5
side: 0, 0, 0
front only
else
front: 0.238692, 0, 2.5
back: 0.716076, 0, 7.5
front back
photon_ene: 661.6 photon_theta: 3.01279 photon_phi: 2.39961
traject_len: 5.02274
pe_len: 60.3563 cs_len: 3.82617
---
front: 0, 0.353141, 2.5
side: 0, 0, 0
front only
else
else
else
else
else
else
else
front: 0, 2.39442, 2.5
side: 0, 0, 0
front only
else
else
front: 1.16986, 0, 2.5
side: 0, 0, 0
front only
else
else
else
else
else
else
front: 0.0912386, 0, 2.5
side: 0, 0, 0
front only
else
front: 0.82775, 0.706057, 2.5
side: 0, 0, 0
front only
front: 0, 0.708833, 2.5
back: 0, 2.1265, 7.5
front back
photon_ene: 661.6 photon_theta: 2.86531 photon_phi: 4.71515
traject_len: 5.19709
pe_len: 78.278 cs_len: 1.55679
---
else
else
else
front: 0.19897, 0.363805, 2.5
back: 0.596909, 1.09141, 7.5
front back
photon_ene: 661.6 photon_theta: 2.97723 photon_phi: 4.21192
traject_len: 5.06831
pe_len: 54.6953 cs_len: 3.13424
---
front: 0, 0.290502, 2.5
back: 0, 0.871506, 7.5
front back
photon_ene: 661.6 photon_theta: 0.117297 photon_phi: 1.73766
traject_len: 5.03364
pe_len: 5.35124 cs_len: 0.835751
---
else
else
else
else
else
else
else
else
else
else
else
else
front: 2.09051, 0, 2.5
side: 0, 0, 0
front only
else
front: 0.259902, 0, 2.5
side: 0, 0, 0
front only
else
else
front: 2.0874, 0, 2.5
side: 0, 0, 0
front only
front: 1.59985, 1.80758, 2.5
side: 0, 0, 0
front only
else
else
front: 0, 1.61611, 2.5
side: 0, 0, 0
front only
else
else
else
else
front: 0, 0.736642, 2.5
side: 0, 0, 0
front only
else
else
else
else
else
else
else
else
else
else
else
else
else
else
else
else
else
front: 0.517382, 0, 2.5
back: 1.55215, 0, 7.5
front back
photon_ene: 661.6 photon_theta: 2.91642 photon_phi: 2.69868
traject_len: 5.10595
pe_len: 133.254 cs_len: 3.77156
---
else
front: 0, 0, 2.5
side: 0, 0, 0
front only
else
else
else
front: 0.0163718, 1.44056, 2.5
side: 0, 0, 0
front only
front: 0, 0.705271, 2.5
side: 0, 0, 0
front only
else
else
front: 0, 1.33969, 2.5
side: 0, 0, 0
front only
else
else
else
else
else
else
front: 0, 1.11115, 2.5
side: 0, 0, 0
front only
else
else
else
else
front: 0, 0.471784, 2.5
back: 0, 1.41535, 7.5
front back
photon_ene: 661.6 photon_theta: 0.188967 photon_phi: 1.73379
traject_len: 5.08825
pe_len: 4.53131 cs_len: 1.9775
---
else
else
else
else
else
front: 1.43216, 0, 2.5
side: 0, 0, 0
front only
else
front: 0, 1.12122, 2.5
side: 0, 0, 0
front only
else
else
else
front: 0, 0, 2.5
side: 0, 0, 0
front only
else
front: 1.03768, 0, 2.5
side: 0, 0, 0
front only
else
else
else
else
else
else
front: 0, 1.30515, 2.5
side: 0, 0, 0
front only
else
front: 0, 0, 2.5
side: 0, 0, 0
front only
else
else
front: 0, 0.899133, 2.5
side: 0, 0, 0
front only
else
front: 0, 0, 2.5
side: 0, 0, 0
front only
else
else
else
else
else
else
else
else
else
else
else
else
else
else
else
else
else
front: 0.984654, 0.502754, 2.5
side: 0, 0, 0
front only
else
else
front: 0, 1.21803, 2.5
side: 0, 0, 0
front only
else
else
front: 0, 0, 2.5
side: 0, 0, 0
front only
else
else
else
else
else
else
front: 0, 0.213846, 2.5
side: 0, 0, 0
front only
else
front: 1.7119, 1.26291, 2.5
side: 0, 0, 0
front only
else
else
else
else
else
else
else
else
front: 0.474396, 0, 2.5
back: 1.42319, 0, 7.5
front back
photon_ene: 661.6 photon_theta: 0.2088 photon_phi: 5.82207
traject_len: 5.08922
pe_len: 30.6863 cs_len: 0.306543
---
else
else
else
else
else
else
else
else
else
front: 0, 0, 2.5
side: 0, 0, 0
front only
else
front: 0.408827, 1.54932, 2.5
side: 0, 0, 0
front only
else
else
else
else
front: 0, 2.15474, 2.5
side: 0, 0, 0
front only
else
else
else
else
front: 0, 0, 2.5
back: 0, 0, 7.5
front back
photon_ene: 661.6 photon_theta: 2.90387 photon_phi: 0.146403
traject_len: 5
pe_len: 7.28109 cs_len: 0.0551848
---
front: 0.696292, 0.572795, 2.5
side: 0, 0, 0
front only
else
else
else
else
else
else
else
else
front: 2.46193, 0.0145267, 2.5
side: 0, 0, 0
front only
front: 2.23213, 0, 2.5
side: 0, 0, 0
front only
else
else
else
front: 0.961601, 0, 2.5
side: 0, 0, 0
front only
else
else
else
else
else
else
else
front: 0.337679, 0, 2.5
side: 0, 0, 0
front only
else
else
else
else
else
front: 2.32348, 0, 2.5
side: 0, 0, 0
front only
front: 0, 0, 2.5
side: 0, 0, 0
front only
else
else
else
front: 0, 0, 2.5
side: 0, 0, 0
front only
else
else
else
else
else
else
front: 0, 2.13292, 2.5
side: 0, 0, 0
front only
else
else
else
else
front: 1.21146, 1.05342, 2.5
side: 0, 0, 0
front only
else
else
else
else
else
else
else
front: 0, 0, 2.5
side: 0, 0, 0
front only
else
else
else
else
else
else
else
else
else
else
front: 0.449237, 0.077183, 2.5
back: 1.34771, 0.231549, 7.5
front back
photon_ene: 661.6 photon_theta: 2.96125 photon_phi: 3.31174
traject_len: 5.08243
pe_len: 92.361 cs_len: 2.06801
---
front: 1.09474, 0.565446, 2.5
side: 0, 0, 0
front only
front: 0.321326, 0.982046, 2.5
side: 0, 0, 0
front only
else
else
else
else
else
else
else
else
else
else
else
else
else
else
else
else
else
front: 1.53856, 0.770134, 2.5
side: 0, 0, 0
front only
else
front: 0, 0, 2.5
side: 0, 0, 0
front only
front: 0.288106, 0, 2.5
side: 0, 0, 0
front only
else
else
else
else
front: 0.482521, 1.72333, 2.5
side: 0, 0, 0
front only
else
else
else
else
else
else
front: 0.0827874, 2.19817, 2.5
side: 0, 0, 0
front only
else
else
else
else
front: 0.875299, 0.945876, 2.5
side: 0, 0, 0
front only
else
front: 0.73133, 0, 2.5
side: 0, 0, 0
front only
else
front: 0, 0, 2.5
side: 0, 0, 0
front only
else
front: 0.0491025, 1.62028, 2.5
side: 0, 0, 0
front only
front: 0, 0, 2.5
back: 0, 0, 7.5
front back
photon_ene: 661.6 photon_theta: 2.94919 photon_phi: 1.26953
traject_len: 5
pe_len: 16.7737 cs_len: 2.1962
---
else
else
else
else
front: 0, 0, 2.5
side: 0, 0, 0
front only
front: 0.00450819, 0.542259, 2.5
back: 0.0135246, 1.62678, 7.5
front back
photon_ene: 661.6 photon_theta: 2.92799 photon_phi: 4.70408
traject_len: 5.11627
pe_len: 22.1775 cs_len: 5.4349
---
else
else
else
else
else
else
front: 0.946214, 1.77663, 2.5
side: 0, 0, 0
front only
else
front: 0, 0.00493099, 2.5
side: 0, 0, 0
front only
else
else
else
else
front: 0.805713, 0, 2.5
side: 0, 0, 0
front only
else
else
front: 0.823027, 0, 2.5
side: 0, 0, 0
front only
front: 0, 0, 2.5
side: 0, 0, 0
front only
front: 0, 1.05747, 2.5
side: 0, 0, 0
front only
else
front: 0.213779, 0, 2.5
back: 0.641338, 0, 7.5
front back
photon_ene: 661.6 photon_theta: 2.99868 photon_phi: 2.20717
traject_len: 5.01825
pe_len: 43.8831 cs_len: 0.711774
---
else
else
else
else
else
else
else
else
else
else
else
front: 0, 0, 2.5
side: 0, 0, 0
front only
else
else
else
front: 0, 1.74773, 2.5
side: 0, 0, 0
front only
else
else
else
else
front: 1.50361, 0, 2.5
side: 0, 0, 0
front only
else
front: 0, 0, 2.5
side: 0, 0, 0
front only
front: 0, 0, 2.5
side: 0, 0, 0
front only
else
else
else
else
else
else
else
else
else
else
else
front: 1.50855, 0, 2.5
side: 0, 0, 0
front only
else
else
else
else
front: 0.43526, 0, 2.5
side: 0, 0, 0
front only
else
else
else
else
front: 0, 2.3402, 2.5
side: 0, 0, 0
front only
else
else
else
front: 0.260574, 0.272114, 2.5
back: 0.781723, 0.816341, 7.5
front back
photon_ene: 661.6 photon_theta: 2.99202 photon_phi: 3.94865
traject_len: 5.05646
pe_len: 69.6087 cs_len: 6.63386
---
else
front: 1.71265, 0.969137, 2.5
side: 0, 0, 0
front only
front: 0, 0, 2.5
side: 0, 0, 0
front only
else
front: 0.474482, 1.97612, 2.5
side: 0, 0, 0
front only
front: 0.158992, 0, 2.5
side: 0, 0, 0
front only
front: 0, 0.551252, 2.5
side: 0, 0, 0
front only
else
else
front: 0, 1.33643, 2.5
side: 0, 0, 0
front only
else
else
front: 1.0636, 0.874314, 2.5
side: 0, 0, 0
front only
else
else
else
else
else
else
else
else
else
front: 0, 0.496157, 2.5
side: 0, 0, 0
front only
front: 0, 1.13092, 2.5
side: 0, 0, 0
front only
else
front: 0, 0, 2.5
side: 0, 0, 0
front only
else
else
front: 0, 0, 2.5
side: 0, 0, 0
front only
else
else
else
else
else
else
else
else
front: 0, 0.322071, 2.5
back: 0, 0.966214, 7.5
front back
photon_ene: 661.6 photon_theta: 0.12815 photon_phi: 1.59165
traject_len: 5.04132
pe_len: 3.16076 cs_len: 12.8313
---
else
else
else
else
else
else
else
else
else
else
else
else
else
else
front: 0, 0, 2.5
back: 0, 0, 7.5
front back
photon_ene: 661.6 photon_theta: 2.94034 photon_phi: 1.45645
traject_len: 5
pe_len: 10.9799 cs_len: 0.0945079
---
else
front: 0.658043, 0.14418, 2.5
back: 1.97413, 0.432541, 7.5
front back
photon_ene: 661.6 photon_theta: 0.26321 photon_phi: 0.215696
traject_len: 5.17834
pe_len: 4.68212 cs_len: 12.634
---
else
else
else
else
else
front: 0, 0.315144, 2.5
side: 0, 0, 0
front only
else
else
else
front: 0, 0, 2.5
side: 0, 0, 0
front only
else
else
front: 0, 0, 2.5
side: 0, 0, 0
front only
else
else
else
front: 2.1149, 0.395748, 2.5
side: 0, 0, 0
front only
front: 0.393334, 0.66753, 2.5
back: 1.18, 2.00259, 7.5
front back
photon_ene: 661.6 photon_theta: 2.84106 photon_phi: 4.17992
traject_len: 5.23462
pe_len: 15.9355 cs_len: 2.58874
---
else
else
else
else
else
front: 1.2855, 0.438332, 2.5
side: 0, 0, 0
front only
else
else
front: 2.45412, 0.232434, 2.5
side: 0, 0, 0
front only
else
front: 0, 1.08021, 2.5
side: 0, 0, 0
front only
else
else
else
else
else
else
front: 1.40939, 0, 2.5
side: 0, 0, 0
front only
else
front: 2.17938, 0, 2.5
side: 0, 0, 0
front only
else
else
else
else
else
else
front: 0, 0.70158, 2.5
side: 0, 0, 0
front only
else
else
else
else
front: 0.381376, 0, 2.5
back: 1.14413, 0, 7.5
front back
photon_ene: 661.6 photon_theta: 2.98114 photon_phi: 2.80102
traject_len: 5.05784
pe_len: 72.401 cs_len: 1.86086
---
else
front: 0, 0, 2.5
side: 0, 0, 0
front only
else
else
front: 0, 0, 2.5
side: 0, 0, 0
front only
else
else
else
else
else
front: 0.04701, 1.28431, 2.5
side: 0, 0, 0
front only
else
else
front: 1.74943, 1.69307, 2.5
side: 0, 0, 0
front only
else
else
front: 1.00727, 1.97551, 2.5
side: 0, 0, 0
front only
front: 0, 0.948547, 2.5
side: 0, 0, 0
front only
else
else
else
else
else
else
else
front: 0, 0, 2.5
back: 0, 0, 7.5
front back
photon_ene: 661.6 photon_theta: 3.00075 photon_phi: 0.163749
traject_len: 5
pe_len: 3.26574 cs_len: 0.222407
---
else
else
else
front: 1.43531, 0.723739, 2.5
side: 0, 0, 0
front only
else
front: 0.523084, 0, 2.5
side: 0, 0, 0
front only
else
else
else
else
front: 0, 0, 2.5
side: 0, 0, 0
front only
front: 0, 1.57106, 2.5
side: 0, 0, 0
front only
else
else
else
else
else
front: 0, 0, 2.5
side: 0, 0, 0
front only
else
else
else
front: 0, 1.09554, 2.5
side: 0, 0, 0
front only
front: 0, 0.499429, 2.5
side: 0, 0, 0
front only
else
else
else
front: 1.46398, 0, 2.5
side: 0, 0, 0
front only
else
front: 0.295513, 0, 2.5
back: 0.88654, 0, 7.5
front back
photon_ene: 661.6 photon_theta: 2.84546 photon_phi: 1.96863
traject_len: 5.03481
pe_len: 14.1562 cs_len: 0.609067
---
front: 1.1821, 0.811701, 2.5
side: 0, 0, 0
front only
else
else
else
else
else
else
front: 0, 0, 2.5
side: 0, 0, 0
front only
else
else
else
else
else
else
else
front: 1.72193, 0, 2.5
side: 0, 0, 0
front only
else
else
else
front: 1.7264, 0, 2.5
side: 0, 0, 0
front only
else
else
front: 0.279533, 1.56097, 2.5
side: 0, 0, 0
front only
else
front: 0.0299539, 0, 2.5
side: 0, 0, 0
front only
else
else
front: 0, 0.474883, 2.5
back: 0, 1.42465, 7.5
front back
photon_ene: 661.6 photon_theta: 0.274175 photon_phi: 2.40013
traject_len: 5.08941
pe_len: 3.04645 cs_len: 13.4381
---
else
else
front: 0.695437, 0, 2.5
side: 0, 0, 0
front only
else
front: 0, 0, 2.5
back: 0, 0, 7.5
front back
photon_ene: 661.6 photon_theta: 0.292237 photon_phi: 3.30157
traject_len: 5
pe_len: 13.9438 cs_len: 9.9858
---
else
front: 0, 0, 2.5
side: 0, 0, 0
front only
else
else
front: 1.26302, 0.410896, 2.5
side: 0, 0, 0
front only
else
front: 0.554874, 0, 2.5
side: 0, 0, 0
front only
else
else
else
else
else
else
front: 0, 2.22721, 2.5
side: 0, 0, 0
front only
else
front: 0, 0.380113, 2.5
back: 0, 1.14034, 7.5
front back
photon_ene: 661.6 photon_theta: 2.82205 photon_phi: 5.80573
traject_len: 5.05746
pe_len: 3.33066 cs_len: 5.69174
---
front: 0, 0, 2.5
back: 0, 0, 7.5
front back
photon_ene: 661.6 photon_theta: 0.185176 photon_phi: 3.90596
traject_len: 5
pe_len: 85.9359 cs_len: 3.77881
---
else
front: 0.338364, 0, 2.5
side: 0, 0, 0
front only
else
front: 0.344993, 0.189681, 2.5
back: 1.03498, 0.569042, 7.5
front back
photon_ene: 661.6 photon_theta: 2.9854 photon_phi: 3.64429
traject_len: 5.06162
pe_len: 96.617 cs_len: 2.35084
---
else
else
front: 0.176027, 0, 2.5
side: 0, 0, 0
front only
else
else
else
else
front: 0.769277, 0.11229, 2.5
back: 2.30783, 0.336869, 7.5
front back
photon_ene: 661.6 photon_theta: 2.8401 photon_phi: 3.28654
traject_len: 5.23618
pe_len: 28.853 cs_len: 8.84488
---
front: 0.90913, 1.03329, 2.5
side: 0, 0, 0
front only
else
else
else
front: 0.187751, 1.54144, 2.5
side: 0, 0, 0
front only
else
else
else
front: 0, 0.690633, 2.5
side: 0, 0, 0
front only
else
else
else
else
front: 1.41981, 0, 2.5
side: 0, 0, 0
front only
else
else
else
front: 0.96563, 0.984698, 2.5
side: 0, 0, 0
front only
else
else
else
else
front: 1.64758, 0, 2.5
side: 0, 0, 0
front only
front: 0.182262, 1.32716, 2.5
side: 0, 0, 0
front only
else
else
else
else
else
else
front: 1.54683, 0.29855, 2.5
side: 0, 0, 0
front only
else
front: 0, 1.23251, 2.5
side: 0, 0, 0
front only
else
else
else
else
else
else
else
else
else
else
else
else
else
else
else
front: 0.0548902, 0, 2.5
side: 0, 0, 0
front only
front: 0.822352, 0, 2.5
side: 0, 0, 0
front only
else
else
else
else
front: 0, 0.22736, 2.5
side: 0, 0, 0
front only
else
else
front: 0, 0.526208, 2.5
side: 0, 0, 0
front only
else
else
else
else
front: 0, 1.12885, 2.5
side: 0, 0, 0
front only
else
else
else
else
front: 1.46828, 0, 2.5
side: 0, 0, 0
front only
else
else
else
else
else
else
else
front: 0.648095, 0, 2.5
side: 0, 0, 0
front only
else
front: 0.445831, 0, 2.5
back: 1.33749, 0, 7.5
front back
photon_ene: 661.6 photon_theta: 2.87283 photon_phi: 2.27506
traject_len: 5.07888
pe_len: 27.4662 cs_len: 8.79538
---
front: 0, 0.642897, 2.5
back: 0, 1.92869, 7.5
front back
photon_ene: 661.6 photon_theta: 0.258163 photon_phi: 1.79985
traject_len: 5.16268
pe_len: 2.33223 cs_len: 3.27707
---
else
else
else
else
else
front: 0, 0.11938, 2.5
back: 0, 0.35814, 7.5
front back
photon_ene: 661.6 photon_theta: 0.136004 photon_phi: 2.78515
traject_len: 5.0057
pe_len: 75.729 cs_len: 1.73784
---
else
front: 0, 0, 2.5
back: 0, 0, 7.5
front back
photon_ene: 661.6 photon_theta: 2.88819 photon_phi: 0.205443
traject_len: 5
pe_len: 10.5068 cs_len: 8.50177
---
else
else
else
else
front: 0, 2.13689, 2.5
side: 0, 0, 0
front only
else
else
else
front: 0, 0, 2.5
side: 0, 0, 0
front only
else
front: 0, 0, 2.5
back: 0, 0, 7.5
front back
photon_ene: 661.6 photon_theta: 2.85364 photon_phi: 0.0700992
traject_len: 5
pe_len: 62.7486 cs_len: 8.00569
---
else
else
else
else
else
front: 0, 0.860227, 2.5
side: 0, 0, 0
front only
else
else
else
else
else
else
else
front: 0, 0, 2.5
side: 0, 0, 0
front only
else
else
else
else
else
else
else
else
else
else
else
else
else
else
else
else
else
else
else
front: 0, 0.724407, 2.5
side: 0, 0, 0
front only
else
front: 0.134155, 0.560038, 2.5
back: 0.402466, 1.68012, 7.5
front back
photon_ene: 661.6 photon_theta: 0.226404 photon_phi: 1.33568
traject_len: 5.13094
pe_len: 63.1722 cs_len: 2.95873
---
front: 0, 1.09377, 2.5
side: 0, 0, 0
front only
else
front: 0, 0, 2.5
back: 0, 0, 7.5
front back
photon_ene: 661.6 photon_theta: 2.86005 photon_phi: 0.0374608
traject_len: 5
pe_len: 78.0105 cs_len: 6.3103
---
else
else
else
else
else
else
else
else
else
else
front: 0.53014, 0.126426, 2.5
back: 1.59042, 0.379279, 7.5
front back
photon_ene: 661.6 photon_theta: 2.92695 photon_phi: 3.3757
traject_len: 5.11743
pe_len: 10.9157 cs_len: 0.910319
---
front: 0, 0.548091, 2.5
back: 0, 1.64427, 7.5
front back
photon_ene: 661.6 photon_theta: 2.88974 photon_phi: 5.26338
traject_len: 5.11875
pe_len: 0.746032 cs_len: 0.10852
---
else
else
else
front: 0, 0, 2.5
side: 0, 0, 0
front only
else
else
else
front: 0, 0.352705, 2.5
side: 0, 0, 0
front only
else
front: 0, 0.438276, 2.5
side: 0, 0, 0
front only
front: 1.36919, 0, 2.5
side: 0, 0, 0
front only
else
else
else
else
else
else
front: 1.92716, 0.201102, 2.5
side: 0, 0, 0
front only
else
else
front: 1.66183, 0, 2.5
side: 0, 0, 0
front only
front: 0.681454, 0.230493, 2.5
back: 2.04436, 0.69148, 7.5
front back
photon_ene: 661.6 photon_theta: 2.86141 photon_phi: 3.46775
traject_len: 5.20289
pe_len: 19.0381 cs_len: 1.70058
---
else
else
front: 0.175399, 0.0596649, 2.5
back: 0.526196, 0.178995, 7.5
front back
photon_ene: 661.6 photon_theta: 3.06762 photon_phi: 3.46948
traject_len: 5.01371
pe_len: 124.798 cs_len: 2.20506
---
else
front: 0, 0.197062, 2.5
back: 0, 0.591187, 7.5
front back
photon_ene: 661.6 photon_theta: 2.83643 photon_phi: 6.03026
traject_len: 5.01551
pe_len: 8.55622 cs_len: 0.584982
---
else
else
else
else
front: 0, 0.993311, 2.5
side: 0, 0, 0
front only
else
else
else
else
else
front: 0, 0.191671, 2.5
side: 0, 0, 0
front only
front: 0.61778, 1.79927, 2.5
side: 0, 0, 0
front only
else
else
else
else
else
else
else
front: 0, 1.05887, 2.5
side: 0, 0, 0
front only
else
else
front: 0, 0, 2.5
side: 0, 0, 0
front only
front: 2.14825, 1.21567, 2.5
side: 0, 0, 0
front only
else
front: 0, 2.22546, 2.5
side: 0, 0, 0
front only
else
front: 0, 0, 2.5
side: 0, 0, 0
front only
front: 0, 1.64976, 2.5
side: 0, 0, 0
front only
else
else
front: 0, 0, 2.5
back: 0, 0, 7.5
front back
photon_ene: 661.6 photon_theta: 0.266783 photon_phi: 3.15934
traject_len: 5
pe_len: 5.99255 cs_len: 1.48622
---
else
else
front: 0, 1.4756, 2.5
side: 0, 0, 0
front only
front: 0, 0, 2.5
side: 0, 0, 0
front only
front: 1.08325, 0, 2.5
side: 0, 0, 0
front only
else
front: 0, 1.47762, 2.5
side: 0, 0, 0
front only
else
else
else
else
else
else
else
else
front: 0.277517, 0.290928, 2.5
back: 0.832551, 0.872783, 7.5
front back
photon_ene: 661.6 photon_theta: 0.15946 photon_phi: 0.808986
traject_len: 5.06425
pe_len: 25.5306 cs_len: 13.2724
---
front: 2.06962, 0.155465, 2.5
side: 0, 0, 0
front only
else
else
else
else
else
else
else
else
else
front: 1.30585, 0, 2.5
side: 0, 0, 0
front only
else
else
front: 0, 0, 2.5
side: 0, 0, 0
front only
front: 0, 0, 2.5
side: 0, 0, 0
front only
front: 0, 0, 2.5
side: 0, 0, 0
front only
front: 0, 0, 2.5
side: 0, 0, 0
front only
else
else
else
else
front: 0, 0, 2.5
side: 0, 0, 0
front only
front: 0, 0.248191, 2.5
side: 0, 0, 0
front only
front: 0.491857, 1.37927, 2.5
side: 0, 0, 0
front only
else
else
else
front: 0.44878, 0, 2.5
side: 0, 0, 0
front only
else
front: 1.74989, 0.0698251, 2.5
side: 0, 0, 0
front only
else
else
else
else
front: 0.0485132, 0, 2.5
side: 0, 0, 0
front only
else
front: 0.402654, 0.782189, 2.5
side: 0, 0, 0
front only
else
else
else
else
else
front: 1.27412, 0, 2.5
side: 0, 0, 0
front only
front: 0, 0.575285, 2.5
back: 0, 1.72586, 7.5
front back
photon_ene: 661.6 photon_theta: 2.8263 photon_phi: 5.50005
traject_len: 5.13067
pe_len: 36.1482 cs_len: 1.1817
---
else
else
else
else
else
else
else
else
else
else
front: 0, 1.21277, 2.5
side: 0, 0, 0
front only
front: 1.44015, 1.87116, 2.5
side: 0, 0, 0
front only
else
else
front: 0, 0.378715, 2.5
back: 0, 1.13614, 7.5
front back
photon_ene: 661.6 photon_theta: 0.150384 photon_phi: 1.59427
traject_len: 5.05704
pe_len: 40.5789 cs_len: 1.86698
---
else
else
else
else
else
front: 0.176661, 0, 2.5
back: 0.529984, 0, 7.5
front back
photon_ene: 661.6 photon_theta: 2.93731 photon_phi: 1.91888
traject_len: 5.01247
pe_len: 17.919 cs_len: 0.328765
---
front: 0.0212919, 2.03834, 2.5
side: 0, 0, 0
front only
else
front: 0, 0.00934952, 2.5
back: 0, 0.0280485, 7.5
front back
photon_ene: 661.6 photon_theta: 2.94572 photon_phi: 6.26434
traject_len: 5.00003
pe_len: 77.2827 cs_len: 34.7237
---
front: 0, 0, 2.5
back: 0, 0, 7.5
front back
photon_ene: 661.6 photon_theta: 0.0724724 photon_phi: 3.25299
traject_len: 5
pe_len: 41.6446 cs_len: 2.79154
---
else
front: 0.697816, 0, 2.5
side: 0, 0, 0
front only
else
front: 1.10847, 1.77472, 2.5
side: 0, 0, 0
front only
front: 0, 0.270327, 2.5
side: 0, 0, 0
front only
else
else
else
else
else
else
front: 0.0968774, 1.48358, 2.5
side: 0, 0, 0
front only
else
else
else
front: 1.33021, 0, 2.5
side: 0, 0, 0
front only
else
front: 0, 1.54814, 2.5
side: 0, 0, 0
front only
else
front: 0, 0, 2.5
side: 0, 0, 0
front only
else
else
else
else
else
else
else
else
else
else
else
front: 0, 0, 2.5
side: 0, 0, 0
front only
else
else
else
else
front: 0, 0.505018, 2.5
side: 0, 0, 0
front only
else
else
else
else
front: 0, 0.41331, 2.5
side: 0, 0, 0
front only
else
else
else
front: 0.576955, 0, 2.5
back: 1.73087, 0, 7.5
front back
photon_ene: 661.6 photon_theta: 2.90271 photon_phi: 2.81663
traject_len: 5.13142
pe_len: 5.42041 cs_len: 1.09761
---
front: 0, 0, 2.5
side: 0, 0, 0
front only
else
front: 0.607243, 1.13899, 2.5
side: 0, 0, 0
front only
else
else
else
else
else
front: 1.58912, 1.02021, 2.5
side: 0, 0, 0
front only
else
else
front: 0.476856, 0, 2.5
back: 1.43057, 0, 7.5
front back
photon_ene: 661.6 photon_theta: 2.8816 photon_phi: 2.37035
traject_len: 5.09014
pe_len: 44.675 cs_len: 3.27461
---
front: 1.57966, 0.95668, 2.5
side: 0, 0, 0
front only
else
front: 1.60475, 0, 2.5
side: 0, 0, 0
front only
else
front: 0.919798, 0, 2.5
side: 0, 0, 0
front only
else
else
else
else
else
else
front: 0, 0.614319, 2.5
back: 0, 1.84296, 7.5
front back
photon_ene: 661.6 photon_theta: 0.310496 photon_phi: 2.2693
traject_len: 5.14874
pe_len: 6.47445 cs_len: 0.852862
---
front: 0.615652, 0, 2.5
side: 0, 0, 0
front only
front: 0.728706, 0, 2.5
side: 0, 0, 0
front only
else
else
front: 0.461148, 1.05426, 2.5
side: 0, 0, 0
front only
else
else
else
else
else
else
else
front: 0, 0.219316, 2.5
back: 0, 0.657948, 7.5
front back
photon_ene: 661.6 photon_theta: 0.265005 photon_phi: 2.81243
traject_len: 5.0192
pe_len: 44.5752 cs_len: 1.86074
---
front: 0, 0.096478, 2.5
back: 0, 0.289434, 7.5
front back
photon_ene: 661.6 photon_theta: 2.85973 photon_phi: 6.14952
traject_len: 5.00372
pe_len: 12.4138 cs_len: 12.6662
---
front: 0, 0, 2.5
side: 0, 0, 0
front only
else
front: 1.77253, 0, 2.5
side: 0, 0, 0
front only
else
front: 0, 0.702419, 2.5
side: 0, 0, 0
front only
else
else
front: 0, 2.21989, 2.5
side: 0, 0, 0
front only
front: 1.69418, 0, 2.5
side: 0, 0, 0
front only
else
front: 0, 0.17984, 2.5
side: 0, 0, 0
front only
front: 0.551771, 2.15133, 2.5
side: 0, 0, 0
front only
else
else
front: 1.02231, 0.909185, 2.5
side: 0, 0, 0
front only
else
front: 0, 0.279356, 2.5
back: 0, 0.838069, 7.5
front back
photon_ene: 661.6 photon_theta: 0.210866 photon_phi: 2.59235
traject_len: 5.03112
pe_len: 27.4301 cs_len: 0.25614
---
else
else
else
front: 0, 0.0298676, 2.5
side: 0, 0, 0
front only
else
else
else
else
else
else
front: 0.550073, 0.0435967, 2.5
back: 1.65022, 0.13079, 7.5
front back
photon_ene: 661.6 photon_theta: 0.217236 photon_phi: 0.0790909
traject_len: 5.12034
pe_len: 1.61664 cs_len: 5.04574
---
else
front: 1.39311, 0, 2.5
side: 0, 0, 0
front only
else
else
else
else
else
else
else
front: 0, 1.48241, 2.5
side: 0, 0, 0
front only
front: 0, 0, 2.5
back: 0, 0, 7.5
front back
photon_ene: 661.6 photon_theta: 0.107747 photon_phi: 4.65703
traject_len: 5
pe_len: 87.5994 cs_len: 2.597
---
else
front: 0, 2.04344, 2.5
side: 0, 0, 0
front only
front: 0.859672, 0, 2.5
side: 0, 0, 0
front only
else
else
else
else
else
else
else
else
front: 0, 0, 2.5
back: 0, 0, 7.5
front back
photon_ene: 661.6 photon_theta: 2.8736 photon_phi: 0.167744
traject_len: 5
pe_len: 5.69255 cs_len: 0.874968
---
front: 1.1477, 0.387704, 2.5
side: 0, 0, 0
front only
else
front: 0.657171, 0, 2.5
side: 0, 0, 0
front only
else
else
else
else
else
else
else
front: 1.16597, 0, 2.5
side: 0, 0, 0
front only
else
front: 0, 0, 2.5
side: 0, 0, 0
front only
else
front: 0, 0, 2.5
side: 0, 0, 0
front only
else
else
front: 0, 0, 2.5
side: 0, 0, 0
front only
front: 0, 0.26994, 2.5
side: 0, 0, 0
front only
else
else
else
else
front: 0, 0, 2.5
side: 0, 0, 0
front only
front: 1.30056, 0.37607, 2.5
side: 0, 0, 0
front only
else
else
front: 0, 0, 2.5
side: 0, 0, 0
front only
else
front: 0.363291, 0, 2.5
side: 0, 0, 0
front only
front: 0, 1.49793, 2.5
side: 0, 0, 0
front only
front: 0, 1.21799, 2.5
side: 0, 0, 0
front only
else
else
else
else
else
front: 0.389362, 0, 2.5
back: 1.16809, 0, 7.5
front back
photon_ene: 661.6 photon_theta: 2.98312 photon_phi: 2.91549
traject_len: 5.06028
pe_len: 27.1763 cs_len: 6.75785
---
else
else
else
front: 0.0210699, 0, 2.5
side: 0, 0, 0
front only
else
else
else
else
else
front: 1.45779, 0.0457129, 2.5
side: 0, 0, 0
front only
else
else
else
else
else
else
else
else
else
else
front: 0, 1.86287, 2.5
side: 0, 0, 0
front only
else
else
front: 0.724728, 2.18254, 2.5
side: 0, 0, 0
front only
else
else
else
else
else
front: 0.0547424, 0.562745, 2.5
back: 0.164227, 1.68824, 7.5
front back
photon_ene: 661.6 photon_theta: 0.222419 photon_phi: 1.47382
traject_len: 5.12628
pe_len: 81.5661 cs_len: 0.163596
---
else
else
else
else
else
else
front: 0.0336151, 1.05593, 2.5
side: 0, 0, 0
front only
else
else
else
else
front: 0.451306, 0, 2.5
back: 1.35392, 0, 7.5
front back
photon_ene: 661.6 photon_theta: 0.180186 photon_phi: 6.14891
traject_len: 5.08082
pe_len: 11.0588 cs_len: 0.565955
---
front: 0, 0, 2.5
side: 0, 0, 0
front only
else
front: 0, 0, 2.5
side: 0, 0, 0
front only
else
else
else
else
else
else
front: 0.197984, 1.79615, 2.5
side: 0, 0, 0
front only
front: 1.10358, 0.338644, 2.5
side: 0, 0, 0
front only
front: 0, 0, 2.5
side: 0, 0, 0
front only
else
else
else
else
else
else
else
front: 0, 0, 2.5
side: 0, 0, 0
front only
front: 1.47431, 0, 2.5
side: 0, 0, 0
front only
else
else
else
else
else
else
else
else
else
front: 1.05881, 0, 2.5
side: 0, 0, 0
front only
else
else
else
else
else
else
else
front: 1.31029, 2.05991, 2.5
side: 0, 0, 0
front only
else
else
else
else
else
front: 0, 0, 2.5
back: 0, 0, 7.5
front back
photon_ene: 661.6 photon_theta: 2.97892 photon_phi: 0.841313
traject_len: 5
pe_len: 9.4502 cs_len: 3.16638
---
front: 0, 0.238877, 2.5
back: 0, 0.71663, 7.5
front back
photon_ene: 661.6 photon_theta: 3.04629 photon_phi: 4.74133
traject_len: 5.02277
pe_len: 29.0255 cs_len: 1.45394
---
else
else
else
front: 0.646207, 2.11998, 2.5
side: 0, 0, 0
front only
else
else
else
else
else
else
front: 0, 1.94651, 2.5
side: 0, 0, 0
front only
else
else
else
front: 0, 0, 2.5
side: 0, 0, 0
front only
else
front: 0.213493, 0, 2.5
back: 0.64048, 0, 7.5
front back
photon_ene: 661.6 photon_theta: 0.197253 photon_phi: 5.1539
traject_len: 5.0182
pe_len: 32.9199 cs_len: 16.4356
---
front: 0, 0, 2.5
back: 0, 0, 7.5
front back
photon_ene: 661.6 photon_theta: 0.290841 photon_phi: 3.18128
traject_len: 5
pe_len: 14.7227 cs_len: 2.92023
---
else
else
else
else
else
else
else
else
else
else
else
front: 0, 0.469863, 2.5
side: 0, 0, 0
front only
else
else
front: 0, 0.935406, 2.5
side: 0, 0, 0
front only
front: 1.04702, 2.03665, 2.5
side: 0, 0, 0
front only
else
else
front: 0, 0, 2.5
side: 0, 0, 0
front only
else
else
front: 1.41664, 0, 2.5
side: 0, 0, 0
front only
else
front: 0, 0, 2.5
side: 0, 0, 0
front only
else
else
else
front: 0.581138, 0, 2.5
side: 0, 0, 0
front only
else
front: 1.62284, 1.49185, 2.5
side: 0, 0, 0
front only
front: 0, 0.549888, 2.5
back: 0, 1.64966, 7.5
front back
photon_ene: 661.6 photon_theta: 0.218071 photon_phi: 1.69251
traject_len: 5.11952
pe_len: 27.6264 cs_len: 1.07389
---
else
else
else
front: 1.6132, 0, 2.5
side: 0, 0, 0
front only
front: 0, 0, 2.5
side: 0, 0, 0
front only
front: 0.693846, 0, 2.5
side: 0, 0, 0
front only
else
else
front: 0, 0, 2.5
side: 0, 0, 0
front only
front: 0, 0.350522, 2.5
side: 0, 0, 0
front only
else
else
else
else
front: 0, 0.76027, 2.5
side: 0, 0, 0
front only
else
else
else
else
else
front: 0, 0, 2.5
back: 0, 0, 7.5
front back
photon_ene: 661.6 photon_theta: 2.90608 photon_phi: 0.825512
traject_len: 5
pe_len: 86.1734 cs_len: 5.67595
---
front: 1.2434, 1.31194, 2.5
side: 0, 0, 0
front only
else
front: 0, 0, 2.5
side: 0, 0, 0
front only
else
front: 0.665064, 0.663206, 2.5
side: 0, 0, 0
front only
else
else
else
else
else
else
front: 0.76741, 0, 2.5
side: 0, 0, 0
front only
front: 1.37142, 1.05314, 2.5
side: 0, 0, 0
front only
else
front: 0.670496, 2.32687, 2.5
side: 0, 0, 0
front only
else
front: 2.18272, 1.03704, 2.5
side: 0, 0, 0
front only
else
else
else
front: 0.125405, 0.28919, 2.5
back: 0.376214, 0.86757, 7.5
front back
photon_ene: 661.6 photon_theta: 0.125422 photon_phi: 1.16163
traject_len: 5.03959
pe_len: 20.3631 cs_len: 0.541924
---
else
else
front: 0.155308, 0.377823, 2.5
back: 0.465925, 1.13347, 7.5
front back
photon_ene: 661.6 photon_theta: 0.161968 photon_phi: 1.18079
traject_len: 5.06631
pe_len: 120.755 cs_len: 2.56309
---
else
else
else
else
else
else
else
else
front: 0, 1.46682, 2.5
side: 0, 0, 0
front only
front: 0, 1.8487, 2.5
side: 0, 0, 0
front only
front: 0.394606, 0.466918, 2.5
back: 1.18382, 1.40075, 7.5
front back
photon_ene: 661.6 photon_theta: 0.239826 photon_phi: 0.869136
traject_len: 5.14732
pe_len: 21.8237 cs_len: 0.00145789
---
else
front: 1.72523, 0.480182, 2.5
side: 0, 0, 0
front only
else
else
front: 0, 1.37004, 2.5
side: 0, 0, 0
front only
front: 0.914944, 0, 2.5
side: 0, 0, 0
front only
else
else
else
else
front: 0.993735, 0, 2.5
side: 0, 0, 0
front only
front: 1.27504, 0, 2.5
side: 0, 0, 0
front only
front: 0, 0.597514, 2.5
side: 0, 0, 0
front only
front: 0.139454, 2.17722, 2.5
side: 0, 0, 0
front only
else
else
front: 0.371479, 1.35501, 2.5
side: 0, 0, 0
front only
else
else
else
else
else
front: 0, 0, 2.5
side: 0, 0, 0
front only
else
else
else
else
else
front: 0, 0.507496, 2.5
back: 0, 1.52249, 7.5
front back
photon_ene: 661.6 photon_theta: 0.206225 photon_phi: 1.81488
traject_len: 5.10198
pe_len: 32.9875 cs_len: 2.45107
---
else
else
else
front: 0.415781, 2.39954, 2.5
side: 0, 0, 0
front only
front: 0.819392, 0, 2.5
side: 0, 0, 0
front only
else
else
else
front: 0, 1.15721, 2.5
side: 0, 0, 0
front only
else
else
else
else
front: 0, 0, 2.5
side: 0, 0, 0
front only
else
else
else
else
else
front: 0.90943, 0.740296, 2.5
side: 0, 0, 0
front only
else
front: 0.546063, 0, 2.5
back: 1.63819, 0, 7.5
front back
photon_ene: 661.6 photon_theta: 0.233166 photon_phi: 5.87981
traject_len: 5.11788
pe_len: 12.7965 cs_len: 3.19639
---
front: 0.371841, 0.836963, 2.5
side: 0, 0, 0
front only
else
else
else
else
front: 0.601844, 0.164793, 2.5
back: 1.80553, 0.49438, 7.5
front back
photon_ene: 661.6 photon_theta: 2.89699 photon_phi: 3.40886
traject_len: 5.1534
pe_len: 0.753308 cs_len: 3.99553
---
else
else
else
else
front: 1.77085, 0, 2.5
side: 0, 0, 0
front only
else
front: 0, 0, 2.5
side: 0, 0, 0
front only
front: 0, 2.41549, 2.5
side: 0, 0, 0
front only
else
front: 0, 0, 2.5
side: 0, 0, 0
front only
else
else
front: 0.839514, 0, 2.5
side: 0, 0, 0
front only
else
front: 0, 0, 2.5
side: 0, 0, 0
front only
else
else
else
front: 0, 0, 2.5
side: 0, 0, 0
front only
else
front: 0, 0.526243, 2.5
side: 0, 0, 0
front only
else
else
else
front: 1.999, 0, 2.5
side: 0, 0, 0
front only
front: 0.193288, 2.2194, 2.5
side: 0, 0, 0
front only
front: 0.0378823, 0, 2.5
back: 0.113647, 0, 7.5
front back
photon_ene: 661.6 photon_theta: 0.12561 photon_phi: 4.83268
traject_len: 5.00057
pe_len: 98.5765 cs_len: 3.99425
---
else
else
else
else
else
front: 0.353757, 0, 2.5
side: 0, 0, 0
front only
else
else
front: 0.814757, 0, 2.5
side: 0, 0, 0
front only
else
else
else
front: 0, 0, 2.5
side: 0, 0, 0
front only
front: 0, 1.8053, 2.5
side: 0, 0, 0
front only
else
else
else
front: 2.12221, 0.118843, 2.5
side: 0, 0, 0
front only
front: 0.713144, 0, 2.5
side: 0, 0, 0
front only
else
else
else
else
else
else
front: 0.602082, 1.68081, 2.5
side: 0, 0, 0
front only
else
front: 0, 0, 2.5
side: 0, 0, 0
front only
else
else
front: 1.62838, 0, 2.5
side: 0, 0, 0
front only
front: 0, 2.32825, 2.5
side: 0, 0, 0
front only
front: 2.03474, 0, 2.5
side: 0, 0, 0
front only
else
front: 0.297873, 0, 2.5
side: 0, 0, 0
front only
else
else
else
else
else
front: 0, 1.78331, 2.5
side: 0, 0, 0
front only
front: 0, 0, 2.5
back: 0, 0, 7.5
front back
photon_ene: 661.6 photon_theta: 2.88923 photon_phi: 0.708847
traject_len: 5
pe_len: 0.494694 cs_len: 0.824201
---
front: 0.66428, 0.198663, 2.5
back: 1.99284, 0.595989, 7.5
front back
photon_ene: 661.6 photon_theta: 0.27054 photon_phi: 0.290599
traject_len: 5.18873
pe_len: 1.50525 cs_len: 2.91252
---
else
else
else
else
front: 0, 0.63648, 2.5
side: 0, 0, 0
front only
else
else
else
front: 1.10448, 0, 2.5
side: 0, 0, 0
front only
else
front: 0, 0, 2.5
side: 0, 0, 0
front only
front: 2.21829, 0.171244, 2.5
side: 0, 0, 0
front only
front: 1.55659, 0.323355, 2.5
side: 0, 0, 0
front only
else
else
else
else
else
front: 0, 0.0681543, 2.5
side: 0, 0, 0
front only
else
else
else
else
front: 1.71115, 0.345649, 2.5
side: 0, 0, 0
front only
front: 2.1574, 0, 2.5
side: 0, 0, 0
front only
else
else
front: 0, 0.342145, 2.5
back: 0, 1.02644, 7.5
front back
photon_ene: 661.6 photon_theta: 2.87092 photon_phi: 5.76741
traject_len: 5.04661
pe_len: 12.0301 cs_len: 0.406385
---
front: 0.901535, 0, 2.5
side: 0, 0, 0
front only
front: 0, 0, 2.5
side: 0, 0, 0
front only
else
front: 0.155335, 1.04583, 2.5
side: 0, 0, 0
front only
front: 1.50161, 1.91212, 2.5
side: 0, 0, 0
front only
else
else
else
front: 0, 0.0665938, 2.5
back: 0, 0.199781, 7.5
front back
photon_ene: 661.6 photon_theta: 2.82252 photon_phi: 6.20247
traject_len: 5.00177
pe_len: 12.7885 cs_len: 6.85321
---
else
else
else
else
else
front: 0, 1.92394, 2.5
side: 0, 0, 0
front only
front: 0, 1.53849, 2.5
side: 0, 0, 0
front only
front: 0.70163, 1.78615, 2.5
side: 0, 0, 0
front only
front: 0, 0, 2.5
side: 0, 0, 0
front only
else
front: 0, 0, 2.5
back: 0, 0, 7.5
front back
photon_ene: 661.6 photon_theta: 0.194867 photon_phi: 3.74724
traject_len: 5
pe_len: 16.1615 cs_len: 2.39286
---
else
else
else
else
else
else
else
else
else
else
else
else
else
else
else
else
else
else
else
else
else
else
else
else
else
front: 0.333057, 0, 2.5
side: 0, 0, 0
front only
else
else
else
else
else
front: 0, 0, 2.5
back: 0, 0, 7.5
front back
photon_ene: 661.6 photon_theta: 0.237441 photon_phi: 3.58602
traject_len: 5
pe_len: 23.8108 cs_len: 15.0026
---
else
else
else
else
front: 0, 0.626315, 2.5
side: 0, 0, 0
front only
else
else
else
else
else
front: 0, 0, 2.5
side: 0, 0, 0
front only
front: 0, 1.29977, 2.5
side: 0, 0, 0
front only
else
front: 0, 0, 2.5
side: 0, 0, 0
front only
else
front: 0, 1.49642, 2.5
side: 0, 0, 0
front only
front: 0, 0, 2.5
side: 0, 0, 0
front only
else
else
else
else
else
else
else
front: 0.922493, 0, 2.5
side: 0, 0, 0
front only
else
front: 0, 1.83895, 2.5
side: 0, 0, 0
front only
else
else
front: 0.467025, 0, 2.5
side: 0, 0, 0
front only
else
else
else
else
front: 2.03974, 0.83203, 2.5
side: 0, 0, 0
front only
front: 0, 0, 2.5
side: 0, 0, 0
front only
else
else
else
else
else
else
else
front: 0, 0, 2.5
side: 0, 0, 0
front only
else
else
else
else
else
else
else
else
else
else
front: 0.828575, 0.992028, 2.5
side: 0, 0, 0
front only
else
front: 0.582197, 1.33623, 2.5
side: 0, 0, 0
front only
front: 0.726552, 0.207685, 2.5
back: 2.17966, 0.623054, 7.5
front back
photon_ene: 661.6 photon_theta: 2.84806 photon_phi: 3.42002
traject_len: 5.22341
pe_len: 38.8468 cs_len: 1.36458
---
else
else
front: 0.533058, 1.68729, 2.5
side: 0, 0, 0
front only
else
else
front: 0, 0, 2.5
side: 0, 0, 0
front only
else
else
else
front: 0, 0.378198, 2.5
side: 0, 0, 0
front only
front: 0, 0, 2.5
side: 0, 0, 0
front only
else
else
else
else
front: 0, 0, 2.5
side: 0, 0, 0
front only
else
else
else
front: 0, 1.54739, 2.5
side: 0, 0, 0
front only
else
front: 0.308209, 1.81604, 2.5
side: 0, 0, 0
front only
else
else
else
else
front: 0, 2.03295, 2.5
side: 0, 0, 0
front only
else
else
front: 0, 1.81466, 2.5
side: 0, 0, 0
front only
front: 0.234571, 0.247463, 2.5
back: 0.703714, 0.742388, 7.5
front back
photon_ene: 661.6 photon_theta: 3.00604 photon_phi: 3.95373
traject_len: 5.04629
pe_len: 15.86 cs_len: 4.70527
---
else
else
else
else
else
else
else
else
else
front: 0, 1.24364, 2.5
side: 0, 0, 0
front only
else
else
else
else
front: 1.06099, 0.322433, 2.5
side: 0, 0, 0
front only
front: 1.55043, 0.550353, 2.5
side: 0, 0, 0
front only
else
else
front: 0.0341778, 0, 2.5
side: 0, 0, 0
front only
else
else
else
front: 0, 1.45257, 2.5
side: 0, 0, 0
front only
else
else
else
front: 0.987072, 1.01009, 2.5
side: 0, 0, 0
front only
else
front: 0.18938, 1.28496, 2.5
side: 0, 0, 0
front only
else
front: 1.7531, 0.475585, 2.5
side: 0, 0, 0
front only
else
else
else
front: 0, 0, 2.5
side: 0, 0, 0
front only
else
else
front: 0.223324, 0.729546, 2.5
back: 0.669971, 2.18864, 7.5
front back
photon_ene: 661.6 photon_theta: 0.296207 photon_phi: 1.27374
traject_len: 5.22766
pe_len: 11.9598 cs_len: 15.1978
---
else
front: 0, 0, 2.5
back: 0, 0, 7.5
front back
photon_ene: 661.6 photon_theta: 0.0925259 photon_phi: 4.61528
traject_len: 5
pe_len: 8.09066 cs_len: 9.78967
---
else
else
front: 0.621534, 0, 2.5
side: 0, 0, 0
front only
else
front: 0, 0, 2.5
side: 0, 0, 0
front only
else
else
else
front: 0.586024, 2.15535, 2.5
side: 0, 0, 0
front only
else
else
front: 0, 2.01141, 2.5
side: 0, 0, 0
front only
else
front: 1.34814, 0.187791, 2.5
side: 0, 0, 0
front only
front: 0, 0.0456155, 2.5
side: 0, 0, 0
front only
else
front: 0, 0, 2.5
side: 0, 0, 0
front only
else
else
else
else
else
else
else
front: 0, 0.0969349, 2.5
back: 0, 0.290805, 7.5
front back
photon_ene: 661.6 photon_theta: 2.96508 photon_phi: 6.06406
traject_len: 5.00376
pe_len: 33.3569 cs_len: 1.19324
---
else
front: 1.47612, 0, 2.5
side: 0, 0, 0
front only
else
else
front: 0, 2.1328, 2.5
side: 0, 0, 0
front only
else
else
front: 0, 0, 2.5
side: 0, 0, 0
front only
else
front: 0, 0, 2.5
side: 0, 0, 0
front only
else
front: 1.6168, 0, 2.5
side: 0, 0, 0
front only
else
front: 0, 1.72135, 2.5
side: 0, 0, 0
front only
else
else
else
else
else
else
front: 0.654808, 0, 2.5
side: 0, 0, 0
front only
else
else
else
front: 0, 0, 2.5
side: 0, 0, 0
front only
else
else
else
front: 0, 0.51991, 2.5
side: 0, 0, 0
front only
else
else
else
front: 1.31692, 0, 2.5
side: 0, 0, 0
front only
else
else
front: 0, 0, 2.5
side: 0, 0, 0
front only
else
else
front: 0, 0, 2.5
side: 0, 0, 0
front only
else
else
else
else
else
else
else
front: 0.448944, 0.919247, 2.5
side: 0, 0, 0
front only
else
else
front: 0.480134, 2.41942, 2.5
side: 0, 0, 0
front only
else
else
else
else
else
else
else
else
else
front: 1.39452, 0, 2.5
side: 0, 0, 0
front only
else
front: 0, 0, 2.5
side: 0, 0, 0
front only
else
else
else
front: 0, 0, 2.5
side: 0, 0, 0
front only
else
else
front: 0, 1.68281, 2.5
side: 0, 0, 0
front only
else
front: 0, 0, 2.5
side: 0, 0, 0
front only
else
front: 0, 0.74414, 2.5
back: 0, 2.23242, 7.5
front back
photon_ene: 661.6 photon_theta: 2.8234 photon_phi: 5.1549
traject_len: 5.2168
pe_len: 51.2388 cs_len: 2.88223
---
else
else
else
else
front: 0.617952, 0, 2.5
side: 0, 0, 0
front only
else
front: 0.0629922, 2.17915, 2.5
side: 0, 0, 0
front only
else
else
else
else
else
else
else
else
else
else
else
else
else
else
else
else
else
front: 0, 0.0372823, 2.5
side: 0, 0, 0
front only
front: 0, 0.269978, 2.5
back: 0, 0.809935, 7.5
front back
photon_ene: 661.6 photon_theta: 3.0327 photon_phi: 4.869
traject_len: 5.02907
pe_len: 9.17 cs_len: 2.28191
---
front: 0, 0, 2.5
side: 0, 0, 0
front only
else
else
else
front: 0, 0, 2.5
back: 0, 0, 7.5
front back
photon_ene: 661.6 photon_theta: 2.834 photon_phi: 0.731142
traject_len: 5
pe_len: 9.43797 cs_len: 0.0404631
---
front: 0.610941, 0.174756, 2.5
back: 1.83282, 0.524268, 7.5
front back
photon_ene: 661.6 photon_theta: 0.248906 photon_phi: 0.278604
traject_len: 5.15899
pe_len: 15.7085 cs_len: 7.79424
---
else
front: 0, 0, 2.5
side: 0, 0, 0
front only
else
else
else
else
else
front: 0.269271, 0, 2.5
side: 0, 0, 0
front only
else
else
front: 0, 0, 2.5
side: 0, 0, 0
front only
else
else
else
else
else
else
front: 0, 0, 2.5
back: 0, 0, 7.5
front back
photon_ene: 661.6 photon_theta: 2.93419 photon_phi: 0.439636
traject_len: 5
pe_len: 36.2291 cs_len: 5.25773
---
else
else
else
else
else
else
front: 1.69477, 0.207665, 2.5
side: 0, 0, 0
front only
else
else
else
else
front: 0, 0, 2.5
side: 0, 0, 0
front only
else
else
else
else
else
else
front: 0, 0, 2.5
back: 0, 0, 7.5
front back
photon_ene: 661.6 photon_theta: 0.106832 photon_phi: 3.4569
traject_len: 5
pe_len: 41.2308 cs_len: 2.13249
---
else
front: 0, 1.46771, 2.5
side: 0, 0, 0
front only
front: 0, 0.125534, 2.5
side: 0, 0, 0
front only
else
else
else
else
else
else
front: 0.7578, 1.86299, 2.5
side: 0, 0, 0
front only
else
front: 0.124133, 0, 2.5
back: 0.372398, 0, 7.5
front back
photon_ene: 661.6 photon_theta: 0.156766 photon_phi: 5.03193
traject_len: 5.00616
pe_len: 5.81275 cs_len: 1.05351
---
else
front: 0, 0, 2.5
side: 0, 0, 0
front only
else
else
front: 0.536357, 0, 2.5
side: 0, 0, 0
front only
else
front: 0.528597, 2.03093, 2.5
side: 0, 0, 0
front only
front: 0, 0, 2.5
side: 0, 0, 0
front only
front: 0.496149, 0, 2.5
side: 0, 0, 0
front only
front: 0, 0.732841, 2.5
side: 0, 0, 0
front only
else
else
else
else
front: 0, 0, 2.5
side: 0, 0, 0
front only
else
else
front: 0, 0.377629, 2.5
back: 0, 1.13289, 7.5
front back
photon_ene: 661.6 photon_theta: 2.97376 photon_phi: 5.18239
traject_len: 5.05672
pe_len: 22.1907 cs_len: 1.13896
---
else
front: 0, 1.89547, 2.5
side: 0, 0, 0
front only
front: 0, 0, 2.5
side: 0, 0, 0
front only
else
else
front: 0, 0, 2.5
side: 0, 0, 0
front only
else
else
else
else
else
front: 0.478919, 0.574992, 2.5
back: 1.43676, 1.72497, 7.5
front back
photon_ene: 661.6 photon_theta: 2.85075 photon_phi: 4.0179
traject_len: 5.21919
pe_len: 10.6757 cs_len: 7.18017
---
else
else
front: 0, 0, 2.5
side: 0, 0, 0
front only
else
else
front: 1.37383, 1.67638, 2.5
side: 0, 0, 0
front only
front: 1.9741, 0, 2.5
side: 0, 0, 0
front only
else
front: 1.3901, 0.378738, 2.5
side: 0, 0, 0
front only
front: 0, 1.52579, 2.5
side: 0, 0, 0
front only
else
front: 0, 0, 2.5
side: 0, 0, 0
front only
else
else
else
else
front: 0, 0.71537, 2.5
side: 0, 0, 0
front only
front: 1.54005, 1.31151, 2.5
side: 0, 0, 0
front only
else
else
else
else
else
else
else
else
front: 1.60161, 0, 2.5
side: 0, 0, 0
front only
front: 0, 0.345672, 2.5
back: 0, 1.03702, 7.5
front back
photon_ene: 661.6 photon_theta: 0.210729 photon_phi: 2.43873
traject_len: 5.04757
pe_len: 125.416 cs_len: 5.24835
---
front: 0, 0, 2.5
side: 0, 0, 0
front only
else
front: 0, 1.47929, 2.5
side: 0, 0, 0
front only
front: 0, 2.10092, 2.5
side: 0, 0, 0
front only
else
else
else
else
else
else
else
else
front: 0, 1.75678, 2.5
side: 0, 0, 0
front only
else
else
front: 0.760918, 0, 2.5
side: 0, 0, 0
front only
else
front: 0.485255, 0.591761, 2.5
back: 1.45577, 1.77528, 7.5
front back
photon_ene: 661.6 photon_theta: 0.297055 photon_phi: 0.883967
traject_len: 5.22902
pe_len: 113.457 cs_len: 0.0898351
---
front: 0.554395, 0.557425, 2.5
back: 1.66319, 1.67227, 7.5
front back
photon_ene: 661.6 photon_theta: 0.30468 photon_phi: 0.788123
traject_len: 5.2414
pe_len: 12.4363 cs_len: 3.46802
---
else
else
front: 1.48544, 2.00576, 2.5
side: 0, 0, 0
front only
else
else
else
else
front: 0, 1.92367, 2.5
side: 0, 0, 0
front only
else
front: 0, 0, 2.5
side: 0, 0, 0
front only
else
else
else
front: 0, 0, 2.5
side: 0, 0, 0
front only
else
front: 0, 0.928104, 2.5
side: 0, 0, 0
front only
else
else
else
front: 0.918211, 0.750128, 2.5
side: 0, 0, 0
front only
else
front: 1.22225, 0.45974, 2.5
side: 0, 0, 0
front only
else
else
front: 0.567547, 1.77729, 2.5
side: 0, 0, 0
front only
else
else
else
else
front: 0, 0, 2.5
side: 0, 0, 0
front only
else
else
front: 0, 0.102294, 2.5
side: 0, 0, 0
front only
front: 1.25319, 1.52343, 2.5
side: 0, 0, 0
front only
front: 0.285275, 0, 2.5
back: 0.855824, 0, 7.5
front back
photon_ene: 661.6 photon_theta: 2.82538 photon_phi: 1.92704
traject_len: 5.03245
pe_len: 143.053 cs_len: 0.368241
---
else
else
front: 0, 0, 2.5
side: 0, 0, 0
front only
else
else
front: 0, 0, 2.5
side: 0, 0, 0
front only
else
else
else
front: 0, 0, 2.5
side: 0, 0, 0
front only
front: 1.6888, 1.28495, 2.5
side: 0, 0, 0
front only
front: 0, 0, 2.5
side: 0, 0, 0
front only
else
else
front: 0, 0, 2.5
side: 0, 0, 0
front only
front: 0, 0.745609, 2.5
back: 0, 2.23683, 7.5
front back
photon_ene: 661.6 photon_theta: 2.8273 photon_phi: 5.1215
traject_len: 5.21764
pe_len: 55.685 cs_len: 0.479303
---
front: 0.0756128, 0, 2.5
side: 0, 0, 0
front only
else
front: 1.67096, 0, 2.5
side: 0, 0, 0
front only
else
front: 0, 0, 2.5
side: 0, 0, 0
front only
else
front: 1.84344, 0, 2.5
side: 0, 0, 0
front only
front: 0.0291171, 0.912953, 2.5
side: 0, 0, 0
front only
else
else
front: 1.9847, 0.293443, 2.5
side: 0, 0, 0
front only
front: 1.00831, 1.34379, 2.5
side: 0, 0, 0
front only
else
else
else
else
else
else
else
front: 0, 1.09274, 2.5
side: 0, 0, 0
front only
else
else
else
else
else
else
else
else
else
front: 0, 0, 2.5
side: 0, 0, 0
front only
else
front: 0, 0, 2.5
side: 0, 0, 0
front only
else
else
front: 0, 0, 2.5
side: 0, 0, 0
front only
else
front: 2.04574, 0.414561, 2.5
side: 0, 0, 0
front only
front: 0, 1.0769, 2.5
side: 0, 0, 0
front only
else
front: 0, 0, 2.5
side: 0, 0, 0
front only
front: 0.0470525, 0, 2.5
side: 0, 0, 0
front only
front: 0.459549, 0, 2.5
side: 0, 0, 0
front only
else
else
front: 0, 0, 2.5
side: 0, 0, 0
front only
front: 0.0377888, 0.962464, 2.5
side: 0, 0, 0
front only
else
else
else
else
else
else
else
else
front: 1.44703, 0, 2.5
side: 0, 0, 0
front only
else
front: 0, 0, 2.5
side: 0, 0, 0
front only
else
else
else
else
else
else
else
else
else
front: 0, 0, 2.5
side: 0, 0, 0
front only
front: 0.520819, 0, 2.5
back: 1.56246, 0, 7.5
front back
photon_ene: 661.6 photon_theta: 2.83098 photon_phi: 2.27705
traject_len: 5.10735
pe_len: 5.70481 cs_len: 3.65134
---
else
else
else
else
else
front: 0, 0, 2.5
back: 0, 0, 7.5
front back
photon_ene: 661.6 photon_theta: 2.99407 photon_phi: 0.370129
traject_len: 5
pe_len: 5.51404 cs_len: 3.03054
---
else
else
else
else
else
else
else
else
else
else
else
front: 0, 0, 2.5
side: 0, 0, 0
front only
else
else
else
else
front: 1.58275, 0.282695, 2.5
side: 0, 0, 0
front only
else
else
else
front: 0, 0.228012, 2.5
side: 0, 0, 0
front only
else
else
else
front: 0.309365, 2.47546, 2.5
side: 0, 0, 0
front only
front: 0.0271231, 0, 2.5
back: 0.0813694, 0, 7.5
front back
photon_ene: 661.6 photon_theta: 3.073 photon_phi: 1.72938
traject_len: 5.00029
pe_len: 5.66556 cs_len: 2.26428
---
front: 0.0708118, 1.54921, 2.5
side: 0, 0, 0
front only
else
front: 0, 0, 2.5
side: 0, 0, 0
front only
else
front: 0, 0, 2.5
side: 0, 0, 0
front only
front: 0.375688, 1.4176, 2.5
side: 0, 0, 0
front only
front: 0, 0, 2.5
back: 0, 0, 7.5
front back
photon_ene: 661.6 photon_theta: 0.318761 photon_phi: 3.19454
traject_len: 5
pe_len: 2.51297 cs_len: 9.81961
---
front: 1.3916, 0, 2.5
side: 0, 0, 0
front only
front: 0.337068, 0.188451, 2.5
back: 1.0112, 0.565352, 7.5
front back
photon_ene: 661.6 photon_theta: 0.153257 photon_phi: 0.509793
traject_len: 5.0593
pe_len: 54.291 cs_len: 7.79861
---
else
else
front: 0, 0, 2.5
side: 0, 0, 0
front only
front: 0, 0.96245, 2.5
side: 0, 0, 0
front only
front: 0.312106, 0, 2.5
back: 0.936317, 0, 7.5
front back
photon_ene: 661.6 photon_theta: 2.98692 photon_phi: 2.49923
traject_len: 5.03881
pe_len: 21.6744 cs_len: 10.0901
---
else
else
else
front: 0.761396, 0.501198, 2.5
side: 0, 0, 0
front only
front: 0, 0, 2.5
side: 0, 0, 0
front only
else
else
else
else
else
else
else
else
else
else
else
else
else
else
else
front: 0.212687, 0, 2.5
back: 0.63806, 0, 7.5
front back
photon_ene: 661.6 photon_theta: 0.201551 photon_phi: 5.14184
traject_len: 5.01806
pe_len: 37.4325 cs_len: 9.25595
---
else
else
else
else
else
else
else
else
else
front: 0, 0, 2.5
side: 0, 0, 0
front only
front: 2.31707, 0.711568, 2.5
side: 0, 0, 0
front only
else
else
else
front: 2.43413, 0.464132, 2.5
side: 0, 0, 0
front only
else
else
else
front: 1.96187, 0, 2.5
side: 0, 0, 0
front only
front: 0, 0, 2.5
side: 0, 0, 0
front only
else
front: 0, 1.98892, 2.5
side: 0, 0, 0
front only
else
else
front: 0, 0, 2.5
side: 0, 0, 0
front only
else
else
else
else
else
else
else
else
else
else
else
else
else
else
else
front: 1.05425, 0, 2.5
side: 0, 0, 0
front only
else
else
front: 0, 0.774768, 2.5
side: 0, 0, 0
front only
else
else
else
front: 0.331208, 0.960802, 2.5
side: 0, 0, 0
front only
else
front: 0.01646, 0.699538, 2.5
back: 0.0493801, 2.09861, 7.5
front back
photon_ene: 661.6 photon_theta: 0.272909 photon_phi: 1.54727
traject_len: 5.19216
pe_len: 30.0305 cs_len: 4.56532
---
else
else
else
front: 0.492871, 0, 2.5
side: 0, 0, 0
front only
front: 0, 1.32031, 2.5
side: 0, 0, 0
front only
else
front: 0, 0, 2.5
side: 0, 0, 0
front only
else
else
else
else
front: 0.55955, 0, 2.5
side: 0, 0, 0
front only
else
else
front: 0, 0, 2.5
side: 0, 0, 0
front only
else
else
else
front: 0.461613, 0.642323, 2.5
back: 1.38484, 1.92697, 7.5
front back
photon_ene: 661.6 photon_theta: 0.30643 photon_phi: 0.947655
traject_len: 5.2443
pe_len: 12.5503 cs_len: 3.50507
---
else
else
else
else
front: 1.00081, 0, 2.5
side: 0, 0, 0
front only
else
else
else
else
else
else
else
else
else
else
front: 0.388513, 0, 2.5
side: 0, 0, 0
front only
else
else
else
else
else
front: 0, 0, 2.5
side: 0, 0, 0
front only
front: 0.379444, 0.76715, 2.5
side: 0, 0, 0
front only
front: 0, 0, 2.5
side: 0, 0, 0
front only
else
else
front: 0, 1.5446, 2.5
side: 0, 0, 0
front only
else
else
else
front: 0, 0, 2.5
side: 0, 0, 0
front only
else
else
else
else
else
else
else
front: 0, 0, 2.5
side: 0, 0, 0
front only
else
front: 1.15255, 0.0465147, 2.5
side: 0, 0, 0
front only
else
else
else
front: 0, 0, 2.5
back: 0, 0, 7.5
front back
photon_ene: 661.6 photon_theta: 2.99999 photon_phi: 0.0303458
traject_len: 5
pe_len: 53.6305 cs_len: 4.0392
---
else
front: 0, 0, 2.5
side: 0, 0, 0
front only
else
else
else
else
else
else
else
else
front: 0, 0, 2.5
back: 0, 0, 7.5
front back
photon_ene: 661.6 photon_theta: 0.269985 photon_phi: 3.3866
traject_len: 5
pe_len: 18.4617 cs_len: 2.4093
---
front: 0.447149, 0, 2.5
back: 1.34145, 0, 7.5
front back
photon_ene: 661.6 photon_theta: 0.281877 photon_phi: 5.37812
traject_len: 5.07935
pe_len: 16.0269 cs_len: 2.95538
---
else
front: 0.641, 0.226051, 2.5
back: 1.923, 0.678154, 7.5
front back
photon_ene: 661.6 photon_theta: 2.87613 photon_phi: 3.48063
traject_len: 5.1815
pe_len: 2.72695 cs_len: 3.50282
---
else
else
else
else
front: 1.02191, 0.984932, 2.5
side: 0, 0, 0
front only
else
else
else
else
else
else
else
else
else
else
front: 0, 0, 2.5
side: 0, 0, 0
front only
else
front: 0, 0.848443, 2.5
side: 0, 0, 0
front only
else
else
else
else
else
front: 1.93924, 0.294976, 2.5
side: 0, 0, 0
front only
else
else
front: 1.52442, 0.0486953, 2.5
side: 0, 0, 0
front only
else
else
else
front: 0, 1.90376, 2.5
side: 0, 0, 0
front only
else
else
front: 0, 0.332264, 2.5
side: 0, 0, 0
front only
else
else
else
front: 0, 0.147922, 2.5
side: 0, 0, 0
front only
front: 0, 2.01106, 2.5
side: 0, 0, 0
front only
front: 0.668171, 0.278365, 2.5
back: 2.00451, 0.835096, 7.5
front back
photon_ene: 661.6 photon_theta: 2.85976 photon_phi: 3.53633
traject_len: 5.20536
pe_len: 29.1975 cs_len: 15.657
---
else
else
else
else
else
front: 0, 1.08089, 2.5
side: 0, 0, 0
front only
else
front: 0, 0, 2.5
side: 0, 0, 0
front only
else
front: 0, 0, 2.5
back: 0, 0, 7.5
front back
photon_ene: 661.6 photon_theta: 3.05493 photon_phi: 0.0812712
traject_len: 5
pe_len: 9.23675 cs_len: 2.465
---
front: 0, 0, 2.5
side: 0, 0, 0
front only
front: 1.06009, 0, 2.5
side: 0, 0, 0
front only
else
front: 0, 0, 2.5
side: 0, 0, 0
front only
else
else
else
else
front: 1.2909, 1.46564, 2.5
side: 0, 0, 0
front only
else
front: 0.480663, 0, 2.5
back: 1.44199, 0, 7.5
front back
photon_ene: 661.6 photon_theta: 0.194004 photon_phi: 6.07579
traject_len: 5.09158
pe_len: 2.83411 cs_len: 1.28112
---
front: 0.352911, 0.658875, 2.5
back: 1.05873, 1.97663, 7.5
front back
photon_ene: 661.6 photon_theta: 2.85108 photon_phi: 4.22065
traject_len: 5.21868
pe_len: 61.401 cs_len: 7.58122
---
else
else
front: 0, 0, 2.5
side: 0, 0, 0
front only
front: 0.0889858, 0.0359141, 2.5
back: 0.266957, 0.107742, 7.5
front back
photon_ene: 661.6 photon_theta: 3.10323 photon_phi: 3.52519
traject_len: 5.00368
pe_len: 21.7693 cs_len: 4.17751
---
else
else
else
else
else
else
front: 0, 0, 2.5
side: 0, 0, 0
front only
front: 0, 0, 2.5
side: 0, 0, 0
front only
else
front: 0, 0, 2.5
side: 0, 0, 0
front only
else
else
front: 1.65152, 1.06189, 2.5
side: 0, 0, 0
front only
else
else
else
else
else
front: 0, 0, 2.5
side: 0, 0, 0
front only
front: 0, 1.63935, 2.5
side: 0, 0, 0
front only
else
else
else
else
else
front: 0, 1.24915, 2.5
side: 0, 0, 0
front only
front: 0, 0, 2.5
side: 0, 0, 0
front only
else
else
else
else
else
front: 0, 0.284672, 2.5
back: 0, 0.854015, 7.5
front back
photon_ene: 661.6 photon_theta: 2.82464 photon_phi: 5.92866
traject_len: 5.03231
pe_len: 16.1574 cs_len: 1.56188
---
else
else
else
front: 0, 1.96318, 2.5
side: 0, 0, 0
front only
else
else
front: 0, 0, 2.5
side: 0, 0, 0
front only
front: 0, 0.717226, 2.5
side: 0, 0, 0
front only
else
else
else
else
else
else
else
else
front: 0, 0, 2.5
side: 0, 0, 0
front only
front: 1.31641, 0, 2.5
side: 0, 0, 0
front only
else
front: 0, 0, 2.5
back: 0, 0, 7.5
front back
photon_ene: 661.6 photon_theta: 3.01349 photon_phi: 0.165393
traject_len: 5
pe_len: 116.006 cs_len: 0.395641
---
else
front: 0, 1.8163, 2.5
side: 0, 0, 0
front only
else
else
else
else
else
else
else
front: 0.501975, 0, 2.5
back: 1.50592, 0, 7.5
front back
photon_ene: 661.6 photon_theta: 0.302925 photon_phi: 5.41006
traject_len: 5.0998
pe_len: 29.695 cs_len: 3.87908
---
else
else
front: 0.300918, 0, 2.5
back: 0.902753, 0, 7.5
front back
photon_ene: 661.6 photon_theta: 0.306614 photon_phi: 5.10239
traject_len: 5.03609
pe_len: 37.2103 cs_len: 2.12024
---
else
else
else
else
else
else
else
front: 1.21112, 0.599305, 2.5
side: 0, 0, 0
front only
else
else
else
else
else
front: 0.115416, 0, 2.5
side: 0, 0, 0
front only
front: 0, 0, 2.5
side: 0, 0, 0
front only
else
else
else
else
front: 0.0100199, 0, 2.5
side: 0, 0, 0
front only
else
else
else
else
front: 0.571074, 0.711208, 2.5
side: 0, 0, 0
front only
else
else
front: 0, 1.35696, 2.5
side: 0, 0, 0
front only
front: 2.37522, 0, 2.5
side: 0, 0, 0
front only
front: 0, 0, 2.5
side: 0, 0, 0
front only
else
else
front: 0, 0, 2.5
back: 0, 0, 7.5
front back
photon_ene: 661.6 photon_theta: 0.312391 photon_phi: 3.40166
traject_len: 5
pe_len: 8.40031 cs_len: 6.15677
---
else
front: 0, 0, 2.5
side: 0, 0, 0
front only
else
else
else
else
else
else
else
front: 1.27667, 0.241461, 2.5
side: 0, 0, 0
front only
else
else
else
front: 0.607006, 1.04205, 2.5
side: 0, 0, 0
front only
else
else
front: 0, 0.923876, 2.5
side: 0, 0, 0
front only
front: 0.240284, 0, 2.5
side: 0, 0, 0
front only
else
else
front: 1.29614, 0.750869, 2.5
side: 0, 0, 0
front only
front: 0, 1.2614, 2.5
side: 0, 0, 0
front only
else
else
else
else
else
else
else
else
else
else
front: 0, 0, 2.5
back: 0, 0, 7.5
front back
photon_ene: 661.6 photon_theta: 2.83668 photon_phi: 0.585304
traject_len: 5
pe_len: 32.5739 cs_len: 1.37522
---
front: 0.182008, 2.04095, 2.5
side: 0, 0, 0
front only
else
else
front: 0, 1.61841, 2.5
side: 0, 0, 0
front only
else
else
else
else
else
else
else
else
else
front: 0.379904, 0.662495, 2.5
back: 1.13971, 1.98749, 7.5
front back
photon_ene: 661.6 photon_theta: 0.296474 photon_phi: 1.05013
traject_len: 5.22809
pe_len: 9.43666 cs_len: 11.4981
---
else
front: 0.0646089, 1.4587, 2.5
side: 0, 0, 0
front only
else
front: 0.650272, 0, 2.5
side: 0, 0, 0
front only
else
else
else
else
else
else
else
else
front: 0.0914476, 0, 2.5
side: 0, 0, 0
front only
else
front: 0, 0, 2.5
side: 0, 0, 0
front only
front: 0, 0.517101, 2.5
side: 0, 0, 0
front only
else
else
else
else
else
front: 0.53908, 0.175982, 2.5
back: 1.61724, 0.527945, 7.5
front back
photon_ene: 661.6 photon_theta: 2.91854 photon_phi: 3.45713
traject_len: 5.12702
pe_len: 24.1149 cs_len: 4.72115
---
else
else
else
else
else
else
else
else
else
front: 0.454796, 1.29769, 2.5
side: 0, 0, 0
front only
else
front: 0, 0.117038, 2.5
side: 0, 0, 0
front only
else
else
else
else
else
else
else
else
else
else
else
else
else
else
else
else
else
front: 0, 0, 2.5
side: 0, 0, 0
front only
else
else
else
front: 0, 0, 2.5
side: 0, 0, 0
front only
else
else
else
else
else
front: 0, 0, 2.5
side: 0, 0, 0
front only
front: 0, 0, 2.5
side: 0, 0, 0
front only
else
else
front: 0, 0, 2.5
back: 0, 0, 7.5
front back
photon_ene: 661.6 photon_theta: 2.87164 photon_phi: 1.34723
traject_len: 5
pe_len: 19.3718 cs_len: 2.96898
---
else
front: 0.21718, 0, 2.5
back: 0.651539, 0, 7.5
front back
photon_ene: 661.6 photon_theta: 0.175106 photon_phi: 5.22566
traject_len: 5.01883
pe_len: 50.3122 cs_len: 6.4905
---
front: 1.25037, 1.01836, 2.5
side: 0, 0, 0
front only
else
front: 0, 0.0586452, 2.5
back: 0, 0.175936, 7.5
front back
photon_ene: 661.6 photon_theta: 0.270224 photon_phi: 3.0568
traject_len: 5.00138
pe_len: 137.441 cs_len: 9.78117
---
front: 1.80578, 0, 2.5
side: 0, 0, 0
front only
else
else
else
else
else
front: 0, 0, 2.5
side: 0, 0, 0
front only
else
else
else
else
else
else
else
else
else
else
else
else
else
front: 0.754795, 0, 2.5
side: 0, 0, 0
front only
front: 0.956142, 0, 2.5
side: 0, 0, 0
front only
front: 0, 0.828588, 2.5
side: 0, 0, 0
front only
front: 0.760557, 0, 2.5
side: 0, 0, 0
front only
else
else
front: 1.26538, 0, 2.5
side: 0, 0, 0
front only
front: 0, 0.388855, 2.5
side: 0, 0, 0
front only
else
else
else
front: 0, 0.606692, 2.5
side: 0, 0, 0
front only
front: 0, 0, 2.5
back: 0, 0, 7.5
front back
photon_ene: 661.6 photon_theta: 2.81991 photon_phi: 0.999273
traject_len: 5
pe_len: 7.80287 cs_len: 1.93821
---
else
else
else
else
front: 0, 0.515664, 2.5
back: 0, 1.54699, 7.5
front back
photon_ene: 661.6 photon_theta: 0.205038 photon_phi: 1.69854
traject_len: 5.10526
pe_len: 86.064 cs_len: 3.46973
---
else
else
front: 0.975033, 0, 2.5
side: 0, 0, 0
front only
else
else
front: 1.75336, 0, 2.5
side: 0, 0, 0
front only
else
else
else
front: 0, 0, 2.5
side: 0, 0, 0
front only
else
else
front: 1.50828, 0, 2.5
side: 0, 0, 0
front only
front: 0, 0.23947, 2.5
side: 0, 0, 0
front only
else
front: 1.48841, 0, 2.5
side: 0, 0, 0
front only
else
front: 1.34231, 0.643653, 2.5
side: 0, 0, 0
front only
front: 1.88534, 0.357287, 2.5
side: 0, 0, 0
front only
else
front: 0.599738, 0, 2.5
side: 0, 0, 0
front only
else
else
front: 0, 0, 2.5
side: 0, 0, 0
front only
else
front: 0, 0, 2.5
back: 0, 0, 7.5
front back
photon_ene: 661.6 photon_theta: 0.0577399 photon_phi: 4.04913
traject_len: 5
pe_len: 62.646 cs_len: 1.17088
---
else
else
else
else
else
else
else
front: 0.734301, 0.13983, 2.5
back: 2.2029, 0.419489, 7.5
front back
photon_ene: 661.6 photon_theta: 2.85105 photon_phi: 3.32977
traject_len: 5.21872
pe_len: 12.5822 cs_len: 1.33586
---
front: 0, 1.14751, 2.5
side: 0, 0, 0
front only
else
front: 0.469896, 0, 2.5
side: 0, 0, 0
front only
else
else
front: 1.35244, 0.642909, 2.5
side: 0, 0, 0
front only
front: 0, 1.32994, 2.5
side: 0, 0, 0
front only
else
else
front: 0, 0.00942278, 2.5
side: 0, 0, 0
front only
front: 0.139548, 0, 2.5
back: 0.418643, 0, 7.5
front back
photon_ene: 661.6 photon_theta: 0.0662432 photon_phi: 5.71227
traject_len: 5.00778
pe_len: 14.9471 cs_len: 2.21161
---
else
else
else
front: 2.0406, 0.440325, 2.5
side: 0, 0, 0
front only
else
else
front: 0, 0, 2.5
side: 0, 0, 0
front only
else
else
else
front: 0, 1.96194, 2.5
side: 0, 0, 0
front only
front: 0.361365, 0.629278, 2.5
back: 1.08409, 1.88783, 7.5
front back
photon_ene: 661.6 photon_theta: 2.85909 photon_phi: 4.19112
traject_len: 5.20637
pe_len: 16.0671 cs_len: 6.93831
---
else
front: 0, 1.62323, 2.5
side: 0, 0, 0
front only
else
else
front: 1.47736, 1.78671, 2.5
side: 0, 0, 0
front only
else
else
else
else
else
else
else
else
else
front: 0, 0, 2.5
side: 0, 0, 0
front only
else
front: 0, 0, 2.5
back: 0, 0, 7.5
front back
photon_ene: 661.6 photon_theta: 2.90264 photon_phi: 1.46967
traject_len: 5
pe_len: 22.5081 cs_len: 1.92583
---
else
front: 0.504862, 0, 2.5
side: 0, 0, 0
front only
else
else
else
front: 0, 1.89516, 2.5
side: 0, 0, 0
front only
else
else
else
else
else
front: 1.09006, 0, 2.5
side: 0, 0, 0
front only
else
front: 0.0753822, 0.289252, 2.5
back: 0.226147, 0.867757, 7.5
front back
photon_ene: 661.6 photon_theta: 3.02259 photon_phi: 4.45745
traject_len: 5.03561
pe_len: 7.1469 cs_len: 3.64226
---
else
else
else
else
else
else
else
front: 0, 0, 2.5
side: 0, 0, 0
front only
else
else
front: 1.55557, 0.72407, 2.5
side: 0, 0, 0
front only
else
else
else
else
else
front: 1.21617, 0.233925, 2.5
side: 0, 0, 0
front only
front: 0, 0, 2.5
side: 0, 0, 0
front only
else
else
front: 0, 0, 2.5
side: 0, 0, 0
front only
else
front: 0.764541, 1.27935, 2.5
side: 0, 0, 0
front only
else
else
else
else
else
else
else
else
front: 0, 0, 2.5
side: 0, 0, 0
front only
else
else
else
front: 1.61612, 0, 2.5
side: 0, 0, 0
front only
front: 0, 0.699615, 2.5
back: 0, 2.09885, 7.5
front back
photon_ene: 661.6 photon_theta: 0.280757 photon_phi: 1.8146
traject_len: 5.19209
pe_len: 2.30268 cs_len: 0.535574
---
else
front: 0.89548, 0.0693104, 2.5
side: 0, 0, 0
front only
else
else
else
else
front: 0, 0.64423, 2.5
back: 0, 1.93269, 7.5
front back
photon_ene: 661.6 photon_theta: 0.288632 photon_phi: 2.09068
traject_len: 5.16334
pe_len: 19.8504 cs_len: 0.215228
---
else
else
front: 0, 0, 2.5
side: 0, 0, 0
front only
else
else
else
else
else
else
else
front: 0, 0, 2.5
side: 0, 0, 0
front only
else
else
else
else
front: 0.0696149, 0, 2.5
back: 0.208845, 0, 7.5
front back
photon_ene: 661.6 photon_theta: 0.0284092 photon_phi: 6.0824
traject_len: 5.00194
pe_len: 58.691 cs_len: 3.92639
---
else
front: 0, 0, 2.5
side: 0, 0, 0
front only
else
front: 0, 0, 2.5
side: 0, 0, 0
front only
front: 0, 0, 2.5
side: 0, 0, 0
front only
else
front: 0, 0, 2.5
side: 0, 0, 0
front only
front: 0.735573, 0, 2.5
back: 2.20672, 0, 7.5
front back
photon_ene: 661.6 photon_theta: 2.84817 photon_phi: 2.91225
traject_len: 5.21194
pe_len: 6.54214 cs_len: 0.82038
---
front: 0, 0, 2.5
side: 0, 0, 0
front only
front: 0, 0, 2.5
side: 0, 0, 0
front only
else
else
else
else
else
else
else
front: 0, 2.41346, 2.5
side: 0, 0, 0
front only
else
else
else
else
else
else
else
front: 2.39952, 0.00896979, 2.5
side: 0, 0, 0
front only
else
front: 0, 0, 2.5
side: 0, 0, 0
front only
else
else
else
else
else
else
else
front: 1.22622, 0, 2.5
side: 0, 0, 0
front only
else
else
else
else
front: 0, 1.09784, 2.5
side: 0, 0, 0
front only
else
else
front: 0, 2.13587, 2.5
side: 0, 0, 0
front only
else
else
else
else
else
else
else
front: 0, 0.503871, 2.5
back: 0, 1.51161, 7.5
front back
photon_ene: 661.6 photon_theta: 2.92573 photon_phi: 5.11724
traject_len: 5.10054
pe_len: 91.5613 cs_len: 0.813845
---
front: 0, 0, 2.5
side: 0, 0, 0
front only
front: 0, 0, 2.5
side: 0, 0, 0
front only
else
else
front: 0.70501, 0, 2.5
side: 0, 0, 0
front only
front: 0, 1.75814, 2.5
side: 0, 0, 0
front only
else
front: 0.281556, 0, 2.5
side: 0, 0, 0
front only
else
front: 0, 0.672718, 2.5
back: 0, 2.01815, 7.5
front back
photon_ene: 661.6 photon_theta: 0.302752 photon_phi: 2.10341
traject_len: 5.17786
pe_len: 3.62431 cs_len: 2.73764
---
front: 0.905591, 0.0429415, 2.5
side: 0, 0, 0
front only
else
else
else
else
else
front: 0.298854, 2.45764, 2.5
side: 0, 0, 0
front only
else
else
front: 0.693789, 0.196866, 2.5
back: 2.08137, 0.590597, 7.5
front back
photon_ene: 661.6 photon_theta: 0.280847 photon_phi: 0.276486
traject_len: 5.20388
pe_len: 1.53473 cs_len: 1.03632
---
else
front: 0.753915, 0.952818, 2.5
side: 0, 0, 0
front only
else
front: 0, 1.89508, 2.5
side: 0, 0, 0
front only
front: 0, 0.92761, 2.5
side: 0, 0, 0
front only
else
front: 1.95423, 0, 2.5
side: 0, 0, 0
front only
else
else
front: 1.3549, 0, 2.5
side: 0, 0, 0
front only
else
else
else
else
else
else
else
else
front: 0, 0, 2.5
side: 0, 0, 0
front only
front: 0.359521, 1.25309, 2.5
side: 0, 0, 0
front only
front: 0.163721, 0, 2.5
side: 0, 0, 0
front only
else
front: 0.2361, 0, 2.5
side: 0, 0, 0
front only
else
front: 0.443843, 0.30234, 2.5
back: 1.33153, 0.907021, 7.5
front back
photon_ene: 661.6 photon_theta: 2.92999 photon_phi: 3.73958
traject_len: 5.11406
pe_len: 45.23 cs_len: 5.99076
---
else
else
else
else
else
else
else
else
else
else
else
else
else
else
front: 0, 0, 2.5
side: 0, 0, 0
front only
front: 1.32362, 0, 2.5
side: 0, 0, 0
front only
front: 1.83228, 0.581272, 2.5
side: 0, 0, 0
front only
else
else
else
front: 0.717521, 0, 2.5
side: 0, 0, 0
front only
else
front: 0, 0, 2.5
side: 0, 0, 0
front only
else
else
else
front: 0.590496, 0.34892, 2.5
back: 1.77149, 1.04676, 7.5
front back
photon_ene: 661.6 photon_theta: 0.267763 photon_phi: 0.533696
traject_len: 5.18476
pe_len: 4.7344 cs_len: 2.80115
---
else
else
front: 1.34538, 1.65888, 2.5
side: 0, 0, 0
front only
else
else
else
front: 0, 2.13735, 2.5
side: 0, 0, 0
front only
front: 0, 2.42693, 2.5
side: 0, 0, 0
front only
front: 0, 1.58778, 2.5
side: 0, 0, 0
front only
else
else
else
else
else
else
front: 0, 0, 2.5
side: 0, 0, 0
front only
front: 1.20599, 1.3969, 2.5
side: 0, 0, 0
front only
else
else
else
else
else
else
front: 0, 1.28401, 2.5
side: 0, 0, 0
front only
else
else
else
else
else
front: 0, 1.15863, 2.5
side: 0, 0, 0
front only
else
else
else
else
else
else
else
else
else
front: 0, 0.620349, 2.5
back: 0, 1.86105, 7.5
front back
photon_ene: 661.6 photon_theta: 2.89792 photon_phi: 4.77387
traject_len: 5.15163
pe_len: 10.3123 cs_len: 0.54981
---
else
else
front: 0, 1.32091, 2.5
side: 0, 0, 0
front only
else
else
front: 0, 0.712377, 2.5
side: 0, 0, 0
front only
front: 0, 0, 2.5
side: 0, 0, 0
front only
else
else
else
front: 0, 0.714701, 2.5
side: 0, 0, 0
front only
else
front: 0, 0, 2.5
side: 0, 0, 0
front only
front: 0, 1.41473, 2.5
side: 0, 0, 0
front only
else
front: 0.133142, 1.70918, 2.5
side: 0, 0, 0
front only
else
front: 2.24205, 0, 2.5
side: 0, 0, 0
front only
else
else
else
else
else
else
else
else
else
else
else
else
else
front: 0, 0, 2.5
side: 0, 0, 0
front only
else
front: 0.788345, 2.08989, 2.5
side: 0, 0, 0
front only
else
front: 0.975207, 0.173152, 2.5
side: 0, 0, 0
front only
front: 0, 0, 2.5
side: 0, 0, 0
front only
else
else
front: 1.02544, 0, 2.5
side: 0, 0, 0
front only
else
else
front: 0, 2.42855, 2.5
side: 0, 0, 0
front only
front: 0, 0.305405, 2.5
back: 0, 0.916215, 7.5
front back
photon_ene: 661.6 photon_theta: 0.141986 photon_phi: 2.11683
traject_len: 5.03717
pe_len: 27.3419 cs_len: 0.147748
---
front: 0.105525, 0, 2.5
side: 0, 0, 0
front only
else
front: 0, 0.613648, 2.5
side: 0, 0, 0
front only
else
front: 0, 1.02643, 2.5
side: 0, 0, 0
front only
else
front: 0.954872, 2.17381, 2.5
side: 0, 0, 0
front only
else
else
front: 1.3593, 1.79518, 2.5
side: 0, 0, 0
front only
front: 1.50465, 0.507611, 2.5
side: 0, 0, 0
front only
else
else
front: 1.45723, 0, 2.5
side: 0, 0, 0
front only
else
front: 0, 1.15106, 2.5
side: 0, 0, 0
front only
else
front: 0, 0, 2.5
side: 0, 0, 0
front only
else
else
else
else
front: 1.20912, 1.71466, 2.5
side: 0, 0, 0
front only
else
else
else
front: 0, 0.180324, 2.5
back: 0, 0.540972, 7.5
front back
photon_ene: 661.6 photon_theta: 2.92554 photon_phi: 5.94833
traject_len: 5.01299
pe_len: 25.2507 cs_len: 11.2743
---
else
else
else
else
else
else
front: 0.118785, 0, 2.5
back: 0.356356, 0, 7.5
front back
photon_ene: 661.6 photon_theta: 3.04262 photon_phi: 2.06976
traject_len: 5.00564
pe_len: 77.3855 cs_len: 1.91146
---
else
front: 0.967608, 0, 2.5
side: 0, 0, 0
front only
front: 0.966318, 0, 2.5
side: 0, 0, 0
front only
else
else
front: 0.497583, 0.37653, 2.5
back: 1.49275, 1.12959, 7.5
front back
photon_ene: 661.6 photon_theta: 0.244599 photon_phi: 0.647787
traject_len: 5.15339
pe_len: 1.18967 cs_len: 0.566686
---
else
else
else
else
front: 0, 1.10011, 2.5
side: 0, 0, 0
front only
else
else
else
front: 0, 0.220176, 2.5
side: 0, 0, 0
front only
else
front: 0, 0, 2.5
side: 0, 0, 0
front only
else
else
else
else
front: 0.00334117, 1.76316, 2.5
side: 0, 0, 0
front only
else
front: 0, 0, 2.5
side: 0, 0, 0
front only
else
else
front: 0, 0.272325, 2.5
side: 0, 0, 0
front only
else
front: 0, 1.62404, 2.5
side: 0, 0, 0
front only
front: 0, 0, 2.5
back: 0, 0, 7.5
front back
photon_ene: 661.6 photon_theta: 2.91438 photon_phi: 1.24466
traject_len: 5
pe_len: 10.4054 cs_len: 0.734956
---
else
else
else
front: 1.63839, 0.558088, 2.5
side: 0, 0, 0
front only
else
front: 0.659235, 0.222126, 2.5
back: 1.9777, 0.666379, 7.5
front back
photon_ene: 661.6 photon_theta: 0.271395 photon_phi: 0.324998
traject_len: 5.18996
pe_len: 12.0052 cs_len: 0.816613
---
else
front: 0, 1.30841, 2.5
side: 0, 0, 0
front only
front: 0, 0, 2.5
side: 0, 0, 0
front only
else
front: 0, 0, 2.5
back: 0, 0, 7.5
front back
photon_ene: 661.6 photon_theta: 2.84967 photon_phi: 1.40227
traject_len: 5
pe_len: 33.5996 cs_len: 1.82791
---
else
front: 0, 0, 2.5
side: 0, 0, 0
front only
else
front: 0.816041, 0, 2.5
side: 0, 0, 0
front only
else
else
else
else
else
front: 0.886886, 0, 2.5
side: 0, 0, 0
front only
else
else
front: 0, 0.964835, 2.5
side: 0, 0, 0
front only
else
else
else
else
front: 0, 1.94524, 2.5
side: 0, 0, 0
front only
else
else
front: 0.135981, 0, 2.5
side: 0, 0, 0
front only
else
else
front: 0.321116, 2.29294, 2.5
side: 0, 0, 0
front only
front: 0, 0, 2.5
side: 0, 0, 0
front only
else
else
else
else
else
else
else
front: 1.41788, 0, 2.5
side: 0, 0, 0
front only
else
else
else
else
else
else
front: 1.96909, 0, 2.5
side: 0, 0, 0
front only
else
front: 0.694362, 0, 2.5
side: 0, 0, 0
front only
front: 1.20079, 0.634757, 2.5
side: 0, 0, 0
front only
front: 0.308082, 0, 2.5
back: 0.924247, 0, 7.5
front back
photon_ene: 661.6 photon_theta: 0.176472 photon_phi: 5.47533
traject_len: 5.03782
pe_len: 85.0234 cs_len: 3.72239
---
else
else
front: 1.06462, 0.64609, 2.5
side: 0, 0, 0
front only
else
front: 1.95431, 1.30816, 2.5
side: 0, 0, 0
front only
front: 0, 0.178245, 2.5
side: 0, 0, 0
front only
else
else
front: 0, 1.61341, 2.5
side: 0, 0, 0
front only
else
front: 0, 0.407822, 2.5
side: 0, 0, 0
front only
front: 1.01674, 0, 2.5
side: 0, 0, 0
front only
front: 0, 0, 2.5
back: 0, 0, 7.5
front back
photon_ene: 661.6 photon_theta: 2.85338 photon_phi: 0.941655
traject_len: 5
pe_len: 77.9779 cs_len: 6.76732
---
front: 0, 0, 2.5
side: 0, 0, 0
front only
else
else
else
else
else
front: 0, 0, 2.5
side: 0, 0, 0
front only
else
else
front: 0.457204, 0.233103, 2.5
back: 1.37161, 0.69931, 7.5
front back
photon_ene: 661.6 photon_theta: 0.202467 photon_phi: 0.471492
traject_len: 5.10426
pe_len: 3.53045 cs_len: 1.01781
---
else
else
else
else
else
else
else
else
else
else
front: 0, 0, 2.5
side: 0, 0, 0
front only
front: 0.240455, 2.34416, 2.5
side: 0, 0, 0
front only
else
else
else
front: 0.849198, 0, 2.5
side: 0, 0, 0
front only
else
front: 0.625402, 0.0655627, 2.5
back: 1.87621, 0.196688, 7.5
front back
photon_ene: 661.6 photon_theta: 2.89517 photon_phi: 3.24604
traject_len: 5.15574
pe_len: 47.8301 cs_len: 7.04099
---
front: 0.00316791, 0, 2.5
side: 0, 0, 0
front only
else
else
else
else
else
else
else
front: 0, 0, 2.5
side: 0, 0, 0
front only
else
else
else
front: 0.643475, 0.53154, 2.5
side: 0, 0, 0
front only
else
front: 0.884822, 1.42339, 2.5
side: 0, 0, 0
front only
front: 0.479591, 0.847492, 2.5
side: 0, 0, 0
front only
else
else
else
else
else
else
else
else
else
front: 2.09573, 0, 2.5
side: 0, 0, 0
front only
else
front: 0, 0, 2.5
side: 0, 0, 0
front only
front: 0.138028, 0, 2.5
side: 0, 0, 0
front only
else
else
else
else
else
else
else
else
else
front: 0, 0, 2.5
side: 0, 0, 0
front only
else
else
else
front: 0, 0.227791, 2.5
side: 0, 0, 0
front only
else
front: 0.990928, 0.54696, 2.5
side: 0, 0, 0
front only
else
else
front: 1.10687, 1.82821, 2.5
side: 0, 0, 0
front only
else
else
else
else
else
else
else
else
else
else
else
else
front: 0, 2.39514, 2.5
side: 0, 0, 0
front only
else
front: 0.885183, 0.744857, 2.5
side: 0, 0, 0
front only
else
else
else
else
front: 0.44875, 1.10345, 2.5
side: 0, 0, 0
front only
else
else
else
else
else
else
front: 0, 1.30785, 2.5
side: 0, 0, 0
front only
else
else
else
else
front: 0, 0, 2.5
side: 0, 0, 0
front only
front: 0.574003, 1.17756, 2.5
side: 0, 0, 0
front only
else
front: 0, 0, 2.5
side: 0, 0, 0
front only
else
else
else
else
else
else
else
else
front: 0, 0, 2.5
back: 0, 0, 7.5
front back
photon_ene: 661.6 photon_theta: 0.238777 photon_phi: 3.22483
traject_len: 5
pe_len: 14.0609 cs_len: 1.81642
---
front: 0, 0, 2.5
side: 0, 0, 0
front only
front: 0.119007, 0.885833, 2.5
side: 0, 0, 0
front only
else
else
else
else
else
else
front: 0, 0, 2.5
side: 0, 0, 0
front only
front: 0, 0, 2.5
side: 0, 0, 0
front only
else
else
front: 0, 0, 2.5
side: 0, 0, 0
front only
front: 0.756644, 0, 2.5
side: 0, 0, 0
front only
front: 0.935612, 0.345587, 2.5
side: 0, 0, 0
front only
else
else
else
else
else
else
else
front: 1.72127, 1.80031, 2.5
side: 0, 0, 0
front only
front: 0, 0, 2.5
side: 0, 0, 0
front only
front: 1.44476, 0, 2.5
side: 0, 0, 0
front only
else
else
else
front: 0.225083, 1.16674, 2.5
side: 0, 0, 0
front only
front: 0, 0.428487, 2.5
side: 0, 0, 0
front only
front: 0.477917, 0, 2.5
side: 0, 0, 0
front only
else
else
else
front: 0.100376, 0.442323, 2.5
back: 0.301128, 1.32697, 7.5
front back
photon_ene: 661.6 photon_theta: 2.96212 photon_phi: 4.48924
traject_len: 5.08162
pe_len: 38.6215 cs_len: 0.382812
---
front: 0.923392, 0, 2.5
side: 0, 0, 0
front only
else
else
else
else
else
else
front: 0, 0.744697, 2.5
side: 0, 0, 0
front only
else
else
front: 0.469267, 0, 2.5
side: 0, 0, 0
front only
else
front: 0, 0, 2.5
side: 0, 0, 0
front only
else
else
else
else
else
else
else
else
else
else
else
else
else
else
front: 0.0181571, 0, 2.5
side: 0, 0, 0
front only
else
front: 0, 0.394328, 2.5
side: 0, 0, 0
front only
else
else
front: 1.54017, 0, 2.5
side: 0, 0, 0
front only
else
else
else
else
else
else
else
else
else
else
front: 0, 0, 2.5
side: 0, 0, 0
front only
else
front: 1.21652, 0.910387, 2.5
side: 0, 0, 0
front only
front: 0.527125, 0.0694683, 2.5
back: 1.58138, 0.208405, 7.5
front back
photon_ene: 661.6 photon_theta: 0.209551 photon_phi: 0.131032
traject_len: 5.11182
pe_len: 5.65667 cs_len: 4.61322
---
else
else
else
else
else
else
front: 0, 0, 2.5
back: 0, 0, 7.5
front back
photon_ene: 661.6 photon_theta: 0.289836 photon_phi: 3.26329
traject_len: 5
pe_len: 9.2959 cs_len: 9.16571
---
else
else
else
else
else
front: 2.21006, 0.44917, 2.5
side: 0, 0, 0
front only
front: 0, 0, 2.5
side: 0, 0, 0
front only
else
else
front: 0.282748, 2.04046, 2.5
side: 0, 0, 0
front only
front: 0, 0, 2.5
side: 0, 0, 0
front only
front: 1.13825, 0, 2.5
side: 0, 0, 0
front only
else
front: 0.24207, 0, 2.5
side: 0, 0, 0
front only
else
front: 0, 0, 2.5
side: 0, 0, 0
front only
else
else
front: 0, 0.126653, 2.5
back: 0, 0.379959, 7.5
front back
photon_ene: 661.6 photon_theta: 2.94093 photon_phi: 6.03147
traject_len: 5.00641
pe_len: 49.065 cs_len: 5.42547
---
front: 0, 0, 2.5
side: 0, 0, 0
front only
else
front: 0, 0, 2.5
side: 0, 0, 0
front only
front: 0, 0, 2.5
side: 0, 0, 0
front only
else
front: 1.51474, 0, 2.5
side: 0, 0, 0
front only
front: 0, 0, 2.5
side: 0, 0, 0
front only
else
front: 0, 0.546903, 2.5
side: 0, 0, 0
front only
front: 0.448875, 0, 2.5
back: 1.34662, 0, 7.5
front back
photon_ene: 661.6 photon_theta: 0.26576 photon_phi: 5.43271
traject_len: 5.07996
pe_len: 32.2428 cs_len: 0.601121
---
front: 0, 0, 2.5
side: 0, 0, 0
front only
front: 1.27459, 0.472039, 2.5
side: 0, 0, 0
front only
else
else
else
front: 1.76636, 0, 2.5
side: 0, 0, 0
front only
else
front: 0.426208, 0, 2.5
back: 1.27862, 0, 7.5
front back
photon_ene: 661.6 photon_theta: 0.294851 photon_phi: 5.3084
traject_len: 5.07214
pe_len: 42.3396 cs_len: 2.00624
---
front: 0.981903, 0, 2.5
side: 0, 0, 0
front only
front: 0, 0, 2.5
side: 0, 0, 0
front only
else
front: 0.128485, 0, 2.5
back: 0.385454, 0, 7.5
front back
photon_ene: 661.6 photon_theta: 0.0537707 photon_phi: 5.98163
traject_len: 5.0066
pe_len: 41.1258 cs_len: 5.41464
---
else
else
else
else
front: 1.05373, 0, 2.5
side: 0, 0, 0
front only
front: 0.380193, 0, 2.5
side: 0, 0, 0
front only
else
else
front: 0, 1.96707, 2.5
side: 0, 0, 0
front only
else
front: 0, 0, 2.5
side: 0, 0, 0
front only
else
else
else
front: 0, 0, 2.5
side: 0, 0, 0
front only
else
else
else
else
else
else
else
else
else
else
else
else
else
else
else
else
front: 0, 0, 2.5
side: 0, 0, 0
front only
front: 0, 1.49066, 2.5
side: 0, 0, 0
front only
else
else
front: 0, 0.297516, 2.5
back: 0, 0.892547, 7.5
front back
photon_ene: 661.6 photon_theta: 0.264924 photon_phi: 2.6875
traject_len: 5.03528
pe_len: 115.341 cs_len: 0.940304
---
else
front: 1.54408, 0, 2.5
side: 0, 0, 0
front only
else
else
else
front: 0, 0, 2.5
side: 0, 0, 0
front only
front: 0.833934, 0.532161, 2.5
side: 0, 0, 0
front only
else
else
front: 1.87482, 0, 2.5
side: 0, 0, 0
front only
else
front: 0.290729, 0, 2.5
side: 0, 0, 0
front only
else
else
else
else
front: 0, 0.633146, 2.5
side: 0, 0, 0
front only
else
else
front: 1.47333, 1.79389, 2.5
side: 0, 0, 0
front only
front: 0.869052, 0, 2.5
side: 0, 0, 0
front only
else
else
else
else
else
else
else
else
front: 0, 1.29451, 2.5
side: 0, 0, 0
front only
else
else
else
front: 1.49111, 0, 2.5
side: 0, 0, 0
front only
else
else
front: 1.85842, 0.68825, 2.5
side: 0, 0, 0
front only
else
else
front: 0.456141, 0.881789, 2.5
side: 0, 0, 0
front only
else
else
else
else
else
else
else
else
else
front: 0, 0.763904, 2.5
side: 0, 0, 0
front only
front: 1.02797, 0.929309, 2.5
side: 0, 0, 0
front only
else
else
front: 1.15877, 1.64112, 2.5
side: 0, 0, 0
front only
else
else
else
else
front: 0, 1.92524, 2.5
side: 0, 0, 0
front only
else
else
else
front: 1.63786, 0, 2.5
side: 0, 0, 0
front only
else
else
front: 1.25053, 0.381345, 2.5
side: 0, 0, 0
front only
else
else
else
else
else
else
else
else
else
else
else
else
else
else
front: 1.01869, 2.09103, 2.5
side: 0, 0, 0
front only
else
else
else
else
else
front: 0, 0, 2.5
side: 0, 0, 0
front only
front: 0, 0.132066, 2.5
side: 0, 0, 0
front only
else
else
front: 0.599929, 0.748498, 2.5
side: 0, 0, 0
front only
else
else
else
front: 1.52405, 0.101195, 2.5
side: 0, 0, 0
front only
front: 0.804721, 0, 2.5
side: 0, 0, 0
front only
front: 0, 0, 2.5
side: 0, 0, 0
front only
front: 0.88732, 0.874254, 2.5
side: 0, 0, 0
front only
front: 0, 0, 2.5
side: 0, 0, 0
front only
else
front: 0, 0, 2.5
side: 0, 0, 0
front only
else
else
else
else
else
else
else
else
else
else
front: 0, 0, 2.5
side: 0, 0, 0
front only
front: 0, 1.90818, 2.5
side: 0, 0, 0
front only
else
front: 0.482901, 0, 2.5
side: 0, 0, 0
front only
else
else
front: 0, 0, 2.5
side: 0, 0, 0
front only
front: 0, 0.843143, 2.5
side: 0, 0, 0
front only
else
else
else
else
else
else
else
else
else
front: 1.24273, 1.61062, 2.5
side: 0, 0, 0
front only
else
else
else
else
else
else
front: 1.43596, 0.962231, 2.5
side: 0, 0, 0
front only
else
else
front: 0.59102, 0.409742, 2.5
back: 1.77306, 1.22922, 7.5
front back
photon_ene: 661.6 photon_theta: 2.86149 photon_phi: 3.74779
traject_len: 5.20277
pe_len: 28.4168 cs_len: 0.230706
---
front: 0.725893, 0, 2.5
side: 0, 0, 0
front only
else
else
else
front: 0.317607, 0, 2.5
side: 0, 0, 0
front only
else
front: 0.188564, 0, 2.5
back: 0.565692, 0, 7.5
front back
photon_ene: 661.6 photon_theta: 0.280488 photon_phi: 4.9773
traject_len: 5.0142
pe_len: 36.08 cs_len: 0.336726
---
front: 0, 0, 2.5
side: 0, 0, 0
front only
else
else
else
else
else
front: 0.286866, 0.360778, 2.5
back: 0.860599, 1.08233, 7.5
front back
photon_ene: 661.6 photon_theta: 0.182323 photon_phi: 0.89903
traject_len: 5.08427
pe_len: 3.05871 cs_len: 6.78116
---
else
else
front: 0, 0.557517, 2.5
side: 0, 0, 0
front only
front: 0, 0.149178, 2.5
side: 0, 0, 0
front only
else
front: 0, 0, 2.5
side: 0, 0, 0
front only
else
else
else
else
else
else
front: 0, 0, 2.5
side: 0, 0, 0
front only
else
front: 0.0791342, 0.774575, 2.5
back: 0.237402, 2.32372, 7.5
front back
photon_ene: 661.6 photon_theta: 0.301921 photon_phi: 1.46898
traject_len: 5.23688
pe_len: 48.6567 cs_len: 3.00593
---
else
else
else
else
front: 0.952433, 0, 2.5
side: 0, 0, 0
front only
else
else
else
else
front: 1.61141, 0, 2.5
side: 0, 0, 0
front only
front: 1.0693, 0.26193, 2.5
side: 0, 0, 0
front only
else
else
else
else
else
else
else
else
else
front: 0, 0, 2.5
side: 0, 0, 0
front only
else
else
else
front: 0.230405, 0, 2.5
side: 0, 0, 0
front only
else
front: 0, 0.672435, 2.5
back: 0, 2.01731, 7.5
front back
photon_ene: 661.6 photon_theta: 0.293683 photon_phi: 2.0456
traject_len: 5.17771
pe_len: 49.6423 cs_len: 8.08929
---
else
else
else
else
else
front: 0, 0, 2.5
side: 0, 0, 0
front only
else
else
else
front: 1.32624, 0, 2.5
side: 0, 0, 0
front only
front: 0.84596, 0.980207, 2.5
side: 0, 0, 0
front only
front: 0, 0, 2.5
side: 0, 0, 0
front only
front: 1.4093, 1.20325, 2.5
side: 0, 0, 0
front only
else
else
else
else
else
else
front: 0.978074, 1.48109, 2.5
side: 0, 0, 0
front only
else
front: 0, 0, 2.5
back: 0, 0, 7.5
front back
photon_ene: 661.6 photon_theta: 0.268855 photon_phi: 4.50053
traject_len: 5
pe_len: 20.6538 cs_len: 12.8291
---
else
front: 0.0340684, 0, 2.5
side: 0, 0, 0
front only
else
front: 0, 0.989232, 2.5
side: 0, 0, 0
front only
else
else
else
else
else
else
else
else
else
front: 0, 1.81248, 2.5
side: 0, 0, 0
front only
front: 0, 1.26843, 2.5
side: 0, 0, 0
front only
front: 0.602552, 0, 2.5
back: 1.80766, 0, 7.5
front back
photon_ene: 661.6 photon_theta: 0.319004 photon_phi: 5.53033
traject_len: 5.14318
pe_len: 46.2797 cs_len: 0.868624
---
front: 0, 1.57116, 2.5
side: 0, 0, 0
front only
else
else
else
else
front: 0, 0.432583, 2.5
side: 0, 0, 0
front only
else
else
else
else
else
else
else
else
front: 0, 1.89057, 2.5
side: 0, 0, 0
front only
else
else
front: 0, 1.1693, 2.5
side: 0, 0, 0
front only
else
else
front: 0, 0, 2.5
side: 0, 0, 0
front only
front: 0.950024, 1.08559, 2.5
side: 0, 0, 0
front only
else
else
else
else
else
else
else
else
front: 0.994999, 1.23541, 2.5
side: 0, 0, 0
front only
else
else
else
else
else
else
else
else
else
else
front: 2.3003, 0, 2.5
side: 0, 0, 0
front only
else
front: 0, 0, 2.5
back: 0, 0, 7.5
front back
photon_ene: 661.6 photon_theta: 0.213242 photon_phi: 4.28311
traject_len: 5
pe_len: 4.81021 cs_len: 4.62811
---
else
front: 0, 0.385441, 2.5
back: 0, 1.15632, 7.5
front back
photon_ene: 661.6 photon_theta: 2.90103 photon_phi: 5.60356
traject_len: 5.05908
pe_len: 19.4397 cs_len: 3.16202
---
else
else
else
else
else
else
front: 0, 0, 2.5
side: 0, 0, 0
front only
else
else
else
else
front: 0, 0, 2.5
side: 0, 0, 0
front only
front: 0.272714, 0, 2.5
back: 0.818143, 0, 7.5
front back
photon_ene: 661.6 photon_theta: 3.02681 photon_phi: 2.81216
traject_len: 5.02966
pe_len: 23.2886 cs_len: 1.30296
---
else
else
else
front: 0, 0, 2.5
side: 0, 0, 0
front only
else
else
else
else
else
front: 0, 0, 2.5
side: 0, 0, 0
front only
else
front: 0, 1.25668, 2.5
side: 0, 0, 0
front only
else
else
else
front: 0, 0.53511, 2.5
side: 0, 0, 0
front only
front: 0.257982, 1.06435, 2.5
side: 0, 0, 0
front only
front: 0, 1.10708, 2.5
side: 0, 0, 0
front only
else
else
else
front: 0, 1.15378, 2.5
side: 0, 0, 0
front only
else
else
else
front: 0, 1.4403, 2.5
side: 0, 0, 0
front only
front: 0.764511, 0.689332, 2.5
side: 0, 0, 0
front only
else
else
else
else
else
else
front: 1.17229, 0, 2.5
side: 0, 0, 0
front only
else
else
else
else
else
else
else
front: 0.0686207, 0.130634, 2.5
back: 0.205862, 0.391901, 7.5
front back
photon_ene: 661.6 photon_theta: 0.0589555 photon_phi: 1.08712
traject_len: 5.0087
pe_len: 25.4373 cs_len: 4.4892
---
front: 0, 1.23838, 2.5
side: 0, 0, 0
front only
front: 1.11497, 1.57152, 2.5
side: 0, 0, 0
front only
else
else
front: 0, 0.678374, 2.5
back: 0, 2.03512, 7.5
front back
photon_ene: 661.6 photon_theta: 0.313076 photon_phi: 2.14759
traject_len: 5.18081
pe_len: 19.6751 cs_len: 3.91186
---
else
else
else
else
else
else
front: 0, 1.60237, 2.5
side: 0, 0, 0
front only
else
else
else
else
else
else
else
else
front: 0, 0, 2.5
side: 0, 0, 0
front only
else
else
else
front: 1.45171, 0.394368, 2.5
side: 0, 0, 0
front only
else
else
front: 0, 0, 2.5
side: 0, 0, 0
front only
front: 0, 0, 2.5
back: 0, 0, 7.5
front back
photon_ene: 661.6 photon_theta: 0.258442 photon_phi: 3.47778
traject_len: 5
pe_len: 66.2238 cs_len: 0.835532
---
else
front: 0, 0.618562, 2.5
back: 0, 1.85569, 7.5
front back
photon_ene: 661.6 photon_theta: 0.248715 photon_phi: 1.79838
traject_len: 5.15077
pe_len: 32.1919 cs_len: 15.8709
---
else
front: 1.1179, 0, 2.5
side: 0, 0, 0
front only
front: 1.81659, 0, 2.5
side: 0, 0, 0
front only
front: 0, 0.212876, 2.5
side: 0, 0, 0
front only
front: 0, 0, 2.5
side: 0, 0, 0
front only
front: 0, 0.416958, 2.5
side: 0, 0, 0
front only
else
else
else
front: 1.81916, 0, 2.5
side: 0, 0, 0
front only
else
else
else
else
else
else
else
else
else
else
front: 0.59111, 0, 2.5
side: 0, 0, 0
front only
else
else
else
else
else
else
else
front: 0, 0.192338, 2.5
side: 0, 0, 0
front only
else
front: 0.595462, 2.08192, 2.5
side: 0, 0, 0
front only
front: 0, 0.464856, 2.5
back: 0, 1.39457, 7.5
front back
photon_ene: 661.6 photon_theta: 0.193745 photon_phi: 1.89568
traject_len: 5.0857
pe_len: 26.6101 cs_len: 4.69131
---
else
else
else
front: 0.301493, 0.124803, 2.5
back: 0.90448, 0.37441, 7.5
front back
photon_ene: 661.6 photon_theta: 0.129788 photon_phi: 0.392475
traject_len: 5.04241
pe_len: 6.67833 cs_len: 0.62756
---
else
front: 0.692938, 0.766276, 2.5
side: 0, 0, 0
front only
else
else
front: 1.30427, 1.42254, 2.5
side: 0, 0, 0
front only
else
else
else
front: 2.21426, 0.0839054, 2.5
side: 0, 0, 0
front only
else
front: 1.48247, 1.60167, 2.5
side: 0, 0, 0
front only
else
else
else
else
else
else
else
else
else
else
else
front: 1.23365, 0, 2.5
side: 0, 0, 0
front only
else
front: 0, 0, 2.5
back: 0, 0, 7.5
front back
photon_ene: 661.6 photon_theta: 2.82274 photon_phi: 0.717578
traject_len: 5
pe_len: 10.9192 cs_len: 9.74321
---
else
front: 1.25492, 1.01451, 2.5
side: 0, 0, 0
front only
else
front: 0, 1.395, 2.5
side: 0, 0, 0
front only
front: 0, 0, 2.5
side: 0, 0, 0
front only
else
else
front: 0.368399, 0.736569, 2.5
back: 1.1052, 2.20971, 7.5
front back
photon_ene: 661.6 photon_theta: 2.82336 photon_phi: 4.24862
traject_len: 5.26431
pe_len: 49.3369 cs_len: 14.6736
---
else
else
else
front: 0, 0, 2.5
side: 0, 0, 0
front only
else
front: 0.280371, 0, 2.5
back: 0.841114, 0, 7.5
front back
photon_ene: 661.6 photon_theta: 2.97816 photon_phi: 2.31868
traject_len: 5.03134
pe_len: 43.3018 cs_len: 4.36152
---
else
else
else
else
else
else
else
else
else
else
else
else
front: 0.0146761, 1.94922, 2.5
side: 0, 0, 0
front only
front: 0.479002, 0, 2.5
side: 0, 0, 0
front only
else
else
else
else
else
else
else
else
else
else
else
front: 0, 1.88764, 2.5
side: 0, 0, 0
front only
else
else
else
front: 2.09775, 0.271448, 2.5
side: 0, 0, 0
front only
else
front: 0, 0.771813, 2.5
side: 0, 0, 0
front only
else
front: 0.591593, 1.09852, 2.5
side: 0, 0, 0
front only
else
front: 0, 0, 2.5
side: 0, 0, 0
front only
else
front: 0, 1.48935, 2.5
side: 0, 0, 0
front only
front: 0, 0, 2.5
side: 0, 0, 0
front only
else
else
else
else
else
else
else
else
else
else
front: 0, 1.14533, 2.5
side: 0, 0, 0
front only
else
front: 0, 0, 2.5
back: 0, 0, 7.5
front back
photon_ene: 661.6 photon_theta: 3.09418 photon_phi: 0.266628
traject_len: 5
pe_len: 14.5854 cs_len: 5.94487
---
else
else
front: 0, 1.15327, 2.5
side: 0, 0, 0
front only
else
else
else
else
front: 0, 0.369354, 2.5
back: 0, 1.10806, 7.5
front back
photon_ene: 661.6 photon_theta: 0.170477 photon_phi: 2.10979
traject_len: 5.05427
pe_len: 5.43403 cs_len: 8.6003
---
front: 0, 0, 2.5
side: 0, 0, 0
front only
front: 0, 0.0533854, 2.5
side: 0, 0, 0
front only
front: 0, 0.2986, 2.5
side: 0, 0, 0
front only
else
front: 0, 1.89394, 2.5
side: 0, 0, 0
front only
else
else
else
else
front: 0.879117, 0.559408, 2.5
side: 0, 0, 0
front only
front: 0, 0, 2.5
side: 0, 0, 0
front only
else
else
else
front: 1.11842, 0, 2.5
side: 0, 0, 0
front only
front: 1.48276, 1.22245, 2.5
side: 0, 0, 0
front only
else
else
front: 0, 0, 2.5
side: 0, 0, 0
front only
front: 0, 0, 2.5
side: 0, 0, 0
front only
front: 1.45245, 0, 2.5
side: 0, 0, 0
front only
else
front: 0.265636, 0, 2.5
side: 0, 0, 0
front only
else
else
front: 0, 2.20377, 2.5
side: 0, 0, 0
front only
front: 0, 0, 2.5
side: 0, 0, 0
front only
else
front: 1.29554, 0.7239, 2.5
side: 0, 0, 0
front only
else
else
else
else
else
else
front: 2.05411, 0.604958, 2.5
side: 0, 0, 0
front only
else
front: 0, 2.13199, 2.5
side: 0, 0, 0
front only
else
front: 0.328344, 0, 2.5
side: 0, 0, 0
front only
front: 0.979282, 0, 2.5
side: 0, 0, 0
front only
else
front: 0, 0, 2.5
back: 0, 0, 7.5
front back
photon_ene: 661.6 photon_theta: 2.83364 photon_phi: 0.0814634
traject_len: 5
pe_len: 37.1159 cs_len: 6.09673
---
else
front: 0, 2.04563, 2.5
side: 0, 0, 0
front only
else
else
front: 0, 1.06963, 2.5
side: 0, 0, 0
front only
else
else
else
front: 1.36194, 0, 2.5
side: 0, 0, 0
front only
else
front: 0, 0, 2.5
side: 0, 0, 0
front only
else
front: 0, 0, 2.5
side: 0, 0, 0
front only
else
else
else
else
else
else
else
front: 0, 0, 2.5
back: 0, 0, 7.5
front back
photon_ene: 661.6 photon_theta: 0.121501 photon_phi: 4.68319
traject_len: 5
pe_len: 14.1315 cs_len: 0.785307
---
front: 0.406706, 0.596265, 2.5
back: 1.22012, 1.7888, 7.5
front back
photon_ene: 661.6 photon_theta: 0.281063 photon_phi: 0.972193
traject_len: 5.20421
pe_len: 128.346 cs_len: 3.61451
---
front: 1.41947, 0, 2.5
side: 0, 0, 0
front only
else
else
else
else
else
front: 1.1672, 0.975235, 2.5
side: 0, 0, 0
front only
front: 0.3254, 0, 2.5
back: 0.9762, 0, 7.5
front back
photon_ene: 661.6 photon_theta: 2.94989 photon_phi: 2.30583
traject_len: 5.04218
pe_len: 201.703 cs_len: 5.46868
---
front: 1.60366, 0.800514, 2.5
side: 0, 0, 0
front only
else
else
else
else
else
front: 1.277, 0.641295, 2.5
side: 0, 0, 0
front only
else
else
else
else
else
else
else
else
else
else
else
else
else
else
front: 0.239464, 0, 2.5
side: 0, 0, 0
front only
front: 0.0596702, 0, 2.5
back: 0.179011, 0, 7.5
front back
photon_ene: 661.6 photon_theta: 3.10443 photon_phi: 2.26782
traject_len: 5.00142
pe_len: 5.92219 cs_len: 1.76098
---
front: 0, 0.252622, 2.5
side: 0, 0, 0
front only
else
front: 2.41253, 0, 2.5
side: 0, 0, 0
front only
else
else
front: 0, 0.175712, 2.5
back: 0, 0.527136, 7.5
front back
photon_ene: 661.6 photon_theta: 0.265785 photon_phi: 2.88045
traject_len: 5.01233
pe_len: 74.4968 cs_len: 2.02925
---
else
front: 0.584621, 1.72086, 2.5
side: 0, 0, 0
front only
front: 0.0889002, 2.26565, 2.5
side: 0, 0, 0
front only
else
else
else
front: 0, 0, 2.5
side: 0, 0, 0
front only
front: 1.45784, 0, 2.5
side: 0, 0, 0
front only
else
front: 0.286909, 0, 2.5
back: 0.860728, 0, 7.5
front back
photon_ene: 661.6 photon_theta: 2.84171 photon_phi: 1.95105
traject_len: 5.03282
pe_len: 5.79537 cs_len: 3.39347
---
front: 2.12865, 0, 2.5
side: 0, 0, 0
front only
else
front: 0, 0, 2.5
side: 0, 0, 0
front only
front: 0.683949, 1.21626, 2.5
side: 0, 0, 0
front only
else
front: 0.750901, 0.508983, 2.5
side: 0, 0, 0
front only
else
front: 0, 0.508935, 2.5
side: 0, 0, 0
front only
else
front: 0, 0.576527, 2.5
back: 0, 1.72958, 7.5
front back
photon_ene: 661.6 photon_theta: 2.90759 photon_phi: 4.96821
traject_len: 5.13123
pe_len: 17.8299 cs_len: 5.63081
---
else
front: 0, 0.236644, 2.5
side: 0, 0, 0
front only
front: 0, 0, 2.5
side: 0, 0, 0
front only
else
front: 1.49012, 0, 2.5
side: 0, 0, 0
front only
else
else
front: 0, 1.23958, 2.5
side: 0, 0, 0
front only
else
else
else
else
front: 0, 0.652903, 2.5
side: 0, 0, 0
front only
else
else
front: 0, 0.737393, 2.5
back: 0, 2.21218, 7.5
front back
photon_ene: 661.6 photon_theta: 2.85294 photon_phi: 4.82824
traject_len: 5.21296
pe_len: 80.5924 cs_len: 6.99349
---
else
front: 0.378493, 0.588376, 2.5
back: 1.13548, 1.76513, 7.5
front back
photon_ene: 661.6 photon_theta: 2.86873 photon_phi: 4.14075
traject_len: 5.19209
pe_len: 164.341 cs_len: 2.82099
---
else
else
else
front: 1.27073, 1.21142, 2.5
side: 0, 0, 0
front only
else
front: 1.58199, 0, 2.5
side: 0, 0, 0
front only
else
else
else
front: 0, 2.23141, 2.5
side: 0, 0, 0
front only
else
else
else
else
else
else
front: 0, 0, 2.5
back: 0, 0, 7.5
front back
photon_ene: 661.6 photon_theta: 0.18336 photon_phi: 3.24544
traject_len: 5
pe_len: 84.8815 cs_len: 2.09418
---
else
else
front: 0, 0.473923, 2.5
side: 0, 0, 0
front only
else
front: 0, 0, 2.5
side: 0, 0, 0
front only
else
else
else
else
front: 0.266626, 0, 2.5
side: 0, 0, 0
front only
else
else
else
front: 0, 0, 2.5
side: 0, 0, 0
front only
else
else
front: 1.80393, 0.432898, 2.5
side: 0, 0, 0
front only
front: 0, 0, 2.5
side: 0, 0, 0
front only
else
else
else
else
else
else
front: 0.833476, 1.45833, 2.5
side: 0, 0, 0
front only
front: 1.83415, 0.550725, 2.5
side: 0, 0, 0
front only
else
else
else
front: 0.862546, 1.18733, 2.5
side: 0, 0, 0
front only
else
else
else
else
front: 0, 0, 2.5
side: 0, 0, 0
front only
front: 1.03891, 0, 2.5
side: 0, 0, 0
front only
else
else
else
else
front: 1.13376, 0, 2.5
side: 0, 0, 0
front only
front: 1.80129, 0, 2.5
side: 0, 0, 0
front only
else
front: 0, 1.16426, 2.5
side: 0, 0, 0
front only
else
front: 0, 1.1676, 2.5
side: 0, 0, 0
front only
else
else
else
front: 1.12163, 0.775776, 2.5
side: 0, 0, 0
front only
else
else
else
front: 0.516885, 0.516927, 2.5
back: 1.55065, 1.55078, 7.5
front back
photon_ene: 661.6 photon_theta: 0.284475 photon_phi: 0.785439
traject_len: 5.20937
pe_len: 7.67196 cs_len: 1.41301
---
else
front: 0.108264, 0, 2.5
back: 0.324792, 0, 7.5
front back
photon_ene: 661.6 photon_theta: 3.05909 photon_phi: 2.12197
traject_len: 5.00469
pe_len: 52.5228 cs_len: 5.1643
---
else
else
else
front: 0, 0.363469, 2.5
back: 0, 1.09041, 7.5
front back
photon_ene: 661.6 photon_theta: 0.294988 photon_phi: 2.64267
traject_len: 5.05257
pe_len: 36.5753 cs_len: 5.60556
---
else
front: 0, 0, 2.5
side: 0, 0, 0
front only
front: 0, 1.13197, 2.5
side: 0, 0, 0
front only
front: 0, 2.39609, 2.5
side: 0, 0, 0
front only
front: 0, 0, 2.5
side: 0, 0, 0
front only
else
else
else
front: 0.815933, 0, 2.5
side: 0, 0, 0
front only
else
else
else
else
else
else
front: 0.260546, 0.650629, 2.5
back: 0.781639, 1.95189, 7.5
front back
photon_ene: 661.6 photon_theta: 0.273327 photon_phi: 1.1899
traject_len: 5.19277
pe_len: 22.7093 cs_len: 0.803651
---
front: 0.0773815, 0, 2.5
side: 0, 0, 0
front only
else
else
else
else
front: 0.724597, 0.0883614, 2.5
back: 2.17379, 0.265084, 7.5
front back
photon_ene: 661.6 photon_theta: 2.8575 photon_phi: 3.26294
traject_len: 5.20878
pe_len: 7.15005 cs_len: 0.625992
---
else
else
else
front: 0, 0, 2.5
side: 0, 0, 0
front only
front: 2.26778, 0.689888, 2.5
side: 0, 0, 0
front only
else
front: 0, 0.295737, 2.5
back: 0, 0.887211, 7.5
front back
photon_ene: 661.6 photon_theta: 0.255548 photon_phi: 2.67171
traject_len: 5.03486
pe_len: 15.5884 cs_len: 10.5885
---
else
else
front: 0, 0, 2.5
side: 0, 0, 0
front only
else
else
else
else
front: 0, 0, 2.5
side: 0, 0, 0
front only
else
front: 0, 0.576582, 2.5
side: 0, 0, 0
front only
front: 0, 0.550965, 2.5
side: 0, 0, 0
front only
front: 0.0456459, 0, 2.5
back: 0.136938, 0, 7.5
front back
photon_ene: 661.6 photon_theta: 2.99851 photon_phi: 1.69787
traject_len: 5.00083
pe_len: 110.514 cs_len: 0.213631
---
else
else
front: 1.41972, 0.0653016, 2.5
side: 0, 0, 0
front only
else
front: 1.00589, 0.712764, 2.5
side: 0, 0, 0
front only
else
else
front: 1.88395, 0.281555, 2.5
side: 0, 0, 0
front only
else
front: 0.778489, 1.25667, 2.5
side: 0, 0, 0
front only
else
else
else
else
else
front: 0, 1.84538, 2.5
side: 0, 0, 0
front only
front: 2.1682, 0, 2.5
side: 0, 0, 0
front only
else
else
else
else
else
front: 0.169572, 0, 2.5
back: 0.508716, 0, 7.5
front back
photon_ene: 661.6 photon_theta: 2.92282 photon_phi: 1.88082
traject_len: 5.01149
pe_len: 30.1178 cs_len: 0.262563
---
else
else
else
else
else
else
else
front: 0.483831, 2.09336, 2.5
side: 0, 0, 0
front only
front: 0, 0, 2.5
side: 0, 0, 0
front only
else
else
else
else
else
else
else
front: 0.0861243, 0.669757, 2.5
back: 0.258373, 2.00927, 7.5
front back
photon_ene: 661.6 photon_theta: 0.263813 photon_phi: 1.44291
traject_len: 5.17919
pe_len: 2.10011 cs_len: 1.54329
---
front: 0, 0, 2.5
back: 0, 0, 7.5
front back
photon_ene: 661.6 photon_theta: 2.84023 photon_phi: 1.52057
traject_len: 5
pe_len: 39.4497 cs_len: 3.29596
---
else
else
front: 0, 0.00919013, 2.5
back: 0, 0.0275704, 7.5
front back
photon_ene: 661.6 photon_theta: 0.0604272 photon_phi: 3.08079
traject_len: 5.00003
pe_len: 38.6686 cs_len: 1.14426
---
else
else
front: 0.301586, 0, 2.5
side: 0, 0, 0
front only
else
front: 0, 0.18696, 2.5
side: 0, 0, 0
front only
else
else
else
else
front: 0, 1.53156, 2.5
side: 0, 0, 0
front only
else
else
front: 0.358521, 0.519609, 2.5
back: 1.07556, 1.55883, 7.5
front back
photon_ene: 661.6 photon_theta: 2.89425 photon_phi: 4.10842
traject_len: 5.15695
pe_len: 23.8303 cs_len: 3.26954
---
front: 1.32191, 0.313082, 2.5
side: 0, 0, 0
front only
front: 1.53283, 0.857888, 2.5
side: 0, 0, 0
front only
front: 0.947106, 0, 2.5
side: 0, 0, 0
front only
front: 0, 0.936787, 2.5
side: 0, 0, 0
front only
else
else
else
else
else
else
else
front: 0, 0.75182, 2.5
side: 0, 0, 0
front only
front: 0, 0, 2.5
side: 0, 0, 0
front only
else
else
else
front: 1.12779, 0, 2.5
side: 0, 0, 0
front only
else
else
else
front: 0, 0.903538, 2.5
side: 0, 0, 0
front only
else
else
else
else
else
front: 1.86937, 0.618194, 2.5
side: 0, 0, 0
front only
else
else
else
else
else
else
else
else
front: 0, 1.37828, 2.5
side: 0, 0, 0
front only
front: 0.730817, 0, 2.5
side: 0, 0, 0
front only
else
else
else
front: 2.08576, 1.15441, 2.5
side: 0, 0, 0
front only
else
else
front: 0.485173, 0, 2.5
side: 0, 0, 0
front only
else
front: 0, 0, 2.5
back: 0, 0, 7.5
front back
photon_ene: 661.6 photon_theta: 2.94535 photon_phi: 1.55383
traject_len: 5
pe_len: 49.8141 cs_len: 5.47555
---
else
else
front: 0, 0, 2.5
side: 0, 0, 0
front only
else
else
front: 1.03401, 0, 2.5
side: 0, 0, 0
front only
else
else
front: 0, 1.64078, 2.5
side: 0, 0, 0
front only
else
else
else
else
front: 0, 0.216413, 2.5
side: 0, 0, 0
front only
else
else
else
front: 0, 1.52383, 2.5
side: 0, 0, 0
front only
else
else
else
else
else
else
else
else
else
else
else
front: 0, 1.82982, 2.5
side: 0, 0, 0
front only
else
else
else
else
else
front: 1.5268, 0, 2.5
side: 0, 0, 0
front only
else
else
else
front: 0.463523, 0, 2.5
back: 1.39057, 0, 7.5
front back
photon_ene: 661.6 photon_theta: 2.95748 photon_phi: 3.04791
traject_len: 5.08522
pe_len: 78.1259 cs_len: 8.10363
---
else
else
front: 0, 1.54708, 2.5
side: 0, 0, 0
front only
else
front: 0, 1.52619, 2.5
side: 0, 0, 0
front only
else
front: 0, 0, 2.5
side: 0, 0, 0
front only
else
front: 0.374858, 0, 2.5
side: 0, 0, 0
front only
else
else
else
else
else
else
else
else
else
front: 1.42248, 0, 2.5
side: 0, 0, 0
front only
else
front: 1.8681, 0, 2.5
side: 0, 0, 0
front only
else
front: 0, 0, 2.5
side: 0, 0, 0
front only
front: 1.48947, 0.501279, 2.5
side: 0, 0, 0
front only
else
else
else
else
else
else
else
else
else
else
else
front: 0.882214, 0.144297, 2.5
side: 0, 0, 0
front only
front: 0, 0.696822, 2.5
back: 0, 2.09047, 7.5
front back
photon_ene: 661.6 photon_theta: 0.274683 photon_phi: 1.71872
traject_len: 5.19059
pe_len: 9.08865 cs_len: 7.00939
---
front: 0.56813, 0, 2.5
side: 0, 0, 0
front only
else
front: 0, 0.605472, 2.5
side: 0, 0, 0
front only
else
front: 1.0495, 0, 2.5
side: 0, 0, 0
front only
else
else
front: 0.667291, 0, 2.5
back: 2.00187, 0, 7.5
front back
photon_ene: 661.6 photon_theta: 2.8368 photon_phi: 2.58383
traject_len: 5.17505
pe_len: 12.8761 cs_len: 2.20355
---
else
else
else
else
else
front: 0.11266, 0.04577, 2.5
back: 0.337981, 0.13731, 7.5
front back
photon_ene: 661.6 photon_theta: 0.0486029 photon_phi: 0.385896
traject_len: 5.00591
pe_len: 35.3843 cs_len: 5.27351
---
front: 1.52273, 0, 2.5
side: 0, 0, 0
front only
else
else
else
front: 1.30232, 0.670643, 2.5
side: 0, 0, 0
front only
else
else
front: 0.921749, 0.376082, 2.5
side: 0, 0, 0
front only
front: 0, 0.0875785, 2.5
side: 0, 0, 0
front only
front: 1.51276, 0.805356, 2.5
side: 0, 0, 0
front only
else
front: 0.748329, 1.04686, 2.5
side: 0, 0, 0
front only
else
else
else
front: 0, 0.862659, 2.5
side: 0, 0, 0
front only
front: 0, 2.09963, 2.5
side: 0, 0, 0
front only
else
front: 0, 0, 2.5
side: 0, 0, 0
front only
else
front: 0, 0, 2.5
side: 0, 0, 0
front only
else
front: 1.32271, 0, 2.5
side: 0, 0, 0
front only
front: 1.07244, 0, 2.5
side: 0, 0, 0
front only
front: 1.82625, 0, 2.5
side: 0, 0, 0
front only
else
else
else
front: 0, 0, 2.5
side: 0, 0, 0
front only
else
front: 0.265944, 0.888, 2.5
side: 0, 0, 0
front only
else
else
front: 0, 0, 2.5
side: 0, 0, 0
front only
else
else
else
front: 0, 0, 2.5
side: 0, 0, 0
front only
else
front: 0, 1.06095, 2.5
side: 0, 0, 0
front only
else
else
front: 0, 0.278603, 2.5
side: 0, 0, 0
front only
front: 0, 0, 2.5
back: 0, 0, 7.5
front back
photon_ene: 661.6 photon_theta: 2.8567 photon_phi: 0.990924
traject_len: 5
pe_len: 30.9105 cs_len: 2.27384
---
front: 0, 0, 2.5
side: 0, 0, 0
front only
front: 0, 1.06068, 2.5
side: 0, 0, 0
front only
front: 0.218262, 0, 2.5
side: 0, 0, 0
front only
front: 0, 1.07107, 2.5
side: 0, 0, 0
front only
else
else
front: 0.733196, 0, 2.5
side: 0, 0, 0
front only
else
front: 0, 0, 2.5
side: 0, 0, 0
front only
else
else
front: 0, 2.01933, 2.5
side: 0, 0, 0
front only
else
else
front: 1.81724, 1.22817, 2.5
side: 0, 0, 0
front only
else
else
front: 0, 0.729705, 2.5
side: 0, 0, 0
front only
else
else
else
else
front: 0, 2.02665, 2.5
side: 0, 0, 0
front only
else
else
else
front: 0.626894, 0, 2.5
side: 0, 0, 0
front only
else
else
else
front: 0.832192, 0, 2.5
side: 0, 0, 0
front only
front: 0, 0, 2.5
side: 0, 0, 0
front only
else
front: 0, 0, 2.5
side: 0, 0, 0
front only
front: 0, 0.999567, 2.5
side: 0, 0, 0
front only
else
front: 0, 0.92742, 2.5
side: 0, 0, 0
front only
else
else
else
else
else
else
front: 0, 1.18794, 2.5
side: 0, 0, 0
front only
else
front: 1.02111, 0, 2.5
side: 0, 0, 0
front only
front: 0, 0.325054, 2.5
side: 0, 0, 0
front only
else
else
front: 0.062107, 0.793169, 2.5
back: 0.186321, 2.37951, 7.5
front back
photon_ene: 661.6 photon_theta: 0.308105 photon_phi: 1.49265
traject_len: 5.24708
pe_len: 2.69989 cs_len: 6.33605
---
else
else
else
else
else
else
else
front: 1.25628, 0, 2.5
side: 0, 0, 0
front only
else
else
else
else
else
else
else
else
else
front: 0, 0.167421, 2.5
side: 0, 0, 0
front only
else
front: 1.23905, 0.352558, 2.5
side: 0, 0, 0
front only
front: 0, 2.33639, 2.5
side: 0, 0, 0
front only
else
else
else
front: 0, 2.36357, 2.5
side: 0, 0, 0
front only
else
else
front: 1.7123, 0, 2.5
side: 0, 0, 0
front only
front: 0.456416, 0.716326, 2.5
side: 0, 0, 0
front only
else
else
else
else
else
front: 0, 0, 2.5
back: 0, 0, 7.5
front back
photon_ene: 661.6 photon_theta: 0.284627 photon_phi: 3.89317
traject_len: 5
pe_len: 22.5897 cs_len: 12.3276
---
else
else
else
else
else
else
front: 1.96249, 0, 2.5
side: 0, 0, 0
front only
else
else
else
front: 0.481315, 0, 2.5
side: 0, 0, 0
front only
front: 0.421714, 0, 2.5
back: 1.26514, 0, 7.5
front back
photon_ene: 661.6 photon_theta: 2.83982 photon_phi: 2.1435
traject_len: 5.07064
pe_len: 1.76756 cs_len: 4.4726
---
front: 0, 0.411039, 2.5
back: 0, 1.23312, 7.5
front back
photon_ene: 661.6 photon_theta: 0.207159 photon_phi: 2.24327
traject_len: 5.06713
pe_len: 79.6684 cs_len: 20.3597
---
else
else
else
else
else
front: 1.00093, 0, 2.5
side: 0, 0, 0
front only
else
front: 0, 1.12845, 2.5
side: 0, 0, 0
front only
else
else
front: 0, 0, 2.5
back: 0, 0, 7.5
front back
photon_ene: 661.6 photon_theta: 0.0301727 photon_phi: 4.65594
traject_len: 5
pe_len: 2.44934 cs_len: 0.0356871
---
else
front: 0, 0, 2.5
back: 0, 0, 7.5
front back
photon_ene: 661.6 photon_theta: 0.239987 photon_phi: 3.70396
traject_len: 5
pe_len: 110.063 cs_len: 1.37838
---
else
front: 0.632867, 0, 2.5
side: 0, 0, 0
front only
else
else
else
else
else
else
front: 0, 0, 2.5
side: 0, 0, 0
front only
else
front: 1.6599, 0.842999, 2.5
side: 0, 0, 0
front only
front: 0.659783, 0.348328, 2.5
back: 1.97935, 1.04498, 7.5
front back
photon_ene: 661.6 photon_theta: 2.85157 photon_phi: 3.62734
traject_len: 5.21791
pe_len: 83.1166 cs_len: 0.301005
---
front: 0.852086, 0, 2.5
side: 0, 0, 0
front only
front: 0.181269, 1.35449, 2.5
side: 0, 0, 0
front only
else
else
else
front: 0.987942, 0.091805, 2.5
side: 0, 0, 0
front only
else
front: 0, 0.973254, 2.5
side: 0, 0, 0
front only
front: 0.0970126, 0, 2.5
back: 0.291038, 0, 7.5
front back
photon_ene: 661.6 photon_theta: 2.94842 photon_phi: 1.7705
traject_len: 5.00376
pe_len: 34.8024 cs_len: 2.46908
---
else
else
else
front: 0, 2.22096, 2.5
side: 0, 0, 0
front only
else
else
front: 0.635942, 2.16493, 2.5
side: 0, 0, 0
front only
front: 2.08106, 0.69157, 2.5
side: 0, 0, 0
front only
front: 0.20559, 1.81836, 2.5
side: 0, 0, 0
front only
else
else
else
front: 0.916504, 0, 2.5
side: 0, 0, 0
front only
else
front: 0.765129, 0, 2.5
side: 0, 0, 0
front only
else
else
else
front: 0, 0, 2.5
side: 0, 0, 0
front only
else
else
else
else
front: 0.314864, 0, 2.5
side: 0, 0, 0
front only
else
else
else
else
else
else
else
front: 0, 0, 2.5
side: 0, 0, 0
front only
else
else
front: 0, 0.742468, 2.5
side: 0, 0, 0
front only
else
front: 0, 0, 2.5
side: 0, 0, 0
front only
else
front: 0, 0, 2.5
side: 0, 0, 0
front only
front: 1.35267, 0, 2.5
side: 0, 0, 0
front only
else
else
else
else
else
else
else
else
else
front: 1.22716, 0, 2.5
side: 0, 0, 0
front only
else
else
else
front: 1.48582, 0.198541, 2.5
side: 0, 0, 0
front only
front: 1.80857, 0, 2.5
side: 0, 0, 0
front only
front: 0, 1.09137, 2.5
side: 0, 0, 0
front only
else
else
else
front: 1.86876, 0, 2.5
side: 0, 0, 0
front only
else
else
else
else
else
front: 0, 2.15321, 2.5
side: 0, 0, 0
front only
front: 1.16321, 0.776129, 2.5
side: 0, 0, 0
front only
else
front: 0, 1.19755, 2.5
side: 0, 0, 0
front only
else
else
else
front: 0.231193, 0, 2.5
back: 0.69358, 0, 7.5
front back
photon_ene: 661.6 photon_theta: 3.04908 photon_phi: 3.061
traject_len: 5.02133
pe_len: 35.3196 cs_len: 5.13576
---
else
front: 0, 0.756369, 2.5
side: 0, 0, 0
front only
else
else
else
else
else
else
else
front: 0.662071, 1.15063, 2.5
side: 0, 0, 0
front only
front: 0, 0, 2.5
side: 0, 0, 0
front only
front: 0, 0, 2.5
side: 0, 0, 0
front only
else
else
else
front: 0, 1.19949, 2.5
side: 0, 0, 0
front only
front: 0, 0.182629, 2.5
side: 0, 0, 0
front only
else
else
front: 0, 1.45983, 2.5
side: 0, 0, 0
front only
else
front: 0.804038, 0.450614, 2.5
side: 0, 0, 0
front only
front: 0, 0, 2.5
side: 0, 0, 0
front only
front: 1.48854, 1.42714, 2.5
side: 0, 0, 0
front only
else
front: 0, 0, 2.5
side: 0, 0, 0
front only
else
front: 1.60881, 1.91141, 2.5
side: 0, 0, 0
front only
front: 0, 0, 2.5
side: 0, 0, 0
front only
front: 0, 0, 2.5
side: 0, 0, 0
front only
else
else
front: 0, 2.15336, 2.5
side: 0, 0, 0
front only
else
else
else
front: 0, 0, 2.5
side: 0, 0, 0
front only
front: 0.755466, 0, 2.5
side: 0, 0, 0
front only
front: 0, 0.262498, 2.5
side: 0, 0, 0
front only
front: 0.338796, 1.15707, 2.5
side: 0, 0, 0
front only
else
else
else
else
else
else
else
else
front: 0, 0.782186, 2.5
back: 0, 2.34656, 7.5
front back
photon_ene: 661.6 photon_theta: 2.83012 photon_phi: 4.95042
traject_len: 5.23901
pe_len: 6.25216 cs_len: 2.12624
---
else
else
else
else
else
else
front: 0.954985, 0, 2.5
side: 0, 0, 0
front only
front: 0, 0.742828, 2.5
back: 0, 2.22848, 7.5
front back
photon_ene: 661.6 photon_theta: 2.83047 photon_phi: 5.1047
traject_len: 5.21605
pe_len: 5.30778 cs_len: 0.479963
---
else
else
else
else
else
else
else
else
else
else
front: 0, 1.26752, 2.5
side: 0, 0, 0
front only
front: 0.222837, 1.59186, 2.5
side: 0, 0, 0
front only
else
else
else
else
front: 0, 0, 2.5
side: 0, 0, 0
front only
front: 0.134312, 0, 2.5
back: 0.402935, 0, 7.5
front back
photon_ene: 661.6 photon_theta: 0.141119 photon_phi: 5.10021
traject_len: 5.00721
pe_len: 5.0584 cs_len: 6.28549
---
else
else
else
else
else
front: 0.0903958, 0, 2.5
back: 0.271187, 0, 7.5
front back
photon_ene: 661.6 photon_theta: 0.14535 photon_phi: 4.96198
traject_len: 5.00327
pe_len: 75.9117 cs_len: 3.12178
---
else
else
else
else
else
else
else
front: 0, 1.63882, 2.5
side: 0, 0, 0
front only
else
else
front: 0, 0, 2.5
back: 0, 0, 7.5
front back
photon_ene: 661.6 photon_theta: 2.90866 photon_phi: 0.637885
traject_len: 5
pe_len: 3.02377 cs_len: 4.67989
---
front: 0.42261, 0, 2.5
back: 1.26783, 0, 7.5
front back
photon_ene: 661.6 photon_theta: 2.82068 photon_phi: 2.10429
traject_len: 5.07094
pe_len: 0.595577 cs_len: 1.14392
---
front: 0, 0, 2.5
side: 0, 0, 0
front only
else
else
else
front: 0.0995051, 0, 2.5
side: 0, 0, 0
front only
else
else
front: 1.43982, 1.24976, 2.5
side: 0, 0, 0
front only
else
else
else
else
else
else
else
else
else
else
front: 0.0099268, 0, 2.5
side: 0, 0, 0
front only
else
front: 0, 0.560288, 2.5
side: 0, 0, 0
front only
else
else
front: 1.58871, 0, 2.5
side: 0, 0, 0
front only
else
else
else
else
else
else
else
front: 2.1289, 0.592906, 2.5
side: 0, 0, 0
front only
else
else
else
else
front: 0, 0, 2.5
back: 0, 0, 7.5
front back
photon_ene: 661.6 photon_theta: 2.95225 photon_phi: 0.644378
traject_len: 5
pe_len: 23.2427 cs_len: 15.9363
---
front: 0.483673, 0, 2.5
side: 0, 0, 0
front only
else
else
else
else
else
front: 1.11289, 0, 2.5
side: 0, 0, 0
front only
front: 0.405024, 1.57529, 2.5
side: 0, 0, 0
front only
else
front: 0.996548, 0, 2.5
side: 0, 0, 0
front only
else
else
front: 1.99263, 0, 2.5
side: 0, 0, 0
front only
else
else
else
front: 1.98182, 0.919021, 2.5
side: 0, 0, 0
front only
else
else
else
front: 0, 2.22594, 2.5
side: 0, 0, 0
front only
else
else
else
front: 1.44888, 0, 2.5
side: 0, 0, 0
front only
else
else
else
front: 1.10268, 0, 2.5
side: 0, 0, 0
front only
else
else
front: 0.800236, 1.48318, 2.5
side: 0, 0, 0
front only
else
else
else
else
else
front: 1.89076, 1.14245, 2.5
side: 0, 0, 0
front only
else
else
front: 0, 0, 2.5
side: 0, 0, 0
front only
else
front: 0, 0, 2.5
side: 0, 0, 0
front only
front: 0.250022, 1.26226, 2.5
side: 0, 0, 0
front only
else
else
else
else
else
else
else
else
front: 0.659524, 0.404994, 2.5
back: 1.97857, 1.21498, 7.5
front back
photon_ene: 661.6 photon_theta: 2.84137 photon_phi: 3.69229
traject_len: 5.23412
pe_len: 8.85699 cs_len: 2.14843
---
else
front: 0, 0, 2.5
side: 0, 0, 0
front only
else
else
else
front: 0, 0, 2.5
side: 0, 0, 0
front only
front: 0, 0.442522, 2.5
side: 0, 0, 0
front only
else
front: 0, 0, 2.5
side: 0, 0, 0
front only
front: 0, 0, 2.5
side: 0, 0, 0
front only
else
else
front: 0, 0, 2.5
back: 0, 0, 7.5
front back
photon_ene: 661.6 photon_theta: 2.93861 photon_phi: 0.619543
traject_len: 5
pe_len: 18.3708 cs_len: 11.0844
---
else
else
else
front: 1.3215, 0, 2.5
side: 0, 0, 0
front only
else
front: 0, 1.10501, 2.5
side: 0, 0, 0
front only
else
else
else
front: 0, 1.15406, 2.5
side: 0, 0, 0
front only
front: 0, 0, 2.5
side: 0, 0, 0
front only
else
else
else
else
else
else
else
front: 0, 0, 2.5
side: 0, 0, 0
front only
front: 0, 1.20626, 2.5
side: 0, 0, 0
front only
else
front: 1.78144, 1.32909, 2.5
side: 0, 0, 0
front only
else
front: 0, 1.42888, 2.5
side: 0, 0, 0
front only
front: 0, 0, 2.5
side: 0, 0, 0
front only
else
else
else
else
else
else
front: 0, 0, 2.5
side: 0, 0, 0
front only
else
front: 0.486462, 0, 2.5
side: 0, 0, 0
front only
else
else
front: 0.919905, 0, 2.5
side: 0, 0, 0
front only
else
else
else
front: 0.186073, 1.68285, 2.5
side: 0, 0, 0
front only
else
else
front: 0.390023, 0, 2.5
side: 0, 0, 0
front only
front: 0.761724, 0.28505, 2.5
back: 2.28517, 0.85515, 7.5
front back
photon_ene: 661.6 photon_theta: 0.314526 photon_phi: 0.358084
traject_len: 5.25794
pe_len: 6.85515 cs_len: 0.359636
---
else
else
front: 1.9927, 0.0408275, 2.5
side: 0, 0, 0
front only
else
front: 0, 0.540135, 2.5
back: 0, 1.6204, 7.5
front back
photon_ene: 661.6 photon_theta: 2.92809 photon_phi: 4.79573
traject_len: 5.11537
pe_len: 29.3921 cs_len: 0.388982
---
else
else
else
else
else
else
else
front: 0, 0.0777893, 2.5
side: 0, 0, 0
front only
front: 0, 0, 2.5
side: 0, 0, 0
front only
front: 0, 1.05398, 2.5
side: 0, 0, 0
front only
front: 0, 0.0416125, 2.5
back: 0, 0.124838, 7.5
front back
photon_ene: 661.6 photon_theta: 2.84656 photon_phi: 6.22839
traject_len: 5.00069
pe_len: 4.94375 cs_len: 2.1349
---
else
else
else
front: 0.0594547, 2.05922, 2.5
side: 0, 0, 0
front only
else
else
front: 0, 0, 2.5
back: 0, 0, 7.5
front back
photon_ene: 661.6 photon_theta: 3.09263 photon_phi: 1.12337
traject_len: 5
pe_len: 99.7634 cs_len: 0.684558
---
else
else
front: 0.0526937, 0, 2.5
side: 0, 0, 0
front only
front: 2.0642, 1.13272, 2.5
side: 0, 0, 0
front only
else
front: 0, 0.595261, 2.5
side: 0, 0, 0
front only
else
else
else
else
else
else
else
front: 1.39217, 0, 2.5
side: 0, 0, 0
front only
else
front: 0, 0, 2.5
side: 0, 0, 0
front only
else
else
else
front: 0.435703, 1.94058, 2.5
side: 0, 0, 0
front only
front: 0.269261, 0, 2.5
back: 0.807782, 0, 7.5
front back
photon_ene: 661.6 photon_theta: 2.95487 photon_phi: 2.17743
traject_len: 5.02892
pe_len: 28.254 cs_len: 0.882932
---
else
else
else
else
else
else
else
else
else
else
else
front: 0.469516, 1.57256, 2.5
side: 0, 0, 0
front only
front: 0, 0, 2.5
side: 0, 0, 0
front only
front: 0, 0.309152, 2.5
side: 0, 0, 0
front only
else
else
else
front: 0, 0, 2.5
side: 0, 0, 0
front only
front: 0, 1.2368, 2.5
side: 0, 0, 0
front only
front: 0.0613257, 0.726634, 2.5
back: 0.183977, 2.1799, 7.5
front back
photon_ene: 661.6 photon_theta: 2.85778 photon_phi: 4.62819
traject_len: 5.20836
pe_len: 3.15593 cs_len: 1.1676
---
else
front: 1.31785, 0, 2.5
side: 0, 0, 0
front only
front: 0, 0.41815, 2.5
side: 0, 0, 0
front only
front: 0.888335, 0, 2.5
side: 0, 0, 0
front only
front: 0, 1.85556, 2.5
side: 0, 0, 0
front only
else
else
front: 0.760173, 0.929339, 2.5
side: 0, 0, 0
front only
else
else
else
else
else
else
front: 0, 1.5759, 2.5
side: 0, 0, 0
front only
else
else
else
else
else
else
else
front: 1.02401, 1.0005, 2.5
side: 0, 0, 0
front only
else
front: 0, 1.43142, 2.5
side: 0, 0, 0
front only
front: 0.617119, 0.372211, 2.5
back: 1.85136, 1.11663, 7.5
front back
photon_ene: 661.6 photon_theta: 2.86093 photon_phi: 3.68432
traject_len: 5.20361
pe_len: 2.97585 cs_len: 1.07841
---
else
else
front: 0, 1.58811, 2.5
side: 0, 0, 0
front only
else
else
front: 0, 0, 2.5
side: 0, 0, 0
front only
else
else
else
else
else
front: 0, 0.0956296, 2.5
back: 0, 0.286889, 7.5
front back
photon_ene: 661.6 photon_theta: 2.84022 photon_phi: 6.15982
traject_len: 5.00366
pe_len: 0.875987 cs_len: 1.46345
---
front: 0, 0.0615611, 2.5
side: 0, 0, 0
front only
else
else
else
else
front: 1.36307, 0, 2.5
side: 0, 0, 0
front only
else
else
else
else
else
front: 0, 0, 2.5
side: 0, 0, 0
front only
else
else
else
else
else
front: 0, 0, 2.5
side: 0, 0, 0
front only
front: 0.446777, 0.409537, 2.5
back: 1.34033, 1.22861, 7.5
front back
photon_ene: 661.6 photon_theta: 2.90375 photon_phi: 3.88353
traject_len: 5.14483
pe_len: 6.72402 cs_len: 1.32322
---
else
else
else
front: 0, 2.03236, 2.5
side: 0, 0, 0
front only
else
else
else
else
front: 0, 0.920776, 2.5
side: 0, 0, 0
front only
else
front: 0, 0, 2.5
side: 0, 0, 0
front only
else
else
front: 0.396225, 0.383179, 2.5
back: 1.18868, 1.14954, 7.5
front back
photon_ene: 661.6 photon_theta: 0.217008 photon_phi: 0.768661
traject_len: 5.12009
pe_len: 8.187 cs_len: 8.06871
---
else
front: 0, 0.64354, 2.5
side: 0, 0, 0
front only
else
else
else
front: 0.992408, 0.849969, 2.5
side: 0, 0, 0
front only
else
front: 0.179874, 0.024478, 2.5
back: 0.539622, 0.0734339, 7.5
front back
photon_ene: 661.6 photon_theta: 0.0724855 photon_phi: 0.135253
traject_len: 5.01316
pe_len: 33.9866 cs_len: 14.3549
---
else
front: 1.31153, 0, 2.5
side: 0, 0, 0
front only
else
front: 0, 0.214378, 2.5
back: 0, 0.643134, 7.5
front back
photon_ene: 661.6 photon_theta: 0.143645 photon_phi: 2.50699
traject_len: 5.01835
pe_len: 45.5381 cs_len: 0.00980758
---
else
else
front: 1.25293, 0, 2.5
side: 0, 0, 0
front only
else
else
else
else
else
else
front: 0.509091, 0, 2.5
side: 0, 0, 0
front only
else
else
else
else
else
else
else
front: 0, 0, 2.5
back: 0, 0, 7.5
front back
photon_ene: 661.6 photon_theta: 0.0404907 photon_phi: 4.31068
traject_len: 5
pe_len: 62.9588 cs_len: 8.61052
---
else
else
else
else
else
front: 0, 1.16961, 2.5
side: 0, 0, 0
front only
else
front: 1.34598, 1.65337, 2.5
side: 0, 0, 0
front only
front: 1.15987, 0, 2.5
side: 0, 0, 0
front only
else
else
else
else
else
front: 0, 2.20698, 2.5
side: 0, 0, 0
front only
else
front: 0.109491, 0.716157, 2.5
back: 0.328472, 2.14847, 7.5
front back
photon_ene: 661.6 photon_theta: 0.282065 photon_phi: 1.41908
traject_len: 5.20572
pe_len: 4.79205 cs_len: 1.07861
---
else
front: 1.42983, 0, 2.5
side: 0, 0, 0
front only
else
else
else
else
else
front: 0.715715, 0, 2.5
side: 0, 0, 0
front only
front: 0, 1.16014, 2.5
side: 0, 0, 0
front only
front: 0.440904, 0, 2.5
side: 0, 0, 0
front only
front: 0, 0.684182, 2.5
side: 0, 0, 0
front only
else
else
front: 0.170777, 0, 2.5
side: 0, 0, 0
front only
else
else
front: 2.11601, 0, 2.5
side: 0, 0, 0
front only
front: 1.0678, 0.29479, 2.5
side: 0, 0, 0
front only
else
else
else
front: 0, 1.81551, 2.5
side: 0, 0, 0
front only
else
else
else
else
else
front: 0.955116, 0, 2.5
side: 0, 0, 0
front only
front: 0, 1.33787, 2.5
side: 0, 0, 0
front only
front: 1.13554, 0.799897, 2.5
side: 0, 0, 0
front only
else
front: 1.49547, 0, 2.5
side: 0, 0, 0
front only
else
else
front: 0.735676, 0, 2.5
side: 0, 0, 0
front only
else
else
front: 0.0441359, 0, 2.5
side: 0, 0, 0
front only
else
else
front: 0, 0, 2.5
side: 0, 0, 0
front only
else
front: 0.349182, 1.79357, 2.5
side: 0, 0, 0
front only
front: 0.724853, 0.475166, 2.5
side: 0, 0, 0
front only
front: 0.0934351, 0, 2.5
side: 0, 0, 0
front only
else
else
else
front: 1.35161, 0, 2.5
side: 0, 0, 0
front only
else
else
else
else
else
else
front: 0, 1.24174, 2.5
side: 0, 0, 0
front only
else
else
else
else
else
front: 0, 0.210207, 2.5
side: 0, 0, 0
front only
front: 0.827071, 0.801297, 2.5
side: 0, 0, 0
front only
else
else
else
else
front: 0, 0, 2.5
side: 0, 0, 0
front only
else
front: 1.36863, 0, 2.5
side: 0, 0, 0
front only
else
else
front: 0, 0.255599, 2.5
side: 0, 0, 0
front only
else
else
else
front: 0, 0.997092, 2.5
side: 0, 0, 0
front only
else
front: 0, 0, 2.5
side: 0, 0, 0
front only
front: 0.437783, 0, 2.5
side: 0, 0, 0
front only
else
else
else
else
else
front: 0.368343, 1.26827, 2.5
side: 0, 0, 0
front only
front: 1.24274, 0, 2.5
side: 0, 0, 0
front only
else
front: 0.869919, 1.49919, 2.5
side: 0, 0, 0
front only
else
else
else
else
else
front: 0, 0, 2.5
side: 0, 0, 0
front only
else
front: 0.783587, 0.757414, 2.5
side: 0, 0, 0
front only
front: 0, 0, 2.5
side: 0, 0, 0
front only
else
else
else
front: 1.50302, 0, 2.5
side: 0, 0, 0
front only
front: 0, 1.56192, 2.5
side: 0, 0, 0
front only
else
else
else
else
else
else
else
else
else
else
else
else
front: 0.5673, 0, 2.5
side: 0, 0, 0
front only
front: 0.454585, 0, 2.5
back: 1.36375, 0, 7.5
front back
photon_ene: 661.6 photon_theta: 2.96169 photon_phi: 3.12091
traject_len: 5.08199
pe_len: 20.0294 cs_len: 7.44671
---
else
else
else
else
front: 0.512157, 1.41335, 2.5
side: 0, 0, 0
front only
front: 0.637414, 0, 2.5
side: 0, 0, 0
front only
else
else
front: 1.05175, 1.97469, 2.5
side: 0, 0, 0
front only
front: 1.29771, 0, 2.5
side: 0, 0, 0
front only
else
else
else
else
else
front: 0, 1.08645, 2.5
side: 0, 0, 0
front only
else
else
else
front: 0, 1.93771, 2.5
side: 0, 0, 0
front only
else
else
front: 0.0210207, 0, 2.5
side: 0, 0, 0
front only
front: 0, 0, 2.5
back: 0, 0, 7.5
front back
photon_ene: 661.6 photon_theta: 2.8526 photon_phi: 0.755757
traject_len: 5
pe_len: 15.7472 cs_len: 3.96577
---
else
else
front: 1.62028, 0, 2.5
side: 0, 0, 0
front only
front: 0, 0, 2.5
side: 0, 0, 0
front only
else
else
front: 1.82479, 1.18113, 2.5
side: 0, 0, 0
front only
else
front: 0, 1.34396, 2.5
side: 0, 0, 0
front only
front: 0.0326051, 0, 2.5
back: 0.0978154, 0, 7.5
front back
photon_ene: 661.6 photon_theta: 0.289529 photon_phi: 4.75618
traject_len: 5.00043
pe_len: 31.8317 cs_len: 0.292566
---
else
else
else
else
else
front: 0, 0, 2.5
side: 0, 0, 0
front only
else
front: 0, 1.202, 2.5
side: 0, 0, 0
front only
front: 0.166205, 0.789335, 2.5
back: 0.498616, 2.36801, 7.5
front back
photon_ene: 661.6 photon_theta: 2.82948 photon_phi: 4.50486
traject_len: 5.25383
pe_len: 9.52645 cs_len: 4.75851
---
else
else
else
else
else
front: 0, 0, 2.5
side: 0, 0, 0
front only
else
else
front: 0, 0, 2.5
side: 0, 0, 0
front only
else
else
else
else
else
else
else
else
front: 1.54734, 1.27612, 2.5
side: 0, 0, 0
front only
else
else
front: 1.21344, 0, 2.5
side: 0, 0, 0
front only
else
front: 0.129857, 0, 2.5
back: 0.389572, 0, 7.5
front back
photon_ene: 661.6 photon_theta: 3.05924 photon_phi: 2.25149
traject_len: 5.00674
pe_len: 66.2246 cs_len: 2.29507
---
else
front: 1.61603, 0, 2.5
side: 0, 0, 0
front only
else
else
else
else
else
else
front: 0, 0, 2.5
side: 0, 0, 0
front only
front: 0.120746, 0, 2.5
back: 0.362238, 0, 7.5
front back
photon_ene: 661.6 photon_theta: 3.01712 photon_phi: 1.96712
traject_len: 5.00583
pe_len: 29.3224 cs_len: 2.37863
---
front: 0.0568872, 0, 2.5
side: 0, 0, 0
front only
else
else
else
front: 0, 2.12139, 2.5
side: 0, 0, 0
front only
else
else
else
else
else
front: 0, 0, 2.5
back: 0, 0, 7.5
front back
photon_ene: 661.6 photon_theta: 0.219931 photon_phi: 4.22098
traject_len: 5
pe_len: 90.467 cs_len: 4.10701
---
else
else
front: 0, 1.46896, 2.5
side: 0, 0, 0
front only
else
else
front: 0, 0.131015, 2.5
side: 0, 0, 0
front only
else
else
else
else
front: 0, 0, 2.5
side: 0, 0, 0
front only
else
else
else
front: 0.347872, 1.69207, 2.5
side: 0, 0, 0
front only
else
else
front: 0, 0, 2.5
back: 0, 0, 7.5
front back
photon_ene: 661.6 photon_theta: 2.83113 photon_phi: 0.168585
traject_len: 5
pe_len: 55.4929 cs_len: 0.903991
---
else
else
else
else
else
else
else
else
else
front: 0, 0, 2.5
side: 0, 0, 0
front only
else
else
front: 2.02394, 0, 2.5
side: 0, 0, 0
front only
front: 0, 2.27146, 2.5
side: 0, 0, 0
front only
else
else
else
else
else
else
front: 0, 1.6936, 2.5
side: 0, 0, 0
front only
front: 0, 0.821588, 2.5
side: 0, 0, 0
front only
else
else
else
front: 1.50888, 0, 2.5
side: 0, 0, 0
front only
else
front: 0.930468, 0.344516, 2.5
side: 0, 0, 0
front only
front: 0.873351, 0, 2.5
side: 0, 0, 0
front only
else
else
else
front: 0.104119, 0.851992, 2.5
side: 0, 0, 0
front only
front: 0.917028, 0.892645, 2.5
side: 0, 0, 0
front only
else
else
else
else
else
else
front: 0, 0.656963, 2.5
back: 0, 1.97089, 7.5
front back
photon_ene: 661.6 photon_theta: 0.31277 photon_phi: 2.19298
traject_len: 5.16976
pe_len: 4.84024 cs_len: 0.500284
---
else
else
else
else
else
else
else
front: 0, 0, 2.5
side: 0, 0, 0
front only
front: 0, 1.03265, 2.5
side: 0, 0, 0
front only
else
front: 1.66047, 0, 2.5
side: 0, 0, 0
front only
else
else
else
front: 0, 1.53819, 2.5
side: 0, 0, 0
front only
else
front: 0, 0, 2.5
side: 0, 0, 0
front only
front: 0.692524, 0.119154, 2.5
back: 2.07757, 0.357462, 7.5
front back
photon_ene: 661.6 photon_theta: 0.27401 photon_phi: 0.170389
traject_len: 5.19376
pe_len: 16.2742 cs_len: 2.22223
---
front: 1.00335, 0.974782, 2.5
side: 0, 0, 0
front only
else
front: 1.90927, 0.427559, 2.5
side: 0, 0, 0
front only
else
else
else
front: 2.33405, 0, 2.5
side: 0, 0, 0
front only
else
else
else
else
else
front: 0, 1.44549, 2.5
side: 0, 0, 0
front only
front: 0.535634, 0.628774, 2.5
back: 1.6069, 1.88632, 7.5
front back
photon_ene: 661.6 photon_theta: 2.82249 photon_phi: 4.00681
traject_len: 5.26584
pe_len: 33.6515 cs_len: 14.3163
---
else
else
else
else
else
else
else
else
front: 0, 0, 2.5
side: 0, 0, 0
front only
else
else
front: 1.33259, 1.77059, 2.5
side: 0, 0, 0
front only
front: 0, 1.62957, 2.5
side: 0, 0, 0
front only
else
else
front: 0, 0, 2.5
side: 0, 0, 0
front only
else
else
front: 0, 2.24498, 2.5
side: 0, 0, 0
front only
front: 0.833906, 0, 2.5
side: 0, 0, 0
front only
else
front: 0, 0, 2.5
side: 0, 0, 0
front only
else
else
else
else
front: 0, 1.25956, 2.5
side: 0, 0, 0
front only
else
else
else
else
else
else
else
front: 0, 0, 2.5
side: 0, 0, 0
front only
else
else
else
else
else
else
front: 0.695985, 0, 2.5
side: 0, 0, 0
front only
front: 0.532892, 0.931537, 2.5
side: 0, 0, 0
front only
else
front: 0, 0, 2.5
side: 0, 0, 0
front only
else
else
front: 0.481843, 1.69499, 2.5
side: 0, 0, 0
front only
else
else
else
else
else
else
else
front: 1.66523, 0.476617, 2.5
side: 0, 0, 0
front only
else
else
front: 1.49804, 0, 2.5
side: 0, 0, 0
front only
else
else
else
front: 0.807279, 0, 2.5
side: 0, 0, 0
front only
else
front: 1.78505, 0, 2.5
side: 0, 0, 0
front only
else
else
else
else
else
front: 0.0964527, 0, 2.5
back: 0.289358, 0, 7.5
front back
photon_ene: 661.6 photon_theta: 0.0722199 photon_phi: 5.27487
traject_len: 5.00372
pe_len: 1.85602 cs_len: 2.6546
---
else
else
front: 0, 0, 2.5
side: 0, 0, 0
front only
front: 0, 0, 2.5
side: 0, 0, 0
front only
front: 0.719545, 0.656377, 2.5
side: 0, 0, 0
front only
else
else
front: 1.73596, 0, 2.5
side: 0, 0, 0
front only
front: 2.3511, 0, 2.5
side: 0, 0, 0
front only
else
else
else
else
front: 0, 1.82602, 2.5
side: 0, 0, 0
front only
else
else
else
else
else
front: 1.11853, 0.594497, 2.5
side: 0, 0, 0
front only
else
else
else
else
else
front: 0.483919, 0, 2.5
side: 0, 0, 0
front only
front: 0, 0, 2.5
side: 0, 0, 0
front only
front: 0.239626, 0, 2.5
side: 0, 0, 0
front only
front: 0, 0, 2.5
side: 0, 0, 0
front only
front: 0, 0, 2.5
side: 0, 0, 0
front only
else
else
else
else
else
else
front: 0, 0, 2.5
back: 0, 0, 7.5
front back
photon_ene: 661.6 photon_theta: 2.97667 photon_phi: 0.655005
traject_len: 5
pe_len: 22.3302 cs_len: 0.206541
---
else
front: 0, 0, 2.5
side: 0, 0, 0
front only
front: 0.898254, 1.5197, 2.5
side: 0, 0, 0
front only
front: 0, 0.15112, 2.5
side: 0, 0, 0
front only
else
else
else
else
else
else
front: 0, 0, 2.5
back: 0, 0, 7.5
front back
photon_ene: 661.6 photon_theta: 2.97989 photon_phi: 1.31046
traject_len: 5
pe_len: 6.16023 cs_len: 0.601131
---
else
else
front: 0, 1.37852, 2.5
side: 0, 0, 0
front only
else
else
else
else
front: 0.282897, 0, 2.5
back: 0.848691, 0, 7.5
front back
photon_ene: 661.6 photon_theta: 2.84762 photon_phi: 1.95388
traject_len: 5.03191
pe_len: 48.1343 cs_len: 2.65124
---
else
else
front: 0, 0.55062, 2.5
side: 0, 0, 0
front only
else
else
else
else
else
front: 0.154382, 0.495446, 2.5
back: 0.463147, 1.48634, 7.5
front back
photon_ene: 661.6 photon_theta: 0.20467 photon_phi: 1.26873
traject_len: 5.10658
pe_len: 26.1966 cs_len: 1.93827
---
front: 0, 0.793417, 2.5
back: 0, 2.38025, 7.5
front back
photon_ene: 661.6 photon_theta: 2.83173 photon_phi: 4.84492
traject_len: 5.24576
pe_len: 15.638 cs_len: 5.24834
---
front: 0, 0, 2.5
back: 0, 0, 7.5
front back
photon_ene: 661.6 photon_theta: 2.82047 photon_phi: 1.11472
traject_len: 5
pe_len: 7.08447 cs_len: 0.598979
---
else
else
else
else
else
else
else
else
else
else
else
else
else
else
else
else
else
else
else
front: 1.02593, 0, 2.5
side: 0, 0, 0
front only
front: 0.199781, 0.867381, 2.5
side: 0, 0, 0
front only
else
front: 1.20243, 0, 2.5
side: 0, 0, 0
front only
else
else
front: 0, 0, 2.5
side: 0, 0, 0
front only
else
else
front: 0, 0, 2.5
side: 0, 0, 0
front only
else
front: 0, 0, 2.5
side: 0, 0, 0
front only
else
else
front: 0.392904, 0.804022, 2.5
side: 0, 0, 0
front only
else
front: 1.23094, 0, 2.5
side: 0, 0, 0
front only
else
else
else
front: 0.271965, 0.180419, 2.5
back: 0.815894, 0.541258, 7.5
front back
photon_ene: 661.6 photon_theta: 3.01178 photon_phi: 3.72733
traject_len: 5.04243
pe_len: 110.188 cs_len: 1.99788
---
else
front: 0, 0, 2.5
side: 0, 0, 0
front only
front: 0, 1.30896, 2.5
side: 0, 0, 0
front only
front: 0.736773, 0, 2.5
side: 0, 0, 0
front only
else
front: 0.780211, 0, 2.5
back: 2.34063, 0, 7.5
front back
photon_ene: 661.6 photon_theta: 0.312766 photon_phi: 6.01809
traject_len: 5.23783
pe_len: 133.747 cs_len: 5.02803
---
else
else
front: 0, 0.156466, 2.5
side: 0, 0, 0
front only
else
else
else
front: 0, 0.207277, 2.5
side: 0, 0, 0
front only
else
else
front: 0.303182, 0, 2.5
side: 0, 0, 0
front only
else
else
front: 0, 0, 2.5
side: 0, 0, 0
front only
else
front: 0, 2.2775, 2.5
side: 0, 0, 0
front only
else
front: 1.28447, 0.553834, 2.5
side: 0, 0, 0
front only
front: 0, 0, 2.5
side: 0, 0, 0
front only
front: 1.21634, 0, 2.5
side: 0, 0, 0
front only
front: 0.483488, 0, 2.5
side: 0, 0, 0
front only
else
else
else
else
else
else
else
front: 0, 1.34303, 2.5
side: 0, 0, 0
front only
front: 0.778502, 0, 2.5
side: 0, 0, 0
front only
else
else
front: 0.472359, 0, 2.5
side: 0, 0, 0
front only
else
else
else
else
front: 0.22831, 0, 2.5
side: 0, 0, 0
front only
else
else
else
else
else
front: 0, 0.584154, 2.5
side: 0, 0, 0
front only
else
front: 1.09536, 0.931236, 2.5
side: 0, 0, 0
front only
else
else
else
else
else
else
else
else
else
else
front: 0.751741, 0, 2.5
side: 0, 0, 0
front only
else
else
front: 0, 0.174754, 2.5
side: 0, 0, 0
front only
front: 0, 0, 2.5
side: 0, 0, 0
front only
else
else
else
front: 0, 1.84467, 2.5
side: 0, 0, 0
front only
else
else
else
else
front: 0.665147, 0.998915, 2.5
side: 0, 0, 0
front only
front: 0, 1.24289, 2.5
side: 0, 0, 0
front only
else
front: 0.373062, 0, 2.5
side: 0, 0, 0
front only
front: 0, 0, 2.5
side: 0, 0, 0
front only
else
else
front: 0.233613, 0.0776831, 2.5
back: 0.700839, 0.233049, 7.5
front back
photon_ene: 661.6 photon_theta: 0.0981597 photon_phi: 0.321026
traject_len: 5.02419
pe_len: 17.0699 cs_len: 3.02065
---
else
else
else
else
else
else
front: 0, 0, 2.5
back: 0, 0, 7.5
front back
photon_ene: 661.6 photon_theta: 3.0288 photon_phi: 1.25845
traject_len: 5
pe_len: 109.351 cs_len: 0.204861
---
else
else
front: 2.48266, 0.0703346, 2.5
side: 0, 0, 0
front only
front: 0, 0, 2.5
side: 0, 0, 0
front only
else
front: 1.19476, 1.9387, 2.5
side: 0, 0, 0
front only
else
front: 0, 0, 2.5
side: 0, 0, 0
front only
front: 0.705753, 1.35861, 2.5
side: 0, 0, 0
front only
front: 0, 0, 2.5
side: 0, 0, 0
front only
else
else
front: 1.32844, 0.062424, 2.5
side: 0, 0, 0
front only
else
else
else
else
front: 0, 0, 2.5
side: 0, 0, 0
front only
else
else
front: 0, 0.252112, 2.5
side: 0, 0, 0
front only
else
else
else
front: 1.49849, 0, 2.5
side: 0, 0, 0
front only
else
else
else
else
else
front: 1.00997, 0, 2.5
side: 0, 0, 0
front only
else
front: 0, 0, 2.5
back: 0, 0, 7.5
front back
photon_ene: 661.6 photon_theta: 0.286149 photon_phi: 3.68591
traject_len: 5
pe_len: 27.669 cs_len: 0.144602
---
front: 1.74179, 0.964273, 2.5
side: 0, 0, 0
front only
front: 0.119001, 1.16585, 2.5
side: 0, 0, 0
front only
else
front: 0.382998, 0, 2.5
back: 1.14899, 0, 7.5
front back
photon_ene: 661.6 photon_theta: 0.160404 photon_phi: 5.95577
traject_len: 5.05833
pe_len: 30.8811 cs_len: 1.18305
---
else
else
else
else
else
else
else
else
else
else
front: 1.20327, 0, 2.5
side: 0, 0, 0
front only
else
else
else
else
else
front: 0.0736578, 2.40658, 2.5
side: 0, 0, 0
front only
else
else
else
front: 0, 0, 2.5
back: 0, 0, 7.5
front back
photon_ene: 661.6 photon_theta: 0.1208 photon_phi: 4.39902
traject_len: 5
pe_len: 17.5234 cs_len: 8.70477
---
else
else
else
front: 1.61863, 0, 2.5
side: 0, 0, 0
front only
else
else
front: 0.280366, 0, 2.5
back: 0.841097, 0, 7.5
front back
photon_ene: 661.6 photon_theta: 3.00429 photon_phi: 2.51775
traject_len: 5.03134
pe_len: 29.3787 cs_len: 1.83106
---
front: 1.28722, 0, 2.5
side: 0, 0, 0
front only
else
else
front: 0, 0, 2.5
side: 0, 0, 0
front only
else
front: 0.0671512, 1.05642, 2.5
side: 0, 0, 0
front only
else
else
else
else
front: 0, 0, 2.5
side: 0, 0, 0
front only
else
else
else
else
else
front: 0, 0.179196, 2.5
side: 0, 0, 0
front only
else
front: 0, 0.710037, 2.5
side: 0, 0, 0
front only
else
else
else
front: 0, 0, 2.5
side: 0, 0, 0
front only
else
else
else
else
else
front: 0.736434, 2.06639, 2.5
side: 0, 0, 0
front only
front: 0.343569, 0, 2.5
side: 0, 0, 0
front only
else
else
front: 1.4824, 0.772029, 2.5
side: 0, 0, 0
front only
else
else
else
else
else
else
else
else
front: 0.710962, 0.877306, 2.5
side: 0, 0, 0
front only
else
else
else
else
else
front: 0, 0.330544, 2.5
back: 0, 0.991632, 7.5
front back
photon_ene: 661.6 photon_theta: 3.00538 photon_phi: 4.97906
traject_len: 5.04351
pe_len: 49.6128 cs_len: 2.04973
---
front: 1.84844, 0.316974, 2.5
side: 0, 0, 0
front only
front: 1.20371, 1.84399, 2.5
side: 0, 0, 0
front only
else
else
else
else
front: 0, 0, 2.5
back: 0, 0, 7.5
front back
photon_ene: 661.6 photon_theta: 0.201413 photon_phi: 3.78653
traject_len: 5
pe_len: 122.133 cs_len: 2.09298
---
else
front: 0, 0, 2.5
side: 0, 0, 0
front only
else
front: 0, 0, 2.5
side: 0, 0, 0
front only
else
else
else
else
front: 0.543044, 1.22255, 2.5
side: 0, 0, 0
front only
else
else
else
front: 0, 0, 2.5
side: 0, 0, 0
front only
front: 0, 0, 2.5
side: 0, 0, 0
front only
else
else
front: 0, 0.756876, 2.5
back: 0, 2.27063, 7.5
front back
photon_ene: 661.6 photon_theta: 0.306715 photon_phi: 1.86879
traject_len: 5.22412
pe_len: 53.3999 cs_len: 4.93607
---
else
else
else
else
else
else
else
else
else
else
else
else
else
else
else
else
else
else
else
else
else
else
else
else
front: 0, 1.00218, 2.5
side: 0, 0, 0
front only
else
else
front: 1.10795, 0, 2.5
side: 0, 0, 0
front only
else
front: 0.905403, 0, 2.5
side: 0, 0, 0
front only
else
else
else
else
else
front: 1.56164, 0, 2.5
side: 0, 0, 0
front only
else
else
front: 0.0297492, 0.489254, 2.5
back: 0.0892476, 1.46776, 7.5
front back
photon_ene: 661.6 photon_theta: 0.193607 photon_phi: 1.51007
traject_len: 5.0952
pe_len: 30.1348 cs_len: 7.1772
---
else
else
front: 0, 0, 2.5
side: 0, 0, 0
front only
else
else
front: 0, 1.64589, 2.5
side: 0, 0, 0
front only
else
else
else
else
else
else
else
else
front: 0.155031, 1.80057, 2.5
side: 0, 0, 0
front only
else
else
else
else
else
else
else
else
else
else
else
else
else
else
else
else
else
else
else
front: 0, 0.311615, 2.5
back: 0, 0.934846, 7.5
front back
photon_ene: 661.6 photon_theta: 0.222046 photon_phi: 2.55672
traject_len: 5.03869
pe_len: 80.6915 cs_len: 8.64547
---
front: 0, 0.147453, 2.5
back: 0, 0.44236, 7.5
front back
photon_ene: 661.6 photon_theta: 2.95422 photon_phi: 5.96685
traject_len: 5.00869
pe_len: 8.3795 cs_len: 7.06158
---
else
else
front: 0, 1.59969, 2.5
side: 0, 0, 0
front only
else
else
else
else
else
else
else
else
else
front: 0, 0, 2.5
side: 0, 0, 0
front only
front: 0, 0.936423, 2.5
side: 0, 0, 0
front only
front: 1.7519, 0.861024, 2.5
side: 0, 0, 0
front only
else
else
else
else
else
front: 0, 0, 2.5
back: 0, 0, 7.5
front back
photon_ene: 661.6 photon_theta: 2.87537 photon_phi: 0.245186
traject_len: 5
pe_len: 9.67972 cs_len: 8.68211
---
front: 0.83243, 1.01571, 2.5
side: 0, 0, 0
front only
else
else
front: 0, 0.655115, 2.5
side: 0, 0, 0
front only
else
else
front: 1.75761, 0.0260791, 2.5
side: 0, 0, 0
front only
else
else
else
else
else
front: 0, 0, 2.5
side: 0, 0, 0
front only
front: 0, 2.06437, 2.5
side: 0, 0, 0
front only
else
else
else
else
else
else
else
front: 1.29545, 0.165263, 2.5
side: 0, 0, 0
front only
front: 0.362413, 0, 2.5
back: 1.08724, 0, 7.5
front back
photon_ene: 661.6 photon_theta: 0.244961 photon_phi: 5.331
traject_len: 5.05226
pe_len: 44.7759 cs_len: 0.136882
---
else
else
else
else
else
else
else
else
else
else
front: 0, 0, 2.5
side: 0, 0, 0
front only
front: 0.688169, 0.555221, 2.5
side: 0, 0, 0
front only
else
else
front: 0, 0, 2.5
side: 0, 0, 0
front only
else
else
else
else
else
front: 0, 0, 2.5
side: 0, 0, 0
front only
else
front: 0, 1.76591, 2.5
side: 0, 0, 0
front only
else
else
else
front: 0, 0, 2.5
back: 0, 0, 7.5
front back
photon_ene: 661.6 photon_theta: 0.220552 photon_phi: 3.46895
traject_len: 5
pe_len: 32.9982 cs_len: 3.73092
---
front: 0.604247, 0, 2.5
side: 0, 0, 0
front only
else
front: 0.220671, 0, 2.5
side: 0, 0, 0
front only
else
else
front: 0, 0, 2.5
back: 0, 0, 7.5
front back
photon_ene: 661.6 photon_theta: 2.97532 photon_phi: 1.10423
traject_len: 5
pe_len: 5.11523 cs_len: 4.03606
---
front: 0.995739, 0, 2.5
side: 0, 0, 0
front only
front: 0, 1.07917, 2.5
side: 0, 0, 0
front only
else
else
else
else
else
front: 0, 0, 2.5
back: 0, 0, 7.5
front back
photon_ene: 661.6 photon_theta: 0.148836 photon_phi: 4.20372
traject_len: 5
pe_len: 16.6431 cs_len: 5.76145
---
else
front: 1.14264, 0, 2.5
side: 0, 0, 0
front only
else
front: 0, 0.143147, 2.5
back: 0, 0.429441, 7.5
front back
photon_ene: 661.6 photon_theta: 0.0582938 photon_phi: 1.76536
traject_len: 5.00819
pe_len: 34.0407 cs_len: 4.03045
---
else
front: 0, 1.38467, 2.5
side: 0, 0, 0
front only
else
else
front: 0, 0, 2.5
side: 0, 0, 0
front only
front: 0.417313, 0.730886, 2.5
side: 0, 0, 0
front only
front: 2.21601, 0.186223, 2.5
side: 0, 0, 0
front only
else
else
else
else
else
else
else
else
front: 0, 0, 2.5
side: 0, 0, 0
front only
else
front: 1.02775, 1.17158, 2.5
side: 0, 0, 0
front only
front: 1.88667, 0.169993, 2.5
side: 0, 0, 0
front only
front: 0, 0, 2.5
side: 0, 0, 0
front only
else
else
else
else
front: 1.34134, 0.329452, 2.5
side: 0, 0, 0
front only
front: 0, 0.452733, 2.5
side: 0, 0, 0
front only
else
else
front: 0, 0, 2.5
side: 0, 0, 0
front only
else
front: 1.27982, 0.94743, 2.5
side: 0, 0, 0
front only
else
else
else
front: 1.20202, 0.825338, 2.5
side: 0, 0, 0
front only
else
else
else
else
else
front: 0, 0.886012, 2.5
side: 0, 0, 0
front only
else
front: 0, 0, 2.5
side: 0, 0, 0
front only
else
else
else
else
else
front: 0, 0.185562, 2.5
side: 0, 0, 0
front only
else
else
else
else
else
else
else
else
else
else
else
front: 0, 2.29219, 2.5
side: 0, 0, 0
front only
else
front: 0, 0, 2.5
side: 0, 0, 0
front only
else
else
else
else
else
front: 0.499819, 0, 2.5
side: 0, 0, 0
front only
front: 0, 1.08598, 2.5
side: 0, 0, 0
front only
else
front: 0, 0, 2.5
side: 0, 0, 0
front only
else
else
front: 0, 1.64283, 2.5
side: 0, 0, 0
front only
else
else
front: 0, 0, 2.5
back: 0, 0, 7.5
front back
photon_ene: 661.6 photon_theta: 0.155424 photon_phi: 4.6389
traject_len: 5
pe_len: 4.95436 cs_len: 5.30068
---
else
else
else
front: 0, 0, 2.5
side: 0, 0, 0
front only
front: 0, 0.324588, 2.5
back: 0, 0.973763, 7.5
front back
photon_ene: 661.6 photon_theta: 0.252875 photon_phi: 2.61517
traject_len: 5.04197
pe_len: 6.32655 cs_len: 2.16247
---
else
front: 1.12072, 1.17674, 2.5
side: 0, 0, 0
front only
else
front: 0.796035, 1.32889, 2.5
side: 0, 0, 0
front only
else
else
front: 1.6701, 0.236338, 2.5
side: 0, 0, 0
front only
else
else
front: 1.27922, 0, 2.5
side: 0, 0, 0
front only
else
else
else
front: 0, 0.0490602, 2.5
back: 0, 0.147181, 7.5
front back
photon_ene: 661.6 photon_theta: 0.128484 photon_phi: 2.98911
traject_len: 5.00096
pe_len: 7.72938 cs_len: 1.2925
---
front: 0, 0.934624, 2.5
side: 0, 0, 0
front only
else
else
front: 0.615005, 0, 2.5
side: 0, 0, 0
front only
else
else
front: 1.54048, 0.486598, 2.5
side: 0, 0, 0
front only
else
front: 0, 0, 2.5
side: 0, 0, 0
front only
front: 0, 0, 2.5
side: 0, 0, 0
front only
front: 0.0402336, 0.851715, 2.5
side: 0, 0, 0
front only
front: 0.337072, 0.374754, 2.5
back: 1.01122, 1.12426, 7.5
front back
photon_ene: 661.6 photon_theta: 2.94264 photon_phi: 3.97988
traject_len: 5.10061
pe_len: 92.5061 cs_len: 0.496176
---
else
else
else
else
front: 0, 0, 2.5
side: 0, 0, 0
front only
else
else
else
else
else
else
front: 0, 0, 2.5
side: 0, 0, 0
front only
else
else
else
else
else
front: 0.875696, 0, 2.5
side: 0, 0, 0
front only
else
else
else
front: 1.06021, 1.10162, 2.5
side: 0, 0, 0
front only
else
front: 0, 0.190836, 2.5
side: 0, 0, 0
front only
else
front: 0, 0, 2.5
back: 0, 0, 7.5
front back
photon_ene: 661.6 photon_theta: 0.191672 photon_phi: 4.56853
traject_len: 5
pe_len: 8.09883 cs_len: 0.861158
---
else
front: 1.7913, 0, 2.5
side: 0, 0, 0
front only
else
front: 0.469024, 1.85474, 2.5
side: 0, 0, 0
front only
front: 1.07063, 0.790504, 2.5
side: 0, 0, 0
front only
front: 0, 1.19179, 2.5
side: 0, 0, 0
front only
else
else
front: 0, 0, 2.5
side: 0, 0, 0
front only
front: 0, 0.719345, 2.5
side: 0, 0, 0
front only
else
front: 0, 0, 2.5
side: 0, 0, 0
front only
front: 1.67287, 0.505253, 2.5
side: 0, 0, 0
front only
else
else
else
else
front: 0.897093, 0.73902, 2.5
side: 0, 0, 0
front only
else
front: 0, 1.35252, 2.5
side: 0, 0, 0
front only
front: 0.558077, 0, 2.5
back: 1.67423, 0, 7.5
front back
photon_ene: 661.6 photon_theta: 2.92123 photon_phi: 3.05894
traject_len: 5.12307
pe_len: 68.9464 cs_len: 0.394605
---
else
else
else
else
else
else
else
front: 0.277804, 0, 2.5
side: 0, 0, 0
front only
front: 0, 0, 2.5
side: 0, 0, 0
front only
else
else
else
front: 0, 0.0536538, 2.5
side: 0, 0, 0
front only
front: 1.24519, 0, 2.5
side: 0, 0, 0
front only
else
else
front: 0, 1.24845, 2.5
side: 0, 0, 0
front only
else
else
else
else
else
else
front: 1.75776, 0, 2.5
side: 0, 0, 0
front only
else
else
front: 0, 0.233689, 2.5
side: 0, 0, 0
front only
else
front: 0, 0, 2.5
side: 0, 0, 0
front only
front: 0, 0, 2.5
side: 0, 0, 0
front only
else
front: 0, 0.386325, 2.5
back: 0, 1.15898, 7.5
front back
photon_ene: 661.6 photon_theta: 2.87874 photon_phi: 5.67145
traject_len: 5.05935
pe_len: 16.8369 cs_len: 8.5267
---
else
front: 0.367398, 0.558135, 2.5
back: 1.10219, 1.67441, 7.5
front back
photon_ene: 661.6 photon_theta: 0.261176 photon_phi: 0.988637
traject_len: 5.17552
pe_len: 5.79719 cs_len: 6.03964
---
else
else
else
else
front: 0.469266, 0.0885501, 2.5
back: 1.4078, 0.26565, 7.5
front back
photon_ene: 661.6 photon_theta: 2.95285 photon_phi: 3.3281
traject_len: 5.0904
pe_len: 21.7584 cs_len: 0.483562
---
front: 0, 1.69302, 2.5
side: 0, 0, 0
front only
else
else
else
else
front: 0.5522, 0, 2.5
back: 1.6566, 0, 7.5
front back
photon_ene: 661.6 photon_theta: 0.275188 photon_phi: 5.61072
traject_len: 5.12052
pe_len: 13.7563 cs_len: 7.35938
---
else
else
else
else
else
else
front: 0.680919, 1.69401, 2.5
side: 0, 0, 0
front only
front: 0, 0, 2.5
side: 0, 0, 0
front only
else
else
else
front: 2.08837, 0, 2.5
side: 0, 0, 0
front only
front: 0, 1.75994, 2.5
side: 0, 0, 0
front only
else
else
else
else
front: 0, 0, 2.5
side: 0, 0, 0
front only
front: 0, 0, 2.5
back: 0, 0, 7.5
front back
photon_ene: 661.6 photon_theta: 0.212672 photon_phi: 4.54593
traject_len: 5
pe_len: 12.3123 cs_len: 2.23208
---
front: 1.04266, 1.74437, 2.5
side: 0, 0, 0
front only
else
else
else
else
else
else
else
front: 1.66941, 0, 2.5
side: 0, 0, 0
front only
else
else
front: 0, 1.61665, 2.5
side: 0, 0, 0
front only
else
front: 0, 0, 2.5
side: 0, 0, 0
front only
else
else
front: 0, 1.18647, 2.5
side: 0, 0, 0
front only
else
else
else
else
else
else
front: 0, 2.33873, 2.5
side: 0, 0, 0
front only
else
front: 1.5356, 0, 2.5
side: 0, 0, 0
front only
front: 0, 1.05226, 2.5
side: 0, 0, 0
front only
else
else
front: 0, 1.88062, 2.5
side: 0, 0, 0
front only
front: 0, 0.315596, 2.5
side: 0, 0, 0
front only
else
else
else
else
else
front: 0.356273, 0, 2.5
back: 1.06882, 0, 7.5
front back
photon_ene: 661.6 photon_theta: 0.147407 photon_phi: 5.99854
traject_len: 5.05052
pe_len: 34.1764 cs_len: 14.459
---
front: 1.50489, 0, 2.5
side: 0, 0, 0
front only
else
else
else
else
front: 0.51078, 0, 2.5
side: 0, 0, 0
front only
else
else
front: 0, 1.79165, 2.5
side: 0, 0, 0
front only
front: 1.41311, 1.1328, 2.5
side: 0, 0, 0
front only
front: 0.596888, 0, 2.5
back: 1.79067, 0, 7.5
front back
photon_ene: 661.6 photon_theta: 0.272654 photon_phi: 5.73575
traject_len: 5.14054
pe_len: 1.04913 cs_len: 0.550874
---
front: 0.899969, 2.01429, 2.5
side: 0, 0, 0
front only
else
front: 0.105115, 0.438984, 2.5
back: 0.315346, 1.31695, 7.5
front back
photon_ene: 661.6 photon_theta: 0.178633 photon_phi: 1.33577
traject_len: 5.08085
pe_len: 93.2171 cs_len: 0.36499
---
front: 1.73175, 0, 2.5
side: 0, 0, 0
front only
else
else
else
else
else
front: 0, 0.410457, 2.5
side: 0, 0, 0
front only
else
front: 0, 0.439804, 2.5
back: 0, 1.31941, 7.5
front back
photon_ene: 661.6 photon_theta: 0.301291 photon_phi: 2.53981
traject_len: 5.07678
pe_len: 50.313 cs_len: 0.613894
---
else
else
else
else
else
else
else
else
else
else
else
else
else
front: 1.00848, 0, 2.5
side: 0, 0, 0
front only
else
front: 0, 1.17822, 2.5
side: 0, 0, 0
front only
else
else
else
front: 2.06205, 0.0601927, 2.5
side: 0, 0, 0
front only
else
else
else
else
else
else
front: 0, 0, 2.5
side: 0, 0, 0
front only
front: 0, 1.45708, 2.5
side: 0, 0, 0
front only
front: 0, 0, 2.5
side: 0, 0, 0
front only
else
else
else
else
front: 0, 0, 2.5
side: 0, 0, 0
front only
else
front: 0.524208, 0, 2.5
side: 0, 0, 0
front only
else
else
else
front: 1.41466, 1.89639, 2.5
side: 0, 0, 0
front only
else
else
else
front: 0.927713, 0, 2.5
side: 0, 0, 0
front only
front: 0, 1.15114, 2.5
side: 0, 0, 0
front only
else
else
else
else
front: 0, 1.0387, 2.5
side: 0, 0, 0
front only
front: 0, 0.600744, 2.5
back: 0, 1.80223, 7.5
front back
photon_ene: 661.6 photon_theta: 2.89774 photon_phi: 4.97456
traject_len: 5.14233
pe_len: 17.8273 cs_len: 2.1772
---
front: 0, 0, 2.5
side: 0, 0, 0
front only
else
else
front: 0, 0, 2.5
side: 0, 0, 0
front only
front: 0, 0, 2.5
side: 0, 0, 0
front only
else
else
else
front: 0, 0, 2.5
side: 0, 0, 0
front only
front: 0, 0.319991, 2.5
back: 0, 0.959974, 7.5
front back
photon_ene: 661.6 photon_theta: 3.01417 photon_phi: 4.75628
traject_len: 5.04079
pe_len: 21.6487 cs_len: 0.0200513
---
else
else
front: 0, 0, 2.5
side: 0, 0, 0
front only
front: 0.232953, 1.27978, 2.5
side: 0, 0, 0
front only
front: 0.866928, 2.02067, 2.5
side: 0, 0, 0
front only
else
else
else
front: 1.34957, 0.928818, 2.5
side: 0, 0, 0
front only
else
front: 0, 2.24609, 2.5
side: 0, 0, 0
front only
else
front: 0, 0, 2.5
side: 0, 0, 0
front only
else
front: 1.10378, 0, 2.5
side: 0, 0, 0
front only
front: 2.26409, 0.373969, 2.5
side: 0, 0, 0
front only
else
front: 0.603306, 1.58397, 2.5
side: 0, 0, 0
front only
else
else
front: 0, 0.29483, 2.5
side: 0, 0, 0
front only
else
else
front: 0, 0, 2.5
side: 0, 0, 0
front only
else
else
else
front: 0, 0, 2.5
side: 0, 0, 0
front only
else
front: 2.24219, 0, 2.5
side: 0, 0, 0
front only
front: 0.15768, 1.7405, 2.5
side: 0, 0, 0
front only
else
front: 0.890108, 0.0343789, 2.5
side: 0, 0, 0
front only
else
else
else
else
front: 0.339386, 0, 2.5
side: 0, 0, 0
front only
front: 0, 0.494209, 2.5
side: 0, 0, 0
front only
else
else
else
front: 0.955166, 0.611017, 2.5
side: 0, 0, 0
front only
else
else
front: 0, 1.3874, 2.5
side: 0, 0, 0
front only
else
front: 1.35711, 0.742923, 2.5
side: 0, 0, 0
front only
else
front: 0, 1.19961, 2.5
side: 0, 0, 0
front only
else
else
else
else
front: 0.440534, 1.80545, 2.5
side: 0, 0, 0
front only
else
else
else
else
else
else
else
else
else
else
else
else
else
else
else
else
else
else
else
else
else
front: 0, 0.673694, 2.5
side: 0, 0, 0
front only
else
else
else
else
else
else
else
else
else
else
front: 0.154003, 0.930749, 2.5
side: 0, 0, 0
front only
else
front: 0, 0.66419, 2.5
side: 0, 0, 0
front only
else
else
else
front: 0.809477, 1.38651, 2.5
side: 0, 0, 0
front only
else
front: 0.982767, 0.345642, 2.5
side: 0, 0, 0
front only
else
else
else
else
front: 0, 0, 2.5
side: 0, 0, 0
front only
else
front: 0, 0.246239, 2.5
back: 0, 0.738717, 7.5
front back
photon_ene: 661.6 photon_theta: 3.03515 photon_phi: 5.11038
traject_len: 5.02419
pe_len: 2.68892 cs_len: 1.53447
---
else
else
else
else
else
else
else
else
else
front: 0, 0, 2.5
side: 0, 0, 0
front only
front: 2.13985, 0, 2.5
side: 0, 0, 0
front only
else
else
else
else
else
else
else
else
else
front: 1.63314, 0.84117, 2.5
side: 0, 0, 0
front only
front: 0, 0.206913, 2.5
back: 0, 0.62074, 7.5
front back
photon_ene: 661.6 photon_theta: 0.0828089 photon_phi: 1.64581
traject_len: 5.0171
pe_len: 17.9253 cs_len: 1.09399
---
else
else
else
else
else
else
else
else
else
else
else
front: 1.63243, 0.607158, 2.5
side: 0, 0, 0
front only
else
else
else
else
else
front: 0, 0, 2.5
side: 0, 0, 0
front only
else
else
front: 0, 0, 2.5
side: 0, 0, 0
front only
front: 0, 0, 2.5
side: 0, 0, 0
front only
else
else
else
else
front: 0, 0, 2.5
side: 0, 0, 0
front only
front: 0, 0, 2.5
side: 0, 0, 0
front only
else
else
else
else
front: 1.11839, 1.65982, 2.5
side: 0, 0, 0
front only
else
else
front: 0, 0, 2.5
side: 0, 0, 0
front only
front: 1.68529, 0, 2.5
side: 0, 0, 0
front only
else
else
else
front: 1.49, 0, 2.5
side: 0, 0, 0
front only
else
else
front: 0.141528, 0, 2.5
back: 0.424584, 0, 7.5
front back
photon_ene: 661.6 photon_theta: 0.293579 photon_phi: 4.90076
traject_len: 5.00801
pe_len: 26.2762 cs_len: 1.81529
---
else
else
else
else
front: 1.50754, 1.68068, 2.5
side: 0, 0, 0
front only
else
else
else
else
else
else
else
else
else
else
else
else
front: 0.350311, 0, 2.5
back: 1.05093, 0, 7.5
front back
photon_ene: 661.6 photon_theta: 2.9672 photon_phi: 2.49034
traject_len: 5.04885
pe_len: 9.54644 cs_len: 2.58559
---
else
front: 0, 0, 2.5
side: 0, 0, 0
front only
else
else
else
else
else
else
front: 0, 0, 2.5
side: 0, 0, 0
front only
else
front: 1.11317, 0, 2.5
side: 0, 0, 0
front only
else
else
front: 0, 0, 2.5
side: 0, 0, 0
front only
front: 0, 0, 2.5
side: 0, 0, 0
front only
else
else
else
else
front: 0, 0.735154, 2.5
side: 0, 0, 0
front only
front: 2.41004, 0, 2.5
side: 0, 0, 0
front only
else
else
else
else
front: 1.70546, 0, 2.5
side: 0, 0, 0
front only
front: 0, 1.5599, 2.5
side: 0, 0, 0
front only
else
else
else
else
front: 1.65335, 0, 2.5
side: 0, 0, 0
front only
else
else
else
front: 0, 1.16212, 2.5
side: 0, 0, 0
front only
else
else
else
else
else
else
else
else
front: 0, 0, 2.5
back: 0, 0, 7.5
front back
photon_ene: 661.6 photon_theta: 2.89004 photon_phi: 1.2011
traject_len: 5
pe_len: 2.93223 cs_len: 3.15678
---
else
else
front: 0.107654, 2.0817, 2.5
side: 0, 0, 0
front only
else
else
else
else
else
else
front: 0.585814, 0.857644, 2.5
side: 0, 0, 0
front only
else
else
else
else
else
else
front: 0, 0.531274, 2.5
back: 0, 1.59382, 7.5
front back
photon_ene: 661.6 photon_theta: 2.82597 photon_phi: 5.57456
traject_len: 5.11165
pe_len: 22.2829 cs_len: 3.72479
---
else
front: 0.544275, 0, 2.5
side: 0, 0, 0
front only
front: 0, 0.676779, 2.5
side: 0, 0, 0
front only
front: 0, 0, 2.5
side: 0, 0, 0
front only
else
else
else
else
else
front: 0.571194, 0.0804038, 2.5
back: 1.71358, 0.241211, 7.5
front back
photon_ene: 661.6 photon_theta: 2.91483 photon_phi: 3.28144
traject_len: 5.13137
pe_len: 43.4349 cs_len: 2.71843
---
front: 0.991076, 0, 2.5
side: 0, 0, 0
front only
else
else
else
else
else
front: 0, 0.13275, 2.5
back: 0, 0.398251, 7.5
front back
photon_ene: 661.6 photon_theta: 0.209048 photon_phi: 2.8886
traject_len: 5.00704
pe_len: 0.851674 cs_len: 5.58291
---
else
else
else
else
else
else
else
front: 1.07366, 1.42015, 2.5
side: 0, 0, 0
front only
else
else
else
else
else
else
else
else
else
front: 1.16168, 0, 2.5
side: 0, 0, 0
front only
front: 0, 0, 2.5
side: 0, 0, 0
front only
else
else
front: 0, 0.00433328, 2.5
side: 0, 0, 0
front only
front: 0, 0, 2.5
side: 0, 0, 0
front only
else
else
else
else
else
front: 1.80095, 1.71559, 2.5
side: 0, 0, 0
front only
front: 0, 0, 2.5
side: 0, 0, 0
front only
else
front: 0.349338, 0, 2.5
back: 1.04801, 0, 7.5
front back
photon_ene: 661.6 photon_theta: 0.304676 photon_phi: 5.17284
traject_len: 5.04858
pe_len: 42.3247 cs_len: 4.76507
---
else
else
else
else
else
else
else
front: 0, 0.577442, 2.5
back: 0, 1.73233, 7.5
front back
photon_ene: 661.6 photon_theta: 0.279625 photon_phi: 2.20696
traject_len: 5.13164
pe_len: 22.1996 cs_len: 12.5241
---
else
front: 0.787427, 0.457399, 2.5
side: 0, 0, 0
front only
else
else
else
else
else
else
else
front: 0, 1.87175, 2.5
side: 0, 0, 0
front only
front: 1.17615, 1.03555, 2.5
side: 0, 0, 0
front only
else
front: 0, 0.229111, 2.5
back: 0, 0.687333, 7.5
front back
photon_ene: 661.6 photon_theta: 0.299011 photon_phi: 2.83973
traject_len: 5.02095
pe_len: 56.7009 cs_len: 1.10757
---
else
else
else
front: 1.5428, 0, 2.5
side: 0, 0, 0
front only
else
else
else
front: 0, 0, 2.5
side: 0, 0, 0
front only
else
front: 0, 0, 2.5
side: 0, 0, 0
front only
else
else
else
front: 0, 1.71972, 2.5
side: 0, 0, 0
front only
else
front: 0.488877, 0, 2.5
back: 1.46663, 0, 7.5
front back
photon_ene: 661.6 photon_theta: 2.94224 photon_phi: 2.88748
traject_len: 5.0947
pe_len: 53.3606 cs_len: 12.4017
---
else
else
else
else
else
else
else
else
else
else
front: 0, 0, 2.5
side: 0, 0, 0
front only
else
else
else
else
else
front: 0.216826, 0.607937, 2.5
back: 0.650478, 1.82381, 7.5
front back
photon_ene: 661.6 photon_theta: 0.252661 photon_phi: 1.2282
traject_len: 5.16395
pe_len: 5.50727 cs_len: 2.32863
---
front: 0.343833, 0, 2.5
side: 0, 0, 0
front only
front: 0, 0, 2.5
side: 0, 0, 0
front only
else
front: 0.395351, 1.56575, 2.5
side: 0, 0, 0
front only
else
front: 0, 1.70061, 2.5
side: 0, 0, 0
front only
else
front: 1.16097, 0, 2.5
side: 0, 0, 0
front only
front: 0, 0, 2.5
side: 0, 0, 0
front only
else
else
front: 0, 0, 2.5
side: 0, 0, 0
front only
else
front: 0, 0.455671, 2.5
back: 0, 1.36701, 7.5
front back
photon_ene: 661.6 photon_theta: 0.183677 photon_phi: 1.76529
traject_len: 5.08238
pe_len: 72.9544 cs_len: 1.49458
---
else
else
else
front: 0, 0, 2.5
side: 0, 0, 0
front only
front: 2.37436, 0.716411, 2.5
side: 0, 0, 0
front only
else
else
front: 0.709518, 0, 2.5
back: 2.12855, 0, 7.5
front back
photon_ene: 661.6 photon_theta: 0.286633 photon_phi: 6.00985
traject_len: 5.19747
pe_len: 20.2409 cs_len: 2.63065
---
front: 1.05638, 0, 2.5
side: 0, 0, 0
front only
else
else
else
else
else
else
else
else
else
else
else
else
else
else
else
else
else
else
front: 1.27556, 0, 2.5
side: 0, 0, 0
front only
else
front: 0, 0, 2.5
side: 0, 0, 0
front only
front: 0.228628, 0, 2.5
side: 0, 0, 0
front only
front: 0.0661129, 0, 2.5
back: 0.198339, 0, 7.5
front back
photon_ene: 661.6 photon_theta: 0.205237 photon_phi: 4.83977
traject_len: 5.00175
pe_len: 0.0571446 cs_len: 1.58543
---
else
else
else
else
front: 0.439809, 0.2072, 2.5
back: 1.31943, 0.621601, 7.5
front back
photon_ene: 661.6 photon_theta: 0.192072 photon_phi: 0.440273
traject_len: 5.09367
pe_len: 26.1988 cs_len: 0.850895
---
else
else
else
else
else
else
front: 0, 0.459701, 2.5
side: 0, 0, 0
front only
else
else
else
else
else
else
front: 1.5357, 1.93854, 2.5
side: 0, 0, 0
front only
front: 0.517915, 0.769898, 2.5
side: 0, 0, 0
front only
front: 2.06695, 0, 2.5
side: 0, 0, 0
front only
else
else
else
else
else
front: 0.975398, 0, 2.5
side: 0, 0, 0
front only
else
else
else
front: 0, 0, 2.5
back: 0, 0, 7.5
front back
photon_ene: 661.6 photon_theta: 2.83447 photon_phi: 0.32037
traject_len: 5
pe_len: 53.8107 cs_len: 2.77565
---
else
front: 0, 0, 2.5
back: 0, 0, 7.5
front back
photon_ene: 661.6 photon_theta: 0.27835 photon_phi: 3.56795
traject_len: 5
pe_len: 12.3783 cs_len: 1.3094
---
front: 0, 0, 2.5
side: 0, 0, 0
front only
else
else
front: 1.68283, 0, 2.5
side: 0, 0, 0
front only
else
front: 0, 1.12288, 2.5
side: 0, 0, 0
front only
else
else
else
else
else
else
else
else
else
else
else
front: 0, 0.799473, 2.5
side: 0, 0, 0
front only
front: 0.0728904, 0, 2.5
side: 0, 0, 0
front only
front: 0, 1.28239, 2.5
side: 0, 0, 0
front only
else
else
else
else
else
front: 0, 0.295537, 2.5
back: 0, 0.886612, 7.5
front back
photon_ene: 661.6 photon_theta: 0.293961 photon_phi: 2.74042
traject_len: 5.03482
pe_len: 52.6441 cs_len: 2.78581
---
else
front: 0.712758, 0.896284, 2.5
side: 0, 0, 0
front only
else
front: 1.16996, 0, 2.5
side: 0, 0, 0
front only
front: 0.41677, 0, 2.5
side: 0, 0, 0
front only
else
else
else
front: 1.3535, 0, 2.5
side: 0, 0, 0
front only
else
front: 0.522373, 1.10504, 2.5
side: 0, 0, 0
front only
else
else
else
front: 0, 1.10837, 2.5
side: 0, 0, 0
front only
else
else
else
else
else
front: 0, 0, 2.5
back: 0, 0, 7.5
front back
photon_ene: 661.6 photon_theta: 3.01494 photon_phi: 0.0706478
traject_len: 5
pe_len: 4.30978 cs_len: 4.22345
---
else
else
else
else
front: 0, 0, 2.5
side: 0, 0, 0
front only
else
front: 0, 1.09526, 2.5
side: 0, 0, 0
front only
front: 0, 0.596551, 2.5
side: 0, 0, 0
front only
else
else
else
front: 2.40694, 0.670071, 2.5
side: 0, 0, 0
front only
front: 0, 0, 2.5
side: 0, 0, 0
front only
front: 2.39497, 0, 2.5
side: 0, 0, 0
front only
front: 0, 0, 2.5
side: 0, 0, 0
front only
front: 0, 0.708254, 2.5
side: 0, 0, 0
front only
else
front: 0.73126, 0, 2.5
side: 0, 0, 0
front only
else
else
front: 1.83213, 0, 2.5
side: 0, 0, 0
front only
front: 0, 0.895616, 2.5
side: 0, 0, 0
front only
front: 0, 0, 2.5
back: 0, 0, 7.5
front back
photon_ene: 661.6 photon_theta: 2.91512 photon_phi: 0.88159
traject_len: 5
pe_len: 49.8475 cs_len: 7.12752
---
front: 0.458689, 0, 2.5
side: 0, 0, 0
front only
else
else
front: 0.500958, 0, 2.5
back: 1.50287, 0, 7.5
front back
photon_ene: 661.6 photon_theta: 0.234244 photon_phi: 5.7092
traject_len: 5.0994
pe_len: 16.2907 cs_len: 4.60074
---
else
else
front: 2.00458, 0, 2.5
side: 0, 0, 0
front only
else
else
else
else
front: 0, 1.624, 2.5
side: 0, 0, 0
front only
front: 0.0744005, 1.6067, 2.5
side: 0, 0, 0
front only
else
else
else
else
else
front: 1.62854, 1.2645, 2.5
side: 0, 0, 0
front only
else
else
else
front: 0.314247, 1.22044, 2.5
side: 0, 0, 0
front only
front: 0, 0.941375, 2.5
side: 0, 0, 0
front only
else
front: 1.00205, 0, 2.5
side: 0, 0, 0
front only
else
front: 0, 0, 2.5
side: 0, 0, 0
front only
front: 0.827235, 0, 2.5
side: 0, 0, 0
front only
front: 0.320304, 0.263047, 2.5
back: 0.960913, 0.78914, 7.5
front back
photon_ene: 661.6 photon_theta: 0.164295 photon_phi: 0.687558
traject_len: 5.06825
pe_len: 16.9889 cs_len: 0.384468
---
front: 0.522294, 0, 2.5
side: 0, 0, 0
front only
else
else
else
else
else
else
else
else
else
else
else
else
else
front: 0, 1.21349, 2.5
side: 0, 0, 0
front only
front: 0.368396, 0.289963, 2.5
back: 1.10519, 0.869889, 7.5
front back
photon_ene: 661.6 photon_theta: 0.185376 photon_phi: 0.666823
traject_len: 5.08716
pe_len: 56.0634 cs_len: 1.04423
---
else
else
else
front: 0, 1.19879, 2.5
side: 0, 0, 0
front only
else
front: 0.591569, 0, 2.5
back: 1.77471, 0, 7.5
front back
photon_ene: 661.6 photon_theta: 2.86977 photon_phi: 2.58487
traject_len: 5.13808
pe_len: 29.6999 cs_len: 12.1512
---
else
front: 0, 0, 2.5
side: 0, 0, 0
front only
else
front: 0, 0, 2.5
side: 0, 0, 0
front only
front: 0.151144, 0, 2.5
side: 0, 0, 0
front only
else
front: 0, 1.0493, 2.5
side: 0, 0, 0
front only
else
else
else
front: 0, 0.501315, 2.5
side: 0, 0, 0
front only
else
else
else
else
else
else
else
else
else
else
else
else
else
front: 0, 0, 2.5
side: 0, 0, 0
front only
else
front: 1.22459, 1.28101, 2.5
side: 0, 0, 0
front only
front: 1.78945, 1.69, 2.5
side: 0, 0, 0
front only
front: 0, 0.400205, 2.5
side: 0, 0, 0
front only
front: 0, 0, 2.5
side: 0, 0, 0
front only
front: 0, 1.79915, 2.5
side: 0, 0, 0
front only
front: 0.0936489, 0, 2.5
back: 0.280947, 0, 7.5
front back
photon_ene: 661.6 photon_theta: 3.08097 photon_phi: 2.23586
traject_len: 5.00351
pe_len: 17.1478 cs_len: 1.91516
---
else
front: 0, 0, 2.5
back: 0, 0, 7.5
front back
photon_ene: 661.6 photon_theta: 2.87551 photon_phi: 0.622192
traject_len: 5
pe_len: 161.528 cs_len: 2.78381
---
front: 0, 1.04066, 2.5
side: 0, 0, 0
front only
else
else
front: 0.312132, 2.10987, 2.5
side: 0, 0, 0
front only
front: 0.413803, 0, 2.5
side: 0, 0, 0
front only
else
front: 1.02598, 1.65373, 2.5
side: 0, 0, 0
front only
front: 0.121666, 0.527066, 2.5
back: 0.364997, 1.5812, 7.5
front back
photon_ene: 661.6 photon_theta: 0.213086 photon_phi: 1.34393
traject_len: 5.1157
pe_len: 29.1302 cs_len: 7.61894
---
front: 0.793916, 0.425619, 2.5
side: 0, 0, 0
front only
else
else
else
else
front: 2.24095, 0.624363, 2.5
side: 0, 0, 0
front only
else
else
front: 1.72813, 0.157008, 2.5
side: 0, 0, 0
front only
front: 1.15957, 0, 2.5
side: 0, 0, 0
front only
else
front: 0.2837, 0, 2.5
back: 0.851101, 0, 7.5
front back
photon_ene: 661.6 photon_theta: 2.92373 photon_phi: 2.10902
traject_len: 5.03209
pe_len: 145.237 cs_len: 1.90224
---
else
front: 2.4226, 0.220533, 2.5
side: 0, 0, 0
front only
front: 1.79115, 1.35376, 2.5
side: 0, 0, 0
front only
else
else
else
else
else
front: 0, 1.38333, 2.5
side: 0, 0, 0
front only
else
else
else
front: 0.754463, 0, 2.5
side: 0, 0, 0
front only
front: 1.61882, 0, 2.5
side: 0, 0, 0
front only
else
else
else
front: 2.04005, 0, 2.5
side: 0, 0, 0
front only
front: 0.902399, 0, 2.5
side: 0, 0, 0
front only
else
else
else
else
else
else
else
else
front: 0, 0, 2.5
side: 0, 0, 0
front only
else
else
front: 0.693474, 0, 2.5
side: 0, 0, 0
front only
else
else
else
else
else
else
front: 0, 0, 2.5
back: 0, 0, 7.5
front back
photon_ene: 661.6 photon_theta: 0.319624 photon_phi: 3.83165
traject_len: 5
pe_len: 82.8073 cs_len: 5.38186
---
front: 0, 0.0462284, 2.5
back: 0, 0.138685, 7.5
front back
photon_ene: 661.6 photon_theta: 0.297541 photon_phi: 3.08125
traject_len: 5.00085
pe_len: 7.69091 cs_len: 1.26155
---
else
else
else
else
else
else
else
else
else
else
else
front: 0, 0, 2.5
side: 0, 0, 0
front only
else
else
else
front: 0, 0, 2.5
side: 0, 0, 0
front only
else
else
else
front: 0, 1.41352, 2.5
side: 0, 0, 0
front only
else
else
else
else
else
front: 0, 1.27332, 2.5
side: 0, 0, 0
front only
else
front: 0, 0.415528, 2.5
back: 0, 1.24658, 7.5
front back
photon_ene: 661.6 photon_theta: 0.230374 photon_phi: 2.35397
traject_len: 5.06859
pe_len: 76.2736 cs_len: 1.54936
---
else
else
front: 0.320404, 0, 2.5
back: 0.961213, 0, 7.5
front back
photon_ene: 661.6 photon_theta: 2.84109 photon_phi: 1.99717
traject_len: 5.0409
pe_len: 2.87316 cs_len: 0.452284
---
else
else
front: 2.35174, 0.479289, 2.5
side: 0, 0, 0
front only
else
else
else
else
else
front: 0.403239, 0, 2.5
side: 0, 0, 0
front only
else
else
else
else
front: 0, 0, 2.5
side: 0, 0, 0
front only
else
else
else
else
front: 0, 0, 2.5
side: 0, 0, 0
front only
else
front: 0.976616, 0.394687, 2.5
side: 0, 0, 0
front only
else
front: 0, 0, 2.5
side: 0, 0, 0
front only
else
else
else
else
front: 0.183179, 0.709529, 2.5
back: 0.549537, 2.12859, 7.5
front back
photon_ene: 661.6 photon_theta: 0.28513 photon_phi: 1.31814
traject_len: 5.21037
pe_len: 0.552641 cs_len: 5.19636
---
front: 1.10684, 0, 2.5
side: 0, 0, 0
front only
else
else
else
else
else
else
else
front: 1.70875, 0, 2.5
side: 0, 0, 0
front only
front: 0, 0, 2.5
side: 0, 0, 0
front only
else
front: 0.550279, 0, 2.5
side: 0, 0, 0
front only
else
else
else
else
else
else
else
else
else
else
front: 0, 0, 2.5
side: 0, 0, 0
front only
else
else
front: 0, 0, 2.5
side: 0, 0, 0
front only
else
front: 0, 0.337439, 2.5
back: 0, 1.01232, 7.5
front back
photon_ene: 661.6 photon_theta: 0.252156 photon_phi: 2.59018
traject_len: 5.04534
pe_len: 85.2456 cs_len: 1.01174
---
else
else
else
else
else
else
else
else
else
else
else
else
front: 0, 0, 2.5
side: 0, 0, 0
front only
else
else
else
else
else
else
else
else
front: 0, 2.12397, 2.5
side: 0, 0, 0
front only
else
front: 1.83059, 0, 2.5
side: 0, 0, 0
front only
front: 0, 0.323494, 2.5
side: 0, 0, 0
front only
else
front: 0, 2.2193, 2.5
side: 0, 0, 0
front only
else
else
else
else
else
else
front: 0.749434, 0, 2.5
side: 0, 0, 0
front only
else
front: 0, 0.0945363, 2.5
side: 0, 0, 0
front only
else
else
front: 0, 0.174983, 2.5
back: 0, 0.524948, 7.5
front back
photon_ene: 661.6 photon_theta: 2.82396 photon_phi: 6.06865
traject_len: 5.01223
pe_len: 12.6038 cs_len: 7.35783
---
else
else
front: 0.211173, 0, 2.5
side: 0, 0, 0
front only
else
else
else
else
else
else
front: 0, 0, 2.5
side: 0, 0, 0
front only
else
front: 0, 0.77378, 2.5
side: 0, 0, 0
front only
front: 0.145347, 0, 2.5
side: 0, 0, 0
front only
else
else
else
else
front: 0, 2.15774, 2.5
side: 0, 0, 0
front only
else
front: 0, 0, 2.5
side: 0, 0, 0
front only
else
front: 0, 0.317397, 2.5
back: 0, 0.95219, 7.5
front back
photon_ene: 661.6 photon_theta: 2.95597 photon_phi: 5.54072
traject_len: 5.04014
pe_len: 12.9632 cs_len: 2.0718
---
else
else
front: 0, 0, 2.5
side: 0, 0, 0
front only
front: 0, 1.00591, 2.5
side: 0, 0, 0
front only
front: 0, 1.49041, 2.5
side: 0, 0, 0
front only
else
else
front: 0, 0.944014, 2.5
side: 0, 0, 0
front only
front: 0.0620256, 0.49605, 2.5
back: 0.186077, 1.48815, 7.5
front back
photon_ene: 661.6 photon_theta: 2.94423 photon_phi: 4.588
traject_len: 5.09899
pe_len: 105.991 cs_len: 3.28056
---
front: 0, 1.68428, 2.5
side: 0, 0, 0
front only
front: 0.618279, 0, 2.5
back: 1.85484, 0, 7.5
front back
photon_ene: 661.6 photon_theta: 0.243271 photon_phi: 6.19921
traject_len: 5.15064
pe_len: 14.9116 cs_len: 6.51643
---
front: 0, 0, 2.5
side: 0, 0, 0
front only
front: 1.85814, 0, 2.5
side: 0, 0, 0
front only
else
else
else
front: 2.12925, 0, 2.5
side: 0, 0, 0
front only
else
else
else
else
else
else
front: 0, 0.35841, 2.5
side: 0, 0, 0
front only
front: 0, 0, 2.5
side: 0, 0, 0
front only
else
else
else
else
front: 1.9233, 1.15977, 2.5
side: 0, 0, 0
front only
else
else
front: 0.569591, 0.611981, 2.5
side: 0, 0, 0
front only
else
front: 0, 0, 2.5
side: 0, 0, 0
front only
else
else
front: 0, 0, 2.5
side: 0, 0, 0
front only
front: 0.607621, 0, 2.5
side: 0, 0, 0
front only
else
else
else
else
front: 0.458061, 0, 2.5
side: 0, 0, 0
front only
else
else
else
else
else
front: 1.60117, 0.154344, 2.5
side: 0, 0, 0
front only
else
else
else
else
else
front: 1.24952, 2.05389, 2.5
side: 0, 0, 0
front only
front: 0, 0, 2.5
side: 0, 0, 0
front only
front: 0.150256, 0, 2.5
side: 0, 0, 0
front only
else
front: 0, 0.090476, 2.5
side: 0, 0, 0
front only
else
else
else
else
front: 1.32578, 0.9515, 2.5
side: 0, 0, 0
front only
front: 0.909315, 0, 2.5
side: 0, 0, 0
front only
else
else
else
front: 0.639086, 0, 2.5
side: 0, 0, 0
front only
front: 0.260523, 1.48323, 2.5
side: 0, 0, 0
front only
else
else
front: 0, 0, 2.5
side: 0, 0, 0
front only
else
front: 0.168824, 0, 2.5
side: 0, 0, 0
front only
front: 1.14135, 1.85022, 2.5
side: 0, 0, 0
front only
else
else
else
front: 0.82785, 0, 2.5
side: 0, 0, 0
front only
else
front: 2.29041, 0, 2.5
side: 0, 0, 0
front only
else
else
else
else
else
else
else
else
else
front: 1.08778, 0, 2.5
side: 0, 0, 0
front only
front: 1.58871, 0.310284, 2.5
side: 0, 0, 0
front only
front: 0, 0.238452, 2.5
back: 0, 0.715357, 7.5
front back
photon_ene: 661.6 photon_theta: 0.171835 photon_phi: 2.55971
traject_len: 5.02269
pe_len: 1.76688 cs_len: 3.56861
---
else
front: 0.704199, 0, 2.5
side: 0, 0, 0
front only
else
else
else
else
else
else
front: 1.06307, 0, 2.5
side: 0, 0, 0
front only
front: 0, 1.07414, 2.5
side: 0, 0, 0
front only
else
front: 0, 0, 2.5
side: 0, 0, 0
front only
else
front: 0, 0, 2.5
side: 0, 0, 0
front only
front: 0, 0, 2.5
side: 0, 0, 0
front only
else
else
else
else
else
front: 0.668808, 0, 2.5
side: 0, 0, 0
front only
else
else
front: 0, 1.41601, 2.5
side: 0, 0, 0
front only
else
front: 0, 0, 2.5
side: 0, 0, 0
front only
else
else
else
else
else
else
front: 1.58039, 0, 2.5
side: 0, 0, 0
front only
else
else
else
else
else
else
else
else
else
else
else
front: 1.4315, 0, 2.5
side: 0, 0, 0
front only
else
else
front: 0, 0, 2.5
back: 0, 0, 7.5
front back
photon_ene: 661.6 photon_theta: 2.90653 photon_phi: 1.27384
traject_len: 5
pe_len: 35.8589 cs_len: 4.47947
---
else
front: 0.345643, 0, 2.5
side: 0, 0, 0
front only
else
else
else
else
front: 0.651838, 0, 2.5
back: 1.95551, 0, 7.5
front back
photon_ene: 661.6 photon_theta: 0.255137 photon_phi: 6.25753
traject_len: 5.16716
pe_len: 18.5648 cs_len: 0.408624
---
front: 0, 1.0335, 2.5
side: 0, 0, 0
front only
front: 1.92611, 0, 2.5
side: 0, 0, 0
front only
else
else
front: 0.7968, 1.0408, 2.5
side: 0, 0, 0
front only
else
else
front: 0.541289, 0, 2.5
side: 0, 0, 0
front only
else
else
front: 1.49014, 1.66538, 2.5
side: 0, 0, 0
front only
else
else
else
else
front: 0.174996, 2.1928, 2.5
side: 0, 0, 0
front only
front: 1.47065, 0, 2.5
side: 0, 0, 0
front only
else
front: 2.15449, 0, 2.5
side: 0, 0, 0
front only
else
else
else
else
front: 0, 0.0387704, 2.5
back: 0, 0.116311, 7.5
front back
photon_ene: 661.6 photon_theta: 2.85907 photon_phi: 6.22974
traject_len: 5.0006
pe_len: 57.6895 cs_len: 3.20251
---
front: 0.381698, 0, 2.5
side: 0, 0, 0
front only
else
else
front: 0, 0, 2.5
side: 0, 0, 0
front only
else
else
front: 0.0655675, 0, 2.5
side: 0, 0, 0
front only
else
else
else
else
else
else
front: 0, 1.28056, 2.5
side: 0, 0, 0
front only
front: 0.811942, 1.46696, 2.5
side: 0, 0, 0
front only
else
else
front: 0.121403, 0, 2.5
side: 0, 0, 0
front only
else
front: 0, 1.67385, 2.5
side: 0, 0, 0
front only
else
else
front: 0, 2.09179, 2.5
side: 0, 0, 0
front only
else
else
else
else
else
front: 0, 0, 2.5
side: 0, 0, 0
front only
else
else
else
front: 0, 0, 2.5
side: 0, 0, 0
front only
else
else
else
else
else
else
front: 0, 0.216123, 2.5
side: 0, 0, 0
front only
else
else
else
front: 0, 1.39458, 2.5
side: 0, 0, 0
front only
front: 1.78711, 0.585804, 2.5
side: 0, 0, 0
front only
front: 0, 1.34265, 2.5
side: 0, 0, 0
front only
else
else
else
else
else
front: 1.13334, 0, 2.5
side: 0, 0, 0
front only
else
else
else
else
else
front: 0, 1.31685, 2.5
side: 0, 0, 0
front only
else
else
front: 0, 0.221011, 2.5
side: 0, 0, 0
front only
front: 0, 0, 2.5
side: 0, 0, 0
front only
else
else
else
front: 0.552197, 0.37394, 2.5
back: 1.65659, 1.12182, 7.5
front back
photon_ene: 661.6 photon_theta: 0.260689 photon_phi: 0.59525
traject_len: 5.17484
pe_len: 26.9281 cs_len: 2.16306
---
front: 1.18342, 1.28388, 2.5
side: 0, 0, 0
front only
else
front: 0, 0.524806, 2.5
back: 0, 1.57442, 7.5
front back
photon_ene: 661.6 photon_theta: 2.92604 photon_phi: 5.00059
traject_len: 5.10898
pe_len: 17.9827 cs_len: 2.96418
---
front: 1.76167, 0.989896, 2.5
side: 0, 0, 0
front only
front: 1.41167, 0, 2.5
side: 0, 0, 0
front only
front: 1.45799, 0.358502, 2.5
side: 0, 0, 0
front only
else
else
else
front: 0, 0, 2.5
side: 0, 0, 0
front only
else
front: 0, 0.264191, 2.5
side: 0, 0, 0
front only
else
else
else
else
else
else
front: 0.444998, 0, 2.5
side: 0, 0, 0
front only
else
else
front: 0.637531, 0, 2.5
side: 0, 0, 0
front only
else
else
else
front: 0.56317, 1.85888, 2.5
side: 0, 0, 0
front only
else
else
else
else
else
else
else
else
else
else
else
else
else
else
else
else
front: 0.189654, 0.00571932, 2.5
back: 0.568961, 0.017158, 7.5
front back
photon_ene: 661.6 photon_theta: 0.0757507 photon_phi: 0.0301475
traject_len: 5.01438
pe_len: 3.91259 cs_len: 7.96807
---
front: 1.85975, 0, 2.5
side: 0, 0, 0
front only
else
else
else
else
else
else
else
else
front: 0.624218, 0.701836, 2.5
side: 0, 0, 0
front only
else
else
else
else
else
front: 1.42485, 0.551685, 2.5
side: 0, 0, 0
front only
front: 0, 0, 2.5
back: 0, 0, 7.5
front back
photon_ene: 661.6 photon_theta: 0.152878 photon_phi: 3.53557
traject_len: 5
pe_len: 11.8201 cs_len: 10.1342
---
else
front: 1.28057, 0, 2.5
side: 0, 0, 0
front only
else
else
else
else
else
else
front: 1.29432, 0, 2.5
side: 0, 0, 0
front only
else
else
front: 0.204479, 0, 2.5
side: 0, 0, 0
front only
front: 0.0384795, 0, 2.5
back: 0.115439, 0, 7.5
front back
photon_ene: 661.6 photon_theta: 2.91522 photon_phi: 1.63767
traject_len: 5.00059
pe_len: 105.512 cs_len: 2.55256
---
else
else
else
front: 0, 0, 2.5
side: 0, 0, 0
front only
front: 1.44777, 0, 2.5
side: 0, 0, 0
front only
front: 0, 1.32854, 2.5
side: 0, 0, 0
front only
else
front: 0, 1.57141, 2.5
side: 0, 0, 0
front only
else
else
else
else
else
else
else
else
else
else
front: 0.402538, 0.98566, 2.5
side: 0, 0, 0
front only
else
front: 0, 0, 2.5
side: 0, 0, 0
front only
else
else
else
else
else
else
else
else
front: 2.36418, 0, 2.5
side: 0, 0, 0
front only
else
else
else
front: 1.26631, 1.50722, 2.5
side: 0, 0, 0
front only
front: 0, 0, 2.5
back: 0, 0, 7.5
front back
photon_ene: 661.6 photon_theta: 2.86433 photon_phi: 0.408404
traject_len: 5
pe_len: 12.6071 cs_len: 3.67382
---
else
else
front: 0, 1.84477, 2.5
side: 0, 0, 0
front only
front: 0, 0.608656, 2.5
side: 0, 0, 0
front only
front: 0, 0.622782, 2.5
back: 0, 1.86835, 7.5
front back
photon_ene: 661.6 photon_theta: 2.88035 photon_phi: 5.08393
traject_len: 5.15281
pe_len: 16.6152 cs_len: 1.82494
---
else
else
front: 0.271978, 0, 2.5
side: 0, 0, 0
front only
else
front: 0, 0.822928, 2.5
side: 0, 0, 0
front only
else
else
else
else
else
front: 0, 1.87856, 2.5
side: 0, 0, 0
front only
else
else
else
front: 0, 1.12821, 2.5
side: 0, 0, 0
front only
front: 1.98287, 0, 2.5
side: 0, 0, 0
front only
front: 0, 0.120342, 2.5
side: 0, 0, 0
front only
else
else
else
else
else
else
else
else
else
else
else
else
else
front: 0.782481, 1.86735, 2.5
side: 0, 0, 0
front only
else
else
front: 0, 0, 2.5
side: 0, 0, 0
front only
else
front: 0, 0.194329, 2.5
side: 0, 0, 0
front only
else
else
else
else
front: 0, 1.042, 2.5
side: 0, 0, 0
front only
front: 0, 0.155375, 2.5
side: 0, 0, 0
front only
else
else
front: 1.21137, 1.74248, 2.5
side: 0, 0, 0
front only
else
else
front: 0, 1.18155, 2.5
side: 0, 0, 0
front only
else
front: 1.65518, 0, 2.5
side: 0, 0, 0
front only
else
front: 0, 1.27243, 2.5
side: 0, 0, 0
front only
else
front: 1.59374, 0, 2.5
side: 0, 0, 0
front only
else
else
else
else
front: 0, 0.582571, 2.5
side: 0, 0, 0
front only
else
else
front: 0.114675, 0, 2.5
side: 0, 0, 0
front only
else
else
front: 1.11947, 0, 2.5
side: 0, 0, 0
front only
front: 1.17334, 0.748542, 2.5
side: 0, 0, 0
front only
else
else
else
front: 0.63113, 0.473306, 2.5
back: 1.89339, 1.41992, 7.5
front back
photon_ene: 661.6 photon_theta: 0.305666 photon_phi: 0.643459
traject_len: 5.24303
pe_len: 36.4043 cs_len: 1.87132
---
else
front: 1.82192, 1.05575, 2.5
side: 0, 0, 0
front only
front: 0, 0, 2.5
back: 0, 0, 7.5
front back
photon_ene: 661.6 photon_theta: 2.92387 photon_phi: 0.555093
traject_len: 5
pe_len: 21.1499 cs_len: 1.71036
---
front: 0, 0.477866, 2.5
back: 0, 1.4336, 7.5
front back
photon_ene: 661.6 photon_theta: 0.282931 photon_phi: 2.42414
traject_len: 5.09052
pe_len: 25.4257 cs_len: 0.654859
---
else
else
else
front: 0.907187, 1.6505, 2.5
side: 0, 0, 0
front only
else
else
else
else
else
else
else
front: 1.31568, 0, 2.5
side: 0, 0, 0
front only
else
else
else
else
front: 0, 1.43031, 2.5
side: 0, 0, 0
front only
else
else
else
else
else
else
front: 0, 0, 2.5
side: 0, 0, 0
front only
else
else
else
front: 0, 1.57405, 2.5
side: 0, 0, 0
front only
else
else
front: 0, 0, 2.5
side: 0, 0, 0
front only
front: 0, 1.00423, 2.5
side: 0, 0, 0
front only
front: 0, 0, 2.5
side: 0, 0, 0
front only
else
front: 0, 0.383879, 2.5
side: 0, 0, 0
front only
front: 0, 0.740226, 2.5
back: 0, 2.22068, 7.5
front back
photon_ene: 661.6 photon_theta: 0.29245 photon_phi: 1.75317
traject_len: 5.21457
pe_len: 123.515 cs_len: 4.09288
---
else
front: 0.919467, 0, 2.5
side: 0, 0, 0
front only
else
front: 0.692618, 0.226434, 2.5
back: 2.07785, 0.679303, 7.5
front back
photon_ene: 661.6 photon_theta: 0.283619 photon_phi: 0.315972
traject_len: 5.20807
pe_len: 33.5886 cs_len: 2.81645
---
else
else
front: 2.35856, 0, 2.5
side: 0, 0, 0
front only
front: 0, 0.141188, 2.5
side: 0, 0, 0
front only
else
else
else
front: 0, 0, 2.5
side: 0, 0, 0
front only
else
else
else
else
else
else
else
else
front: 0, 0, 2.5
side: 0, 0, 0
front only
else
else
else
else
else
else
else
front: 1.48596, 0, 2.5
side: 0, 0, 0
front only
else
else
else
front: 0.0728605, 0, 2.5
back: 0.218581, 0, 7.5
front back
photon_ene: 661.6 photon_theta: 2.84113 photon_phi: 1.665
traject_len: 5.00212
pe_len: 0.141125 cs_len: 1.25857
---
else
front: 0, 0, 2.5
side: 0, 0, 0
front only
front: 0, 1.80275, 2.5
side: 0, 0, 0
front only
else
else
else
else
else
else
front: 0.277566, 0, 2.5
back: 0.832697, 0, 7.5
front back
photon_ene: 661.6 photon_theta: 2.93213 photon_phi: 2.1203
traject_len: 5.03072
pe_len: 31.7442 cs_len: 11.2725
---
front: 0, 0.011907, 2.5
side: 0, 0, 0
front only
else
else
else
else
else
else
front: 1.46518, 0, 2.5
side: 0, 0, 0
front only
front: 0.495224, 0, 2.5
side: 0, 0, 0
front only
else
front: 0, 0.896385, 2.5
side: 0, 0, 0
front only
else
else
else
else
else
front: 0, 0.213384, 2.5
back: 0, 0.640153, 7.5
front back
photon_ene: 661.6 photon_theta: 0.0929973 photon_phi: 1.98569
traject_len: 5.01818
pe_len: 9.6496 cs_len: 5.2392
---
front: 0, 0.79884, 2.5
side: 0, 0, 0
front only
else
else
else
else
front: 0, 2.3707, 2.5
side: 0, 0, 0
front only
else
else
front: 1.03397, 0, 2.5
side: 0, 0, 0
front only
else
else
else
else
front: 0, 0, 2.5
side: 0, 0, 0
front only
front: 0, 1.09077, 2.5
side: 0, 0, 0
front only
front: 0.416805, 0.875378, 2.5
side: 0, 0, 0
front only
else
front: 0.32898, 0.130615, 2.5
back: 0.986939, 0.391844, 7.5
front back
photon_ene: 661.6 photon_theta: 3.00094 photon_phi: 3.51954
traject_len: 5.04987
pe_len: 16.0691 cs_len: 8.81419
---
else
front: 0, 0, 2.5
side: 0, 0, 0
front only
else
else
else
front: 0, 2.12792, 2.5
side: 0, 0, 0
front only
else
else
else
else
else
front: 0, 0, 2.5
side: 0, 0, 0
front only
else
else
else
else
else
front: 0, 1.14604, 2.5
side: 0, 0, 0
front only
else
else
front: 0, 1.99345, 2.5
side: 0, 0, 0
front only
else
else
else
else
front: 1.28679, 0, 2.5
side: 0, 0, 0
front only
else
else
front: 1.06879, 0, 2.5
side: 0, 0, 0
front only
else
front: 0.0716453, 0.424184, 2.5
back: 0.214936, 1.27255, 7.5
front back
photon_ene: 661.6 photon_theta: 0.170408 photon_phi: 1.40347
traject_len: 5.07349
pe_len: 65.6867 cs_len: 1.26173
---
front: 0, 0, 2.5
side: 0, 0, 0
front only
else
front: 0, 0, 2.5
side: 0, 0, 0
front only
else
front: 1.00205, 2.27499, 2.5
side: 0, 0, 0
front only
else
else
else
front: 1.27817, 0, 2.5
side: 0, 0, 0
front only
else
else
front: 0.992548, 0, 2.5
side: 0, 0, 0
front only
front: 0.207841, 2.4084, 2.5
side: 0, 0, 0
front only
else
else
else
else
front: 0.353838, 1.66512, 2.5
side: 0, 0, 0
front only
else
front: 2.03449, 0, 2.5
side: 0, 0, 0
front only
front: 0, 1.28788, 2.5
side: 0, 0, 0
front only
else
else
else
front: 2.14469, 0, 2.5
side: 0, 0, 0
front only
else
else
front: 0, 0, 2.5
side: 0, 0, 0
front only
else
else
else
front: 0.939312, 0, 2.5
side: 0, 0, 0
front only
else
front: 0, 0.699722, 2.5
back: 0, 2.09917, 7.5
front back
photon_ene: 661.6 photon_theta: 0.279679 photon_phi: 1.79702
traject_len: 5.19215
pe_len: 9.91131 cs_len: 7.5661
---
else
else
front: 0, 0, 2.5
back: 0, 0, 7.5
front back
photon_ene: 661.6 photon_theta: 2.88318 photon_phi: 0.947694
traject_len: 5
pe_len: 29.4341 cs_len: 0.814934
---
else
front: 0.467226, 1.76697, 2.5
side: 0, 0, 0
front only
else
front: 0.383922, 0, 2.5
side: 0, 0, 0
front only
front: 2.0826, 1.20842, 2.5
side: 0, 0, 0
front only
else
else
else
else
else
else
else
else
front: 0.38754, 0, 2.5
back: 1.16262, 0, 7.5
front back
photon_ene: 661.6 photon_theta: 0.154285 photon_phi: 6.20256
traject_len: 5.05972
pe_len: 44.1012 cs_len: 0.628514
---
else
front: 0.869851, 0.101016, 2.5
side: 0, 0, 0
front only
front: 0, 1.13846, 2.5
side: 0, 0, 0
front only
else
front: 1.16497, 2.19959, 2.5
side: 0, 0, 0
front only
else
else
else
else
else
else
else
else
else
else
else
front: 0.852353, 2.21758, 2.5
side: 0, 0, 0
front only
else
else
else
else
else
else
else
front: 0, 0, 2.5
back: 0, 0, 7.5
front back
photon_ene: 661.6 photon_theta: 0.156695 photon_phi: 3.94527
traject_len: 5
pe_len: 43.8927 cs_len: 1.87243
---
else
front: 0, 0.865265, 2.5
side: 0, 0, 0
front only
front: 0.48797, 0, 2.5
side: 0, 0, 0
front only
front: 0.663745, 0, 2.5
side: 0, 0, 0
front only
else
front: 0, 1.4504, 2.5
side: 0, 0, 0
front only
else
else
front: 0, 0.716276, 2.5
side: 0, 0, 0
front only
else
else
else
else
else
else
else
front: 0, 0.140347, 2.5
side: 0, 0, 0
front only
else
else
else
else
else
front: 0, 0, 2.5
side: 0, 0, 0
front only
front: 0.410042, 0, 2.5
side: 0, 0, 0
front only
else
else
else
front: 0.302311, 0, 2.5
side: 0, 0, 0
front only
else
else
else
front: 0, 0.89919, 2.5
side: 0, 0, 0
front only
else
else
front: 0, 0, 2.5
side: 0, 0, 0
front only
else
else
else
front: 0.549276, 0, 2.5
side: 0, 0, 0
front only
else
else
else
else
else
else
else
front: 1.72379, 0.0972125, 2.5
side: 0, 0, 0
front only
else
else
else
else
else
else
front: 0, 0, 2.5
side: 0, 0, 0
front only
front: 0, 0.673557, 2.5
side: 0, 0, 0
front only
front: 0, 0, 2.5
side: 0, 0, 0
front only
else
else
else
front: 2.06653, 0, 2.5
side: 0, 0, 0
front only
else
else
else
front: 1.59361, 1.35224, 2.5
side: 0, 0, 0
front only
front: 1.94811, 0, 2.5
side: 0, 0, 0
front only
front: 1.14418, 0.997642, 2.5
side: 0, 0, 0
front only
front: 0, 0.543475, 2.5
side: 0, 0, 0
front only
else
else
else
else
else
front: 0, 0, 2.5
side: 0, 0, 0
front only
else
else
else
else
else
front: 0.566145, 0, 2.5
side: 0, 0, 0
front only
else
else
front: 1.63892, 0, 2.5
side: 0, 0, 0
front only
else
front: 0, 0, 2.5
side: 0, 0, 0
front only
else
else
else
else
else
else
else
front: 1.58428, 1.40008, 2.5
side: 0, 0, 0
front only
else
front: 0, 0, 2.5
back: 0, 0, 7.5
front back
photon_ene: 661.6 photon_theta: 3.06519 photon_phi: 0.229449
traject_len: 5
pe_len: 69.2773 cs_len: 1.3449
---
else
else
else
front: 0, 1.42089, 2.5
side: 0, 0, 0
front only
else
else
else
else
else
else
front: 0, 0, 2.5
side: 0, 0, 0
front only
front: 0, 1.00725, 2.5
side: 0, 0, 0
front only
else
else
else
else
else
front: 1.64273, 0, 2.5
side: 0, 0, 0
front only
else
else
else
front: 0, 0.164183, 2.5
side: 0, 0, 0
front only
front: 1.50005, 0, 2.5
side: 0, 0, 0
front only
else
else
front: 0, 1.2089, 2.5
side: 0, 0, 0
front only
else
front: 1.68844, 0, 2.5
side: 0, 0, 0
front only
else
else
else
front: 0, 2.21831, 2.5
side: 0, 0, 0
front only
front: 0, 0.649026, 2.5
side: 0, 0, 0
front only
else
front: 0, 0, 2.5
side: 0, 0, 0
front only
front: 0, 0, 2.5
back: 0, 0, 7.5
front back
photon_ene: 661.6 photon_theta: 0.180741 photon_phi: 4.34131
traject_len: 5
pe_len: 12.6821 cs_len: 4.79305
---
else
front: 0.439564, 1.50592, 2.5
side: 0, 0, 0
front only
else
else
else
else
else
front: 0.512638, 0, 2.5
side: 0, 0, 0
front only
front: 2.46669, 0, 2.5
side: 0, 0, 0
front only
else
else
else
else
else
else
front: 0, 0.171573, 2.5
back: 0, 0.51472, 7.5
front back
photon_ene: 661.6 photon_theta: 0.0686085 photon_phi: 1.6211
traject_len: 5.01176
pe_len: 4.53871 cs_len: 6.11092
---
front: 1.32926, 0.824286, 2.5
side: 0, 0, 0
front only
front: 0, 0, 2.5
side: 0, 0, 0
front only
else
else
else
else
front: 0.122389, 2.23854, 2.5
side: 0, 0, 0
front only
front: 0.895859, 0, 2.5
side: 0, 0, 0
front only
front: 0.991705, 0, 2.5
side: 0, 0, 0
front only
else
else
front: 0.252893, 0, 2.5
side: 0, 0, 0
front only
else
else
front: 2.01021, 0, 2.5
side: 0, 0, 0
front only
else
front: 1.24015, 0, 2.5
side: 0, 0, 0
front only
else
else
front: 0, 0, 2.5
side: 0, 0, 0
front only
else
else
front: 0, 0, 2.5
side: 0, 0, 0
front only
else
else
else
else
else
else
else
else
front: 0, 1.83752, 2.5
side: 0, 0, 0
front only
else
else
else
front: 0, 2.47545, 2.5
side: 0, 0, 0
front only
else
else
front: 0.25775, 0, 2.5
back: 0.77325, 0, 7.5
front back
photon_ene: 661.6 photon_theta: 3.01704 photon_phi: 2.53837
traject_len: 5.0265
pe_len: 34.6302 cs_len: 0.171693
---
front: 0.423228, 1.72096, 2.5
side: 0, 0, 0
front only
front: 0, 0.287653, 2.5
side: 0, 0, 0
front only
else
else
else
front: 0, 0, 2.5
side: 0, 0, 0
front only
else
else
front: 1.56451, 0, 2.5
side: 0, 0, 0
front only
front: 0.430842, 0, 2.5
back: 1.29253, 0, 7.5
front back
photon_ene: 661.6 photon_theta: 0.215045 photon_phi: 5.62158
traject_len: 5.07371
pe_len: 25.742 cs_len: 9.05424
---
else
else
else
front: 1.84556, 0, 2.5
side: 0, 0, 0
front only
else
else
else
else
else
else
else
front: 0.512767, 0, 2.5
back: 1.5383, 0, 7.5
front back
photon_ene: 661.6 photon_theta: 0.233433 photon_phi: 5.75285
traject_len: 5.10409
pe_len: 2.64901 cs_len: 1.77257
---
else
else
else
else
else
front: 0, 0.19032, 2.5
side: 0, 0, 0
front only
front: 0, 0.50938, 2.5
side: 0, 0, 0
front only
else
else
front: 0.504349, 0.461312, 2.5
back: 1.51305, 1.38394, 7.5
front back
photon_ene: 661.6 photon_theta: 2.87471 photon_phi: 3.88245
traject_len: 5.1835
pe_len: 4.36604 cs_len: 4.56745
---
front: 0, 1.25214, 2.5
side: 0, 0, 0
front only
else
front: 1.17474, 0.0390325, 2.5
side: 0, 0, 0
front only
else
else
front: 0, 0.347428, 2.5
side: 0, 0, 0
front only
front: 0.616741, 0, 2.5
side: 0, 0, 0
front only
else
else
front: 1.26585, 0, 2.5
side: 0, 0, 0
front only
else
else
else
front: 0.419923, 0.817086, 2.5
side: 0, 0, 0
front only
else
else
else
else
else
else
else
else
else
else
front: 0.116015, 1.05325, 2.5
side: 0, 0, 0
front only
else
front: 0, 0.475195, 2.5
side: 0, 0, 0
front only
else
else
front: 1.45454, 0.384007, 2.5
side: 0, 0, 0
front only
else
else
else
else
else
front: 0, 0, 2.5
side: 0, 0, 0
front only
else
else
front: 0, 0, 2.5
back: 0, 0, 7.5
front back
photon_ene: 661.6 photon_theta: 0.187863 photon_phi: 3.7553
traject_len: 5
pe_len: 56.969 cs_len: 4.2013
---
else
else
else
else
else
else
else
else
else
else
front: 0.315036, 0, 2.5
back: 0.945107, 0, 7.5
front back
photon_ene: 661.6 photon_theta: 2.90512 photon_phi: 2.12106
traject_len: 5.03954
pe_len: 59.8205 cs_len: 0.436799
---
else
front: 0.13558, 0, 2.5
side: 0, 0, 0
front only
else
front: 0.226056, 2.24866, 2.5
side: 0, 0, 0
front only
else
front: 1.68536, 0, 2.5
side: 0, 0, 0
front only
else
front: 1.83659, 1.25404, 2.5
side: 0, 0, 0
front only
front: 0, 0, 2.5
side: 0, 0, 0
front only
else
else
front: 2.24631, 0.567951, 2.5
side: 0, 0, 0
front only
else
else
else
front: 0, 1.71941, 2.5
side: 0, 0, 0
front only
front: 0.788344, 1.11071, 2.5
side: 0, 0, 0
front only
front: 0.644917, 0.649217, 2.5
side: 0, 0, 0
front only
else
else
else
front: 0, 0, 2.5
side: 0, 0, 0
front only
front: 1.8547, 0, 2.5
side: 0, 0, 0
front only
else
else
else
else
front: 0, 0, 2.5
side: 0, 0, 0
front only
front: 0, 0, 2.5
back: 0, 0, 7.5
front back
photon_ene: 661.6 photon_theta: 0.202659 photon_phi: 3.26327
traject_len: 5
pe_len: 21.6397 cs_len: 2.37699
---
else
else
else
else
front: 1.77915, 1.65893, 2.5
side: 0, 0, 0
front only
front: 0, 1.68397, 2.5
side: 0, 0, 0
front only
else
else
else
else
else
else
front: 1.37778, 0, 2.5
side: 0, 0, 0
front only
else
else
else
front: 0.542943, 1.54846, 2.5
side: 0, 0, 0
front only
else
else
else
front: 0, 2.28199, 2.5
side: 0, 0, 0
front only
front: 0, 0, 2.5
side: 0, 0, 0
front only
front: 0.441214, 1.42172, 2.5
side: 0, 0, 0
front only
else
else
front: 0.131206, 1.43303, 2.5
side: 0, 0, 0
front only
front: 0, 0.117457, 2.5
side: 0, 0, 0
front only
else
front: 0, 0, 2.5
side: 0, 0, 0
front only
else
else
else
front: 0, 0, 2.5
side: 0, 0, 0
front only
else
else
front: 0.900142, 0, 2.5
side: 0, 0, 0
front only
else
front: 1.99153, 0, 2.5
side: 0, 0, 0
front only
else
front: 0, 0.534117, 2.5
side: 0, 0, 0
front only
front: 0, 0.649775, 2.5
side: 0, 0, 0
front only
else
front: 0.290978, 1.73546, 2.5
side: 0, 0, 0
front only
front: 1.20024, 0.716645, 2.5
side: 0, 0, 0
front only
else
else
else
else
else
else
else
else
front: 1.26905, 0, 2.5
side: 0, 0, 0
front only
else
else
else
front: 0.648739, 0, 2.5
side: 0, 0, 0
front only
else
else
front: 1.94978, 1.14252, 2.5
side: 0, 0, 0
front only
else
else
else
front: 0, 1.91016, 2.5
side: 0, 0, 0
front only
front: 0, 0, 2.5
back: 0, 0, 7.5
front back
photon_ene: 661.6 photon_theta: 0.217154 photon_phi: 3.60335
traject_len: 5
pe_len: 2.51565 cs_len: 4.10188
---
front: 0, 0, 2.5
side: 0, 0, 0
front only
else
else
else
else
else
else
else
else
front: 1.66579, 0, 2.5
side: 0, 0, 0
front only
else
else
else
else
else
else
front: 0, 1.77807, 2.5
side: 0, 0, 0
front only
front: 0, 0, 2.5
side: 0, 0, 0
front only
else
else
else
else
else
front: 1.27281, 0, 2.5
side: 0, 0, 0
front only
else
front: 0.407202, 0, 2.5
side: 0, 0, 0
front only
front: 0, 0.299581, 2.5
back: 0, 0.898743, 7.5
front back
photon_ene: 661.6 photon_theta: 0.213302 photon_phi: 2.55533
traject_len: 5.03577
pe_len: 32.631 cs_len: 3.46225
---
front: 0, 0.797334, 2.5
side: 0, 0, 0
front only
else
else
front: 0, 0, 2.5
side: 0, 0, 0
front only
else
else
else
else
else
else
else
else
front: 0.642259, 0, 2.5
side: 0, 0, 0
front only
front: 0.173442, 0.528618, 2.5
back: 0.520325, 1.58586, 7.5
front back
photon_ene: 661.6 photon_theta: 0.21897 photon_phi: 1.25376
traject_len: 5.12231
pe_len: 7.71478 cs_len: 1.57061
---
else
else
else
else
else
else
else
else
else
front: 1.25281, 0.895457, 2.5
side: 0, 0, 0
front only
else
front: 0, 0.208782, 2.5
back: 0, 0.626347, 7.5
front back
photon_ene: 661.6 photon_theta: 2.96431 photon_phi: 5.79828
traject_len: 5.01741
pe_len: 66.2471 cs_len: 0.307039
---
front: 0.0641958, 0, 2.5
side: 0, 0, 0
front only
else
else
front: 0, 0, 2.5
side: 0, 0, 0
front only
front: 0, 0.451518, 2.5
side: 0, 0, 0
front only
else
else
else
else
front: 0, 0, 2.5
side: 0, 0, 0
front only
else
else
else
else
front: 2.45504, 0.165306, 2.5
side: 0, 0, 0
front only
front: 0, 1.75313, 2.5
side: 0, 0, 0
front only
else
else
front: 0.879905, 0, 2.5
side: 0, 0, 0
front only
else
else
else
else
else
else
else
else
front: 2.15207, 0, 2.5
side: 0, 0, 0
front only
else
front: 0.501904, 0, 2.5
side: 0, 0, 0
front only
else
else
else
front: 0.373466, 0, 2.5
side: 0, 0, 0
front only
front: 0, 1.94393, 2.5
side: 0, 0, 0
front only
else
else
front: 0, 0.761744, 2.5
side: 0, 0, 0
front only
front: 2.2115, 0.422679, 2.5
side: 0, 0, 0
front only
else
front: 1.21357, 0, 2.5
side: 0, 0, 0
front only
front: 0.340906, 1.87185, 2.5
side: 0, 0, 0
front only
else
front: 0, 0.566234, 2.5
side: 0, 0, 0
front only
else
else
else
else
front: 0.566456, 1.6978, 2.5
side: 0, 0, 0
front only
front: 1.79412, 0.809806, 2.5
side: 0, 0, 0
front only
front: 1.43236, 0.704461, 2.5
side: 0, 0, 0
front only
else
front: 0, 1.66088, 2.5
side: 0, 0, 0
front only
front: 0, 0, 2.5
back: 0, 0, 7.5
front back
photon_ene: 661.6 photon_theta: 2.98778 photon_phi: 0.122369
traject_len: 5
pe_len: 10.9704 cs_len: 0.400477
---
else
else
else
else
else
else
else
front: 0.931951, 0.337606, 2.5
side: 0, 0, 0
front only
else
else
else
else
else
else
front: 0.122445, 0.766696, 2.5
back: 0.367334, 2.30009, 7.5
front back
photon_ene: 661.6 photon_theta: 0.301121 photon_phi: 1.41243
traject_len: 5.23558
pe_len: 6.95993 cs_len: 8.41188
---
else
else
else
else
else
else
else
else
else
else
else
else
else
else
else
front: 1.04108, 0, 2.5
side: 0, 0, 0
front only
else
else
front: 0, 0, 2.5
side: 0, 0, 0
front only
else
else
else
front: 0, 1.15813, 2.5
side: 0, 0, 0
front only
front: 0, 0, 2.5
side: 0, 0, 0
front only
else
else
else
else
else
front: 0, 1.76257, 2.5
side: 0, 0, 0
front only
else
else
else
else
front: 0, 1.55673, 2.5
side: 0, 0, 0
front only
else
else
else
else
front: 0.417215, 0, 2.5
side: 0, 0, 0
front only
else
else
front: 0, 0.243852, 2.5
side: 0, 0, 0
front only
else
else
front: 0.653981, 0, 2.5
back: 1.96194, 0, 7.5
front back
photon_ene: 661.6 photon_theta: 2.82269 photon_phi: 2.48535
traject_len: 5.16825
pe_len: 1.52414 cs_len: 1.37028
---
else
else
else
else
front: 0.0938298, 0.661218, 2.5
back: 0.281489, 1.98365, 7.5
front back
photon_ene: 661.6 photon_theta: 0.261041 photon_phi: 1.42983
traject_len: 5.17533
pe_len: 32.7037 cs_len: 0.514175
---
else
else
else
else
else
else
else
else
else
front: 0.298641, 0, 2.5
back: 0.895922, 0, 7.5
front back
photon_ene: 661.6 photon_theta: 0.163842 photon_phi: 5.51989
traject_len: 5.03555
pe_len: 38.5532 cs_len: 6.94651
---
else
else
front: 0, 0.148015, 2.5
back: 0, 0.444046, 7.5
front back
photon_ene: 661.6 photon_theta: 0.262846 photon_phi: 2.91974
traject_len: 5.00876
pe_len: 33.0124 cs_len: 1.94983
---
else
front: 0.365245, 2.05582, 2.5
side: 0, 0, 0
front only
else
front: 0.399268, 0, 2.5
back: 1.1978, 0, 7.5
front back
photon_ene: 661.6 photon_theta: 2.96604 photon_phi: 2.69142
traject_len: 5.06336
pe_len: 19.1984 cs_len: 3.25451
---
front: 0.918911, 0, 2.5
side: 0, 0, 0
front only
else
else
front: 1.07837, 1.14083, 2.5
side: 0, 0, 0
front only
front: 0, 0.287828, 2.5
back: 0, 0.863485, 7.5
front back
photon_ene: 661.6 photon_theta: 2.85775 photon_phi: 5.87748
traject_len: 5.03303
pe_len: 8.58883 cs_len: 0.633199
---
else
else
else
front: 0.619642, 0.505734, 2.5
back: 1.85893, 1.5172, 7.5
front back
photon_ene: 661.6 photon_theta: 2.83195 photon_phi: 3.82612
traject_len: 5.24966
pe_len: 7.75858 cs_len: 4.01519
---
front: 1.64193, 1.23211, 2.5
side: 0, 0, 0
front only
else
else
else
else
else
else
else
front: 0.72882, 1.20673, 2.5
side: 0, 0, 0
front only
else
else
else
else
else
front: 0, 0, 2.5
side: 0, 0, 0
front only
else
else
else
else
else
else
else
front: 0, 0.667137, 2.5
side: 0, 0, 0
front only
else
else
front: 0, 0, 2.5
side: 0, 0, 0
front only
else
else
front: 0, 0.506146, 2.5
back: 0, 1.51844, 7.5
front back
photon_ene: 661.6 photon_theta: 0.290417 photon_phi: 2.39734
traject_len: 5.10144
pe_len: 120.27 cs_len: 3.22108
---
else
front: 1.58045, 0, 2.5
side: 0, 0, 0
front only
else
else
else
else
front: 0, 0.607502, 2.5
back: 0, 1.82251, 7.5
front back
photon_ene: 661.6 photon_theta: 0.240094 photon_phi: 1.69264
traject_len: 5.14551
pe_len: 6.94379 cs_len: 6.10424
---
front: 0, 0.281488, 2.5
side: 0, 0, 0
front only
else
else
else
else
else
front: 1.11944, 0.60478, 2.5
side: 0, 0, 0
front only
else
else
else
else
else
else
else
front: 1.82559, 0.775502, 2.5
side: 0, 0, 0
front only
else
front: 0.830496, 0, 2.5
side: 0, 0, 0
front only
else
else
front: 0, 1.26921, 2.5
side: 0, 0, 0
front only
else
else
else
else
else
front: 2.10103, 0.846706, 2.5
side: 0, 0, 0
front only
front: 0, 1.51089, 2.5
side: 0, 0, 0
front only
else
else
else
else
else
else
else
front: 0, 0.252889, 2.5
back: 0, 0.758666, 7.5
front back
photon_ene: 661.6 photon_theta: 2.8788 photon_phi: 5.89768
traject_len: 5.02552
pe_len: 17.5759 cs_len: 4.48232
---
front: 0, 0, 2.5
side: 0, 0, 0
front only
else
front: 0.917973, 0.953233, 2.5
side: 0, 0, 0
front only
else
else
else
front: 0.765508, 0, 2.5
side: 0, 0, 0
front only
else
else
front: 0.514855, 0, 2.5
side: 0, 0, 0
front only
else
else
else
else
else
else
front: 0.593856, 0, 2.5
side: 0, 0, 0
front only
front: 0, 0, 2.5
back: 0, 0, 7.5
front back
photon_ene: 661.6 photon_theta: 0.152404 photon_phi: 3.55984
traject_len: 5
pe_len: 35.2896 cs_len: 5.20394
---
else
else
else
else
else
else
else
else
front: 0, 0.65031, 2.5
back: 0, 1.95093, 7.5
front back
photon_ene: 661.6 photon_theta: 0.271635 photon_phi: 1.93627
traject_len: 5.16639
pe_len: 76.3711 cs_len: 6.87825
---
else
front: 2.35449, 0, 2.5
side: 0, 0, 0
front only
else
else
else
else
else
front: 2.49201, 0.105095, 2.5
side: 0, 0, 0
front only
else
else
front: 0, 0, 2.5
side: 0, 0, 0
front only
else
front: 0, 0, 2.5
side: 0, 0, 0
front only
else
front: 1.58212, 0, 2.5
side: 0, 0, 0
front only
else
else
else
else
else
front: 0, 0, 2.5
side: 0, 0, 0
front only
else
front: 0.0683831, 2.24915, 2.5
side: 0, 0, 0
front only
front: 1.58828, 1.84207, 2.5
side: 0, 0, 0
front only
front: 1.29, 0.294645, 2.5
side: 0, 0, 0
front only
else
else
front: 0, 0.862529, 2.5
side: 0, 0, 0
front only
front: 0, 0.470785, 2.5
back: 0, 1.41236, 7.5
front back
photon_ene: 661.6 photon_theta: 2.93244 photon_phi: 5.19192
traject_len: 5.08788
pe_len: 126.942 cs_len: 1.68261
---
else
front: 1.49506, 0, 2.5
side: 0, 0, 0
front only
else
front: 0, 0, 2.5
side: 0, 0, 0
front only
else
front: 1.6689, 0.226171, 2.5
side: 0, 0, 0
front only
else
else
else
front: 1.09759, 0, 2.5
side: 0, 0, 0
front only
else
front: 1.521, 0, 2.5
side: 0, 0, 0
front only
else
else
front: 0, 1.88975, 2.5
side: 0, 0, 0
front only
else
else
else
front: 0.0243064, 1.45059, 2.5
side: 0, 0, 0
front only
else
else
front: 0, 0, 2.5
back: 0, 0, 7.5
front back
photon_ene: 661.6 photon_theta: 0.299359 photon_phi: 3.93409
traject_len: 5
pe_len: 61.4478 cs_len: 4.24841
---
front: 0, 0.459925, 2.5
side: 0, 0, 0
front only
else
else
front: 0, 0.400051, 2.5
back: 0, 1.20015, 7.5
front back
photon_ene: 661.6 photon_theta: 0.268229 photon_phi: 2.52015
traject_len: 5.06361
pe_len: 38.4835 cs_len: 0.606839
---
else
else
else
else
else
front: 0.79829, 0, 2.5
side: 0, 0, 0
front only
else
front: 0.594804, 0, 2.5
side: 0, 0, 0
front only
else
else
front: 0.699292, 2.3725, 2.5
side: 0, 0, 0
front only
else
else
front: 2.00468, 0, 2.5
side: 0, 0, 0
front only
front: 0, 0, 2.5
side: 0, 0, 0
front only
front: 0.995194, 0, 2.5
side: 0, 0, 0
front only
else
front: 0, 0, 2.5
side: 0, 0, 0
front only
else
else
else
else
front: 0, 1.47531, 2.5
side: 0, 0, 0
front only
else
front: 0.94455, 0, 2.5
side: 0, 0, 0
front only
front: 0.913176, 1.15038, 2.5
side: 0, 0, 0
front only
front: 0, 0, 2.5
side: 0, 0, 0
front only
front: 1.39239, 0, 2.5
side: 0, 0, 0
front only
front: 0, 0, 2.5
side: 0, 0, 0
front only
else
else
front: 0.17895, 0, 2.5
side: 0, 0, 0
front only
front: 1.13951, 0, 2.5
side: 0, 0, 0
front only
else
front: 0, 0, 2.5
side: 0, 0, 0
front only
front: 0, 2.28235, 2.5
side: 0, 0, 0
front only
front: 0, 0.343855, 2.5
back: 0, 1.03157, 7.5
front back
photon_ene: 661.6 photon_theta: 0.148572 photon_phi: 1.97621
traject_len: 5.04707
pe_len: 5.93163 cs_len: 2.6224
---
front: 1.98003, 0.901583, 2.5
side: 0, 0, 0
front only
else
else
front: 0, 0, 2.5
side: 0, 0, 0
front only
else
else
else
else
else
else
front: 0.456472, 0, 2.5
back: 1.36942, 0, 7.5
front back
photon_ene: 661.6 photon_theta: 0.253364 photon_phi: 5.49506
traject_len: 5.08266
pe_len: 19.6678 cs_len: 0.173381
---
else
front: 0.938073, 0.181468, 2.5
side: 0, 0, 0
front only
else
else
front: 0.7682, 0, 2.5
side: 0, 0, 0
front only
else
else
else
else
front: 0.747344, 0, 2.5
back: 2.24203, 0, 7.5
front back
photon_ene: 661.6 photon_theta: 0.292301 photon_phi: 6.16834
traject_len: 5.21863
pe_len: 23.3013 cs_len: 3.52277
---
else
front: 0.37704, 1.22764, 2.5
side: 0, 0, 0
front only
else
else
else
else
else
front: 0.861154, 0.267057, 2.5
side: 0, 0, 0
front only
else
front: 0, 2.34885, 2.5
side: 0, 0, 0
front only
front: 0, 0, 2.5
side: 0, 0, 0
front only
front: 1.30425, 0, 2.5
side: 0, 0, 0
front only
else
else
front: 0, 0.43197, 2.5
side: 0, 0, 0
front only
front: 0.286429, 0, 2.5
side: 0, 0, 0
front only
else
else
front: 1.40187, 0, 2.5
side: 0, 0, 0
front only
front: 0, 1.23017, 2.5
side: 0, 0, 0
front only
front: 0.053355, 0, 2.5
side: 0, 0, 0
front only
else
else
front: 0, 0, 2.5
side: 0, 0, 0
front only
else
else
else
else
else
else
else
front: 0, 1.71951, 2.5
side: 0, 0, 0
front only
front: 0, 1.63079, 2.5
side: 0, 0, 0
front only
else
front: 0, 1.26411, 2.5
side: 0, 0, 0
front only
else
else
front: 0, 1.3624, 2.5
side: 0, 0, 0
front only
else
front: 1.51102, 0, 2.5
side: 0, 0, 0
front only
else
else
else
else
else
else
else
else
else
else
else
front: 0.280503, 1.34769, 2.5
side: 0, 0, 0
front only
else
front: 0, 0, 2.5
back: 0, 0, 7.5
front back
photon_ene: 661.6 photon_theta: 0.204646 photon_phi: 3.7706
traject_len: 5
pe_len: 55.8572 cs_len: 9.73588
---
else
else
else
else
else
else
else
else
else
front: 0, 1.34946, 2.5
side: 0, 0, 0
front only
front: 0, 0, 2.5
side: 0, 0, 0
front only
else
front: 1.76577, 0.9035, 2.5
side: 0, 0, 0
front only
else
else
else
else
else
else
front: 0.901779, 0, 2.5
side: 0, 0, 0
front only
else
else
else
else
front: 0, 0.488064, 2.5
side: 0, 0, 0
front only
front: 0.467669, 1.42839, 2.5
side: 0, 0, 0
front only
else
front: 0, 2.37032, 2.5
side: 0, 0, 0
front only
else
front: 0, 0, 2.5
side: 0, 0, 0
front only
else
else
else
else
front: 0, 0.129246, 2.5
back: 0, 0.387737, 7.5
front back
photon_ene: 661.6 photon_theta: 3.00677 photon_phi: 5.89217
traject_len: 5.00668
pe_len: 66.3086 cs_len: 3.23607
---
else
else
front: 0, 1.28334, 2.5
side: 0, 0, 0
front only
else
else
else
else
else
else
else
else
else
else
else
front: 0, 0, 2.5
side: 0, 0, 0
front only
else
front: 0.92022, 0, 2.5
side: 0, 0, 0
front only
front: 1.65004, 0, 2.5
side: 0, 0, 0
front only
front: 2.11729, 0.131125, 2.5
side: 0, 0, 0
front only
else
else
else
else
front: 0, 0.765919, 2.5
side: 0, 0, 0
front only
front: 0.564698, 0.402577, 2.5
back: 1.69409, 1.20773, 7.5
front back
photon_ene: 661.6 photon_theta: 0.270599 photon_phi: 0.619336
traject_len: 5.18882
pe_len: 9.25355 cs_len: 2.57313
---
else
else
else
front: 2.08048, 0, 2.5
side: 0, 0, 0
front only
else
else
else
else
else
else
else
front: 0, 0, 2.5
side: 0, 0, 0
front only
else
front: 0.404608, 0, 2.5
side: 0, 0, 0
front only
else
else
front: 0, 0, 2.5
side: 0, 0, 0
front only
front: 0, 0, 2.5
side: 0, 0, 0
front only
else
else
front: 0, 0, 2.5
side: 0, 0, 0
front only
else
else
else
else
front: 0, 0, 2.5
side: 0, 0, 0
front only
front: 0, 0.600978, 2.5
back: 0, 1.80294, 7.5
front back
photon_ene: 661.6 photon_theta: 0.240805 photon_phi: 1.77652
traject_len: 5.14244
pe_len: 20.5529 cs_len: 6.08971
---
else
front: 1.60096, 1.46192, 2.5
side: 0, 0, 0
front only
front: 0, 0.654419, 2.5
side: 0, 0, 0
front only
else
else
else
front: 0.62514, 0.347308, 2.5
back: 1.87542, 1.04193, 7.5
front back
photon_ene: 661.6 photon_theta: 2.86298 photon_phi: 3.6487
traject_len: 5.20055
pe_len: 7.58043 cs_len: 2.91835
---
else
front: 1.00194, 0.253732, 2.5
side: 0, 0, 0
front only
else
else
else
else
front: 2.32623, 0, 2.5
side: 0, 0, 0
front only
front: 0.656868, 0, 2.5
side: 0, 0, 0
front only
front: 0, 0, 2.5
side: 0, 0, 0
front only
else
else
else
front: 1.37534, 0, 2.5
side: 0, 0, 0
front only
else
else
else
else
front: 0.67214, 0, 2.5
side: 0, 0, 0
front only
front: 0, 0, 2.5
side: 0, 0, 0
front only
else
else
else
else
front: 0.856598, 0.6039, 2.5
side: 0, 0, 0
front only
front: 0, 2.06133, 2.5
side: 0, 0, 0
front only
else
else
else
front: 0.551226, 0.93847, 2.5
side: 0, 0, 0
front only
else
front: 0, 0, 2.5
side: 0, 0, 0
front only
front: 0, 0, 2.5
side: 0, 0, 0
front only
front: 0, 0.582081, 2.5
side: 0, 0, 0
front only
else
else
front: 0, 2.18135, 2.5
side: 0, 0, 0
front only
else
else
front: 0.561822, 1.43215, 2.5
side: 0, 0, 0
front only
else
else
else
front: 1.72369, 0.387042, 2.5
side: 0, 0, 0
front only
else
else
else
else
else
else
else
else
front: 1.50768, 0, 2.5
side: 0, 0, 0
front only
else
else
else
else
else
else
else
front: 0, 0, 2.5
side: 0, 0, 0
front only
front: 0, 0, 2.5
side: 0, 0, 0
front only
else
front: 0, 0, 2.5
side: 0, 0, 0
front only
front: 1.58291, 0, 2.5
side: 0, 0, 0
front only
else
else
else
else
else
else
else
front: 1.07605, 0, 2.5
side: 0, 0, 0
front only
else
else
front: 0.832833, 0.66237, 2.5
side: 0, 0, 0
front only
front: 0.174817, 0, 2.5
back: 0.524451, 0, 7.5
front back
photon_ene: 661.6 photon_theta: 3.05592 photon_phi: 2.52215
traject_len: 5.01221
pe_len: 29.6869 cs_len: 0.735646
---
else
front: 0.00854295, 1.97738, 2.5
side: 0, 0, 0
front only
else
front: 0, 0.199637, 2.5
side: 0, 0, 0
front only
front: 0, 0, 2.5
side: 0, 0, 0
front only
else
front: 0, 0.221905, 2.5
side: 0, 0, 0
front only
front: 0.417103, 0, 2.5
side: 0, 0, 0
front only
else
else
else
else
else
else
else
front: 0, 0, 2.5
side: 0, 0, 0
front only
else
else
else
else
else
else
else
else
front: 0, 0, 2.5
side: 0, 0, 0
front only
else
else
else
else
else
else
else
else
front: 0, 0, 2.5
side: 0, 0, 0
front only
front: 0, 0.647537, 2.5
side: 0, 0, 0
front only
else
else
else
else
front: 0, 0.0387196, 2.5
side: 0, 0, 0
front only
else
else
front: 0.280544, 0, 2.5
side: 0, 0, 0
front only
else
else
else
else
front: 0.459871, 0.712409, 2.5
side: 0, 0, 0
front only
else
else
else
else
front: 0, 1.48532, 2.5
side: 0, 0, 0
front only
else
front: 1.13565, 0.182066, 2.5
side: 0, 0, 0
front only
else
else
else
front: 0, 0, 2.5
back: 0, 0, 7.5
front back
photon_ene: 661.6 photon_theta: 0.276209 photon_phi: 3.52257
traject_len: 5
pe_len: 30.8448 cs_len: 5.77312
---
front: 2.41723, 0.349574, 2.5
side: 0, 0, 0
front only
front: 0, 0.905845, 2.5
side: 0, 0, 0
front only
else
front: 0.743028, 0, 2.5
side: 0, 0, 0
front only
else
else
else
else
else
front: 0.592434, 0.576371, 2.5
back: 1.7773, 1.72911, 7.5
front back
photon_ene: 661.6 photon_theta: 0.319306 photon_phi: 0.771656
traject_len: 5.26619
pe_len: 52.4811 cs_len: 5.33815
---
else
front: 0.390286, 0, 2.5
back: 1.17086, 0, 7.5
front back
photon_ene: 661.6 photon_theta: 2.84164 photon_phi: 2.09989
traject_len: 5.06056
pe_len: 32.7753 cs_len: 0.771943
---
else
else
else
else
else
front: 0, 1.81292, 2.5
side: 0, 0, 0
front only
else
else
else
else
front: 0.855491, 1.42952, 2.5
side: 0, 0, 0
front only
front: 1.11563, 0, 2.5
side: 0, 0, 0
front only
else
else
else
else
else
front: 0.783585, 1.45201, 2.5
side: 0, 0, 0
front only
else
else
else
else
else
front: 1.34605, 0, 2.5
side: 0, 0, 0
front only
else
else
front: 1.35596, 1.64304, 2.5
side: 0, 0, 0
front only
else
else
else
else
front: 0, 0.254095, 2.5
side: 0, 0, 0
front only
else
else
else
front: 0, 0, 2.5
back: 0, 0, 7.5
front back
photon_ene: 661.6 photon_theta: 0.108036 photon_phi: 3.44611
traject_len: 5
pe_len: 33.5115 cs_len: 6.49037
---
front: 0, 0, 2.5
side: 0, 0, 0
front only
else
else
else
else
else
front: 0, 0, 2.5
side: 0, 0, 0
front only
front: 0, 2.2912, 2.5
side: 0, 0, 0
front only
else
else
else
else
else
front: 0, 1.29026, 2.5
side: 0, 0, 0
front only
else
else
front: 0.417012, 1.44263, 2.5
side: 0, 0, 0
front only
else
else
else
else
else
else
else
else
else
front: 0, 0, 2.5
side: 0, 0, 0
front only
else
else
else
else
front: 1.26923, 1.29957, 2.5
side: 0, 0, 0
front only
else
front: 0, 0, 2.5
side: 0, 0, 0
front only
front: 1.39595, 0.359481, 2.5
side: 0, 0, 0
front only
else
else
else
else
front: 0, 0.171955, 2.5
back: 0, 0.515866, 7.5
front back
photon_ene: 661.6 photon_theta: 0.201644 photon_phi: 2.79843
traject_len: 5.01181
pe_len: 28.2104 cs_len: 0.793944
---
else
else
front: 2.00043, 0, 2.5
side: 0, 0, 0
front only
else
front: 1.47193, 0, 2.5
side: 0, 0, 0
front only
else
else
else
front: 0, 0, 2.5
back: 0, 0, 7.5
front back
photon_ene: 661.6 photon_theta: 0.220539 photon_phi: 4.24039
traject_len: 5
pe_len: 7.43213 cs_len: 1.18226
---
front: 0, 0, 2.5
side: 0, 0, 0
front only
else
else
front: 0.826585, 0.179325, 2.5
side: 0, 0, 0
front only
else
front: 0, 1.20378, 2.5
side: 0, 0, 0
front only
else
else
else
else
front: 0, 0, 2.5
back: 0, 0, 7.5
front back
photon_ene: 661.6 photon_theta: 0.235786 photon_phi: 4.43668
traject_len: 5
pe_len: 0.837042 cs_len: 0.375805
---
else
else
front: 1.30783, 0, 2.5
side: 0, 0, 0
front only
else
else
else
else
else
front: 1.34041, 0, 2.5
side: 0, 0, 0
front only
else
front: 0, 1.74934, 2.5
side: 0, 0, 0
front only
else
else
front: 0.36301, 0, 2.5
back: 1.08903, 0, 7.5
front back
photon_ene: 661.6 photon_theta: 2.88171 photon_phi: 2.14848
traject_len: 5.05244
pe_len: 5.28292 cs_len: 0.94034
---
else
else
else
front: 0.154733, 1.49188, 2.5
side: 0, 0, 0
front only
else
else
else
else
else
front: 0, 0.240508, 2.5
side: 0, 0, 0
front only
front: 2.45479, 0, 2.5
side: 0, 0, 0
front only
else
else
front: 0, 0, 2.5
side: 0, 0, 0
front only
else
else
else
else
front: 0.771196, 0.879554, 2.5
side: 0, 0, 0
front only
else
else
else
else
else
else
else
else
else
front: 0, 1.81003, 2.5
side: 0, 0, 0
front only
front: 0.74652, 2.19861, 2.5
side: 0, 0, 0
front only
else
front: 0, 0, 2.5
side: 0, 0, 0
front only
else
else
else
else
else
else
else
else
else
else
else
front: 2.20821, 0, 2.5
side: 0, 0, 0
front only
else
else
else
else
else
else
else
front: 0.194379, 0, 2.5
back: 0.583138, 0, 7.5
front back
photon_ene: 661.6 photon_theta: 0.175836 photon_phi: 5.16534
traject_len: 5.01509
pe_len: 42.409 cs_len: 3.72736
---
else
else
else
front: 0, 0, 2.5
side: 0, 0, 0
front only
else
else
else
else
else
front: 0.0963561, 0.0967363, 2.5
back: 0.289068, 0.290209, 7.5
front back
photon_ene: 661.6 photon_theta: 0.0545607 photon_phi: 0.787367
traject_len: 5.00745
pe_len: 76.6152 cs_len: 5.12814
---
else
front: 2.41664, 0.288477, 2.5
side: 0, 0, 0
front only
else
else
else
front: 0, 0, 2.5
side: 0, 0, 0
front only
else
else
else
else
else
else
front: 0, 0.461838, 2.5
side: 0, 0, 0
front only
else
else
front: 2.01761, 0, 2.5
side: 0, 0, 0
front only
else
else
else
else
else
else
else
front: 0, 0.66534, 2.5
side: 0, 0, 0
front only
front: 0, 1.88454, 2.5
side: 0, 0, 0
front only
else
else
else
else
else
else
front: 0, 1.46858, 2.5
side: 0, 0, 0
front only
front: 0.509996, 2.25202, 2.5
side: 0, 0, 0
front only
front: 2.26597, 0.603009, 2.5
side: 0, 0, 0
front only
else
else
front: 0, 0.781572, 2.5
side: 0, 0, 0
front only
else
front: 0, 0, 2.5
side: 0, 0, 0
front only
else
else
else
front: 0.642122, 2.27168, 2.5
side: 0, 0, 0
front only
else
else
else
else
else
else
else
front: 1.96908, 0.0812124, 2.5
side: 0, 0, 0
front only
else
front: 0, 0, 2.5
back: 0, 0, 7.5
front back
photon_ene: 661.6 photon_theta: 2.9376 photon_phi: 0.675348
traject_len: 5
pe_len: 2.73412 cs_len: 2.2091
---
else
else
else
else
else
else
else
else
else
else
front: 0.315991, 0, 2.5
back: 0.947973, 0, 7.5
front back
photon_ene: 661.6 photon_theta: 0.131907 photon_phi: 5.97426
traject_len: 5.03978
pe_len: 10.4109 cs_len: 2.07844
---
front: 0, 0, 2.5
back: 0, 0, 7.5
front back
photon_ene: 661.6 photon_theta: 0.0711877 photon_phi: 4.10071
traject_len: 5
pe_len: 5.2739 cs_len: 9.16476
---
else
else
front: 0, 0.782661, 2.5
side: 0, 0, 0
front only
else
front: 0, 0, 2.5
side: 0, 0, 0
front only
front: 0, 0, 2.5
side: 0, 0, 0
front only
front: 0, 0, 2.5
side: 0, 0, 0
front only
else
front: 0, 0, 2.5
side: 0, 0, 0
front only
else
else
front: 0.338966, 1.54959, 2.5
side: 0, 0, 0
front only
front: 0.399074, 0, 2.5
side: 0, 0, 0
front only
else
else
else
else
front: 0.584672, 0, 2.5
side: 0, 0, 0
front only
else
else
front: 1.23842, 0, 2.5
side: 0, 0, 0
front only
else
else
front: 1.34729, 0, 2.5
side: 0, 0, 0
front only
front: 0.518493, 0, 2.5
side: 0, 0, 0
front only
else
else
front: 0, 1.7946, 2.5
side: 0, 0, 0
front only
else
else
else
else
else
else
else
else
else
else
else
else
else
front: 1.23035, 0, 2.5
side: 0, 0, 0
front only
front: 1.45457, 1.29409, 2.5
side: 0, 0, 0
front only
else
front: 0, 0, 2.5
side: 0, 0, 0
front only
else
else
else
front: 2.1033, 0, 2.5
side: 0, 0, 0
front only
else
else
front: 0.46395, 2.14979, 2.5
side: 0, 0, 0
front only
else
else
else
else
else
else
else
else
else
else
front: 0, 0, 2.5
side: 0, 0, 0
front only
else
else
else
else
else
else
else
else
front: 1.63644, 1.43901, 2.5
side: 0, 0, 0
front only
else
else
else
else
else
else
else
else
else
front: 0, 0.0908451, 2.5
side: 0, 0, 0
front only
else
else
front: 0, 0.563269, 2.5
side: 0, 0, 0
front only
else
else
else
else
else
front: 0, 0, 2.5
back: 0, 0, 7.5
front back
photon_ene: 661.6 photon_theta: 2.97189 photon_phi: 1.06929
traject_len: 5
pe_len: 51.2314 cs_len: 0.101275
---
else
else
else
front: 0, 0.273151, 2.5
side: 0, 0, 0
front only
else
else
else
else
else
front: 0, 0, 2.5
side: 0, 0, 0
front only
else
front: 0, 0, 2.5
back: 0, 0, 7.5
front back
photon_ene: 661.6 photon_theta: 0.30472 photon_phi: 3.83877
traject_len: 5
pe_len: 59.9447 cs_len: 8.84064
---
else
front: 0, 0, 2.5
side: 0, 0, 0
front only
else
front: 0, 1.37683, 2.5
side: 0, 0, 0
front only
else
else
front: 0, 1.14431, 2.5
side: 0, 0, 0
front only
else
else
else
front: 0, 0.533135, 2.5
back: 0, 1.5994, 7.5
front back
photon_ene: 661.6 photon_theta: 0.221592 photon_phi: 1.89918
traject_len: 5.11243
pe_len: 2.82778 cs_len: 0.242305
---
else
else
else
else
else
else
else
front: 0.735075, 1.00227, 2.5
side: 0, 0, 0
front only
else
else
else
front: 0, 0, 2.5
side: 0, 0, 0
front only
else
else
else
else
else
else
else
front: 0.735957, 1.08842, 2.5
side: 0, 0, 0
front only
else
front: 0, 0, 2.5
side: 0, 0, 0
front only
front: 0.0947761, 1.60389, 2.5
side: 0, 0, 0
front only
else
else
front: 0.471375, 2.32007, 2.5
side: 0, 0, 0
front only
else
front: 1.07503, 0, 2.5
side: 0, 0, 0
front only
front: 0, 1.22021, 2.5
side: 0, 0, 0
front only
front: 1.75678, 0.664823, 2.5
side: 0, 0, 0
front only
else
else
else
else
else
front: 1.98745, 1.18517, 2.5
side: 0, 0, 0
front only
else
else
else
else
else
front: 0, 0, 2.5
side: 0, 0, 0
front only
front: 0, 0, 2.5
back: 0, 0, 7.5
front back
photon_ene: 661.6 photon_theta: 0.0945435 photon_phi: 3.89732
traject_len: 5
pe_len: 65.275 cs_len: 4.1652
---
front: 0.160954, 2.47658, 2.5
side: 0, 0, 0
front only
else
else
front: 1.06291, 0, 2.5
side: 0, 0, 0
front only
front: 0.486672, 0, 2.5
back: 1.46002, 0, 7.5
front back
photon_ene: 661.6 photon_theta: 2.89281 photon_phi: 2.4438
traject_len: 5.09386
pe_len: 11.0152 cs_len: 0.817325
---
else
else
front: 0.0752027, 2.01594, 2.5
side: 0, 0, 0
front only
else
else
else
else
else
else
else
else
front: 0.366056, 0, 2.5
side: 0, 0, 0
front only
else
front: 0, 0.634948, 2.5
side: 0, 0, 0
front only
else
else
else
else
else
else
else
else
else
else
else
else
front: 0, 0.772897, 2.5
side: 0, 0, 0
front only
else
front: 1.0443, 0, 2.5
side: 0, 0, 0
front only
front: 0.0176506, 0, 2.5
back: 0.0529518, 0, 7.5
front back
photon_ene: 661.6 photon_theta: 0.269899 photon_phi: 4.73791
traject_len: 5.00012
pe_len: 90.2892 cs_len: 0.471744
---
else
front: 0, 0.0251441, 2.5
back: 0, 0.0754324, 7.5
front back
photon_ene: 661.6 photon_theta: 2.98272 photon_phi: 6.22037
traject_len: 5.00025
pe_len: 46.0602 cs_len: 6.44068
---
else
else
else
else
front: 0.307734, 0, 2.5
side: 0, 0, 0
front only
else
front: 0.129998, 0, 2.5
side: 0, 0, 0
front only
else
else
else
else
front: 0, 1.30875, 2.5
side: 0, 0, 0
front only
front: 0.812813, 0, 2.5
side: 0, 0, 0
front only
else
front: 0, 0.494256, 2.5
side: 0, 0, 0
front only
else
else
else
else
front: 0, 0.228152, 2.5
side: 0, 0, 0
front only
else
else
else
else
else
else
else
front: 0.457234, 0, 2.5
side: 0, 0, 0
front only
else
else
else
else
else
front: 0, 0, 2.5
side: 0, 0, 0
front only
front: 0.634061, 1.62607, 2.5
side: 0, 0, 0
front only
else
else
else
else
else
else
else
front: 0, 0.202353, 2.5
back: 0, 0.607059, 7.5
front back
photon_ene: 661.6 photon_theta: 0.100952 photon_phi: 2.21587
traject_len: 5.01635
pe_len: 36.5425 cs_len: 1.1839
---
front: 1.45233, 0.434358, 2.5
side: 0, 0, 0
front only
else
else
else
else
front: 1.06043, 0.838151, 2.5
side: 0, 0, 0
front only
front: 0, 2.36954, 2.5
side: 0, 0, 0
front only
else
else
else
front: 0, 0, 2.5
side: 0, 0, 0
front only
front: 0, 0.373955, 2.5
side: 0, 0, 0
front only
else
front: 0.654391, 0, 2.5
back: 1.96317, 0, 7.5
front back
photon_ene: 661.6 photon_theta: 2.83322 photon_phi: 2.53529
traject_len: 5.16845
pe_len: 46.4819 cs_len: 0.258114
---
else
else
front: 0, 1.68883, 2.5
side: 0, 0, 0
front only
else
front: 1.88015, 1.60339, 2.5
side: 0, 0, 0
front only
else
else
else
front: 0, 0.082499, 2.5
side: 0, 0, 0
front only
else
else
else
front: 0.668445, 0, 2.5
back: 2.00533, 0, 7.5
front back
photon_ene: 661.6 photon_theta: 2.83084 photon_phi: 2.55446
traject_len: 5.17564
pe_len: 1.99797 cs_len: 12.3098
---
else
else
front: 0, 1.15236, 2.5
side: 0, 0, 0
front only
else
front: 2.30417, 0, 2.5
side: 0, 0, 0
front only
else
else
front: 0, 2.214, 2.5
side: 0, 0, 0
front only
else
front: 1.29296, 0.557615, 2.5
side: 0, 0, 0
front only
else
else
else
else
front: 0, 0.968066, 2.5
side: 0, 0, 0
front only
else
front: 1.16277, 0, 2.5
side: 0, 0, 0
front only
front: 0, 0, 2.5
back: 0, 0, 7.5
front back
photon_ene: 661.6 photon_theta: 2.88764 photon_phi: 1.22606
traject_len: 5
pe_len: 7.3136 cs_len: 2.93534
---
else
front: 1.00133, 0.871856, 2.5
side: 0, 0, 0
front only
else
front: 0.315343, 0, 2.5
side: 0, 0, 0
front only
else
front: 0.699666, 0.766635, 2.5
side: 0, 0, 0
front only
front: 0.665876, 0, 2.5
side: 0, 0, 0
front only
front: 0, 0, 2.5
back: 0, 0, 7.5
front back
photon_ene: 661.6 photon_theta: 2.8596 photon_phi: 0.579028
traject_len: 5
pe_len: 19.554 cs_len: 0.19692
---
else
front: 0, 0, 2.5
side: 0, 0, 0
front only
else
front: 0.55088, 0.958751, 2.5
side: 0, 0, 0
front only
front: 0.354921, 0.0763646, 2.5
back: 1.06476, 0.229094, 7.5
front back
photon_ene: 661.6 photon_theta: 2.99738 photon_phi: 3.35352
traject_len: 5.05245
pe_len: 71.9861 cs_len: 8.22051
---
else
else
else
else
else
front: 0.450714, 0.712223, 2.5
side: 0, 0, 0
front only
else
else
else
else
else
front: 0, 0.212756, 2.5
side: 0, 0, 0
front only
else
else
front: 0, 0, 2.5
side: 0, 0, 0
front only
else
else
front: 0.581295, 0, 2.5
side: 0, 0, 0
front only
front: 0.904638, 0, 2.5
side: 0, 0, 0
front only
else
else
else
else
else
else
else
else
else
front: 0.0208867, 1.2966, 2.5
side: 0, 0, 0
front only
else
else
else
else
else
else
else
else
else
else
else
else
front: 0.799566, 0, 2.5
side: 0, 0, 0
front only
else
front: 1.46403, 1.74202, 2.5
side: 0, 0, 0
front only
front: 0, 0.71541, 2.5
back: 0, 2.14623, 7.5
front back
photon_ene: 661.6 photon_theta: 2.86264 photon_phi: 4.7544
traject_len: 5.2007
pe_len: 21.8123 cs_len: 10.5548
---
else
else
front: 1.05016, 2.24577, 2.5
side: 0, 0, 0
front only
else
else
else
else
front: 0.0217375, 0, 2.5
back: 0.0652126, 0, 7.5
front back
photon_ene: 661.6 photon_theta: 3.02627 photon_phi: 1.64593
traject_len: 5.00019
pe_len: 68.4214 cs_len: 0.738676
---
else
else
else
else
else
else
else
else
else
else
else
front: 0, 0, 2.5
side: 0, 0, 0
front only
else
else
else
else
else
else
front: 0.777464, 0, 2.5
side: 0, 0, 0
front only
else
front: 0.914848, 0, 2.5
side: 0, 0, 0
front only
else
front: 0, 0, 2.5
side: 0, 0, 0
front only
else
else
else
front: 0, 1.78143, 2.5
side: 0, 0, 0
front only
else
front: 1.6219, 0, 2.5
side: 0, 0, 0
front only
else
else
else
else
else
else
front: 0, 1.381, 2.5
side: 0, 0, 0
front only
else
else
else
front: 0, 0, 2.5
side: 0, 0, 0
front only
front: 1.58895, 0, 2.5
side: 0, 0, 0
front only
else
else
else
else
else
else
else
front: 0.927807, 0, 2.5
side: 0, 0, 0
front only
front: 0, 0.830686, 2.5
side: 0, 0, 0
front only
front: 0, 0, 2.5
side: 0, 0, 0
front only
else
front: 1.32016, 0, 2.5
side: 0, 0, 0
front only
else
front: 0.49194, 0, 2.5
side: 0, 0, 0
front only
front: 0.971809, 1.0503, 2.5
side: 0, 0, 0
front only
front: 0.0596877, 1.98145, 2.5
side: 0, 0, 0
front only
front: 2.15412, 0, 2.5
side: 0, 0, 0
front only
else
else
else
else
else
else
else
front: 0, 0, 2.5
back: 0, 0, 7.5
front back
photon_ene: 661.6 photon_theta: 0.20641 photon_phi: 3.29066
traject_len: 5
pe_len: 15.858 cs_len: 1.39271
---
front: 0.502656, 0, 2.5
side: 0, 0, 0
front only
front: 1.02223, 0, 2.5
side: 0, 0, 0
front only
else
else
else
else
else
else
front: 2.00864, 1.46726, 2.5
side: 0, 0, 0
front only
front: 1.20898, 0, 2.5
side: 0, 0, 0
front only
front: 0.470054, 1.08467, 2.5
side: 0, 0, 0
front only
else
else
else
else
front: 0.0734105, 0, 2.5
side: 0, 0, 0
front only
else
else
front: 0, 1.29305, 2.5
side: 0, 0, 0
front only
front: 0, 0.965575, 2.5
side: 0, 0, 0
front only
else
else
front: 0.233275, 0, 2.5
back: 0.699826, 0, 7.5
front back
photon_ene: 661.6 photon_theta: 2.86126 photon_phi: 1.90084
traject_len: 5.02172
pe_len: 30.9145 cs_len: 1.5823
---
front: 0, 0, 2.5
side: 0, 0, 0
front only
else
else
front: 0.619113, 1.84902, 2.5
side: 0, 0, 0
front only
else
else
else
else
else
else
front: 1.96557, 0, 2.5
side: 0, 0, 0
front only
else
else
else
else
else
else
else
front: 1.09894, 0, 2.5
side: 0, 0, 0
front only
else
else
front: 0.4768, 1.06858, 2.5
side: 0, 0, 0
front only
front: 0, 0, 2.5
side: 0, 0, 0
front only
front: 0, 0, 2.5
side: 0, 0, 0
front only
else
else
front: 0, 2.21267, 2.5
side: 0, 0, 0
front only
front: 0.193572, 0, 2.5
side: 0, 0, 0
front only
else
else
front: 0.202207, 0.361746, 2.5
back: 0.60662, 1.08524, 7.5
front back
photon_ene: 661.6 photon_theta: 2.97732 photon_phi: 4.20268
traject_len: 5.06823
pe_len: 122.709 cs_len: 3.71175
---
else
else
front: 1.77785, 0.590691, 2.5
side: 0, 0, 0
front only
else
else
else
else
else
front: 0, 0, 2.5
back: 0, 0, 7.5
front back
photon_ene: 661.6 photon_theta: 2.94223 photon_phi: 1.07492
traject_len: 5
pe_len: 6.57883 cs_len: 1.07171
---
front: 0, 0.0169076, 2.5
back: 0, 0.0507227, 7.5
front back
photon_ene: 661.6 photon_theta: 0.0440448 photon_phi: 2.98753
traject_len: 5.00011
pe_len: 24.5207 cs_len: 1.05159
---
else
else
front: 0, 0, 2.5
side: 0, 0, 0
front only
front: 0, 1.95353, 2.5
side: 0, 0, 0
front only
else
else
else
else
front: 0, 1.95956, 2.5
side: 0, 0, 0
front only
front: 1.8214, 0.846291, 2.5
side: 0, 0, 0
front only
else
front: 0, 0, 2.5
side: 0, 0, 0
front only
else
else
else
else
else
else
else
else
else
else
else
else
else
front: 0, 0.0734402, 2.5
side: 0, 0, 0
front only
else
else
front: 0, 0, 2.5
back: 0, 0, 7.5
front back
photon_ene: 661.6 photon_theta: 0.245487 photon_phi: 4.56259
traject_len: 5
pe_len: 28.0327 cs_len: 3.27769
---
else
front: 0.456322, 0.868619, 2.5
side: 0, 0, 0
front only
else
else
else
else
else
else
else
else
else
else
front: 1.65275, 0, 2.5
side: 0, 0, 0
front only
front: 0, 0.182884, 2.5
side: 0, 0, 0
front only
else
else
else
else
front: 1.02845, 0.376226, 2.5
side: 0, 0, 0
front only
else
else
front: 0, 0, 2.5
side: 0, 0, 0
front only
else
front: 0, 0.4968, 2.5
side: 0, 0, 0
front only
else
else
else
else
front: 0.541593, 0.612748, 2.5
back: 1.62478, 1.83824, 7.5
front back
photon_ene: 661.6 photon_theta: 2.82545 photon_phi: 3.98855
traject_len: 5.26072
pe_len: 15.5455 cs_len: 5.21653
---
else
else
else
front: 1.11998, 0, 2.5
side: 0, 0, 0
front only
front: 0, 0, 2.5
side: 0, 0, 0
front only
else
else
else
else
else
else
else
else
else
else
front: 0, 0, 2.5
side: 0, 0, 0
front only
else
else
else
front: 1.97434, 0.655085, 2.5
side: 0, 0, 0
front only
else
else
else
else
front: 0.674077, 0.741384, 2.5
side: 0, 0, 0
front only
else
else
else
else
front: 0, 0, 2.5
back: 0, 0, 7.5
front back
photon_ene: 661.6 photon_theta: 0.0930098 photon_phi: 4.2533
traject_len: 5
pe_len: 41.6649 cs_len: 1.41292
---
else
front: 0, 0, 2.5
side: 0, 0, 0
front only
else
else
front: 0.272292, 1.31635, 2.5
side: 0, 0, 0
front only
front: 1.74005, 0, 2.5
side: 0, 0, 0
front only
else
front: 1.90087, 0, 2.5
side: 0, 0, 0
front only
else
else
else
else
front: 0, 0.237403, 2.5
side: 0, 0, 0
front only
else
front: 0.396589, 0.72105, 2.5
back: 1.18977, 2.16315, 7.5
front back
photon_ene: 661.6 photon_theta: 2.8236 photon_phi: 4.20953
traject_len: 5.26391
pe_len: 1.59466 cs_len: 6.91636
---
else
else
else
else
else
front: 0, 0.334758, 2.5
side: 0, 0, 0
front only
else
else
front: 0, 1.32178, 2.5
side: 0, 0, 0
front only
front: 0, 1.43569, 2.5
side: 0, 0, 0
front only
else
front: 0.577458, 0, 2.5
back: 1.73237, 0, 7.5
front back
photon_ene: 661.6 photon_theta: 2.90233 photon_phi: 2.8143
traject_len: 5.13165
pe_len: 22.4042 cs_len: 9.58797
---
else
else
else
else
else
else
front: 0, 0, 2.5
side: 0, 0, 0
front only
else
else
front: 1.3398, 0.745058, 2.5
side: 0, 0, 0
front only
else
else
else
else
else
else
front: 0, 0, 2.5
side: 0, 0, 0
front only
else
else
else
else
else
else
else
else
else
else
else
else
else
else
else
front: 0, 0, 2.5
side: 0, 0, 0
front only
else
else
else
else
else
else
front: 0, 0.343573, 2.5
side: 0, 0, 0
front only
else
else
else
else
else
else
front: 0, 0, 2.5
side: 0, 0, 0
front only
else
else
else
else
else
else
front: 0, 0.378427, 2.5
back: 0, 1.13528, 7.5
front back
photon_ene: 661.6 photon_theta: 0.252817 photon_phi: 2.51557
traject_len: 5.05696
pe_len: 29.0949 cs_len: 2.76603
---
else
else
else
else
else
front: 0.349095, 0.326764, 2.5
back: 1.04729, 0.980291, 7.5
front back
photon_ene: 661.6 photon_theta: 2.95261 photon_phi: 3.89396
traject_len: 5.09064
pe_len: 49.6723 cs_len: 4.06894
---
else
else
else
else
front: 1.89272, 0, 2.5
side: 0, 0, 0
front only
else
else
front: 0, 0.146943, 2.5
side: 0, 0, 0
front only
front: 0, 0, 2.5
back: 0, 0, 7.5
front back
photon_ene: 661.6 photon_theta: 0.24395 photon_phi: 3.77179
traject_len: 5
pe_len: 20.1586 cs_len: 4.77641
---
front: 0.428524, 0.437908, 2.5
back: 1.28557, 1.31372, 7.5
front back
photon_ene: 661.6 photon_theta: 0.240341 photon_phi: 0.796228
traject_len: 5.14797
pe_len: 56.2493 cs_len: 0.721143
---
else
else
else
else
else
else
else
else
else
else
else
else
else
else
front: 0, 0.526147, 2.5
back: 0, 1.57844, 7.5
front back
photon_ene: 661.6 photon_theta: 2.89234 photon_phi: 5.30976
traject_len: 5.10953
pe_len: 18.4299 cs_len: 1.54978
---
else
else
else
else
else
else
else
front: 0, 0, 2.5
side: 0, 0, 0
front only
else
else
else
else
else
front: 1.72695, 1.25859, 2.5
side: 0, 0, 0
front only
else
front: 0, 0, 2.5
side: 0, 0, 0
front only
else
front: 0, 0, 2.5
back: 0, 0, 7.5
front back
photon_ene: 661.6 photon_theta: 0.266501 photon_phi: 4.55971
traject_len: 5
pe_len: 1.11709 cs_len: 2.95399
---
else
else
else
else
front: 0, 0.278579, 2.5
side: 0, 0, 0
front only
else
else
else
front: 0.547052, 0, 2.5
back: 1.64116, 0, 7.5
front back
photon_ene: 661.6 photon_theta: 0.235411 photon_phi: 5.86123
traject_len: 5.11831
pe_len: 29.6141 cs_len: 2.06804
---
else
else
else
front: 0.653397, 0, 2.5
side: 0, 0, 0
front only
else
else
else
front: 0.517115, 0, 2.5
side: 0, 0, 0
front only
else
front: 0.330386, 0, 2.5
side: 0, 0, 0
front only
else
front: 0.407296, 0.61224, 2.5
back: 1.22189, 1.83672, 7.5
front back
photon_ene: 661.6 photon_theta: 2.85552 photon_phi: 4.12536
traject_len: 5.2118
pe_len: 35.3646 cs_len: 1.19346
---
front: 0.356201, 0.506732, 2.5
back: 1.0686, 1.5202, 7.5
front back
photon_ene: 661.6 photon_theta: 0.242869 photon_phi: 0.958102
traject_len: 5.15118
pe_len: 38.079 cs_len: 5.11368
---
else
else
else
front: 0, 1.04024, 2.5
side: 0, 0, 0
front only
else
front: 0.407529, 1.79323, 2.5
side: 0, 0, 0
front only
else
else
front: 1.66024, 0, 2.5
side: 0, 0, 0
front only
front: 0, 0.599374, 2.5
side: 0, 0, 0
front only
else
else
front: 0, 0.946712, 2.5
side: 0, 0, 0
front only
front: 0, 0, 2.5
side: 0, 0, 0
front only
else
else
else
else
else
front: 0, 0, 2.5
side: 0, 0, 0
front only
else
else
else
else
front: 0.699337, 0, 2.5
side: 0, 0, 0
front only
else
else
else
else
front: 0, 0, 2.5
side: 0, 0, 0
front only
front: 0, 0.376609, 2.5
side: 0, 0, 0
front only
front: 1.33694, 0, 2.5
side: 0, 0, 0
front only
else
front: 0, 0.995305, 2.5
side: 0, 0, 0
front only
else
front: 1.64859, 0, 2.5
side: 0, 0, 0
front only
else
front: 0, 0.417062, 2.5
back: 0, 1.25119, 7.5
front back
photon_ene: 661.6 photon_theta: 0.282294 photon_phi: 2.52877
traject_len: 5.0691
pe_len: 51.6672 cs_len: 7.50003
---
else
front: 0, 0.192089, 2.5
back: 0, 0.576267, 7.5
front back
photon_ene: 661.6 photon_theta: 0.128264 photon_phi: 2.50339
traject_len: 5.01474
pe_len: 21.3358 cs_len: 7.5397
---
else
else
else
front: 1.63806, 0, 2.5
side: 0, 0, 0
front only
else
else
else
else
front: 2.02169, 0, 2.5
side: 0, 0, 0
front only
front: 0, 0, 2.5
back: 0, 0, 7.5
front back
photon_ene: 661.6 photon_theta: 2.92828 photon_phi: 0.18673
traject_len: 5
pe_len: 38.7522 cs_len: 1.88071
---
front: 0, 0.601643, 2.5
side: 0, 0, 0
front only
else
else
else
front: 0, 0, 2.5
side: 0, 0, 0
front only
else
else
front: 0.167675, 0.167024, 2.5
back: 0.503025, 0.501073, 7.5
front back
photon_ene: 661.6 photon_theta: 3.04721 photon_phi: 3.92505
traject_len: 5.02235
pe_len: 37.4888 cs_len: 4.78845
---
front: 0, 0, 2.5
side: 0, 0, 0
front only
else
else
else
else
front: 0, 0.625766, 2.5
side: 0, 0, 0
front only
else
else
else
else
else
else
front: 1.48447, 0, 2.5
side: 0, 0, 0
front only
else
front: 0, 0, 2.5
side: 0, 0, 0
front only
front: 0, 0.486011, 2.5
side: 0, 0, 0
front only
else
front: 0, 0.911086, 2.5
side: 0, 0, 0
front only
else
else
else
else
else
else
else
else
else
front: 0.733908, 0, 2.5
back: 2.20172, 0, 7.5
front back
photon_ene: 661.6 photon_theta: 0.303877 photon_phi: 5.92387
traject_len: 5.211
pe_len: 10.0894 cs_len: 7.90617
---
else
else
else
front: 0, 0, 2.5
side: 0, 0, 0
front only
else
else
else
else
else
else
else
else
front: 0, 0, 2.5
side: 0, 0, 0
front only
else
else
else
else
front: 0.991308, 0, 2.5
side: 0, 0, 0
front only
front: 1.16645, 1.26744, 2.5
side: 0, 0, 0
front only
else
else
front: 0.890465, 0, 2.5
side: 0, 0, 0
front only
else
front: 1.72333, 1.1229, 2.5
side: 0, 0, 0
front only
else
front: 1.48988, 0.323073, 2.5
side: 0, 0, 0
front only
front: 0, 0.880663, 2.5
side: 0, 0, 0
front only
else
else
front: 0, 1.53817, 2.5
side: 0, 0, 0
front only
else
else
else
else
front: 0, 0.116559, 2.5
side: 0, 0, 0
front only
else
else
front: 0.75257, 0.329204, 2.5
back: 2.25771, 0.987611, 7.5
front back
photon_ene: 661.6 photon_theta: 2.82414 photon_phi: 3.55395
traject_len: 5.26298
pe_len: 7.18623 cs_len: 3.00793
---
else
else
else
else
else
front: 0.193271, 0, 2.5
back: 0.579813, 0, 7.5
front back
photon_ene: 661.6 photon_theta: 3.06193 photon_phi: 2.88929
traject_len: 5.01492
pe_len: 8.9805 cs_len: 0.481448
---
front: 1.58033, 0, 2.5
side: 0, 0, 0
front only
else
else
else
else
else
front: 0.798947, 0, 2.5
side: 0, 0, 0
front only
front: 1.85579, 1.5071, 2.5
side: 0, 0, 0
front only
else
front: 2.3097, 0, 2.5
side: 0, 0, 0
front only
else
else
else
front: 0, 0.820764, 2.5
side: 0, 0, 0
front only
front: 0, 0.907228, 2.5
side: 0, 0, 0
front only
else
else
front: 0, 0.373793, 2.5
side: 0, 0, 0
front only
else
else
else
else
front: 1.56561, 0.188812, 2.5
side: 0, 0, 0
front only
else
else
else
else
front: 0.0377935, 0, 2.5
back: 0.11338, 0, 7.5
front back
photon_ene: 661.6 photon_theta: 0.164399 photon_phi: 4.80364
traject_len: 5.00057
pe_len: 54.8676 cs_len: 3.28494
---
front: 0, 0, 2.5
side: 0, 0, 0
front only
front: 0, 0, 2.5
side: 0, 0, 0
front only
else
front: 0.466694, 0.212696, 2.5
back: 1.40008, 0.638088, 7.5
front back
photon_ene: 661.6 photon_theta: 2.93925 photon_phi: 3.56922
traject_len: 5.10413
pe_len: 35.044 cs_len: 3.57974
---
else
front: 0, 0.947456, 2.5
side: 0, 0, 0
front only
front: 0.937148, 0.777832, 2.5
side: 0, 0, 0
front only
else
else
else
else
else
else
else
else
front: 0, 0.974313, 2.5
side: 0, 0, 0
front only
front: 0, 1.49697, 2.5
side: 0, 0, 0
front only
else
else
else
else
else
front: 0, 0, 2.5
side: 0, 0, 0
front only
else
else
else
else
front: 0.850964, 1.13885, 2.5
side: 0, 0, 0
front only
else
else
front: 0, 1.07705, 2.5
side: 0, 0, 0
front only
front: 0.467398, 1.49985, 2.5
side: 0, 0, 0
front only
else
else
else
front: 0.583154, 0.909507, 2.5
side: 0, 0, 0
front only
front: 0.867341, 0, 2.5
side: 0, 0, 0
front only
else
front: 0, 0, 2.5
side: 0, 0, 0
front only
else
else
else
else
else
else
front: 0, 0, 2.5
back: 0, 0, 7.5
front back
photon_ene: 661.6 photon_theta: 0.142908 photon_phi: 3.47495
traject_len: 5
pe_len: 12.2172 cs_len: 0.566345
---
front: 0, 0, 2.5
side: 0, 0, 0
front only
else
front: 0.147256, 0.653423, 2.5
back: 0.441769, 1.96027, 7.5
front back
photon_ene: 661.6 photon_theta: 2.87982 photon_phi: 4.49073
traject_len: 5.17635
pe_len: 24.1207 cs_len: 4.53734
---
else
front: 0.564892, 0.0107006, 2.5
back: 1.69468, 0.0321018, 7.5
front back
photon_ene: 661.6 photon_theta: 0.222264 photon_phi: 0.0189405
traject_len: 5.1261
pe_len: 22.9554 cs_len: 10.8517
---
else
front: 0.071504, 0, 2.5
back: 0.214512, 0, 7.5
front back
photon_ene: 661.6 photon_theta: 2.91928 photon_phi: 1.69767
traject_len: 5.00204
pe_len: 9.55331 cs_len: 1.3441
---
else
front: 1.11397, 0, 2.5
side: 0, 0, 0
front only
else
else
else
else
else
front: 0.148465, 0.266161, 2.5
back: 0.445396, 0.798484, 7.5
front back
photon_ene: 661.6 photon_theta: 3.02028 photon_phi: 4.20358
traject_len: 5.03702
pe_len: 29.2545 cs_len: 1.86144
---
else
front: 0, 0.808023, 2.5
side: 0, 0, 0
front only
else
else
else
else
else
else
else
front: 0, 1.37502, 2.5
side: 0, 0, 0
front only
else
else
front: 2.42889, 0, 2.5
side: 0, 0, 0
front only
front: 0.717871, 1.36252, 2.5
side: 0, 0, 0
front only
front: 0, 1.32239, 2.5
side: 0, 0, 0
front only
front: 0, 0, 2.5
back: 0, 0, 7.5
front back
photon_ene: 661.6 photon_theta: 2.83478 photon_phi: 1.42501
traject_len: 5
pe_len: 9.64652 cs_len: 0.0475446
---
else
else
else
else
else
else
else
else
else
front: 0, 0, 2.5
side: 0, 0, 0
front only
else
front: 0, 1.7668, 2.5
side: 0, 0, 0
front only
else
else
else
else
front: 1.08283, 0, 2.5
side: 0, 0, 0
front only
else
front: 1.16039, 0.128437, 2.5
side: 0, 0, 0
front only
else
else
front: 1.93551, 0.353556, 2.5
side: 0, 0, 0
front only
else
front: 1.8762, 0, 2.5
side: 0, 0, 0
front only
else
else
else
else
else
else
front: 0.64885, 0.997247, 2.5
side: 0, 0, 0
front only
else
else
else
else
else
else
else
else
front: 0, 1.28252, 2.5
side: 0, 0, 0
front only
front: 0.248066, 0.488684, 2.5
back: 0.744198, 1.46605, 7.5
front back
photon_ene: 661.6 photon_theta: 2.92579 photon_phi: 4.24266
traject_len: 5.11873
pe_len: 44.4729 cs_len: 0.176468
---
front: 1.92255, 0, 2.5
side: 0, 0, 0
front only
else
else
front: 0, 1.11788, 2.5
side: 0, 0, 0
front only
else
front: 1.22903, 1.9397, 2.5
side: 0, 0, 0
front only
front: 1.23423, 0, 2.5
side: 0, 0, 0
front only
else
else
else
else
else
else
else
else
front: 0, 0, 2.5
side: 0, 0, 0
front only
else
else
else
else
else
else
front: 1.51186, 1.15114, 2.5
side: 0, 0, 0
front only
else
else
else
else
else
else
else
else
else
else
front: 0, 0, 2.5
side: 0, 0, 0
front only
front: 0, 0.412305, 2.5
back: 0, 1.23691, 7.5
front back
photon_ene: 661.6 photon_theta: 2.8601 photon_phi: 5.67628
traject_len: 5.06754
pe_len: 20.6529 cs_len: 0.779155
---
else
else
front: 0.649669, 0, 2.5
side: 0, 0, 0
front only
else
else
else
front: 0, 0, 2.5
side: 0, 0, 0
front only
else
else
else
front: 0.205309, 0, 2.5
side: 0, 0, 0
front only
else
front: 0, 0, 2.5
back: 0, 0, 7.5
front back
photon_ene: 661.6 photon_theta: 0.262864 photon_phi: 3.99269
traject_len: 5
pe_len: 8.68051 cs_len: 3.74365
---
else
else
else
front: 2.34093, 0, 2.5
side: 0, 0, 0
front only
front: 0.857142, 0, 2.5
side: 0, 0, 0
front only
front: 0.751245, 0, 2.5
back: 2.25374, 0, 7.5
front back
photon_ene: 661.6 photon_theta: 0.293911 photon_phi: 6.16312
traject_len: 5.22087
pe_len: 98.5089 cs_len: 2.61419
---
front: 1.48894, 0, 2.5
side: 0, 0, 0
front only
else
else
else
front: 1.34438, 0, 2.5
side: 0, 0, 0
front only
front: 0, 0.113982, 2.5
side: 0, 0, 0
front only
else
front: 0, 0, 2.5
side: 0, 0, 0
front only
else
else
else
else
else
else
else
else
else
else
else
else
front: 0, 1.51743, 2.5
side: 0, 0, 0
front only
front: 0, 0, 2.5
side: 0, 0, 0
front only
else
else
else
else
else
else
front: 0.887138, 0, 2.5
side: 0, 0, 0
front only
else
else
else
else
else
else
else
front: 0, 0.931604, 2.5
side: 0, 0, 0
front only
else
else
front: 0, 0.924399, 2.5
side: 0, 0, 0
front only
else
else
front: 1.25988, 0, 2.5
side: 0, 0, 0
front only
front: 0, 0, 2.5
side: 0, 0, 0
front only
else
else
else
else
else
front: 0.643358, 0, 2.5
side: 0, 0, 0
front only
else
else
front: 0, 0.354948, 2.5
side: 0, 0, 0
front only
front: 0, 1.58643, 2.5
side: 0, 0, 0
front only
else
else
else
else
else
else
else
else
else
else
else
else
else
else
else
else
else
front: 1.3215, 0.187347, 2.5
side: 0, 0, 0
front only
else
else
else
front: 0.0862467, 0, 2.5
side: 0, 0, 0
front only
else
else
else
else
front: 0.073019, 0.115893, 2.5
back: 0.219057, 0.34768, 7.5
front back
photon_ene: 661.6 photon_theta: 3.08686 photon_phi: 4.15016
traject_len: 5.0075
pe_len: 98.2375 cs_len: 5.67013
---
else
else
else
front: 0, 2.01583, 2.5
side: 0, 0, 0
front only
else
else
else
else
else
front: 0, 1.08637, 2.5
side: 0, 0, 0
front only
else
else
front: 0.916459, 0, 2.5
side: 0, 0, 0
front only
else
else
else
else
else
else
else
front: 0, 0, 2.5
side: 0, 0, 0
front only
front: 0.627697, 1.1543, 2.5
side: 0, 0, 0
front only
else
else
else
front: 1.47055, 0.39892, 2.5
side: 0, 0, 0
front only
else
else
else
else
else
else
else
else
else
else
else
front: 0, 0.826193, 2.5
side: 0, 0, 0
front only
else
else
front: 0.92994, 0, 2.5
side: 0, 0, 0
front only
else
else
else
else
else
else
else
else
else
else
else
else
else
front: 0.070209, 2.26752, 2.5
side: 0, 0, 0
front only
else
else
front: 0, 0, 2.5
side: 0, 0, 0
front only
front: 0, 0, 2.5
side: 0, 0, 0
front only
else
else
else
else
front: 0, 0, 2.5
side: 0, 0, 0
front only
else
else
else
else
else
else
front: 0.130388, 0, 2.5
back: 0.391163, 0, 7.5
front back
photon_ene: 661.6 photon_theta: 3.07208 photon_phi: 2.41746
traject_len: 5.0068
pe_len: 15.0516 cs_len: 1.15644
---
front: 0, 0.26295, 2.5
side: 0, 0, 0
front only
front: 0.456075, 0, 2.5
side: 0, 0, 0
front only
front: 1.52979, 0, 2.5
side: 0, 0, 0
front only
else
else
else
else
else
else
else
else
else
front: 0, 2.20206, 2.5
side: 0, 0, 0
front only
front: 0, 0, 2.5
side: 0, 0, 0
front only
front: 0, 1.59085, 2.5
side: 0, 0, 0
front only
front: 0.667942, 0, 2.5
back: 2.00383, 0, 7.5
front back
photon_ene: 661.6 photon_theta: 0.310281 photon_phi: 5.69738
traject_len: 5.17538
pe_len: 10.9306 cs_len: 3.91367
---
front: 0.881386, 1.30891, 2.5
side: 0, 0, 0
front only
front: 0, 1.71755, 2.5
side: 0, 0, 0
front only
else
front: 0.528838, 1.08136, 2.5
side: 0, 0, 0
front only
else
front: 0, 0, 2.5
side: 0, 0, 0
front only
else
else
front: 0, 0.96878, 2.5
side: 0, 0, 0
front only
front: 1.4316, 0, 2.5
side: 0, 0, 0
front only
front: 0, 0, 2.5
side: 0, 0, 0
front only
front: 0.930151, 0.0687958, 2.5
side: 0, 0, 0
front only
else
else
front: 2.23272, 0, 2.5
side: 0, 0, 0
front only
front: 0, 0, 2.5
back: 0, 0, 7.5
front back
photon_ene: 661.6 photon_theta: 0.262505 photon_phi: 4.68676
traject_len: 5
pe_len: 3.01572 cs_len: 8.10088
---
else
else
else
else
else
else
else
else
else
else
else
else
front: 0.92444, 0.52406, 2.5
side: 0, 0, 0
front only
else
else
else
front: 2.16425, 0, 2.5
side: 0, 0, 0
front only
else
else
else
else
else
else
else
else
else
else
front: 0, 0.688621, 2.5
side: 0, 0, 0
front only
front: 1.07496, 0.34247, 2.5
side: 0, 0, 0
front only
else
else
else
front: 0.113358, 1.55705, 2.5
side: 0, 0, 0
front only
else
front: 0.384151, 0.74494, 2.5
side: 0, 0, 0
front only
else
front: 1.01186, 0.648692, 2.5
side: 0, 0, 0
front only
else
else
else
else
else
front: 0.751174, 0, 2.5
side: 0, 0, 0
front only
else
front: 1.06648, 0, 2.5
side: 0, 0, 0
front only
front: 0.667543, 0.68719, 2.5
side: 0, 0, 0
front only
front: 0, 0, 2.5
back: 0, 0, 7.5
front back
photon_ene: 661.6 photon_theta: 0.289947 photon_phi: 3.60019
traject_len: 5
pe_len: 45.3598 cs_len: 2.84213
---
front: 0, 0.183422, 2.5
side: 0, 0, 0
front only
front: 0, 0.44114, 2.5
side: 0, 0, 0
front only
front: 0, 0, 2.5
side: 0, 0, 0
front only
front: 0.565476, 0, 2.5
side: 0, 0, 0
front only
front: 0, 2.382, 2.5
side: 0, 0, 0
front only
front: 0.589331, 0, 2.5
side: 0, 0, 0
front only
else
front: 0.553699, 0, 2.5
side: 0, 0, 0
front only
else
else
front: 0, 2.22317, 2.5
side: 0, 0, 0
front only
else
else
front: 0, 0.856707, 2.5
side: 0, 0, 0
front only
else
else
front: 1.18312, 0, 2.5
side: 0, 0, 0
front only
else
else
else
else
front: 0, 0, 2.5
side: 0, 0, 0
front only
else
else
else
else
else
front: 0, 0.145666, 2.5
side: 0, 0, 0
front only
else
else
else
else
front: 0, 0.27052, 2.5
back: 0, 0.811561, 7.5
front back
photon_ene: 661.6 photon_theta: 0.208296 photon_phi: 2.60413
traject_len: 5.02919
pe_len: 8.99336 cs_len: 6.05868
---
else
else
front: 1.05317, 0, 2.5
side: 0, 0, 0
front only
else
front: 1.08536, 0.423361, 2.5
side: 0, 0, 0
front only
else
front: 1.65636, 0.880363, 2.5
side: 0, 0, 0
front only
else
else
front: 0, 0.669022, 2.5
side: 0, 0, 0
front only
else
front: 0, 0, 2.5
side: 0, 0, 0
front only
else
else
else
else
front: 0.223778, 0.21877, 2.5
back: 0.671334, 0.656309, 7.5
front back
photon_ene: 661.6 photon_theta: 3.01706 photon_phi: 3.91567
traject_len: 5.03902
pe_len: 15.4149 cs_len: 0.95283
---
front: 1.96754, 0, 2.5
side: 0, 0, 0
front only
front: 0.489558, 1.49917, 2.5
side: 0, 0, 0
front only
else
front: 0, 0.540513, 2.5
side: 0, 0, 0
front only
else
else
else
else
front: 2.00102, 0.533604, 2.5
side: 0, 0, 0
front only
front: 1.31319, 0.106215, 2.5
side: 0, 0, 0
front only
else
front: 0, 0, 2.5
back: 0, 0, 7.5
front back
photon_ene: 661.6 photon_theta: 0.145811 photon_phi: 4.55764
traject_len: 5
pe_len: 14.8084 cs_len: 1.91321
---
else
front: 0, 1.85554, 2.5
side: 0, 0, 0
front only
front: 0.808001, 1.67441, 2.5
side: 0, 0, 0
front only
else
else
else
else
else
else
front: 0, 1.87596, 2.5
side: 0, 0, 0
front only
else
else
else
else
front: 1.32751, 0, 2.5
side: 0, 0, 0
front only
else
else
else
front: 0, 0.0274145, 2.5
back: 0, 0.0822434, 7.5
front back
photon_ene: 661.6 photon_theta: 2.8524 photon_phi: 6.24632
traject_len: 5.0003
pe_len: 18.1139 cs_len: 0.977333
---
front: 0, 0, 2.5
side: 0, 0, 0
front only
front: 1.11269, 0.381975, 2.5
side: 0, 0, 0
front only
else
else
else
else
front: 0.871784, 0, 2.5
side: 0, 0, 0
front only
front: 0.627553, 0, 2.5
back: 1.88266, 0, 7.5
front back
photon_ene: 661.6 photon_theta: 2.87836 photon_phi: 2.76924
traject_len: 5.15512
pe_len: 2.05924 cs_len: 3.08843
---
front: 0, 0.843991, 2.5
side: 0, 0, 0
front only
front: 0.932397, 0, 2.5
side: 0, 0, 0
front only
else
else
front: 1.7572, 0.302109, 2.5
side: 0, 0, 0
front only
front: 0, 1.23085, 2.5
side: 0, 0, 0
front only
else
else
front: 1.49207, 0, 2.5
side: 0, 0, 0
front only
else
else
else
front: 0.333734, 0, 2.5
back: 1.0012, 0, 7.5
front back
photon_ene: 661.6 photon_theta: 0.141764 photon_phi: 5.92162
traject_len: 5.04435
pe_len: 24.2748 cs_len: 0.397441
---
else
front: 0, 0.807869, 2.5
side: 0, 0, 0
front only
else
else
else
else
front: 0, 0, 2.5
side: 0, 0, 0
front only
front: 2.00927, 0, 2.5
side: 0, 0, 0
front only
else
else
else
else
else
else
else
else
else
else
else
else
else
front: 0, 1.87216, 2.5
side: 0, 0, 0
front only
else
front: 1.62882, 1.11518, 2.5
side: 0, 0, 0
front only
else
else
else
else
else
else
front: 0.315264, 0, 2.5
back: 0.945791, 0, 7.5
front back
photon_ene: 661.6 photon_theta: 0.185277 photon_phi: 5.45041
traject_len: 5.0396
pe_len: 6.06604 cs_len: 0.87279
---
else
front: 0, 0.727572, 2.5
back: 0, 2.18272, 7.5
front back
photon_ene: 661.6 photon_theta: 0.313537 photon_phi: 2.02731
traject_len: 5.20744
pe_len: 11.8386 cs_len: 0.704887
---
else
front: 0, 0, 2.5
side: 0, 0, 0
front only
front: 0, 0, 2.5
side: 0, 0, 0
front only
else
else
front: 0, 1.1342, 2.5
side: 0, 0, 0
front only
else
else
else
else
front: 0, 0, 2.5
back: 0, 0, 7.5
front back
photon_ene: 661.6 photon_theta: 3.02689 photon_phi: 1.20777
traject_len: 5
pe_len: 139.623 cs_len: 3.18024
---
else
else
else
else
else
else
front: 0.680406, 0, 2.5
side: 0, 0, 0
front only
else
front: 0, 0.354635, 2.5
back: 0, 1.0639, 7.5
front back
photon_ene: 661.6 photon_theta: 2.9716 photon_phi: 5.31045
traject_len: 5.05006
pe_len: 25.9349 cs_len: 0.523047
---
else
else
else
else
else
else
front: 1.01835, 0.661939, 2.5
side: 0, 0, 0
front only
else
else
front: 0.0880873, 0.796333, 2.5
back: 0.264262, 2.389, 7.5
front back
photon_ene: 661.6 photon_theta: 0.310135 photon_phi: 1.46063
traject_len: 5.25049
pe_len: 18.895 cs_len: 2.22317
---
front: 0, 0, 2.5
side: 0, 0, 0
front only
else
else
else
else
else
else
else
front: 0, 1.65507, 2.5
side: 0, 0, 0
front only
else
else
front: 2.26299, 0.447992, 2.5
side: 0, 0, 0
front only
else
front: 0, 0, 2.5
back: 0, 0, 7.5
front back
photon_ene: 661.6 photon_theta: 2.88555 photon_phi: 0.84932
traject_len: 5
pe_len: 31.7112 cs_len: 2.08908
---
else
front: 2.35576, 0.818864, 2.5
side: 0, 0, 0
front only
else
else
front: 0, 0, 2.5
side: 0, 0, 0
front only
front: 0.32952, 0.0470405, 2.5
back: 0.988561, 0.141122, 7.5
front back
photon_ene: 661.6 photon_theta: 3.00923 photon_phi: 3.28339
traject_len: 5.04412
pe_len: 24.6988 cs_len: 0.0134309
---
front: 0, 0, 2.5
side: 0, 0, 0
front only
front: 0.482961, 0, 2.5
side: 0, 0, 0
front only
else
else
else
front: 0, 0, 2.5
back: 0, 0, 7.5
front back
photon_ene: 661.6 photon_theta: 3.00724 photon_phi: 0.946896
traject_len: 5
pe_len: 34.3892 cs_len: 0.889906
---
front: 0, 0.343655, 2.5
side: 0, 0, 0
front only
else
else
else
else
else
front: 0, 0, 2.5
side: 0, 0, 0
front only
else
else
else
else
else
else
else
else
front: 1.37739, 0.224372, 2.5
side: 0, 0, 0
front only
else
front: 0, 1.93841, 2.5
side: 0, 0, 0
front only
else
else
else
front: 1.30588, 0, 2.5
side: 0, 0, 0
front only
front: 0.983322, 0, 2.5
side: 0, 0, 0
front only
front: 0.0546273, 0, 2.5
back: 0.163882, 0, 7.5
front back
photon_ene: 661.6 photon_theta: 0.285493 photon_phi: 4.7869
traject_len: 5.00119
pe_len: 33.0743 cs_len: 4.09626
---
else
else
else
else
else
else
else
front: 0.586994, 0.278412, 2.5
back: 1.76098, 0.835236, 7.5
front back
photon_ene: 661.6 photon_theta: 0.254246 photon_phi: 0.442878
traject_len: 5.16607
pe_len: 20.5459 cs_len: 2.08402
---
front: 0.176939, 0, 2.5
back: 0.530816, 0, 7.5
front back
photon_ene: 661.6 photon_theta: 2.91142 photon_phi: 1.87762
traject_len: 5.01251
pe_len: 34.7051 cs_len: 11.0863
---
else
else
else
front: 2.01815, 0.838638, 2.5
side: 0, 0, 0
front only
front: 0, 0, 2.5
back: 0, 0, 7.5
front back
photon_ene: 661.6 photon_theta: 0.136815 photon_phi: 3.40065
traject_len: 5
pe_len: 6.57571 cs_len: 3.9382
---
front: 0.97082, 0.467059, 2.5
side: 0, 0, 0
front only
else
front: 0, 1.10159, 2.5
side: 0, 0, 0
front only
else
else
front: 0, 0.80801, 2.5
side: 0, 0, 0
front only
else
front: 0, 0, 2.5
side: 0, 0, 0
front only
else
else
front: 0.933683, 0.997745, 2.5
side: 0, 0, 0
front only
else
else
else
else
else
else
else
else
else
else
else
front: 1.04031, 0, 2.5
side: 0, 0, 0
front only
front: 0.605032, 0, 2.5
side: 0, 0, 0
front only
else
front: 0, 0, 2.5
back: 0, 0, 7.5
front back
photon_ene: 661.6 photon_theta: 0.31423 photon_phi: 4.3678
traject_len: 5
pe_len: 40.4047 cs_len: 2.43967
---
else
else
front: 0.694048, 1.39141, 2.5
side: 0, 0, 0
front only
else
else
else
front: 0, 0.568223, 2.5
side: 0, 0, 0
front only
else
else
else
else
else
else
front: 0.218378, 0.739016, 2.5
back: 0.655135, 2.21705, 7.5
front back
photon_ene: 661.6 photon_theta: 0.299001 photon_phi: 1.28347
traject_len: 5.23214
pe_len: 2.74574 cs_len: 0.335721
---
else
else
else
else
else
front: 0, 0, 2.5
back: 0, 0, 7.5
front back
photon_ene: 661.6 photon_theta: 0.288536 photon_phi: 4.41851
traject_len: 5
pe_len: 10.4948 cs_len: 0.667745
---
front: 0.450413, 0.416891, 2.5
back: 1.35124, 1.25067, 7.5
front back
photon_ene: 661.6 photon_theta: 0.240733 photon_phi: 0.746767
traject_len: 5.14846
pe_len: 1.25121 cs_len: 2.78908
---
else
front: 0.304311, 0, 2.5
side: 0, 0, 0
front only
else
else
else
else
front: 0, 0, 2.5
back: 0, 0, 7.5
front back
photon_ene: 661.6 photon_theta: 3.04157 photon_phi: 0.865986
traject_len: 5
pe_len: 16.8588 cs_len: 0.454702
---
else
front: 0.452832, 0, 2.5
side: 0, 0, 0
front only
else
front: 0.0716094, 1.66636, 2.5
side: 0, 0, 0
front only
front: 1.39118, 0, 2.5
side: 0, 0, 0
front only
else
else
else
else
else
else
front: 0, 0.808291, 2.5
side: 0, 0, 0
front only
else
else
front: 0, 0.352975, 2.5
side: 0, 0, 0
front only
front: 0.82951, 0, 2.5
side: 0, 0, 0
front only
else
else
else
front: 0, 0.882892, 2.5
side: 0, 0, 0
front only
else
else
front: 0, 0, 2.5
side: 0, 0, 0
front only
front: 2.01458, 0, 2.5
side: 0, 0, 0
front only
front: 0, 0, 2.5
side: 0, 0, 0
front only
else
front: 0, 0.366474, 2.5
side: 0, 0, 0
front only
else
else
else
else
else
else
front: 0, 1.35381, 2.5
side: 0, 0, 0
front only
else
else
front: 0.64693, 0, 2.5
back: 1.94079, 0, 7.5
front back
photon_ene: 661.6 photon_theta: 2.83103 photon_phi: 2.50861
traject_len: 5.16469
pe_len: 3.09216 cs_len: 6.38363
---
else
else
else
front: 0.872549, 0, 2.5
side: 0, 0, 0
front only
else
else
else
else
else
else
else
front: 0, 1.25094, 2.5
side: 0, 0, 0
front only
else
else
else
else
front: 0.906969, 2.27713, 2.5
side: 0, 0, 0
front only
else
else
front: 0, 0.507619, 2.5
back: 0, 1.52286, 7.5
front back
photon_ene: 661.6 photon_theta: 2.88015 photon_phi: 5.42164
traject_len: 5.10203
pe_len: 7.13912 cs_len: 10.3209
---
else
front: 0.0149544, 0, 2.5
back: 0.0448633, 0, 7.5
front back
photon_ene: 661.6 photon_theta: 0.0537496 photon_phi: 4.8238
traject_len: 5.00009
pe_len: 6.04135 cs_len: 4.00539
---
front: 0.311797, 0.846585, 2.5
side: 0, 0, 0
front only
else
else
else
else
else
else
front: 1.24313, 0.0417526, 2.5
side: 0, 0, 0
front only
else
else
else
else
else
else
front: 0, 0, 2.5
side: 0, 0, 0
front only
else
else
front: 0, 0.16033, 2.5
side: 0, 0, 0
front only
else
front: 0, 0, 2.5
back: 0, 0, 7.5
front back
photon_ene: 661.6 photon_theta: 2.82891 photon_phi: 0.820153
traject_len: 5
pe_len: 22.7928 cs_len: 0.207589
---
front: 0, 0.0216398, 2.5
side: 0, 0, 0
front only
front: 0, 0, 2.5
side: 0, 0, 0
front only
front: 0, 1.51085, 2.5
side: 0, 0, 0
front only
front: 0.505639, 2.19013, 2.5
side: 0, 0, 0
front only
else
else
front: 0, 2.06568, 2.5
side: 0, 0, 0
front only
front: 1.41435, 0, 2.5
side: 0, 0, 0
front only
front: 1.108, 0, 2.5
side: 0, 0, 0
front only
else
front: 2.23104, 0, 2.5
side: 0, 0, 0
front only
else
else
front: 0, 0, 2.5
back: 0, 0, 7.5
front back
photon_ene: 661.6 photon_theta: 2.89967 photon_phi: 0.740722
traject_len: 5
pe_len: 55.7136 cs_len: 0.370208
---
front: 1.01618, 0, 2.5
side: 0, 0, 0
front only
else
else
front: 0, 0.685711, 2.5
side: 0, 0, 0
front only
else
else
else
front: 2.07588, 0.582269, 2.5
side: 0, 0, 0
front only
else
else
front: 0, 0, 2.5
back: 0, 0, 7.5
front back
photon_ene: 661.6 photon_theta: 0.235321 photon_phi: 3.22011
traject_len: 5
pe_len: 41.9485 cs_len: 5.28922
---
else
else
else
else
else
front: 1.04992, 2.19944, 2.5
side: 0, 0, 0
front only
else
else
else
else
else
front: 0, 0, 2.5
side: 0, 0, 0
front only
front: 0, 0.951673, 2.5
side: 0, 0, 0
front only
else
front: 1.59435, 0, 2.5
side: 0, 0, 0
front only
front: 1.74339, 0.171163, 2.5
side: 0, 0, 0
front only
else
else
else
else
else
else
else
else
front: 1.66708, 0.474379, 2.5
side: 0, 0, 0
front only
else
else
front: 0, 0.167095, 2.5
side: 0, 0, 0
front only
else
front: 0, 2.14846, 2.5
side: 0, 0, 0
front only
else
else
front: 0.178586, 0, 2.5
back: 0.535758, 0, 7.5
front back
photon_ene: 661.6 photon_theta: 2.90729 photon_phi: 1.87473
traject_len: 5.01274
pe_len: 1.18928 cs_len: 2.07257
---
else
front: 0, 0, 2.5
side: 0, 0, 0
front only
else
front: 0.431062, 0, 2.5
side: 0, 0, 0
front only
else
else
else
else
front: 0.728456, 0.914229, 2.5
side: 0, 0, 0
front only
else
else
else
else
front: 0, 2.28928, 2.5
side: 0, 0, 0
front only
else
else
else
front: 1.09503, 0, 2.5
side: 0, 0, 0
front only
else
front: 0.713534, 0, 2.5
side: 0, 0, 0
front only
else
else
else
else
else
else
else
else
else
front: 0, 1.65427, 2.5
side: 0, 0, 0
front only
else
else
else
else
front: 2.2947, 0.459157, 2.5
side: 0, 0, 0
front only
else
else
else
else
else
front: 0, 0.778131, 2.5
side: 0, 0, 0
front only
else
else
front: 0.634213, 1.03842, 2.5
side: 0, 0, 0
front only
else
else
else
else
front: 0, 0.369542, 2.5
back: 0, 1.10862, 7.5
front back
photon_ene: 661.6 photon_theta: 2.88312 photon_phi: 5.68989
traject_len: 5.05433
pe_len: 4.08014 cs_len: 1.00912
---
front: 0.0947218, 0, 2.5
back: 0.284165, 0, 7.5
front back
photon_ene: 661.6 photon_theta: 2.82885 photon_phi: 1.68824
traject_len: 5.00359
pe_len: 11.9729 cs_len: 10.2249
---
else
else
front: 0, 0, 2.5
back: 0, 0, 7.5
front back
photon_ene: 661.6 photon_theta: 2.9224 photon_phi: 1.08132
traject_len: 5
pe_len: 2.52204 cs_len: 4.5781
---
front: 0, 0, 2.5
side: 0, 0, 0
front only
else
else
else
else
front: 0, 0, 2.5
side: 0, 0, 0
front only
else
else
else
else
else
else
front: 0, 0, 2.5
back: 0, 0, 7.5
front back
photon_ene: 661.6 photon_theta: 0.212551 photon_phi: 3.88483
traject_len: 5
pe_len: 19.0928 cs_len: 3.57207
---
else
else
else
front: 0, 0.00264449, 2.5
side: 0, 0, 0
front only
else
front: 0, 0.615041, 2.5
back: 0, 1.84512, 7.5
front back
photon_ene: 661.6 photon_theta: 0.241273 photon_phi: 1.59087
traject_len: 5.14909
pe_len: 7.59577 cs_len: 1.86817
---
front: 0, 0.690354, 2.5
back: 0, 2.07106, 7.5
front back
photon_ene: 661.6 photon_theta: 0.269851 photon_phi: 1.62821
traject_len: 5.18713
pe_len: 1.9414 cs_len: 3.67382
---
else
front: 0.413881, 0.699015, 2.5
back: 1.24164, 2.09705, 7.5
front back
photon_ene: 661.6 photon_theta: 0.314179 photon_phi: 1.03621
traject_len: 5.25735
pe_len: 10.7972 cs_len: 1.00557
---
front: 0, 0, 2.5
back: 0, 0, 7.5
front back
photon_ene: 661.6 photon_theta: 0.253913 photon_phi: 4.2446
traject_len: 5
pe_len: 77.2944 cs_len: 9.56833
---
else
else
else
front: 1.17318, 0.502982, 2.5
side: 0, 0, 0
front only
front: 0, 0.776437, 2.5
side: 0, 0, 0
front only
else
else
front: 0.654569, 0.76618, 2.5
side: 0, 0, 0
front only
else
else
else
else
front: 0.424887, 0, 2.5
side: 0, 0, 0
front only
front: 0, 0.7248, 2.5
side: 0, 0, 0
front only
else
else
front: 0, 0, 2.5
side: 0, 0, 0
front only
else
front: 0, 0.501884, 2.5
side: 0, 0, 0
front only
else
else
front: 0.931332, 0, 2.5
side: 0, 0, 0
front only
else
else
front: 0, 0, 2.5
side: 0, 0, 0
front only
else
front: 2.11693, 0.00786367, 2.5
side: 0, 0, 0
front only
else
front: 0, 0, 2.5
side: 0, 0, 0
front only
else
else
front: 0, 1.96412, 2.5
side: 0, 0, 0
front only
else
front: 2.01694, 0, 2.5
side: 0, 0, 0
front only
else
front: 0, 0, 2.5
side: 0, 0, 0
front only
else
else
else
else
front: 0, 1.07311, 2.5
side: 0, 0, 0
front only
front: 0.544638, 0, 2.5
side: 0, 0, 0
front only
front: 0.65802, 1.03092, 2.5
side: 0, 0, 0
front only
front: 0, 1.30357, 2.5
side: 0, 0, 0
front only
else
front: 0, 1.01806, 2.5
side: 0, 0, 0
front only
else
front: 0.284782, 0, 2.5
side: 0, 0, 0
front only
else
else
front: 0, 1.03365, 2.5
side: 0, 0, 0
front only
else
front: 0.691288, 1.56901, 2.5
side: 0, 0, 0
front only
else
else
else
else
else
else
else
front: 2.07035, 0.961837, 2.5
side: 0, 0, 0
front only
else
front: 0.634437, 0.144666, 2.5
back: 1.90331, 0.433998, 7.5
front back
photon_ene: 661.6 photon_theta: 0.254638 photon_phi: 0.224189
traject_len: 5.1666
pe_len: 15.8833 cs_len: 0.952933
---
else
front: 0, 0.489745, 2.5
back: 0, 1.46923, 7.5
front back
photon_ene: 661.6 photon_theta: 0.319685 photon_phi: 2.50835
traject_len: 5.09504
pe_len: 61.1667 cs_len: 6.53481
---
front: 0.414145, 0, 2.5
side: 0, 0, 0
front only
else
front: 0, 0.312781, 2.5
side: 0, 0, 0
front only
front: 0, 0, 2.5
side: 0, 0, 0
front only
front: 0, 0.352968, 2.5
back: 0, 1.0589, 7.5
front back
photon_ene: 661.6 photon_theta: 2.99632 photon_phi: 4.9775
traject_len: 5.04959
pe_len: 19.1789 cs_len: 2.29934
---
else
else
front: 1.72876, 0.701435, 2.5
side: 0, 0, 0
front only
front: 0, 0.0489714, 2.5
side: 0, 0, 0
front only
else
front: 2.10867, 1.21532, 2.5
side: 0, 0, 0
front only
else
front: 0, 0.0800319, 2.5
back: 0, 0.240096, 7.5
front back
photon_ene: 661.6 photon_theta: 0.093865 photon_phi: 2.79462
traject_len: 5.00256
pe_len: 61.1266 cs_len: 1.06578
---
front: 0.774079, 0.205196, 2.5
back: 2.32224, 0.615587, 7.5
front back
photon_ene: 661.6 photon_theta: 2.83159 photon_phi: 3.40072
traject_len: 5.25026
pe_len: 5.43905 cs_len: 10.5424
---
else
else
front: 1.31355, 0, 2.5
side: 0, 0, 0
front only
front: 0, 0.15075, 2.5
side: 0, 0, 0
front only
else
else
else
else
else
front: 0.809738, 1.18665, 2.5
side: 0, 0, 0
front only
else
else
front: 0, 0, 2.5
side: 0, 0, 0
front only
else
front: 0, 0.78298, 2.5
side: 0, 0, 0
front only
else
else
front: 1.48977, 0, 2.5
side: 0, 0, 0
front only
else
front: 0, 2.19388, 2.5
side: 0, 0, 0
front only
else
else
else
front: 0, 2.44691, 2.5
side: 0, 0, 0
front only
else
else
else
front: 0, 0, 2.5
back: 0, 0, 7.5
front back
photon_ene: 661.6 photon_theta: 2.92586 photon_phi: 1.2039
traject_len: 5
pe_len: 25.8204 cs_len: 1.45892
---
else
front: 0, 0, 2.5
back: 0, 0, 7.5
front back
photon_ene: 661.6 photon_theta: 2.87465 photon_phi: 0.136449
traject_len: 5
pe_len: 14.5988 cs_len: 4.08538
---
else
else
front: 0, 0, 2.5
back: 0, 0, 7.5
front back
photon_ene: 661.6 photon_theta: 0.244218 photon_phi: 4.37096
traject_len: 5
pe_len: 48.0464 cs_len: 5.45963
---
else
front: 1.15025, 0, 2.5
side: 0, 0, 0
front only
else
else
else
else
front: 0, 0, 2.5
side: 0, 0, 0
front only
front: 0, 0.130083, 2.5
back: 0, 0.390248, 7.5
front back
photon_ene: 661.6 photon_theta: 3.03946 photon_phi: 5.75067
traject_len: 5.00676
pe_len: 10.6667 cs_len: 4.12994
---
else
front: 0, 0, 2.5
side: 0, 0, 0
front only
else
else
else
else
front: 0, 0, 2.5
side: 0, 0, 0
front only
front: 0, 0, 2.5
side: 0, 0, 0
front only
else
else
front: 0, 0, 2.5
side: 0, 0, 0
front only
front: 0.398881, 0, 2.5
back: 1.19664, 0, 7.5
front back
photon_ene: 661.6 photon_theta: 2.87047 photon_phi: 2.18216
traject_len: 5.06324
pe_len: 39.6342 cs_len: 0.15875
---
front: 0.0341179, 1.15162, 2.5
side: 0, 0, 0
front only
else
else
else
else
else
front: 0.636798, 0.946875, 2.5
side: 0, 0, 0
front only
else
else
else
front: 0.268692, 0.122306, 2.5
back: 0.806076, 0.366919, 7.5
front back
photon_ene: 661.6 photon_theta: 3.02405 photon_phi: 3.56876
traject_len: 5.03474
pe_len: 82.8617 cs_len: 7.77139
---
front: 0, 1.85977, 2.5
side: 0, 0, 0
front only
front: 0, 0, 2.5
side: 0, 0, 0
front only
front: 0.158379, 2.37516, 2.5
side: 0, 0, 0
front only
front: 1.72782, 0.111644, 2.5
side: 0, 0, 0
front only
else
front: 0.562793, 0, 2.5
side: 0, 0, 0
front only
else
else
else
front: 1.82648, 0, 2.5
side: 0, 0, 0
front only
else
front: 0, 0.811365, 2.5
side: 0, 0, 0
front only
else
else
else
else
else
else
else
front: 1.58966, 0.00091862, 2.5
side: 0, 0, 0
front only
else
else
else
else
else
else
else
else
else
else
else
else
front: 0, 0, 2.5
side: 0, 0, 0
front only
else
else
front: 1.79357, 0, 2.5
side: 0, 0, 0
front only
front: 0.37576, 0, 2.5
back: 1.12728, 0, 7.5
front back
photon_ene: 661.6 photon_theta: 0.266278 photon_phi: 5.29602
traject_len: 5.05616
pe_len: 0.50058 cs_len: 11.1858
---
else
else
front: 0, 0, 2.5
side: 0, 0, 0
front only
else
else
front: 0.0977455, 1.18358, 2.5
side: 0, 0, 0
front only
else
front: 0, 1.05645, 2.5
side: 0, 0, 0
front only
front: 0, 0.684443, 2.5
side: 0, 0, 0
front only
front: 0, 1.85837, 2.5
side: 0, 0, 0
front only
else
else
else
front: 0, 0, 2.5
back: 0, 0, 7.5
front back
photon_ene: 661.6 photon_theta: 2.88147 photon_phi: 0.861935
traject_len: 5
pe_len: 13.6282 cs_len: 3.32099
---
front: 0, 0, 2.5
side: 0, 0, 0
front only
front: 0, 1.35919, 2.5
side: 0, 0, 0
front only
else
else
front: 2.02651, 0, 2.5
side: 0, 0, 0
front only
else
else
front: 1.64431, 0.998691, 2.5
side: 0, 0, 0
front only
else
front: 0, 0.0426502, 2.5
back: 0, 0.127951, 7.5
front back
photon_ene: 661.6 photon_theta: 3.11743 photon_phi: 5.4993
traject_len: 5.00073
pe_len: 5.70764 cs_len: 0.314827
---
front: 0, 0, 2.5
back: 0, 0, 7.5
front back
photon_ene: 661.6 photon_theta: 0.285626 photon_phi: 3.64573
traject_len: 5
pe_len: 157.088 cs_len: 1.97685
---
front: 0.280452, 0, 2.5
side: 0, 0, 0
front only
else
else
front: 0, 1.5125, 2.5
side: 0, 0, 0
front only
else
else
front: 0, 0.392887, 2.5
side: 0, 0, 0
front only
else
front: 0, 0.150246, 2.5
side: 0, 0, 0
front only
else
else
else
else
front: 0, 0, 2.5
side: 0, 0, 0
front only
else
front: 0.407614, 0, 2.5
back: 1.22284, 0, 7.5
front back
photon_ene: 661.6 photon_theta: 0.21367 photon_phi: 5.5626
traject_len: 5.06602
pe_len: 37.2868 cs_len: 6.89092
---
else
front: 0, 0, 2.5
side: 0, 0, 0
front only
else
else
else
front: 0, 0, 2.5
side: 0, 0, 0
front only
else
else
else
else
front: 0, 1.3062, 2.5
side: 0, 0, 0
front only
else
else
front: 0, 0, 2.5
side: 0, 0, 0
front only
else
else
front: 0.195281, 1.17796, 2.5
side: 0, 0, 0
front only
else
else
front: 0, 0, 2.5
back: 0, 0, 7.5
front back
photon_ene: 661.6 photon_theta: 2.94457 photon_phi: 0.833211
traject_len: 5
pe_len: 8.32037 cs_len: 1.54596
---
else
else
else
else
front: 1.01678, 0.988913, 2.5
side: 0, 0, 0
front only
front: 0, 0, 2.5
back: 0, 0, 7.5
front back
photon_ene: 661.6 photon_theta: 0.254795 photon_phi: 4.65323
traject_len: 5
pe_len: 11.242 cs_len: 1.60345
---
else
else
front: 0, 0, 2.5
back: 0, 0, 7.5
front back
photon_ene: 661.6 photon_theta: 2.8295 photon_phi: 1.11688
traject_len: 5
pe_len: 47.3685 cs_len: 6.30231
---
else
else
else
front: 0, 0.0361214, 2.5
side: 0, 0, 0
front only
front: 0, 0.559609, 2.5
back: 0, 1.67883, 7.5
front back
photon_ene: 661.6 photon_theta: 2.91883 photon_phi: 4.8662
traject_len: 5.12373
pe_len: 13.3948 cs_len: 0.339506
---
front: 2.20768, 0, 2.5
side: 0, 0, 0
front only
else
else
else
else
front: 1.15658, 0, 2.5
side: 0, 0, 0
front only
else
front: 0, 1.05001, 2.5
side: 0, 0, 0
front only
else
front: 0, 0, 2.5
side: 0, 0, 0
front only
front: 0, 0, 2.5
side: 0, 0, 0
front only
else
front: 1.04341, 1.73081, 2.5
side: 0, 0, 0
front only
front: 0, 2.26831, 2.5
side: 0, 0, 0
front only
else
front: 0.0856627, 0, 2.5
side: 0, 0, 0
front only
else
else
else
else
else
else
front: 0, 0.463274, 2.5
side: 0, 0, 0
front only
else
else
front: 2.23473, 0, 2.5
side: 0, 0, 0
front only
else
else
else
else
else
front: 0.160914, 0.690986, 2.5
back: 0.482743, 2.07296, 7.5
front back
photon_ene: 661.6 photon_theta: 0.27652 photon_phi: 1.342
traject_len: 5.19744
pe_len: 2.04528 cs_len: 2.11006
---
else
front: 0, 0.735082, 2.5
side: 0, 0, 0
front only
front: 0, 0, 2.5
back: 0, 0, 7.5
front back
photon_ene: 661.6 photon_theta: 0.320665 photon_phi: 3.25524
traject_len: 5
pe_len: 4.9237 cs_len: 8.32236
---
else
else
else
else
else
else
else
front: 1.69086, 0.394716, 2.5
side: 0, 0, 0
front only
else
else
else
else
else
else
front: 0, 2.29041, 2.5
side: 0, 0, 0
front only
else
else
front: 0, 0.838494, 2.5
side: 0, 0, 0
front only
front: 0.192459, 0, 2.5
side: 0, 0, 0
front only
front: 0, 0, 2.5
side: 0, 0, 0
front only
else
else
front: 0, 1.65013, 2.5
side: 0, 0, 0
front only
else
else
else
front: 0, 1.72485, 2.5
side: 0, 0, 0
front only
else
else
else
else
else
else
else
else
else
else
else
else
front: 0, 1.24623, 2.5
side: 0, 0, 0
front only
else
else
else
else
else
else
else
front: 0, 0, 2.5
side: 0, 0, 0
front only
front: 0, 1.16478, 2.5
side: 0, 0, 0
front only
front: 0.017205, 0, 2.5
back: 0.0516149, 0, 7.5
front back
photon_ene: 661.6 photon_theta: 2.84045 photon_phi: 1.59296
traject_len: 5.00012
pe_len: 68.7606 cs_len: 1.27194
---
else
front: 0, 0, 2.5
side: 0, 0, 0
front only
front: 1.19604, 0, 2.5
side: 0, 0, 0
front only
front: 0.727871, 0, 2.5
side: 0, 0, 0
front only
else
else
else
else
else
else
else
front: 0, 0, 2.5
side: 0, 0, 0
front only
else
front: 1.05138, 1.66801, 2.5
side: 0, 0, 0
front only
else
else
else
else
else
else
else
else
else
else
front: 0.431492, 0.808587, 2.5
side: 0, 0, 0
front only
else
else
else
front: 0, 0.439253, 2.5
side: 0, 0, 0
front only
front: 0.773882, 0.493669, 2.5
side: 0, 0, 0
front only
front: 0.58615, 0.912841, 2.5
side: 0, 0, 0
front only
else
else
else
else
front: 0, 0, 2.5
side: 0, 0, 0
front only
else
front: 0, 0.867851, 2.5
side: 0, 0, 0
front only
front: 1.57864, 0.600665, 2.5
side: 0, 0, 0
front only
front: 0, 2.2304, 2.5
side: 0, 0, 0
front only
else
else
front: 2.21777, 0, 2.5
side: 0, 0, 0
front only
front: 0, 0.540318, 2.5
side: 0, 0, 0
front only
front: 0, 0, 2.5
side: 0, 0, 0
front only
else
front: 0, 1.18265, 2.5
side: 0, 0, 0
front only
front: 0.542766, 0, 2.5
side: 0, 0, 0
front only
front: 0, 0, 2.5
side: 0, 0, 0
front only
else
front: 0, 0.434913, 2.5
back: 0, 1.30474, 7.5
front back
photon_ene: 661.6 photon_theta: 2.96675 photon_phi: 4.88676
traject_len: 5.0751
pe_len: 31.234 cs_len: 4.50627
---
else
else
else
else
else
front: 0, 0.837326, 2.5
side: 0, 0, 0
front only
else
else
else
else
else
else
front: 0, 0.00395276, 2.5
back: 0, 0.0118583, 7.5
front back
photon_ene: 661.6 photon_theta: 2.97376 photon_phi: 6.27385
traject_len: 5.00001
pe_len: 45.5782 cs_len: 0.0115497
---
else
else
else
front: 0.558534, 1.14099, 2.5
side: 0, 0, 0
front only
else
else
front: 0, 0.861121, 2.5
side: 0, 0, 0
front only
else
front: 0.800281, 0.0645142, 2.5
back: 2.40084, 0.193542, 7.5
front back
photon_ene: 661.6 photon_theta: 2.83085 photon_phi: 3.22203
traject_len: 5.25152
pe_len: 39.4642 cs_len: 4.92561
---
else
else
else
front: 0, 0.0675466, 2.5
back: 0, 0.20264, 7.5
front back
photon_ene: 661.6 photon_theta: 0.178949 photon_phi: 2.99166
traject_len: 5.00182
pe_len: 0.796424 cs_len: 14.475
---
else
else
front: 0, 1.05967, 2.5
side: 0, 0, 0
front only
front: 0.407501, 2.04614, 2.5
side: 0, 0, 0
front only
else
else
front: 1.48247, 0, 2.5
side: 0, 0, 0
front only
else
else
front: 0, 0, 2.5
back: 0, 0, 7.5
front back
photon_ene: 661.6 photon_theta: 0.22393 photon_phi: 4.36558
traject_len: 5
pe_len: 28.0664 cs_len: 0.998798
---
else
else
front: 0, 0, 2.5
side: 0, 0, 0
front only
else
front: 1.05717, 1.27621, 2.5
side: 0, 0, 0
front only
front: 1.89878, 0, 2.5
side: 0, 0, 0
front only
front: 0.278417, 0.48471, 2.5
back: 0.835252, 1.45413, 7.5
front back
photon_ene: 661.6 photon_theta: 0.219974 photon_phi: 1.04941
traject_len: 5.12346
pe_len: 33.0181 cs_len: 2.99733
---
else
else
else
else
front: 0, 1.62925, 2.5
side: 0, 0, 0
front only
front: 0, 0.598502, 2.5
back: 0, 1.79551, 7.5
front back
photon_ene: 661.6 photon_theta: 2.84477 photon_phi: 5.38416
traject_len: 5.14129
pe_len: 111.451 cs_len: 2.82732
---
else
else
else
else
front: 0, 0, 2.5
side: 0, 0, 0
front only
front: 1.50117, 1.65728, 2.5
side: 0, 0, 0
front only
else
else
front: 0.0909933, 0, 2.5
back: 0.27298, 0, 7.5
front back
photon_ene: 661.6 photon_theta: 0.0631479 photon_phi: 5.32575
traject_len: 5.00331
pe_len: 44.7566 cs_len: 1.51558
---
front: 0.760343, 1.22508, 2.5
side: 0, 0, 0
front only
else
front: 0.192086, 0.2999, 2.5
back: 0.576257, 0.8997, 7.5
front back
photon_ene: 661.6 photon_theta: 3.00009 photon_phi: 4.14272
traject_len: 5.05048
pe_len: 0.775323 cs_len: 2.83417
---
else
else
front: 0.695137, 0.31031, 2.5
back: 2.08541, 0.930929, 7.5
front back
photon_ene: 661.6 photon_theta: 0.295581 photon_phi: 0.419857
traject_len: 5.22667
pe_len: 17.0758 cs_len: 6.43243
---
else
else
front: 0, 0, 2.5
side: 0, 0, 0
front only
front: 1.65082, 1.62651, 2.5
side: 0, 0, 0
front only
else
else
front: 0.583556, 0, 2.5
side: 0, 0, 0
front only
else
else
else
else
front: 0, 0, 2.5
side: 0, 0, 0
front only
else
front: 0, 0, 2.5
side: 0, 0, 0
front only
else
else
else
front: 0.019143, 0.505179, 2.5
back: 0.0574289, 1.51554, 7.5
front back
photon_ene: 661.6 photon_theta: 2.94207 photon_phi: 4.67451
traject_len: 5.1012
pe_len: 20.9 cs_len: 1.23851
---
else
else
else
else
else
else
front: 0.800776, 0.231824, 2.5
side: 0, 0, 0
front only
front: 1.30833, 0, 2.5
side: 0, 0, 0
front only
else
else
else
else
else
else
else
front: 0.0841678, 0.898475, 2.5
side: 0, 0, 0
front only
else
else
else
else
front: 0.628921, 0, 2.5
side: 0, 0, 0
front only
else
else
else
else
front: 0, 0.0642208, 2.5
side: 0, 0, 0
front only
else
else
else
else
else
front: 0.0362051, 0.209653, 2.5
back: 0.108615, 0.628958, 7.5
front back
photon_ene: 661.6 photon_theta: 0.0848978 photon_phi: 1.39979
traject_len: 5.01807
pe_len: 79.8826 cs_len: 0.324858
---
front: 0, 0, 2.5
side: 0, 0, 0
front only
else
else
else
else
else
front: 0.705652, 0, 2.5
side: 0, 0, 0
front only
else
else
else
front: 0, 1.37376, 2.5
side: 0, 0, 0
front only
else
front: 0.642679, 1.60585, 2.5
side: 0, 0, 0
front only
else
else
else
else
else
front: 0, 1.93782, 2.5
side: 0, 0, 0
front only
front: 0, 0, 2.5
side: 0, 0, 0
front only
front: 0, 0, 2.5
side: 0, 0, 0
front only
front: 0, 0, 2.5
side: 0, 0, 0
front only
front: 0.234845, 0, 2.5
side: 0, 0, 0
front only
else
else
else
else
front: 0, 1.67652, 2.5
side: 0, 0, 0
front only
front: 0, 0, 2.5
side: 0, 0, 0
front only
front: 1.89826, 1.2771, 2.5
side: 0, 0, 0
front only
else
else
else
front: 0.0949976, 1.30495, 2.5
side: 0, 0, 0
front only
else
else
front: 1.24409, 0.784285, 2.5
side: 0, 0, 0
front only
else
front: 0, 0.442454, 2.5
side: 0, 0, 0
front only
else
front: 0, 0.154457, 2.5
back: 0, 0.463371, 7.5
front back
photon_ene: 661.6 photon_theta: 3.03388 photon_phi: 5.67502
traject_len: 5.00953
pe_len: 13.0009 cs_len: 1.67095
---
else
front: 0.96709, 0, 2.5
side: 0, 0, 0
front only
else
else
front: 0, 1.4753, 2.5
side: 0, 0, 0
front only
else
else
else
else
else
else
else
else
else
else
else
else
front: 0.921911, 0, 2.5
side: 0, 0, 0
front only
else
else
else
else
front: 0, 0, 2.5
side: 0, 0, 0
front only
else
else
else
else
else
else
front: 0.938265, 0, 2.5
side: 0, 0, 0
front only
else
front: 0, 0, 2.5
side: 0, 0, 0
front only
else
front: 0, 0.0564215, 2.5
back: 0, 0.169265, 7.5
front back
photon_ene: 661.6 photon_theta: 0.299834 photon_phi: 3.06853
traject_len: 5.00127
pe_len: 94.5419 cs_len: 0.866748
---
else
else
front: 1.721, 1.0369, 2.5
side: 0, 0, 0
front only
front: 0, 0, 2.5
back: 0, 0, 7.5
front back
photon_ene: 661.6 photon_theta: 3.00472 photon_phi: 0.655768
traject_len: 5
pe_len: 120.753 cs_len: 3.06598
---
else
front: 0.820979, 0, 2.5
back: 2.46294, 0, 7.5
front back
photon_ene: 661.6 photon_theta: 0.320874 photon_phi: 6.1285
traject_len: 5.2627
pe_len: 26.875 cs_len: 4.15377
---
else
else
front: 0.381263, 2.29985, 2.5
side: 0, 0, 0
front only
front: 0, 1.85719, 2.5
side: 0, 0, 0
front only
else
else
else
else
else
front: 0, 2.48828, 2.5
side: 0, 0, 0
front only
else
front: 0.260049, 0.227378, 2.5
back: 0.780147, 0.682135, 7.5
front back
photon_ene: 661.6 photon_theta: 3.00429 photon_phi: 3.86006
traject_len: 5.0475
pe_len: 22.0976 cs_len: 3.72343
---
else
else
front: 1.90462, 0.0107596, 2.5
side: 0, 0, 0
front only
else
front: 0, 1.84914, 2.5
side: 0, 0, 0
front only
else
front: 1.5743, 1.55899, 2.5
side: 0, 0, 0
front only
else
else
else
front: 0, 0.168382, 2.5
side: 0, 0, 0
front only
front: 0.428423, 0, 2.5
back: 1.28527, 0, 7.5
front back
photon_ene: 661.6 photon_theta: 2.88228 photon_phi: 2.27311
traject_len: 5.07289
pe_len: 6.36057 cs_len: 0.858892
---
else
else
else
front: 0.358461, 0, 2.5
side: 0, 0, 0
front only
front: 0.228593, 1.45308, 2.5
side: 0, 0, 0
front only
else
front: 0.251143, 0.793557, 2.5
back: 0.753428, 2.38067, 7.5
front back
photon_ene: 661.6 photon_theta: 2.8202 photon_phi: 4.40588
traject_len: 5.26984
pe_len: 29.2015 cs_len: 4.34273
---
else
else
else
front: 0, 0.455686, 2.5
back: 0, 1.36706, 7.5
front back
photon_ene: 661.6 photon_theta: 2.95508 photon_phi: 4.97426
traject_len: 5.08238
pe_len: 15.8131 cs_len: 4.78443
---
else
front: 0, 0.808357, 2.5
side: 0, 0, 0
front only
else
else
front: 1.38078, 0, 2.5
side: 0, 0, 0
front only
front: 0, 0, 2.5
side: 0, 0, 0
front only
else
else
else
front: 0, 0, 2.5
side: 0, 0, 0
front only
else
else
else
front: 0.426085, 0, 2.5
side: 0, 0, 0
front only
front: 0, 1.74154, 2.5
side: 0, 0, 0
front only
else
else
else
else
else
else
front: 0, 1.58079, 2.5
side: 0, 0, 0
front only
front: 0, 0, 2.5
side: 0, 0, 0
front only
else
else
front: 0, 0, 2.5
back: 0, 0, 7.5
front back
photon_ene: 661.6 photon_theta: 3.05076 photon_phi: 1.30206
traject_len: 5
pe_len: 33.6704 cs_len: 0.729259
---
else
front: 0, 0.528359, 2.5
back: 0, 1.58508, 7.5
front back
photon_ene: 661.6 photon_theta: 2.90723 photon_phi: 5.19621
traject_len: 5.11045
pe_len: 15.0015 cs_len: 1.97179
---
else
front: 0, 0, 2.5
back: 0, 0, 7.5
front back
photon_ene: 661.6 photon_theta: 2.90394 photon_phi: 0.245202
traject_len: 5
pe_len: 46.7183 cs_len: 0.172408
---
else
else
else
else
front: 0, 0.759425, 2.5
side: 0, 0, 0
front only
else
else
front: 0.654421, 1.50575, 2.5
side: 0, 0, 0
front only
else
front: 1.8001, 0, 2.5
side: 0, 0, 0
front only
else
else
else
else
else
else
else
else
else
front: 0, 0, 2.5
side: 0, 0, 0
front only
front: 0.0958812, 0, 2.5
back: 0.287644, 0, 7.5
front back
photon_ene: 661.6 photon_theta: 3.05019 photon_phi: 2.00249
traject_len: 5.00368
pe_len: 85.5103 cs_len: 2.56164
---
else
else
front: 0, 0, 2.5
back: 0, 0, 7.5
front back
photon_ene: 661.6 photon_theta: 0.288513 photon_phi: 3.49448
traject_len: 5
pe_len: 101.525 cs_len: 2.36574
---
front: 0, 1.20823, 2.5
side: 0, 0, 0
front only
else
else
else
else
else
else
front: 0.277681, 1.74606, 2.5
side: 0, 0, 0
front only
else
else
else
else
front: 0.775746, 1.49078, 2.5
side: 0, 0, 0
front only
else
else
else
else
else
front: 0, 1.04765, 2.5
side: 0, 0, 0
front only
else
else
else
else
else
else
else
else
else
else
front: 0, 0, 2.5
side: 0, 0, 0
front only
else
else
else
else
else
else
else
else
front: 0.407992, 0.499938, 2.5
back: 1.22398, 1.49981, 7.5
front back
photon_ene: 661.6 photon_theta: 0.252601 photon_phi: 0.886324
traject_len: 5.16387
pe_len: 18.469 cs_len: 3.98455
---
else
front: 0, 1.95723, 2.5
side: 0, 0, 0
front only
front: 2.18565, 0.0152017, 2.5
side: 0, 0, 0
front only
front: 0.749382, 0, 2.5
back: 2.24815, 0, 7.5
front back
photon_ene: 661.6 photon_theta: 0.293889 photon_phi: 6.14464
traject_len: 5.2198
pe_len: 45.2385 cs_len: 3.96996
---
else
else
else
front: 0.610798, 0.435892, 2.5
back: 1.8324, 1.30768, 7.5
front back
photon_ene: 661.6 photon_theta: 0.291598 photon_phi: 0.619824
traject_len: 5.22037
pe_len: 18.8288 cs_len: 2.20042
---
else
else
else
else
else
else
else
else
else
else
front: 0, 1.05349, 2.5
side: 0, 0, 0
front only
else
else
else
front: 0, 0, 2.5
side: 0, 0, 0
front only
else
else
front: 0.92299, 0, 2.5
side: 0, 0, 0
front only
else
else
else
else
front: 0.410332, 0, 2.5
back: 1.231, 0, 7.5
front back
photon_ene: 661.6 photon_theta: 2.88667 photon_phi: 2.25215
traject_len: 5.0669
pe_len: 34.0434 cs_len: 3.76003
---
front: 1.35521, 1.90185, 2.5
side: 0, 0, 0
front only
front: 2.21476, 0.599217, 2.5
side: 0, 0, 0
front only
else
else
front: 0, 0.431774, 2.5
side: 0, 0, 0
front only
else
front: 0, 0.992899, 2.5
side: 0, 0, 0
front only
else
else
front: 1.41923, 1.70077, 2.5
side: 0, 0, 0
front only
else
front: 0, 0, 2.5
side: 0, 0, 0
front only
front: 1.14372, 1.578, 2.5
side: 0, 0, 0
front only
else
else
front: 0, 0, 2.5
back: 0, 0, 7.5
front back
photon_ene: 661.6 photon_theta: 0.200444 photon_phi: 4.10446
traject_len: 5
pe_len: 62.6718 cs_len: 3.87306
---
front: 2.31684, 0.396734, 2.5
side: 0, 0, 0
front only
else
front: 0, 0.934462, 2.5
side: 0, 0, 0
front only
else
front: 1.68143, 0, 2.5
side: 0, 0, 0
front only
else
else
else
else
else
else
else
else
front: 0.370426, 2.05389, 2.5
side: 0, 0, 0
front only
else
else
else
else
else
front: 1.74308, 0.649377, 2.5
side: 0, 0, 0
front only
else
front: 0, 0, 2.5
side: 0, 0, 0
front only
front: 2.12114, 0, 2.5
side: 0, 0, 0
front only
else
else
else
front: 0, 0, 2.5
side: 0, 0, 0
front only
front: 0, 0.948834, 2.5
side: 0, 0, 0
front only
else
else
else
front: 0, 0, 2.5
side: 0, 0, 0
front only
front: 0.402062, 0.908878, 2.5
side: 0, 0, 0
front only
else
else
else
front: 0, 0.875598, 2.5
side: 0, 0, 0
front only
front: 0.323962, 0, 2.5
back: 0.971887, 0, 7.5
front back
photon_ene: 661.6 photon_theta: 0.261243 photon_phi: 5.21841
traject_len: 5.04181
pe_len: 32.3943 cs_len: 1.421
---
else
else
front: 0, 1.57145, 2.5
side: 0, 0, 0
front only
else
else
front: 1.20754, 0, 2.5
side: 0, 0, 0
front only
else
front: 0, 0, 2.5
side: 0, 0, 0
front only
else
else
else
else
else
else
else
front: 0, 0, 2.5
side: 0, 0, 0
front only
else
front: 0, 0.679541, 2.5
side: 0, 0, 0
front only
front: 0, 1.99891, 2.5
side: 0, 0, 0
front only
else
front: 0, 0, 2.5
side: 0, 0, 0
front only
else
else
else
else
else
else
else
else
else
else
front: 0, 0, 2.5
side: 0, 0, 0
front only
else
front: 0.78189, 0, 2.5
side: 0, 0, 0
front only
front: 0, 0, 2.5
side: 0, 0, 0
front only
else
else
else
else
else
else
else
else
front: 1.73244, 0.742939, 2.5
side: 0, 0, 0
front only
else
front: 0, 0, 2.5
side: 0, 0, 0
front only
else
front: 0, 1.84997, 2.5
side: 0, 0, 0
front only
else
else
else
front: 0.852879, 0.315525, 2.5
side: 0, 0, 0
front only
front: 0, 0, 2.5
side: 0, 0, 0
front only
else
front: 0.868437, 0, 2.5
side: 0, 0, 0
front only
else
front: 0.400769, 1.55269, 2.5
side: 0, 0, 0
front only
front: 0.102596, 0.79252, 2.5
back: 0.307788, 2.37756, 7.5
front back
photon_ene: 661.6 photon_theta: 0.309389 photon_phi: 1.44206
traject_len: 5.24923
pe_len: 100.226 cs_len: 3.15179
---
front: 0.813023, 0, 2.5
side: 0, 0, 0
front only
front: 0.379503, 2.30522, 2.5
side: 0, 0, 0
front only
else
else
front: 0, 0, 2.5
side: 0, 0, 0
front only
else
front: 0, 0, 2.5
back: 0, 0, 7.5
front back
photon_ene: 661.6 photon_theta: 0.281672 photon_phi: 3.60576
traject_len: 5
pe_len: 128.599 cs_len: 2.23681
---
else
else
front: 0.268734, 0.222219, 2.5
back: 0.806201, 0.666658, 7.5
front back
photon_ene: 661.6 photon_theta: 0.13859 photon_phi: 0.690937
traject_len: 5.04841
pe_len: 27.5946 cs_len: 1.4077
---
front: 0, 1.65562, 2.5
side: 0, 0, 0
front only
front: 0.00527255, 0, 2.5
side: 0, 0, 0
front only
else
front: 0, 1.54586, 2.5
side: 0, 0, 0
front only
front: 0, 0, 2.5
side: 0, 0, 0
front only
else
else
else
else
else
else
front: 0, 0, 2.5
side: 0, 0, 0
front only
else
else
else
front: 1.59241, 1.01499, 2.5
side: 0, 0, 0
front only
else
else
else
else
else
front: 0, 0.0481782, 2.5
side: 0, 0, 0
front only
else
front: 0, 0, 2.5
side: 0, 0, 0
front only
else
else
else
front: 0, 0.261742, 2.5
back: 0, 0.785226, 7.5
front back
photon_ene: 661.6 photon_theta: 0.11328 photon_phi: 1.97282
traject_len: 5.02733
pe_len: 85.1256 cs_len: 11.2633
---
else
front: 1.32388, 1.00826, 2.5
side: 0, 0, 0
front only
else
else
front: 1.12311, 0, 2.5
side: 0, 0, 0
front only
front: 1.96618, 1.10881, 2.5
side: 0, 0, 0
front only
else
else
else
else
else
else
front: 0.0556008, 1.15014, 2.5
side: 0, 0, 0
front only
else
front: 0.624857, 1.37719, 2.5
side: 0, 0, 0
front only
else
front: 0.322876, 0, 2.5
back: 0.968627, 0, 7.5
front back
photon_ene: 661.6 photon_theta: 0.128636 photon_phi: 6.22754
traject_len: 5.04153
pe_len: 5.26575 cs_len: 7.18912
---
else
else
front: 0, 0.709141, 2.5
back: 0, 2.12742, 7.5
front back
photon_ene: 661.6 photon_theta: 2.85123 photon_phi: 5.03215
traject_len: 5.19726
pe_len: 35.9445 cs_len: 14.7582
---
else
else
else
else
else
else
else
else
front: 1.25027, 0, 2.5
side: 0, 0, 0
front only
front: 0, 0, 2.5
back: 0, 0, 7.5
front back
photon_ene: 661.6 photon_theta: 2.90051 photon_phi: 0.114748
traject_len: 5
pe_len: 38.1072 cs_len: 0.437133
---
front: 0.408459, 0.723687, 2.5
back: 1.22538, 2.17106, 7.5
front back
photon_ene: 661.6 photon_theta: 2.82068 photon_phi: 4.19855
traject_len: 5.26899
pe_len: 41.3502 cs_len: 3.27173
---
else
else
else
else
else
else
front: 0.677789, 0.975698, 2.5
side: 0, 0, 0
front only
else
else
else
else
else
front: 1.7155, 0.244432, 2.5
side: 0, 0, 0
front only
front: 0.538791, 1.95864, 2.5
side: 0, 0, 0
front only
else
else
else
front: 0.474021, 0, 2.5
back: 1.42206, 0, 7.5
front back
photon_ene: 661.6 photon_theta: 0.190075 photon_phi: 6.11269
traject_len: 5.08908
pe_len: 42.7363 cs_len: 0.877425
---
else
else
else
front: 1.83595, 0.455107, 2.5
side: 0, 0, 0
front only
else
else
else
else
else
else
else
else
front: 0, 0, 2.5
side: 0, 0, 0
front only
front: 0.391822, 0, 2.5
back: 1.17547, 0, 7.5
front back
photon_ene: 661.6 photon_theta: 2.91411 photon_phi: 2.31452
traject_len: 5.06104
pe_len: 37.3671 cs_len: 14.0323
---
front: 0.739377, 1.63617, 2.5
side: 0, 0, 0
front only
else
else
else
else
else
else
else
front: 0, 0, 2.5
side: 0, 0, 0
front only
else
else
else
front: 0, 1.17496, 2.5
side: 0, 0, 0
front only
front: 0, 0, 2.5
side: 0, 0, 0
front only
else
else
else
front: 0, 0, 2.5
side: 0, 0, 0
front only
else
front: 1.33086, 0, 2.5
side: 0, 0, 0
front only
else
else
else
front: 1.97389, 0.961278, 2.5
side: 0, 0, 0
front only
else
else
else
else
front: 1.29471, 1.39705, 2.5
side: 0, 0, 0
front only
else
else
else
else
else
else
front: 0.93753, 0.380937, 2.5
side: 0, 0, 0
front only
else
front: 0, 1.15039, 2.5
side: 0, 0, 0
front only
front: 0.645624, 0.769601, 2.5
side: 0, 0, 0
front only
else
else
front: 0, 0, 2.5
back: 0, 0, 7.5
front back
photon_ene: 661.6 photon_theta: 2.82395 photon_phi: 1.38201
traject_len: 5
pe_len: 3.42965 cs_len: 7.60025
---
else
front: 0, 1.72048, 2.5
side: 0, 0, 0
front only
front: 0, 0.642179, 2.5
side: 0, 0, 0
front only
else
else
front: 0.422114, 0, 2.5
side: 0, 0, 0
front only
else
else
else
front: 0, 0.274744, 2.5
back: 0, 0.824233, 7.5
front back
photon_ene: 661.6 photon_theta: 3.02407 photon_phi: 5.08656
traject_len: 5.0301
pe_len: 79.1498 cs_len: 2.9158
---
else
else
else
else
front: 1.70475, 0, 2.5
side: 0, 0, 0
front only
else
else
else
else
else
else
else
front: 0, 0, 2.5
back: 0, 0, 7.5
front back
photon_ene: 661.6 photon_theta: 0.239417 photon_phi: 4.37244
traject_len: 5
pe_len: 65.8756 cs_len: 1.94282
---
else
front: 0, 0, 2.5
back: 0, 0, 7.5
front back
photon_ene: 661.6 photon_theta: 2.85356 photon_phi: 0.843407
traject_len: 5
pe_len: 40.3781 cs_len: 10.664
---
else
else
else
else
else
else
else
else
else
front: 0, 0, 2.5
side: 0, 0, 0
front only
front: 1.43702, 0.238187, 2.5
side: 0, 0, 0
front only
else
else
front: 0, 0.346667, 2.5
side: 0, 0, 0
front only
else
else
else
else
else
front: 0.624041, 1.70943, 2.5
side: 0, 0, 0
front only
front: 1.47711, 1.40032, 2.5
side: 0, 0, 0
front only
else
else
else
else
else
else
else
else
else
else
front: 1.0989, 0, 2.5
side: 0, 0, 0
front only
else
front: 0.363134, 2.32062, 2.5
side: 0, 0, 0
front only
else
front: 0.187506, 1.97782, 2.5
side: 0, 0, 0
front only
else
front: 0, 0.445543, 2.5
back: 0, 1.33663, 7.5
front back
photon_ene: 661.6 photon_theta: 2.92681 photon_phi: 5.32708
traject_len: 5.07878
pe_len: 11.1198 cs_len: 0.415857
---
else
else
front: 1.74595, 1.35871, 2.5
side: 0, 0, 0
front only
else
front: 0.847834, 0.198397, 2.5
side: 0, 0, 0
front only
front: 0.6487, 0, 2.5
back: 1.9461, 0, 7.5
front back
photon_ene: 661.6 photon_theta: 2.88084 photon_phi: 2.90641
traject_len: 5.16558
pe_len: 46.3013 cs_len: 0.420791
---
else
else
front: 0, 0.386397, 2.5
side: 0, 0, 0
front only
else
front: 0.82908, 0, 2.5
side: 0, 0, 0
front only
else
else
else
else
else
else
else
else
front: 0.0153406, 0, 2.5
back: 0.0460218, 0, 7.5
front back
photon_ene: 661.6 photon_theta: 2.93719 photon_phi: 1.6004
traject_len: 5.00009
pe_len: 73.0162 cs_len: 3.64422
---
front: 0.622565, 0.622777, 2.5
side: 0, 0, 0
front only
front: 1.13396, 0, 2.5
side: 0, 0, 0
front only
else
else
else
else
front: 0.344167, 0, 2.5
side: 0, 0, 0
front only
else
else
else
front: 0, 0, 2.5
side: 0, 0, 0
front only
front: 1.41706, 0.481516, 2.5
side: 0, 0, 0
front only
else
else
else
else
else
else
else
front: 1.38076, 0, 2.5
side: 0, 0, 0
front only
else
front: 0, 1.59824, 2.5
side: 0, 0, 0
front only
front: 1.11117, 0.521257, 2.5
side: 0, 0, 0
front only
else
front: 1.82576, 0, 2.5
side: 0, 0, 0
front only
else
else
front: 0.349724, 1.99024, 2.5
side: 0, 0, 0
front only
else
else
else
else
else
else
else
front: 0, 0, 2.5
side: 0, 0, 0
front only
front: 0, 0, 2.5
side: 0, 0, 0
front only
else
else
else
else
front: 0, 0, 2.5
side: 0, 0, 0
front only
else
else
else
else
else
else
else
else
else
else
else
else
else
else
front: 0, 0, 2.5
side: 0, 0, 0
front only
else
else
else
else
else
else
front: 0.847475, 0, 2.5
side: 0, 0, 0
front only
front: 0, 0, 2.5
side: 0, 0, 0
front only
else
else
else
else
else
else
front: 0, 0, 2.5
side: 0, 0, 0
front only
front: 0.837451, 0, 2.5
side: 0, 0, 0
front only
else
else
else
front: 0, 0, 2.5
side: 0, 0, 0
front only
front: 0.157614, 1.57855, 2.5
side: 0, 0, 0
front only
else
else
else
else
front: 0, 0.980713, 2.5
side: 0, 0, 0
front only
else
else
else
else
front: 0, 0, 2.5
back: 0, 0, 7.5
front back
photon_ene: 661.6 photon_theta: 2.9464 photon_phi: 1.45422
traject_len: 5
pe_len: 95.8586 cs_len: 2.97173
---
front: 0, 0, 2.5
side: 0, 0, 0
front only
else
front: 2.03782, 0.726036, 2.5
side: 0, 0, 0
front only
else
else
else
else
else
else
else
else
else
else
else
front: 2.18168, 0, 2.5
side: 0, 0, 0
front only
front: 0, 0, 2.5
side: 0, 0, 0
front only
else
else
else
else
else
front: 0.551882, 0, 2.5
side: 0, 0, 0
front only
else
else
else
else
else
else
else
front: 0, 0, 2.5
side: 0, 0, 0
front only
else
else
front: 1.86778, 1.45535, 2.5
side: 0, 0, 0
front only
else
front: 0, 0.218972, 2.5
side: 0, 0, 0
front only
else
else
front: 0.147299, 1.42712, 2.5
side: 0, 0, 0
front only
front: 0, 0, 2.5
side: 0, 0, 0
front only
else
else
else
else
else
else
else
else
front: 0, 0, 2.5
side: 0, 0, 0
front only
else
front: 1.60157, 0, 2.5
side: 0, 0, 0
front only
else
else
else
else
else
else
front: 0.227665, 0.0646495, 2.5
back: 0.682995, 0.193948, 7.5
front back
photon_ene: 661.6 photon_theta: 0.0943853 photon_phi: 0.276684
traject_len: 5.02235
pe_len: 9.98746 cs_len: 5.54076
---
front: 0, 0.171769, 2.5
side: 0, 0, 0
front only
else
else
else
else
front: 0.199163, 0.537909, 2.5
back: 0.597488, 1.61373, 7.5
front back
photon_ene: 661.6 photon_theta: 2.91606 photon_phi: 4.35779
traject_len: 5.12992
pe_len: 7.15334 cs_len: 10.8246
---
else
else
front: 0, 0.214594, 2.5
back: 0, 0.643782, 7.5
front back
photon_ene: 661.6 photon_theta: 0.269282 photon_phi: 2.82532
traject_len: 5.01839
pe_len: 8.37013 cs_len: 11.4529
---
front: 0.335441, 1.88672, 2.5
side: 0, 0, 0
front only
front: 0, 0.764567, 2.5
side: 0, 0, 0
front only
front: 0.298445, 0, 2.5
back: 0.895336, 0, 7.5
front back
photon_ene: 661.6 photon_theta: 0.119314 photon_phi: 6.19138
traject_len: 5.0355
pe_len: 6.30162 cs_len: 0.0274927
---
else
else
front: 1.56311, 0, 2.5
side: 0, 0, 0
front only
else
else
else
else
front: 1.1214, 0.454414, 2.5
side: 0, 0, 0
front only
front: 0.814973, 0, 2.5
side: 0, 0, 0
front only
else
front: 0, 0.0565949, 2.5
side: 0, 0, 0
front only
else
front: 0, 0, 2.5
back: 0, 0, 7.5
front back
photon_ene: 661.6 photon_theta: 3.09768 photon_phi: 0.143605
traject_len: 5
pe_len: 23.6037 cs_len: 4.01734
---
else
else
front: 0, 0, 2.5
side: 0, 0, 0
front only
front: 0, 1.38357, 2.5
side: 0, 0, 0
front only
else
else
else
front: 0, 0, 2.5
side: 0, 0, 0
front only
else
else
else
else
else
else
else
else
front: 0.292815, 0.119233, 2.5
back: 0.878445, 0.357699, 7.5
front back
photon_ene: 661.6 photon_theta: 3.0158 photon_phi: 3.52829
traject_len: 5.03982
pe_len: 11.6577 cs_len: 7.91062
---
else
else
else
else
front: 0, 1.62289, 2.5
side: 0, 0, 0
front only
else
else
else
front: 0, 0, 2.5
side: 0, 0, 0
front only
else
else
else
front: 0.00742157, 0, 2.5
side: 0, 0, 0
front only
front: 0.911639, 0, 2.5
side: 0, 0, 0
front only
else
else
else
else
front: 1.82922, 0, 2.5
side: 0, 0, 0
front only
else
front: 0, 0.555017, 2.5
side: 0, 0, 0
front only
else
else
else
front: 0.551342, 0, 2.5
back: 1.65403, 0, 7.5
front back
photon_ene: 661.6 photon_theta: 2.85407 photon_phi: 2.41247
traject_len: 5.12015
pe_len: 86.1419 cs_len: 0.969146
---
else
else
else
front: 0, 0, 2.5
side: 0, 0, 0
front only
front: 0, 0.558869, 2.5
back: 0, 1.67661, 7.5
front back
photon_ene: 661.6 photon_theta: 0.229313 photon_phi: 1.86266
traject_len: 5.12341
pe_len: 1.25424 cs_len: 1.3574
---
else
else
front: 0, 1.74823, 2.5
side: 0, 0, 0
front only
else
front: 1.01548, 0, 2.5
side: 0, 0, 0
front only
front: 0.434351, 0, 2.5
side: 0, 0, 0
front only
else
else
front: 1.52382, 1.07432, 2.5
side: 0, 0, 0
front only
else
else
else
else
else
front: 0, 1.40763, 2.5
side: 0, 0, 0
front only
else
else
front: 0.307124, 0.641088, 2.5
back: 0.921372, 1.92326, 7.5
front back
photon_ene: 661.6 photon_theta: 2.86456 photon_phi: 4.26563
traject_len: 5.1982
pe_len: 30.6378 cs_len: 2.2692
---
else
else
else
front: 1.10477, 0, 2.5
side: 0, 0, 0
front only
else
front: 0.653457, 0, 2.5
back: 1.96037, 0, 7.5
front back
photon_ene: 661.6 photon_theta: 0.271661 photon_phi: 5.93029
traject_len: 5.16798
pe_len: 24.7173 cs_len: 0.936754
---
else
else
front: 1.67673, 0, 2.5
side: 0, 0, 0
front only
else
front: 0.867814, 0, 2.5
side: 0, 0, 0
front only
else
else
front: 0, 0.240088, 2.5
side: 0, 0, 0
front only
front: 0.155127, 0, 2.5
back: 0.465382, 0, 7.5
front back
photon_ene: 661.6 photon_theta: 0.164499 photon_phi: 5.0955
traject_len: 5.00962
pe_len: 14.3475 cs_len: 3.93465
---
front: 0.394193, 0, 2.5
side: 0, 0, 0
front only
else
else
front: 0.576564, 0, 2.5
side: 0, 0, 0
front only
else
else
else
else
front: 1.68618, 0.110302, 2.5
side: 0, 0, 0
front only
else
front: 0, 0.594964, 2.5
back: 0, 1.78489, 7.5
front back
photon_ene: 661.6 photon_theta: 0.287455 photon_phi: 2.20596
traject_len: 5.13964
pe_len: 2.90044 cs_len: 5.10507
---
else
else
else
front: 0.853933, 0, 2.5
side: 0, 0, 0
front only
else
front: 0.0799404, 0, 2.5
back: 0.239821, 0, 7.5
front back
photon_ene: 661.6 photon_theta: 3.03663 photon_phi: 1.87919
traject_len: 5.00256
pe_len: 7.78813 cs_len: 2.70059
---
else
front: 0, 1.48669, 2.5
side: 0, 0, 0
front only
else
else
front: 0.742808, 0, 2.5
side: 0, 0, 0
front only
else
else
else
else
else
else
else
front: 0.682021, 0, 2.5
side: 0, 0, 0
front only
else
else
else
front: 0.253294, 1.9882, 2.5
side: 0, 0, 0
front only
else
else
else
else
front: 0.133715, 0.848976, 2.5
side: 0, 0, 0
front only
else
else
else
else
front: 0.406609, 0.224753, 2.5
back: 1.21983, 0.674258, 7.5
front back
photon_ene: 661.6 photon_theta: 2.95785 photon_phi: 3.64654
traject_len: 5.08561
pe_len: 64.352 cs_len: 6.56901
---
else
else
else
else
else
front: 0, 1.20695, 2.5
side: 0, 0, 0
front only
front: 1.14659, 1.34097, 2.5
side: 0, 0, 0
front only
front: 0, 0.674677, 2.5
side: 0, 0, 0
front only
else
front: 0, 0.833449, 2.5
side: 0, 0, 0
front only
else
front: 1.47307, 1.36936, 2.5
side: 0, 0, 0
front only
else
else
else
else
front: 0, 0.487422, 2.5
back: 0, 1.46226, 7.5
front back
photon_ene: 661.6 photon_theta: 0.32126 photon_phi: 2.51565
traject_len: 5.09415
pe_len: 6.97702 cs_len: 3.75114
---
front: 2.08022, 0, 2.5
side: 0, 0, 0
front only
else
else
else
else
else
else
else
front: 0.952727, 0.77828, 2.5
side: 0, 0, 0
front only
else
else
else
front: 1.3272, 1.79278, 2.5
side: 0, 0, 0
front only
front: 0, 0, 2.5
back: 0, 0, 7.5
front back
photon_ene: 661.6 photon_theta: 0.0184507 photon_phi: 4.56332
traject_len: 5
pe_len: 32.4329 cs_len: 6.20747
---
else
front: 0, 2.13508, 2.5
side: 0, 0, 0
front only
front: 0.197244, 2.25899, 2.5
side: 0, 0, 0
front only
else
front: 0, 0, 2.5
side: 0, 0, 0
front only
else
front: 0, 0, 2.5
side: 0, 0, 0
front only
else
front: 0.445957, 1.10017, 2.5
side: 0, 0, 0
front only
else
else
else
front: 0.707124, 2.26144, 2.5
side: 0, 0, 0
front only
else
front: 0, 0, 2.5
side: 0, 0, 0
front only
else
front: 0, 0, 2.5
side: 0, 0, 0
front only
front: 0, 0, 2.5
side: 0, 0, 0
front only
else
else
front: 0, 0, 2.5
side: 0, 0, 0
front only
else
else
else
else
else
front: 0, 2.06489, 2.5
side: 0, 0, 0
front only
else
front: 0, 0, 2.5
back: 0, 0, 7.5
front back
photon_ene: 661.6 photon_theta: 2.90916 photon_phi: 1.11487
traject_len: 5
pe_len: 89.315 cs_len: 9.8904
---
else
front: 1.67189, 0, 2.5
side: 0, 0, 0
front only
else
else
front: 1.56597, 0, 2.5
side: 0, 0, 0
front only
else
else
else
front: 1.15532, 0, 2.5
side: 0, 0, 0
front only
else
else
else
front: 0, 0.963669, 2.5
side: 0, 0, 0
front only
else
front: 0.511458, 0.160121, 2.5
back: 1.53437, 0.480362, 7.5
front back
photon_ene: 661.6 photon_theta: 2.93041 photon_phi: 3.44499
traject_len: 5.1136
pe_len: 44.132 cs_len: 0.651542
---
else
else
else
front: 0.970106, 0.0970428, 2.5
side: 0, 0, 0
front only
else
else
else
front: 0.0461019, 0, 2.5
side: 0, 0, 0
front only
else
else
else
front: 0, 0, 2.5
side: 0, 0, 0
front only
else
else
front: 1.54084, 1.3433, 2.5
side: 0, 0, 0
front only
front: 1.06818, 1.02498, 2.5
side: 0, 0, 0
front only
else
front: 2.19353, 0, 2.5
side: 0, 0, 0
front only
else
else
else
front: 0, 0, 2.5
side: 0, 0, 0
front only
else
else
else
front: 2.1635, 0.210318, 2.5
side: 0, 0, 0
front only
front: 0, 1.24301, 2.5
side: 0, 0, 0
front only
front: 0, 2.04739, 2.5
side: 0, 0, 0
front only
else
front: 0, 0.202252, 2.5
side: 0, 0, 0
front only
else
else
else
else
front: 0, 0.375408, 2.5
side: 0, 0, 0
front only
front: 1.45591, 0, 2.5
side: 0, 0, 0
front only
front: 1.13239, 0.0398447, 2.5
side: 0, 0, 0
front only
else
else
else
else
else
front: 0, 0, 2.5
side: 0, 0, 0
front only
else
else
else
else
front: 0, 1.78597, 2.5
side: 0, 0, 0
front only
else
front: 0, 2.26556, 2.5
side: 0, 0, 0
front only
else
else
front: 0.720942, 0.775763, 2.5
side: 0, 0, 0
front only
else
else
else
else
else
else
else
else
else
front: 1.98337, 0.64267, 2.5
side: 0, 0, 0
front only
else
else
else
else
else
front: 0.0762712, 0.617569, 2.5
back: 0.228814, 1.85271, 7.5
front back
photon_ene: 661.6 photon_theta: 2.89765 photon_phi: 4.58951
traject_len: 5.15256
pe_len: 38.7856 cs_len: 3.54215
---
else
else
front: 0, 0, 2.5
side: 0, 0, 0
front only
front: 0.47815, 1.00826, 2.5
side: 0, 0, 0
front only
else
else
front: 0, 2.14705, 2.5
side: 0, 0, 0
front only
else
else
front: 2.38014, 0.327033, 2.5
side: 0, 0, 0
front only
front: 0, 0.787541, 2.5
side: 0, 0, 0
front only
else
else
else
front: 0, 0.108353, 2.5
side: 0, 0, 0
front only
else
front: 0, 0, 2.5
back: 0, 0, 7.5
front back
photon_ene: 661.6 photon_theta: 0.24356 photon_phi: 3.95946
traject_len: 5
pe_len: 5.04379 cs_len: 20.9237
---
front: 0, 0.95948, 2.5
side: 0, 0, 0
front only
else
front: 0.345077, 0, 2.5
side: 0, 0, 0
front only
else
else
else
front: 1.24565, 1.21269, 2.5
side: 0, 0, 0
front only
else
else
else
else
front: 0, 0, 2.5
side: 0, 0, 0
front only
else
front: 0.638032, 0, 2.5
back: 1.9141, 0, 7.5
front back
photon_ene: 661.6 photon_theta: 2.85608 photon_phi: 2.62488
traject_len: 5.16027
pe_len: 36.7651 cs_len: 1.5112
---
front: 1.14071, 1.25568, 2.5
side: 0, 0, 0
front only
front: 1.54714, 1.76086, 2.5
side: 0, 0, 0
front only
front: 1.09472, 1.64449, 2.5
side: 0, 0, 0
front only
front: 0.94207, 0, 2.5
side: 0, 0, 0
front only
else
else
else
front: 0, 0, 2.5
back: 0, 0, 7.5
front back
photon_ene: 661.6 photon_theta: 0.23898 photon_phi: 3.28232
traject_len: 5
pe_len: 14.4344 cs_len: 1.18285
---
else
front: 0, 0, 2.5
side: 0, 0, 0
front only
else
else
front: 0.787243, 0.10791, 2.5
back: 2.36173, 0.323729, 7.5
front back
photon_ene: 661.6 photon_theta: 0.307744 photon_phi: 0.136224
traject_len: 5.24648
pe_len: 6.09193 cs_len: 0.504818
---
else
else
front: 0, 0, 2.5
side: 0, 0, 0
front only
else
else
front: 0, 0, 2.5
side: 0, 0, 0
front only
front: 0.126265, 0, 2.5
back: 0.378796, 0, 7.5
front back
photon_ene: 661.6 photon_theta: 0.194477 photon_phi: 4.97171
traject_len: 5.00637
pe_len: 20.508 cs_len: 0.382618
---
front: 0.0165903, 1.10491, 2.5
side: 0, 0, 0
front only
else
else
else
else
else
else
else
else
front: 1.51619, 0, 2.5
side: 0, 0, 0
front only
else
front: 0, 0, 2.5
side: 0, 0, 0
front only
else
else
front: 2.02795, 0.755641, 2.5
side: 0, 0, 0
front only
else
else
else
front: 0, 1.5504, 2.5
side: 0, 0, 0
front only
else
front: 1.37684, 0.219532, 2.5
side: 0, 0, 0
front only
front: 1.67051, 0, 2.5
side: 0, 0, 0
front only
else
else
front: 1.54384, 1.12404, 2.5
side: 0, 0, 0
front only
else
else
front: 0, 1.2155, 2.5
side: 0, 0, 0
front only
else
front: 1.90683, 0.652955, 2.5
side: 0, 0, 0
front only
front: 0, 0.646205, 2.5
side: 0, 0, 0
front only
else
front: 0, 0, 2.5
back: 0, 0, 7.5
front back
photon_ene: 661.6 photon_theta: 0.237064 photon_phi: 4.19621
traject_len: 5
pe_len: 1.81224 cs_len: 10.4979
---
front: 0.356421, 0, 2.5
side: 0, 0, 0
front only
else
front: 1.2591, 0.152634, 2.5
side: 0, 0, 0
front only
front: 0, 0, 2.5
side: 0, 0, 0
front only
else
else
else
front: 1.03532, 1.92988, 2.5
side: 0, 0, 0
front only
front: 0.482415, 1.81253, 2.5
side: 0, 0, 0
front only
else
else
front: 0, 0, 2.5
side: 0, 0, 0
front only
else
else
front: 1.41191, 0, 2.5
side: 0, 0, 0
front only
else
else
else
front: 1.84459, 0.935096, 2.5
side: 0, 0, 0
front only
else
front: 0.742387, 2.19074, 2.5
side: 0, 0, 0
front only
else
else
front: 0.491146, 0, 2.5
side: 0, 0, 0
front only
front: 0, 1.74018, 2.5
side: 0, 0, 0
front only
front: 1.32118, 0.462583, 2.5
side: 0, 0, 0
front only
front: 0.490015, 0, 2.5
back: 1.47004, 0, 7.5
front back
photon_ene: 661.6 photon_theta: 0.309454 photon_phi: 5.3723
traject_len: 5.09514
pe_len: 6.99919 cs_len: 9.63872
---
else
else
else
else
else
else
else
else
front: 1.20304, 0, 2.5
side: 0, 0, 0
front only
else
else
else
else
else
front: 0, 0.485369, 2.5
back: 0, 1.45611, 7.5
front back
photon_ene: 661.6 photon_theta: 0.196369 photon_phi: 1.79057
traject_len: 5.09336
pe_len: 55.3276 cs_len: 0.618963
---
front: 0.516814, 0, 2.5
side: 0, 0, 0
front only
else
front: 1.27159, 0, 2.5
side: 0, 0, 0
front only
else
front: 0, 1.65678, 2.5
side: 0, 0, 0
front only
front: 0.387388, 1.02863, 2.5
side: 0, 0, 0
front only
front: 1.32466, 1.01259, 2.5
side: 0, 0, 0
front only
else
else
else
else
else
else
else
else
else
else
else
front: 2.18657, 0, 2.5
side: 0, 0, 0
front only
else
else
else
else
front: 0.344169, 1.76223, 2.5
side: 0, 0, 0
front only
else
front: 0, 0.595661, 2.5
back: 0, 1.78698, 7.5
front back
photon_ene: 661.6 photon_theta: 2.89631 photon_phi: 5.02405
traject_len: 5.13997
pe_len: 40.3949 cs_len: 1.58532
---
else
else
front: 0.481424, 0.984752, 2.5
side: 0, 0, 0
front only
front: 0, 0.184083, 2.5
back: 0, 0.552248, 7.5
front back
photon_ene: 661.6 photon_theta: 2.93265 photon_phi: 5.92853
traject_len: 5.01354
pe_len: 18.791 cs_len: 13.7515
---
else
front: 0.344757, 0, 2.5
side: 0, 0, 0
front only
else
else
else
else
else
front: 0, 0, 2.5
back: 0, 0, 7.5
front back
photon_ene: 661.6 photon_theta: 0.306885 photon_phi: 3.41492
traject_len: 5
pe_len: 34.6663 cs_len: 4.78536
---
else
else
else
else
else
else
front: 0, 0.892406, 2.5
side: 0, 0, 0
front only
else
else
else
else
else
front: 0, 0, 2.5
back: 0, 0, 7.5
front back
photon_ene: 661.6 photon_theta: 2.89842 photon_phi: 0.383343
traject_len: 5
pe_len: 83.37 cs_len: 5.5011
---
else
else
else
else
front: 0.357771, 1.11249, 2.5
side: 0, 0, 0
front only
else
else
else
else
front: 0.546792, 0, 2.5
side: 0, 0, 0
front only
else
else
else
else
else
front: 0, 0.398316, 2.5
side: 0, 0, 0
front only
front: 1.4919, 0, 2.5
side: 0, 0, 0
front only
else
front: 0.361525, 0.490973, 2.5
back: 1.08458, 1.47292, 7.5
front back
photon_ene: 661.6 photon_theta: 0.239217 photon_phi: 0.936092
traject_len: 5.14655
pe_len: 26.1455 cs_len: 9.41553
---
front: 0, 0, 2.5
side: 0, 0, 0
front only
else
else
else
else
else
front: 0.0796286, 0, 2.5
side: 0, 0, 0
front only
front: 0, 0.691118, 2.5
side: 0, 0, 0
front only
front: 0, 0.315865, 2.5
side: 0, 0, 0
front only
front: 0, 1.57354, 2.5
side: 0, 0, 0
front only
else
front: 0, 0, 2.5
side: 0, 0, 0
front only
else
front: 0.618983, 0, 2.5
side: 0, 0, 0
front only
else
else
front: 0, 0, 2.5
side: 0, 0, 0
front only
else
else
else
else
else
else
else
else
else
else
else
front: 0, 0, 2.5
side: 0, 0, 0
front only
else
else
front: 1.98088, 1.06767, 2.5
side: 0, 0, 0
front only
else
else
else
front: 0.877057, 1.69559, 2.5
side: 0, 0, 0
front only
else
front: 0, 1.41393, 2.5
side: 0, 0, 0
front only
else
front: 1.69518, 1.11168, 2.5
side: 0, 0, 0
front only
else
else
front: 0.732343, 2.3205, 2.5
side: 0, 0, 0
front only
else
else
else
front: 0, 0, 2.5
side: 0, 0, 0
front only
else
else
front: 0.870582, 1.46293, 2.5
side: 0, 0, 0
front only
else
else
else
else
else
else
else
else
front: 0.0363151, 0, 2.5
back: 0.108945, 0, 7.5
front back
photon_ene: 661.6 photon_theta: 0.207189 photon_phi: 4.78155
traject_len: 5.00053
pe_len: 5.74751 cs_len: 1.58072
---
else
else
else
front: 0.14715, 0, 2.5
back: 0.441449, 0, 7.5
front back
photon_ene: 661.6 photon_theta: 0.197238 photon_phi: 5.01136
traject_len: 5.00865
pe_len: 10.704 cs_len: 3.91008
---
else
else
else
else
else
front: 1.01028, 0, 2.5
side: 0, 0, 0
front only
else
else
front: 0, 1.28646, 2.5
side: 0, 0, 0
front only
else
else
else
else
front: 0, 0.369682, 2.5
back: 0, 1.10905, 7.5
front back
photon_ene: 661.6 photon_theta: 2.96682 photon_phi: 5.29059
traject_len: 5.05437
pe_len: 13.5072 cs_len: 0.681894
---
front: 0, 0, 2.5
back: 0, 0, 7.5
front back
photon_ene: 661.6 photon_theta: 2.90039 photon_phi: 1.35085
traject_len: 5
pe_len: 37.4067 cs_len: 0.362218
---
front: 0, 0, 2.5
side: 0, 0, 0
front only
else
front: 0, 2.16948, 2.5
side: 0, 0, 0
front only
else
else
else
else
else
front: 0, 0.0213188, 2.5
back: 0, 0.0639565, 7.5
front back
photon_ene: 661.6 photon_theta: 3.00479 photon_phi: 6.2212
traject_len: 5.00018
pe_len: 42.6446 cs_len: 0.851982
---
else
else
front: 1.1559, 0, 2.5
side: 0, 0, 0
front only
else
else
else
front: 0, 0.278642, 2.5
side: 0, 0, 0
front only
front: 0, 0.897075, 2.5
side: 0, 0, 0
front only
else
else
else
front: 0, 0.699053, 2.5
side: 0, 0, 0
front only
front: 0, 0, 2.5
side: 0, 0, 0
front only
front: 1.63856, 0, 2.5
side: 0, 0, 0
front only
else
front: 0, 0, 2.5
back: 0, 0, 7.5
front back
photon_ene: 661.6 photon_theta: 2.89594 photon_phi: 1.11463
traject_len: 5
pe_len: 21.7863 cs_len: 12.6797
---
else
front: 0, 0.599802, 2.5
back: 0, 1.79941, 7.5
front back
photon_ene: 661.6 photon_theta: 0.285371 photon_phi: 2.18404
traject_len: 5.14189
pe_len: 51.1272 cs_len: 0.735112
---
front: 0.182746, 1.10447, 2.5
side: 0, 0, 0
front only
else
else
else
front: 0.0906366, 0, 2.5
side: 0, 0, 0
front only
front: 0.0242754, 0, 2.5
back: 0.0728261, 0, 7.5
front back
photon_ene: 661.6 photon_theta: 2.93165 photon_phi: 1.61638
traject_len: 5.00024
pe_len: 46.5892 cs_len: 7.35435
---
front: 0, 1.97682, 2.5
side: 0, 0, 0
front only
front: 0.877929, 0.131387, 2.5
side: 0, 0, 0
front only
front: 0, 0, 2.5
side: 0, 0, 0
front only
else
else
else
else
else
front: 0, 0, 2.5
back: 0, 0, 7.5
front back
photon_ene: 661.6 photon_theta: 0.270392 photon_phi: 3.8041
traject_len: 5
pe_len: 34.2803 cs_len: 2.05124
---
else
else
front: 0.840276, 0, 2.5
side: 0, 0, 0
front only
else
else
else
else
else
else
else
else
else
else
else
else
else
else
front: 0, 0.368157, 2.5
side: 0, 0, 0
front only
else
else
front: 0, 0.369988, 2.5
side: 0, 0, 0
front only
front: 1.05737, 0, 2.5
side: 0, 0, 0
front only
front: 0.440278, 0, 2.5
side: 0, 0, 0
front only
else
else
front: 0, 0.411124, 2.5
back: 0, 1.23337, 7.5
front back
photon_ene: 661.6 photon_theta: 0.176009 photon_phi: 1.96146
traject_len: 5.06716
pe_len: 40.5405 cs_len: 2.98695
---
else
else
front: 0, 1.933, 2.5
side: 0, 0, 0
front only
front: 0.461992, 0, 2.5
side: 0, 0, 0
front only
else
front: 1.44814, 0.425296, 2.5
side: 0, 0, 0
front only
front: 0.38507, 0, 2.5
side: 0, 0, 0
front only
front: 0, 1.12414, 2.5
side: 0, 0, 0
front only
front: 1.48947, 0, 2.5
side: 0, 0, 0
front only
else
else
front: 0, 0.211031, 2.5
side: 0, 0, 0
front only
else
else
else
else
else
else
front: 1.53334, 0.986145, 2.5
side: 0, 0, 0
front only
else
else
else
else
front: 2.20853, 0, 2.5
side: 0, 0, 0
front only
else
else
front: 0.757044, 0, 2.5
side: 0, 0, 0
front only
front: 0, 0, 2.5
side: 0, 0, 0
front only
else
front: 0.513901, 0.8325, 2.5
side: 0, 0, 0
front only
else
else
front: 0, 0, 2.5
side: 0, 0, 0
front only
else
else
else
front: 2.17722, 0.702481, 2.5
side: 0, 0, 0
front only
else
else
front: 0.70008, 0, 2.5
side: 0, 0, 0
front only
front: 0.0304681, 0, 2.5
side: 0, 0, 0
front only
else
front: 0, 0.881986, 2.5
side: 0, 0, 0
front only
else
else
else
else
else
else
front: 0, 0.409615, 2.5
side: 0, 0, 0
front only
else
else
else
front: 1.06679, 0.493806, 2.5
side: 0, 0, 0
front only
else
else
front: 0.601097, 2.3553, 2.5
side: 0, 0, 0
front only
else
else
else
else
else
front: 0, 0, 2.5
side: 0, 0, 0
front only
else
front: 0, 1.96949, 2.5
side: 0, 0, 0
front only
front: 0, 0.180036, 2.5
side: 0, 0, 0
front only
front: 0.557902, 0, 2.5
back: 1.67371, 0, 7.5
front back
photon_ene: 661.6 photon_theta: 2.92187 photon_phi: 3.10315
traject_len: 5.12299
pe_len: 58.3198 cs_len: 2.3893
---
front: 1.24383, 0.834482, 2.5
side: 0, 0, 0
front only
front: 0, 1.51309, 2.5
side: 0, 0, 0
front only
else
front: 0, 0.559805, 2.5
back: 0, 1.67941, 7.5
front back
photon_ene: 661.6 photon_theta: 2.85026 photon_phi: 5.44005
traject_len: 5.12382
pe_len: 43.4192 cs_len: 7.97233
---
front: 1.20435, 2.01029, 2.5
side: 0, 0, 0
front only
else
else
else
else
else
else
else
else
else
else
front: 0, 0, 2.5
side: 0, 0, 0
front only
front: 0, 0.664896, 2.5
back: 0, 1.99469, 7.5
front back
photon_ene: 661.6 photon_theta: 2.87006 photon_phi: 5.01253
traject_len: 5.17381
pe_len: 15.6406 cs_len: 4.57574
---
else
else
else
front: 0, 0, 2.5
side: 0, 0, 0
front only
else
front: 0, 0, 2.5
side: 0, 0, 0
front only
else
else
front: 1.79045, 0, 2.5
side: 0, 0, 0
front only
else
else
else
else
front: 1.30422, 1.15458, 2.5
side: 0, 0, 0
front only
else
else
else
else
front: 0, 0, 2.5
side: 0, 0, 0
front only
else
else
front: 0, 1.24849, 2.5
side: 0, 0, 0
front only
else
else
else
else
front: 1.38481, 0.396892, 2.5
side: 0, 0, 0
front only
front: 0, 1.7885, 2.5
side: 0, 0, 0
front only
else
else
front: 1.2503, 2.01014, 2.5
side: 0, 0, 0
front only
else
else
else
else
else
else
front: 0, 0, 2.5
side: 0, 0, 0
front only
else
else
else
else
front: 0, 0.52087, 2.5
side: 0, 0, 0
front only
else
else
else
else
else
else
front: 0, 0.616299, 2.5
back: 0, 1.8489, 7.5
front back
photon_ene: 661.6 photon_theta: 0.264108 photon_phi: 1.99443
traject_len: 5.14969
pe_len: 51.3021 cs_len: 4.50722
---
front: 0, 0, 2.5
side: 0, 0, 0
front only
else
else
else
else
front: 0.898609, 0.332147, 2.5
side: 0, 0, 0
front only
else
else
else
front: 0, 2.02528, 2.5
side: 0, 0, 0
front only
else
front: 0.653198, 0, 2.5
side: 0, 0, 0
front only
front: 0.52955, 0.267784, 2.5
back: 1.58865, 0.803353, 7.5
front back
photon_ene: 661.6 photon_theta: 0.23305 photon_phi: 0.468184
traject_len: 5.13892
pe_len: 22.1533 cs_len: 1.75885
---
else
else
else
front: 0, 1.42964, 2.5
side: 0, 0, 0
front only
else
front: 0, 0.142757, 2.5
side: 0, 0, 0
front only
else
else
else
else
else
else
else
else
else
else
front: 0, 0, 2.5
side: 0, 0, 0
front only
else
front: 0.677393, 0.613028, 2.5
side: 0, 0, 0
front only
else
else
front: 0, 0, 2.5
side: 0, 0, 0
front only
else
else
else
else
front: 0, 0.482061, 2.5
back: 0, 1.44618, 7.5
front back
photon_ene: 661.6 photon_theta: 0.214671 photon_phi: 2.05641
traject_len: 5.0921
pe_len: 17.0446 cs_len: 3.45446
---
else
else
else
front: 0.0849916, 1.32152, 2.5
side: 0, 0, 0
front only
front: 0.866441, 0, 2.5
side: 0, 0, 0
front only
else
else
else
else
else
front: 0, 0, 2.5
side: 0, 0, 0
front only
else
else
front: 0, 0.496705, 2.5
side: 0, 0, 0
front only
else
else
else
else
else
else
else
else
else
else
else
else
else
else
else
else
else
else
else
else
else
else
front: 0.294763, 0.777424, 2.5
back: 0.884289, 2.33227, 7.5
front back
photon_ene: 661.6 photon_theta: 2.82053 photon_phi: 4.34998
traject_len: 5.26926
pe_len: 5.55543 cs_len: 8.75967
---
else
else
else
else
else
else
else
else
front: 1.38939, 0.512053, 2.5
side: 0, 0, 0
front only
else
else
else
else
else
else
else
else
else
else
else
else
else
else
else
else
front: 0, 0, 2.5
back: 0, 0, 7.5
front back
photon_ene: 661.6 photon_theta: 2.97672 photon_phi: 1.36017
traject_len: 5
pe_len: 5.47978 cs_len: 5.14959
---
else
front: 0, 0, 2.5
side: 0, 0, 0
front only
front: 0.787234, 1.01156, 2.5
side: 0, 0, 0
front only
front: 0, 1.31066, 2.5
side: 0, 0, 0
front only
else
else
front: 0, 0, 2.5
back: 0, 0, 7.5
front back
photon_ene: 661.6 photon_theta: 2.91545 photon_phi: 0.176835
traject_len: 5
pe_len: 62.5354 cs_len: 6.45418
---
else
else
front: 0.478873, 0.607794, 2.5
back: 1.43662, 1.82338, 7.5
front back
photon_ene: 661.6 photon_theta: 2.84143 photon_phi: 4.04508
traject_len: 5.23402
pe_len: 13.4925 cs_len: 2.2934
---
else
else
else
else
else
else
else
front: 0.144909, 0, 2.5
back: 0.434727, 0, 7.5
front back
photon_ene: 661.6 photon_theta: 0.299345 photon_phi: 4.90133
traject_len: 5.00839
pe_len: 4.45763 cs_len: 3.73962
---
front: 0, 0.430571, 2.5
side: 0, 0, 0
front only
else
else
else
front: 0.0758191, 0.188528, 2.5
back: 0.227457, 0.565584, 7.5
front back
photon_ene: 661.6 photon_theta: 0.0811028 photon_phi: 1.18843
traject_len: 5.01649
pe_len: 50.2795 cs_len: 8.14928
---
front: 0.858655, 0, 2.5
side: 0, 0, 0
front only
else
front: 0, 0.403179, 2.5
side: 0, 0, 0
front only
front: 0, 0, 2.5
side: 0, 0, 0
front only
else
front: 0, 1.55684, 2.5
side: 0, 0, 0
front only
else
else
front: 1.48658, 1.25878, 2.5
side: 0, 0, 0
front only
else
else
front: 0.967299, 0, 2.5
side: 0, 0, 0
front only
else
else
else
front: 1.56816, 1.09013, 2.5
side: 0, 0, 0
front only
else
front: 0.797273, 0.31924, 2.5
side: 0, 0, 0
front only
else
front: 1.21089, 1.63199, 2.5
side: 0, 0, 0
front only
else
else
else
front: 0.0953134, 0.414487, 2.5
back: 0.28594, 1.24346, 7.5
front back
photon_ene: 661.6 photon_theta: 2.97308 photon_phi: 4.48636
traject_len: 5.07184
pe_len: 33.7911 cs_len: 6.58363
---
else
front: 0, 0.127302, 2.5
side: 0, 0, 0
front only
front: 0, 0, 2.5
side: 0, 0, 0
front only
front: 1.43709, 1.88947, 2.5
side: 0, 0, 0
front only
else
else
else
else
front: 1.30279, 1.60955, 2.5
side: 0, 0, 0
front only
else
else
else
else
else
else
else
front: 0, 0, 2.5
side: 0, 0, 0
front only
else
front: 0, 0.93923, 2.5
side: 0, 0, 0
front only
else
front: 0.00743405, 2.35681, 2.5
side: 0, 0, 0
front only
else
front: 1.93635, 0, 2.5
side: 0, 0, 0
front only
else
else
else
front: 0, 0.119971, 2.5
side: 0, 0, 0
front only
front: 0.786386, 0, 2.5
side: 0, 0, 0
front only
else
front: 0, 0, 2.5
side: 0, 0, 0
front only
front: 0.367641, 0, 2.5
back: 1.10292, 0, 7.5
front back
photon_ene: 661.6 photon_theta: 2.84916 photon_phi: 2.08112
traject_len: 5.05377
pe_len: 7.09194 cs_len: 1.45678
---
else
else
else
else
else
else
else
front: 1.25719, 0, 2.5
side: 0, 0, 0
front only
else
front: 0, 0, 2.5
side: 0, 0, 0
front only
front: 0, 0, 2.5
side: 0, 0, 0
front only
else
else
else
else
else
else
else
else
front: 0.132129, 0, 2.5
side: 0, 0, 0
front only
else
else
else
else
else
else
front: 0.717149, 1.42947, 2.5
side: 0, 0, 0
front only
else
else
front: 0, 1.23871, 2.5
side: 0, 0, 0
front only
else
else
front: 0.745116, 0, 2.5
back: 2.23535, 0, 7.5
front back
photon_ene: 661.6 photon_theta: 0.295857 photon_phi: 6.07224
traject_len: 5.21735
pe_len: 52.7788 cs_len: 2.6344
---
else
else
front: 0, 0.824661, 2.5
side: 0, 0, 0
front only
else
else
front: 0.262456, 0, 2.5
back: 0.787367, 0, 7.5
front back
photon_ene: 661.6 photon_theta: 0.215508 photon_phi: 5.21256
traject_len: 5.02748
pe_len: 91.2019 cs_len: 4.26307
---
else
else
else
else
front: 0, 0.255946, 2.5
back: 0, 0.767838, 7.5
front back
photon_ene: 661.6 photon_theta: 0.123853 photon_phi: 2.17601
traject_len: 5.02614
pe_len: 33.779 cs_len: 6.94969
---
else
front: 0.631884, 0, 2.5
side: 0, 0, 0
front only
else
else
front: 0, 0.714418, 2.5
side: 0, 0, 0
front only
front: 1.99503, 1.08917, 2.5
side: 0, 0, 0
front only
else
front: 0, 0, 2.5
side: 0, 0, 0
front only
else
front: 0.194192, 0, 2.5
side: 0, 0, 0
front only
else
front: 2.04996, 0.585342, 2.5
side: 0, 0, 0
front only
else
else
else
front: 0, 0, 2.5
side: 0, 0, 0
front only
else
else
front: 1.45374, 0, 2.5
side: 0, 0, 0
front only
else
front: 0.149984, 0, 2.5
side: 0, 0, 0
front only
else
front: 0, 0.228269, 2.5
back: 0, 0.684808, 7.5
front back
photon_ene: 661.6 photon_theta: 0.161377 photon_phi: 2.54614
traject_len: 5.0208
pe_len: 18.9043 cs_len: 2.21802
---
front: 0, 0, 2.5
side: 0, 0, 0
front only
else
else
else
front: 0, 0, 2.5
side: 0, 0, 0
front only
else
else
front: 0.136027, 2.31107, 2.5
side: 0, 0, 0
front only
else
else
else
front: 0, 0, 2.5
side: 0, 0, 0
front only
front: 0, 0, 2.5
side: 0, 0, 0
front only
else
else
else
else
else
else
front: 0.230962, 0.044778, 2.5
back: 0.692885, 0.134334, 7.5
front back
photon_ene: 661.6 photon_theta: 3.04776 photon_phi: 3.33309
traject_len: 5.02209
pe_len: 11.3791 cs_len: 0.384365
---
else
else
else
else
front: 2.11867, 0.186619, 2.5
side: 0, 0, 0
front only
front: 1.24821, 1.69163, 2.5
side: 0, 0, 0
front only
else
front: 0.932341, 0, 2.5
side: 0, 0, 0
front only
else
else
else
else
else
else
else
else
front: 0, 0, 2.5
side: 0, 0, 0
front only
front: 2.11764, 1.11653, 2.5
side: 0, 0, 0
front only
front: 0, 0, 2.5
back: 0, 0, 7.5
front back
photon_ene: 661.6 photon_theta: 0.071231 photon_phi: 3.6226
traject_len: 5
pe_len: 33.9255 cs_len: 0.930246
---
front: 0.524977, 0, 2.5
back: 1.57493, 0, 7.5
front back
photon_ene: 661.6 photon_theta: 2.9346 photon_phi: 3.13408
traject_len: 5.10905
pe_len: 184.079 cs_len: 5.67794
---
else
else
front: 0.801112, 0, 2.5
side: 0, 0, 0
front only
else
front: 1.71801, 1.42896, 2.5
side: 0, 0, 0
front only
else
front: 0, 2.05892, 2.5
side: 0, 0, 0
front only
else
else
front: 0, 0.298002, 2.5
side: 0, 0, 0
front only
front: 0, 0, 2.5
side: 0, 0, 0
front only
else
front: 0.645094, 1.06405, 2.5
side: 0, 0, 0
front only
front: 0, 1.51575, 2.5
side: 0, 0, 0
front only
else
front: 0.196597, 0, 2.5
side: 0, 0, 0
front only
else
front: 0, 0.856866, 2.5
side: 0, 0, 0
front only
else
front: 0, 0, 2.5
back: 0, 0, 7.5
front back
photon_ene: 661.6 photon_theta: 0.139652 photon_phi: 3.28803
traject_len: 5
pe_len: 101.111 cs_len: 1.08789
---
else
else
else
else
else
else
front: 1.55301, 0, 2.5
side: 0, 0, 0
front only
else
else
front: 1.82696, 1.63022, 2.5
side: 0, 0, 0
front only
else
else
else
else
else
else
else
else
else
else
else
front: 0.0815225, 0, 2.5
side: 0, 0, 0
front only
front: 0, 0, 2.5
side: 0, 0, 0
front only
front: 0, 0, 2.5
back: 0, 0, 7.5
front back
photon_ene: 661.6 photon_theta: 0.126202 photon_phi: 3.86664
traject_len: 5
pe_len: 30.5787 cs_len: 2.13628
---
else
else
else
else
else
front: 0.188156, 0, 2.5
back: 0.564467, 0, 7.5
front back
photon_ene: 661.6 photon_theta: 0.267847 photon_phi: 4.99019
traject_len: 5.01414
pe_len: 29.8243 cs_len: 1.03472
---
front: 0.0882549, 0, 2.5
back: 0.264765, 0, 7.5
front back
photon_ene: 661.6 photon_theta: 3.07578 photon_phi: 2.13603
traject_len: 5.00311
pe_len: 13.5285 cs_len: 3.36599
---
else
else
front: 0.335407, 0.520145, 2.5
back: 1.00622, 1.56044, 7.5
front back
photon_ene: 661.6 photon_theta: 2.89891 photon_phi: 4.13965
traject_len: 5.15094
pe_len: 70.1542 cs_len: 7.45707
---
else
front: 0, 0.310284, 2.5
back: 0, 0.930853, 7.5
front back
photon_ene: 661.6 photon_theta: 0.123565 photon_phi: 1.60759
traject_len: 5.03836
pe_len: 31.7536 cs_len: 2.78831
---
else
else
else
front: 0, 0, 2.5
side: 0, 0, 0
front only
front: 2.11729, 0, 2.5
side: 0, 0, 0
front only
front: 0, 0, 2.5
side: 0, 0, 0
front only
else
else
else
else
else
front: 0, 0, 2.5
side: 0, 0, 0
front only
else
front: 0, 1.42122, 2.5
side: 0, 0, 0
front only
front: 0, 0, 2.5
side: 0, 0, 0
front only
else
else
else
else
front: 0, 0.528672, 2.5
side: 0, 0, 0
front only
else
else
else
front: 0.410158, 1.50515, 2.5
side: 0, 0, 0
front only
front: 1.23784, 0, 2.5
side: 0, 0, 0
front only
else
else
else
front: 0, 1.46423, 2.5
side: 0, 0, 0
front only
front: 1.52162, 0, 2.5
side: 0, 0, 0
front only
front: 0, 0, 2.5
back: 0, 0, 7.5
front back
photon_ene: 661.6 photon_theta: 0.248741 photon_phi: 4.6225
traject_len: 5
pe_len: 170.892 cs_len: 2.79576
---
front: 0, 0, 2.5
back: 0, 0, 7.5
front back
photon_ene: 661.6 photon_theta: 0.0457773 photon_phi: 3.68266
traject_len: 5
pe_len: 91.5425 cs_len: 5.95939
---
else
else
front: 0.402588, 1.18131, 2.5
side: 0, 0, 0
front only
else
front: 0.982815, 0, 2.5
side: 0, 0, 0
front only
else
else
else
else
else
else
front: 0, 0, 2.5
side: 0, 0, 0
front only
else
else
front: 0.239769, 0, 2.5
side: 0, 0, 0
front only
front: 0, 1.57126, 2.5
side: 0, 0, 0
front only
front: 0.612906, 0, 2.5
side: 0, 0, 0
front only
else
front: 0, 0, 2.5
back: 0, 0, 7.5
front back
photon_ene: 661.6 photon_theta: 3.0481 photon_phi: 1.39906
traject_len: 5
pe_len: 68.9085 cs_len: 2.63643
---
front: 0, 0.536933, 2.5
back: 0, 1.6108, 7.5
front back
photon_ene: 661.6 photon_theta: 0.246679 photon_phi: 2.12003
traject_len: 5.11402
pe_len: 38.2923 cs_len: 4.53903
---
else
front: 1.2744, 0, 2.5
side: 0, 0, 0
front only
else
front: 0.731029, 0.682941, 2.5
side: 0, 0, 0
front only
else
else
else
else
front: 0, 0, 2.5
side: 0, 0, 0
front only
else
else
front: 0, 0, 2.5
side: 0, 0, 0
front only
else
else
else
else
front: 0, 0, 2.5
side: 0, 0, 0
front only
front: 0.959835, 0.787893, 2.5
side: 0, 0, 0
front only
else
else
else
front: 0, 0, 2.5
side: 0, 0, 0
front only
else
front: 0, 0.757157, 2.5
side: 0, 0, 0
front only
else
front: 0, 0, 2.5
side: 0, 0, 0
front only
front: 0.477499, 2.248, 2.5
side: 0, 0, 0
front only
else
else
else
front: 0.35047, 0, 2.5
back: 1.05141, 0, 7.5
front back
photon_ene: 661.6 photon_theta: 2.94857 photon_phi: 2.37063
traject_len: 5.04889
pe_len: 88.42 cs_len: 1.13185
---
else
else
else
front: 0, 0, 2.5
side: 0, 0, 0
front only
else
else
else
else
else
else
front: 1.48703, 0.894287, 2.5
side: 0, 0, 0
front only
front: 0.579806, 0, 2.5
side: 0, 0, 0
front only
else
else
else
front: 1.3739, 0.798274, 2.5
side: 0, 0, 0
front only
else
front: 0, 0.612703, 2.5
side: 0, 0, 0
front only
else
else
else
front: 0.0573167, 1.79646, 2.5
side: 0, 0, 0
front only
else
front: 1.11164, 0, 2.5
side: 0, 0, 0
front only
else
else
front: 0, 0, 2.5
side: 0, 0, 0
front only
front: 0, 1.4841, 2.5
side: 0, 0, 0
front only
else
else
else
front: 0, 0, 2.5
back: 0, 0, 7.5
front back
photon_ene: 661.6 photon_theta: 0.144614 photon_phi: 4.31559
traject_len: 5
pe_len: 23.0865 cs_len: 0.318536
---
else
else
else
else
else
else
front: 0, 1.42993, 2.5
side: 0, 0, 0
front only
front: 0, 0, 2.5
side: 0, 0, 0
front only
else
front: 0, 1.37477, 2.5
side: 0, 0, 0
front only
else
else
front: 0, 0, 2.5
side: 0, 0, 0
front only
else
else
else
else
front: 0.526854, 2.05142, 2.5
side: 0, 0, 0
front only
front: 0.729782, 0, 2.5
side: 0, 0, 0
front only
else
front: 0.313109, 0, 2.5
back: 0.939326, 0, 7.5
front back
photon_ene: 661.6 photon_theta: 2.96627 photon_phi: 2.3561
traject_len: 5.03906
pe_len: 4.7974 cs_len: 7.65467
---
else
else
else
else
else
else
else
else
front: 1.70561, 0.390468, 2.5
side: 0, 0, 0
front only
else
else
else
front: 0.61524, 1.11454, 2.5
side: 0, 0, 0
front only
front: 0, 0.799962, 2.5
back: 0, 2.39988, 7.5
front back
photon_ene: 661.6 photon_theta: 2.82918 photon_phi: 4.84903
traject_len: 5.24974
pe_len: 48.86 cs_len: 1.18609
---
else
else
front: 0, 0, 2.5
side: 0, 0, 0
front only
else
front: 0, 0, 2.5
side: 0, 0, 0
front only
else
else
else
front: 0.660208, 0, 2.5
back: 1.98062, 0, 7.5
front back
photon_ene: 661.6 photon_theta: 2.87969 photon_phi: 2.96918
traject_len: 5.17141
pe_len: 87.4195 cs_len: 0.555564
---
front: 1.31663, 0, 2.5
side: 0, 0, 0
front only
else
else
else
else
else
front: 1.75455, 0.763524, 2.5
side: 0, 0, 0
front only
else
front: 0, 0.706025, 2.5
side: 0, 0, 0
front only
else
else
else
front: 0, 1.45429, 2.5
side: 0, 0, 0
front only
front: 0, 0.211114, 2.5
back: 0, 0.633341, 7.5
front back
photon_ene: 661.6 photon_theta: 2.93548 photon_phi: 5.86742
traject_len: 5.0178
pe_len: 40.4206 cs_len: 0.71829
---
else
front: 0, 0, 2.5
side: 0, 0, 0
front only
else
else
else
else
else
front: 0.962446, 0.635517, 2.5
side: 0, 0, 0
front only
else
else
else
else
front: 0, 1.93155, 2.5
side: 0, 0, 0
front only
else
else
else
else
else
front: 0.574974, 0, 2.5
side: 0, 0, 0
front only
else
front: 0, 0.516855, 2.5
side: 0, 0, 0
front only
else
else
else
front: 0.838521, 0.444822, 2.5
side: 0, 0, 0
front only
else
else
else
front: 0, 0, 2.5
back: 0, 0, 7.5
front back
photon_ene: 661.6 photon_theta: 2.99875 photon_phi: 0.18558
traject_len: 5
pe_len: 20.7961 cs_len: 16.858
---
else
else
else
front: 0.690181, 0.393629, 2.5
back: 2.07054, 1.18089, 7.5
front back
photon_ene: 661.6 photon_theta: 0.307721 photon_phi: 0.518315
traject_len: 5.24644
pe_len: 30.7131 cs_len: 3.00268
---
else
front: 0, 0.513497, 2.5
back: 0, 1.54049, 7.5
front back
photon_ene: 661.6 photon_theta: 2.93867 photon_phi: 4.77108
traject_len: 5.10438
pe_len: 40.8938 cs_len: 5.70407
---
else
front: 0, 2.17715, 2.5
side: 0, 0, 0
front only
front: 0, 2.19217, 2.5
side: 0, 0, 0
front only
front: 0, 0.0974073, 2.5
side: 0, 0, 0
front only
else
else
else
else
front: 0, 0, 2.5
side: 0, 0, 0
front only
front: 0.280258, 0.899234, 2.5
side: 0, 0, 0
front only
else
else
front: 0.637511, 1.28306, 2.5
side: 0, 0, 0
front only
else
else
front: 0, 0.779275, 2.5
side: 0, 0, 0
front only
else
front: 1.32917, 0.228448, 2.5
side: 0, 0, 0
front only
front: 0.00616438, 0, 2.5
back: 0.0184931, 0, 7.5
front back
photon_ene: 661.6 photon_theta: 3.13686 photon_phi: 2.11868
traject_len: 5.00002
pe_len: 45.9305 cs_len: 5.86728
---
else
front: 0, 0.503198, 2.5
side: 0, 0, 0
front only
else
front: 0.86029, 0, 2.5
side: 0, 0, 0
front only
front: 0, 0, 2.5
side: 0, 0, 0
front only
front: 0, 0, 2.5
side: 0, 0, 0
front only
front: 0, 0.0331222, 2.5
side: 0, 0, 0
front only
else
front: 0, 0, 2.5
back: 0, 0, 7.5
front back
photon_ene: 661.6 photon_theta: 2.84589 photon_phi: 1.42407
traject_len: 5
pe_len: 0.687283 cs_len: 12.638
---
else
else
else
else
front: 0, 0.0446658, 2.5
back: 0, 0.133997, 7.5
front back
photon_ene: 661.6 photon_theta: 2.97687 photon_phi: 6.1755
traject_len: 5.0008
pe_len: 15.1506 cs_len: 0.0733442
---
else
else
else
else
else
else
else
else
front: 0, 0, 2.5
side: 0, 0, 0
front only
else
front: 1.16476, 0, 2.5
side: 0, 0, 0
front only
else
front: 1.18654, 0, 2.5
side: 0, 0, 0
front only
front: 0, 2.04064, 2.5
side: 0, 0, 0
front only
else
else
front: 0.661325, 0, 2.5
side: 0, 0, 0
front only
front: 0, 0, 2.5
back: 0, 0, 7.5
front back
photon_ene: 661.6 photon_theta: 2.90444 photon_phi: 0.845913
traject_len: 5
pe_len: 5.85905 cs_len: 1.95174
---
else
front: 0.00290951, 0.467847, 2.5
back: 0.00872853, 1.40354, 7.5
front back
photon_ene: 661.6 photon_theta: 0.185003 photon_phi: 1.56458
traject_len: 5.0868
pe_len: 57.609 cs_len: 1.37858
---
front: 0.263721, 0.858579, 2.5
side: 0, 0, 0
front only
else
else
else
front: 1.74942, 1.2357, 2.5
side: 0, 0, 0
front only
else
else
front: 0, 0, 2.5
side: 0, 0, 0
front only
else
else
else
else
else
else
else
front: 0.107746, 0, 2.5
back: 0.323238, 0, 7.5
front back
photon_ene: 661.6 photon_theta: 0.1836 photon_phi: 4.94662
traject_len: 5.00464
pe_len: 13.864 cs_len: 1.19719
---
front: 0.424404, 1.10978, 2.5
side: 0, 0, 0
front only
else
else
else
front: 0.348064, 0, 2.5
side: 0, 0, 0
front only
front: 0, 2.08364, 2.5
side: 0, 0, 0
front only
else
front: 0, 0.406421, 2.5
side: 0, 0, 0
front only
else
else
front: 1.69369, 0, 2.5
side: 0, 0, 0
front only
front: 0, 0, 2.5
side: 0, 0, 0
front only
else
else
else
front: 0.00967107, 0.59429, 2.5
back: 0.0290132, 1.78287, 7.5
front back
photon_ene: 661.6 photon_theta: 0.233414 photon_phi: 1.55452
traject_len: 5.13937
pe_len: 56.3592 cs_len: 0.0231287
---
else
else
else
else
else
front: 0.95883, 2.08129, 2.5
side: 0, 0, 0
front only
front: 0, 0.042458, 2.5
side: 0, 0, 0
front only
else
else
front: 0.203358, 0, 2.5
side: 0, 0, 0
front only
else
else
else
else
else
else
else
front: 0, 0, 2.5
side: 0, 0, 0
front only
else
else
else
else
else
else
else
else
front: 0, 2.16438, 2.5
side: 0, 0, 0
front only
else
else
else
front: 0.831549, 0, 2.5
side: 0, 0, 0
front only
else
else
front: 1.53237, 1.91629, 2.5
side: 0, 0, 0
front only
else
else
else
front: 1.2378, 1.49575, 2.5
side: 0, 0, 0
front only
else
else
else
else
front: 0, 1.01804, 2.5
side: 0, 0, 0
front only
else
else
else
else
else
front: 1.35329, 0, 2.5
side: 0, 0, 0
front only
else
else
else
else
front: 0.940004, 0.595219, 2.5
side: 0, 0, 0
front only
else
front: 0.803954, 0, 2.5
side: 0, 0, 0
front only
else
else
else
else
else
front: 1.15084, 0, 2.5
side: 0, 0, 0
front only
else
else
else
else
else
else
front: 0.251291, 0, 2.5
back: 0.753874, 0, 7.5
front back
photon_ene: 661.6 photon_theta: 0.139178 photon_phi: 5.51266
traject_len: 5.0252
pe_len: 7.45276 cs_len: 7.30496
---
else
else
else
else
front: 1.7485, 0, 2.5
side: 0, 0, 0
front only
else
else
front: 0.515792, 0, 2.5
side: 0, 0, 0
front only
front: 0, 0, 2.5
back: 0, 0, 7.5
front back
photon_ene: 661.6 photon_theta: 2.85501 photon_phi: 0.485099
traject_len: 5
pe_len: 29.0602 cs_len: 0.763752
---
else
else
front: 0, 0.395584, 2.5
side: 0, 0, 0
front only
else
else
else
else
else
else
else
else
else
else
else
else
else
front: 0.105135, 1.16632, 2.5
side: 0, 0, 0
front only
else
else
front: 0.00792731, 0, 2.5
side: 0, 0, 0
front only
else
front: 0, 1.9863, 2.5
side: 0, 0, 0
front only
front: 1.68455, 0, 2.5
side: 0, 0, 0
front only
front: 2.10554, 0, 2.5
side: 0, 0, 0
front only
else
else
front: 0, 0, 2.5
side: 0, 0, 0
front only
else
front: 0, 0, 2.5
side: 0, 0, 0
front only
else
else
else
front: 1.50817, 1.48143, 2.5
side: 0, 0, 0
front only
else
front: 0.560133, 1.76798, 2.5
side: 0, 0, 0
front only
else
else
front: 0, 0, 2.5
side: 0, 0, 0
front only
else
else
else
else
front: 0, 0, 2.5
side: 0, 0, 0
front only
else
else
front: 0.711443, 0.116479, 2.5
back: 2.13433, 0.349438, 7.5
front back
photon_ene: 661.6 photon_theta: 2.86084 photon_phi: 3.30388
traject_len: 5.20374
pe_len: 15.1702 cs_len: 0.885727
---
else
front: 0, 0, 2.5
back: 0, 0, 7.5
front back
photon_ene: 661.6 photon_theta: 2.93016 photon_phi: 1.00095
traject_len: 5
pe_len: 8.06914 cs_len: 20.7647
---
else
else
else
else
else
else
else
front: 0, 0.717838, 2.5
side: 0, 0, 0
front only
front: 0.647266, 0.117753, 2.5
back: 1.9418, 0.353259, 7.5
front back
photon_ene: 661.6 photon_theta: 0.257322 photon_phi: 0.179956
traject_len: 5.17023
pe_len: 324.392 cs_len: 7.26757
---
else
else
front: 0.388892, 0, 2.5
back: 1.16668, 0, 7.5
front back
photon_ene: 661.6 photon_theta: 2.91066 photon_phi: 2.29373
traject_len: 5.06013
pe_len: 23.5624 cs_len: 0.722262
---
else
else
else
else
front: 0, 0.569637, 2.5
side: 0, 0, 0
front only
else
else
front: 0, 0, 2.5
side: 0, 0, 0
front only
else
else
else
else
else
else
else
front: 0, 0, 2.5
side: 0, 0, 0
front only
else
else
else
front: 0.116483, 1.11324, 2.5
side: 0, 0, 0
front only
front: 2.16801, 0, 2.5
side: 0, 0, 0
front only
else
front: 0, 0.550617, 2.5
side: 0, 0, 0
front only
else
front: 0, 0, 2.5
side: 0, 0, 0
front only
else
else
front: 0, 0, 2.5
side: 0, 0, 0
front only
front: 0, 1.6604, 2.5
side: 0, 0, 0
front only
else
front: 1.53888, 0, 2.5
side: 0, 0, 0
front only
else
else
else
else
front: 0, 0, 2.5
side: 0, 0, 0
front only
else
front: 1.34188, 0, 2.5
side: 0, 0, 0
front only
front: 0.484305, 1.1857, 2.5
side: 0, 0, 0
front only
front: 0.0199918, 0, 2.5
back: 0.0599755, 0, 7.5
front back
photon_ene: 661.6 photon_theta: 3.06938 photon_phi: 1.68157
traject_len: 5.00016
pe_len: 6.9797 cs_len: 6.85986
---
else
else
front: 1.88983, 0, 2.5
side: 0, 0, 0
front only
front: 0, 0, 2.5
side: 0, 0, 0
front only
front: 0, 0.457944, 2.5
side: 0, 0, 0
front only
front: 0.788611, 1.25307, 2.5
side: 0, 0, 0
front only
else
else
else
front: 0.718796, 1.2648, 2.5
side: 0, 0, 0
front only
front: 0, 0, 2.5
side: 0, 0, 0
front only
else
else
else
front: 1.72366, 0, 2.5
side: 0, 0, 0
front only
else
else
else
front: 1.20727, 0, 2.5
side: 0, 0, 0
front only
else
else
else
else
front: 0, 0.367257, 2.5
side: 0, 0, 0
front only
front: 0, 0, 2.5
side: 0, 0, 0
front only
else
front: 0, 1.30643, 2.5
side: 0, 0, 0
front only
else
else
else
else
else
else
front: 0.349851, 1.94198, 2.5
side: 0, 0, 0
front only
else
front: 0, 1.12297, 2.5
side: 0, 0, 0
front only
else
front: 0, 0, 2.5
side: 0, 0, 0
front only
else
else
else
else
else
else
front: 1.68043, 1.52937, 2.5
side: 0, 0, 0
front only
front: 0.691825, 2.36598, 2.5
side: 0, 0, 0
front only
else
else
else
front: 0, 0, 2.5
side: 0, 0, 0
front only
else
front: 0.709513, 0, 2.5
side: 0, 0, 0
front only
front: 0, 0, 2.5
side: 0, 0, 0
front only
else
else
front: 1.6286, 0, 2.5
side: 0, 0, 0
front only
else
else
front: 1.12454, 0.0963752, 2.5
side: 0, 0, 0
front only
else
else
else
else
front: 1.70956, 0, 2.5
side: 0, 0, 0
front only
else
front: 1.60951, 0, 2.5
side: 0, 0, 0
front only
else
else
else
front: 0.659289, 0.821919, 2.5
side: 0, 0, 0
front only
else
else
else
front: 0.496621, 0.351103, 2.5
back: 1.48986, 1.05331, 7.5
front back
photon_ene: 661.6 photon_theta: 2.90295 photon_phi: 3.75699
traject_len: 5.14584
pe_len: 157.915 cs_len: 2.00996
---
front: 0.650692, 0.948927, 2.5
side: 0, 0, 0
front only
else
else
else
else
else
front: 0.0838611, 0, 2.5
side: 0, 0, 0
front only
front: 0, 0, 2.5
side: 0, 0, 0
front only
front: 0, 1.62865, 2.5
side: 0, 0, 0
front only
front: 0, 0, 2.5
side: 0, 0, 0
front only
else
else
else
else
else
else
else
front: 0, 0, 2.5
side: 0, 0, 0
front only
else
front: 0, 0, 2.5
back: 0, 0, 7.5
front back
photon_ene: 661.6 photon_theta: 0.310685 photon_phi: 4.06015
traject_len: 5
pe_len: 29.1135 cs_len: 16.9703
---
else
else
else
front: 0, 0.0092904, 2.5
side: 0, 0, 0
front only
else
else
else
front: 1.44363, 0.177457, 2.5
side: 0, 0, 0
front only
else
else
front: 0.0296618, 0.0195895, 2.5
back: 0.0889854, 0.0587685, 7.5
front back
photon_ene: 661.6 photon_theta: 3.12737 photon_phi: 3.72526
traject_len: 5.00051
pe_len: 16.5352 cs_len: 6.83598
---
else
front: 0, 0, 2.5
side: 0, 0, 0
front only
front: 0.207146, 0, 2.5
back: 0.621438, 0, 7.5
front back
photon_ene: 661.6 photon_theta: 0.300314 photon_phi: 4.98325
traject_len: 5.01713
pe_len: 54.5441 cs_len: 1.5927
---
else
else
else
else
else
else
else
front: 1.39108, 0, 2.5
side: 0, 0, 0
front only
front: 0, 2.32755, 2.5
side: 0, 0, 0
front only
else
front: 1.33415, 0, 2.5
side: 0, 0, 0
front only
else
else
front: 0, 1.70579, 2.5
side: 0, 0, 0
front only
front: 0.252093, 0, 2.5
side: 0, 0, 0
front only
else
else
else
front: 1.50684, 1.61726, 2.5
side: 0, 0, 0
front only
else
else
else
else
else
front: 0.79131, 0.333344, 2.5
side: 0, 0, 0
front only
front: 0, 0, 2.5
side: 0, 0, 0
front only
front: 0, 0, 2.5
side: 0, 0, 0
front only
front: 0.576558, 0, 2.5
side: 0, 0, 0
front only
front: 0, 0.628955, 2.5
back: 0, 1.88686, 7.5
front back
photon_ene: 661.6 photon_theta: 2.89149 photon_phi: 4.88673
traject_len: 5.15581
pe_len: 68.7888 cs_len: 3.99356
---
else
front: 0.500611, 0.660173, 2.5
back: 1.50183, 1.98052, 7.5
front back
photon_ene: 661.6 photon_theta: 0.320016 photon_phi: 0.922003
traject_len: 5.26742
pe_len: 19.1486 cs_len: 9.9426
---
front: 1.65087, 0, 2.5
side: 0, 0, 0
front only
front: 0, 0, 2.5
side: 0, 0, 0
front only
else
else
else
front: 0, 0, 2.5
back: 0, 0, 7.5
front back
photon_ene: 661.6 photon_theta: 2.93231 photon_phi: 0.710016
traject_len: 5
pe_len: 7.01961 cs_len: 0.409335
---
else
else
front: 0, 0, 2.5
side: 0, 0, 0
front only
else
else
front: 1.86745, 1.21978, 2.5
side: 0, 0, 0
front only
else
else
else
else
front: 0, 1.39043, 2.5
side: 0, 0, 0
front only
else
else
else
front: 0, 1.07362, 2.5
side: 0, 0, 0
front only
front: 0.551186, 1.90027, 2.5
side: 0, 0, 0
front only
else
else
front: 0, 0, 2.5
side: 0, 0, 0
front only
else
front: 0, 0, 2.5
side: 0, 0, 0
front only
front: 1.12201, 0.582658, 2.5
side: 0, 0, 0
front only
else
else
front: 0, 0, 2.5
side: 0, 0, 0
front only
else
else
else
else
else
else
else
else
else
else
else
else
else
front: 0, 0, 2.5
back: 0, 0, 7.5
front back
photon_ene: 661.6 photon_theta: 2.89127 photon_phi: 0.0670001
traject_len: 5
pe_len: 12.3536 cs_len: 0.873193
---
front: 2.46859, 0, 2.5
side: 0, 0, 0
front only
else
else
front: 0, 0.221201, 2.5
back: 0, 0.663603, 7.5
front back
photon_ene: 661.6 photon_theta: 3.02887 photon_phi: 5.38597
traject_len: 5.01953
pe_len: 19.8489 cs_len: 15.2634
---
else
front: 0.828284, 0, 2.5
side: 0, 0, 0
front only
else
front: 1.40982, 0, 2.5
side: 0, 0, 0
front only
front: 1.41833, 1.69353, 2.5
side: 0, 0, 0
front only
else
else
else
else
front: 0, 0, 2.5
side: 0, 0, 0
front only
else
front: 0, 0, 2.5
back: 0, 0, 7.5
front back
photon_ene: 661.6 photon_theta: 2.84412 photon_phi: 1.37871
traject_len: 5
pe_len: 44.5155 cs_len: 1.08208
---
else
else
else
else
front: 0, 1.98263, 2.5
side: 0, 0, 0
front only
else
else
front: 0.402537, 0.482384, 2.5
back: 1.20761, 1.44715, 7.5
front back
photon_ene: 661.6 photon_theta: 2.89538 photon_phi: 4.01698
traject_len: 5.15548
pe_len: 142.551 cs_len: 0.458517
---
else
else
else
else
front: 0, 0.581054, 2.5
back: 0, 1.74316, 7.5
front back
photon_ene: 661.6 photon_theta: 0.248101 photon_phi: 1.97984
traject_len: 5.13327
pe_len: 25.3518 cs_len: 1.95839
---
front: 1.35436, 0.551673, 2.5
side: 0, 0, 0
front only
else
else
else
else
front: 1.13136, 0, 2.5
side: 0, 0, 0
front only
else
else
else
else
front: 0, 0, 2.5
side: 0, 0, 0
front only
front: 0, 1.96977, 2.5
side: 0, 0, 0
front only
front: 0, 0, 2.5
side: 0, 0, 0
front only
else
else
else
else
else
else
front: 0.616973, 0, 2.5
side: 0, 0, 0
front only
else
front: 1.12931, 0, 2.5
side: 0, 0, 0
front only
else
else
front: 1.03077, 0, 2.5
side: 0, 0, 0
front only
else
else
else
else
front: 0.240691, 0.903865, 2.5
side: 0, 0, 0
front only
else
else
else
front: 0, 0, 2.5
back: 0, 0, 7.5
front back
photon_ene: 661.6 photon_theta: 3.10462 photon_phi: 0.199254
traject_len: 5
pe_len: 10.5989 cs_len: 3.10772
---
front: 0, 0.379077, 2.5
side: 0, 0, 0
front only
else
else
front: 0, 0.672738, 2.5
side: 0, 0, 0
front only
else
else
else
front: 0, 2.43342, 2.5
side: 0, 0, 0
front only
front: 0, 0.0989565, 2.5
side: 0, 0, 0
front only
front: 1.57018, 0, 2.5
side: 0, 0, 0
front only
else
else
front: 0, 1.87816, 2.5
side: 0, 0, 0
front only
else
else
else
else
else
else
else
else
else
front: 0, 0, 2.5
side: 0, 0, 0
front only
front: 0, 1.22356, 2.5
side: 0, 0, 0
front only
else
front: 0.357673, 0.321863, 2.5
back: 1.07302, 0.965589, 7.5
front back
photon_ene: 661.6 photon_theta: 0.190143 photon_phi: 0.732749
traject_len: 5.09177
pe_len: 16.2604 cs_len: 1.24189
---
front: 0, 0, 2.5
side: 0, 0, 0
front only
front: 0.581537, 0, 2.5
side: 0, 0, 0
front only
else
front: 1.70784, 0, 2.5
side: 0, 0, 0
front only
else
else
front: 0, 0.0704291, 2.5
side: 0, 0, 0
front only
front: 0.652472, 0, 2.5
side: 0, 0, 0
front only
else
front: 0, 0, 2.5
side: 0, 0, 0
front only
else
front: 0, 1.08639, 2.5
side: 0, 0, 0
front only
else
front: 0, 1.24122, 2.5
side: 0, 0, 0
front only
else
else
else
else
else
front: 1.95858, 1.33676, 2.5
side: 0, 0, 0
front only
front: 1.03234, 0, 2.5
side: 0, 0, 0
front only
else
front: 0.665483, 0, 2.5
side: 0, 0, 0
front only
front: 1.95801, 0.416234, 2.5
side: 0, 0, 0
front only
else
front: 0, 0.876751, 2.5
side: 0, 0, 0
front only
else
front: 0, 0.226261, 2.5
back: 0, 0.678782, 7.5
front back
photon_ene: 661.6 photon_theta: 0.118995 photon_phi: 2.28291
traject_len: 5.02044
pe_len: 4.11812 cs_len: 0.403478
---
front: 0, 0.481467, 2.5
side: 0, 0, 0
front only
else
else
else
front: 0.596827, 0.569896, 2.5
back: 1.79048, 1.70969, 7.5
front back
photon_ene: 661.6 photon_theta: 2.82277 photon_phi: 3.90391
traject_len: 5.26535
pe_len: 7.18215 cs_len: 0.628659
---
front: 0, 0, 2.5
side: 0, 0, 0
front only
else
else
else
front: 1.68866, 0.532601, 2.5
side: 0, 0, 0
front only
else
front: 0.937577, 0, 2.5
side: 0, 0, 0
front only
else
else
else
else
front: 0, 0, 2.5
side: 0, 0, 0
front only
else
else
front: 0, 0, 2.5
side: 0, 0, 0
front only
else
front: 0.33935, 0, 2.5
side: 0, 0, 0
front only
else
else
else
front: 0, 0, 2.5
back: 0, 0, 7.5
front back
photon_ene: 661.6 photon_theta: 0.0982561 photon_phi: 3.84061
traject_len: 5
pe_len: 26.9709 cs_len: 0.360362
---
else
else
else
front: 0, 0, 2.5
side: 0, 0, 0
front only
front: 1.69025, 0, 2.5
side: 0, 0, 0
front only
else
else
else
else
else
else
else
else
front: 0.929944, 1.13064, 2.5
side: 0, 0, 0
front only
else
else
front: 0, 0, 2.5
side: 0, 0, 0
front only
else
front: 2.09004, 0.679127, 2.5
side: 0, 0, 0
front only
else
else
else
else
else
else
front: 0, 1.94529, 2.5
side: 0, 0, 0
front only
else
else
else
else
front: 0, 0, 2.5
back: 0, 0, 7.5
front back
photon_ene: 661.6 photon_theta: 2.95652 photon_phi: 1.01542
traject_len: 5
pe_len: 6.81053 cs_len: 2.17628
---
else
front: 1.7523, 0, 2.5
side: 0, 0, 0
front only
else
else
else
else
else
else
front: 1.67, 0, 2.5
side: 0, 0, 0
front only
else
front: 0.224584, 0.102592, 2.5
back: 0.673753, 0.307777, 7.5
front back
photon_ene: 661.6 photon_theta: 0.0984438 photon_phi: 0.428502
traject_len: 5.02433
pe_len: 15.7507 cs_len: 0.514671
---
front: 0, 0, 2.5
side: 0, 0, 0
front only
else
else
else
front: 0, 0, 2.5
side: 0, 0, 0
front only
front: 0, 0, 2.5
side: 0, 0, 0
front only
else
else
else
front: 0, 0.611759, 2.5
side: 0, 0, 0
front only
else
front: 0.116213, 0.391679, 2.5
back: 0.34864, 1.17504, 7.5
front back
photon_ene: 661.6 photon_theta: 0.161991 photon_phi: 1.28237
traject_len: 5.06633
pe_len: 2.40173 cs_len: 5.26675
---
front: 0.945952, 0, 2.5
side: 0, 0, 0
front only
else
else
front: 1.47014, 0.0663487, 2.5
side: 0, 0, 0
front only
else
else
else
else
else
front: 0, 1.31059, 2.5
side: 0, 0, 0
front only
front: 0, 0, 2.5
side: 0, 0, 0
front only
front: 0, 1.20381, 2.5
side: 0, 0, 0
front only
front: 0, 0, 2.5
side: 0, 0, 0
front only
else
else
else
else
front: 1.39476, 0.446619, 2.5
side: 0, 0, 0
front only
else
else
else
front: 0.578882, 1.40033, 2.5
side: 0, 0, 0
front only
else
front: 1.6352, 0, 2.5
side: 0, 0, 0
front only
else
else
front: 0, 0, 2.5
side: 0, 0, 0
front only
front: 0, 0, 2.5
side: 0, 0, 0
front only
front: 0, 0, 2.5
side: 0, 0, 0
front only
front: 0, 0.158122, 2.5
back: 0, 0.474365, 7.5
front back
photon_ene: 661.6 photon_theta: 2.95447 photon_phi: 5.94259
traject_len: 5.00999
pe_len: 95.0501 cs_len: 1.26005
---
else
front: 0.794989, 0, 2.5
side: 0, 0, 0
front only
else
else
else
front: 0, 0, 2.5
side: 0, 0, 0
front only
else
else
else
front: 0, 0, 2.5
side: 0, 0, 0
front only
else
else
else
else
else
else
front: 0, 0, 2.5
side: 0, 0, 0
front only
else
else
else
front: 0.603261, 0, 2.5
side: 0, 0, 0
front only
else
else
front: 1.82476, 0, 2.5
side: 0, 0, 0
front only
else
else
else
front: 0, 1.38929, 2.5
side: 0, 0, 0
front only
else
else
front: 0, 0, 2.5
back: 0, 0, 7.5
front back
photon_ene: 661.6 photon_theta: 0.308264 photon_phi: 3.85648
traject_len: 5
pe_len: 35.2062 cs_len: 4.0045
---
else
else
front: 0, 0, 2.5
side: 0, 0, 0
front only
front: 0.324607, 0, 2.5
side: 0, 0, 0
front only
front: 0.163937, 0, 2.5
side: 0, 0, 0
front only
else
front: 1.49961, 0.769205, 2.5
side: 0, 0, 0
front only
front: 0.201636, 0.251949, 2.5
back: 0.604907, 0.755848, 7.5
front back
photon_ene: 661.6 photon_theta: 0.12837 photon_phi: 0.895871
traject_len: 5.04148
pe_len: 56.785 cs_len: 3.08295
---
else
else
else
front: 1.09765, 0.346265, 2.5
side: 0, 0, 0
front only
else
else
else
front: 0, 0.722238, 2.5
side: 0, 0, 0
front only
front: 1.00251, 0.786076, 2.5
side: 0, 0, 0
front only
else
front: 0, 1.05586, 2.5
side: 0, 0, 0
front only
else
else
front: 0.0999331, 0.889031, 2.5
side: 0, 0, 0
front only
else
front: 2.22136, 0.60261, 2.5
side: 0, 0, 0
front only
front: 0, 0.284759, 2.5
side: 0, 0, 0
front only
else
else
else
front: 0.727166, 0, 2.5
side: 0, 0, 0
front only
else
else
front: 1.49836, 0, 2.5
side: 0, 0, 0
front only
else
else
else
else
else
else
else
else
else
else
else
else
front: 0, 0.669048, 2.5
back: 0, 2.00714, 7.5
front back
photon_ene: 661.6 photon_theta: 2.86585 photon_phi: 5.04312
traject_len: 5.17595
pe_len: 26.1293 cs_len: 0.292615
---
front: 0.554674, 0.543661, 2.5
back: 1.66402, 1.63098, 7.5
front back
photon_ene: 661.6 photon_theta: 2.84037 photon_phi: 3.91696
traject_len: 5.23573
pe_len: 52.9338 cs_len: 15.7374
---
else
front: 1.02761, 0, 2.5
side: 0, 0, 0
front only
else
front: 0.940502, 0, 2.5
side: 0, 0, 0
front only
else
else
else
else
else
else
else
front: 0, 0.510135, 2.5
back: 0, 1.53041, 7.5
front back
photon_ene: 661.6 photon_theta: 0.271263 photon_phi: 2.31785
traject_len: 5.10303
pe_len: 38.0715 cs_len: 2.2891
---
front: 1.91394, 0.365889, 2.5
side: 0, 0, 0
front only
else
front: 1.70887, 0, 2.5
side: 0, 0, 0
front only
else
else
front: 1.03411, 0.423176, 2.5
side: 0, 0, 0
front only
front: 0, 0.726444, 2.5
back: 0, 2.17933, 7.5
front back
photon_ene: 661.6 photon_theta: 0.311002 photon_phi: 2.01254
traject_len: 5.20681
pe_len: 14.691 cs_len: 2.10769
---
front: 0, 0.379487, 2.5
side: 0, 0, 0
front only
else
else
else
else
else
else
else
front: 0, 0.254272, 2.5
side: 0, 0, 0
front only
else
else
else
else
else
else
else
else
else
else
else
else
else
front: 1.82423, 0.546408, 2.5
side: 0, 0, 0
front only
else
else
front: 0, 1.3035, 2.5
side: 0, 0, 0
front only
else
front: 0.895473, 0.886747, 2.5
side: 0, 0, 0
front only
else
else
else
front: 0, 0, 2.5
side: 0, 0, 0
front only
front: 0.199239, 0.886692, 2.5
side: 0, 0, 0
front only
else
else
front: 0, 0.549372, 2.5
side: 0, 0, 0
front only
else
else
else
else
else
front: 0, 0, 2.5
side: 0, 0, 0
front only
else
else
else
else
else
else
front: 0, 0, 2.5
side: 0, 0, 0
front only
else
front: 1.90899, 0.851668, 2.5
side: 0, 0, 0
front only
else
front: 0, 0, 2.5
back: 0, 0, 7.5
front back
photon_ene: 661.6 photon_theta: 0.310535 photon_phi: 3.14177
traject_len: 5
pe_len: 0.693122 cs_len: 11.2392
---
else
else
front: 1.6467, 0, 2.5
side: 0, 0, 0
front only
front: 0, 0, 2.5
side: 0, 0, 0
front only
front: 0, 0, 2.5
side: 0, 0, 0
front only
front: 0, 0.596183, 2.5
back: 0, 1.78855, 7.5
front back
photon_ene: 661.6 photon_theta: 2.90153 photon_phi: 4.93989
traject_len: 5.14021
pe_len: 20.4627 cs_len: 6.83395
---
front: 1.52275, 0, 2.5
side: 0, 0, 0
front only
else
front: 1.43031, 1.24173, 2.5
side: 0, 0, 0
front only
else
else
else
front: 0, 0.962122, 2.5
side: 0, 0, 0
front only
else
else
front: 0, 0, 2.5
side: 0, 0, 0
front only
else
else
front: 0, 0.301126, 2.5
back: 0, 0.903378, 7.5
front back
photon_ene: 661.6 photon_theta: 2.96657 photon_phi: 5.53383
traject_len: 5.03614
pe_len: 2.13055 cs_len: 7.95859
---
else
else
else
front: 0.974669, 0, 2.5
side: 0, 0, 0
front only
else
else
front: 0, 0, 2.5
side: 0, 0, 0
front only
else
else
front: 0.82625, 0, 2.5
side: 0, 0, 0
front only
else
front: 0, 0.299866, 2.5
back: 0, 0.899598, 7.5
front back
photon_ene: 661.6 photon_theta: 0.131316 photon_phi: 2.00273
traject_len: 5.03584
pe_len: 16.3891 cs_len: 1.16413
---
else
front: 0.838383, 1.77554, 2.5
side: 0, 0, 0
front only
else
else
else
else
else
else
else
else
else
else
front: 0, 0, 2.5
side: 0, 0, 0
front only
front: 0.19912, 0, 2.5
side: 0, 0, 0
front only
else
else
else
else
else
else
else
front: 0, 0.798193, 2.5
side: 0, 0, 0
front only
front: 0, 0.671083, 2.5
side: 0, 0, 0
front only
else
front: 2.00167, 0, 2.5
side: 0, 0, 0
front only
front: 0, 1.39811, 2.5
side: 0, 0, 0
front only
front: 0, 1.45228, 2.5
side: 0, 0, 0
front only
else
else
else
front: 0.255857, 0, 2.5
back: 0.767572, 0, 7.5
front back
photon_ene: 661.6 photon_theta: 2.97768 photon_phi: 2.23796
traject_len: 5.02612
pe_len: 110.426 cs_len: 1.61718
---
else
else
else
front: 1.17901, 0.979891, 2.5
side: 0, 0, 0
front only
else
front: 0.545097, 2.10122, 2.5
side: 0, 0, 0
front only
else
front: 0.297304, 0, 2.5
back: 0.891913, 0, 7.5
front back
photon_ene: 661.6 photon_theta: 3.00832 photon_phi: 2.66171
traject_len: 5.03523
pe_len: 50.11 cs_len: 12.6953
---
front: 0, 0, 2.5
side: 0, 0, 0
front only
else
else
front: 0, 0.0490034, 2.5
side: 0, 0, 0
front only
else
front: 0.489296, 0, 2.5
side: 0, 0, 0
front only
front: 0.702602, 0.88961, 2.5
side: 0, 0, 0
front only
else
else
front: 0.322427, 0.0129333, 2.5
back: 0.967281, 0.0388, 7.5
front back
photon_ene: 661.6 photon_theta: 3.01323 photon_phi: 3.18168
traject_len: 5.04148
pe_len: 5.94575 cs_len: 4.74512
---
else
else
else
else
front: 0, 0, 2.5
side: 0, 0, 0
front only
front: 0, 0, 2.5
side: 0, 0, 0
front only
else
front: 1.03618, 0, 2.5
side: 0, 0, 0
front only
else
else
else
front: 0, 0.0104164, 2.5
back: 0, 0.0312493, 7.5
front back
photon_ene: 661.6 photon_theta: 0.161432 photon_phi: 3.116
traject_len: 5.00004
pe_len: 41.6716 cs_len: 14.0464
---
front: 0, 0, 2.5
side: 0, 0, 0
front only
else
front: 0.328126, 0.570091, 2.5
back: 0.984377, 1.71027, 7.5
front back
photon_ene: 661.6 photon_theta: 2.88431 photon_phi: 4.19013
traject_len: 5.17017
pe_len: 47.0928 cs_len: 1.14694
---
else
front: 0, 0.392122, 2.5
back: 0, 1.17637, 7.5
front back
photon_ene: 661.6 photon_theta: 2.83073 photon_phi: 5.77316
traject_len: 5.06113
pe_len: 21.2719 cs_len: 0.532698
---
else
else
front: 0, 0, 2.5
side: 0, 0, 0
front only
else
front: 2.04902, 0, 2.5
side: 0, 0, 0
front only
else
else
front: 0.11789, 1.22322, 2.5
side: 0, 0, 0
front only
else
front: 0.289115, 0, 2.5
back: 0.867344, 0, 7.5
front back
photon_ene: 661.6 photon_theta: 2.92044 photon_phi: 2.11106
traject_len: 5.03332
pe_len: 18.4076 cs_len: 1.57986
---
else
else
else
front: 1.39392, 1.02709, 2.5
side: 0, 0, 0
front only
front: 0, 0.386486, 2.5
side: 0, 0, 0
front only
else
else
else
else
else
else
else
front: 1.0688, 2.11868, 2.5
side: 0, 0, 0
front only
else
front: 0.423094, 0, 2.5
back: 1.26928, 0, 7.5
front back
photon_ene: 661.6 photon_theta: 0.28233 photon_phi: 5.33532
traject_len: 5.0711
pe_len: 10.9034 cs_len: 1.40384
---
front: 1.40759, 0.223273, 2.5
side: 0, 0, 0
front only
else
else
front: 0, 0, 2.5
side: 0, 0, 0
front only
else
else
else
else
front: 0.623949, 0.396512, 2.5
back: 1.87185, 1.18954, 7.5
front back
photon_ene: 661.6 photon_theta: 0.287518 photon_phi: 0.566106
traject_len: 5.21403
pe_len: 21.8879 cs_len: 0.848218
---
else
else
front: 0.708354, 0, 2.5
side: 0, 0, 0
front only
front: 0.664711, 0, 2.5
side: 0, 0, 0
front only
front: 0.566499, 0, 2.5
back: 1.6995, 0, 7.5
front back
photon_ene: 661.6 photon_theta: 0.320794 photon_phi: 5.46285
traject_len: 5.12676
pe_len: 12.2599 cs_len: 6.3215
---
front: 0.782673, 1.5982, 2.5
side: 0, 0, 0
front only
else
else
front: 0, 0, 2.5
side: 0, 0, 0
front only
else
else
front: 0, 1.19104, 2.5
side: 0, 0, 0
front only
else
else
front: 0, 0.777684, 2.5
side: 0, 0, 0
front only
else
else
else
front: 0, 0, 2.5
side: 0, 0, 0
front only
else
else
else
else
else
else
else
front: 0, 0.988495, 2.5
side: 0, 0, 0
front only
else
else
else
else
else
front: 0.792019, 0.0221161, 2.5
back: 2.37606, 0.0663482, 7.5
front back
photon_ene: 661.6 photon_theta: 2.83468 photon_phi: 3.16951
traject_len: 5.24511
pe_len: 2.91908 cs_len: 5.99065
---
else
front: 0, 0, 2.5
back: 0, 0, 7.5
front back
photon_ene: 661.6 photon_theta: 2.83388 photon_phi: 0.443704
traject_len: 5
pe_len: 14.0352 cs_len: 9.3378
---
else
else
else
front: 0, 0, 2.5
side: 0, 0, 0
front only
front: 0, 0, 2.5
side: 0, 0, 0
front only
front: 0, 0, 2.5
side: 0, 0, 0
front only
else
else
else
else
else
else
else
else
else
else
else
front: 0.249411, 0, 2.5
side: 0, 0, 0
front only
else
else
else
front: 0, 1.77105, 2.5
side: 0, 0, 0
front only
front: 0, 1.47102, 2.5
side: 0, 0, 0
front only
front: 0.744426, 1.70289, 2.5
side: 0, 0, 0
front only
else
else
else
else
else
else
else
front: 0, 0, 2.5
side: 0, 0, 0
front only
else
else
front: 0.0731751, 0.827528, 2.5
back: 0.219525, 2.48258, 7.5
front back
photon_ene: 661.6 photon_theta: 2.82077 photon_phi: 4.62419
traject_len: 5.26884
pe_len: 13.9522 cs_len: 3.12177
---
else
front: 0.0797477, 1.9843, 2.5
side: 0, 0, 0
front only
front: 1.78117, 0.149482, 2.5
side: 0, 0, 0
front only
else
front: 0, 0, 2.5
back: 0, 0, 7.5
front back
photon_ene: 661.6 photon_theta: 2.97592 photon_phi: 0.149723
traject_len: 5
pe_len: 8.22446 cs_len: 11.7136
---
else
else
else
else
front: 1.90089, 0, 2.5
side: 0, 0, 0
front only
else
else
else
else
else
else
front: 0, 0, 2.5
side: 0, 0, 0
front only
front: 0, 0.58855, 2.5
side: 0, 0, 0
front only
front: 0, 0, 2.5
back: 0, 0, 7.5
front back
photon_ene: 661.6 photon_theta: 0.260023 photon_phi: 4.51948
traject_len: 5
pe_len: 20.6477 cs_len: 8.24938
---
front: 1.67358, 0, 2.5
side: 0, 0, 0
front only
front: 1.04603, 0, 2.5
side: 0, 0, 0
front only
front: 0.971503, 0, 2.5
side: 0, 0, 0
front only
else
else
else
else
else
front: 0, 0, 2.5
side: 0, 0, 0
front only
else
else
else
else
else
front: 0, 0, 2.5
back: 0, 0, 7.5
front back
photon_ene: 661.6 photon_theta: 0.311467 photon_phi: 3.40539
traject_len: 5
pe_len: 0.743638 cs_len: 0.229909
---
else
front: 0, 0, 2.5
side: 0, 0, 0
front only
else
else
else
else
front: 0, 0, 2.5
side: 0, 0, 0
front only
front: 0, 0.416521, 2.5
side: 0, 0, 0
front only
else
else
front: 0, 0, 2.5
side: 0, 0, 0
front only
else
else
else
front: 0, 0, 2.5
back: 0, 0, 7.5
front back
photon_ene: 661.6 photon_theta: 2.85585 photon_phi: 0.740711
traject_len: 5
pe_len: 2.57516 cs_len: 14.242
---
front: 2.08821, 0, 2.5
side: 0, 0, 0
front only
else
else
else
else
else
else
front: 1.70016, 0, 2.5
side: 0, 0, 0
front only
front: 0.492439, 0, 2.5
side: 0, 0, 0
front only
else
else
else
else
front: 0, 0, 2.5
side: 0, 0, 0
front only
else
else
else
else
else
else
else
front: 0, 0, 2.5
back: 0, 0, 7.5
front back
photon_ene: 661.6 photon_theta: 0.095534 photon_phi: 4.21675
traject_len: 5
pe_len: 32.2489 cs_len: 0.820229
---
else
else
else
else
else
front: 0, 1.0527, 2.5
side: 0, 0, 0
front only
else
else
front: 1.82378, 0.478581, 2.5
side: 0, 0, 0
front only
else
else
else
else
else
else
else
else
else
front: 0.307714, 0, 2.5
side: 0, 0, 0
front only
front: 0, 0.720508, 2.5
side: 0, 0, 0
front only
front: 0.910008, 0, 2.5
side: 0, 0, 0
front only
front: 2.15686, 1.14904, 2.5
side: 0, 0, 0
front only
else
else
else
else
front: 0, 1.34783, 2.5
side: 0, 0, 0
front only
else
else
else
else
else
else
else
else
else
else
else
front: 1.21296, 0, 2.5
side: 0, 0, 0
front only
else
else
else
else
front: 0, 0, 2.5
side: 0, 0, 0
front only
else
front: 0.0907508, 1.95849, 2.5
side: 0, 0, 0
front only
front: 0.62588, 0, 2.5
back: 1.87764, 0, 7.5
front back
photon_ene: 661.6 photon_theta: 2.88204 photon_phi: 2.80175
traject_len: 5.15431
pe_len: 9.55412 cs_len: 2.41848
---
else
else
else
front: 1.60927, 1.67296, 2.5
side: 0, 0, 0
front only
else
